{
 "root": {
  "program": {
   "configuration": {
    "": "/root/compiler/tests/programs/p2.dl",
    "fact-dir": "/root/compiler/fixtures/p2-scale-250",
    "include-dir": ".",
    "jobs": "1",
    "libraries": "functors",
    "library-dir": ".",
    "magic-transform": "*",
    "output-dir": "/root/compiler/measurements/night01-t6/n250-souffle",
    "profile": "prof.log",
    "relationCount": "4",
    "ruleCount": "7",
    "version": "2.5",
    "warn": "all",
    "wno": "none"
   },
   "relation": {
    "@magic.unreach.{bf}": {
     "maxRSS": {
      "post": 11836,
      "pre": 11708
     },
     "non-recursive-rule": {
      "@magic.unreach.{bf}(1).": {
       "maxRSS": {
        "post": 11836,
        "pre": 11708
       },
       "num-tuples": 1,
       "runtime": { "start": 23490265320, "end": 23490265325},
       "source-locator": " [1:1-1:1]"
      }
     },
     "num-tuples": 1,
     "runtime": { "start": 23490265314, "end": 23490265334},
     "source-locator": " [1:1-1:1]"
    },
    "@neglabel.reach": {
     "iteration": {
      "0": {
       "copytime": { "start": 23490265870, "end": 23490265945},
       "maxRSS": {
        "post": 12484,
        "pre": 12356
       },
       "num-tuples": 1012,
       "recursive-rule": {
        "@neglabel.reach(x,y) :- \n   @neglabel.reach(x,z),\n   edge(z,y).": {
         "0": {
          "atom-frequency": {
           "@new_@neglabel.reach(x,y) :- \n   @delta_@neglabel.reach(x,z),\n   edge(z,y).": {
            "@delta_@neglabel.reach": {
             "level": 0,
             "num-tuples": 0
            },
            "edge": {
             "level": 1,
             "num-tuples": 0
            }
           }
          },
          "maxRSS": {
           "post": 12484,
           "pre": 12356
          },
          "num-tuples": 1012,
          "runtime": { "start": 23490265667, "end": 23490265840},
          "source-locator": " [1:1-1:1]"
         }
        }
       },
       "runtime": { "start": 23490265656, "end": 23490265849}
      },
      "1": {
       "copytime": { "start": 23490266326, "end": 23490266501},
       "maxRSS": {
        "post": 12484,
        "pre": 12484
       },
       "num-tuples": 1843,
       "recursive-rule": {
        "@neglabel.reach(x,y) :- \n   @neglabel.reach(x,z),\n   edge(z,y).": {
         "0": {
          "maxRSS": {
           "post": 12484,
           "pre": 12484
          },
          "num-tuples": 1843,
          "runtime": { "start": 23490265958, "end": 23490266293},
          "source-locator": " [1:1-1:1]"
         }
        }
       },
       "runtime": { "start": 23490265950, "end": 23490266304}
      },
      "10": {
       "copytime": { "start": 23490284381, "end": 23490284626},
       "maxRSS": {
        "post": 13636,
        "pre": 13636
       },
       "num-tuples": 2002,
       "recursive-rule": {
        "@neglabel.reach(x,y) :- \n   @neglabel.reach(x,z),\n   edge(z,y).": {
         "0": {
          "maxRSS": {
           "post": 13636,
           "pre": 13636
          },
          "num-tuples": 2002,
          "runtime": { "start": 23490283485, "end": 23490284349},
          "source-locator": " [1:1-1:1]"
         }
        }
       },
       "runtime": { "start": 23490283473, "end": 23490284360}
      },
      "11": {
       "copytime": { "start": 23490285331, "end": 23490285505},
       "maxRSS": {
        "post": 13636,
        "pre": 13636
       },
       "num-tuples": 1511,
       "recursive-rule": {
        "@neglabel.reach(x,y) :- \n   @neglabel.reach(x,z),\n   edge(z,y).": {
         "0": {
          "maxRSS": {
           "post": 13636,
           "pre": 13636
          },
          "num-tuples": 1511,
          "runtime": { "start": 23490284641, "end": 23490285297},
          "source-locator": " [1:1-1:1]"
         }
        }
       },
       "runtime": { "start": 23490284630, "end": 23490285307}
      },
      "12": {
       "copytime": { "start": 23490286050, "end": 23490286187},
       "maxRSS": {
        "post": 13636,
        "pre": 13636
       },
       "num-tuples": 1138,
       "recursive-rule": {
        "@neglabel.reach(x,y) :- \n   @neglabel.reach(x,z),\n   edge(z,y).": {
         "0": {
          "maxRSS": {
           "post": 13636,
           "pre": 13636
          },
          "num-tuples": 1138,
          "runtime": { "start": 23490285520, "end": 23490286017},
          "source-locator": " [1:1-1:1]"
         }
        }
       },
       "runtime": { "start": 23490285509, "end": 23490286027}
      },
      "13": {
       "copytime": { "start": 23490286606, "end": 23490286707},
       "maxRSS": {
        "post": 13636,
        "pre": 13636
       },
       "num-tuples": 818,
       "recursive-rule": {
        "@neglabel.reach(x,y) :- \n   @neglabel.reach(x,z),\n   edge(z,y).": {
         "0": {
          "maxRSS": {
           "post": 13636,
           "pre": 13636
          },
          "num-tuples": 818,
          "runtime": { "start": 23490286202, "end": 23490286574},
          "source-locator": " [1:1-1:1]"
         }
        }
       },
       "runtime": { "start": 23490286191, "end": 23490286583}
      },
      "14": {
       "copytime": { "start": 23490287034, "end": 23490287112},
       "maxRSS": {
        "post": 13636,
        "pre": 13636
       },
       "num-tuples": 551,
       "recursive-rule": {
        "@neglabel.reach(x,y) :- \n   @neglabel.reach(x,z),\n   edge(z,y).": {
         "0": {
          "maxRSS": {
           "post": 13636,
           "pre": 13636
          },
          "num-tuples": 551,
          "runtime": { "start": 23490286723, "end": 23490287001},
          "source-locator": " [1:1-1:1]"
         }
        }
       },
       "runtime": { "start": 23490286712, "end": 23490287011}
      },
      "15": {
       "copytime": { "start": 23490287349, "end": 23490287395},
       "maxRSS": {
        "post": 13636,
        "pre": 13636
       },
       "num-tuples": 339,
       "recursive-rule": {
        "@neglabel.reach(x,y) :- \n   @neglabel.reach(x,z),\n   edge(z,y).": {
         "0": {
          "maxRSS": {
           "post": 13636,
           "pre": 13636
          },
          "num-tuples": 339,
          "runtime": { "start": 23490287127, "end": 23490287317},
          "source-locator": " [1:1-1:1]"
         }
        }
       },
       "runtime": { "start": 23490287117, "end": 23490287328}
      },
      "16": {
       "copytime": { "start": 23490287554, "end": 23490287586},
       "maxRSS": {
        "post": 13636,
        "pre": 13636
       },
       "num-tuples": 220,
       "recursive-rule": {
        "@neglabel.reach(x,y) :- \n   @neglabel.reach(x,z),\n   edge(z,y).": {
         "0": {
          "maxRSS": {
           "post": 13636,
           "pre": 13636
          },
          "num-tuples": 220,
          "runtime": { "start": 23490287408, "end": 23490287523},
          "source-locator": " [1:1-1:1]"
         }
        }
       },
       "runtime": { "start": 23490287399, "end": 23490287533}
      },
      "17": {
       "copytime": { "start": 23490287691, "end": 23490287712},
       "maxRSS": {
        "post": 13636,
        "pre": 13636
       },
       "num-tuples": 129,
       "recursive-rule": {
        "@neglabel.reach(x,y) :- \n   @neglabel.reach(x,z),\n   edge(z,y).": {
         "0": {
          "maxRSS": {
           "post": 13636,
           "pre": 13636
          },
          "num-tuples": 129,
          "runtime": { "start": 23490287590, "end": 23490287665},
          "source-locator": " [1:1-1:1]"
         }
        }
       },
       "runtime": { "start": 23490287589, "end": 23490287673}
      },
      "18": {
       "copytime": { "start": 23490287786, "end": 23490287796},
       "maxRSS": {
        "post": 13636,
        "pre": 13636
       },
       "num-tuples": 69,
       "recursive-rule": {
        "@neglabel.reach(x,y) :- \n   @neglabel.reach(x,z),\n   edge(z,y).": {
         "0": {
          "maxRSS": {
           "post": 13636,
           "pre": 13636
          },
          "num-tuples": 69,
          "runtime": { "start": 23490287716, "end": 23490287760},
          "source-locator": " [1:1-1:1]"
         }
        }
       },
       "runtime": { "start": 23490287716, "end": 23490287768}
      },
      "19": {
       "copytime": { "start": 23490287838, "end": 23490287843},
       "maxRSS": {
        "post": 13636,
        "pre": 13636
       },
       "num-tuples": 38,
       "recursive-rule": {
        "@neglabel.reach(x,y) :- \n   @neglabel.reach(x,z),\n   edge(z,y).": {
         "0": {
          "maxRSS": {
           "post": 13636,
           "pre": 13636
          },
          "num-tuples": 38,
          "runtime": { "start": 23490287801, "end": 23490287824},
          "source-locator": " [1:1-1:1]"
         }
        }
       },
       "runtime": { "start": 23490287800, "end": 23490287831}
      },
      "2": {
       "copytime": { "start": 23490267187, "end": 23490267459},
       "maxRSS": {
        "post": 12612,
        "pre": 12484
       },
       "num-tuples": 3066,
       "recursive-rule": {
        "@neglabel.reach(x,y) :- \n   @neglabel.reach(x,z),\n   edge(z,y).": {
         "0": {
          "maxRSS": {
           "post": 12612,
           "pre": 12484
          },
          "num-tuples": 3066,
          "runtime": { "start": 23490266517, "end": 23490267154},
          "source-locator": " [1:1-1:1]"
         }
        }
       },
       "runtime": { "start": 23490266507, "end": 23490267163}
      },
      "20": {
       "copytime": { "start": 23490287892, "end": 23490287895},
       "maxRSS": {
        "post": 13636,
        "pre": 13636
       },
       "num-tuples": 17,
       "recursive-rule": {
        "@neglabel.reach(x,y) :- \n   @neglabel.reach(x,z),\n   edge(z,y).": {
         "0": {
          "maxRSS": {
           "post": 13636,
           "pre": 13636
          },
          "num-tuples": 17,
          "runtime": { "start": 23490287846, "end": 23490287862},
          "source-locator": " [1:1-1:1]"
         }
        }
       },
       "runtime": { "start": 23490287846, "end": 23490287873}
      },
      "21": {
       "copytime": { "start": 23490287920, "end": 23490287922},
       "maxRSS": {
        "post": 13636,
        "pre": 13636
       },
       "num-tuples": 11,
       "recursive-rule": {
        "@neglabel.reach(x,y) :- \n   @neglabel.reach(x,z),\n   edge(z,y).": {
         "0": {
          "maxRSS": {
           "post": 13636,
           "pre": 13636
          },
          "num-tuples": 11,
          "runtime": { "start": 23490287899, "end": 23490287905},
          "source-locator": " [1:1-1:1]"
         }
        }
       },
       "runtime": { "start": 23490287898, "end": 23490287913}
      },
      "22": {
       "copytime": { "start": 23490287941, "end": 23490287950},
       "maxRSS": {
        "post": 13636,
        "pre": 13636
       },
       "num-tuples": 6,
       "recursive-rule": {
        "@neglabel.reach(x,y) :- \n   @neglabel.reach(x,z),\n   edge(z,y).": {
         "0": {
          "maxRSS": {
           "post": 13636,
           "pre": 13636
          },
          "num-tuples": 6,
          "runtime": { "start": 23490287925, "end": 23490287929},
          "source-locator": " [1:1-1:1]"
         }
        }
       },
       "runtime": { "start": 23490287925, "end": 23490287934}
      },
      "23": {
       "copytime": { "start": 23490287974, "end": 23490287975},
       "maxRSS": {
        "post": 13636,
        "pre": 13636
       },
       "num-tuples": 3,
       "recursive-rule": {
        "@neglabel.reach(x,y) :- \n   @neglabel.reach(x,z),\n   edge(z,y).": {
         "0": {
          "maxRSS": {
           "post": 13636,
           "pre": 13636
          },
          "num-tuples": 3,
          "runtime": { "start": 23490287956, "end": 23490287959},
          "source-locator": " [1:1-1:1]"
         }
        }
       },
       "runtime": { "start": 23490287955, "end": 23490287966}
      },
      "24": {
       "copytime": { "start": 23490288055, "end": 23490288057},
       "maxRSS": {
        "post": 13764,
        "pre": 13636
       },
       "num-tuples": 1,
       "recursive-rule": {
        "@neglabel.reach(x,y) :- \n   @neglabel.reach(x,z),\n   edge(z,y).": {
         "0": {
          "maxRSS": {
           "post": 13636,
           "pre": 13636
          },
          "num-tuples": 1,
          "runtime": { "start": 23490287987, "end": 23490287989},
          "source-locator": " [1:1-1:1]"
         }
        }
       },
       "runtime": { "start": 23490287977, "end": 23490287999}
      },
      "25": {
       "maxRSS": {
        "post": 13764,
        "pre": 13764
       },
       "num-tuples": 0,
       "recursive-rule": {
        "@neglabel.reach(x,y) :- \n   @neglabel.reach(x,z),\n   edge(z,y).": {
         "0": {
          "maxRSS": {
           "post": 13764,
           "pre": 13764
          },
          "num-tuples": 0,
          "runtime": { "start": 23490288071, "end": 23490288073},
          "source-locator": " [1:1-1:1]"
         }
        }
       },
       "runtime": { "start": 23490288062, "end": 23490288082}
      },
      "3": {
       "copytime": { "start": 23490268629, "end": 23490269022},
       "maxRSS": {
        "post": 12740,
        "pre": 12612
       },
       "num-tuples": 4465,
       "recursive-rule": {
        "@neglabel.reach(x,y) :- \n   @neglabel.reach(x,z),\n   edge(z,y).": {
         "0": {
          "maxRSS": {
           "post": 12740,
           "pre": 12612
          },
          "num-tuples": 4465,
          "runtime": { "start": 23490267474, "end": 23490268595},
          "source-locator": " [1:1-1:1]"
         }
        }
       },
       "runtime": { "start": 23490267464, "end": 23490268608}
      },
      "4": {
       "copytime": { "start": 23490270675, "end": 23490271213},
       "maxRSS": {
        "post": 12868,
        "pre": 12868
       },
       "num-tuples": 5486,
       "recursive-rule": {
        "@neglabel.reach(x,y) :- \n   @neglabel.reach(x,z),\n   edge(z,y).": {
         "0": {
          "maxRSS": {
           "post": 12868,
           "pre": 12868
          },
          "num-tuples": 5486,
          "runtime": { "start": 23490269038, "end": 23490270641},
          "source-locator": " [1:1-1:1]"
         }
        }
       },
       "runtime": { "start": 23490269028, "end": 23490270652}
      },
      "5": {
       "copytime": { "start": 23490273193, "end": 23490273933},
       "maxRSS": {
        "post": 13124,
        "pre": 13124
       },
       "num-tuples": 5793,
       "recursive-rule": {
        "@neglabel.reach(x,y) :- \n   @neglabel.reach(x,z),\n   edge(z,y).": {
         "0": {
          "maxRSS": {
           "post": 13124,
           "pre": 13124
          },
          "num-tuples": 5793,
          "runtime": { "start": 23490271230, "end": 23490273161},
          "source-locator": " [1:1-1:1]"
         }
        }
       },
       "runtime": { "start": 23490271220, "end": 23490273172}
      },
      "6": {
       "copytime": { "start": 23490276057, "end": 23490276796},
       "maxRSS": {
        "post": 13252,
        "pre": 13252
       },
       "num-tuples": 5318,
       "recursive-rule": {
        "@neglabel.reach(x,y) :- \n   @neglabel.reach(x,z),\n   edge(z,y).": {
         "0": {
          "maxRSS": {
           "post": 13252,
           "pre": 13252
          },
          "num-tuples": 5318,
          "runtime": { "start": 23490273965, "end": 23490275988},
          "source-locator": " [1:1-1:1]"
         }
        }
       },
       "runtime": { "start": 23490273943, "end": 23490276000}
      },
      "7": {
       "copytime": { "start": 23490278830, "end": 23490279338},
       "maxRSS": {
        "post": 13380,
        "pre": 13380
       },
       "num-tuples": 4364,
       "recursive-rule": {
        "@neglabel.reach(x,y) :- \n   @neglabel.reach(x,z),\n   edge(z,y).": {
         "0": {
          "maxRSS": {
           "post": 13380,
           "pre": 13380
          },
          "num-tuples": 4364,
          "runtime": { "start": 23490276833, "end": 23490278790},
          "source-locator": " [1:1-1:1]"
         }
        }
       },
       "runtime": { "start": 23490276806, "end": 23490278802}
      },
      "8": {
       "copytime": { "start": 23490281025, "end": 23490281588},
       "maxRSS": {
        "post": 13508,
        "pre": 13508
       },
       "num-tuples": 3408,
       "recursive-rule": {
        "@neglabel.reach(x,y) :- \n   @neglabel.reach(x,z),\n   edge(z,y).": {
         "0": {
          "maxRSS": {
           "post": 13508,
           "pre": 13508
          },
          "num-tuples": 3408,
          "runtime": { "start": 23490279358, "end": 23490280968},
          "source-locator": " [1:1-1:1]"
         }
        }
       },
       "runtime": { "start": 23490279344, "end": 23490280987}
      },
      "9": {
       "copytime": { "start": 23490283081, "end": 23490283467},
       "maxRSS": {
        "post": 13508,
        "pre": 13508
       },
       "num-tuples": 2634,
       "recursive-rule": {
        "@neglabel.reach(x,y) :- \n   @neglabel.reach(x,z),\n   edge(z,y).": {
         "0": {
          "maxRSS": {
           "post": 13508,
           "pre": 13508
          },
          "num-tuples": 2634,
          "runtime": { "start": 23490281617, "end": 23490283038},
          "source-locator": " [1:1-1:1]"
         }
        }
       },
       "runtime": { "start": 23490281597, "end": 23490283050}
      }
     },
     "maxRSS": {
      "post": 12356,
      "pre": 12356
     },
     "non-recursive-rule": {
      "@neglabel.reach(x,y) :- \n   edge(x,y).": {
       "atom-frequency": {
        "@neglabel.reach(x,y) :- \n   edge(x,y).": {
         "edge": {
          "level": 0,
          "num-tuples": 0
         }
        }
       },
       "maxRSS": {
        "post": 12356,
        "pre": 12356
       },
       "num-tuples": 500,
       "runtime": { "start": 23490265597, "end": 23490265623},
       "source-locator": " [1:1-1:1]"
      }
     },
     "num-tuples": 500,
     "runtime": { "start": 23490265587, "end": 23490265630},
     "source-locator": "/root/compiler/tests/programs/p2.dl [5:7-5:12]"
    },
    "edge": {
     "loadtime": { "start": 23490265339, "end": 23490265528},
     "num-tuples": 500,
     "reads": 0,
     "source-locator": "/root/compiler/tests/programs/p2.dl [1:7-1:11]"
    },
    "node": {
     "loadtime": { "start": 23490265535, "end": 23490265581},
     "num-tuples": 250,
     "reads": 1,
     "source-locator": "/root/compiler/tests/programs/p2.dl [3:7-3:11]"
    },
    "q2": {
     "maxRSS": {
      "post": 13764,
      "pre": 13764
     },
     "non-recursive-rule": {
      "q2(y) :- \n   unreach.{bf}(@abdul0,y),\n   @abdul0 = 1.": {
       "atom-frequency": {
        "q2(y) :- \n   unreach.{bf}(@abdul0,y),\n   @abdul0 = 1.": {
         "unreach.{bf}": {
          "level": 0,
          "num-tuples": 0
         }
        }
       },
       "maxRSS": {
        "post": 13764,
        "pre": 13764
       },
       "num-tuples": 34,
       "runtime": { "start": 23490288222, "end": 23490288227},
       "source-locator": " [1:1-1:1]"
      }
     },
     "num-tuples": 34,
     "reads": 0,
     "runtime": { "start": 23490288211, "end": 23490288236},
     "savetime": { "start": 23490288241, "end": 23490288368},
     "source-locator": "/root/compiler/tests/programs/p2.dl [10:7-10:9]"
    },
    "unreach.{bf}": {
     "maxRSS": {
      "post": 13764,
      "pre": 13764
     },
     "non-recursive-rule": {
      "unreach.{bf}(x,y) :- \n   @magic.unreach.{bf}(x),\n   node(x),\n   node(y),\n   !@neglabel.reach(x,y).": {
       "atom-frequency": {
        "unreach.{bf}(x,y) :- \n   @magic.unreach.{bf}(x),\n   node(x),\n   node(y),\n   !@neglabel.reach(x,y).": {
         "@magic.unreach.{bf}": {
          "level": 0,
          "num-tuples": 0
         },
         "node": {
          "level": 2,
          "num-tuples": 0
         }
        }
       },
       "maxRSS": {
        "post": 13764,
        "pre": 13764
       },
       "num-tuples": 34,
       "runtime": { "start": 23490288094, "end": 23490288108},
       "source-locator": " [1:1-1:1]"
      }
     },
     "num-tuples": 34,
     "reads": 0,
     "runtime": { "start": 23490288093, "end": 23490288115},
     "source-locator": " [1:1-1:1]"
    }
   },
   "runtime": { "start": 23490265308, "end": 23490288372},
   "starttime": { "time": 23490265273},
   "usage": {
    "timepoint": {
     "23490265291": {
      "maxRSS": 11452,
      "systemtime": 1555,
      "usertime": 1555
     },
     "23490265314": {
      "maxRSS": 11580,
      "systemtime": 2208,
      "usertime": 2208
     },
     "23490265323": {
      "maxRSS": 11708,
      "systemtime": 2216,
      "usertime": 2216
     },
     "23490265354": {
      "maxRSS": 11836,
      "systemtime": 2228,
      "usertime": 2228
     },
     "23490265553": {
      "maxRSS": 12356,
      "systemtime": 2330,
      "usertime": 2330
     },
     "23490265603": {
      "maxRSS": 12356,
      "systemtime": 2365,
      "usertime": 2365
     },
     "23490265675": {
      "maxRSS": 12484,
      "systemtime": 2403,
      "usertime": 2403
     },
     "23490265879": {
      "maxRSS": 12484,
      "systemtime": 2512,
      "usertime": 2512
     },
     "23490265975": {
      "maxRSS": 12484,
      "systemtime": 2564,
      "usertime": 2564
     },
     "23490266362": {
      "maxRSS": 12484,
      "systemtime": 2756,
      "usertime": 2756
     },
     "23490266537": {
      "maxRSS": 12484,
      "systemtime": 2858,
      "usertime": 2858
     },
     "23490267286": {
      "maxRSS": 12612,
      "systemtime": 3204,
      "usertime": 3204
     },
     "23490267496": {
      "maxRSS": 12612,
      "systemtime": 3356,
      "usertime": 3356
     },
     "23490268669": {
      "maxRSS": 12740,
      "systemtime": 3356,
      "usertime": 4538
     },
     "23490269097": {
      "maxRSS": 12868,
      "systemtime": 3356,
      "usertime": 4967
     },
     "23490270266": {
      "maxRSS": 12868,
      "systemtime": 3356,
      "usertime": 4984
     },
     "23490270767": {
      "maxRSS": 12996,
      "systemtime": 3356,
      "usertime": 6638
     },
     "23490271368": {
      "maxRSS": 13124,
      "systemtime": 3526,
      "usertime": 7052
     },
     "23490272517": {
      "maxRSS": 13124,
      "systemtime": 3526,
      "usertime": 7844
     },
     "23490273292": {
      "maxRSS": 13124,
      "systemtime": 3526,
      "usertime": 9052
     },
     "23490274022": {
      "maxRSS": 13252,
      "systemtime": 3526,
      "usertime": 9844
     },
     "23490275201": {
      "maxRSS": 13252,
      "systemtime": 3526,
      "usertime": 9860
     },
     "23490276087": {
      "maxRSS": 13252,
      "systemtime": 3898,
      "usertime": 11631
     },
     "23490276931": {
      "maxRSS": 13380,
      "systemtime": 4702,
      "usertime": 11631
     },
     "23490278069": {
      "maxRSS": 13380,
      "systemtime": 4727,
      "usertime": 11631
     },
     "23490278866": {
      "maxRSS": 13380,
      "systemtime": 6125,
      "usertime": 12250
     },
     "23490279399": {
      "maxRSS": 13508,
      "systemtime": 6308,
      "usertime": 12617
     },
     "23490280502": {
      "maxRSS": 13508,
      "systemtime": 6308,
      "usertime": 13285
     },
     "23490281056": {
      "maxRSS": 13508,
      "systemtime": 6308,
      "usertime": 14314
     },
     "23490281621": {
      "maxRSS": 13508,
      "systemtime": 6308,
      "usertime": 14913
     },
     "23490282759": {
      "maxRSS": 13508,
      "systemtime": 6308,
      "usertime": 14928
     },
     "23490283204": {
      "maxRSS": 13508,
      "systemtime": 6491,
      "usertime": 16228
     },
     "23490283566": {
      "maxRSS": 13636,
      "systemtime": 6617,
      "usertime": 16544
     },
     "23490284383": {
      "maxRSS": 13636,
      "systemtime": 6617,
      "usertime": 17453
     },
     "23490284645": {
      "maxRSS": 13636,
      "systemtime": 6617,
      "usertime": 17721
     },
     "23490285359": {
      "maxRSS": 13636,
      "systemtime": 6617,
      "usertime": 18427
     },
     "23490285524": {
      "maxRSS": 13636,
      "systemtime": 6617,
      "usertime": 18622
     },
     "23490286077": {
      "maxRSS": 13636,
      "systemtime": 6617,
      "usertime": 19168
     },
     "23490286206": {
      "maxRSS": 13636,
      "systemtime": 6617,
      "usertime": 19331
     },
     "23490286634": {
      "maxRSS": 13636,
      "systemtime": 6617,
      "usertime": 19752
     },
     "23490286727": {
      "maxRSS": 13636,
      "systemtime": 6623,
      "usertime": 19869
     },
     "23490287032": {
      "maxRSS": 13636,
      "systemtime": 6701,
      "usertime": 20103
     },
     "23490287131": {
      "maxRSS": 13636,
      "systemtime": 6727,
      "usertime": 20182
     },
     "23490287347": {
      "maxRSS": 13636,
      "systemtime": 6782,
      "usertime": 20348
     },
     "23490287460": {
      "maxRSS": 13636,
      "systemtime": 6804,
      "usertime": 20414
     },
     "23490287603": {
      "maxRSS": 13636,
      "systemtime": 6860,
      "usertime": 20582
     },
     "23490287746": {
      "maxRSS": 13636,
      "systemtime": 6896,
      "usertime": 20688
     },
     "23490287860": {
      "maxRSS": 13636,
      "systemtime": 6932,
      "usertime": 20796
     },
     "23490287933": {
      "maxRSS": 13636,
      "systemtime": 6957,
      "usertime": 20871
     },
     "23490287970": {
      "maxRSS": 13636,
      "systemtime": 6967,
      "usertime": 20903
     },
     "23490287992": {
      "maxRSS": 13636,
      "systemtime": 6974,
      "usertime": 20922
     },
     "23490288053": {
      "maxRSS": 13764,
      "systemtime": 6976,
      "usertime": 21012
     },
     "23490288088": {
      "maxRSS": 13764,
      "systemtime": 6976,
      "usertime": 21062
     },
     "23490288094": {
      "maxRSS": 13764,
      "systemtime": 6976,
      "usertime": 21074
     },
     "23490288291": {
      "maxRSS": 13764,
      "systemtime": 6976,
      "usertime": 21234
     }
    }
   }
  }
 }
}
