{
 "root": {
  "program": {
   "configuration": {
    "": "/root/compiler/tests/corpus/CONE_CORPUS/cc_sibling_emptycone.dl",
    "fact-dir": "/root/compiler/fixtures/cone_corpus/cc_sibling_emptycone/n20",
    "include-dir": ".",
    "jobs": "1",
    "libraries": "functors",
    "library-dir": ".",
    "magic-transform": "*",
    "output-dir": "/root/compiler/measurements/night04-b-cone/cc_sibling_emptycone/n20/souffle",
    "profile": "prof.log",
    "relationCount": "9",
    "ruleCount": "26",
    "version": "2.5",
    "warn": "all",
    "wno": "none"
   },
   "relation": {
    "@magic.@poscopy_1.q.{ff}": {
     "maxRSS": {
      "post": 14164,
      "pre": 14164
     },
     "non-recursive-rule": {
      "@magic.@poscopy_1.q.{ff}().": {
       "maxRSS": {
        "post": 14164,
        "pre": 14164
       },
       "num-tuples": 1,
       "runtime": { "start": 21905337119, "end": 21905337122},
       "source-locator": " [1:1-1:1]"
      }
     },
     "num-tuples": 1,
     "runtime": { "start": 21905337116, "end": 21905337131},
     "source-locator": " [1:1-1:1]"
    },
    "@magic.p.{bf}": {
     "maxRSS": {
      "post": 14164,
      "pre": 14164
     },
     "non-recursive-rule": {
      "@magic.p.{bf}(1).": {
       "maxRSS": {
        "post": 14164,
        "pre": 14164
       },
       "num-tuples": 1,
       "runtime": { "start": 21905337138, "end": 21905337141},
       "source-locator": " [1:1-1:1]"
      }
     },
     "num-tuples": 1,
     "runtime": { "start": 21905337138, "end": 21905337146},
     "source-locator": " [1:1-1:1]"
    },
    "@magic.q.{bf}": {
     "iteration": {
      "0": {
       "copytime": { "start": 21905337916, "end": 21905337919},
       "maxRSS": {
        "post": 14164,
        "pre": 14164
       },
       "num-tuples": 1,
       "recursive-rule": {
        "@magic.q.{bf}(z) :- \n   @magic.p.{bf}(x),\n   p.{bf}(x,z).": {
         "0": {
          "atom-frequency": {
           "@new_@magic.q.{bf}(z) :- \n   @magic.p.{bf}(x),\n   @delta_p.{bf}(x,z).": {
            "@delta_p.{bf}": {
             "level": 1,
             "num-tuples": 0
            },
            "@magic.p.{bf}": {
             "level": 0,
             "num-tuples": 0
            }
           }
          },
          "maxRSS": {
           "post": 14164,
           "pre": 14164
          },
          "num-tuples": 1,
          "runtime": { "start": 21905337865, "end": 21905337866},
          "source-locator": " [1:1-1:1]"
         }
        }
       },
       "runtime": { "start": 21905337864, "end": 21905337873}
      },
      "1": {
       "copytime": { "start": 21905338017, "end": 21905338018},
       "maxRSS": {
        "post": 14164,
        "pre": 14164
       },
       "num-tuples": 0,
       "recursive-rule": {
        "@magic.q.{bf}(z) :- \n   @magic.p.{bf}(x),\n   p.{bf}(x,z).": {
         "0": {
          "maxRSS": {
           "post": 14164,
           "pre": 14164
          },
          "num-tuples": 0,
          "runtime": { "start": 21905337929, "end": 21905337930},
          "source-locator": " [1:1-1:1]"
         }
        }
       },
       "runtime": { "start": 21905337929, "end": 21905337934}
      },
      "2": {
       "copytime": { "start": 21905338091, "end": 21905338092},
       "maxRSS": {
        "post": 14164,
        "pre": 14164
       },
       "num-tuples": 0,
       "recursive-rule": {
        "@magic.q.{bf}(z) :- \n   @magic.p.{bf}(x),\n   p.{bf}(x,z).": {
         "0": {
          "maxRSS": {
           "post": 14164,
           "pre": 14164
          },
          "num-tuples": 0,
          "runtime": { "start": 21905338026, "end": 21905338027},
          "source-locator": " [1:1-1:1]"
         }
        }
       },
       "runtime": { "start": 21905338026, "end": 21905338032}
      },
      "3": {
       "copytime": { "start": 21905338172, "end": 21905338172},
       "maxRSS": {
        "post": 14164,
        "pre": 14164
       },
       "num-tuples": 0,
       "recursive-rule": {
        "@magic.q.{bf}(z) :- \n   @magic.p.{bf}(x),\n   p.{bf}(x,z).": {
         "0": {
          "maxRSS": {
           "post": 14164,
           "pre": 14164
          },
          "num-tuples": 0,
          "runtime": { "start": 21905338099, "end": 21905338100},
          "source-locator": " [1:1-1:1]"
         }
        }
       },
       "runtime": { "start": 21905338099, "end": 21905338104}
      },
      "4": {
       "copytime": { "start": 21905338278, "end": 21905338287},
       "maxRSS": {
        "post": 14164,
        "pre": 14164
       },
       "num-tuples": 0,
       "recursive-rule": {
        "@magic.q.{bf}(z) :- \n   @magic.p.{bf}(x),\n   p.{bf}(x,z).": {
         "0": {
          "maxRSS": {
           "post": 14164,
           "pre": 14164
          },
          "num-tuples": 0,
          "runtime": { "start": 21905338182, "end": 21905338182},
          "source-locator": " [1:1-1:1]"
         }
        }
       },
       "runtime": { "start": 21905338181, "end": 21905338188}
      },
      "5": {
       "copytime": { "start": 21905338415, "end": 21905338425},
       "maxRSS": {
        "post": 14164,
        "pre": 14164
       },
       "num-tuples": 0,
       "recursive-rule": {
        "@magic.q.{bf}(z) :- \n   @magic.p.{bf}(x),\n   p.{bf}(x,z).": {
         "0": {
          "maxRSS": {
           "post": 14164,
           "pre": 14164
          },
          "num-tuples": 0,
          "runtime": { "start": 21905338308, "end": 21905338308},
          "source-locator": " [1:1-1:1]"
         }
        }
       },
       "runtime": { "start": 21905338298, "end": 21905338316}
      },
      "6": {
       "maxRSS": {
        "post": 14164,
        "pre": 14164
       },
       "num-tuples": 0,
       "recursive-rule": {
        "@magic.q.{bf}(z) :- \n   @magic.p.{bf}(x),\n   p.{bf}(x,z).": {
         "0": {
          "maxRSS": {
           "post": 14164,
           "pre": 14164
          },
          "num-tuples": 0,
          "runtime": { "start": 21905338446, "end": 21905338447},
          "source-locator": " [1:1-1:1]"
         }
        }
       },
       "runtime": { "start": 21905338436, "end": 21905338454}
      }
     },
     "num-tuples": 0,
     "source-locator": " [1:1-1:1]"
    },
    "@neglabel.s": {
     "maxRSS": {
      "post": 14164,
      "pre": 14164
     },
     "non-recursive-rule": {
      "@neglabel.s(x) :- \n   @poscopy_1.q.{ff}(x,y),\n   blocked(y).": {
       "atom-frequency": {
        "@neglabel.s(x) :- \n   @poscopy_1.q.{ff}(x,y),\n   blocked(y).": {
         "@poscopy_1.q.{ff}": {
          "level": 0,
          "num-tuples": 0
         }
        }
       },
       "maxRSS": {
        "post": 14164,
        "pre": 14164
       },
       "num-tuples": 12,
       "runtime": { "start": 21905337711, "end": 21905337718},
       "source-locator": " [1:1-1:1]"
      }
     },
     "num-tuples": 12,
     "runtime": { "start": 21905337711, "end": 21905337724},
     "source-locator": "/root/compiler/tests/corpus/CONE_CORPUS/cc_sibling_emptycone.dl [25:7-25:8]"
    },
    "@poscopy_1.q.{ff}": {
     "iteration": {
      "0": {
       "copytime": { "start": 21905337421, "end": 21905337427},
       "maxRSS": {
        "post": 14164,
        "pre": 14164
       },
       "num-tuples": 46,
       "recursive-rule": {
        "@poscopy_1.q.{ff}(x,y) :- \n   @magic.@poscopy_1.q.{ff}(),\n   @poscopy_1.q.{ff}(x,z),\n   base(z,y).": {
         "0": {
          "atom-frequency": {
           "@new_@poscopy_1.q.{ff}(x,y) :- \n   @magic.@poscopy_1.q.{ff}(),\n   @delta_@poscopy_1.q.{ff}(x,z),\n   base(z,y).": {
            "@delta_@poscopy_1.q.{ff}": {
             "level": 1,
             "num-tuples": 0
            },
            "base": {
             "level": 2,
             "num-tuples": 0
            }
           }
          },
          "maxRSS": {
           "post": 14164,
           "pre": 14164
          },
          "num-tuples": 46,
          "runtime": { "start": 21905337379, "end": 21905337394},
          "source-locator": " [1:1-1:1]"
         }
        }
       },
       "runtime": { "start": 21905337379, "end": 21905337402}
      },
      "1": {
       "copytime": { "start": 21905337459, "end": 21905337463},
       "maxRSS": {
        "post": 14164,
        "pre": 14164
       },
       "num-tuples": 51,
       "recursive-rule": {
        "@poscopy_1.q.{ff}(x,y) :- \n   @magic.@poscopy_1.q.{ff}(),\n   @poscopy_1.q.{ff}(x,z),\n   base(z,y).": {
         "0": {
          "maxRSS": {
           "post": 14164,
           "pre": 14164
          },
          "num-tuples": 51,
          "runtime": { "start": 21905337431, "end": 21905337444},
          "source-locator": " [1:1-1:1]"
         }
        }
       },
       "runtime": { "start": 21905337431, "end": 21905337451}
      },
      "2": {
       "copytime": { "start": 21905337489, "end": 21905337496},
       "maxRSS": {
        "post": 14164,
        "pre": 14164
       },
       "num-tuples": 44,
       "recursive-rule": {
        "@poscopy_1.q.{ff}(x,y) :- \n   @magic.@poscopy_1.q.{ff}(),\n   @poscopy_1.q.{ff}(x,z),\n   base(z,y).": {
         "0": {
          "maxRSS": {
           "post": 14164,
           "pre": 14164
          },
          "num-tuples": 44,
          "runtime": { "start": 21905337466, "end": 21905337477},
          "source-locator": " [1:1-1:1]"
         }
        }
       },
       "runtime": { "start": 21905337466, "end": 21905337482}
      },
      "3": {
       "copytime": { "start": 21905337541, "end": 21905337545},
       "maxRSS": {
        "post": 14164,
        "pre": 14164
       },
       "num-tuples": 21,
       "recursive-rule": {
        "@poscopy_1.q.{ff}(x,y) :- \n   @magic.@poscopy_1.q.{ff}(),\n   @poscopy_1.q.{ff}(x,z),\n   base(z,y).": {
         "0": {
          "maxRSS": {
           "post": 14164,
           "pre": 14164
          },
          "num-tuples": 21,
          "runtime": { "start": 21905337507, "end": 21905337515},
          "source-locator": " [1:1-1:1]"
         }
        }
       },
       "runtime": { "start": 21905337498, "end": 21905337523}
      },
      "4": {
       "copytime": { "start": 21905337566, "end": 21905337567},
       "maxRSS": {
        "post": 14164,
        "pre": 14164
       },
       "num-tuples": 6,
       "recursive-rule": {
        "@poscopy_1.q.{ff}(x,y) :- \n   @magic.@poscopy_1.q.{ff}(),\n   @poscopy_1.q.{ff}(x,z),\n   base(z,y).": {
         "0": {
          "maxRSS": {
           "post": 14164,
           "pre": 14164
          },
          "num-tuples": 6,
          "runtime": { "start": 21905337548, "end": 21905337553},
          "source-locator": " [1:1-1:1]"
         }
        }
       },
       "runtime": { "start": 21905337548, "end": 21905337559}
      },
      "5": {
       "copytime": { "start": 21905337581, "end": 21905337582},
       "maxRSS": {
        "post": 14164,
        "pre": 14164
       },
       "num-tuples": 1,
       "recursive-rule": {
        "@poscopy_1.q.{ff}(x,y) :- \n   @magic.@poscopy_1.q.{ff}(),\n   @poscopy_1.q.{ff}(x,z),\n   base(z,y).": {
         "0": {
          "maxRSS": {
           "post": 14164,
           "pre": 14164
          },
          "num-tuples": 1,
          "runtime": { "start": 21905337570, "end": 21905337571},
          "source-locator": " [1:1-1:1]"
         }
        }
       },
       "runtime": { "start": 21905337570, "end": 21905337576}
      },
      "6": {
       "maxRSS": {
        "post": 14164,
        "pre": 14164
       },
       "num-tuples": 0,
       "recursive-rule": {
        "@poscopy_1.q.{ff}(x,y) :- \n   @magic.@poscopy_1.q.{ff}(),\n   @poscopy_1.q.{ff}(x,z),\n   base(z,y).": {
         "0": {
          "maxRSS": {
           "post": 14164,
           "pre": 14164
          },
          "num-tuples": 0,
          "runtime": { "start": 21905337584, "end": 21905337585},
          "source-locator": " [1:1-1:1]"
         }
        }
       },
       "runtime": { "start": 21905337584, "end": 21905337589}
      }
     },
     "maxRSS": {
      "post": 14164,
      "pre": 14164
     },
     "non-recursive-rule": {
      "@poscopy_1.q.{ff}(x,y) :- \n   @magic.@poscopy_1.q.{ff}(),\n   base(x,y).": {
       "atom-frequency": {
        "@poscopy_1.q.{ff}(x,y) :- \n   @magic.@poscopy_1.q.{ff}(),\n   base(x,y).": {
         "base": {
          "level": 1,
          "num-tuples": 0
         }
        }
       },
       "maxRSS": {
        "post": 14164,
        "pre": 14164
       },
       "num-tuples": 30,
       "runtime": { "start": 21905337359, "end": 21905337363},
       "source-locator": " [1:1-1:1]"
      }
     },
     "num-tuples": 30,
     "runtime": { "start": 21905337349, "end": 21905337371},
     "source-locator": " [1:1-1:1]"
    },
    "base": {
     "loadtime": { "start": 21905337150, "end": 21905337252},
     "num-tuples": 30,
     "reads": 0,
     "source-locator": "/root/compiler/tests/corpus/CONE_CORPUS/cc_sibling_emptycone.dl [16:7-16:11]"
    },
    "blocked": {
     "loadtime": { "start": 21905337259, "end": 21905337299},
     "num-tuples": 2,
     "reads": 199,
     "source-locator": "/root/compiler/tests/corpus/CONE_CORPUS/cc_sibling_emptycone.dl [18:7-18:14]"
    },
    "e": {
     "loadtime": { "start": 21905337306, "end": 21905337324},
     "num-tuples": 31,
     "reads": 0,
     "source-locator": "/root/compiler/tests/corpus/CONE_CORPUS/cc_sibling_emptycone.dl [17:7-17:8]"
    },
    "out": {
     "maxRSS": {
      "post": 14164,
      "pre": 14164
     },
     "non-recursive-rule": {
      "out(y) :- \n   p.{bf}(@abdul0,y),\n   @abdul0 = 1.": {
       "atom-frequency": {
        "out(y) :- \n   p.{bf}(@abdul0,y),\n   @abdul0 = 1.": {
         "p.{bf}": {
          "level": 0,
          "num-tuples": 0
         }
        }
       },
       "maxRSS": {
        "post": 14164,
        "pre": 14164
       },
       "num-tuples": 1,
       "runtime": { "start": 21905338566, "end": 21905338567},
       "source-locator": " [1:1-1:1]"
      }
     },
     "num-tuples": 1,
     "reads": 0,
     "runtime": { "start": 21905338557, "end": 21905338575},
     "savetime": { "start": 21905338579, "end": 21905338617},
     "source-locator": "/root/compiler/tests/corpus/CONE_CORPUS/cc_sibling_emptycone.dl [32:7-32:10]"
    },
    "out2": {
     "maxRSS": {
      "post": 14164,
      "pre": 14164
     },
     "non-recursive-rule": {
      "out2(y) :- \n   tc.{bf}(@abdul0,y),\n   @abdul0 = 1.": {
       "atom-frequency": {
        "out2(y) :- \n   tc.{bf}(@abdul0,y),\n   @abdul0 = 1.": {
         "tc.{bf}": {
          "level": 0,
          "num-tuples": 0
         }
        }
       },
       "maxRSS": {
        "post": 14164,
        "pre": 14164
       },
       "num-tuples": 13,
       "runtime": { "start": 21905337729, "end": 21905337730},
       "source-locator": " [1:1-1:1]"
      }
     },
     "num-tuples": 13,
     "reads": 0,
     "runtime": { "start": 21905337729, "end": 21905337735},
     "savetime": { "start": 21905337738, "end": 21905337830},
     "source-locator": "/root/compiler/tests/corpus/CONE_CORPUS/cc_sibling_emptycone.dl [39:7-39:11]"
    },
    "p.{bf}": {
     "iteration": {
      "0": {
       "copytime": { "start": 21905337921, "end": 21905337922},
       "maxRSS": {
        "post": 14164,
        "pre": 14164
       },
       "num-tuples": 0,
       "recursive-rule": {
        "p.{bf}(x,y) :- \n   @magic.p.{bf}(x),\n   p.{bf}(x,z),\n   !@neglabel.s(z),\n   q.{bf}(z,y).": {
         "0": {
          "atom-frequency": {
           "@new_p.{bf}(x,y) :- \n   @magic.p.{bf}(x),\n   @delta_p.{bf}(x,z),\n   !@neglabel.s(z),\n   q.{bf}(z,y).": {
            "@delta_p.{bf}": {
             "level": 1,
             "num-tuples": 0
            },
            "@magic.p.{bf}": {
             "level": 0,
             "num-tuples": 0
            },
            "q.{bf}": {
             "level": 2,
             "num-tuples": 0
            }
           }
          },
          "maxRSS": {
           "post": 14164,
           "pre": 14164
          },
          "num-tuples": 0,
          "runtime": { "start": 21905337877, "end": 21905337877},
          "source-locator": " [1:1-1:1]"
         },
         "1": {
          "atom-frequency": {
           "@new_p.{bf}(x,y) :- \n   @magic.p.{bf}(x),\n   p.{bf}(x,z),\n   !@neglabel.s(z),\n   @delta_q.{bf}(z,y).": {
            "@delta_q.{bf}": {
             "level": 2,
             "num-tuples": 0
            },
            "@magic.p.{bf}": {
             "level": 0,
             "num-tuples": 0
            },
            "p.{bf}": {
             "level": 1,
             "num-tuples": 0
            }
           }
          },
          "maxRSS": {
           "post": 14164,
           "pre": 14164
          },
          "num-tuples": 0,
          "runtime": { "start": 21905337883, "end": 21905337883},
          "source-locator": " [1:1-1:1]"
         }
        }
       },
       "runtime": { "start": 21905337876, "end": 21905337887}
      },
      "1": {
       "copytime": { "start": 21905338020, "end": 21905338021},
       "maxRSS": {
        "post": 14164,
        "pre": 14164
       },
       "num-tuples": 0,
       "recursive-rule": {
        "p.{bf}(x,y) :- \n   @magic.p.{bf}(x),\n   p.{bf}(x,z),\n   !@neglabel.s(z),\n   q.{bf}(z,y).": {
         "0": {
          "maxRSS": {
           "post": 14164,
           "pre": 14164
          },
          "num-tuples": 0,
          "runtime": { "start": 21905337937, "end": 21905337938},
          "source-locator": " [1:1-1:1]"
         },
         "1": {
          "maxRSS": {
           "post": 14164,
           "pre": 14164
          },
          "num-tuples": 0,
          "runtime": { "start": 21905337942, "end": 21905337952},
          "source-locator": " [1:1-1:1]"
         }
        }
       },
       "runtime": { "start": 21905337937, "end": 21905337959}
      },
      "2": {
       "copytime": { "start": 21905338094, "end": 21905338094},
       "maxRSS": {
        "post": 14164,
        "pre": 14164
       },
       "num-tuples": 0,
       "recursive-rule": {
        "p.{bf}(x,y) :- \n   @magic.p.{bf}(x),\n   p.{bf}(x,z),\n   !@neglabel.s(z),\n   q.{bf}(z,y).": {
         "0": {
          "maxRSS": {
           "post": 14164,
           "pre": 14164
          },
          "num-tuples": 0,
          "runtime": { "start": 21905338044, "end": 21905338044},
          "source-locator": " [1:1-1:1]"
         },
         "1": {
          "maxRSS": {
           "post": 14164,
           "pre": 14164
          },
          "num-tuples": 0,
          "runtime": { "start": 21905338052, "end": 21905338053},
          "source-locator": " [1:1-1:1]"
         }
        }
       },
       "runtime": { "start": 21905338035, "end": 21905338058}
      },
      "3": {
       "copytime": { "start": 21905338175, "end": 21905338176},
       "maxRSS": {
        "post": 14164,
        "pre": 14164
       },
       "num-tuples": 0,
       "recursive-rule": {
        "p.{bf}(x,y) :- \n   @magic.p.{bf}(x),\n   p.{bf}(x,z),\n   !@neglabel.s(z),\n   q.{bf}(z,y).": {
         "0": {
          "maxRSS": {
           "post": 14164,
           "pre": 14164
          },
          "num-tuples": 0,
          "runtime": { "start": 21905338107, "end": 21905338108},
          "source-locator": " [1:1-1:1]"
         },
         "1": {
          "maxRSS": {
           "post": 14164,
           "pre": 14164
          },
          "num-tuples": 0,
          "runtime": { "start": 21905338113, "end": 21905338114},
          "source-locator": " [1:1-1:1]"
         }
        }
       },
       "runtime": { "start": 21905338107, "end": 21905338118}
      },
      "4": {
       "copytime": { "start": 21905338291, "end": 21905338292},
       "maxRSS": {
        "post": 14164,
        "pre": 14164
       },
       "num-tuples": 0,
       "recursive-rule": {
        "p.{bf}(x,y) :- \n   @magic.p.{bf}(x),\n   p.{bf}(x,z),\n   !@neglabel.s(z),\n   q.{bf}(z,y).": {
         "0": {
          "maxRSS": {
           "post": 14164,
           "pre": 14164
          },
          "num-tuples": 0,
          "runtime": { "start": 21905338200, "end": 21905338201},
          "source-locator": " [1:1-1:1]"
         },
         "1": {
          "maxRSS": {
           "post": 14164,
           "pre": 14164
          },
          "num-tuples": 0,
          "runtime": { "start": 21905338210, "end": 21905338213},
          "source-locator": " [1:1-1:1]"
         }
        }
       },
       "runtime": { "start": 21905338191, "end": 21905338218}
      },
      "5": {
       "copytime": { "start": 21905338429, "end": 21905338430},
       "maxRSS": {
        "post": 14164,
        "pre": 14164
       },
       "num-tuples": 0,
       "recursive-rule": {
        "p.{bf}(x,y) :- \n   @magic.p.{bf}(x),\n   p.{bf}(x,z),\n   !@neglabel.s(z),\n   q.{bf}(z,y).": {
         "0": {
          "maxRSS": {
           "post": 14164,
           "pre": 14164
          },
          "num-tuples": 0,
          "runtime": { "start": 21905338329, "end": 21905338330},
          "source-locator": " [1:1-1:1]"
         },
         "1": {
          "maxRSS": {
           "post": 14164,
           "pre": 14164
          },
          "num-tuples": 0,
          "runtime": { "start": 21905338338, "end": 21905338340},
          "source-locator": " [1:1-1:1]"
         }
        }
       },
       "runtime": { "start": 21905338319, "end": 21905338345}
      },
      "6": {
       "maxRSS": {
        "post": 14164,
        "pre": 14164
       },
       "num-tuples": 0,
       "recursive-rule": {
        "p.{bf}(x,y) :- \n   @magic.p.{bf}(x),\n   p.{bf}(x,z),\n   !@neglabel.s(z),\n   q.{bf}(z,y).": {
         "0": {
          "maxRSS": {
           "post": 14164,
           "pre": 14164
          },
          "num-tuples": 0,
          "runtime": { "start": 21905338468, "end": 21905338469},
          "source-locator": " [1:1-1:1]"
         },
         "1": {
          "maxRSS": {
           "post": 14164,
           "pre": 14164
          },
          "num-tuples": 0,
          "runtime": { "start": 21905338476, "end": 21905338477},
          "source-locator": " [1:1-1:1]"
         }
        }
       },
       "runtime": { "start": 21905338459, "end": 21905338482}
      }
     },
     "maxRSS": {
      "post": 14164,
      "pre": 14164
     },
     "non-recursive-rule": {
      "p.{bf}(x,y) :- \n   @magic.p.{bf}(x),\n   e(x,y).": {
       "atom-frequency": {
        "p.{bf}(x,y) :- \n   @magic.p.{bf}(x),\n   e(x,y).": {
         "@magic.p.{bf}": {
          "level": 0,
          "num-tuples": 0
         },
         "e": {
          "level": 1,
          "num-tuples": 0
         }
        }
       },
       "maxRSS": {
        "post": 14164,
        "pre": 14164
       },
       "num-tuples": 1,
       "runtime": { "start": 21905337848, "end": 21905337850},
       "source-locator": " [1:1-1:1]"
      }
     },
     "num-tuples": 1,
     "reads": 0,
     "runtime": { "start": 21905337838, "end": 21905337858},
     "source-locator": " [1:1-1:1]"
    },
    "q.{bf}": {
     "iteration": {
      "0": {
       "copytime": { "start": 21905337924, "end": 21905337927},
       "maxRSS": {
        "post": 14164,
        "pre": 14164
       },
       "num-tuples": 0,
       "recursive-rule": {
        "q.{bf}(x,y) :- \n   @magic.q.{bf}(x),\n   base(x,y).": {
         "0": {
          "atom-frequency": {
           "@new_q.{bf}(x,y) :- \n   @delta_@magic.q.{bf}(x),\n   base(x,y).": {
            "@delta_@magic.q.{bf}": {
             "level": 0,
             "num-tuples": 0
            },
            "base": {
             "level": 1,
             "num-tuples": 0
            }
           }
          },
          "maxRSS": {
           "post": 14164,
           "pre": 14164
          },
          "num-tuples": 0,
          "runtime": { "start": 21905337891, "end": 21905337891},
          "source-locator": " [1:1-1:1]"
         }
        },
        "q.{bf}(x,y) :- \n   @magic.q.{bf}(x),\n   q.{bf}(x,z),\n   base(z,y).": {
         "0": {
          "atom-frequency": {
           "@new_q.{bf}(x,y) :- \n   @delta_@magic.q.{bf}(x),\n   q.{bf}(x,z),\n   base(z,y).": {
            "@delta_@magic.q.{bf}": {
             "level": 0,
             "num-tuples": 0
            },
            "base": {
             "level": 2,
             "num-tuples": 0
            },
            "q.{bf}": {
             "level": 1,
             "num-tuples": 0
            }
           }
          },
          "maxRSS": {
           "post": 14164,
           "pre": 14164
          },
          "num-tuples": 0,
          "runtime": { "start": 21905337896, "end": 21905337896},
          "source-locator": " [1:1-1:1]"
         },
         "1": {
          "atom-frequency": {
           "@new_q.{bf}(x,y) :- \n   @magic.q.{bf}(x),\n   @delta_q.{bf}(x,z),\n   base(z,y).": {
            "@delta_q.{bf}": {
             "level": 1,
             "num-tuples": 0
            },
            "@magic.q.{bf}": {
             "level": 0,
             "num-tuples": 0
            },
            "base": {
             "level": 2,
             "num-tuples": 0
            }
           }
          },
          "maxRSS": {
           "post": 14164,
           "pre": 14164
          },
          "num-tuples": 0,
          "runtime": { "start": 21905337900, "end": 21905337901},
          "source-locator": " [1:1-1:1]"
         }
        }
       },
       "runtime": { "start": 21905337890, "end": 21905337905}
      },
      "1": {
       "copytime": { "start": 21905338023, "end": 21905338024},
       "maxRSS": {
        "post": 14164,
        "pre": 14164
       },
       "num-tuples": 1,
       "recursive-rule": {
        "q.{bf}(x,y) :- \n   @magic.q.{bf}(x),\n   base(x,y).": {
         "0": {
          "maxRSS": {
           "post": 14164,
           "pre": 14164
          },
          "num-tuples": 1,
          "runtime": { "start": 21905337963, "end": 21905337964},
          "source-locator": " [1:1-1:1]"
         }
        },
        "q.{bf}(x,y) :- \n   @magic.q.{bf}(x),\n   q.{bf}(x,z),\n   base(z,y).": {
         "0": {
          "maxRSS": {
           "post": 14164,
           "pre": 14164
          },
          "num-tuples": 0,
          "runtime": { "start": 21905337969, "end": 21905337970},
          "source-locator": " [1:1-1:1]"
         },
         "1": {
          "maxRSS": {
           "post": 14164,
           "pre": 14164
          },
          "num-tuples": 0,
          "runtime": { "start": 21905337975, "end": 21905337985},
          "source-locator": " [1:1-1:1]"
         }
        }
       },
       "runtime": { "start": 21905337962, "end": 21905337993}
      },
      "2": {
       "copytime": { "start": 21905338096, "end": 21905338097},
       "maxRSS": {
        "post": 14164,
        "pre": 14164
       },
       "num-tuples": 4,
       "recursive-rule": {
        "q.{bf}(x,y) :- \n   @magic.q.{bf}(x),\n   base(x,y).": {
         "0": {
          "maxRSS": {
           "post": 14164,
           "pre": 14164
          },
          "num-tuples": 0,
          "runtime": { "start": 21905338062, "end": 21905338063},
          "source-locator": " [1:1-1:1]"
         }
        },
        "q.{bf}(x,y) :- \n   @magic.q.{bf}(x),\n   q.{bf}(x,z),\n   base(z,y).": {
         "0": {
          "maxRSS": {
           "post": 14164,
           "pre": 14164
          },
          "num-tuples": 0,
          "runtime": { "start": 21905338068, "end": 21905338068},
          "source-locator": " [1:1-1:1]"
         },
         "1": {
          "maxRSS": {
           "post": 14164,
           "pre": 14164
          },
          "num-tuples": 4,
          "runtime": { "start": 21905338074, "end": 21905338076},
          "source-locator": " [1:1-1:1]"
         }
        }
       },
       "runtime": { "start": 21905338062, "end": 21905338080}
      },
      "3": {
       "copytime": { "start": 21905338178, "end": 21905338179},
       "maxRSS": {
        "post": 14164,
        "pre": 14164
       },
       "num-tuples": 6,
       "recursive-rule": {
        "q.{bf}(x,y) :- \n   @magic.q.{bf}(x),\n   base(x,y).": {
         "0": {
          "maxRSS": {
           "post": 14164,
           "pre": 14164
          },
          "num-tuples": 0,
          "runtime": { "start": 21905338120, "end": 21905338121},
          "source-locator": " [1:1-1:1]"
         }
        },
        "q.{bf}(x,y) :- \n   @magic.q.{bf}(x),\n   q.{bf}(x,z),\n   base(z,y).": {
         "0": {
          "maxRSS": {
           "post": 14164,
           "pre": 14164
          },
          "num-tuples": 0,
          "runtime": { "start": 21905338126, "end": 21905338127},
          "source-locator": " [1:1-1:1]"
         },
         "1": {
          "maxRSS": {
           "post": 14164,
           "pre": 14164
          },
          "num-tuples": 6,
          "runtime": { "start": 21905338130, "end": 21905338132},
          "source-locator": " [1:1-1:1]"
         }
        }
       },
       "runtime": { "start": 21905338120, "end": 21905338136}
      },
      "4": {
       "copytime": { "start": 21905338295, "end": 21905338296},
       "maxRSS": {
        "post": 14164,
        "pre": 14164
       },
       "num-tuples": 4,
       "recursive-rule": {
        "q.{bf}(x,y) :- \n   @magic.q.{bf}(x),\n   base(x,y).": {
         "0": {
          "maxRSS": {
           "post": 14164,
           "pre": 14164
          },
          "num-tuples": 0,
          "runtime": { "start": 21905338222, "end": 21905338222},
          "source-locator": " [1:1-1:1]"
         }
        },
        "q.{bf}(x,y) :- \n   @magic.q.{bf}(x),\n   q.{bf}(x,z),\n   base(z,y).": {
         "0": {
          "maxRSS": {
           "post": 14164,
           "pre": 14164
          },
          "num-tuples": 0,
          "runtime": { "start": 21905338228, "end": 21905338237},
          "source-locator": " [1:1-1:1]"
         },
         "1": {
          "maxRSS": {
           "post": 14164,
           "pre": 14164
          },
          "num-tuples": 4,
          "runtime": { "start": 21905338245, "end": 21905338247},
          "source-locator": " [1:1-1:1]"
         }
        }
       },
       "runtime": { "start": 21905338221, "end": 21905338254}
      },
      "5": {
       "copytime": { "start": 21905338433, "end": 21905338434},
       "maxRSS": {
        "post": 14164,
        "pre": 14164
       },
       "num-tuples": 1,
       "recursive-rule": {
        "q.{bf}(x,y) :- \n   @magic.q.{bf}(x),\n   base(x,y).": {
         "0": {
          "maxRSS": {
           "post": 14164,
           "pre": 14164
          },
          "num-tuples": 0,
          "runtime": { "start": 21905338358, "end": 21905338359},
          "source-locator": " [1:1-1:1]"
         }
        },
        "q.{bf}(x,y) :- \n   @magic.q.{bf}(x),\n   q.{bf}(x,z),\n   base(z,y).": {
         "0": {
          "maxRSS": {
           "post": 14164,
           "pre": 14164
          },
          "num-tuples": 0,
          "runtime": { "start": 21905338366, "end": 21905338367},
          "source-locator": " [1:1-1:1]"
         },
         "1": {
          "maxRSS": {
           "post": 14164,
           "pre": 14164
          },
          "num-tuples": 1,
          "runtime": { "start": 21905338372, "end": 21905338382},
          "source-locator": " [1:1-1:1]"
         }
        }
       },
       "runtime": { "start": 21905338349, "end": 21905338391}
      },
      "6": {
       "maxRSS": {
        "post": 14164,
        "pre": 14164
       },
       "num-tuples": 0,
       "recursive-rule": {
        "q.{bf}(x,y) :- \n   @magic.q.{bf}(x),\n   base(x,y).": {
         "0": {
          "maxRSS": {
           "post": 14164,
           "pre": 14164
          },
          "num-tuples": 0,
          "runtime": { "start": 21905338498, "end": 21905338499},
          "source-locator": " [1:1-1:1]"
         }
        },
        "q.{bf}(x,y) :- \n   @magic.q.{bf}(x),\n   q.{bf}(x,z),\n   base(z,y).": {
         "0": {
          "maxRSS": {
           "post": 14164,
           "pre": 14164
          },
          "num-tuples": 0,
          "runtime": { "start": 21905338506, "end": 21905338507},
          "source-locator": " [1:1-1:1]"
         },
         "1": {
          "maxRSS": {
           "post": 14164,
           "pre": 14164
          },
          "num-tuples": 0,
          "runtime": { "start": 21905338512, "end": 21905338523},
          "source-locator": " [1:1-1:1]"
         }
        }
       },
       "runtime": { "start": 21905338489, "end": 21905338531}
      }
     },
     "num-tuples": 0,
     "reads": 28,
     "source-locator": " [1:1-1:1]"
    },
    "sibling_edge": {
     "loadtime": { "start": 21905337329, "end": 21905337344},
     "num-tuples": 40,
     "reads": 0,
     "source-locator": "/root/compiler/tests/corpus/CONE_CORPUS/cc_sibling_emptycone.dl [19:7-19:19]"
    },
    "tc.{bf}": {
     "iteration": {
      "0": {
       "copytime": { "start": 21905337619, "end": 21905337620},
       "maxRSS": {
        "post": 14164,
        "pre": 14164
       },
       "num-tuples": 2,
       "recursive-rule": {
        "tc.{bf}(x,y) :- \n   @magic.p.{bf}(x),\n   tc.{bf}(x,z),\n   sibling_edge(z,y).": {
         "0": {
          "atom-frequency": {
           "@new_tc.{bf}(x,y) :- \n   @magic.p.{bf}(x),\n   @delta_tc.{bf}(x,z),\n   sibling_edge(z,y).": {
            "@delta_tc.{bf}": {
             "level": 1,
             "num-tuples": 0
            },
            "@magic.p.{bf}": {
             "level": 0,
             "num-tuples": 0
            },
            "sibling_edge": {
             "level": 2,
             "num-tuples": 0
            }
           }
          },
          "maxRSS": {
           "post": 14164,
           "pre": 14164
          },
          "num-tuples": 2,
          "runtime": { "start": 21905337606, "end": 21905337608},
          "source-locator": " [1:1-1:1]"
         }
        }
       },
       "runtime": { "start": 21905337606, "end": 21905337614}
      },
      "1": {
       "copytime": { "start": 21905337636, "end": 21905337637},
       "maxRSS": {
        "post": 14164,
        "pre": 14164
       },
       "num-tuples": 4,
       "recursive-rule": {
        "tc.{bf}(x,y) :- \n   @magic.p.{bf}(x),\n   tc.{bf}(x,z),\n   sibling_edge(z,y).": {
         "0": {
          "maxRSS": {
           "post": 14164,
           "pre": 14164
          },
          "num-tuples": 4,
          "runtime": { "start": 21905337623, "end": 21905337624},
          "source-locator": " [1:1-1:1]"
         }
        }
       },
       "runtime": { "start": 21905337622, "end": 21905337629}
      },
      "2": {
       "copytime": { "start": 21905337661, "end": 21905337662},
       "maxRSS": {
        "post": 14164,
        "pre": 14164
       },
       "num-tuples": 3,
       "recursive-rule": {
        "tc.{bf}(x,y) :- \n   @magic.p.{bf}(x),\n   tc.{bf}(x,z),\n   sibling_edge(z,y).": {
         "0": {
          "maxRSS": {
           "post": 14164,
           "pre": 14164
          },
          "num-tuples": 3,
          "runtime": { "start": 21905337639, "end": 21905337641},
          "source-locator": " [1:1-1:1]"
         }
        }
       },
       "runtime": { "start": 21905337639, "end": 21905337645}
      },
      "3": {
       "copytime": { "start": 21905337692, "end": 21905337693},
       "maxRSS": {
        "post": 14164,
        "pre": 14164
       },
       "num-tuples": 3,
       "recursive-rule": {
        "tc.{bf}(x,y) :- \n   @magic.p.{bf}(x),\n   tc.{bf}(x,z),\n   sibling_edge(z,y).": {
         "0": {
          "maxRSS": {
           "post": 14164,
           "pre": 14164
          },
          "num-tuples": 3,
          "runtime": { "start": 21905337666, "end": 21905337668},
          "source-locator": " [1:1-1:1]"
         }
        }
       },
       "runtime": { "start": 21905337665, "end": 21905337675}
      },
      "4": {
       "maxRSS": {
        "post": 14164,
        "pre": 14164
       },
       "num-tuples": 0,
       "recursive-rule": {
        "tc.{bf}(x,y) :- \n   @magic.p.{bf}(x),\n   tc.{bf}(x,z),\n   sibling_edge(z,y).": {
         "0": {
          "maxRSS": {
           "post": 14164,
           "pre": 14164
          },
          "num-tuples": 0,
          "runtime": { "start": 21905337696, "end": 21905337698},
          "source-locator": " [1:1-1:1]"
         }
        }
       },
       "runtime": { "start": 21905337696, "end": 21905337705}
      }
     },
     "maxRSS": {
      "post": 14164,
      "pre": 14164
     },
     "non-recursive-rule": {
      "tc.{bf}(x,y) :- \n   @magic.p.{bf}(x),\n   sibling_edge(x,y).": {
       "atom-frequency": {
        "tc.{bf}(x,y) :- \n   @magic.p.{bf}(x),\n   sibling_edge(x,y).": {
         "@magic.p.{bf}": {
          "level": 0,
          "num-tuples": 0
         },
         "sibling_edge": {
          "level": 1,
          "num-tuples": 0
         }
        }
       },
       "maxRSS": {
        "post": 14164,
        "pre": 14164
       },
       "num-tuples": 1,
       "runtime": { "start": 21905337596, "end": 21905337597},
       "source-locator": " [1:1-1:1]"
      }
     },
     "num-tuples": 1,
     "reads": 22,
     "runtime": { "start": 21905337595, "end": 21905337602},
     "source-locator": " [1:1-1:1]"
    }
   },
   "runtime": { "start": 21905337109, "end": 21905338621},
   "starttime": { "time": 21905337065},
   "usage": {
    "timepoint": {
     "21905337184": {
      "maxRSS": 14164,
      "systemtime": 0,
      "usertime": 6395
     },
     "21905337329": {
      "maxRSS": 14164,
      "systemtime": 0,
      "usertime": 6615
     },
     "21905337376": {
      "maxRSS": 14164,
      "systemtime": 0,
      "usertime": 6671
     },
     "21905337480": {
      "maxRSS": 14164,
      "systemtime": 0,
      "usertime": 6791
     },
     "21905337491": {
      "maxRSS": 14164,
      "systemtime": 0,
      "usertime": 6814
     },
     "21905337511": {
      "maxRSS": 14164,
      "systemtime": 0,
      "usertime": 6838
     },
     "21905337618": {
      "maxRSS": 14164,
      "systemtime": 0,
      "usertime": 6960
     },
     "21905337637": {
      "maxRSS": 14164,
      "systemtime": 0,
      "usertime": 6995
     },
     "21905337665": {
      "maxRSS": 14164,
      "systemtime": 0,
      "usertime": 7026
     },
     "21905337769": {
      "maxRSS": 14164,
      "systemtime": 0,
      "usertime": 7114
     },
     "21905337907": {
      "maxRSS": 14164,
      "systemtime": 0,
      "usertime": 7300
     },
     "21905337921": {
      "maxRSS": 14164,
      "systemtime": 0,
      "usertime": 7322
     },
     "21905337936": {
      "maxRSS": 14164,
      "systemtime": 0,
      "usertime": 7343
     },
     "21905337962": {
      "maxRSS": 14164,
      "systemtime": 0,
      "usertime": 7374
     },
     "21905337971": {
      "maxRSS": 14164,
      "systemtime": 0,
      "usertime": 7396
     },
     "21905337990": {
      "maxRSS": 14164,
      "systemtime": 0,
      "usertime": 7415
     },
     "21905338021": {
      "maxRSS": 14164,
      "systemtime": 0,
      "usertime": 7461
     },
     "21905338127": {
      "maxRSS": 14164,
      "systemtime": 0,
      "usertime": 7582
     },
     "21905338152": {
      "maxRSS": 14164,
      "systemtime": 0,
      "usertime": 7614
     },
     "21905338176": {
      "maxRSS": 14164,
      "systemtime": 0,
      "usertime": 7649
     },
     "21905338206": {
      "maxRSS": 14164,
      "systemtime": 0,
      "usertime": 7686
     },
     "21905338220": {
      "maxRSS": 14164,
      "systemtime": 0,
      "usertime": 7709
     },
     "21905338251": {
      "maxRSS": 14164,
      "systemtime": 0,
      "usertime": 7745
     },
     "21905338273": {
      "maxRSS": 14164,
      "systemtime": 0,
      "usertime": 7777
     },
     "21905338292": {
      "maxRSS": 14164,
      "systemtime": 0,
      "usertime": 7804
     },
     "21905338314": {
      "maxRSS": 14164,
      "systemtime": 0,
      "usertime": 7827
     },
     "21905338335": {
      "maxRSS": 14164,
      "systemtime": 0,
      "usertime": 7857
     },
     "21905338341": {
      "maxRSS": 14164,
      "systemtime": 0,
      "usertime": 7873
     },
     "21905338364": {
      "maxRSS": 14164,
      "systemtime": 0,
      "usertime": 7897
     },
     "21905338386": {
      "maxRSS": 14164,
      "systemtime": 0,
      "usertime": 7927
     },
     "21905338409": {
      "maxRSS": 14164,
      "systemtime": 0,
      "usertime": 7962
     },
     "21905338430": {
      "maxRSS": 14164,
      "systemtime": 0,
      "usertime": 7989
     },
     "21905338451": {
      "maxRSS": 14164,
      "systemtime": 0,
      "usertime": 8014
     },
     "21905338474": {
      "maxRSS": 14164,
      "systemtime": 0,
      "usertime": 8043
     },
     "21905338504": {
      "maxRSS": 14164,
      "systemtime": 0,
      "usertime": 8080
     },
     "21905338526": {
      "maxRSS": 14164,
      "systemtime": 0,
      "usertime": 8111
     },
     "21905338550": {
      "maxRSS": 14164,
      "systemtime": 0,
      "usertime": 8144
     },
     "21905338572": {
      "maxRSS": 14164,
      "systemtime": 0,
      "usertime": 8169
     },
     "21905338595": {
      "maxRSS": 14164,
      "systemtime": 0,
      "usertime": 8189
     }
    }
   }
  }
 }
}
