{
 "root": {
  "program": {
   "configuration": {
    "": "/root/compiler/tests/corpus/BENCHMARK_FAMILY/guarded/same_generation_negation_guarded.dl",
    "fact-dir": "/root/compiler/fixtures/benchmark-family/same_generation_negation/d4_b4",
    "include-dir": ".",
    "jobs": "1",
    "libraries": "functors",
    "library-dir": ".",
    "output-dir": "/root/compiler/measurements/m2-gate/same_generation_negation/vs_guarded/original",
    "profile": "prof.log",
    "relationCount": "6",
    "ruleCount": "10",
    "version": "2.5",
    "warn": "all",
    "wno": "none"
   },
   "relation": {
    "m_sg": {
     "iteration": {
      "0": {
       "maxRSS": {
        "post": 12392,
        "pre": 12264
       },
       "num-tuples": 0,
       "recursive-rule": {
        "m_sg(xp) :- \n   m_sg(x),\n   parent(x,xp).": {
         "0": {
          "atom-frequency": {
           "@new_m_sg(xp) :- \n   @delta_m_sg(x),\n   parent(x,xp).": {
            "@delta_m_sg": {
             "level": 0,
             "num-tuples": 0
            },
            "parent": {
             "level": 1,
             "num-tuples": 0
            }
           }
          },
          "maxRSS": {
           "post": 12392,
           "pre": 12264
          },
          "num-tuples": 0,
          "runtime": { "start": 4420740089, "end": 4420740095},
          "source-locator": "/root/compiler/tests/corpus/BENCHMARK_FAMILY/guarded/same_generation_negation_guarded.dl [29:1-29:35]"
         }
        }
       },
       "runtime": { "start": 4420740088, "end": 4420740103}
      }
     },
     "maxRSS": {
      "post": 12264,
      "pre": 12264
     },
     "non-recursive-rule": {
      "m_sg(0).": {
       "maxRSS": {
        "post": 12264,
        "pre": 12264
       },
       "num-tuples": 1,
       "runtime": { "start": 4420740070, "end": 4420740074},
       "source-locator": "/root/compiler/tests/corpus/BENCHMARK_FAMILY/guarded/same_generation_negation_guarded.dl [28:1-28:9]"
      }
     },
     "num-tuples": 1,
     "reads": 0,
     "runtime": { "start": 4420740060, "end": 4420740082},
     "source-locator": "/root/compiler/tests/corpus/BENCHMARK_FAMILY/guarded/same_generation_negation_guarded.dl [27:7-27:11]"
    },
    "notsg_bf": {
     "maxRSS": {
      "post": 12520,
      "pre": 12520
     },
     "non-recursive-rule": {
      "notsg_bf(x,y) :- \n   m_sg(x),\n   person(x),\n   person(y),\n   !sg_bf(x,y).": {
       "atom-frequency": {
        "notsg_bf(x,y) :- \n   m_sg(x),\n   person(x),\n   person(y),\n   !sg_bf(x,y).": {
         "m_sg": {
          "level": 0,
          "num-tuples": 0
         },
         "person": {
          "level": 2,
          "num-tuples": 0
         }
        }
       },
       "maxRSS": {
        "post": 12520,
        "pre": 12520
       },
       "num-tuples": 225,
       "runtime": { "start": 4420740169, "end": 4420740184},
       "source-locator": "/root/compiler/tests/corpus/BENCHMARK_FAMILY/guarded/same_generation_negation_guarded.dl [36:1-36:61]"
      }
     },
     "num-tuples": 225,
     "reads": 0,
     "runtime": { "start": 4420740168, "end": 4420740192},
     "source-locator": "/root/compiler/tests/corpus/BENCHMARK_FAMILY/guarded/same_generation_negation_guarded.dl [35:7-35:15]"
    },
    "parent": {
     "loadtime": { "start": 4420739875, "end": 4420739980},
     "num-tuples": 225,
     "reads": 0,
     "source-locator": "/root/compiler/tests/corpus/BENCHMARK_FAMILY/guarded/same_generation_negation_guarded.dl [22:7-22:13]"
    },
    "person": {
     "loadtime": { "start": 4420739988, "end": 4420740053},
     "num-tuples": 226,
     "reads": 2,
     "source-locator": "/root/compiler/tests/corpus/BENCHMARK_FAMILY/guarded/same_generation_negation_guarded.dl [24:7-24:13]"
    },
    "q_notsg": {
     "maxRSS": {
      "post": 12520,
      "pre": 12520
     },
     "non-recursive-rule": {
      "q_notsg(y) :- \n   notsg_bf(0,y).": {
       "atom-frequency": {
        "q_notsg(y) :- \n   notsg_bf(0,y).": {
         "notsg_bf": {
          "level": 0,
          "num-tuples": 0
         }
        }
       },
       "maxRSS": {
        "post": 12520,
        "pre": 12520
       },
       "num-tuples": 225,
       "runtime": { "start": 4420740205, "end": 4420740214},
       "source-locator": "/root/compiler/tests/corpus/BENCHMARK_FAMILY/guarded/same_generation_negation_guarded.dl [40:1-40:29]"
      }
     },
     "num-tuples": 225,
     "reads": 0,
     "runtime": { "start": 4420740197, "end": 4420740222},
     "savetime": { "start": 4420740225, "end": 4420740285},
     "source-locator": "/root/compiler/tests/corpus/BENCHMARK_FAMILY/guarded/same_generation_negation_guarded.dl [38:7-38:14]"
    },
    "sg_bf": {
     "iteration": {
      "0": {
       "maxRSS": {
        "post": 12520,
        "pre": 12520
       },
       "num-tuples": 0,
       "recursive-rule": {
        "sg_bf(x,y) :- \n   m_sg(x),\n   parent(x,xp),\n   parent(y,yp),\n   sg_bf(xp,yp),\n   x != y.": {
         "0": {
          "atom-frequency": {
           "@new_sg_bf(x,y) :- \n   m_sg(x),\n   parent(x,xp),\n   parent(y,yp),\n   @delta_sg_bf(xp,yp),\n   x != y.": {
            "m_sg": {
             "level": 0,
             "num-tuples": 0
            },
            "parent": {
             "level": 1,
             "num-tuples": 0
            }
           }
          },
          "maxRSS": {
           "post": 12520,
           "pre": 12520
          },
          "num-tuples": 0,
          "runtime": { "start": 4420740149, "end": 4420740150},
          "source-locator": "/root/compiler/tests/corpus/BENCHMARK_FAMILY/guarded/same_generation_negation_guarded.dl [33:1-33:71]"
         }
        }
       },
       "runtime": { "start": 4420740140, "end": 4420740159}
      }
     },
     "maxRSS": {
      "post": 12520,
      "pre": 12392
     },
     "non-recursive-rule": {
      "sg_bf(x,x) :- \n   m_sg(x),\n   person(x).": {
       "atom-frequency": {
        "sg_bf(x,x) :- \n   m_sg(x),\n   person(x).": {
         "m_sg": {
          "level": 0,
          "num-tuples": 0
         }
        }
       },
       "maxRSS": {
        "post": 12520,
        "pre": 12392
       },
       "num-tuples": 1,
       "runtime": { "start": 4420740124, "end": 4420740128},
       "source-locator": "/root/compiler/tests/corpus/BENCHMARK_FAMILY/guarded/same_generation_negation_guarded.dl [32:1-32:34]"
      }
     },
     "num-tuples": 1,
     "reads": 226,
     "runtime": { "start": 4420740124, "end": 4420740135},
     "source-locator": "/root/compiler/tests/corpus/BENCHMARK_FAMILY/guarded/same_generation_negation_guarded.dl [31:7-31:12]"
    }
   },
   "runtime": { "start": 4420739871, "end": 4420740290},
   "starttime": { "time": 4420739840},
   "usage": {
    "timepoint": {
     "4420739884": {
      "maxRSS": 11740,
      "systemtime": 0,
      "usertime": 4053
     },
     "4420740036": {
      "maxRSS": 12264,
      "systemtime": 22,
      "usertime": 4189
     },
     "4420740084": {
      "maxRSS": 12264,
      "systemtime": 112,
      "usertime": 4189
     },
     "4420740130": {
      "maxRSS": 12520,
      "systemtime": 172,
      "usertime": 4189
     },
     "4420740185": {
      "maxRSS": 12520,
      "systemtime": 246,
      "usertime": 4189
     },
     "4420740209": {
      "maxRSS": 12520,
      "systemtime": 278,
      "usertime": 4189
     }
    }
   }
  }
 }
}
