{
 "root": {
  "program": {
   "configuration": {
    "": "/root/compiler/tests/corpus/CULPRIT_CANDIDATES/cc_neg_early.dl",
    "fact-dir": "/root/compiler/fixtures/culprit_candidates/cc_neg_early",
    "include-dir": ".",
    "jobs": "1",
    "libraries": "functors",
    "library-dir": ".",
    "magic-transform": "*",
    "output-dir": "/root/compiler/measurements/m3-5-headline-m4/candidates/cc_neg_early/souffle",
    "profile": "prof.log",
    "relationCount": "6",
    "ruleCount": "15",
    "version": "2.5",
    "warn": "all",
    "wno": "none"
   },
   "relation": {
    "@magic.@poscopy_1.q.{ff}": {
     "maxRSS": {
      "post": 16780,
      "pre": 16780
     },
     "non-recursive-rule": {
      "@magic.@poscopy_1.q.{ff}().": {
       "maxRSS": {
        "post": 16780,
        "pre": 16780
       },
       "num-tuples": 1,
       "runtime": { "start": 22306406554, "end": 22306406557},
       "source-locator": " [1:1-1:1]"
      }
     },
     "num-tuples": 1,
     "runtime": { "start": 22306406551, "end": 22306406566},
     "source-locator": " [1:1-1:1]"
    },
    "@magic.p.{bf}": {
     "maxRSS": {
      "post": 16780,
      "pre": 16780
     },
     "non-recursive-rule": {
      "@magic.p.{bf}(1).": {
       "maxRSS": {
        "post": 16780,
        "pre": 16780
       },
       "num-tuples": 1,
       "runtime": { "start": 22306406571, "end": 22306406574},
       "source-locator": " [1:1-1:1]"
      }
     },
     "num-tuples": 1,
     "runtime": { "start": 22306406571, "end": 22306406579},
     "source-locator": " [1:1-1:1]"
    },
    "@magic.q.{bf}": {
     "maxRSS": {
      "post": 16780,
      "pre": 16780
     },
     "non-recursive-rule": {
      "@magic.q.{bf}(z) :- \n   @magic.p.{bf}(x),\n   link(x,z).": {
       "atom-frequency": {
        "@magic.q.{bf}(z) :- \n   @magic.p.{bf}(x),\n   link(x,z).": {
         "@magic.p.{bf}": {
          "level": 0,
          "num-tuples": 0
         },
         "link": {
          "level": 1,
          "num-tuples": 0
         }
        }
       },
       "maxRSS": {
        "post": 16780,
        "pre": 16780
       },
       "num-tuples": 1,
       "runtime": { "start": 22306406759, "end": 22306406764},
       "source-locator": " [1:1-1:1]"
      }
     },
     "num-tuples": 1,
     "runtime": { "start": 22306406758, "end": 22306406770},
     "source-locator": " [1:1-1:1]"
    },
    "@neglabel.s": {
     "maxRSS": {
      "post": 16780,
      "pre": 16780
     },
     "non-recursive-rule": {
      "@neglabel.s(x) :- \n   @poscopy_1.q.{ff}(x,y),\n   blocked(y).": {
       "atom-frequency": {
        "@neglabel.s(x) :- \n   @poscopy_1.q.{ff}(x,y),\n   blocked(y).": {
         "@poscopy_1.q.{ff}": {
          "level": 0,
          "num-tuples": 0
         }
        }
       },
       "maxRSS": {
        "post": 16780,
        "pre": 16780
       },
       "num-tuples": 34,
       "runtime": { "start": 22306407364, "end": 22306407381},
       "source-locator": " [1:1-1:1]"
      }
     },
     "num-tuples": 34,
     "runtime": { "start": 22306407363, "end": 22306407388},
     "source-locator": "/root/compiler/tests/corpus/CULPRIT_CANDIDATES/cc_neg_early.dl [23:7-23:8]"
    },
    "@poscopy_1.q.{ff}": {
     "iteration": {
      "0": {
       "copytime": { "start": 22306406857, "end": 22306406864},
       "maxRSS": {
        "post": 16780,
        "pre": 16780
       },
       "num-tuples": 79,
       "recursive-rule": {
        "@poscopy_1.q.{ff}(x,y) :- \n   @magic.@poscopy_1.q.{ff}(),\n   @poscopy_1.q.{ff}(x,z),\n   base(z,y).": {
         "0": {
          "atom-frequency": {
           "@new_@poscopy_1.q.{ff}(x,y) :- \n   @magic.@poscopy_1.q.{ff}(),\n   @delta_@poscopy_1.q.{ff}(x,z),\n   base(z,y).": {
            "@delta_@poscopy_1.q.{ff}": {
             "level": 1,
             "num-tuples": 0
            },
            "base": {
             "level": 2,
             "num-tuples": 0
            }
           }
          },
          "maxRSS": {
           "post": 16780,
           "pre": 16780
          },
          "num-tuples": 79,
          "runtime": { "start": 22306406804, "end": 22306406826},
          "source-locator": " [1:1-1:1]"
         }
        }
       },
       "runtime": { "start": 22306406794, "end": 22306406836}
      },
      "1": {
       "copytime": { "start": 22306406925, "end": 22306406933},
       "maxRSS": {
        "post": 16780,
        "pre": 16780
       },
       "num-tuples": 77,
       "recursive-rule": {
        "@poscopy_1.q.{ff}(x,y) :- \n   @magic.@poscopy_1.q.{ff}(),\n   @poscopy_1.q.{ff}(x,z),\n   base(z,y).": {
         "0": {
          "maxRSS": {
           "post": 16780,
           "pre": 16780
          },
          "num-tuples": 77,
          "runtime": { "start": 22306406878, "end": 22306406896},
          "source-locator": " [1:1-1:1]"
         }
        }
       },
       "runtime": { "start": 22306406869, "end": 22306406905}
      },
      "10": {
       "maxRSS": {
        "post": 16780,
        "pre": 16780
       },
       "num-tuples": 0,
       "recursive-rule": {
        "@poscopy_1.q.{ff}(x,y) :- \n   @magic.@poscopy_1.q.{ff}(),\n   @poscopy_1.q.{ff}(x,z),\n   base(z,y).": {
         "0": {
          "maxRSS": {
           "post": 16780,
           "pre": 16780
          },
          "num-tuples": 0,
          "runtime": { "start": 22306407334, "end": 22306407335},
          "source-locator": " [1:1-1:1]"
         }
        }
       },
       "runtime": { "start": 22306407325, "end": 22306407344}
      },
      "2": {
       "copytime": { "start": 22306406989, "end": 22306406996},
       "maxRSS": {
        "post": 16780,
        "pre": 16780
       },
       "num-tuples": 52,
       "recursive-rule": {
        "@poscopy_1.q.{ff}(x,y) :- \n   @magic.@poscopy_1.q.{ff}(),\n   @poscopy_1.q.{ff}(x,z),\n   base(z,y).": {
         "0": {
          "maxRSS": {
           "post": 16780,
           "pre": 16780
          },
          "num-tuples": 52,
          "runtime": { "start": 22306406947, "end": 22306406962},
          "source-locator": " [1:1-1:1]"
         }
        }
       },
       "runtime": { "start": 22306406937, "end": 22306406971}
      },
      "3": {
       "copytime": { "start": 22306407047, "end": 22306407052},
       "maxRSS": {
        "post": 16780,
        "pre": 16780
       },
       "num-tuples": 39,
       "recursive-rule": {
        "@poscopy_1.q.{ff}(x,y) :- \n   @magic.@poscopy_1.q.{ff}(),\n   @poscopy_1.q.{ff}(x,z),\n   base(z,y).": {
         "0": {
          "maxRSS": {
           "post": 16780,
           "pre": 16780
          },
          "num-tuples": 39,
          "runtime": { "start": 22306407009, "end": 22306407020},
          "source-locator": " [1:1-1:1]"
         }
        }
       },
       "runtime": { "start": 22306407000, "end": 22306407028}
      },
      "4": {
       "copytime": { "start": 22306407091, "end": 22306407095},
       "maxRSS": {
        "post": 16780,
        "pre": 16780
       },
       "num-tuples": 26,
       "recursive-rule": {
        "@poscopy_1.q.{ff}(x,y) :- \n   @magic.@poscopy_1.q.{ff}(),\n   @poscopy_1.q.{ff}(x,z),\n   base(z,y).": {
         "0": {
          "maxRSS": {
           "post": 16780,
           "pre": 16780
          },
          "num-tuples": 26,
          "runtime": { "start": 22306407066, "end": 22306407075},
          "source-locator": " [1:1-1:1]"
         }
        }
       },
       "runtime": { "start": 22306407056, "end": 22306407083}
      },
      "5": {
       "copytime": { "start": 22306407140, "end": 22306407142},
       "maxRSS": {
        "post": 16780,
        "pre": 16780
       },
       "num-tuples": 17,
       "recursive-rule": {
        "@poscopy_1.q.{ff}(x,y) :- \n   @magic.@poscopy_1.q.{ff}(),\n   @poscopy_1.q.{ff}(x,z),\n   base(z,y).": {
         "0": {
          "maxRSS": {
           "post": 16780,
           "pre": 16780
          },
          "num-tuples": 17,
          "runtime": { "start": 22306407107, "end": 22306407113},
          "source-locator": " [1:1-1:1]"
         }
        }
       },
       "runtime": { "start": 22306407098, "end": 22306407121}
      },
      "6": {
       "copytime": { "start": 22306407186, "end": 22306407189},
       "maxRSS": {
        "post": 16780,
        "pre": 16780
       },
       "num-tuples": 10,
       "recursive-rule": {
        "@poscopy_1.q.{ff}(x,y) :- \n   @magic.@poscopy_1.q.{ff}(),\n   @poscopy_1.q.{ff}(x,z),\n   base(z,y).": {
         "0": {
          "maxRSS": {
           "post": 16780,
           "pre": 16780
          },
          "num-tuples": 10,
          "runtime": { "start": 22306407155, "end": 22306407159},
          "source-locator": " [1:1-1:1]"
         }
        }
       },
       "runtime": { "start": 22306407146, "end": 22306407167}
      },
      "7": {
       "copytime": { "start": 22306407232, "end": 22306407234},
       "maxRSS": {
        "post": 16780,
        "pre": 16780
       },
       "num-tuples": 6,
       "recursive-rule": {
        "@poscopy_1.q.{ff}(x,y) :- \n   @magic.@poscopy_1.q.{ff}(),\n   @poscopy_1.q.{ff}(x,z),\n   base(z,y).": {
         "0": {
          "maxRSS": {
           "post": 16780,
           "pre": 16780
          },
          "num-tuples": 6,
          "runtime": { "start": 22306407201, "end": 22306407204},
          "source-locator": " [1:1-1:1]"
         }
        }
       },
       "runtime": { "start": 22306407192, "end": 22306407213}
      },
      "8": {
       "copytime": { "start": 22306407277, "end": 22306407278},
       "maxRSS": {
        "post": 16780,
        "pre": 16780
       },
       "num-tuples": 3,
       "recursive-rule": {
        "@poscopy_1.q.{ff}(x,y) :- \n   @magic.@poscopy_1.q.{ff}(),\n   @poscopy_1.q.{ff}(x,z),\n   base(z,y).": {
         "0": {
          "maxRSS": {
           "post": 16780,
           "pre": 16780
          },
          "num-tuples": 3,
          "runtime": { "start": 22306407247, "end": 22306407249},
          "source-locator": " [1:1-1:1]"
         }
        }
       },
       "runtime": { "start": 22306407237, "end": 22306407257}
      },
      "9": {
       "copytime": { "start": 22306407321, "end": 22306407322},
       "maxRSS": {
        "post": 16780,
        "pre": 16780
       },
       "num-tuples": 1,
       "recursive-rule": {
        "@poscopy_1.q.{ff}(x,y) :- \n   @magic.@poscopy_1.q.{ff}(),\n   @poscopy_1.q.{ff}(x,z),\n   base(z,y).": {
         "0": {
          "maxRSS": {
           "post": 16780,
           "pre": 16780
          },
          "num-tuples": 1,
          "runtime": { "start": 22306407291, "end": 22306407293},
          "source-locator": " [1:1-1:1]"
         }
        }
       },
       "runtime": { "start": 22306407281, "end": 22306407301}
      }
     },
     "maxRSS": {
      "post": 16780,
      "pre": 16780
     },
     "non-recursive-rule": {
      "@poscopy_1.q.{ff}(x,y) :- \n   @magic.@poscopy_1.q.{ff}(),\n   base(x,y).": {
       "atom-frequency": {
        "@poscopy_1.q.{ff}(x,y) :- \n   @magic.@poscopy_1.q.{ff}(),\n   base(x,y).": {
         "base": {
          "level": 1,
          "num-tuples": 0
         }
        }
       },
       "maxRSS": {
        "post": 16780,
        "pre": 16780
       },
       "num-tuples": 75,
       "runtime": { "start": 22306406776, "end": 22306406781},
       "source-locator": " [1:1-1:1]"
      }
     },
     "num-tuples": 75,
     "runtime": { "start": 22306406775, "end": 22306406787},
     "source-locator": " [1:1-1:1]"
    },
    "base": {
     "loadtime": { "start": 22306406582, "end": 22306406674},
     "num-tuples": 75,
     "reads": 0,
     "source-locator": "/root/compiler/tests/corpus/CULPRIT_CANDIDATES/cc_neg_early.dl [15:7-15:11]"
    },
    "blocked": {
     "loadtime": { "start": 22306406681, "end": 22306406711},
     "num-tuples": 11,
     "reads": 385,
     "source-locator": "/root/compiler/tests/corpus/CULPRIT_CANDIDATES/cc_neg_early.dl [17:7-17:14]"
    },
    "link": {
     "loadtime": { "start": 22306406717, "end": 22306406752},
     "num-tuples": 76,
     "reads": 0,
     "source-locator": "/root/compiler/tests/corpus/CULPRIT_CANDIDATES/cc_neg_early.dl [16:7-16:11]"
    },
    "out": {
     "maxRSS": {
      "post": 16780,
      "pre": 16780
     },
     "non-recursive-rule": {
      "out(y) :- \n   p.{bf}(@abdul0,y),\n   @abdul0 = 1.": {
       "atom-frequency": {
        "out(y) :- \n   p.{bf}(@abdul0,y),\n   @abdul0 = 1.": {
         "p.{bf}": {
          "level": 0,
          "num-tuples": 0
         }
        }
       },
       "maxRSS": {
        "post": 16780,
        "pre": 16780
       },
       "num-tuples": 1,
       "runtime": { "start": 22306407632, "end": 22306407632},
       "source-locator": " [1:1-1:1]"
      }
     },
     "num-tuples": 1,
     "reads": 0,
     "runtime": { "start": 22306407631, "end": 22306407637},
     "savetime": { "start": 22306407641, "end": 22306407722},
     "source-locator": "/root/compiler/tests/corpus/CULPRIT_CANDIDATES/cc_neg_early.dl [30:7-30:10]"
    },
    "p.{bf}": {
     "maxRSS": {
      "post": 16780,
      "pre": 16780
     },
     "non-recursive-rule": {
      "p.{bf}(x,y) :- \n   @magic.p.{bf}(x),\n   link(x,y).": {
       "atom-frequency": {
        "p.{bf}(x,y) :- \n   @magic.p.{bf}(x),\n   link(x,y).": {
         "@magic.p.{bf}": {
          "level": 0,
          "num-tuples": 0
         },
         "link": {
          "level": 1,
          "num-tuples": 0
         }
        }
       },
       "maxRSS": {
        "post": 16780,
        "pre": 16780
       },
       "num-tuples": 1,
       "runtime": { "start": 22306407616, "end": 22306407617},
       "source-locator": " [1:1-1:1]"
      },
      "p.{bf}(x,y) :- \n   @magic.p.{bf}(x),\n   link(x,z),\n   !@neglabel.s(z),\n   q.{bf}(z,y).": {
       "atom-frequency": {
        "p.{bf}(x,y) :- \n   @magic.p.{bf}(x),\n   link(x,z),\n   !@neglabel.s(z),\n   q.{bf}(z,y).": {
         "@magic.p.{bf}": {
          "level": 0,
          "num-tuples": 0
         },
         "link": {
          "level": 1,
          "num-tuples": 0
         },
         "q.{bf}": {
          "level": 2,
          "num-tuples": 0
         }
        }
       },
       "maxRSS": {
        "post": 16780,
        "pre": 16780
       },
       "num-tuples": 0,
       "runtime": { "start": 22306407622, "end": 22306407623},
       "source-locator": " [1:1-1:1]"
      }
     },
     "num-tuples": 1,
     "reads": 0,
     "runtime": { "start": 22306407615, "end": 22306407628},
     "source-locator": " [1:1-1:1]"
    },
    "q.{bf}": {
     "iteration": {
      "0": {
       "copytime": { "start": 22306407455, "end": 22306407456},
       "maxRSS": {
        "post": 16780,
        "pre": 16780
       },
       "num-tuples": 3,
       "recursive-rule": {
        "q.{bf}(x,y) :- \n   @magic.q.{bf}(x),\n   q.{bf}(x,z),\n   base(z,y).": {
         "0": {
          "atom-frequency": {
           "@new_q.{bf}(x,y) :- \n   @magic.q.{bf}(x),\n   @delta_q.{bf}(x,z),\n   base(z,y).": {
            "@delta_q.{bf}": {
             "level": 1,
             "num-tuples": 0
            },
            "@magic.q.{bf}": {
             "level": 0,
             "num-tuples": 0
            },
            "base": {
             "level": 2,
             "num-tuples": 0
            }
           }
          },
          "maxRSS": {
           "post": 16780,
           "pre": 16780
          },
          "num-tuples": 3,
          "runtime": { "start": 22306407426, "end": 22306407428},
          "source-locator": " [1:1-1:1]"
         }
        }
       },
       "runtime": { "start": 22306407417, "end": 22306407437}
      },
      "1": {
       "copytime": { "start": 22306407497, "end": 22306407506},
       "maxRSS": {
        "post": 16780,
        "pre": 16780
       },
       "num-tuples": 1,
       "recursive-rule": {
        "q.{bf}(x,y) :- \n   @magic.q.{bf}(x),\n   q.{bf}(x,z),\n   base(z,y).": {
         "0": {
          "maxRSS": {
           "post": 16780,
           "pre": 16780
          },
          "num-tuples": 1,
          "runtime": { "start": 22306407469, "end": 22306407471},
          "source-locator": " [1:1-1:1]"
         }
        }
       },
       "runtime": { "start": 22306407460, "end": 22306407479}
      },
      "2": {
       "copytime": { "start": 22306407546, "end": 22306407547},
       "maxRSS": {
        "post": 16780,
        "pre": 16780
       },
       "num-tuples": 2,
       "recursive-rule": {
        "q.{bf}(x,y) :- \n   @magic.q.{bf}(x),\n   q.{bf}(x,z),\n   base(z,y).": {
         "0": {
          "maxRSS": {
           "post": 16780,
           "pre": 16780
          },
          "num-tuples": 2,
          "runtime": { "start": 22306407520, "end": 22306407521},
          "source-locator": " [1:1-1:1]"
         }
        }
       },
       "runtime": { "start": 22306407511, "end": 22306407529}
      },
      "3": {
       "copytime": { "start": 22306407586, "end": 22306407587},
       "maxRSS": {
        "post": 16780,
        "pre": 16780
       },
       "num-tuples": 1,
       "recursive-rule": {
        "q.{bf}(x,y) :- \n   @magic.q.{bf}(x),\n   q.{bf}(x,z),\n   base(z,y).": {
         "0": {
          "maxRSS": {
           "post": 16780,
           "pre": 16780
          },
          "num-tuples": 1,
          "runtime": { "start": 22306407559, "end": 22306407561},
          "source-locator": " [1:1-1:1]"
         }
        }
       },
       "runtime": { "start": 22306407550, "end": 22306407568}
      },
      "4": {
       "maxRSS": {
        "post": 16780,
        "pre": 16780
       },
       "num-tuples": 0,
       "recursive-rule": {
        "q.{bf}(x,y) :- \n   @magic.q.{bf}(x),\n   q.{bf}(x,z),\n   base(z,y).": {
         "0": {
          "maxRSS": {
           "post": 16780,
           "pre": 16780
          },
          "num-tuples": 0,
          "runtime": { "start": 22306407599, "end": 22306407600},
          "source-locator": " [1:1-1:1]"
         }
        }
       },
       "runtime": { "start": 22306407590, "end": 22306407608}
      }
     },
     "maxRSS": {
      "post": 16780,
      "pre": 16780
     },
     "non-recursive-rule": {
      "q.{bf}(x,y) :- \n   @magic.q.{bf}(x),\n   base(x,y).": {
       "atom-frequency": {
        "q.{bf}(x,y) :- \n   @magic.q.{bf}(x),\n   base(x,y).": {
         "@magic.q.{bf}": {
          "level": 0,
          "num-tuples": 0
         },
         "base": {
          "level": 1,
          "num-tuples": 0
         }
        }
       },
       "maxRSS": {
        "post": 16780,
        "pre": 16780
       },
       "num-tuples": 1,
       "runtime": { "start": 22306407403, "end": 22306407404},
       "source-locator": " [1:1-1:1]"
      }
     },
     "num-tuples": 1,
     "reads": 9,
     "runtime": { "start": 22306407394, "end": 22306407412},
     "source-locator": " [1:1-1:1]"
    }
   },
   "runtime": { "start": 22306406547, "end": 22306407727},
   "starttime": { "time": 22306406514},
   "usage": {
    "timepoint": {
     "22306406564": {
      "maxRSS": 16780,
      "systemtime": 3127,
      "usertime": 3127
     },
     "22306406701": {
      "maxRSS": 16780,
      "systemtime": 3205,
      "usertime": 3205
     },
     "22306406769": {
      "maxRSS": 16780,
      "systemtime": 3260,
      "usertime": 3260
     },
     "22306406816": {
      "maxRSS": 16780,
      "systemtime": 3289,
      "usertime": 3289
     },
     "22306406856": {
      "maxRSS": 16780,
      "systemtime": 3316,
      "usertime": 3316
     },
     "22306406882": {
      "maxRSS": 16780,
      "systemtime": 3333,
      "usertime": 3333
     },
     "22306406923": {
      "maxRSS": 16780,
      "systemtime": 3357,
      "usertime": 3357
     },
     "22306406950": {
      "maxRSS": 16780,
      "systemtime": 3375,
      "usertime": 3375
     },
     "22306406988": {
      "maxRSS": 16780,
      "systemtime": 3396,
      "usertime": 3396
     },
     "22306407012": {
      "maxRSS": 16780,
      "systemtime": 3412,
      "usertime": 3412
     },
     "22306407045": {
      "maxRSS": 16780,
      "systemtime": 3430,
      "usertime": 3430
     },
     "22306407083": {
      "maxRSS": 16780,
      "systemtime": 3455,
      "usertime": 3455
     },
     "22306407111": {
      "maxRSS": 16780,
      "systemtime": 3472,
      "usertime": 3472
     },
     "22306407136": {
      "maxRSS": 16780,
      "systemtime": 3488,
      "usertime": 3488
     },
     "22306407158": {
      "maxRSS": 16780,
      "systemtime": 3502,
      "usertime": 3502
     },
     "22306407184": {
      "maxRSS": 16780,
      "systemtime": 3517,
      "usertime": 3517
     },
     "22306407205": {
      "maxRSS": 16780,
      "systemtime": 3532,
      "usertime": 3532
     },
     "22306407229": {
      "maxRSS": 16780,
      "systemtime": 3545,
      "usertime": 3545
     },
     "22306407252": {
      "maxRSS": 16780,
      "systemtime": 3559,
      "usertime": 3559
     },
     "22306407274": {
      "maxRSS": 16780,
      "systemtime": 3573,
      "usertime": 3573
     },
     "22306407294": {
      "maxRSS": 16780,
      "systemtime": 3587,
      "usertime": 3587
     },
     "22306407318": {
      "maxRSS": 16780,
      "systemtime": 3601,
      "usertime": 3601
     },
     "22306407338": {
      "maxRSS": 16780,
      "systemtime": 3613,
      "usertime": 3613
     },
     "22306407361": {
      "maxRSS": 16780,
      "systemtime": 3627,
      "usertime": 3627
     },
     "22306407407": {
      "maxRSS": 16780,
      "systemtime": 3653,
      "usertime": 3653
     },
     "22306407430": {
      "maxRSS": 16780,
      "systemtime": 3668,
      "usertime": 3668
     },
     "22306407453": {
      "maxRSS": 16780,
      "systemtime": 3682,
      "usertime": 3682
     },
     "22306407472": {
      "maxRSS": 16780,
      "systemtime": 3695,
      "usertime": 3695
     },
     "22306407495": {
      "maxRSS": 16780,
      "systemtime": 3708,
      "usertime": 3708
     },
     "22306407523": {
      "maxRSS": 16780,
      "systemtime": 3725,
      "usertime": 3725
     },
     "22306407545": {
      "maxRSS": 16780,
      "systemtime": 3738,
      "usertime": 3738
     },
     "22306407563": {
      "maxRSS": 16780,
      "systemtime": 3750,
      "usertime": 3750
     },
     "22306407584": {
      "maxRSS": 16780,
      "systemtime": 3764,
      "usertime": 3764
     },
     "22306407636": {
      "maxRSS": 16780,
      "systemtime": 3802,
      "usertime": 3802
     }
    }
   }
  }
 }
}
