{
 "root": {
  "program": {
   "configuration": {
    "": "/root/souffle-src/tests/example/dfa_min/dfa_min.dl",
    "fact-dir": "/root/souffle-src/tests/example/dfa_min/facts",
    "include-dir": ".",
    "jobs": "1",
    "libraries": "functors",
    "library-dir": ".",
    "magic-transform": "*",
    "output-dir": "/root/compiler/measurements/night01-t4/runs/example__dfa_min",
    "profile": "prof.log",
    "relationCount": "5",
    "ruleCount": "43",
    "version": "2.5",
    "warn": "all",
    "wno": "none"
   },
   "relation": {
    "@magic.@poscopy_1.Equiv.{bf}": {
     "iteration": {
      "0": {
       "copytime": { "start": 22626172534, "end": 22626172534},
       "maxRSS": {
        "post": 16384,
        "pre": 16384
       },
       "num-tuples": 0,
       "recursive-rule": {
        "@magic.@poscopy_1.Equiv.{bf}(q) :- \n   @poscopy_1.Equiv.{ff}(q,_).": {
         "0": {
          "atom-frequency": {
           "@new_@magic.@poscopy_1.Equiv.{bf}(q) :- \n   @delta_@poscopy_1.Equiv.{ff}(q,_).": {
            "@delta_@poscopy_1.Equiv.{ff}": {
             "level": 0,
             "num-tuples": 0
            }
           }
          },
          "maxRSS": {
           "post": 16384,
           "pre": 16384
          },
          "num-tuples": 0,
          "runtime": { "start": 22626172376, "end": 22626172377},
          "source-locator": " [1:1-1:1]"
         }
        }
       },
       "runtime": { "start": 22626172367, "end": 22626172385}
      },
      "1": {
       "copytime": { "start": 22626172742, "end": 22626172743},
       "maxRSS": {
        "post": 16384,
        "pre": 16384
       },
       "num-tuples": 0,
       "recursive-rule": {
        "@magic.@poscopy_1.Equiv.{bf}(q) :- \n   @poscopy_1.Equiv.{ff}(q,_).": {
         "0": {
          "maxRSS": {
           "post": 16384,
           "pre": 16384
          },
          "num-tuples": 0,
          "runtime": { "start": 22626172574, "end": 22626172575},
          "source-locator": " [1:1-1:1]"
         }
        }
       },
       "runtime": { "start": 22626172573, "end": 22626172582}
      },
      "2": {
       "copytime": { "start": 22626172911, "end": 22626172912},
       "maxRSS": {
        "post": 16384,
        "pre": 16384
       },
       "num-tuples": 5,
       "recursive-rule": {
        "@magic.@poscopy_1.Equiv.{bf}(q) :- \n   @poscopy_1.Equiv.{ff}(q,_).": {
         "0": {
          "maxRSS": {
           "post": 16384,
           "pre": 16384
          },
          "num-tuples": 5,
          "runtime": { "start": 22626172773, "end": 22626172774},
          "source-locator": " [1:1-1:1]"
         }
        }
       },
       "runtime": { "start": 22626172772, "end": 22626172780}
      },
      "3": {
       "copytime": { "start": 22626173106, "end": 22626173106},
       "maxRSS": {
        "post": 16384,
        "pre": 16384
       },
       "num-tuples": 0,
       "recursive-rule": {
        "@magic.@poscopy_1.Equiv.{bf}(q) :- \n   @poscopy_1.Equiv.{ff}(q,_).": {
         "0": {
          "maxRSS": {
           "post": 16384,
           "pre": 16384
          },
          "num-tuples": 0,
          "runtime": { "start": 22626172938, "end": 22626172939},
          "source-locator": " [1:1-1:1]"
         }
        }
       },
       "runtime": { "start": 22626172937, "end": 22626172945}
      },
      "4": {
       "maxRSS": {
        "post": 16384,
        "pre": 16384
       },
       "num-tuples": 0,
       "recursive-rule": {
        "@magic.@poscopy_1.Equiv.{bf}(q) :- \n   @poscopy_1.Equiv.{ff}(q,_).": {
         "0": {
          "maxRSS": {
           "post": 16384,
           "pre": 16384
          },
          "num-tuples": 0,
          "runtime": { "start": 22626173141, "end": 22626173142},
          "source-locator": " [1:1-1:1]"
         }
        }
       },
       "runtime": { "start": 22626173132, "end": 22626173151}
      }
     },
     "num-tuples": 0,
     "source-locator": " [1:1-1:1]"
    },
    "@magic.@poscopy_1.Equiv.{ff}": {
     "maxRSS": {
      "post": 16384,
      "pre": 16384
     },
     "non-recursive-rule": {
      "@magic.@poscopy_1.Equiv.{ff}().": {
       "maxRSS": {
        "post": 16384,
        "pre": 16384
       },
       "num-tuples": 1,
       "runtime": { "start": 22626171101, "end": 22626171104},
       "source-locator": " [1:1-1:1]"
      }
     },
     "num-tuples": 1,
     "runtime": { "start": 22626171088, "end": 22626171115},
     "source-locator": " [1:1-1:1]"
    },
    "@magic.@poscopy_1.Q.{f}": {
     "iteration": {
      "0": {
       "copytime": { "start": 22626172094, "end": 22626172095},
       "maxRSS": {
        "post": 16384,
        "pre": 16384
       },
       "num-tuples": 0,
       "recursive-rule": {
        "@magic.@poscopy_1.Q.{f}() :- \n   @poscopy_1.Q.{f}(_).": {
         "0": {
          "maxRSS": {
           "post": 16384,
           "pre": 16384
          },
          "num-tuples": 0,
          "runtime": { "start": 22626172054, "end": 22626172055},
          "source-locator": " [1:1-1:1]"
         }
        }
       },
       "runtime": { "start": 22626172054, "end": 22626172064}
      },
      "1": {
       "maxRSS": {
        "post": 16384,
        "pre": 16384
       },
       "num-tuples": 0,
       "recursive-rule": {
        "@magic.@poscopy_1.Q.{f}() :- \n   @poscopy_1.Q.{f}(_).": {
         "0": {
          "maxRSS": {
           "post": 16384,
           "pre": 16384
          },
          "num-tuples": 0,
          "runtime": { "start": 22626172115, "end": 22626172115},
          "source-locator": " [1:1-1:1]"
         }
        }
       },
       "runtime": { "start": 22626172114, "end": 22626172122}
      }
     },
     "maxRSS": {
      "post": 16384,
      "pre": 16384
     },
     "non-recursive-rule": {
      "@magic.@poscopy_1.Q.{f}().": {
       "maxRSS": {
        "post": 16384,
        "pre": 16384
       },
       "num-tuples": 1,
       "runtime": { "start": 22626172037, "end": 22626172038},
       "source-locator": " [1:1-1:1]"
      }
     },
     "num-tuples": 1,
     "runtime": { "start": 22626172030, "end": 22626172046},
     "source-locator": " [1:1-1:1]"
    },
    "@magic.@poscopy_3.Q.{f}": {
     "iteration": {
      "0": {
       "copytime": { "start": 22626172538, "end": 22626172547},
       "maxRSS": {
        "post": 16384,
        "pre": 16384
       },
       "num-tuples": 0,
       "recursive-rule": {
        "@magic.@poscopy_3.Q.{f}() :- \n   @magic.@poscopy_1.Equiv.{bf}(q),\n   @poscopy_3.Q.{b}(q).": {
         "0": {
          "atom-frequency": {
           "@new_@magic.@poscopy_3.Q.{f}() :- \n   @delta_@magic.@poscopy_1.Equiv.{bf}(q),\n   @poscopy_3.Q.{b}(q).": {
            "@delta_@magic.@poscopy_1.Equiv.{bf}": {
             "level": 0,
             "num-tuples": 0
            }
           }
          },
          "maxRSS": {
           "post": 16384,
           "pre": 16384
          },
          "num-tuples": 0,
          "runtime": { "start": 22626172399, "end": 22626172400},
          "source-locator": " [1:1-1:1]"
         },
         "1": {
          "atom-frequency": {
           "@new_@magic.@poscopy_3.Q.{f}() :- \n   @magic.@poscopy_1.Equiv.{bf}(q),\n   @delta_@poscopy_3.Q.{b}(q).": {
            "@magic.@poscopy_1.Equiv.{bf}": {
             "level": 0,
             "num-tuples": 0
            }
           }
          },
          "maxRSS": {
           "post": 16384,
           "pre": 16384
          },
          "num-tuples": 0,
          "runtime": { "start": 22626172408, "end": 22626172409},
          "source-locator": " [1:1-1:1]"
         }
        },
        "@magic.@poscopy_3.Q.{f}() :- \n   @magic.@poscopy_1.Equiv.{ff}(),\n   @poscopy_3.Q.{f}(_).": {
         "0": {
          "maxRSS": {
           "post": 16384,
           "pre": 16384
          },
          "num-tuples": 0,
          "runtime": { "start": 22626172413, "end": 22626172423},
          "source-locator": " [1:1-1:1]"
         }
        }
       },
       "runtime": { "start": 22626172389, "end": 22626172431}
      },
      "1": {
       "copytime": { "start": 22626172745, "end": 22626172748},
       "maxRSS": {
        "post": 16384,
        "pre": 16384
       },
       "num-tuples": 0,
       "recursive-rule": {
        "@magic.@poscopy_3.Q.{f}() :- \n   @magic.@poscopy_1.Equiv.{bf}(q),\n   @poscopy_3.Q.{b}(q).": {
         "0": {
          "maxRSS": {
           "post": 16384,
           "pre": 16384
          },
          "num-tuples": 0,
          "runtime": { "start": 22626172594, "end": 22626172595},
          "source-locator": " [1:1-1:1]"
         },
         "1": {
          "maxRSS": {
           "post": 16384,
           "pre": 16384
          },
          "num-tuples": 0,
          "runtime": { "start": 22626172603, "end": 22626172604},
          "source-locator": " [1:1-1:1]"
         }
        },
        "@magic.@poscopy_3.Q.{f}() :- \n   @magic.@poscopy_1.Equiv.{ff}(),\n   @poscopy_3.Q.{f}(_).": {
         "0": {
          "maxRSS": {
           "post": 16384,
           "pre": 16384
          },
          "num-tuples": 0,
          "runtime": { "start": 22626172608, "end": 22626172617},
          "source-locator": " [1:1-1:1]"
         }
        }
       },
       "runtime": { "start": 22626172585, "end": 22626172625}
      },
      "2": {
       "copytime": { "start": 22626172915, "end": 22626172916},
       "maxRSS": {
        "post": 16384,
        "pre": 16384
       },
       "num-tuples": 0,
       "recursive-rule": {
        "@magic.@poscopy_3.Q.{f}() :- \n   @magic.@poscopy_1.Equiv.{bf}(q),\n   @poscopy_3.Q.{b}(q).": {
         "0": {
          "maxRSS": {
           "post": 16384,
           "pre": 16384
          },
          "num-tuples": 0,
          "runtime": { "start": 22626172792, "end": 22626172793},
          "source-locator": " [1:1-1:1]"
         },
         "1": {
          "maxRSS": {
           "post": 16384,
           "pre": 16384
          },
          "num-tuples": 0,
          "runtime": { "start": 22626172801, "end": 22626172801},
          "source-locator": " [1:1-1:1]"
         }
        },
        "@magic.@poscopy_3.Q.{f}() :- \n   @magic.@poscopy_1.Equiv.{ff}(),\n   @poscopy_3.Q.{f}(_).": {
         "0": {
          "maxRSS": {
           "post": 16384,
           "pre": 16384
          },
          "num-tuples": 0,
          "runtime": { "start": 22626172806, "end": 22626172815},
          "source-locator": " [1:1-1:1]"
         }
        }
       },
       "runtime": { "start": 22626172783, "end": 22626172823}
      },
      "3": {
       "copytime": { "start": 22626173109, "end": 22626173119},
       "maxRSS": {
        "post": 16384,
        "pre": 16384
       },
       "num-tuples": 0,
       "recursive-rule": {
        "@magic.@poscopy_3.Q.{f}() :- \n   @magic.@poscopy_1.Equiv.{bf}(q),\n   @poscopy_3.Q.{b}(q).": {
         "0": {
          "maxRSS": {
           "post": 16384,
           "pre": 16384
          },
          "num-tuples": 0,
          "runtime": { "start": 22626172957, "end": 22626172958},
          "source-locator": " [1:1-1:1]"
         },
         "1": {
          "maxRSS": {
           "post": 16384,
           "pre": 16384
          },
          "num-tuples": 0,
          "runtime": { "start": 22626172965, "end": 22626172966},
          "source-locator": " [1:1-1:1]"
         }
        },
        "@magic.@poscopy_3.Q.{f}() :- \n   @magic.@poscopy_1.Equiv.{ff}(),\n   @poscopy_3.Q.{f}(_).": {
         "0": {
          "maxRSS": {
           "post": 16384,
           "pre": 16384
          },
          "num-tuples": 0,
          "runtime": { "start": 22626172970, "end": 22626172980},
          "source-locator": " [1:1-1:1]"
         }
        }
       },
       "runtime": { "start": 22626172948, "end": 22626172988}
      },
      "4": {
       "maxRSS": {
        "post": 16384,
        "pre": 16384
       },
       "num-tuples": 0,
       "recursive-rule": {
        "@magic.@poscopy_3.Q.{f}() :- \n   @magic.@poscopy_1.Equiv.{bf}(q),\n   @poscopy_3.Q.{b}(q).": {
         "0": {
          "maxRSS": {
           "post": 16384,
           "pre": 16384
          },
          "num-tuples": 0,
          "runtime": { "start": 22626173164, "end": 22626173165},
          "source-locator": " [1:1-1:1]"
         },
         "1": {
          "maxRSS": {
           "post": 16384,
           "pre": 16384
          },
          "num-tuples": 0,
          "runtime": { "start": 22626173173, "end": 22626173174},
          "source-locator": " [1:1-1:1]"
         }
        },
        "@magic.@poscopy_3.Q.{f}() :- \n   @magic.@poscopy_1.Equiv.{ff}(),\n   @poscopy_3.Q.{f}(_).": {
         "0": {
          "maxRSS": {
           "post": 16384,
           "pre": 16384
          },
          "num-tuples": 0,
          "runtime": { "start": 22626173178, "end": 22626173187},
          "source-locator": " [1:1-1:1]"
         }
        }
       },
       "runtime": { "start": 22626173155, "end": 22626173195}
      }
     },
     "maxRSS": {
      "post": 16384,
      "pre": 16384
     },
     "non-recursive-rule": {
      "@magic.@poscopy_3.Q.{f}() :- \n   @magic.@poscopy_1.Equiv.{ff}().": {
       "maxRSS": {
        "post": 16384,
        "pre": 16384
       },
       "num-tuples": 1,
       "runtime": { "start": 22626172352, "end": 22626172353},
       "source-locator": " [1:1-1:1]"
      }
     },
     "num-tuples": 1,
     "runtime": { "start": 22626172352, "end": 22626172359},
     "source-locator": " [1:1-1:1]"
    },
    "@magic.Q.{f}": {
     "iteration": {
      "0": {
       "copytime": { "start": 22626172192, "end": 22626172193},
       "maxRSS": {
        "post": 16384,
        "pre": 16384
       },
       "num-tuples": 0,
       "recursive-rule": {
        "@magic.Q.{f}() :- \n   @magic.@poscopy_1.Equiv.{ff}(),\n   Q.{f}(_).": {
         "0": {
          "maxRSS": {
           "post": 16384,
           "pre": 16384
          },
          "num-tuples": 0,
          "runtime": { "start": 22626172157, "end": 22626172158},
          "source-locator": " [1:1-1:1]"
         }
        }
       },
       "runtime": { "start": 22626172157, "end": 22626172163}
      },
      "1": {
       "maxRSS": {
        "post": 16384,
        "pre": 16384
       },
       "num-tuples": 0,
       "recursive-rule": {
        "@magic.Q.{f}() :- \n   @magic.@poscopy_1.Equiv.{ff}(),\n   Q.{f}(_).": {
         "0": {
          "maxRSS": {
           "post": 16384,
           "pre": 16384
          },
          "num-tuples": 0,
          "runtime": { "start": 22626172198, "end": 22626172198},
          "source-locator": " [1:1-1:1]"
         }
        }
       },
       "runtime": { "start": 22626172198, "end": 22626172203}
      }
     },
     "maxRSS": {
      "post": 16384,
      "pre": 16384
     },
     "non-recursive-rule": {
      "@magic.Q.{f}() :- \n   @magic.@poscopy_1.Equiv.{ff}().": {
       "maxRSS": {
        "post": 16384,
        "pre": 16384
       },
       "num-tuples": 1,
       "runtime": { "start": 22626172145, "end": 22626172146},
       "source-locator": " [1:1-1:1]"
      }
     },
     "num-tuples": 1,
     "runtime": { "start": 22626172145, "end": 22626172151},
     "source-locator": " [1:1-1:1]"
    },
    "@neglabel.Dis": {
     "iteration": {
      "0": {
       "copytime": { "start": 22626172274, "end": 22626172275},
       "maxRSS": {
        "post": 16384,
        "pre": 16384
       },
       "num-tuples": 7,
       "recursive-rule": {
        "@neglabel.Dis(q,r) :- \n   @neglabel.Dis(r,q).": {
         "0": {
          "atom-frequency": {
           "@new_@neglabel.Dis(q,r) :- \n   @delta_@neglabel.Dis(r,q).": {
            "@delta_@neglabel.Dis": {
             "level": 0,
             "num-tuples": 0
            }
           }
          },
          "maxRSS": {
           "post": 16384,
           "pre": 16384
          },
          "num-tuples": 3,
          "runtime": { "start": 22626172260, "end": 22626172261},
          "source-locator": " [1:1-1:1]"
         }
        },
        "@neglabel.Dis(q,r) :- \n   Tr(q,a,s),\n   Tr(r,a,t),\n   @neglabel.Dis(s,t).": {
         "0": {
          "atom-frequency": {
           "@new_@neglabel.Dis(q,r) :- \n   Tr(q,a,s),\n   Tr(r,a,t),\n   @delta_@neglabel.Dis(s,t).": {
            "Tr": {
             "level": 0,
             "num-tuples": 0
            }
           }
          },
          "maxRSS": {
           "post": 16384,
           "pre": 16384
          },
          "num-tuples": 4,
          "runtime": { "start": 22626172241, "end": 22626172249},
          "source-locator": " [1:1-1:1]"
         }
        }
       },
       "runtime": { "start": 22626172231, "end": 22626172267}
      },
      "1": {
       "copytime": { "start": 22626172297, "end": 22626172299},
       "maxRSS": {
        "post": 16384,
        "pre": 16384
       },
       "num-tuples": 3,
       "recursive-rule": {
        "@neglabel.Dis(q,r) :- \n   @neglabel.Dis(r,q).": {
         "0": {
          "maxRSS": {
           "post": 16384,
           "pre": 16384
          },
          "num-tuples": 0,
          "runtime": { "start": 22626172287, "end": 22626172288},
          "source-locator": " [1:1-1:1]"
         }
        },
        "@neglabel.Dis(q,r) :- \n   Tr(q,a,s),\n   Tr(r,a,t),\n   @neglabel.Dis(s,t).": {
         "0": {
          "maxRSS": {
           "post": 16384,
           "pre": 16384
          },
          "num-tuples": 3,
          "runtime": { "start": 22626172279, "end": 22626172282},
          "source-locator": " [1:1-1:1]"
         }
        }
       },
       "runtime": { "start": 22626172278, "end": 22626172292}
      },
      "2": {
       "copytime": { "start": 22626172318, "end": 22626172319},
       "maxRSS": {
        "post": 16384,
        "pre": 16384
       },
       "num-tuples": 2,
       "recursive-rule": {
        "@neglabel.Dis(q,r) :- \n   @neglabel.Dis(r,q).": {
         "0": {
          "maxRSS": {
           "post": 16384,
           "pre": 16384
          },
          "num-tuples": 0,
          "runtime": { "start": 22626172308, "end": 22626172309},
          "source-locator": " [1:1-1:1]"
         }
        },
        "@neglabel.Dis(q,r) :- \n   Tr(q,a,s),\n   Tr(r,a,t),\n   @neglabel.Dis(s,t).": {
         "0": {
          "maxRSS": {
           "post": 16384,
           "pre": 16384
          },
          "num-tuples": 2,
          "runtime": { "start": 22626172301, "end": 22626172304},
          "source-locator": " [1:1-1:1]"
         }
        }
       },
       "runtime": { "start": 22626172301, "end": 22626172313}
      },
      "3": {
       "maxRSS": {
        "post": 16384,
        "pre": 16384
       },
       "num-tuples": 0,
       "recursive-rule": {
        "@neglabel.Dis(q,r) :- \n   @neglabel.Dis(r,q).": {
         "0": {
          "maxRSS": {
           "post": 16384,
           "pre": 16384
          },
          "num-tuples": 0,
          "runtime": { "start": 22626172328, "end": 22626172329},
          "source-locator": " [1:1-1:1]"
         }
        },
        "@neglabel.Dis(q,r) :- \n   Tr(q,a,s),\n   Tr(r,a,t),\n   @neglabel.Dis(s,t).": {
         "0": {
          "maxRSS": {
           "post": 16384,
           "pre": 16384
          },
          "num-tuples": 0,
          "runtime": { "start": 22626172321, "end": 22626172324},
          "source-locator": " [1:1-1:1]"
         }
        }
       },
       "runtime": { "start": 22626172321, "end": 22626172332}
      }
     },
     "maxRSS": {
      "post": 16384,
      "pre": 16384
     },
     "non-recursive-rule": {
      "@neglabel.Dis(q,r) :- \n   @poscopy_1.Q.{f}(q),\n   @poscopy_1.Q.{f}(r),\n   Final(q),\n   !Final(r).": {
       "atom-frequency": {
        "@neglabel.Dis(q,r) :- \n   @poscopy_1.Q.{f}(q),\n   @poscopy_1.Q.{f}(r),\n   Final(q),\n   !Final(r).": {
         "@poscopy_1.Q.{f}": {
          "level": 0,
          "num-tuples": 0
         }
        }
       },
       "maxRSS": {
        "post": 16384,
        "pre": 16384
       },
       "num-tuples": 6,
       "runtime": { "start": 22626172219, "end": 22626172221},
       "source-locator": " [1:1-1:1]"
      }
     },
     "num-tuples": 6,
     "runtime": { "start": 22626172218, "end": 22626172227},
     "source-locator": "/root/souffle-src/tests/example/dfa_min/dfa_min.dl [22:7-22:10]"
    },
    "@neglabel.NotMinEquiv": {
     "maxRSS": {
      "post": 16384,
      "pre": 16384
     },
     "non-recursive-rule": {
      "@neglabel.NotMinEquiv(q,r) :- \n   @poscopy_1.Equiv.{ff}(q,r),\n   @poscopy_1.Equiv.{bf}(q,s),\n   s < r.": {
       "atom-frequency": {
        "@neglabel.NotMinEquiv(q,r) :- \n   @poscopy_1.Equiv.{ff}(q,r),\n   @poscopy_1.Equiv.{bf}(q,s),\n   s < r.": {
         "@poscopy_1.Equiv.{bf}": {
          "level": 1,
          "num-tuples": 0
         },
         "@poscopy_1.Equiv.{ff}": {
          "level": 0,
          "num-tuples": 0
         }
        }
       },
       "maxRSS": {
        "post": 16384,
        "pre": 16384
       },
       "num-tuples": 2,
       "runtime": { "start": 22626173356, "end": 22626173361},
       "source-locator": " [1:1-1:1]"
      }
     },
     "num-tuples": 2,
     "runtime": { "start": 22626173347, "end": 22626173371},
     "source-locator": "/root/souffle-src/tests/example/dfa_min/dfa_min.dl [32:7-32:18]"
    },
    "@poscopy_1.Equiv.{bf}": {
     "maxRSS": {
      "post": 16384,
      "pre": 16384
     },
     "non-recursive-rule": {
      "@poscopy_1.Equiv.{bf}(q,r) :- \n   @magic.@poscopy_1.Equiv.{bf}(q),\n   @poscopy_3.Q.{b}(q),\n   @poscopy_3.Q.{f}(r),\n   !@neglabel.Dis(q,r).": {
       "atom-frequency": {
        "@poscopy_1.Equiv.{bf}(q,r) :- \n   @magic.@poscopy_1.Equiv.{bf}(q),\n   @poscopy_3.Q.{b}(q),\n   @poscopy_3.Q.{f}(r),\n   !@neglabel.Dis(q,r).": {
         "@magic.@poscopy_1.Equiv.{bf}": {
          "level": 0,
          "num-tuples": 0
         },
         "@poscopy_3.Q.{f}": {
          "level": 2,
          "num-tuples": 0
         }
        }
       },
       "maxRSS": {
        "post": 16384,
        "pre": 16384
       },
       "num-tuples": 7,
       "runtime": { "start": 22626173332, "end": 22626173334},
       "source-locator": " [1:1-1:1]"
      }
     },
     "num-tuples": 7,
     "runtime": { "start": 22626173323, "end": 22626173343},
     "source-locator": " [1:1-1:1]"
    },
    "@poscopy_1.Equiv.{ff}": {
     "iteration": {
      "0": {
       "copytime": { "start": 22626172552, "end": 22626172553},
       "maxRSS": {
        "post": 16384,
        "pre": 16384
       },
       "num-tuples": 0,
       "recursive-rule": {
        "@poscopy_1.Equiv.{ff}(q,r) :- \n   @magic.@poscopy_1.Equiv.{ff}(),\n   @poscopy_3.Q.{f}(q),\n   @poscopy_3.Q.{f}(r),\n   !@neglabel.Dis(q,r).": {
         "0": {
          "atom-frequency": {
           "@new_@poscopy_1.Equiv.{ff}(q,r) :- \n   @magic.@poscopy_1.Equiv.{ff}(),\n   @delta_@poscopy_3.Q.{f}(q),\n   @poscopy_3.Q.{f}(r),\n   !@neglabel.Dis(q,r).": {
            "@delta_@poscopy_3.Q.{f}": {
             "level": 1,
             "num-tuples": 0
            },
            "@poscopy_3.Q.{f}": {
             "level": 2,
             "num-tuples": 0
            }
           }
          },
          "maxRSS": {
           "post": 16384,
           "pre": 16384
          },
          "num-tuples": 0,
          "runtime": { "start": 22626172444, "end": 22626172445},
          "source-locator": " [1:1-1:1]"
         },
         "1": {
          "atom-frequency": {
           "@new_@poscopy_1.Equiv.{ff}(q,r) :- \n   @magic.@poscopy_1.Equiv.{ff}(),\n   @poscopy_3.Q.{f}(q),\n   @delta_@poscopy_3.Q.{f}(r),\n   !@neglabel.Dis(q,r).": {
            "@delta_@poscopy_3.Q.{f}": {
             "level": 2,
             "num-tuples": 0
            },
            "@poscopy_3.Q.{f}": {
             "level": 1,
             "num-tuples": 0
            }
           }
          },
          "maxRSS": {
           "post": 16384,
           "pre": 16384
          },
          "num-tuples": 0,
          "runtime": { "start": 22626172454, "end": 22626172454},
          "source-locator": " [1:1-1:1]"
         }
        }
       },
       "runtime": { "start": 22626172435, "end": 22626172459}
      },
      "1": {
       "copytime": { "start": 22626172750, "end": 22626172752},
       "maxRSS": {
        "post": 16384,
        "pre": 16384
       },
       "num-tuples": 7,
       "recursive-rule": {
        "@poscopy_1.Equiv.{ff}(q,r) :- \n   @magic.@poscopy_1.Equiv.{ff}(),\n   @poscopy_3.Q.{f}(q),\n   @poscopy_3.Q.{f}(r),\n   !@neglabel.Dis(q,r).": {
         "0": {
          "maxRSS": {
           "post": 16384,
           "pre": 16384
          },
          "num-tuples": 0,
          "runtime": { "start": 22626172629, "end": 22626172632},
          "source-locator": " [1:1-1:1]"
         },
         "1": {
          "maxRSS": {
           "post": 16384,
           "pre": 16384
          },
          "num-tuples": 7,
          "runtime": { "start": 22626172637, "end": 22626172649},
          "source-locator": " [1:1-1:1]"
         }
        }
       },
       "runtime": { "start": 22626172629, "end": 22626172657}
      },
      "2": {
       "copytime": { "start": 22626172917, "end": 22626172927},
       "maxRSS": {
        "post": 16384,
        "pre": 16384
       },
       "num-tuples": 0,
       "recursive-rule": {
        "@poscopy_1.Equiv.{ff}(q,r) :- \n   @magic.@poscopy_1.Equiv.{ff}(),\n   @poscopy_3.Q.{f}(q),\n   @poscopy_3.Q.{f}(r),\n   !@neglabel.Dis(q,r).": {
         "0": {
          "maxRSS": {
           "post": 16384,
           "pre": 16384
          },
          "num-tuples": 0,
          "runtime": { "start": 22626172836, "end": 22626172836},
          "source-locator": " [1:1-1:1]"
         },
         "1": {
          "maxRSS": {
           "post": 16384,
           "pre": 16384
          },
          "num-tuples": 0,
          "runtime": { "start": 22626172844, "end": 22626172845},
          "source-locator": " [1:1-1:1]"
         }
        }
       },
       "runtime": { "start": 22626172827, "end": 22626172850}
      },
      "3": {
       "copytime": { "start": 22626173123, "end": 22626173124},
       "maxRSS": {
        "post": 16384,
        "pre": 16384
       },
       "num-tuples": 0,
       "recursive-rule": {
        "@poscopy_1.Equiv.{ff}(q,r) :- \n   @magic.@poscopy_1.Equiv.{ff}(),\n   @poscopy_3.Q.{f}(q),\n   @poscopy_3.Q.{f}(r),\n   !@neglabel.Dis(q,r).": {
         "0": {
          "maxRSS": {
           "post": 16384,
           "pre": 16384
          },
          "num-tuples": 0,
          "runtime": { "start": 22626173000, "end": 22626173001},
          "source-locator": " [1:1-1:1]"
         },
         "1": {
          "maxRSS": {
           "post": 16384,
           "pre": 16384
          },
          "num-tuples": 0,
          "runtime": { "start": 22626173009, "end": 22626173010},
          "source-locator": " [1:1-1:1]"
         }
        }
       },
       "runtime": { "start": 22626172991, "end": 22626173015}
      },
      "4": {
       "maxRSS": {
        "post": 16384,
        "pre": 16384
       },
       "num-tuples": 0,
       "recursive-rule": {
        "@poscopy_1.Equiv.{ff}(q,r) :- \n   @magic.@poscopy_1.Equiv.{ff}(),\n   @poscopy_3.Q.{f}(q),\n   @poscopy_3.Q.{f}(r),\n   !@neglabel.Dis(q,r).": {
         "0": {
          "maxRSS": {
           "post": 16384,
           "pre": 16384
          },
          "num-tuples": 0,
          "runtime": { "start": 22626173208, "end": 22626173209},
          "source-locator": " [1:1-1:1]"
         },
         "1": {
          "maxRSS": {
           "post": 16384,
           "pre": 16384
          },
          "num-tuples": 0,
          "runtime": { "start": 22626173218, "end": 22626173219},
          "source-locator": " [1:1-1:1]"
         }
        }
       },
       "runtime": { "start": 22626173199, "end": 22626173224}
      }
     },
     "num-tuples": 0,
     "source-locator": " [1:1-1:1]"
    },
    "@poscopy_1.Q.{f}": {
     "iteration": {
      "0": {
       "copytime": { "start": 22626172098, "end": 22626172109},
       "maxRSS": {
        "post": 16384,
        "pre": 16384
       },
       "num-tuples": 5,
       "recursive-rule": {
        "@poscopy_1.Q.{f}(q) :- \n   @magic.@poscopy_1.Q.{f}(),\n   Tr(q,_,_).": {
         "0": {
          "atom-frequency": {
           "@new_@poscopy_1.Q.{f}(q) :- \n   @delta_@magic.@poscopy_1.Q.{f}(),\n   Tr(q,_,_).": {
            "Tr": {
             "level": 1,
             "num-tuples": 0
            }
           }
          },
          "maxRSS": {
           "post": 16384,
           "pre": 16384
          },
          "num-tuples": 5,
          "runtime": { "start": 22626172069, "end": 22626172077},
          "source-locator": " [1:1-1:1]"
         }
        }
       },
       "runtime": { "start": 22626172068, "end": 22626172083}
      },
      "1": {
       "maxRSS": {
        "post": 16384,
        "pre": 16384
       },
       "num-tuples": 0,
       "recursive-rule": {
        "@poscopy_1.Q.{f}(q) :- \n   @magic.@poscopy_1.Q.{f}(),\n   Tr(q,_,_).": {
         "0": {
          "maxRSS": {
           "post": 16384,
           "pre": 16384
          },
          "num-tuples": 0,
          "runtime": { "start": 22626172126, "end": 22626172126},
          "source-locator": " [1:1-1:1]"
         }
        }
       },
       "runtime": { "start": 22626172125, "end": 22626172131}
      }
     },
     "num-tuples": 0,
     "source-locator": " [1:1-1:1]"
    },
    "@poscopy_3.Q.{b}": {
     "iteration": {
      "0": {
       "copytime": { "start": 22626172556, "end": 22626172557},
       "maxRSS": {
        "post": 16384,
        "pre": 16384
       },
       "num-tuples": 0,
       "recursive-rule": {
        "@poscopy_3.Q.{b}(q) :- \n   @magic.@poscopy_1.Equiv.{bf}(q),\n   Tr(q,_,_).": {
         "0": {
          "atom-frequency": {
           "@new_@poscopy_3.Q.{b}(q) :- \n   @delta_@magic.@poscopy_1.Equiv.{bf}(q),\n   Tr(q,_,_).": {
            "@delta_@magic.@poscopy_1.Equiv.{bf}": {
             "level": 0,
             "num-tuples": 0
            }
           }
          },
          "maxRSS": {
           "post": 16384,
           "pre": 16384
          },
          "num-tuples": 0,
          "runtime": { "start": 22626172472, "end": 22626172473},
          "source-locator": " [1:1-1:1]"
         }
        }
       },
       "runtime": { "start": 22626172463, "end": 22626172480}
      },
      "1": {
       "copytime": { "start": 22626172754, "end": 22626172764},
       "maxRSS": {
        "post": 16384,
        "pre": 16384
       },
       "num-tuples": 0,
       "recursive-rule": {
        "@poscopy_3.Q.{b}(q) :- \n   @magic.@poscopy_1.Equiv.{bf}(q),\n   Tr(q,_,_).": {
         "0": {
          "maxRSS": {
           "post": 16384,
           "pre": 16384
          },
          "num-tuples": 0,
          "runtime": { "start": 22626172670, "end": 22626172671},
          "source-locator": " [1:1-1:1]"
         }
        }
       },
       "runtime": { "start": 22626172661, "end": 22626172678}
      },
      "2": {
       "copytime": { "start": 22626172931, "end": 22626172932},
       "maxRSS": {
        "post": 16384,
        "pre": 16384
       },
       "num-tuples": 0,
       "recursive-rule": {
        "@poscopy_3.Q.{b}(q) :- \n   @magic.@poscopy_1.Equiv.{bf}(q),\n   Tr(q,_,_).": {
         "0": {
          "maxRSS": {
           "post": 16384,
           "pre": 16384
          },
          "num-tuples": 0,
          "runtime": { "start": 22626172863, "end": 22626172863},
          "source-locator": " [1:1-1:1]"
         }
        }
       },
       "runtime": { "start": 22626172853, "end": 22626172871}
      },
      "3": {
       "copytime": { "start": 22626173126, "end": 22626173127},
       "maxRSS": {
        "post": 16384,
        "pre": 16384
       },
       "num-tuples": 5,
       "recursive-rule": {
        "@poscopy_3.Q.{b}(q) :- \n   @magic.@poscopy_1.Equiv.{bf}(q),\n   Tr(q,_,_).": {
         "0": {
          "maxRSS": {
           "post": 16384,
           "pre": 16384
          },
          "num-tuples": 5,
          "runtime": { "start": 22626173027, "end": 22626173029},
          "source-locator": " [1:1-1:1]"
         }
        }
       },
       "runtime": { "start": 22626173018, "end": 22626173038}
      },
      "4": {
       "maxRSS": {
        "post": 16384,
        "pre": 16384
       },
       "num-tuples": 0,
       "recursive-rule": {
        "@poscopy_3.Q.{b}(q) :- \n   @magic.@poscopy_1.Equiv.{bf}(q),\n   Tr(q,_,_).": {
         "0": {
          "maxRSS": {
           "post": 16384,
           "pre": 16384
          },
          "num-tuples": 0,
          "runtime": { "start": 22626173239, "end": 22626173240},
          "source-locator": " [1:1-1:1]"
         }
        }
       },
       "runtime": { "start": 22626173227, "end": 22626173249}
      }
     },
     "num-tuples": 0,
     "source-locator": " [1:1-1:1]"
    },
    "@poscopy_3.Q.{f}": {
     "iteration": {
      "0": {
       "copytime": { "start": 22626172559, "end": 22626172568},
       "maxRSS": {
        "post": 16384,
        "pre": 16384
       },
       "num-tuples": 5,
       "recursive-rule": {
        "@poscopy_3.Q.{f}(q) :- \n   @magic.@poscopy_3.Q.{f}(),\n   Tr(q,_,_).": {
         "0": {
          "atom-frequency": {
           "@new_@poscopy_3.Q.{f}(q) :- \n   @delta_@magic.@poscopy_3.Q.{f}(),\n   Tr(q,_,_).": {
            "Tr": {
             "level": 1,
             "num-tuples": 0
            }
           }
          },
          "maxRSS": {
           "post": 16384,
           "pre": 16384
          },
          "num-tuples": 5,
          "runtime": { "start": 22626172485, "end": 22626172486},
          "source-locator": " [1:1-1:1]"
         }
        }
       },
       "runtime": { "start": 22626172484, "end": 22626172491}
      },
      "1": {
       "copytime": { "start": 22626172768, "end": 22626172769},
       "maxRSS": {
        "post": 16384,
        "pre": 16384
       },
       "num-tuples": 0,
       "recursive-rule": {
        "@poscopy_3.Q.{f}(q) :- \n   @magic.@poscopy_3.Q.{f}(),\n   Tr(q,_,_).": {
         "0": {
          "maxRSS": {
           "post": 16384,
           "pre": 16384
          },
          "num-tuples": 0,
          "runtime": { "start": 22626172691, "end": 22626172692},
          "source-locator": " [1:1-1:1]"
         }
        }
       },
       "runtime": { "start": 22626172682, "end": 22626172700}
      },
      "2": {
       "copytime": { "start": 22626172935, "end": 22626172935},
       "maxRSS": {
        "post": 16384,
        "pre": 16384
       },
       "num-tuples": 0,
       "recursive-rule": {
        "@poscopy_3.Q.{f}(q) :- \n   @magic.@poscopy_3.Q.{f}(),\n   Tr(q,_,_).": {
         "0": {
          "maxRSS": {
           "post": 16384,
           "pre": 16384
          },
          "num-tuples": 0,
          "runtime": { "start": 22626172876, "end": 22626172876},
          "source-locator": " [1:1-1:1]"
         }
        }
       },
       "runtime": { "start": 22626172875, "end": 22626172881}
      },
      "3": {
       "copytime": { "start": 22626173129, "end": 22626173130},
       "maxRSS": {
        "post": 16384,
        "pre": 16384
       },
       "num-tuples": 0,
       "recursive-rule": {
        "@poscopy_3.Q.{f}(q) :- \n   @magic.@poscopy_3.Q.{f}(),\n   Tr(q,_,_).": {
         "0": {
          "maxRSS": {
           "post": 16384,
           "pre": 16384
          },
          "num-tuples": 0,
          "runtime": { "start": 22626173052, "end": 22626173053},
          "source-locator": " [1:1-1:1]"
         }
        }
       },
       "runtime": { "start": 22626173043, "end": 22626173061}
      },
      "4": {
       "maxRSS": {
        "post": 16384,
        "pre": 16384
       },
       "num-tuples": 0,
       "recursive-rule": {
        "@poscopy_3.Q.{f}(q) :- \n   @magic.@poscopy_3.Q.{f}(),\n   Tr(q,_,_).": {
         "0": {
          "maxRSS": {
           "post": 16384,
           "pre": 16384
          },
          "num-tuples": 0,
          "runtime": { "start": 22626173262, "end": 22626173263},
          "source-locator": " [1:1-1:1]"
         }
        }
       },
       "runtime": { "start": 22626173253, "end": 22626173276}
      }
     },
     "num-tuples": 0,
     "source-locator": " [1:1-1:1]"
    },
    "Equiv.{ff}": {
     "maxRSS": {
      "post": 16384,
      "pre": 16384
     },
     "non-recursive-rule": {
      "Equiv.{ff}(q,r) :- \n   @magic.@poscopy_1.Equiv.{ff}(),\n   Q.{f}(q),\n   Q.{f}(r),\n   !@neglabel.Dis(q,r).": {
       "atom-frequency": {
        "Equiv.{ff}(q,r) :- \n   @magic.@poscopy_1.Equiv.{ff}(),\n   Q.{f}(q),\n   Q.{f}(r),\n   !@neglabel.Dis(q,r).": {
         "Q.{f}": {
          "level": 1,
          "num-tuples": 0
         }
        }
       },
       "maxRSS": {
        "post": 16384,
        "pre": 16384
       },
       "num-tuples": 7,
       "runtime": { "start": 22626173310, "end": 22626173312},
       "source-locator": " [1:1-1:1]"
      }
     },
     "num-tuples": 7,
     "reads": 0,
     "runtime": { "start": 22626173309, "end": 22626173318},
     "source-locator": " [1:1-1:1]"
    },
    "Final": {
     "loadtime": { "start": 22626171120, "end": 22626171683},
     "num-tuples": 2,
     "reads": 15,
     "source-locator": "/root/souffle-src/tests/example/dfa_min/dfa_min.dl [12:7-12:12]"
    },
    "MinEquiv": {
     "maxRSS": {
      "post": 16384,
      "pre": 16384
     },
     "non-recursive-rule": {
      "MinEquiv(q,r) :- \n   Equiv.{ff}(q,r),\n   !@neglabel.NotMinEquiv(q,r).": {
       "atom-frequency": {
        "MinEquiv(q,r) :- \n   Equiv.{ff}(q,r),\n   !@neglabel.NotMinEquiv(q,r).": {
         "Equiv.{ff}": {
          "level": 0,
          "num-tuples": 0
         }
        }
       },
       "maxRSS": {
        "post": 16384,
        "pre": 16384
       },
       "num-tuples": 5,
       "runtime": { "start": 22626173385, "end": 22626173387},
       "source-locator": " [1:1-1:1]"
      }
     },
     "num-tuples": 5,
     "reads": 0,
     "runtime": { "start": 22626173376, "end": 22626173396},
     "savetime": { "start": 22626173400, "end": 22626173478},
     "source-locator": "/root/souffle-src/tests/example/dfa_min/dfa_min.dl [33:7-33:15]"
    },
    "Q.{f}": {
     "iteration": {
      "0": {
       "copytime": { "start": 22626172195, "end": 22626172196},
       "maxRSS": {
        "post": 16384,
        "pre": 16384
       },
       "num-tuples": 5,
       "recursive-rule": {
        "Q.{f}(q) :- \n   @magic.Q.{f}(),\n   Tr(q,_,_).": {
         "0": {
          "atom-frequency": {
           "@new_Q.{f}(q) :- \n   @delta_@magic.Q.{f}(),\n   Tr(q,_,_).": {
            "Tr": {
             "level": 1,
             "num-tuples": 0
            }
           }
          },
          "maxRSS": {
           "post": 16384,
           "pre": 16384
          },
          "num-tuples": 5,
          "runtime": { "start": 22626172167, "end": 22626172169},
          "source-locator": " [1:1-1:1]"
         }
        }
       },
       "runtime": { "start": 22626172166, "end": 22626172173}
      },
      "1": {
       "maxRSS": {
        "post": 16384,
        "pre": 16384
       },
       "num-tuples": 0,
       "recursive-rule": {
        "Q.{f}(q) :- \n   @magic.Q.{f}(),\n   Tr(q,_,_).": {
         "0": {
          "maxRSS": {
           "post": 16384,
           "pre": 16384
          },
          "num-tuples": 0,
          "runtime": { "start": 22626172206, "end": 22626172206},
          "source-locator": " [1:1-1:1]"
         }
        }
       },
       "runtime": { "start": 22626172205, "end": 22626172210}
      }
     },
     "num-tuples": 0,
     "reads": 10,
     "source-locator": " [1:1-1:1]"
    },
    "Tr": {
     "loadtime": { "start": 22626171697, "end": 22626171995},
     "num-tuples": 10,
     "reads": 5,
     "source-locator": "/root/souffle-src/tests/example/dfa_min/dfa_min.dl [13:7-13:9]"
    }
   },
   "runtime": { "start": 22626171083, "end": 22626173483},
   "starttime": { "time": 22626171035},
   "usage": {
    "timepoint": {
     "22626171064": {
      "maxRSS": 16384,
      "systemtime": 1822,
      "usertime": 1822
     },
     "22626171130": {
      "maxRSS": 16384,
      "systemtime": 3390,
      "usertime": 3390
     },
     "22626171773": {
      "maxRSS": 16384,
      "systemtime": 3509,
      "usertime": 3509
     },
     "22626172072": {
      "maxRSS": 16384,
      "systemtime": 3536,
      "usertime": 3622
     },
     "22626172091": {
      "maxRSS": 16384,
      "systemtime": 3536,
      "usertime": 3660
     },
     "22626172208": {
      "maxRSS": 16384,
      "systemtime": 3536,
      "usertime": 3789
     },
     "22626172216": {
      "maxRSS": 16384,
      "systemtime": 3536,
      "usertime": 3806
     },
     "22626172322": {
      "maxRSS": 16384,
      "systemtime": 3536,
      "usertime": 3926
     },
     "22626172358": {
      "maxRSS": 16384,
      "systemtime": 3536,
      "usertime": 3969
     },
     "22626172384": {
      "maxRSS": 16384,
      "systemtime": 3536,
      "usertime": 4000
     },
     "22626172406": {
      "maxRSS": 16384,
      "systemtime": 3536,
      "usertime": 4028
     },
     "22626172429": {
      "maxRSS": 16384,
      "systemtime": 3536,
      "usertime": 4058
     },
     "22626172452": {
      "maxRSS": 16384,
      "systemtime": 3536,
      "usertime": 4087
     },
     "22626172479": {
      "maxRSS": 16384,
      "systemtime": 3536,
      "usertime": 4121
     },
     "22626172510": {
      "maxRSS": 16384,
      "systemtime": 3536,
      "usertime": 4167
     },
     "22626172531": {
      "maxRSS": 16384,
      "systemtime": 3536,
      "usertime": 4195
     },
     "22626172554": {
      "maxRSS": 16384,
      "systemtime": 3536,
      "usertime": 4224
     },
     "22626172575": {
      "maxRSS": 16384,
      "systemtime": 3536,
      "usertime": 4252
     },
     "22626172602": {
      "maxRSS": 16384,
      "systemtime": 3536,
      "usertime": 4279
     },
     "22626172624": {
      "maxRSS": 16384,
      "systemtime": 3536,
      "usertime": 4308
     },
     "22626172629": {
      "maxRSS": 16384,
      "systemtime": 3536,
      "usertime": 4325
     },
     "22626172653": {
      "maxRSS": 16384,
      "systemtime": 3536,
      "usertime": 4350
     },
     "22626172677": {
      "maxRSS": 16384,
      "systemtime": 3536,
      "usertime": 4378
     },
     "22626172698": {
      "maxRSS": 16384,
      "systemtime": 3536,
      "usertime": 4406
     },
     "22626172719": {
      "maxRSS": 16384,
      "systemtime": 3536,
      "usertime": 4439
     },
     "22626172740": {
      "maxRSS": 16384,
      "systemtime": 3536,
      "usertime": 4466
     },
     "22626172750": {
      "maxRSS": 16384,
      "systemtime": 3536,
      "usertime": 4485
     },
     "22626172771": {
      "maxRSS": 16384,
      "systemtime": 3536,
      "usertime": 4508
     },
     "22626172799": {
      "maxRSS": 16384,
      "systemtime": 3536,
      "usertime": 4539
     },
     "22626172822": {
      "maxRSS": 16384,
      "systemtime": 3536,
      "usertime": 4567
     },
     "22626172843": {
      "maxRSS": 16384,
      "systemtime": 3536,
      "usertime": 4595
     },
     "22626172870": {
      "maxRSS": 16384,
      "systemtime": 3536,
      "usertime": 4629
     },
     "22626172876": {
      "maxRSS": 16384,
      "systemtime": 3536,
      "usertime": 4648
     },
     "22626172900": {
      "maxRSS": 16384,
      "systemtime": 3536,
      "usertime": 4675
     },
     "22626172912": {
      "maxRSS": 16384,
      "systemtime": 3536,
      "usertime": 4696
     },
     "22626172934": {
      "maxRSS": 16384,
      "systemtime": 3536,
      "usertime": 4723
     },
     "22626172939": {
      "maxRSS": 16384,
      "systemtime": 3536,
      "usertime": 4735
     },
     "22626172964": {
      "maxRSS": 16384,
      "systemtime": 3536,
      "usertime": 4759
     },
     "22626172987": {
      "maxRSS": 16384,
      "systemtime": 3536,
      "usertime": 4789
     },
     "22626173008": {
      "maxRSS": 16384,
      "systemtime": 3536,
      "usertime": 4817
     },
     "22626173034": {
      "maxRSS": 16384,
      "systemtime": 3536,
      "usertime": 4851
     },
     "22626173060": {
      "maxRSS": 16384,
      "systemtime": 3536,
      "usertime": 4882
     },
     "22626173082": {
      "maxRSS": 16384,
      "systemtime": 3536,
      "usertime": 4916
     },
     "22626173104": {
      "maxRSS": 16384,
      "systemtime": 3536,
      "usertime": 4945
     },
     "22626173126": {
      "maxRSS": 16384,
      "systemtime": 3536,
      "usertime": 4973
     },
     "22626173148": {
      "maxRSS": 16384,
      "systemtime": 3536,
      "usertime": 4999
     },
     "22626173171": {
      "maxRSS": 16384,
      "systemtime": 3536,
      "usertime": 5028
     },
     "22626173194": {
      "maxRSS": 16384,
      "systemtime": 3536,
      "usertime": 5057
     },
     "22626173215": {
      "maxRSS": 16384,
      "systemtime": 3536,
      "usertime": 5086
     },
     "22626173246": {
      "maxRSS": 16384,
      "systemtime": 3536,
      "usertime": 5123
     },
     "22626173273": {
      "maxRSS": 16384,
      "systemtime": 3536,
      "usertime": 5153
     },
     "22626173296": {
      "maxRSS": 16384,
      "systemtime": 3536,
      "usertime": 5193
     },
     "22626173308": {
      "maxRSS": 16384,
      "systemtime": 3536,
      "usertime": 5210
     },
     "22626173339": {
      "maxRSS": 16384,
      "systemtime": 3536,
      "usertime": 5245
     },
     "22626173366": {
      "maxRSS": 16384,
      "systemtime": 3536,
      "usertime": 5281
     },
     "22626173393": {
      "maxRSS": 16384,
      "systemtime": 3536,
      "usertime": 5314
     },
     "22626173420": {
      "maxRSS": 16384,
      "systemtime": 3536,
      "usertime": 5334
     }
    }
   }
  }
 }
}
