{
 "root": {
  "program": {
   "configuration": {
    "": "/root/compiler/tests/corpus/BENCHMARK_FAMILY/guarded/ancestor_nonancestor_guarded_v2.dl",
    "fact-dir": "/root/compiler/fixtures/benchmark-family/ancestor_nonancestor/n2000",
    "include-dir": ".",
    "jobs": "1",
    "libraries": "functors",
    "library-dir": ".",
    "output-dir": "/root/compiler/measurements/night03-t5/n2000/orig_vs_v2/candidate",
    "profile": "prof.log",
    "relationCount": "6",
    "ruleCount": "7",
    "version": "2.5",
    "warn": "all",
    "wno": "none"
   },
   "relation": {
    "ancestor_bf2": {
     "iteration": {
      "0": {
       "maxRSS": {
        "post": 12560,
        "pre": 12560
       },
       "num-tuples": 0,
       "recursive-rule": {
        "ancestor_bf2(x,y) :- \n   m_nonancestor(x),\n   parent(x,z),\n   ancestor_bf2(z,y).": {
         "0": {
          "atom-frequency": {
           "@new_ancestor_bf2(x,y) :- \n   m_nonancestor(x),\n   parent(x,z),\n   @delta_ancestor_bf2(z,y).": {
            "@delta_ancestor_bf2": {
             "level": 2,
             "num-tuples": 0
            },
            "m_nonancestor": {
             "level": 0,
             "num-tuples": 0
            },
            "parent": {
             "level": 1,
             "num-tuples": 0
            }
           }
          },
          "maxRSS": {
           "post": 12560,
           "pre": 12560
          },
          "num-tuples": 0,
          "runtime": { "start": 1899112452, "end": 1899112454},
          "source-locator": "/root/compiler/tests/corpus/BENCHMARK_FAMILY/guarded/ancestor_nonancestor_guarded_v2.dl [36:1-36:71]"
         }
        }
       },
       "runtime": { "start": 1899112443, "end": 1899112465}
      }
     },
     "maxRSS": {
      "post": 12560,
      "pre": 12560
     },
     "non-recursive-rule": {
      "ancestor_bf2(x,y) :- \n   m_nonancestor(x),\n   parent(x,y).": {
       "atom-frequency": {
        "ancestor_bf2(x,y) :- \n   m_nonancestor(x),\n   parent(x,y).": {
         "m_nonancestor": {
          "level": 0,
          "num-tuples": 0
         },
         "parent": {
          "level": 1,
          "num-tuples": 0
         }
        }
       },
       "maxRSS": {
        "post": 12560,
        "pre": 12560
       },
       "num-tuples": 7,
       "runtime": { "start": 1899112421, "end": 1899112427},
       "source-locator": "/root/compiler/tests/corpus/BENCHMARK_FAMILY/guarded/ancestor_nonancestor_guarded_v2.dl [35:1-35:52]"
      }
     },
     "num-tuples": 7,
     "reads": 2000,
     "runtime": { "start": 1899112410, "end": 1899112436},
     "source-locator": "/root/compiler/tests/corpus/BENCHMARK_FAMILY/guarded/ancestor_nonancestor_guarded_v2.dl [34:7-34:19]"
    },
    "m_nonancestor": {
     "maxRSS": {
      "post": 12048,
      "pre": 11920
     },
     "non-recursive-rule": {
      "m_nonancestor(1).": {
       "maxRSS": {
        "post": 12048,
        "pre": 11920
       },
       "num-tuples": 1,
       "runtime": { "start": 1899111108, "end": 1899111113},
       "source-locator": "/root/compiler/tests/corpus/BENCHMARK_FAMILY/guarded/ancestor_nonancestor_guarded_v2.dl [32:1-32:18]"
      }
     },
     "num-tuples": 1,
     "reads": 0,
     "runtime": { "start": 1899111107, "end": 1899111122},
     "source-locator": "/root/compiler/tests/corpus/BENCHMARK_FAMILY/guarded/ancestor_nonancestor_guarded_v2.dl [31:7-31:20]"
    },
    "nonancestor_bf2": {
     "maxRSS": {
      "post": 12688,
      "pre": 12560
     },
     "non-recursive-rule": {
      "nonancestor_bf2(x,y) :- \n   m_nonancestor(x),\n   person(x),\n   person(y),\n   !ancestor_bf2(x,y).": {
       "atom-frequency": {
        "nonancestor_bf2(x,y) :- \n   m_nonancestor(x),\n   person(x),\n   person(y),\n   !ancestor_bf2(x,y).": {
         "m_nonancestor": {
          "level": 0,
          "num-tuples": 0
         },
         "person": {
          "level": 2,
          "num-tuples": 0
         }
        }
       },
       "maxRSS": {
        "post": 12688,
        "pre": 12560
       },
       "num-tuples": 1993,
       "runtime": { "start": 1899112509, "end": 1899112656},
       "source-locator": "/root/compiler/tests/corpus/BENCHMARK_FAMILY/guarded/ancestor_nonancestor_guarded_v2.dl [39:1-39:84]"
      }
     },
     "num-tuples": 1993,
     "reads": 0,
     "runtime": { "start": 1899112497, "end": 1899112665},
     "source-locator": "/root/compiler/tests/corpus/BENCHMARK_FAMILY/guarded/ancestor_nonancestor_guarded_v2.dl [38:7-38:22]"
    },
    "parent": {
     "loadtime": { "start": 1899111127, "end": 1899112176},
     "num-tuples": 4000,
     "reads": 0,
     "source-locator": "/root/compiler/tests/corpus/BENCHMARK_FAMILY/guarded/ancestor_nonancestor_guarded_v2.dl [26:7-26:13]"
    },
    "person": {
     "loadtime": { "start": 1899112187, "end": 1899112402},
     "num-tuples": 2000,
     "reads": 1,
     "source-locator": "/root/compiler/tests/corpus/BENCHMARK_FAMILY/guarded/ancestor_nonancestor_guarded_v2.dl [28:7-28:13]"
    },
    "q_nonancestor": {
     "maxRSS": {
      "post": 12688,
      "pre": 12688
     },
     "non-recursive-rule": {
      "q_nonancestor(y) :- \n   nonancestor_bf2(1,y).": {
       "atom-frequency": {
        "q_nonancestor(y) :- \n   nonancestor_bf2(1,y).": {
         "nonancestor_bf2": {
          "level": 0,
          "num-tuples": 0
         }
        }
       },
       "maxRSS": {
        "post": 12688,
        "pre": 12688
       },
       "num-tuples": 1993,
       "runtime": { "start": 1899112681, "end": 1899112739},
       "source-locator": "/root/compiler/tests/corpus/BENCHMARK_FAMILY/guarded/ancestor_nonancestor_guarded_v2.dl [43:1-43:42]"
      }
     },
     "num-tuples": 1993,
     "reads": 0,
     "runtime": { "start": 1899112671, "end": 1899112747},
     "savetime": { "start": 1899112751, "end": 1899113186},
     "source-locator": "/root/compiler/tests/corpus/BENCHMARK_FAMILY/guarded/ancestor_nonancestor_guarded_v2.dl [41:7-41:20]"
    }
   },
   "runtime": { "start": 1899111097, "end": 1899113197},
   "starttime": { "time": 1899111067},
   "usage": {
    "timepoint": {
     "1899111119": {
      "maxRSS": 12048,
      "systemtime": 0,
      "usertime": 3967
     },
     "1899112260": {
      "maxRSS": 12560,
      "systemtime": 0,
      "usertime": 5079
     },
     "1899112427": {
      "maxRSS": 12560,
      "systemtime": 0,
      "usertime": 5330
     },
     "1899112458": {
      "maxRSS": 12560,
      "systemtime": 0,
      "usertime": 5365
     },
     "1899112485": {
      "maxRSS": 12560,
      "systemtime": 0,
      "usertime": 5396
     },
     "1899112515": {
      "maxRSS": 12688,
      "systemtime": 0,
      "usertime": 5433
     },
     "1899112686": {
      "maxRSS": 12688,
      "systemtime": 0,
      "usertime": 5612
     },
     "1899112766": {
      "maxRSS": 12688,
      "systemtime": 0,
      "usertime": 5694
     }
    }
   }
  }
 }
}
