{
 "root": {
  "program": {
   "configuration": {
    "": "/root/compiler/tests/corpus/BENCHMARK_FAMILY/culprit_cycle.dl",
    "fact-dir": "/root/compiler/fixtures/benchmark-family/culprit_cycle/n500",
    "include-dir": ".",
    "jobs": "1",
    "libraries": "functors",
    "library-dir": ".",
    "magic-transform": "*",
    "output-dir": "/root/compiler/measurements/m3-5-headline-m4/family/culprit_cycle/n500/souffle",
    "profile": "prof.log",
    "relationCount": "6",
    "ruleCount": "21",
    "version": "2.5",
    "warn": "all",
    "wno": "none"
   },
   "relation": {
    "@magic.@poscopy_1.q.{ff}": {
     "maxRSS": {
      "post": 16112,
      "pre": 16112
     },
     "non-recursive-rule": {
      "@magic.@poscopy_1.q.{ff}().": {
       "maxRSS": {
        "post": 16112,
        "pre": 16112
       },
       "num-tuples": 1,
       "runtime": { "start": 22226970158, "end": 22226970160},
       "source-locator": " [1:1-1:1]"
      }
     },
     "num-tuples": 1,
     "runtime": { "start": 22226970155, "end": 22226970182},
     "source-locator": " [1:1-1:1]"
    },
    "@magic.p.{bf}": {
     "maxRSS": {
      "post": 16112,
      "pre": 16112
     },
     "non-recursive-rule": {
      "@magic.p.{bf}(1).": {
       "maxRSS": {
        "post": 16112,
        "pre": 16112
       },
       "num-tuples": 1,
       "runtime": { "start": 22226970189, "end": 22226970192},
       "source-locator": " [1:1-1:1]"
      }
     },
     "num-tuples": 1,
     "runtime": { "start": 22226970188, "end": 22226970199},
     "source-locator": " [1:1-1:1]"
    },
    "@magic.q.{bf}": {
     "iteration": {
      "0": {
       "copytime": { "start": 22227009939, "end": 22227009940},
       "maxRSS": {
        "post": 16112,
        "pre": 16112
       },
       "num-tuples": 2,
       "recursive-rule": {
        "@magic.q.{bf}(z) :- \n   @magic.p.{bf}(x),\n   p.{bf}(x,z).": {
         "0": {
          "atom-frequency": {
           "@new_@magic.q.{bf}(z) :- \n   @magic.p.{bf}(x),\n   @delta_p.{bf}(x,z).": {
            "@delta_p.{bf}": {
             "level": 1,
             "num-tuples": 0
            },
            "@magic.p.{bf}": {
             "level": 0,
             "num-tuples": 0
            }
           }
          },
          "maxRSS": {
           "post": 16112,
           "pre": 16112
          },
          "num-tuples": 2,
          "runtime": { "start": 22227009856, "end": 22227009858},
          "source-locator": " [1:1-1:1]"
         }
        }
       },
       "runtime": { "start": 22227009855, "end": 22227009866}
      },
      "1": {
       "copytime": { "start": 22227009994, "end": 22227009995},
       "maxRSS": {
        "post": 16112,
        "pre": 16112
       },
       "num-tuples": 0,
       "recursive-rule": {
        "@magic.q.{bf}(z) :- \n   @magic.p.{bf}(x),\n   p.{bf}(x,z).": {
         "0": {
          "maxRSS": {
           "post": 16112,
           "pre": 16112
          },
          "num-tuples": 0,
          "runtime": { "start": 22227009948, "end": 22227009949},
          "source-locator": " [1:1-1:1]"
         }
        }
       },
       "runtime": { "start": 22227009948, "end": 22227009954}
      },
      "2": {
       "copytime": { "start": 22227010078, "end": 22227010079},
       "maxRSS": {
        "post": 16112,
        "pre": 16112
       },
       "num-tuples": 0,
       "recursive-rule": {
        "@magic.q.{bf}(z) :- \n   @magic.p.{bf}(x),\n   p.{bf}(x,z).": {
         "0": {
          "maxRSS": {
           "post": 16112,
           "pre": 16112
          },
          "num-tuples": 0,
          "runtime": { "start": 22227010002, "end": 22227010003},
          "source-locator": " [1:1-1:1]"
         }
        }
       },
       "runtime": { "start": 22227010002, "end": 22227010007}
      },
      "3": {
       "copytime": { "start": 22227010137, "end": 22227010138},
       "maxRSS": {
        "post": 16112,
        "pre": 16112
       },
       "num-tuples": 1,
       "recursive-rule": {
        "@magic.q.{bf}(z) :- \n   @magic.p.{bf}(x),\n   p.{bf}(x,z).": {
         "0": {
          "maxRSS": {
           "post": 16112,
           "pre": 16112
          },
          "num-tuples": 1,
          "runtime": { "start": 22227010087, "end": 22227010088},
          "source-locator": " [1:1-1:1]"
         }
        }
       },
       "runtime": { "start": 22227010087, "end": 22227010094}
      },
      "4": {
       "maxRSS": {
        "post": 16112,
        "pre": 16112
       },
       "num-tuples": 0,
       "recursive-rule": {
        "@magic.q.{bf}(z) :- \n   @magic.p.{bf}(x),\n   p.{bf}(x,z).": {
         "0": {
          "maxRSS": {
           "post": 16112,
           "pre": 16112
          },
          "num-tuples": 0,
          "runtime": { "start": 22227010145, "end": 22227010146},
          "source-locator": " [1:1-1:1]"
         }
        }
       },
       "runtime": { "start": 22227010145, "end": 22227010150}
      }
     },
     "num-tuples": 0,
     "source-locator": " [1:1-1:1]"
    },
    "@neglabel.s": {
     "maxRSS": {
      "post": 16112,
      "pre": 16112
     },
     "non-recursive-rule": {
      "@neglabel.s(x) :- \n   @poscopy_1.q.{ff}(x,y),\n   blocked(y).": {
       "atom-frequency": {
        "@neglabel.s(x) :- \n   @poscopy_1.q.{ff}(x,y),\n   blocked(y).": {
         "@poscopy_1.q.{ff}": {
          "level": 0,
          "num-tuples": 0
         }
        }
       },
       "maxRSS": {
        "post": 16112,
        "pre": 16112
       },
       "num-tuples": 340,
       "runtime": { "start": 22227006859, "end": 22227009643},
       "source-locator": " [1:1-1:1]"
      }
     },
     "num-tuples": 340,
     "runtime": { "start": 22227006858, "end": 22227009654},
     "source-locator": "/root/compiler/tests/corpus/BENCHMARK_FAMILY/culprit_cycle.dl [24:7-24:8]"
    },
    "@poscopy_1.q.{ff}": {
     "iteration": {
      "0": {
       "copytime": { "start": 22226971021, "end": 22226971107},
       "maxRSS": {
        "post": 16112,
        "pre": 16112
       },
       "num-tuples": 1138,
       "recursive-rule": {
        "@poscopy_1.q.{ff}(x,y) :- \n   @magic.@poscopy_1.q.{ff}(),\n   @poscopy_1.q.{ff}(x,z),\n   base(z,y).": {
         "0": {
          "atom-frequency": {
           "@new_@poscopy_1.q.{ff}(x,y) :- \n   @magic.@poscopy_1.q.{ff}(),\n   @delta_@poscopy_1.q.{ff}(x,z),\n   base(z,y).": {
            "@delta_@poscopy_1.q.{ff}": {
             "level": 1,
             "num-tuples": 0
            },
            "base": {
             "level": 2,
             "num-tuples": 0
            }
           }
          },
          "maxRSS": {
           "post": 16112,
           "pre": 16112
          },
          "num-tuples": 1138,
          "runtime": { "start": 22226970769, "end": 22226970991},
          "source-locator": " [1:1-1:1]"
         }
        }
       },
       "runtime": { "start": 22226970759, "end": 22226971001}
      },
      "1": {
       "copytime": { "start": 22226971493, "end": 22226971662},
       "maxRSS": {
        "post": 16112,
        "pre": 16112
       },
       "num-tuples": 1712,
       "recursive-rule": {
        "@poscopy_1.q.{ff}(x,y) :- \n   @magic.@poscopy_1.q.{ff}(),\n   @poscopy_1.q.{ff}(x,z),\n   base(z,y).": {
         "0": {
          "maxRSS": {
           "post": 16112,
           "pre": 16112
          },
          "num-tuples": 1712,
          "runtime": { "start": 22226971121, "end": 22226971464},
          "source-locator": " [1:1-1:1]"
         }
        }
       },
       "runtime": { "start": 22226971112, "end": 22226971474}
      },
      "10": {
       "copytime": { "start": 22226989529, "end": 22226990196},
       "maxRSS": {
        "post": 16112,
        "pre": 16112
       },
       "num-tuples": 6245,
       "recursive-rule": {
        "@poscopy_1.q.{ff}(x,y) :- \n   @magic.@poscopy_1.q.{ff}(),\n   @poscopy_1.q.{ff}(x,z),\n   base(z,y).": {
         "0": {
          "maxRSS": {
           "post": 16112,
           "pre": 16112
          },
          "num-tuples": 6245,
          "runtime": { "start": 22226987381, "end": 22226989493},
          "source-locator": " [1:1-1:1]"
         }
        }
       },
       "runtime": { "start": 22226987370, "end": 22226989505}
      },
      "11": {
       "copytime": { "start": 22226992172, "end": 22226992798},
       "maxRSS": {
        "post": 16112,
        "pre": 16112
       },
       "num-tuples": 5610,
       "recursive-rule": {
        "@poscopy_1.q.{ff}(x,y) :- \n   @magic.@poscopy_1.q.{ff}(),\n   @poscopy_1.q.{ff}(x,z),\n   base(z,y).": {
         "0": {
          "maxRSS": {
           "post": 16112,
           "pre": 16112
          },
          "num-tuples": 5610,
          "runtime": { "start": 22226990215, "end": 22226992130},
          "source-locator": " [1:1-1:1]"
         }
        }
       },
       "runtime": { "start": 22226990203, "end": 22226992142}
      },
      "12": {
       "copytime": { "start": 22226994710, "end": 22226995286},
       "maxRSS": {
        "post": 16112,
        "pre": 16112
       },
       "num-tuples": 4964,
       "recursive-rule": {
        "@poscopy_1.q.{ff}(x,y) :- \n   @magic.@poscopy_1.q.{ff}(),\n   @poscopy_1.q.{ff}(x,z),\n   base(z,y).": {
         "0": {
          "maxRSS": {
           "post": 16112,
           "pre": 16112
          },
          "num-tuples": 4964,
          "runtime": { "start": 22226992816, "end": 22226994675},
          "source-locator": " [1:1-1:1]"
         }
        }
       },
       "runtime": { "start": 22226992805, "end": 22226994687}
      },
      "13": {
       "copytime": { "start": 22226996906, "end": 22226997382},
       "maxRSS": {
        "post": 16112,
        "pre": 16112
       },
       "num-tuples": 4301,
       "recursive-rule": {
        "@poscopy_1.q.{ff}(x,y) :- \n   @magic.@poscopy_1.q.{ff}(),\n   @poscopy_1.q.{ff}(x,z),\n   base(z,y).": {
         "0": {
          "maxRSS": {
           "post": 16112,
           "pre": 16112
          },
          "num-tuples": 4301,
          "runtime": { "start": 22226995308, "end": 22226996871},
          "source-locator": " [1:1-1:1]"
         }
        }
       },
       "runtime": { "start": 22226995294, "end": 22226996883}
      },
      "14": {
       "copytime": { "start": 22226998732, "end": 22226999195},
       "maxRSS": {
        "post": 16112,
        "pre": 16112
       },
       "num-tuples": 3725,
       "recursive-rule": {
        "@poscopy_1.q.{ff}(x,y) :- \n   @magic.@poscopy_1.q.{ff}(),\n   @poscopy_1.q.{ff}(x,z),\n   base(z,y).": {
         "0": {
          "maxRSS": {
           "post": 16112,
           "pre": 16112
          },
          "num-tuples": 3725,
          "runtime": { "start": 22226997399, "end": 22226998698},
          "source-locator": " [1:1-1:1]"
         }
        }
       },
       "runtime": { "start": 22226997387, "end": 22226998709}
      },
      "15": {
       "copytime": { "start": 22227000412, "end": 22227000797},
       "maxRSS": {
        "post": 16112,
        "pre": 16112
       },
       "num-tuples": 3126,
       "recursive-rule": {
        "@poscopy_1.q.{ff}(x,y) :- \n   @magic.@poscopy_1.q.{ff}(),\n   @poscopy_1.q.{ff}(x,z),\n   base(z,y).": {
         "0": {
          "maxRSS": {
           "post": 16112,
           "pre": 16112
          },
          "num-tuples": 3126,
          "runtime": { "start": 22226999212, "end": 22227000379},
          "source-locator": " [1:1-1:1]"
         }
        }
       },
       "runtime": { "start": 22226999200, "end": 22227000390}
      },
      "16": {
       "copytime": { "start": 22227001857, "end": 22227002192},
       "maxRSS": {
        "post": 16112,
        "pre": 16112
       },
       "num-tuples": 2649,
       "recursive-rule": {
        "@poscopy_1.q.{ff}(x,y) :- \n   @magic.@poscopy_1.q.{ff}(),\n   @poscopy_1.q.{ff}(x,z),\n   base(z,y).": {
         "0": {
          "maxRSS": {
           "post": 16112,
           "pre": 16112
          },
          "num-tuples": 2649,
          "runtime": { "start": 22227000814, "end": 22227001824},
          "source-locator": " [1:1-1:1]"
         }
        }
       },
       "runtime": { "start": 22227000802, "end": 22227001835}
      },
      "17": {
       "copytime": { "start": 22227003032, "end": 22227003294},
       "maxRSS": {
        "post": 16112,
        "pre": 16112
       },
       "num-tuples": 2131,
       "recursive-rule": {
        "@poscopy_1.q.{ff}(x,y) :- \n   @magic.@poscopy_1.q.{ff}(),\n   @poscopy_1.q.{ff}(x,z),\n   base(z,y).": {
         "0": {
          "maxRSS": {
           "post": 16112,
           "pre": 16112
          },
          "num-tuples": 2131,
          "runtime": { "start": 22227002209, "end": 22227002997},
          "source-locator": " [1:1-1:1]"
         }
        }
       },
       "runtime": { "start": 22227002198, "end": 22227003009}
      },
      "18": {
       "copytime": { "start": 22227004040, "end": 22227004245},
       "maxRSS": {
        "post": 16112,
        "pre": 16112
       },
       "num-tuples": 1576,
       "recursive-rule": {
        "@poscopy_1.q.{ff}(x,y) :- \n   @magic.@poscopy_1.q.{ff}(),\n   @poscopy_1.q.{ff}(x,z),\n   base(z,y).": {
         "0": {
          "maxRSS": {
           "post": 16112,
           "pre": 16112
          },
          "num-tuples": 1576,
          "runtime": { "start": 22227003310, "end": 22227003991},
          "source-locator": " [1:1-1:1]"
         }
        }
       },
       "runtime": { "start": 22227003299, "end": 22227004020}
      },
      "19": {
       "copytime": { "start": 22227004788, "end": 22227004946},
       "maxRSS": {
        "post": 16112,
        "pre": 16112
       },
       "num-tuples": 1146,
       "recursive-rule": {
        "@poscopy_1.q.{ff}(x,y) :- \n   @magic.@poscopy_1.q.{ff}(),\n   @poscopy_1.q.{ff}(x,z),\n   base(z,y).": {
         "0": {
          "maxRSS": {
           "post": 16112,
           "pre": 16112
          },
          "num-tuples": 1146,
          "runtime": { "start": 22227004262, "end": 22227004754},
          "source-locator": " [1:1-1:1]"
         }
        }
       },
       "runtime": { "start": 22227004251, "end": 22227004765}
      },
      "2": {
       "copytime": { "start": 22226972277, "end": 22226972493},
       "maxRSS": {
        "post": 16112,
        "pre": 16112
       },
       "num-tuples": 2459,
       "recursive-rule": {
        "@poscopy_1.q.{ff}(x,y) :- \n   @magic.@poscopy_1.q.{ff}(),\n   @poscopy_1.q.{ff}(x,z),\n   base(z,y).": {
         "0": {
          "maxRSS": {
           "post": 16112,
           "pre": 16112
          },
          "num-tuples": 2459,
          "runtime": { "start": 22226971679, "end": 22226972250},
          "source-locator": " [1:1-1:1]"
         }
        }
       },
       "runtime": { "start": 22226971670, "end": 22226972259}
      },
      "20": {
       "copytime": { "start": 22227005334, "end": 22227005451},
       "maxRSS": {
        "post": 16112,
        "pre": 16112
       },
       "num-tuples": 788,
       "recursive-rule": {
        "@poscopy_1.q.{ff}(x,y) :- \n   @magic.@poscopy_1.q.{ff}(),\n   @poscopy_1.q.{ff}(x,z),\n   base(z,y).": {
         "0": {
          "maxRSS": {
           "post": 16112,
           "pre": 16112
          },
          "num-tuples": 788,
          "runtime": { "start": 22227004962, "end": 22227005302},
          "source-locator": " [1:1-1:1]"
         }
        }
       },
       "runtime": { "start": 22227004952, "end": 22227005312}
      },
      "21": {
       "copytime": { "start": 22227005730, "end": 22227005802},
       "maxRSS": {
        "post": 16112,
        "pre": 16112
       },
       "num-tuples": 523,
       "recursive-rule": {
        "@poscopy_1.q.{ff}(x,y) :- \n   @magic.@poscopy_1.q.{ff}(),\n   @poscopy_1.q.{ff}(x,z),\n   base(z,y).": {
         "0": {
          "maxRSS": {
           "post": 16112,
           "pre": 16112
          },
          "num-tuples": 523,
          "runtime": { "start": 22227005467, "end": 22227005699},
          "source-locator": " [1:1-1:1]"
         }
        }
       },
       "runtime": { "start": 22227005457, "end": 22227005710}
      },
      "22": {
       "copytime": { "start": 22227005995, "end": 22227006049},
       "maxRSS": {
        "post": 16112,
        "pre": 16112
       },
       "num-tuples": 340,
       "recursive-rule": {
        "@poscopy_1.q.{ff}(x,y) :- \n   @magic.@poscopy_1.q.{ff}(),\n   @poscopy_1.q.{ff}(x,z),\n   base(z,y).": {
         "0": {
          "maxRSS": {
           "post": 16112,
           "pre": 16112
          },
          "num-tuples": 340,
          "runtime": { "start": 22227005816, "end": 22227005964},
          "source-locator": " [1:1-1:1]"
         }
        }
       },
       "runtime": { "start": 22227005806, "end": 22227005974}
      },
      "23": {
       "copytime": { "start": 22227006184, "end": 22227006224},
       "maxRSS": {
        "post": 16112,
        "pre": 16112
       },
       "num-tuples": 237,
       "recursive-rule": {
        "@poscopy_1.q.{ff}(x,y) :- \n   @magic.@poscopy_1.q.{ff}(),\n   @poscopy_1.q.{ff}(x,z),\n   base(z,y).": {
         "0": {
          "maxRSS": {
           "post": 16112,
           "pre": 16112
          },
          "num-tuples": 237,
          "runtime": { "start": 22227006056, "end": 22227006156},
          "source-locator": " [1:1-1:1]"
         }
        }
       },
       "runtime": { "start": 22227006055, "end": 22227006164}
      },
      "24": {
       "copytime": { "start": 22227006322, "end": 22227006345},
       "maxRSS": {
        "post": 16112,
        "pre": 16112
       },
       "num-tuples": 150,
       "recursive-rule": {
        "@poscopy_1.q.{ff}(x,y) :- \n   @magic.@poscopy_1.q.{ff}(),\n   @poscopy_1.q.{ff}(x,z),\n   base(z,y).": {
         "0": {
          "maxRSS": {
           "post": 16112,
           "pre": 16112
          },
          "num-tuples": 150,
          "runtime": { "start": 22227006228, "end": 22227006294},
          "source-locator": " [1:1-1:1]"
         }
        }
       },
       "runtime": { "start": 22227006228, "end": 22227006302}
      },
      "25": {
       "copytime": { "start": 22227006432, "end": 22227006446},
       "maxRSS": {
        "post": 16112,
        "pre": 16112
       },
       "num-tuples": 96,
       "recursive-rule": {
        "@poscopy_1.q.{ff}(x,y) :- \n   @magic.@poscopy_1.q.{ff}(),\n   @poscopy_1.q.{ff}(x,z),\n   base(z,y).": {
         "0": {
          "maxRSS": {
           "post": 16112,
           "pre": 16112
          },
          "num-tuples": 96,
          "runtime": { "start": 22227006359, "end": 22227006403},
          "source-locator": " [1:1-1:1]"
         }
        }
       },
       "runtime": { "start": 22227006349, "end": 22227006411}
      },
      "26": {
       "copytime": { "start": 22227006515, "end": 22227006523},
       "maxRSS": {
        "post": 16112,
        "pre": 16112
       },
       "num-tuples": 51,
       "recursive-rule": {
        "@poscopy_1.q.{ff}(x,y) :- \n   @magic.@poscopy_1.q.{ff}(),\n   @poscopy_1.q.{ff}(x,z),\n   base(z,y).": {
         "0": {
          "maxRSS": {
           "post": 16112,
           "pre": 16112
          },
          "num-tuples": 51,
          "runtime": { "start": 22227006458, "end": 22227006483},
          "source-locator": " [1:1-1:1]"
         }
        }
       },
       "runtime": { "start": 22227006450, "end": 22227006492}
      },
      "27": {
       "copytime": { "start": 22227006577, "end": 22227006582},
       "maxRSS": {
        "post": 16112,
        "pre": 16112
       },
       "num-tuples": 24,
       "recursive-rule": {
        "@poscopy_1.q.{ff}(x,y) :- \n   @magic.@poscopy_1.q.{ff}(),\n   @poscopy_1.q.{ff}(x,z),\n   base(z,y).": {
         "0": {
          "maxRSS": {
           "post": 16112,
           "pre": 16112
          },
          "num-tuples": 24,
          "runtime": { "start": 22227006536, "end": 22227006551},
          "source-locator": " [1:1-1:1]"
         }
        }
       },
       "runtime": { "start": 22227006527, "end": 22227006559}
      },
      "28": {
       "copytime": { "start": 22227006629, "end": 22227006632},
       "maxRSS": {
        "post": 16112,
        "pre": 16112
       },
       "num-tuples": 13,
       "recursive-rule": {
        "@poscopy_1.q.{ff}(x,y) :- \n   @magic.@poscopy_1.q.{ff}(),\n   @poscopy_1.q.{ff}(x,z),\n   base(z,y).": {
         "0": {
          "maxRSS": {
           "post": 16112,
           "pre": 16112
          },
          "num-tuples": 13,
          "runtime": { "start": 22227006594, "end": 22227006601},
          "source-locator": " [1:1-1:1]"
         }
        }
       },
       "runtime": { "start": 22227006586, "end": 22227006611}
      },
      "29": {
       "copytime": { "start": 22227006678, "end": 22227006681},
       "maxRSS": {
        "post": 16112,
        "pre": 16112
       },
       "num-tuples": 11,
       "recursive-rule": {
        "@poscopy_1.q.{ff}(x,y) :- \n   @magic.@poscopy_1.q.{ff}(),\n   @poscopy_1.q.{ff}(x,z),\n   base(z,y).": {
         "0": {
          "maxRSS": {
           "post": 16112,
           "pre": 16112
          },
          "num-tuples": 11,
          "runtime": { "start": 22227006644, "end": 22227006650},
          "source-locator": " [1:1-1:1]"
         }
        }
       },
       "runtime": { "start": 22227006636, "end": 22227006660}
      },
      "3": {
       "copytime": { "start": 22226973307, "end": 22226973607},
       "maxRSS": {
        "post": 16112,
        "pre": 16112
       },
       "num-tuples": 3390,
       "recursive-rule": {
        "@poscopy_1.q.{ff}(x,y) :- \n   @magic.@poscopy_1.q.{ff}(),\n   @poscopy_1.q.{ff}(x,z),\n   base(z,y).": {
         "0": {
          "maxRSS": {
           "post": 16112,
           "pre": 16112
          },
          "num-tuples": 3390,
          "runtime": { "start": 22226972507, "end": 22226973276},
          "source-locator": " [1:1-1:1]"
         }
        }
       },
       "runtime": { "start": 22226972497, "end": 22226973287}
      },
      "30": {
       "copytime": { "start": 22227006725, "end": 22227006727},
       "maxRSS": {
        "post": 16112,
        "pre": 16112
       },
       "num-tuples": 8,
       "recursive-rule": {
        "@poscopy_1.q.{ff}(x,y) :- \n   @magic.@poscopy_1.q.{ff}(),\n   @poscopy_1.q.{ff}(x,z),\n   base(z,y).": {
         "0": {
          "maxRSS": {
           "post": 16112,
           "pre": 16112
          },
          "num-tuples": 8,
          "runtime": { "start": 22227006693, "end": 22227006697},
          "source-locator": " [1:1-1:1]"
         }
        }
       },
       "runtime": { "start": 22227006684, "end": 22227006706}
      },
      "31": {
       "copytime": { "start": 22227006770, "end": 22227006771},
       "maxRSS": {
        "post": 16112,
        "pre": 16112
       },
       "num-tuples": 3,
       "recursive-rule": {
        "@poscopy_1.q.{ff}(x,y) :- \n   @magic.@poscopy_1.q.{ff}(),\n   @poscopy_1.q.{ff}(x,z),\n   base(z,y).": {
         "0": {
          "maxRSS": {
           "post": 16112,
           "pre": 16112
          },
          "num-tuples": 3,
          "runtime": { "start": 22227006739, "end": 22227006742},
          "source-locator": " [1:1-1:1]"
         }
        }
       },
       "runtime": { "start": 22227006731, "end": 22227006751}
      },
      "32": {
       "copytime": { "start": 22227006814, "end": 22227006815},
       "maxRSS": {
        "post": 16112,
        "pre": 16112
       },
       "num-tuples": 2,
       "recursive-rule": {
        "@poscopy_1.q.{ff}(x,y) :- \n   @magic.@poscopy_1.q.{ff}(),\n   @poscopy_1.q.{ff}(x,z),\n   base(z,y).": {
         "0": {
          "maxRSS": {
           "post": 16112,
           "pre": 16112
          },
          "num-tuples": 2,
          "runtime": { "start": 22227006783, "end": 22227006785},
          "source-locator": " [1:1-1:1]"
         }
        }
       },
       "runtime": { "start": 22227006774, "end": 22227006795}
      },
      "33": {
       "maxRSS": {
        "post": 16112,
        "pre": 16112
       },
       "num-tuples": 0,
       "recursive-rule": {
        "@poscopy_1.q.{ff}(x,y) :- \n   @magic.@poscopy_1.q.{ff}(),\n   @poscopy_1.q.{ff}(x,z),\n   base(z,y).": {
         "0": {
          "maxRSS": {
           "post": 16112,
           "pre": 16112
          },
          "num-tuples": 0,
          "runtime": { "start": 22227006827, "end": 22227006828},
          "source-locator": " [1:1-1:1]"
         }
        }
       },
       "runtime": { "start": 22227006818, "end": 22227006838}
      },
      "4": {
       "copytime": { "start": 22226974745, "end": 22226975158},
       "maxRSS": {
        "post": 16112,
        "pre": 16112
       },
       "num-tuples": 4355,
       "recursive-rule": {
        "@poscopy_1.q.{ff}(x,y) :- \n   @magic.@poscopy_1.q.{ff}(),\n   @poscopy_1.q.{ff}(x,z),\n   base(z,y).": {
         "0": {
          "maxRSS": {
           "post": 16112,
           "pre": 16112
          },
          "num-tuples": 4355,
          "runtime": { "start": 22226973620, "end": 22226974710},
          "source-locator": " [1:1-1:1]"
         }
        }
       },
       "runtime": { "start": 22226973611, "end": 22226974720}
      },
      "5": {
       "copytime": { "start": 22226976516, "end": 22226977008},
       "maxRSS": {
        "post": 16112,
        "pre": 16112
       },
       "num-tuples": 5288,
       "recursive-rule": {
        "@poscopy_1.q.{ff}(x,y) :- \n   @magic.@poscopy_1.q.{ff}(),\n   @poscopy_1.q.{ff}(x,z),\n   base(z,y).": {
         "0": {
          "maxRSS": {
           "post": 16112,
           "pre": 16112
          },
          "num-tuples": 5288,
          "runtime": { "start": 22226975174, "end": 22226976485},
          "source-locator": " [1:1-1:1]"
         }
        }
       },
       "runtime": { "start": 22226975163, "end": 22226976497}
      },
      "6": {
       "copytime": { "start": 22226978623, "end": 22226979211},
       "maxRSS": {
        "post": 16112,
        "pre": 16112
       },
       "num-tuples": 6117,
       "recursive-rule": {
        "@poscopy_1.q.{ff}(x,y) :- \n   @magic.@poscopy_1.q.{ff}(),\n   @poscopy_1.q.{ff}(x,z),\n   base(z,y).": {
         "0": {
          "maxRSS": {
           "post": 16112,
           "pre": 16112
          },
          "num-tuples": 6117,
          "runtime": { "start": 22226977025, "end": 22226978590},
          "source-locator": " [1:1-1:1]"
         }
        }
       },
       "runtime": { "start": 22226977013, "end": 22226978601}
      },
      "7": {
       "copytime": { "start": 22226981240, "end": 22226981897},
       "maxRSS": {
        "post": 16112,
        "pre": 16112
       },
       "num-tuples": 6627,
       "recursive-rule": {
        "@poscopy_1.q.{ff}(x,y) :- \n   @magic.@poscopy_1.q.{ff}(),\n   @poscopy_1.q.{ff}(x,z),\n   base(z,y).": {
         "0": {
          "maxRSS": {
           "post": 16112,
           "pre": 16112
          },
          "num-tuples": 6627,
          "runtime": { "start": 22226979229, "end": 22226981202},
          "source-locator": " [1:1-1:1]"
         }
        }
       },
       "runtime": { "start": 22226979217, "end": 22226981214}
      },
      "8": {
       "copytime": { "start": 22226983914, "end": 22226984618},
       "maxRSS": {
        "post": 16112,
        "pre": 16112
       },
       "num-tuples": 6787,
       "recursive-rule": {
        "@poscopy_1.q.{ff}(x,y) :- \n   @magic.@poscopy_1.q.{ff}(),\n   @poscopy_1.q.{ff}(x,z),\n   base(z,y).": {
         "0": {
          "maxRSS": {
           "post": 16112,
           "pre": 16112
          },
          "num-tuples": 6787,
          "runtime": { "start": 22226981915, "end": 22226983875},
          "source-locator": " [1:1-1:1]"
         }
        }
       },
       "runtime": { "start": 22226981904, "end": 22226983889}
      },
      "9": {
       "copytime": { "start": 22226986652, "end": 22226987364},
       "maxRSS": {
        "post": 16112,
        "pre": 16112
       },
       "num-tuples": 6601,
       "recursive-rule": {
        "@poscopy_1.q.{ff}(x,y) :- \n   @magic.@poscopy_1.q.{ff}(),\n   @poscopy_1.q.{ff}(x,z),\n   base(z,y).": {
         "0": {
          "maxRSS": {
           "post": 16112,
           "pre": 16112
          },
          "num-tuples": 6601,
          "runtime": { "start": 22226984639, "end": 22226986617},
          "source-locator": " [1:1-1:1]"
         }
        }
       },
       "runtime": { "start": 22226984625, "end": 22226986628}
      }
     },
     "maxRSS": {
      "post": 16112,
      "pre": 16112
     },
     "non-recursive-rule": {
      "@poscopy_1.q.{ff}(x,y) :- \n   @magic.@poscopy_1.q.{ff}(),\n   base(x,y).": {
       "atom-frequency": {
        "@poscopy_1.q.{ff}(x,y) :- \n   @magic.@poscopy_1.q.{ff}(),\n   base(x,y).": {
         "base": {
          "level": 1,
          "num-tuples": 0
         }
        }
       },
       "maxRSS": {
        "post": 16112,
        "pre": 16112
       },
       "num-tuples": 750,
       "runtime": { "start": 22226970660, "end": 22226970711},
       "source-locator": " [1:1-1:1]"
      }
     },
     "num-tuples": 750,
     "runtime": { "start": 22226970651, "end": 22226970720},
     "source-locator": " [1:1-1:1]"
    },
    "base": {
     "loadtime": { "start": 22226970202, "end": 22226970436},
     "num-tuples": 750,
     "reads": 0,
     "source-locator": "/root/compiler/tests/corpus/BENCHMARK_FAMILY/culprit_cycle.dl [16:7-16:11]"
    },
    "blocked": {
     "loadtime": { "start": 22226970443, "end": 22226970483},
     "num-tuples": 118,
     "reads": 82943,
     "source-locator": "/root/compiler/tests/corpus/BENCHMARK_FAMILY/culprit_cycle.dl [18:7-18:14]"
    },
    "e": {
     "loadtime": { "start": 22226970492, "end": 22226970646},
     "num-tuples": 750,
     "reads": 0,
     "source-locator": "/root/compiler/tests/corpus/BENCHMARK_FAMILY/culprit_cycle.dl [17:7-17:8]"
    },
    "out": {
     "maxRSS": {
      "post": 16112,
      "pre": 16112
     },
     "non-recursive-rule": {
      "out(y) :- \n   p.{bf}(@abdul0,y),\n   @abdul0 = 1.": {
       "atom-frequency": {
        "out(y) :- \n   p.{bf}(@abdul0,y),\n   @abdul0 = 1.": {
         "p.{bf}": {
          "level": 0,
          "num-tuples": 0
         }
        }
       },
       "maxRSS": {
        "post": 16112,
        "pre": 16112
       },
       "num-tuples": 3,
       "runtime": { "start": 22227010252, "end": 22227010253},
       "source-locator": " [1:1-1:1]"
      }
     },
     "num-tuples": 3,
     "reads": 0,
     "runtime": { "start": 22227010243, "end": 22227010261},
     "savetime": { "start": 22227010267, "end": 22227011338},
     "source-locator": "/root/compiler/tests/corpus/BENCHMARK_FAMILY/culprit_cycle.dl [31:7-31:10]"
    },
    "p.{bf}": {
     "iteration": {
      "0": {
       "copytime": { "start": 22227009942, "end": 22227009943},
       "maxRSS": {
        "post": 16112,
        "pre": 16112
       },
       "num-tuples": 0,
       "recursive-rule": {
        "p.{bf}(x,y) :- \n   @magic.p.{bf}(x),\n   p.{bf}(x,z),\n   !@neglabel.s(z),\n   q.{bf}(z,y).": {
         "0": {
          "atom-frequency": {
           "@new_p.{bf}(x,y) :- \n   @magic.p.{bf}(x),\n   @delta_p.{bf}(x,z),\n   !@neglabel.s(z),\n   q.{bf}(z,y).": {
            "@delta_p.{bf}": {
             "level": 1,
             "num-tuples": 0
            },
            "@magic.p.{bf}": {
             "level": 0,
             "num-tuples": 0
            },
            "q.{bf}": {
             "level": 2,
             "num-tuples": 0
            }
           }
          },
          "maxRSS": {
           "post": 16112,
           "pre": 16112
          },
          "num-tuples": 0,
          "runtime": { "start": 22227009870, "end": 22227009871},
          "source-locator": " [1:1-1:1]"
         },
         "1": {
          "atom-frequency": {
           "@new_p.{bf}(x,y) :- \n   @magic.p.{bf}(x),\n   p.{bf}(x,z),\n   !@neglabel.s(z),\n   @delta_q.{bf}(z,y).": {
            "@delta_q.{bf}": {
             "level": 2,
             "num-tuples": 0
            },
            "@magic.p.{bf}": {
             "level": 0,
             "num-tuples": 0
            },
            "p.{bf}": {
             "level": 1,
             "num-tuples": 0
            }
           }
          },
          "maxRSS": {
           "post": 16112,
           "pre": 16112
          },
          "num-tuples": 0,
          "runtime": { "start": 22227009886, "end": 22227009896},
          "source-locator": " [1:1-1:1]"
         }
        }
       },
       "runtime": { "start": 22227009869, "end": 22227009904}
      },
      "1": {
       "copytime": { "start": 22227009997, "end": 22227009997},
       "maxRSS": {
        "post": 16112,
        "pre": 16112
       },
       "num-tuples": 0,
       "recursive-rule": {
        "p.{bf}(x,y) :- \n   @magic.p.{bf}(x),\n   p.{bf}(x,z),\n   !@neglabel.s(z),\n   q.{bf}(z,y).": {
         "0": {
          "maxRSS": {
           "post": 16112,
           "pre": 16112
          },
          "num-tuples": 0,
          "runtime": { "start": 22227009957, "end": 22227009957},
          "source-locator": " [1:1-1:1]"
         },
         "1": {
          "maxRSS": {
           "post": 16112,
           "pre": 16112
          },
          "num-tuples": 0,
          "runtime": { "start": 22227009961, "end": 22227009962},
          "source-locator": " [1:1-1:1]"
         }
        }
       },
       "runtime": { "start": 22227009956, "end": 22227009966}
      },
      "2": {
       "copytime": { "start": 22227010082, "end": 22227010082},
       "maxRSS": {
        "post": 16112,
        "pre": 16112
       },
       "num-tuples": 1,
       "recursive-rule": {
        "p.{bf}(x,y) :- \n   @magic.p.{bf}(x),\n   p.{bf}(x,z),\n   !@neglabel.s(z),\n   q.{bf}(z,y).": {
         "0": {
          "maxRSS": {
           "post": 16112,
           "pre": 16112
          },
          "num-tuples": 0,
          "runtime": { "start": 22227010019, "end": 22227010020},
          "source-locator": " [1:1-1:1]"
         },
         "1": {
          "maxRSS": {
           "post": 16112,
           "pre": 16112
          },
          "num-tuples": 1,
          "runtime": { "start": 22227010027, "end": 22227010029},
          "source-locator": " [1:1-1:1]"
         }
        }
       },
       "runtime": { "start": 22227010010, "end": 22227010035}
      },
      "3": {
       "copytime": { "start": 22227010140, "end": 22227010140},
       "maxRSS": {
        "post": 16112,
        "pre": 16112
       },
       "num-tuples": 0,
       "recursive-rule": {
        "p.{bf}(x,y) :- \n   @magic.p.{bf}(x),\n   p.{bf}(x,z),\n   !@neglabel.s(z),\n   q.{bf}(z,y).": {
         "0": {
          "maxRSS": {
           "post": 16112,
           "pre": 16112
          },
          "num-tuples": 0,
          "runtime": { "start": 22227010097, "end": 22227010098},
          "source-locator": " [1:1-1:1]"
         },
         "1": {
          "maxRSS": {
           "post": 16112,
           "pre": 16112
          },
          "num-tuples": 0,
          "runtime": { "start": 22227010103, "end": 22227010103},
          "source-locator": " [1:1-1:1]"
         }
        }
       },
       "runtime": { "start": 22227010097, "end": 22227010108}
      },
      "4": {
       "maxRSS": {
        "post": 16112,
        "pre": 16112
       },
       "num-tuples": 0,
       "recursive-rule": {
        "p.{bf}(x,y) :- \n   @magic.p.{bf}(x),\n   p.{bf}(x,z),\n   !@neglabel.s(z),\n   q.{bf}(z,y).": {
         "0": {
          "maxRSS": {
           "post": 16112,
           "pre": 16112
          },
          "num-tuples": 0,
          "runtime": { "start": 22227010162, "end": 22227010162},
          "source-locator": " [1:1-1:1]"
         },
         "1": {
          "maxRSS": {
           "post": 16112,
           "pre": 16112
          },
          "num-tuples": 0,
          "runtime": { "start": 22227010170, "end": 22227010170},
          "source-locator": " [1:1-1:1]"
         }
        }
       },
       "runtime": { "start": 22227010152, "end": 22227010176}
      }
     },
     "maxRSS": {
      "post": 16112,
      "pre": 16112
     },
     "non-recursive-rule": {
      "p.{bf}(x,y) :- \n   @magic.p.{bf}(x),\n   e(x,y).": {
       "atom-frequency": {
        "p.{bf}(x,y) :- \n   @magic.p.{bf}(x),\n   e(x,y).": {
         "@magic.p.{bf}": {
          "level": 0,
          "num-tuples": 0
         },
         "e": {
          "level": 1,
          "num-tuples": 0
         }
        }
       },
       "maxRSS": {
        "post": 16112,
        "pre": 16112
       },
       "num-tuples": 2,
       "runtime": { "start": 22227009837, "end": 22227009840},
       "source-locator": " [1:1-1:1]"
      }
     },
     "num-tuples": 2,
     "reads": 1,
     "runtime": { "start": 22227009821, "end": 22227009848},
     "source-locator": " [1:1-1:1]"
    },
    "q.{bf}": {
     "iteration": {
      "0": {
       "copytime": { "start": 22227009945, "end": 22227009946},
       "maxRSS": {
        "post": 16112,
        "pre": 16112
       },
       "num-tuples": 0,
       "recursive-rule": {
        "q.{bf}(x,y) :- \n   @magic.q.{bf}(x),\n   base(x,y).": {
         "0": {
          "atom-frequency": {
           "@new_q.{bf}(x,y) :- \n   @delta_@magic.q.{bf}(x),\n   base(x,y).": {
            "@delta_@magic.q.{bf}": {
             "level": 0,
             "num-tuples": 0
            },
            "base": {
             "level": 1,
             "num-tuples": 0
            }
           }
          },
          "maxRSS": {
           "post": 16112,
           "pre": 16112
          },
          "num-tuples": 0,
          "runtime": { "start": 22227009909, "end": 22227009910},
          "source-locator": " [1:1-1:1]"
         }
        },
        "q.{bf}(x,y) :- \n   @magic.q.{bf}(x),\n   q.{bf}(x,z),\n   base(z,y).": {
         "0": {
          "atom-frequency": {
           "@new_q.{bf}(x,y) :- \n   @delta_@magic.q.{bf}(x),\n   q.{bf}(x,z),\n   base(z,y).": {
            "@delta_@magic.q.{bf}": {
             "level": 0,
             "num-tuples": 0
            },
            "base": {
             "level": 2,
             "num-tuples": 0
            },
            "q.{bf}": {
             "level": 1,
             "num-tuples": 0
            }
           }
          },
          "maxRSS": {
           "post": 16112,
           "pre": 16112
          },
          "num-tuples": 0,
          "runtime": { "start": 22227009916, "end": 22227009917},
          "source-locator": " [1:1-1:1]"
         },
         "1": {
          "atom-frequency": {
           "@new_q.{bf}(x,y) :- \n   @magic.q.{bf}(x),\n   @delta_q.{bf}(x,z),\n   base(z,y).": {
            "@delta_q.{bf}": {
             "level": 1,
             "num-tuples": 0
            },
            "@magic.q.{bf}": {
             "level": 0,
             "num-tuples": 0
            },
            "base": {
             "level": 2,
             "num-tuples": 0
            }
           }
          },
          "maxRSS": {
           "post": 16112,
           "pre": 16112
          },
          "num-tuples": 0,
          "runtime": { "start": 22227009921, "end": 22227009922},
          "source-locator": " [1:1-1:1]"
         }
        }
       },
       "runtime": { "start": 22227009909, "end": 22227009926}
      },
      "1": {
       "copytime": { "start": 22227009999, "end": 22227010000},
       "maxRSS": {
        "post": 16112,
        "pre": 16112
       },
       "num-tuples": 1,
       "recursive-rule": {
        "q.{bf}(x,y) :- \n   @magic.q.{bf}(x),\n   base(x,y).": {
         "0": {
          "maxRSS": {
           "post": 16112,
           "pre": 16112
          },
          "num-tuples": 1,
          "runtime": { "start": 22227009969, "end": 22227009971},
          "source-locator": " [1:1-1:1]"
         }
        },
        "q.{bf}(x,y) :- \n   @magic.q.{bf}(x),\n   q.{bf}(x,z),\n   base(z,y).": {
         "0": {
          "maxRSS": {
           "post": 16112,
           "pre": 16112
          },
          "num-tuples": 0,
          "runtime": { "start": 22227009975, "end": 22227009976},
          "source-locator": " [1:1-1:1]"
         },
         "1": {
          "maxRSS": {
           "post": 16112,
           "pre": 16112
          },
          "num-tuples": 0,
          "runtime": { "start": 22227009980, "end": 22227009980},
          "source-locator": " [1:1-1:1]"
         }
        }
       },
       "runtime": { "start": 22227009969, "end": 22227009984}
      },
      "2": {
       "copytime": { "start": 22227010084, "end": 22227010085},
       "maxRSS": {
        "post": 16112,
        "pre": 16112
       },
       "num-tuples": 0,
       "recursive-rule": {
        "q.{bf}(x,y) :- \n   @magic.q.{bf}(x),\n   base(x,y).": {
         "0": {
          "maxRSS": {
           "post": 16112,
           "pre": 16112
          },
          "num-tuples": 0,
          "runtime": { "start": 22227010039, "end": 22227010039},
          "source-locator": " [1:1-1:1]"
         }
        },
        "q.{bf}(x,y) :- \n   @magic.q.{bf}(x),\n   q.{bf}(x,z),\n   base(z,y).": {
         "0": {
          "maxRSS": {
           "post": 16112,
           "pre": 16112
          },
          "num-tuples": 0,
          "runtime": { "start": 22227010044, "end": 22227010045},
          "source-locator": " [1:1-1:1]"
         },
         "1": {
          "maxRSS": {
           "post": 16112,
           "pre": 16112
          },
          "num-tuples": 0,
          "runtime": { "start": 22227010048, "end": 22227010050},
          "source-locator": " [1:1-1:1]"
         }
        }
       },
       "runtime": { "start": 22227010038, "end": 22227010054}
      },
      "3": {
       "copytime": { "start": 22227010142, "end": 22227010143},
       "maxRSS": {
        "post": 16112,
        "pre": 16112
       },
       "num-tuples": 0,
       "recursive-rule": {
        "q.{bf}(x,y) :- \n   @magic.q.{bf}(x),\n   base(x,y).": {
         "0": {
          "maxRSS": {
           "post": 16112,
           "pre": 16112
          },
          "num-tuples": 0,
          "runtime": { "start": 22227010110, "end": 22227010111},
          "source-locator": " [1:1-1:1]"
         }
        },
        "q.{bf}(x,y) :- \n   @magic.q.{bf}(x),\n   q.{bf}(x,z),\n   base(z,y).": {
         "0": {
          "maxRSS": {
           "post": 16112,
           "pre": 16112
          },
          "num-tuples": 0,
          "runtime": { "start": 22227010115, "end": 22227010115},
          "source-locator": " [1:1-1:1]"
         },
         "1": {
          "maxRSS": {
           "post": 16112,
           "pre": 16112
          },
          "num-tuples": 0,
          "runtime": { "start": 22227010120, "end": 22227010121},
          "source-locator": " [1:1-1:1]"
         }
        }
       },
       "runtime": { "start": 22227010110, "end": 22227010125}
      },
      "4": {
       "maxRSS": {
        "post": 16112,
        "pre": 16112
       },
       "num-tuples": 0,
       "recursive-rule": {
        "q.{bf}(x,y) :- \n   @magic.q.{bf}(x),\n   base(x,y).": {
         "0": {
          "maxRSS": {
           "post": 16112,
           "pre": 16112
          },
          "num-tuples": 0,
          "runtime": { "start": 22227010189, "end": 22227010190},
          "source-locator": " [1:1-1:1]"
         }
        },
        "q.{bf}(x,y) :- \n   @magic.q.{bf}(x),\n   q.{bf}(x,z),\n   base(z,y).": {
         "0": {
          "maxRSS": {
           "post": 16112,
           "pre": 16112
          },
          "num-tuples": 0,
          "runtime": { "start": 22227010197, "end": 22227010197},
          "source-locator": " [1:1-1:1]"
         },
         "1": {
          "maxRSS": {
           "post": 16112,
           "pre": 16112
          },
          "num-tuples": 0,
          "runtime": { "start": 22227010203, "end": 22227010204},
          "source-locator": " [1:1-1:1]"
         }
        }
       },
       "runtime": { "start": 22227010179, "end": 22227010208}
      }
     },
     "num-tuples": 0,
     "reads": 1,
     "source-locator": " [1:1-1:1]"
    }
   },
   "runtime": { "start": 22226970148, "end": 22227011345},
   "starttime": { "time": 22226970109},
   "usage": {
    "timepoint": {
     "22226970229": {
      "maxRSS": 16112,
      "systemtime": 0,
      "usertime": 6233
     },
     "22226970534": {
      "maxRSS": 16112,
      "systemtime": 0,
      "usertime": 6577
     },
     "22226970723": {
      "maxRSS": 16112,
      "systemtime": 0,
      "usertime": 6821
     },
     "22226970785": {
      "maxRSS": 16112,
      "systemtime": 0,
      "usertime": 6887
     },
     "22226971097": {
      "maxRSS": 16112,
      "systemtime": 0,
      "usertime": 7171
     },
     "22226971128": {
      "maxRSS": 16112,
      "systemtime": 0,
      "usertime": 7281
     },
     "22226971548": {
      "maxRSS": 16112,
      "systemtime": 0,
      "usertime": 7663
     },
     "22226971741": {
      "maxRSS": 16112,
      "systemtime": 0,
      "usertime": 7867
     },
     "22226972328": {
      "maxRSS": 16112,
      "systemtime": 0,
      "usertime": 8482
     },
     "22226972580": {
      "maxRSS": 16112,
      "systemtime": 0,
      "usertime": 8729
     },
     "22226973396": {
      "maxRSS": 16112,
      "systemtime": 0,
      "usertime": 9546
     },
     "22226973677": {
      "maxRSS": 16112,
      "systemtime": 0,
      "usertime": 9875
     },
     "22226974751": {
      "maxRSS": 16112,
      "systemtime": 0,
      "usertime": 11017
     },
     "22226975274": {
      "maxRSS": 16112,
      "systemtime": 0,
      "usertime": 11463
     },
     "22226976544": {
      "maxRSS": 16112,
      "systemtime": 0,
      "usertime": 12826
     },
     "22226977130": {
      "maxRSS": 16112,
      "systemtime": 0,
      "usertime": 13351
     },
     "22226978299": {
      "maxRSS": 16112,
      "systemtime": 0,
      "usertime": 13367
     },
     "22226978736": {
      "maxRSS": 16112,
      "systemtime": 0,
      "usertime": 14983
     },
     "22226979276": {
      "maxRSS": 16112,
      "systemtime": 0,
      "usertime": 15605
     },
     "22226980416": {
      "maxRSS": 16112,
      "systemtime": 0,
      "usertime": 16401
     },
     "22226981344": {
      "maxRSS": 16112,
      "systemtime": 0,
      "usertime": 17661
     },
     "22226982014": {
      "maxRSS": 16112,
      "systemtime": 0,
      "usertime": 18351
     },
     "22226983177": {
      "maxRSS": 16112,
      "systemtime": 0,
      "usertime": 18368
     },
     "22226984007": {
      "maxRSS": 16112,
      "systemtime": 0,
      "usertime": 20475
     },
     "22226984743": {
      "maxRSS": 16112,
      "systemtime": 0,
      "usertime": 21130
     },
     "22226985921": {
      "maxRSS": 16112,
      "systemtime": 0,
      "usertime": 21148
     },
     "22226986746": {
      "maxRSS": 16112,
      "systemtime": 0,
      "usertime": 23182
     },
     "22226987454": {
      "maxRSS": 16112,
      "systemtime": 0,
      "usertime": 23925
     },
     "22226988650": {
      "maxRSS": 16112,
      "systemtime": 0,
      "usertime": 24560
     },
     "22226989619": {
      "maxRSS": 16112,
      "systemtime": 0,
      "usertime": 26105
     },
     "22226990312": {
      "maxRSS": 16112,
      "systemtime": 0,
      "usertime": 26808
     },
     "22226991479": {
      "maxRSS": 16112,
      "systemtime": 0,
      "usertime": 26824
     },
     "22226992234": {
      "maxRSS": 16112,
      "systemtime": 0,
      "usertime": 28809
     },
     "22226992911": {
      "maxRSS": 16112,
      "systemtime": 0,
      "usertime": 29469
     },
     "22226994075": {
      "maxRSS": 16112,
      "systemtime": 0,
      "usertime": 29485
     },
     "22226994718": {
      "maxRSS": 16112,
      "systemtime": 0,
      "usertime": 31397
     },
     "22226995321": {
      "maxRSS": 16112,
      "systemtime": 0,
      "usertime": 32012
     },
     "22226996458": {
      "maxRSS": 16112,
      "systemtime": 0,
      "usertime": 32723
     },
     "22226996996": {
      "maxRSS": 16112,
      "systemtime": 0,
      "usertime": 33670
     },
     "22226997499": {
      "maxRSS": 16112,
      "systemtime": 0,
      "usertime": 34184
     },
     "22226998676": {
      "maxRSS": 16112,
      "systemtime": 0,
      "usertime": 34199
     },
     "22226998789": {
      "maxRSS": 16112,
      "systemtime": 0,
      "usertime": 35549
     },
     "22226999310": {
      "maxRSS": 16112,
      "systemtime": 0,
      "usertime": 36045
     },
     "22227000447": {
      "maxRSS": 16112,
      "systemtime": 0,
      "usertime": 37266
     },
     "22227000917": {
      "maxRSS": 16112,
      "systemtime": 0,
      "usertime": 37685
     },
     "22227001948": {
      "maxRSS": 16112,
      "systemtime": 0,
      "usertime": 38754
     },
     "22227002289": {
      "maxRSS": 16112,
      "systemtime": 0,
      "usertime": 39143
     },
     "22227003123": {
      "maxRSS": 16112,
      "systemtime": 0,
      "usertime": 39982
     },
     "22227003370": {
      "maxRSS": 16112,
      "systemtime": 0,
      "usertime": 40276
     },
     "22227004087": {
      "maxRSS": 16112,
      "systemtime": 0,
      "usertime": 41019
     },
     "22227004282": {
      "maxRSS": 16112,
      "systemtime": 0,
      "usertime": 41258
     },
     "22227004873": {
      "maxRSS": 16112,
      "systemtime": 0,
      "usertime": 41805
     },
     "22227005018": {
      "maxRSS": 16112,
      "systemtime": 0,
      "usertime": 41996
     },
     "22227005421": {
      "maxRSS": 16112,
      "systemtime": 0,
      "usertime": 42385
     },
     "22227005524": {
      "maxRSS": 16112,
      "systemtime": 0,
      "usertime": 42534
     },
     "22227005784": {
      "maxRSS": 16112,
      "systemtime": 0,
      "usertime": 42814
     },
     "22227005895": {
      "maxRSS": 16112,
      "systemtime": 0,
      "usertime": 42917
     },
     "22227006047": {
      "maxRSS": 16112,
      "systemtime": 0,
      "usertime": 43116
     },
     "22227006057": {
      "maxRSS": 16112,
      "systemtime": 0,
      "usertime": 43187
     },
     "22227006231": {
      "maxRSS": 16112,
      "systemtime": 0,
      "usertime": 43371
     },
     "22227006322": {
      "maxRSS": 16112,
      "systemtime": 0,
      "usertime": 43469
     },
     "22227006363": {
      "maxRSS": 16112,
      "systemtime": 0,
      "usertime": 43519
     },
     "22227006431": {
      "maxRSS": 16112,
      "systemtime": 0,
      "usertime": 43593
     },
     "22227006463": {
      "maxRSS": 16112,
      "systemtime": 0,
      "usertime": 43636
     },
     "22227006515": {
      "maxRSS": 16112,
      "systemtime": 0,
      "usertime": 43700
     },
     "22227006541": {
      "maxRSS": 16112,
      "systemtime": 0,
      "usertime": 43728
     },
     "22227006577": {
      "maxRSS": 16112,
      "systemtime": 0,
      "usertime": 43773
     },
     "22227006599": {
      "maxRSS": 16112,
      "systemtime": 0,
      "usertime": 43802
     },
     "22227006629": {
      "maxRSS": 16112,
      "systemtime": 0,
      "usertime": 43838
     },
     "22227006649": {
      "maxRSS": 16112,
      "systemtime": 0,
      "usertime": 43871
     },
     "22227006677": {
      "maxRSS": 16112,
      "systemtime": 0,
      "usertime": 43902
     },
     "22227006698": {
      "maxRSS": 16112,
      "systemtime": 0,
      "usertime": 43933
     },
     "22227006724": {
      "maxRSS": 16112,
      "systemtime": 0,
      "usertime": 43963
     },
     "22227006744": {
      "maxRSS": 16112,
      "systemtime": 0,
      "usertime": 43991
     },
     "22227006769": {
      "maxRSS": 16112,
      "systemtime": 0,
      "usertime": 44021
     },
     "22227006788": {
      "maxRSS": 16112,
      "systemtime": 0,
      "usertime": 44049
     },
     "22227006813": {
      "maxRSS": 16112,
      "systemtime": 0,
      "usertime": 44081
     },
     "22227006832": {
      "maxRSS": 16112,
      "systemtime": 0,
      "usertime": 44107
     },
     "22227006855": {
      "maxRSS": 16112,
      "systemtime": 0,
      "usertime": 44136
     },
     "22227006861": {
      "maxRSS": 16112,
      "systemtime": 0,
      "usertime": 44150
     },
     "22227007959": {
      "maxRSS": 16112,
      "systemtime": 0,
      "usertime": 44156
     },
     "22227009023": {
      "maxRSS": 16112,
      "systemtime": 0,
      "usertime": 45306
     },
     "22227009873": {
      "maxRSS": 16112,
      "systemtime": 0,
      "usertime": 47196
     },
     "22227009995": {
      "maxRSS": 16112,
      "systemtime": 0,
      "usertime": 47334
     },
     "22227010053": {
      "maxRSS": 16112,
      "systemtime": 0,
      "usertime": 47404
     },
     "22227010111": {
      "maxRSS": 16112,
      "systemtime": 0,
      "usertime": 47481
     },
     "22227010122": {
      "maxRSS": 16112,
      "systemtime": 0,
      "usertime": 47502
     },
     "22227010138": {
      "maxRSS": 16112,
      "systemtime": 0,
      "usertime": 47524
     },
     "22227010170": {
      "maxRSS": 16112,
      "systemtime": 0,
      "usertime": 47568
     },
     "22227010197": {
      "maxRSS": 16112,
      "systemtime": 0,
      "usertime": 47606
     },
     "22227010205": {
      "maxRSS": 16112,
      "systemtime": 0,
      "usertime": 47620
     },
     "22227010229": {
      "maxRSS": 16112,
      "systemtime": 0,
      "usertime": 47646
     },
     "22227010234": {
      "maxRSS": 16112,
      "systemtime": 0,
      "usertime": 47661
     },
     "22227010262": {
      "maxRSS": 16112,
      "systemtime": 0,
      "usertime": 47699
     },
     "22227010272": {
      "maxRSS": 16112,
      "systemtime": 0,
      "usertime": 47712
     }
    }
   }
  }
 }
}
