{
 "root": {
  "program": {
   "configuration": {
    "": "/root/compiler/measurements/m3-5-headline-m4/family/culprit_cycle/n200/emit_guarded/transformed.dl",
    "fact-dir": "/root/compiler/fixtures/benchmark-family/culprit_cycle/n200",
    "include-dir": ".",
    "jobs": "1",
    "libraries": "functors",
    "library-dir": ".",
    "output-dir": "/root/compiler/measurements/m3-5-headline-m4/family/culprit_cycle/n200/dlc",
    "profile": "prof.log",
    "relationCount": "7",
    "ruleCount": "10",
    "version": "2.5",
    "warn": "all",
    "wno": "none"
   },
   "relation": {
    "base": {
     "loadtime": { "start": 22226899654, "end": 22226899783},
     "num-tuples": 300,
     "reads": 0,
     "source-locator": "/root/compiler/measurements/m3-5-headline-m4/family/culprit_cycle/n200/emit_guarded/transformed.dl [1:7-1:11]"
    },
    "blocked": {
     "loadtime": { "start": 22226899791, "end": 22226899820},
     "num-tuples": 33,
     "reads": 6899,
     "source-locator": "/root/compiler/measurements/m3-5-headline-m4/family/culprit_cycle/n200/emit_guarded/transformed.dl [5:7-5:14]"
    },
    "e": {
     "loadtime": { "start": 22226899826, "end": 22226899892},
     "num-tuples": 300,
     "reads": 0,
     "source-locator": "/root/compiler/measurements/m3-5-headline-m4/family/culprit_cycle/n200/emit_guarded/transformed.dl [3:7-3:8]"
    },
    "out": {
     "maxRSS": {
      "post": 16112,
      "pre": 16112
     },
     "non-recursive-rule": {
      "out(y) :- \n   p(1,y).": {
       "atom-frequency": {
        "out(y) :- \n   p(1,y).": {
         "p": {
          "level": 0,
          "num-tuples": 0
         }
        }
       },
       "maxRSS": {
        "post": 16112,
        "pre": 16112
       },
       "num-tuples": 2,
       "runtime": { "start": 22226903681, "end": 22226903682},
       "source-locator": "/root/compiler/measurements/m3-5-headline-m4/family/culprit_cycle/n200/emit_guarded/transformed.dl [17:1-17:19]"
      }
     },
     "num-tuples": 2,
     "reads": 0,
     "runtime": { "start": 22226903672, "end": 22226903691},
     "savetime": { "start": 22226903696, "end": 22226904145},
     "source-locator": "/root/compiler/measurements/m3-5-headline-m4/family/culprit_cycle/n200/emit_guarded/transformed.dl [10:7-10:10]"
    },
    "p": {
     "iteration": {
      "0": {
       "copytime": { "start": 22226903562, "end": 22226903580},
       "maxRSS": {
        "post": 16112,
        "pre": 16112
       },
       "num-tuples": 175,
       "recursive-rule": {
        "p(x,y) :- \n   p(x,z),\n   !s(z),\n   q(z,y).": {
         "0": {
          "atom-frequency": {
           "@new_p(x,y) :- \n   @delta_p(x,z),\n   !s(z),\n   q(z,y).": {
            "@delta_p": {
             "level": 0,
             "num-tuples": 0
            },
            "q": {
             "level": 1,
             "num-tuples": 0
            }
           }
          },
          "maxRSS": {
           "post": 16112,
           "pre": 16112
          },
          "num-tuples": 175,
          "runtime": { "start": 22226903467, "end": 22226903532},
          "source-locator": "/root/compiler/measurements/m3-5-headline-m4/family/culprit_cycle/n200/emit_guarded/transformed.dl [13:1-13:36]"
         }
        }
       },
       "runtime": { "start": 22226903458, "end": 22226903542}
      },
      "1": {
       "maxRSS": {
        "post": 16112,
        "pre": 16112
       },
       "num-tuples": 0,
       "recursive-rule": {
        "p(x,y) :- \n   p(x,z),\n   !s(z),\n   q(z,y).": {
         "0": {
          "maxRSS": {
           "post": 16112,
           "pre": 16112
          },
          "num-tuples": 0,
          "runtime": { "start": 22226903593, "end": 22226903628},
          "source-locator": "/root/compiler/measurements/m3-5-headline-m4/family/culprit_cycle/n200/emit_guarded/transformed.dl [13:1-13:36]"
         }
        }
       },
       "runtime": { "start": 22226903583, "end": 22226903636}
      }
     },
     "maxRSS": {
      "post": 16112,
      "pre": 16112
     },
     "non-recursive-rule": {
      "p(x,y) :- \n   e(x,y).": {
       "atom-frequency": {
        "p(x,y) :- \n   e(x,y).": {
         "e": {
          "level": 0,
          "num-tuples": 0
         }
        }
       },
       "maxRSS": {
        "post": 16112,
        "pre": 16112
       },
       "num-tuples": 300,
       "runtime": { "start": 22226903416, "end": 22226903431},
       "source-locator": "/root/compiler/measurements/m3-5-headline-m4/family/culprit_cycle/n200/emit_guarded/transformed.dl [12:1-12:20]"
      }
     },
     "num-tuples": 300,
     "reads": 338,
     "runtime": { "start": 22226903407, "end": 22226903439},
     "source-locator": "/root/compiler/measurements/m3-5-headline-m4/family/culprit_cycle/n200/emit_guarded/transformed.dl [9:7-9:8]"
    },
    "q": {
     "iteration": {
      "0": {
       "copytime": { "start": 22226900110, "end": 22226900144},
       "maxRSS": {
        "post": 16112,
        "pre": 16112
       },
       "num-tuples": 420,
       "recursive-rule": {
        "q(x,y) :- \n   q(x,z),\n   base(z,y).": {
         "0": {
          "atom-frequency": {
           "@new_q(x,y) :- \n   @delta_q(x,z),\n   base(z,y).": {
            "@delta_q": {
             "level": 0,
             "num-tuples": 0
            },
            "base": {
             "level": 1,
             "num-tuples": 0
            }
           }
          },
          "maxRSS": {
           "post": 16112,
           "pre": 16112
          },
          "num-tuples": 420,
          "runtime": { "start": 22226899964, "end": 22226900091},
          "source-locator": "/root/compiler/measurements/m3-5-headline-m4/family/culprit_cycle/n200/emit_guarded/transformed.dl [15:1-15:32]"
         }
        }
       },
       "runtime": { "start": 22226899960, "end": 22226900101}
      },
      "1": {
       "copytime": { "start": 22226900270, "end": 22226900313},
       "maxRSS": {
        "post": 16112,
        "pre": 16112
       },
       "num-tuples": 526,
       "recursive-rule": {
        "q(x,y) :- \n   q(x,z),\n   base(z,y).": {
         "0": {
          "maxRSS": {
           "post": 16112,
           "pre": 16112
          },
          "num-tuples": 526,
          "runtime": { "start": 22226900148, "end": 22226900257},
          "source-locator": "/root/compiler/measurements/m3-5-headline-m4/family/culprit_cycle/n200/emit_guarded/transformed.dl [15:1-15:32]"
         }
        }
       },
       "runtime": { "start": 22226900148, "end": 22226900263}
      },
      "10": {
       "copytime": { "start": 22226902435, "end": 22226902467},
       "maxRSS": {
        "post": 16112,
        "pre": 16112
       },
       "num-tuples": 220,
       "recursive-rule": {
        "q(x,y) :- \n   q(x,z),\n   base(z,y).": {
         "0": {
          "maxRSS": {
           "post": 16112,
           "pre": 16112
          },
          "num-tuples": 220,
          "runtime": { "start": 22226902341, "end": 22226902409},
          "source-locator": "/root/compiler/measurements/m3-5-headline-m4/family/culprit_cycle/n200/emit_guarded/transformed.dl [15:1-15:32]"
         }
        }
       },
       "runtime": { "start": 22226902341, "end": 22226902417}
      },
      "11": {
       "copytime": { "start": 22226902549, "end": 22226902568},
       "maxRSS": {
        "post": 16112,
        "pre": 16112
       },
       "num-tuples": 144,
       "recursive-rule": {
        "q(x,y) :- \n   q(x,z),\n   base(z,y).": {
         "0": {
          "maxRSS": {
           "post": 16112,
           "pre": 16112
          },
          "num-tuples": 144,
          "runtime": { "start": 22226902471, "end": 22226902519},
          "source-locator": "/root/compiler/measurements/m3-5-headline-m4/family/culprit_cycle/n200/emit_guarded/transformed.dl [15:1-15:32]"
         }
        }
       },
       "runtime": { "start": 22226902471, "end": 22226902526}
      },
      "12": {
       "copytime": { "start": 22226902645, "end": 22226902660},
       "maxRSS": {
        "post": 16112,
        "pre": 16112
       },
       "num-tuples": 106,
       "recursive-rule": {
        "q(x,y) :- \n   q(x,z),\n   base(z,y).": {
         "0": {
          "maxRSS": {
           "post": 16112,
           "pre": 16112
          },
          "num-tuples": 106,
          "runtime": { "start": 22226902581, "end": 22226902616},
          "source-locator": "/root/compiler/measurements/m3-5-headline-m4/family/culprit_cycle/n200/emit_guarded/transformed.dl [15:1-15:32]"
         }
        }
       },
       "runtime": { "start": 22226902572, "end": 22226902626}
      },
      "13": {
       "copytime": { "start": 22226902731, "end": 22226902745},
       "maxRSS": {
        "post": 16112,
        "pre": 16112
       },
       "num-tuples": 93,
       "recursive-rule": {
        "q(x,y) :- \n   q(x,z),\n   base(z,y).": {
         "0": {
          "maxRSS": {
           "post": 16112,
           "pre": 16112
          },
          "num-tuples": 93,
          "runtime": { "start": 22226902673, "end": 22226902702},
          "source-locator": "/root/compiler/measurements/m3-5-headline-m4/family/culprit_cycle/n200/emit_guarded/transformed.dl [15:1-15:32]"
         }
        }
       },
       "runtime": { "start": 22226902664, "end": 22226902711}
      },
      "14": {
       "copytime": { "start": 22226902810, "end": 22226902824},
       "maxRSS": {
        "post": 16112,
        "pre": 16112
       },
       "num-tuples": 99,
       "recursive-rule": {
        "q(x,y) :- \n   q(x,z),\n   base(z,y).": {
         "0": {
          "maxRSS": {
           "post": 16112,
           "pre": 16112
          },
          "num-tuples": 99,
          "runtime": { "start": 22226902758, "end": 22226902783},
          "source-locator": "/root/compiler/measurements/m3-5-headline-m4/family/culprit_cycle/n200/emit_guarded/transformed.dl [15:1-15:32]"
         }
        }
       },
       "runtime": { "start": 22226902749, "end": 22226902791}
      },
      "15": {
       "copytime": { "start": 22226902887, "end": 22226902899},
       "maxRSS": {
        "post": 16112,
        "pre": 16112
       },
       "num-tuples": 100,
       "recursive-rule": {
        "q(x,y) :- \n   q(x,z),\n   base(z,y).": {
         "0": {
          "maxRSS": {
           "post": 16112,
           "pre": 16112
          },
          "num-tuples": 100,
          "runtime": { "start": 22226902836, "end": 22226902859},
          "source-locator": "/root/compiler/measurements/m3-5-headline-m4/family/culprit_cycle/n200/emit_guarded/transformed.dl [15:1-15:32]"
         }
        }
       },
       "runtime": { "start": 22226902827, "end": 22226902867}
      },
      "16": {
       "copytime": { "start": 22226902959, "end": 22226902971},
       "maxRSS": {
        "post": 16112,
        "pre": 16112
       },
       "num-tuples": 78,
       "recursive-rule": {
        "q(x,y) :- \n   q(x,z),\n   base(z,y).": {
         "0": {
          "maxRSS": {
           "post": 16112,
           "pre": 16112
          },
          "num-tuples": 78,
          "runtime": { "start": 22226902911, "end": 22226902931},
          "source-locator": "/root/compiler/measurements/m3-5-headline-m4/family/culprit_cycle/n200/emit_guarded/transformed.dl [15:1-15:32]"
         }
        }
       },
       "runtime": { "start": 22226902902, "end": 22226902940}
      },
      "17": {
       "copytime": { "start": 22226903027, "end": 22226903033},
       "maxRSS": {
        "post": 16112,
        "pre": 16112
       },
       "num-tuples": 36,
       "recursive-rule": {
        "q(x,y) :- \n   q(x,z),\n   base(z,y).": {
         "0": {
          "maxRSS": {
           "post": 16112,
           "pre": 16112
          },
          "num-tuples": 36,
          "runtime": { "start": 22226902983, "end": 22226903000},
          "source-locator": "/root/compiler/measurements/m3-5-headline-m4/family/culprit_cycle/n200/emit_guarded/transformed.dl [15:1-15:32]"
         }
        }
       },
       "runtime": { "start": 22226902974, "end": 22226903007}
      },
      "18": {
       "copytime": { "start": 22226903079, "end": 22226903082},
       "maxRSS": {
        "post": 16112,
        "pre": 16112
       },
       "num-tuples": 13,
       "recursive-rule": {
        "q(x,y) :- \n   q(x,z),\n   base(z,y).": {
         "0": {
          "maxRSS": {
           "post": 16112,
           "pre": 16112
          },
          "num-tuples": 13,
          "runtime": { "start": 22226903045, "end": 22226903053},
          "source-locator": "/root/compiler/measurements/m3-5-headline-m4/family/culprit_cycle/n200/emit_guarded/transformed.dl [15:1-15:32]"
         }
        }
       },
       "runtime": { "start": 22226903036, "end": 22226903061}
      },
      "19": {
       "copytime": { "start": 22226903127, "end": 22226903128},
       "maxRSS": {
        "post": 16112,
        "pre": 16112
       },
       "num-tuples": 2,
       "recursive-rule": {
        "q(x,y) :- \n   q(x,z),\n   base(z,y).": {
         "0": {
          "maxRSS": {
           "post": 16112,
           "pre": 16112
          },
          "num-tuples": 2,
          "runtime": { "start": 22226903094, "end": 22226903099},
          "source-locator": "/root/compiler/measurements/m3-5-headline-m4/family/culprit_cycle/n200/emit_guarded/transformed.dl [15:1-15:32]"
         }
        }
       },
       "runtime": { "start": 22226903085, "end": 22226903108}
      },
      "2": {
       "copytime": { "start": 22226900467, "end": 22226900524},
       "maxRSS": {
        "post": 16112,
        "pre": 16112
       },
       "num-tuples": 664,
       "recursive-rule": {
        "q(x,y) :- \n   q(x,z),\n   base(z,y).": {
         "0": {
          "maxRSS": {
           "post": 16112,
           "pre": 16112
          },
          "num-tuples": 664,
          "runtime": { "start": 22226900316, "end": 22226900454},
          "source-locator": "/root/compiler/measurements/m3-5-headline-m4/family/culprit_cycle/n200/emit_guarded/transformed.dl [15:1-15:32]"
         }
        }
       },
       "runtime": { "start": 22226900315, "end": 22226900460}
      },
      "20": {
       "maxRSS": {
        "post": 16112,
        "pre": 16112
       },
       "num-tuples": 0,
       "recursive-rule": {
        "q(x,y) :- \n   q(x,z),\n   base(z,y).": {
         "0": {
          "maxRSS": {
           "post": 16112,
           "pre": 16112
          },
          "num-tuples": 0,
          "runtime": { "start": 22226903144, "end": 22226903145},
          "source-locator": "/root/compiler/measurements/m3-5-headline-m4/family/culprit_cycle/n200/emit_guarded/transformed.dl [15:1-15:32]"
         }
        }
       },
       "runtime": { "start": 22226903131, "end": 22226903153}
      },
      "3": {
       "copytime": { "start": 22226900735, "end": 22226900818},
       "maxRSS": {
        "post": 16112,
        "pre": 16112
       },
       "num-tuples": 760,
       "recursive-rule": {
        "q(x,y) :- \n   q(x,z),\n   base(z,y).": {
         "0": {
          "maxRSS": {
           "post": 16112,
           "pre": 16112
          },
          "num-tuples": 760,
          "runtime": { "start": 22226900528, "end": 22226900707},
          "source-locator": "/root/compiler/measurements/m3-5-headline-m4/family/culprit_cycle/n200/emit_guarded/transformed.dl [15:1-15:32]"
         }
        }
       },
       "runtime": { "start": 22226900527, "end": 22226900715}
      },
      "4": {
       "copytime": { "start": 22226901043, "end": 22226901121},
       "maxRSS": {
        "post": 16112,
        "pre": 16112
       },
       "num-tuples": 774,
       "recursive-rule": {
        "q(x,y) :- \n   q(x,z),\n   base(z,y).": {
         "0": {
          "maxRSS": {
           "post": 16112,
           "pre": 16112
          },
          "num-tuples": 774,
          "runtime": { "start": 22226900835, "end": 22226901015},
          "source-locator": "/root/compiler/measurements/m3-5-headline-m4/family/culprit_cycle/n200/emit_guarded/transformed.dl [15:1-15:32]"
         }
        }
       },
       "runtime": { "start": 22226900822, "end": 22226901023}
      },
      "5": {
       "copytime": { "start": 22226901345, "end": 22226901418},
       "maxRSS": {
        "post": 16112,
        "pre": 16112
       },
       "num-tuples": 700,
       "recursive-rule": {
        "q(x,y) :- \n   q(x,z),\n   base(z,y).": {
         "0": {
          "maxRSS": {
           "post": 16112,
           "pre": 16112
          },
          "num-tuples": 700,
          "runtime": { "start": 22226901134, "end": 22226901316},
          "source-locator": "/root/compiler/measurements/m3-5-headline-m4/family/culprit_cycle/n200/emit_guarded/transformed.dl [15:1-15:32]"
         }
        }
       },
       "runtime": { "start": 22226901125, "end": 22226901325}
      },
      "6": {
       "copytime": { "start": 22226901649, "end": 22226901715},
       "maxRSS": {
        "post": 16112,
        "pre": 16112
       },
       "num-tuples": 624,
       "recursive-rule": {
        "q(x,y) :- \n   q(x,z),\n   base(z,y).": {
         "0": {
          "maxRSS": {
           "post": 16112,
           "pre": 16112
          },
          "num-tuples": 624,
          "runtime": { "start": 22226901439, "end": 22226901621},
          "source-locator": "/root/compiler/measurements/m3-5-headline-m4/family/culprit_cycle/n200/emit_guarded/transformed.dl [15:1-15:32]"
         }
        }
       },
       "runtime": { "start": 22226901422, "end": 22226901630}
      },
      "7": {
       "copytime": { "start": 22226901896, "end": 22226901967},
       "maxRSS": {
        "post": 16112,
        "pre": 16112
       },
       "num-tuples": 515,
       "recursive-rule": {
        "q(x,y) :- \n   q(x,z),\n   base(z,y).": {
         "0": {
          "maxRSS": {
           "post": 16112,
           "pre": 16112
          },
          "num-tuples": 515,
          "runtime": { "start": 22226901728, "end": 22226901869},
          "source-locator": "/root/compiler/measurements/m3-5-headline-m4/family/culprit_cycle/n200/emit_guarded/transformed.dl [15:1-15:32]"
         }
        }
       },
       "runtime": { "start": 22226901718, "end": 22226901877}
      },
      "8": {
       "copytime": { "start": 22226902129, "end": 22226902177},
       "maxRSS": {
        "post": 16112,
        "pre": 16112
       },
       "num-tuples": 411,
       "recursive-rule": {
        "q(x,y) :- \n   q(x,z),\n   base(z,y).": {
         "0": {
          "maxRSS": {
           "post": 16112,
           "pre": 16112
          },
          "num-tuples": 411,
          "runtime": { "start": 22226901980, "end": 22226902101},
          "source-locator": "/root/compiler/measurements/m3-5-headline-m4/family/culprit_cycle/n200/emit_guarded/transformed.dl [15:1-15:32]"
         }
        }
       },
       "runtime": { "start": 22226901971, "end": 22226902110}
      },
      "9": {
       "copytime": { "start": 22226902298, "end": 22226902337},
       "maxRSS": {
        "post": 16112,
        "pre": 16112
       },
       "num-tuples": 314,
       "recursive-rule": {
        "q(x,y) :- \n   q(x,z),\n   base(z,y).": {
         "0": {
          "maxRSS": {
           "post": 16112,
           "pre": 16112
          },
          "num-tuples": 314,
          "runtime": { "start": 22226902182, "end": 22226902273},
          "source-locator": "/root/compiler/measurements/m3-5-headline-m4/family/culprit_cycle/n200/emit_guarded/transformed.dl [15:1-15:32]"
         }
        }
       },
       "runtime": { "start": 22226902181, "end": 22226902280}
      }
     },
     "maxRSS": {
      "post": 16112,
      "pre": 16112
     },
     "non-recursive-rule": {
      "q(x,y) :- \n   base(x,y).": {
       "atom-frequency": {
        "q(x,y) :- \n   base(x,y).": {
         "base": {
          "level": 0,
          "num-tuples": 0
         }
        }
       },
       "maxRSS": {
        "post": 16112,
        "pre": 16112
       },
       "num-tuples": 300,
       "runtime": { "start": 22226899907, "end": 22226899926},
       "source-locator": "/root/compiler/measurements/m3-5-headline-m4/family/culprit_cycle/n200/emit_guarded/transformed.dl [14:1-14:23]"
      }
     },
     "num-tuples": 300,
     "reads": 8430,
     "runtime": { "start": 22226899898, "end": 22226899935},
     "source-locator": "/root/compiler/measurements/m3-5-headline-m4/family/culprit_cycle/n200/emit_guarded/transformed.dl [7:7-7:8]"
    },
    "s": {
     "maxRSS": {
      "post": 16112,
      "pre": 16112
     },
     "non-recursive-rule": {
      "s(x) :- \n   q(x,y),\n   blocked(y).": {
       "atom-frequency": {
        "s(x) :- \n   q(x,y),\n   blocked(y).": {
         "q": {
          "level": 0,
          "num-tuples": 0
         }
        }
       },
       "maxRSS": {
        "post": 16112,
        "pre": 16112
       },
       "num-tuples": 120,
       "runtime": { "start": 22226903176, "end": 22226903396},
       "source-locator": "/root/compiler/measurements/m3-5-headline-m4/family/culprit_cycle/n200/emit_guarded/transformed.dl [16:1-16:29]"
      }
     },
     "num-tuples": 120,
     "reads": 475,
     "runtime": { "start": 22226903175, "end": 22226903403},
     "source-locator": "/root/compiler/measurements/m3-5-headline-m4/family/culprit_cycle/n200/emit_guarded/transformed.dl [8:7-8:8]"
    }
   },
   "runtime": { "start": 22226899649, "end": 22226904154},
   "starttime": { "time": 22226899622},
   "usage": {
    "timepoint": {
     "22226899734": {
      "maxRSS": 16112,
      "systemtime": 0,
      "usertime": 4066
     },
     "22226899868": {
      "maxRSS": 16112,
      "systemtime": 0,
      "usertime": 4274
     },
     "22226900526": {
      "maxRSS": 16112,
      "systemtime": 0,
      "usertime": 4987
     },
     "22226900792": {
      "maxRSS": 16112,
      "systemtime": 0,
      "usertime": 5218
     },
     "22226900910": {
      "maxRSS": 16112,
      "systemtime": 0,
      "usertime": 5339
     },
     "22226901093": {
      "maxRSS": 16112,
      "systemtime": 0,
      "usertime": 5564
     },
     "22226901200": {
      "maxRSS": 16112,
      "systemtime": 0,
      "usertime": 5672
     },
     "22226901360": {
      "maxRSS": 16112,
      "systemtime": 0,
      "usertime": 5902
     },
     "22226901514": {
      "maxRSS": 16112,
      "systemtime": 0,
      "usertime": 6013
     },
     "22226901703": {
      "maxRSS": 16112,
      "systemtime": 0,
      "usertime": 6239
     },
     "22226901734": {
      "maxRSS": 16112,
      "systemtime": 0,
      "usertime": 6328
     },
     "22226901948": {
      "maxRSS": 16112,
      "systemtime": 0,
      "usertime": 6509
     },
     "22226902037": {
      "maxRSS": 16112,
      "systemtime": 0,
      "usertime": 6609
     },
     "22226902186": {
      "maxRSS": 16112,
      "systemtime": 0,
      "usertime": 6828
     },
     "22226902349": {
      "maxRSS": 16112,
      "systemtime": 0,
      "usertime": 7008
     },
     "22226902506": {
      "maxRSS": 16112,
      "systemtime": 0,
      "usertime": 7157
     },
     "22226902550": {
      "maxRSS": 16112,
      "systemtime": 0,
      "usertime": 7246
     },
     "22226902586": {
      "maxRSS": 16112,
      "systemtime": 0,
      "usertime": 7285
     },
     "22226902644": {
      "maxRSS": 16112,
      "systemtime": 0,
      "usertime": 7350
     },
     "22226902678": {
      "maxRSS": 16112,
      "systemtime": 0,
      "usertime": 7390
     },
     "22226902730": {
      "maxRSS": 16112,
      "systemtime": 0,
      "usertime": 7453
     },
     "22226902763": {
      "maxRSS": 16112,
      "systemtime": 0,
      "usertime": 7492
     },
     "22226902809": {
      "maxRSS": 16112,
      "systemtime": 0,
      "usertime": 7545
     },
     "22226902841": {
      "maxRSS": 16112,
      "systemtime": 0,
      "usertime": 7584
     },
     "22226902886": {
      "maxRSS": 16112,
      "systemtime": 0,
      "usertime": 7635
     },
     "22226902916": {
      "maxRSS": 16112,
      "systemtime": 0,
      "usertime": 7672
     },
     "22226902958": {
      "maxRSS": 16112,
      "systemtime": 0,
      "usertime": 7722
     },
     "22226902988": {
      "maxRSS": 16112,
      "systemtime": 0,
      "usertime": 7758
     },
     "22226903024": {
      "maxRSS": 16112,
      "systemtime": 0,
      "usertime": 7799
     },
     "22226903049": {
      "maxRSS": 16112,
      "systemtime": 0,
      "usertime": 7830
     },
     "22226903078": {
      "maxRSS": 16112,
      "systemtime": 0,
      "usertime": 7863
     },
     "22226903100": {
      "maxRSS": 16112,
      "systemtime": 0,
      "usertime": 7894
     },
     "22226903125": {
      "maxRSS": 16112,
      "systemtime": 0,
      "usertime": 7922
     },
     "22226903148": {
      "maxRSS": 16112,
      "systemtime": 0,
      "usertime": 7951
     },
     "22226903173": {
      "maxRSS": 16112,
      "systemtime": 0,
      "usertime": 7980
     },
     "22226903421": {
      "maxRSS": 16112,
      "systemtime": 0,
      "usertime": 8234
     },
     "22226903471": {
      "maxRSS": 16112,
      "systemtime": 0,
      "usertime": 8290
     },
     "22226903560": {
      "maxRSS": 16112,
      "systemtime": 0,
      "usertime": 8384
     },
     "22226903597": {
      "maxRSS": 16112,
      "systemtime": 0,
      "usertime": 8427
     },
     "22226903653": {
      "maxRSS": 16112,
      "systemtime": 0,
      "usertime": 8489
     },
     "22226903685": {
      "maxRSS": 16112,
      "systemtime": 0,
      "usertime": 8527
     },
     "22226903709": {
      "maxRSS": 16112,
      "systemtime": 0,
      "usertime": 8546
     }
    }
   }
  }
 }
}
