{
 "root": {
  "program": {
   "configuration": {
    "": "/root/compiler/measurements/m3-5-headline/candidates/cc_arity3_twobound/emit_guarded/transformed.dl",
    "fact-dir": "/root/compiler/fixtures/culprit_candidates/cc_arity3_twobound",
    "include-dir": ".",
    "jobs": "1",
    "libraries": "functors",
    "library-dir": ".",
    "output-dir": "/root/compiler/measurements/m3-5-headline/candidates/cc_arity3_twobound/dlc",
    "profile": "prof.log",
    "relationCount": "7",
    "ruleCount": "10",
    "version": "2.5",
    "warn": "all",
    "wno": "none"
   },
   "relation": {
    "base": {
     "loadtime": { "start": 29424695225, "end": 29424695328},
     "num-tuples": 75,
     "reads": 0,
     "source-locator": "/root/compiler/measurements/m3-5-headline/candidates/cc_arity3_twobound/emit_guarded/transformed.dl [1:7-1:11]"
    },
    "blocked": {
     "loadtime": { "start": 29424695338, "end": 29424695367},
     "num-tuples": 32,
     "reads": 109,
     "source-locator": "/root/compiler/measurements/m3-5-headline/candidates/cc_arity3_twobound/emit_guarded/transformed.dl [5:7-5:14]"
    },
    "e": {
     "loadtime": { "start": 29424695375, "end": 29424695418},
     "num-tuples": 75,
     "reads": 0,
     "source-locator": "/root/compiler/measurements/m3-5-headline/candidates/cc_arity3_twobound/emit_guarded/transformed.dl [3:7-3:8]"
    },
    "out": {
     "maxRSS": {
      "post": 16772,
      "pre": 16772
     },
     "non-recursive-rule": {
      "out(y) :- \n   p(1,y,1).": {
       "atom-frequency": {
        "out(y) :- \n   p(1,y,1).": {
         "p": {
          "level": 0,
          "num-tuples": 0
         }
        }
       },
       "maxRSS": {
        "post": 16772,
        "pre": 16772
       },
       "num-tuples": 1,
       "runtime": { "start": 29424695773, "end": 29424695775},
       "source-locator": "/root/compiler/measurements/m3-5-headline/candidates/cc_arity3_twobound/emit_guarded/transformed.dl [17:1-17:22]"
      }
     },
     "num-tuples": 1,
     "reads": 0,
     "runtime": { "start": 29424695772, "end": 29424695782},
     "savetime": { "start": 29424695786, "end": 29424696111},
     "source-locator": "/root/compiler/measurements/m3-5-headline/candidates/cc_arity3_twobound/emit_guarded/transformed.dl [10:7-10:10]"
    },
    "p": {
     "iteration": {
      "0": {
       "copytime": { "start": 29424695723, "end": 29424695729},
       "maxRSS": {
        "post": 16772,
        "pre": 16772
       },
       "num-tuples": 46,
       "recursive-rule": {
        "p(x,y,l) :- \n   p(x,z,l),\n   !s(z,l),\n   q(z,y,l).": {
         "0": {
          "atom-frequency": {
           "@new_p(x,y,l) :- \n   @delta_p(x,z,l),\n   !s(z,l),\n   q(z,y,l).": {
            "@delta_p": {
             "level": 0,
             "num-tuples": 0
            },
            "q": {
             "level": 1,
             "num-tuples": 0
            }
           }
          },
          "maxRSS": {
           "post": 16772,
           "pre": 16772
          },
          "num-tuples": 46,
          "runtime": { "start": 29424695683, "end": 29424695706},
          "source-locator": "/root/compiler/measurements/m3-5-headline/candidates/cc_arity3_twobound/emit_guarded/transformed.dl [13:1-13:48]"
         }
        }
       },
       "runtime": { "start": 29424695673, "end": 29424695715}
      },
      "1": {
       "maxRSS": {
        "post": 16772,
        "pre": 16772
       },
       "num-tuples": 0,
       "recursive-rule": {
        "p(x,y,l) :- \n   p(x,z,l),\n   !s(z,l),\n   q(z,y,l).": {
         "0": {
          "maxRSS": {
           "post": 16772,
           "pre": 16772
          },
          "num-tuples": 0,
          "runtime": { "start": 29424695733, "end": 29424695744},
          "source-locator": "/root/compiler/measurements/m3-5-headline/candidates/cc_arity3_twobound/emit_guarded/transformed.dl [13:1-13:48]"
         }
        }
       },
       "runtime": { "start": 29424695732, "end": 29424695752}
      }
     },
     "maxRSS": {
      "post": 16772,
      "pre": 16772
     },
     "non-recursive-rule": {
      "p(x,y,l) :- \n   e(x,y,l).": {
       "atom-frequency": {
        "p(x,y,l) :- \n   e(x,y,l).": {
         "e": {
          "level": 0,
          "num-tuples": 0
         }
        }
       },
       "maxRSS": {
        "post": 16772,
        "pre": 16772
       },
       "num-tuples": 75,
       "runtime": { "start": 29424695651, "end": 29424695656},
       "source-locator": "/root/compiler/measurements/m3-5-headline/candidates/cc_arity3_twobound/emit_guarded/transformed.dl [12:1-12:26]"
      }
     },
     "num-tuples": 75,
     "reads": 62,
     "runtime": { "start": 29424695641, "end": 29424695665},
     "source-locator": "/root/compiler/measurements/m3-5-headline/candidates/cc_arity3_twobound/emit_guarded/transformed.dl [9:7-9:8]"
    },
    "q": {
     "iteration": {
      "0": {
       "copytime": { "start": 29424695525, "end": 29424695530},
       "maxRSS": {
        "post": 16772,
        "pre": 16772
       },
       "num-tuples": 27,
       "recursive-rule": {
        "q(x,y,l) :- \n   q(x,z,l),\n   base(z,y,l).": {
         "0": {
          "atom-frequency": {
           "@new_q(x,y,l) :- \n   @delta_q(x,z,l),\n   base(z,y,l).": {
            "@delta_q": {
             "level": 0,
             "num-tuples": 0
            },
            "base": {
             "level": 1,
             "num-tuples": 0
            }
           }
          },
          "maxRSS": {
           "post": 16772,
           "pre": 16772
          },
          "num-tuples": 27,
          "runtime": { "start": 29424695472, "end": 29424695496},
          "source-locator": "/root/compiler/measurements/m3-5-headline/candidates/cc_arity3_twobound/emit_guarded/transformed.dl [15:1-15:41]"
         }
        }
       },
       "runtime": { "start": 29424695463, "end": 29424695506}
      },
      "1": {
       "copytime": { "start": 29424695578, "end": 29424695580},
       "maxRSS": {
        "post": 16772,
        "pre": 16772
       },
       "num-tuples": 7,
       "recursive-rule": {
        "q(x,y,l) :- \n   q(x,z,l),\n   base(z,y,l).": {
         "0": {
          "maxRSS": {
           "post": 16772,
           "pre": 16772
          },
          "num-tuples": 7,
          "runtime": { "start": 29424695544, "end": 29424695550},
          "source-locator": "/root/compiler/measurements/m3-5-headline/candidates/cc_arity3_twobound/emit_guarded/transformed.dl [15:1-15:41]"
         }
        }
       },
       "runtime": { "start": 29424695534, "end": 29424695558}
      },
      "2": {
       "maxRSS": {
        "post": 16772,
        "pre": 16772
       },
       "num-tuples": 0,
       "recursive-rule": {
        "q(x,y,l) :- \n   q(x,z,l),\n   base(z,y,l).": {
         "0": {
          "maxRSS": {
           "post": 16772,
           "pre": 16772
          },
          "num-tuples": 0,
          "runtime": { "start": 29424695592, "end": 29424695594},
          "source-locator": "/root/compiler/measurements/m3-5-headline/candidates/cc_arity3_twobound/emit_guarded/transformed.dl [15:1-15:41]"
         }
        }
       },
       "runtime": { "start": 29424695583, "end": 29424695602}
      }
     },
     "maxRSS": {
      "post": 16772,
      "pre": 16772
     },
     "non-recursive-rule": {
      "q(x,y,l) :- \n   base(x,y,l).": {
       "atom-frequency": {
        "q(x,y,l) :- \n   base(x,y,l).": {
         "base": {
          "level": 0,
          "num-tuples": 0
         }
        }
       },
       "maxRSS": {
        "post": 16772,
        "pre": 16772
       },
       "num-tuples": 75,
       "runtime": { "start": 29424695435, "end": 29424695444},
       "source-locator": "/root/compiler/measurements/m3-5-headline/candidates/cc_arity3_twobound/emit_guarded/transformed.dl [14:1-14:29]"
      }
     },
     "num-tuples": 75,
     "reads": 35,
     "runtime": { "start": 29424695425, "end": 29424695453},
     "source-locator": "/root/compiler/measurements/m3-5-headline/candidates/cc_arity3_twobound/emit_guarded/transformed.dl [7:7-7:8]"
    },
    "s": {
     "maxRSS": {
      "post": 16772,
      "pre": 16772
     },
     "non-recursive-rule": {
      "s(x,l) :- \n   q(x,_,l),\n   blocked(x,l).": {
       "atom-frequency": {
        "s(x,l) :- \n   q(x,_,l),\n   blocked(x,l).": {
         "q": {
          "level": 0,
          "num-tuples": 0
         }
        }
       },
       "maxRSS": {
        "post": 16772,
        "pre": 16772
       },
       "num-tuples": 11,
       "runtime": { "start": 29424695623, "end": 29424695630},
       "source-locator": "/root/compiler/measurements/m3-5-headline/candidates/cc_arity3_twobound/emit_guarded/transformed.dl [16:1-16:38]"
      }
     },
     "num-tuples": 11,
     "reads": 121,
     "runtime": { "start": 29424695622, "end": 29424695636},
     "source-locator": "/root/compiler/measurements/m3-5-headline/candidates/cc_arity3_twobound/emit_guarded/transformed.dl [8:7-8:8]"
    }
   },
   "runtime": { "start": 29424695209, "end": 29424696119},
   "starttime": { "time": 29424695172},
   "usage": {
    "timepoint": {
     "29424695185": {
      "maxRSS": 16772,
      "systemtime": 0,
      "usertime": 2344
     },
     "29424695233": {
      "maxRSS": 16772,
      "systemtime": 0,
      "usertime": 4634
     },
     "29424695355": {
      "maxRSS": 16772,
      "systemtime": 0,
      "usertime": 4759
     },
     "29424695391": {
      "maxRSS": 16772,
      "systemtime": 0,
      "usertime": 4807
     },
     "29424695440": {
      "maxRSS": 16772,
      "systemtime": 0,
      "usertime": 4874
     },
     "29424695477": {
      "maxRSS": 16772,
      "systemtime": 0,
      "usertime": 4916
     },
     "29424695525": {
      "maxRSS": 16772,
      "systemtime": 0,
      "usertime": 4969
     },
     "29424695548": {
      "maxRSS": 16772,
      "systemtime": 0,
      "usertime": 5003
     },
     "29424695577": {
      "maxRSS": 16772,
      "systemtime": 0,
      "usertime": 5036
     },
     "29424695597": {
      "maxRSS": 16772,
      "systemtime": 0,
      "usertime": 5063
     },
     "29424695621": {
      "maxRSS": 16772,
      "systemtime": 0,
      "usertime": 5091
     },
     "29424695656": {
      "maxRSS": 16772,
      "systemtime": 0,
      "usertime": 5131
     },
     "29424695717": {
      "maxRSS": 16772,
      "systemtime": 0,
      "usertime": 5213
     },
     "29424695773": {
      "maxRSS": 16772,
      "systemtime": 0,
      "usertime": 5294
     },
     "29424695800": {
      "maxRSS": 16772,
      "systemtime": 0,
      "usertime": 5320
     }
    }
   }
  }
 }
}
