{
 "root": {
  "program": {
   "configuration": {
    "": "/root/compiler/measurements/m3-5-headline-m4/candidates/cc_third_relation/emit_guarded/transformed.dl",
    "fact-dir": "/root/compiler/fixtures/culprit_candidates/cc_third_relation",
    "include-dir": ".",
    "jobs": "1",
    "libraries": "functors",
    "library-dir": ".",
    "output-dir": "/root/compiler/measurements/m3-5-headline-m4/candidates/cc_third_relation/dlc",
    "profile": "prof.log",
    "relationCount": "7",
    "ruleCount": "10",
    "version": "2.5",
    "warn": "all",
    "wno": "none"
   },
   "relation": {
    "base": {
     "loadtime": { "start": 17309737324, "end": 17309737412},
     "num-tuples": 75,
     "reads": 0,
     "source-locator": "/root/compiler/measurements/m3-5-headline-m4/candidates/cc_third_relation/emit_guarded/transformed.dl [1:7-1:11]"
    },
    "blocked": {
     "loadtime": { "start": 17309737420, "end": 17309737446},
     "num-tuples": 11,
     "reads": 533,
     "source-locator": "/root/compiler/measurements/m3-5-headline-m4/candidates/cc_third_relation/emit_guarded/transformed.dl [5:7-5:14]"
    },
    "e": {
     "loadtime": { "start": 17309737453, "end": 17309737488},
     "num-tuples": 76,
     "reads": 0,
     "source-locator": "/root/compiler/measurements/m3-5-headline-m4/candidates/cc_third_relation/emit_guarded/transformed.dl [3:7-3:8]"
    },
    "out": {
     "maxRSS": {
      "post": 16928,
      "pre": 16928
     },
     "non-recursive-rule": {
      "out(y) :- \n   q2(1,y).": {
       "atom-frequency": {
        "out(y) :- \n   q2(1,y).": {
         "q2": {
          "level": 0,
          "num-tuples": 0
         }
        }
       },
       "maxRSS": {
        "post": 16928,
        "pre": 16928
       },
       "num-tuples": 2,
       "runtime": { "start": 17309738270, "end": 17309738272},
       "source-locator": "/root/compiler/measurements/m3-5-headline-m4/candidates/cc_third_relation/emit_guarded/transformed.dl [17:1-17:20]"
      }
     },
     "num-tuples": 2,
     "reads": 0,
     "runtime": { "start": 17309738270, "end": 17309738280},
     "savetime": { "start": 17309738284, "end": 17309738348},
     "source-locator": "/root/compiler/measurements/m3-5-headline-m4/candidates/cc_third_relation/emit_guarded/transformed.dl [10:7-10:10]"
    },
    "p": {
     "iteration": {
      "0": {
       "copytime": { "start": 17309737601, "end": 17309737611},
       "maxRSS": {
        "post": 16928,
        "pre": 16928
       },
       "num-tuples": 123,
       "recursive-rule": {
        "p(x,y) :- \n   p(x,z),\n   base(z,y).": {
         "0": {
          "atom-frequency": {
           "@new_p(x,y) :- \n   @delta_p(x,z),\n   base(z,y).": {
            "@delta_p": {
             "level": 0,
             "num-tuples": 0
            },
            "base": {
             "level": 1,
             "num-tuples": 0
            }
           }
          },
          "maxRSS": {
           "post": 16928,
           "pre": 16928
          },
          "num-tuples": 123,
          "runtime": { "start": 17309737541, "end": 17309737572},
          "source-locator": "/root/compiler/measurements/m3-5-headline-m4/candidates/cc_third_relation/emit_guarded/transformed.dl [13:1-13:32]"
         }
        }
       },
       "runtime": { "start": 17309737532, "end": 17309737581}
      },
      "1": {
       "copytime": { "start": 17309737680, "end": 17309737691},
       "maxRSS": {
        "post": 16928,
        "pre": 16928
       },
       "num-tuples": 108,
       "recursive-rule": {
        "p(x,y) :- \n   p(x,z),\n   base(z,y).": {
         "0": {
          "maxRSS": {
           "post": 16928,
           "pre": 16928
          },
          "num-tuples": 108,
          "runtime": { "start": 17309737625, "end": 17309737652},
          "source-locator": "/root/compiler/measurements/m3-5-headline-m4/candidates/cc_third_relation/emit_guarded/transformed.dl [13:1-13:32]"
         }
        }
       },
       "runtime": { "start": 17309737615, "end": 17309737661}
      },
      "10": {
       "maxRSS": {
        "post": 16928,
        "pre": 16928
       },
       "num-tuples": 0,
       "recursive-rule": {
        "p(x,y) :- \n   p(x,z),\n   base(z,y).": {
         "0": {
          "maxRSS": {
           "post": 16928,
           "pre": 16928
          },
          "num-tuples": 0,
          "runtime": { "start": 17309738094, "end": 17309738096},
          "source-locator": "/root/compiler/measurements/m3-5-headline-m4/candidates/cc_third_relation/emit_guarded/transformed.dl [13:1-13:32]"
         }
        }
       },
       "runtime": { "start": 17309738085, "end": 17309738104}
      },
      "2": {
       "copytime": { "start": 17309737754, "end": 17309737764},
       "maxRSS": {
        "post": 16928,
        "pre": 16928
       },
       "num-tuples": 91,
       "recursive-rule": {
        "p(x,y) :- \n   p(x,z),\n   base(z,y).": {
         "0": {
          "maxRSS": {
           "post": 16928,
           "pre": 16928
          },
          "num-tuples": 91,
          "runtime": { "start": 17309737704, "end": 17309737728},
          "source-locator": "/root/compiler/measurements/m3-5-headline-m4/candidates/cc_third_relation/emit_guarded/transformed.dl [13:1-13:32]"
         }
        }
       },
       "runtime": { "start": 17309737695, "end": 17309737735}
      },
      "3": {
       "copytime": { "start": 17309737822, "end": 17309737828},
       "maxRSS": {
        "post": 16928,
        "pre": 16928
       },
       "num-tuples": 48,
       "recursive-rule": {
        "p(x,y) :- \n   p(x,z),\n   base(z,y).": {
         "0": {
          "maxRSS": {
           "post": 16928,
           "pre": 16928
          },
          "num-tuples": 48,
          "runtime": { "start": 17309737777, "end": 17309737796},
          "source-locator": "/root/compiler/measurements/m3-5-headline-m4/candidates/cc_third_relation/emit_guarded/transformed.dl [13:1-13:32]"
         }
        }
       },
       "runtime": { "start": 17309737768, "end": 17309737803}
      },
      "4": {
       "copytime": { "start": 17309737879, "end": 17309737883},
       "maxRSS": {
        "post": 16928,
        "pre": 16928
       },
       "num-tuples": 30,
       "recursive-rule": {
        "p(x,y) :- \n   p(x,z),\n   base(z,y).": {
         "0": {
          "maxRSS": {
           "post": 16928,
           "pre": 16928
          },
          "num-tuples": 30,
          "runtime": { "start": 17309737840, "end": 17309737852},
          "source-locator": "/root/compiler/measurements/m3-5-headline-m4/candidates/cc_third_relation/emit_guarded/transformed.dl [13:1-13:32]"
         }
        }
       },
       "runtime": { "start": 17309737831, "end": 17309737860}
      },
      "5": {
       "copytime": { "start": 17309737909, "end": 17309737913},
       "maxRSS": {
        "post": 16928,
        "pre": 16928
       },
       "num-tuples": 28,
       "recursive-rule": {
        "p(x,y) :- \n   p(x,z),\n   base(z,y).": {
         "0": {
          "maxRSS": {
           "post": 16928,
           "pre": 16928
          },
          "num-tuples": 28,
          "runtime": { "start": 17309737887, "end": 17309737896},
          "source-locator": "/root/compiler/measurements/m3-5-headline-m4/candidates/cc_third_relation/emit_guarded/transformed.dl [13:1-13:32]"
         }
        }
       },
       "runtime": { "start": 17309737887, "end": 17309737902}
      },
      "6": {
       "copytime": { "start": 17309737945, "end": 17309737947},
       "maxRSS": {
        "post": 16928,
        "pre": 16928
       },
       "num-tuples": 15,
       "recursive-rule": {
        "p(x,y) :- \n   p(x,z),\n   base(z,y).": {
         "0": {
          "maxRSS": {
           "post": 16928,
           "pre": 16928
          },
          "num-tuples": 15,
          "runtime": { "start": 17309737916, "end": 17309737922},
          "source-locator": "/root/compiler/measurements/m3-5-headline-m4/candidates/cc_third_relation/emit_guarded/transformed.dl [13:1-13:32]"
         }
        }
       },
       "runtime": { "start": 17309737916, "end": 17309737927}
      },
      "7": {
       "copytime": { "start": 17309737992, "end": 17309737993},
       "maxRSS": {
        "post": 16928,
        "pre": 16928
       },
       "num-tuples": 7,
       "recursive-rule": {
        "p(x,y) :- \n   p(x,z),\n   base(z,y).": {
         "0": {
          "maxRSS": {
           "post": 16928,
           "pre": 16928
          },
          "num-tuples": 7,
          "runtime": { "start": 17309737960, "end": 17309737965},
          "source-locator": "/root/compiler/measurements/m3-5-headline-m4/candidates/cc_third_relation/emit_guarded/transformed.dl [13:1-13:32]"
         }
        }
       },
       "runtime": { "start": 17309737951, "end": 17309737973}
      },
      "8": {
       "copytime": { "start": 17309738036, "end": 17309738038},
       "maxRSS": {
        "post": 16928,
        "pre": 16928
       },
       "num-tuples": 4,
       "recursive-rule": {
        "p(x,y) :- \n   p(x,z),\n   base(z,y).": {
         "0": {
          "maxRSS": {
           "post": 16928,
           "pre": 16928
          },
          "num-tuples": 4,
          "runtime": { "start": 17309738006, "end": 17309738009},
          "source-locator": "/root/compiler/measurements/m3-5-headline-m4/candidates/cc_third_relation/emit_guarded/transformed.dl [13:1-13:32]"
         }
        }
       },
       "runtime": { "start": 17309737997, "end": 17309738017}
      },
      "9": {
       "copytime": { "start": 17309738080, "end": 17309738081},
       "maxRSS": {
        "post": 16928,
        "pre": 16928
       },
       "num-tuples": 3,
       "recursive-rule": {
        "p(x,y) :- \n   p(x,z),\n   base(z,y).": {
         "0": {
          "maxRSS": {
           "post": 16928,
           "pre": 16928
          },
          "num-tuples": 3,
          "runtime": { "start": 17309738050, "end": 17309738053},
          "source-locator": "/root/compiler/measurements/m3-5-headline-m4/candidates/cc_third_relation/emit_guarded/transformed.dl [13:1-13:32]"
         }
        }
       },
       "runtime": { "start": 17309738041, "end": 17309738060}
      }
     },
     "maxRSS": {
      "post": 16928,
      "pre": 16928
     },
     "non-recursive-rule": {
      "p(x,y) :- \n   e(x,y).": {
       "atom-frequency": {
        "p(x,y) :- \n   e(x,y).": {
         "e": {
          "level": 0,
          "num-tuples": 0
         }
        }
       },
       "maxRSS": {
        "post": 16928,
        "pre": 16928
       },
       "num-tuples": 76,
       "runtime": { "start": 17309737504, "end": 17309737514},
       "source-locator": "/root/compiler/measurements/m3-5-headline-m4/candidates/cc_third_relation/emit_guarded/transformed.dl [12:1-12:20]"
      }
     },
     "num-tuples": 76,
     "reads": 698,
     "runtime": { "start": 17309737494, "end": 17309737523},
     "source-locator": "/root/compiler/measurements/m3-5-headline-m4/candidates/cc_third_relation/emit_guarded/transformed.dl [7:7-7:8]"
    },
    "q2": {
     "iteration": {
      "0": {
       "copytime": { "start": 17309738233, "end": 17309738235},
       "maxRSS": {
        "post": 16928,
        "pre": 16928
       },
       "num-tuples": 4,
       "recursive-rule": {
        "q2(x,y) :- \n   q2(x,z),\n   !s(z),\n   p(z,y).": {
         "0": {
          "atom-frequency": {
           "@new_q2(x,y) :- \n   @delta_q2(x,z),\n   !s(z),\n   p(z,y).": {
            "@delta_q2": {
             "level": 0,
             "num-tuples": 0
            },
            "p": {
             "level": 1,
             "num-tuples": 0
            }
           }
          },
          "maxRSS": {
           "post": 16928,
           "pre": 16928
          },
          "num-tuples": 4,
          "runtime": { "start": 17309738196, "end": 17309738205},
          "source-locator": "/root/compiler/measurements/m3-5-headline-m4/candidates/cc_third_relation/emit_guarded/transformed.dl [15:1-15:38]"
         }
        }
       },
       "runtime": { "start": 17309738187, "end": 17309738214}
      },
      "1": {
       "maxRSS": {
        "post": 16928,
        "pre": 16928
       },
       "num-tuples": 0,
       "recursive-rule": {
        "q2(x,y) :- \n   q2(x,z),\n   !s(z),\n   p(z,y).": {
         "0": {
          "maxRSS": {
           "post": 16928,
           "pre": 16928
          },
          "num-tuples": 0,
          "runtime": { "start": 17309738242, "end": 17309738243},
          "source-locator": "/root/compiler/measurements/m3-5-headline-m4/candidates/cc_third_relation/emit_guarded/transformed.dl [15:1-15:38]"
         }
        }
       },
       "runtime": { "start": 17309738238, "end": 17309738250}
      }
     },
     "maxRSS": {
      "post": 16928,
      "pre": 16928
     },
     "non-recursive-rule": {
      "q2(x,y) :- \n   base(x,y).": {
       "atom-frequency": {
        "q2(x,y) :- \n   base(x,y).": {
         "base": {
          "level": 0,
          "num-tuples": 0
         }
        }
       },
       "maxRSS": {
        "post": 16928,
        "pre": 16928
       },
       "num-tuples": 75,
       "runtime": { "start": 17309738167, "end": 17309738171},
       "source-locator": "/root/compiler/measurements/m3-5-headline-m4/candidates/cc_third_relation/emit_guarded/transformed.dl [14:1-14:24]"
      }
     },
     "num-tuples": 75,
     "reads": 4,
     "runtime": { "start": 17309738158, "end": 17309738179},
     "source-locator": "/root/compiler/measurements/m3-5-headline-m4/candidates/cc_third_relation/emit_guarded/transformed.dl [9:7-9:9]"
    },
    "s": {
     "maxRSS": {
      "post": 16928,
      "pre": 16928
     },
     "non-recursive-rule": {
      "s(x) :- \n   p(x,y),\n   blocked(y).": {
       "atom-frequency": {
        "s(x) :- \n   p(x,y),\n   blocked(y).": {
         "p": {
          "level": 0,
          "num-tuples": 0
         }
        }
       },
       "maxRSS": {
        "post": 16928,
        "pre": 16928
       },
       "num-tuples": 35,
       "runtime": { "start": 17309738124, "end": 17309738147},
       "source-locator": "/root/compiler/measurements/m3-5-headline-m4/candidates/cc_third_relation/emit_guarded/transformed.dl [16:1-16:29]"
      }
     },
     "num-tuples": 35,
     "reads": 79,
     "runtime": { "start": 17309738123, "end": 17309738154},
     "source-locator": "/root/compiler/measurements/m3-5-headline-m4/candidates/cc_third_relation/emit_guarded/transformed.dl [8:7-8:8]"
    }
   },
   "runtime": { "start": 17309737319, "end": 17309738353},
   "starttime": { "time": 17309737288},
   "usage": {
    "timepoint": {
     "17309737300": {
      "maxRSS": 16928,
      "systemtime": 0,
      "usertime": 2912
     },
     "17309737330": {
      "maxRSS": 16928,
      "systemtime": 0,
      "usertime": 4245
     },
     "17309737442": {
      "maxRSS": 16928,
      "systemtime": 0,
      "usertime": 4349
     },
     "17309737468": {
      "maxRSS": 16928,
      "systemtime": 0,
      "usertime": 4393
     },
     "17309737509": {
      "maxRSS": 16928,
      "systemtime": 0,
      "usertime": 4451
     },
     "17309737546": {
      "maxRSS": 16928,
      "systemtime": 0,
      "usertime": 4494
     },
     "17309737600": {
      "maxRSS": 16928,
      "systemtime": 0,
      "usertime": 4555
     },
     "17309737629": {
      "maxRSS": 16928,
      "systemtime": 0,
      "usertime": 4594
     },
     "17309737679": {
      "maxRSS": 16928,
      "systemtime": 0,
      "usertime": 4650
     },
     "17309737708": {
      "maxRSS": 16928,
      "systemtime": 0,
      "usertime": 4686
     },
     "17309737754": {
      "maxRSS": 16928,
      "systemtime": 0,
      "usertime": 4738
     },
     "17309737782": {
      "maxRSS": 16928,
      "systemtime": 0,
      "usertime": 4773
     },
     "17309737821": {
      "maxRSS": 16928,
      "systemtime": 0,
      "usertime": 4819
     },
     "17309737845": {
      "maxRSS": 16928,
      "systemtime": 0,
      "usertime": 4849
     },
     "17309737917": {
      "maxRSS": 16928,
      "systemtime": 0,
      "usertime": 4944
     },
     "17309737946": {
      "maxRSS": 16928,
      "systemtime": 0,
      "usertime": 4985
     },
     "17309737965": {
      "maxRSS": 16928,
      "systemtime": 0,
      "usertime": 5012
     },
     "17309737991": {
      "maxRSS": 16928,
      "systemtime": 0,
      "usertime": 5040
     },
     "17309738011": {
      "maxRSS": 16928,
      "systemtime": 0,
      "usertime": 5069
     },
     "17309738035": {
      "maxRSS": 16928,
      "systemtime": 0,
      "usertime": 5098
     },
     "17309738055": {
      "maxRSS": 16928,
      "systemtime": 0,
      "usertime": 5128
     },
     "17309738079": {
      "maxRSS": 16928,
      "systemtime": 0,
      "usertime": 5156
     },
     "17309738099": {
      "maxRSS": 16928,
      "systemtime": 0,
      "usertime": 5184
     },
     "17309738121": {
      "maxRSS": 16928,
      "systemtime": 0,
      "usertime": 5211
     },
     "17309738172": {
      "maxRSS": 16928,
      "systemtime": 0,
      "usertime": 5272
     },
     "17309738201": {
      "maxRSS": 16928,
      "systemtime": 0,
      "usertime": 5304
     },
     "17309738232": {
      "maxRSS": 16928,
      "systemtime": 0,
      "usertime": 5343
     },
     "17309738249": {
      "maxRSS": 16928,
      "systemtime": 0,
      "usertime": 5365
     },
     "17309738267": {
      "maxRSS": 16928,
      "systemtime": 0,
      "usertime": 5391
     },
     "17309738273": {
      "maxRSS": 16928,
      "systemtime": 0,
      "usertime": 5406
     },
     "17309738345": {
      "maxRSS": 16928,
      "systemtime": 0,
      "usertime": 5445
     }
    }
   }
  }
 }
}
