{
 "root": {
  "program": {
   "configuration": {
    "": "/root/compiler/tests/corpus/BENCHMARK_FAMILY/ancestor_nonancestor.dl",
    "fact-dir": "/root/compiler/fixtures/benchmark-family/ancestor_nonancestor/n500",
    "include-dir": ".",
    "jobs": "1",
    "libraries": "functors",
    "library-dir": ".",
    "output-dir": "/root/compiler/measurements/m4-sips/gate/ancestor_nonancestor/original",
    "profile": "prof.log",
    "relationCount": "5",
    "ruleCount": "6",
    "version": "2.5",
    "warn": "all",
    "wno": "none"
   },
   "relation": {
    "ancestor": {
     "iteration": {
      "0": {
       "copytime": { "start": 16804491129, "end": 16804491295},
       "maxRSS": {
        "post": 12280,
        "pre": 12152
       },
       "num-tuples": 2208,
       "recursive-rule": {
        "ancestor(x,y) :- \n   parent(x,z),\n   ancestor(z,y).": {
         "0": {
          "atom-frequency": {
           "@new_ancestor(x,y) :- \n   parent(x,z),\n   @delta_ancestor(z,y).": {
            "@delta_ancestor": {
             "level": 1,
             "num-tuples": 0
            },
            "parent": {
             "level": 0,
             "num-tuples": 0
            }
           }
          },
          "maxRSS": {
           "post": 12280,
           "pre": 12152
          },
          "num-tuples": 2208,
          "runtime": { "start": 16804490725, "end": 16804491097},
          "source-locator": "/root/compiler/tests/corpus/BENCHMARK_FAMILY/ancestor_nonancestor.dl [22:1-22:45]"
         }
        }
       },
       "runtime": { "start": 16804490716, "end": 16804491109}
      },
      "1": {
       "copytime": { "start": 16804492130, "end": 16804492517},
       "maxRSS": {
        "post": 12408,
        "pre": 12280
       },
       "num-tuples": 4475,
       "recursive-rule": {
        "ancestor(x,y) :- \n   parent(x,z),\n   ancestor(z,y).": {
         "0": {
          "maxRSS": {
           "post": 12408,
           "pre": 12280
          },
          "num-tuples": 4475,
          "runtime": { "start": 16804491308, "end": 16804492100},
          "source-locator": "/root/compiler/tests/corpus/BENCHMARK_FAMILY/ancestor_nonancestor.dl [22:1-22:45]"
         }
        }
       },
       "runtime": { "start": 16804491300, "end": 16804492111}
      },
      "10": {
       "copytime": { "start": 16804515955, "end": 16804516672},
       "maxRSS": {
        "post": 14712,
        "pre": 14712
       },
       "num-tuples": 6207,
       "recursive-rule": {
        "ancestor(x,y) :- \n   parent(x,z),\n   ancestor(z,y).": {
         "0": {
          "maxRSS": {
           "post": 14712,
           "pre": 14712
          },
          "num-tuples": 6207,
          "runtime": { "start": 16804514471, "end": 16804515915},
          "source-locator": "/root/compiler/tests/corpus/BENCHMARK_FAMILY/ancestor_nonancestor.dl [22:1-22:45]"
         }
        }
       },
       "runtime": { "start": 16804514452, "end": 16804515928}
      },
      "11": {
       "copytime": { "start": 16804517965, "end": 16804518540},
       "maxRSS": {
        "post": 14840,
        "pre": 14840
       },
       "num-tuples": 4794,
       "recursive-rule": {
        "ancestor(x,y) :- \n   parent(x,z),\n   ancestor(z,y).": {
         "0": {
          "maxRSS": {
           "post": 14840,
           "pre": 14840
          },
          "num-tuples": 4794,
          "runtime": { "start": 16804516693, "end": 16804517929},
          "source-locator": "/root/compiler/tests/corpus/BENCHMARK_FAMILY/ancestor_nonancestor.dl [22:1-22:45]"
         }
        }
       },
       "runtime": { "start": 16804516680, "end": 16804517940}
      },
      "12": {
       "copytime": { "start": 16804519590, "end": 16804520033},
       "maxRSS": {
        "post": 14968,
        "pre": 14968
       },
       "num-tuples": 3491,
       "recursive-rule": {
        "ancestor(x,y) :- \n   parent(x,z),\n   ancestor(z,y).": {
         "0": {
          "maxRSS": {
           "post": 14968,
           "pre": 14968
          },
          "num-tuples": 3491,
          "runtime": { "start": 16804518559, "end": 16804519554},
          "source-locator": "/root/compiler/tests/corpus/BENCHMARK_FAMILY/ancestor_nonancestor.dl [22:1-22:45]"
         }
        }
       },
       "runtime": { "start": 16804518546, "end": 16804519565}
      },
      "13": {
       "copytime": { "start": 16804520830, "end": 16804521115},
       "maxRSS": {
        "post": 14968,
        "pre": 14968
       },
       "num-tuples": 2292,
       "recursive-rule": {
        "ancestor(x,y) :- \n   parent(x,z),\n   ancestor(z,y).": {
         "0": {
          "maxRSS": {
           "post": 14968,
           "pre": 14968
          },
          "num-tuples": 2292,
          "runtime": { "start": 16804520053, "end": 16804520790},
          "source-locator": "/root/compiler/tests/corpus/BENCHMARK_FAMILY/ancestor_nonancestor.dl [22:1-22:45]"
         }
        }
       },
       "runtime": { "start": 16804520040, "end": 16804520801}
      },
      "14": {
       "copytime": { "start": 16804521747, "end": 16804521939},
       "maxRSS": {
        "post": 14968,
        "pre": 14968
       },
       "num-tuples": 1451,
       "recursive-rule": {
        "ancestor(x,y) :- \n   parent(x,z),\n   ancestor(z,y).": {
         "0": {
          "maxRSS": {
           "post": 14968,
           "pre": 14968
          },
          "num-tuples": 1451,
          "runtime": { "start": 16804521133, "end": 16804521713},
          "source-locator": "/root/compiler/tests/corpus/BENCHMARK_FAMILY/ancestor_nonancestor.dl [22:1-22:45]"
         }
        }
       },
       "runtime": { "start": 16804521120, "end": 16804521724}
      },
      "15": {
       "copytime": { "start": 16804522406, "end": 16804522544},
       "maxRSS": {
        "post": 14968,
        "pre": 14968
       },
       "num-tuples": 938,
       "recursive-rule": {
        "ancestor(x,y) :- \n   parent(x,z),\n   ancestor(z,y).": {
         "0": {
          "maxRSS": {
           "post": 14968,
           "pre": 14968
          },
          "num-tuples": 938,
          "runtime": { "start": 16804521957, "end": 16804522371},
          "source-locator": "/root/compiler/tests/corpus/BENCHMARK_FAMILY/ancestor_nonancestor.dl [22:1-22:45]"
         }
        }
       },
       "runtime": { "start": 16804521944, "end": 16804522383}
      },
      "16": {
       "copytime": { "start": 16804522898, "end": 16804522992},
       "maxRSS": {
        "post": 14968,
        "pre": 14968
       },
       "num-tuples": 590,
       "recursive-rule": {
        "ancestor(x,y) :- \n   parent(x,z),\n   ancestor(z,y).": {
         "0": {
          "maxRSS": {
           "post": 14968,
           "pre": 14968
          },
          "num-tuples": 590,
          "runtime": { "start": 16804522561, "end": 16804522865},
          "source-locator": "/root/compiler/tests/corpus/BENCHMARK_FAMILY/ancestor_nonancestor.dl [22:1-22:45]"
         }
        }
       },
       "runtime": { "start": 16804522550, "end": 16804522876}
      },
      "17": {
       "copytime": { "start": 16804523264, "end": 16804523314},
       "maxRSS": {
        "post": 14968,
        "pre": 14968
       },
       "num-tuples": 310,
       "recursive-rule": {
        "ancestor(x,y) :- \n   parent(x,z),\n   ancestor(z,y).": {
         "0": {
          "maxRSS": {
           "post": 14968,
           "pre": 14968
          },
          "num-tuples": 310,
          "runtime": { "start": 16804523008, "end": 16804523220},
          "source-locator": "/root/compiler/tests/corpus/BENCHMARK_FAMILY/ancestor_nonancestor.dl [22:1-22:45]"
         }
        }
       },
       "runtime": { "start": 16804522997, "end": 16804523241}
      },
      "18": {
       "copytime": { "start": 16804523501, "end": 16804523525},
       "maxRSS": {
        "post": 14968,
        "pre": 14968
       },
       "num-tuples": 142,
       "recursive-rule": {
        "ancestor(x,y) :- \n   parent(x,z),\n   ancestor(z,y).": {
         "0": {
          "maxRSS": {
           "post": 14968,
           "pre": 14968
          },
          "num-tuples": 142,
          "runtime": { "start": 16804523328, "end": 16804523470},
          "source-locator": "/root/compiler/tests/corpus/BENCHMARK_FAMILY/ancestor_nonancestor.dl [22:1-22:45]"
         }
        }
       },
       "runtime": { "start": 16804523319, "end": 16804523481}
      },
      "19": {
       "copytime": { "start": 16804523658, "end": 16804523669},
       "maxRSS": {
        "post": 14968,
        "pre": 14968
       },
       "num-tuples": 62,
       "recursive-rule": {
        "ancestor(x,y) :- \n   parent(x,z),\n   ancestor(z,y).": {
         "0": {
          "maxRSS": {
           "post": 14968,
           "pre": 14968
          },
          "num-tuples": 62,
          "runtime": { "start": 16804523539, "end": 16804523628},
          "source-locator": "/root/compiler/tests/corpus/BENCHMARK_FAMILY/ancestor_nonancestor.dl [22:1-22:45]"
         }
        }
       },
       "runtime": { "start": 16804523529, "end": 16804523638}
      },
      "2": {
       "copytime": { "start": 16804493887, "end": 16804494529},
       "maxRSS": {
        "post": 12664,
        "pre": 12536
       },
       "num-tuples": 7388,
       "recursive-rule": {
        "ancestor(x,y) :- \n   parent(x,z),\n   ancestor(z,y).": {
         "0": {
          "maxRSS": {
           "post": 12664,
           "pre": 12536
          },
          "num-tuples": 7388,
          "runtime": { "start": 16804492532, "end": 16804493849},
          "source-locator": "/root/compiler/tests/corpus/BENCHMARK_FAMILY/ancestor_nonancestor.dl [22:1-22:45]"
         }
        }
       },
       "runtime": { "start": 16804492522, "end": 16804493864}
      },
      "20": {
       "copytime": { "start": 16804523769, "end": 16804523772},
       "maxRSS": {
        "post": 14968,
        "pre": 14968
       },
       "num-tuples": 12,
       "recursive-rule": {
        "ancestor(x,y) :- \n   parent(x,z),\n   ancestor(z,y).": {
         "0": {
          "maxRSS": {
           "post": 14968,
           "pre": 14968
          },
          "num-tuples": 12,
          "runtime": { "start": 16804523682, "end": 16804523739},
          "source-locator": "/root/compiler/tests/corpus/BENCHMARK_FAMILY/ancestor_nonancestor.dl [22:1-22:45]"
         }
        }
       },
       "runtime": { "start": 16804523673, "end": 16804523749}
      },
      "21": {
       "copytime": { "start": 16804523847, "end": 16804523848},
       "maxRSS": {
        "post": 14968,
        "pre": 14968
       },
       "num-tuples": 2,
       "recursive-rule": {
        "ancestor(x,y) :- \n   parent(x,z),\n   ancestor(z,y).": {
         "0": {
          "maxRSS": {
           "post": 14968,
           "pre": 14968
          },
          "num-tuples": 2,
          "runtime": { "start": 16804523785, "end": 16804523816},
          "source-locator": "/root/compiler/tests/corpus/BENCHMARK_FAMILY/ancestor_nonancestor.dl [22:1-22:45]"
         }
        }
       },
       "runtime": { "start": 16804523776, "end": 16804523827}
      },
      "22": {
       "maxRSS": {
        "post": 14968,
        "pre": 14968
       },
       "num-tuples": 0,
       "recursive-rule": {
        "ancestor(x,y) :- \n   parent(x,z),\n   ancestor(z,y).": {
         "0": {
          "maxRSS": {
           "post": 14968,
           "pre": 14968
          },
          "num-tuples": 0,
          "runtime": { "start": 16804523861, "end": 16804523881},
          "source-locator": "/root/compiler/tests/corpus/BENCHMARK_FAMILY/ancestor_nonancestor.dl [22:1-22:45]"
         }
        }
       },
       "runtime": { "start": 16804523852, "end": 16804523889}
      },
      "3": {
       "copytime": { "start": 16804496492, "end": 16804497366},
       "maxRSS": {
        "post": 12920,
        "pre": 12792
       },
       "num-tuples": 9498,
       "recursive-rule": {
        "ancestor(x,y) :- \n   parent(x,z),\n   ancestor(z,y).": {
         "0": {
          "maxRSS": {
           "post": 12920,
           "pre": 12792
          },
          "num-tuples": 9498,
          "runtime": { "start": 16804494547, "end": 16804496454},
          "source-locator": "/root/compiler/tests/corpus/BENCHMARK_FAMILY/ancestor_nonancestor.dl [22:1-22:45]"
         }
        }
       },
       "runtime": { "start": 16804494534, "end": 16804496469}
      },
      "4": {
       "copytime": { "start": 16804499337, "end": 16804500314},
       "maxRSS": {
        "post": 13176,
        "pre": 13176
       },
       "num-tuples": 9918,
       "recursive-rule": {
        "ancestor(x,y) :- \n   parent(x,z),\n   ancestor(z,y).": {
         "0": {
          "maxRSS": {
           "post": 13176,
           "pre": 13176
          },
          "num-tuples": 9918,
          "runtime": { "start": 16804497385, "end": 16804499299},
          "source-locator": "/root/compiler/tests/corpus/BENCHMARK_FAMILY/ancestor_nonancestor.dl [22:1-22:45]"
         }
        }
       },
       "runtime": { "start": 16804497373, "end": 16804499311}
      },
      "5": {
       "copytime": { "start": 16804502246, "end": 16804503193},
       "maxRSS": {
        "post": 13432,
        "pre": 13432
       },
       "num-tuples": 9643,
       "recursive-rule": {
        "ancestor(x,y) :- \n   parent(x,z),\n   ancestor(z,y).": {
         "0": {
          "maxRSS": {
           "post": 13432,
           "pre": 13432
          },
          "num-tuples": 9643,
          "runtime": { "start": 16804500334, "end": 16804502208},
          "source-locator": "/root/compiler/tests/corpus/BENCHMARK_FAMILY/ancestor_nonancestor.dl [22:1-22:45]"
         }
        }
       },
       "runtime": { "start": 16804500323, "end": 16804502220}
      },
      "6": {
       "copytime": { "start": 16804505104, "end": 16804506055},
       "maxRSS": {
        "post": 13816,
        "pre": 13816
       },
       "num-tuples": 9541,
       "recursive-rule": {
        "ancestor(x,y) :- \n   parent(x,z),\n   ancestor(z,y).": {
         "0": {
          "maxRSS": {
           "post": 13816,
           "pre": 13816
          },
          "num-tuples": 9541,
          "runtime": { "start": 16804503213, "end": 16804505069},
          "source-locator": "/root/compiler/tests/corpus/BENCHMARK_FAMILY/ancestor_nonancestor.dl [22:1-22:45]"
         }
        }
       },
       "runtime": { "start": 16804503200, "end": 16804505080}
      },
      "7": {
       "copytime": { "start": 16804507918, "end": 16804508941},
       "maxRSS": {
        "post": 14072,
        "pre": 14072
       },
       "num-tuples": 9570,
       "recursive-rule": {
        "ancestor(x,y) :- \n   parent(x,z),\n   ancestor(z,y).": {
         "0": {
          "maxRSS": {
           "post": 14072,
           "pre": 14072
          },
          "num-tuples": 9570,
          "runtime": { "start": 16804506075, "end": 16804507879},
          "source-locator": "/root/compiler/tests/corpus/BENCHMARK_FAMILY/ancestor_nonancestor.dl [22:1-22:45]"
         }
        }
       },
       "runtime": { "start": 16804506063, "end": 16804507890}
      },
      "8": {
       "copytime": { "start": 16804510798, "end": 16804511703},
       "maxRSS": {
        "post": 14328,
        "pre": 14328
       },
       "num-tuples": 8972,
       "recursive-rule": {
        "ancestor(x,y) :- \n   parent(x,z),\n   ancestor(z,y).": {
         "0": {
          "maxRSS": {
           "post": 14328,
           "pre": 14328
          },
          "num-tuples": 8972,
          "runtime": { "start": 16804508963, "end": 16804510759},
          "source-locator": "/root/compiler/tests/corpus/BENCHMARK_FAMILY/ancestor_nonancestor.dl [22:1-22:45]"
         }
        }
       },
       "runtime": { "start": 16804508949, "end": 16804510771}
      },
      "9": {
       "copytime": { "start": 16804513590, "end": 16804514445},
       "maxRSS": {
        "post": 14456,
        "pre": 14456
       },
       "num-tuples": 7845,
       "recursive-rule": {
        "ancestor(x,y) :- \n   parent(x,z),\n   ancestor(z,y).": {
         "0": {
          "maxRSS": {
           "post": 14456,
           "pre": 14456
          },
          "num-tuples": 7845,
          "runtime": { "start": 16804511723, "end": 16804513545},
          "source-locator": "/root/compiler/tests/corpus/BENCHMARK_FAMILY/ancestor_nonancestor.dl [22:1-22:45]"
         }
        }
       },
       "runtime": { "start": 16804511709, "end": 16804513558}
      }
     },
     "maxRSS": {
      "post": 12152,
      "pre": 12152
     },
     "non-recursive-rule": {
      "ancestor(x,y) :- \n   parent(x,y).": {
       "atom-frequency": {
        "ancestor(x,y) :- \n   parent(x,y).": {
         "parent": {
          "level": 0,
          "num-tuples": 0
         }
        }
       },
       "maxRSS": {
        "post": 12152,
        "pre": 12152
       },
       "num-tuples": 1000,
       "runtime": { "start": 16804490608, "end": 16804490659},
       "source-locator": "/root/compiler/tests/corpus/BENCHMARK_FAMILY/ancestor_nonancestor.dl [21:1-21:30]"
      }
     },
     "num-tuples": 1000,
     "reads": 417668,
     "runtime": { "start": 16804490598, "end": 16804490668},
     "source-locator": "/root/compiler/tests/corpus/BENCHMARK_FAMILY/ancestor_nonancestor.dl [20:7-20:15]"
    },
    "nonancestor": {
     "maxRSS": {
      "post": 17912,
      "pre": 14968
     },
     "non-recursive-rule": {
      "nonancestor(x,y) :- \n   person(x),\n   person(y),\n   !ancestor(x,y).": {
       "atom-frequency": {
        "nonancestor(x,y) :- \n   person(x),\n   person(y),\n   !ancestor(x,y).": {
         "person": {
          "level": 0,
          "num-tuples": 0
         }
        }
       },
       "maxRSS": {
        "post": 17912,
        "pre": 14968
       },
       "num-tuples": 149651,
       "runtime": { "start": 16804523924, "end": 16804541318},
       "source-locator": "/root/compiler/tests/corpus/BENCHMARK_FAMILY/ancestor_nonancestor.dl [25:1-25:58]"
      }
     },
     "num-tuples": 149651,
     "reads": 0,
     "runtime": { "start": 16804523914, "end": 16804541368},
     "source-locator": "/root/compiler/tests/corpus/BENCHMARK_FAMILY/ancestor_nonancestor.dl [24:7-24:18]"
    },
    "parent": {
     "loadtime": { "start": 16804489545, "end": 16804489878},
     "num-tuples": 1000,
     "reads": 0,
     "source-locator": "/root/compiler/tests/corpus/BENCHMARK_FAMILY/ancestor_nonancestor.dl [15:7-15:13]"
    },
    "person": {
     "loadtime": { "start": 16804489887, "end": 16804490589},
     "num-tuples": 500,
     "reads": 0,
     "source-locator": "/root/compiler/tests/corpus/BENCHMARK_FAMILY/ancestor_nonancestor.dl [17:7-17:13]"
    },
    "q_nonancestor": {
     "maxRSS": {
      "post": 17912,
      "pre": 17912
     },
     "non-recursive-rule": {
      "q_nonancestor(y) :- \n   nonancestor(1,y).": {
       "atom-frequency": {
        "q_nonancestor(y) :- \n   nonancestor(1,y).": {
         "nonancestor": {
          "level": 0,
          "num-tuples": 0
         }
        }
       },
       "maxRSS": {
        "post": 17912,
        "pre": 17912
       },
       "num-tuples": 450,
       "runtime": { "start": 16804541670, "end": 16804541689},
       "source-locator": "/root/compiler/tests/corpus/BENCHMARK_FAMILY/ancestor_nonancestor.dl [29:1-29:38]"
      }
     },
     "num-tuples": 450,
     "reads": 0,
     "runtime": { "start": 16804541649, "end": 16804541699},
     "savetime": { "start": 16804541703, "end": 16804541838},
     "source-locator": "/root/compiler/tests/corpus/BENCHMARK_FAMILY/ancestor_nonancestor.dl [27:7-27:20]"
    }
   },
   "runtime": { "start": 16804489541, "end": 16804542045},
   "starttime": { "time": 16804489514},
   "usage": {
    "timepoint": {
     "16804489645": {
      "maxRSS": 11768,
      "systemtime": 3883,
      "usertime": 0
     },
     "16804489944": {
      "maxRSS": 12152,
      "systemtime": 4271,
      "usertime": 0
     },
     "16804490674": {
      "maxRSS": 12152,
      "systemtime": 4487,
      "usertime": 0
     },
     "16804490781": {
      "maxRSS": 12280,
      "systemtime": 4561,
      "usertime": 0
     },
     "16804491225": {
      "maxRSS": 12280,
      "systemtime": 4980,
      "usertime": 0
     },
     "16804491363": {
      "maxRSS": 12280,
      "systemtime": 5174,
      "usertime": 0
     },
     "16804492145": {
      "maxRSS": 12408,
      "systemtime": 5174,
      "usertime": 838
     },
     "16804492604": {
      "maxRSS": 12536,
      "systemtime": 5174,
      "usertime": 1261
     },
     "16804493682": {
      "maxRSS": 12664,
      "systemtime": 5174,
      "usertime": 1276
     },
     "16804493918": {
      "maxRSS": 12664,
      "systemtime": 5174,
      "usertime": 2647
     },
     "16804494660": {
      "maxRSS": 12792,
      "systemtime": 5174,
      "usertime": 3323
     },
     "16804495859": {
      "maxRSS": 12920,
      "systemtime": 5174,
      "usertime": 3352
     },
     "16804496514": {
      "maxRSS": 12920,
      "systemtime": 5174,
      "usertime": 5315
     },
     "16804497448": {
      "maxRSS": 13176,
      "systemtime": 5174,
      "usertime": 6226
     },
     "16804498579": {
      "maxRSS": 13176,
      "systemtime": 5174,
      "usertime": 6248
     },
     "16804499345": {
      "maxRSS": 13176,
      "systemtime": 5174,
      "usertime": 8218
     },
     "16804500343": {
      "maxRSS": 13432,
      "systemtime": 5174,
      "usertime": 9229
     },
     "16804501449": {
      "maxRSS": 13432,
      "systemtime": 5174,
      "usertime": 9242
     },
     "16804502245": {
      "maxRSS": 13432,
      "systemtime": 5174,
      "usertime": 11158
     },
     "16804503218": {
      "maxRSS": 13816,
      "systemtime": 5174,
      "usertime": 12141
     },
     "16804504302": {
      "maxRSS": 13816,
      "systemtime": 5174,
      "usertime": 12949
     },
     "16804505138": {
      "maxRSS": 13816,
      "systemtime": 5174,
      "usertime": 14068
     },
     "16804506090": {
      "maxRSS": 14072,
      "systemtime": 5174,
      "usertime": 15054
     },
     "16804507173": {
      "maxRSS": 14072,
      "systemtime": 5174,
      "usertime": 15071
     },
     "16804507946": {
      "maxRSS": 14072,
      "systemtime": 5174,
      "usertime": 16932
     },
     "16804508975": {
      "maxRSS": 14328,
      "systemtime": 5174,
      "usertime": 17995
     },
     "16804510080": {
      "maxRSS": 14328,
      "systemtime": 5174,
      "usertime": 18015
     },
     "16804510806": {
      "maxRSS": 14328,
      "systemtime": 5174,
      "usertime": 19867
     },
     "16804511733": {
      "maxRSS": 14456,
      "systemtime": 5174,
      "usertime": 20807
     },
     "16804512845": {
      "maxRSS": 14456,
      "systemtime": 5174,
      "usertime": 21102
     },
     "16804513621": {
      "maxRSS": 14456,
      "systemtime": 5174,
      "usertime": 22708
     },
     "16804514507": {
      "maxRSS": 14712,
      "systemtime": 5174,
      "usertime": 23609
     },
     "16804515667": {
      "maxRSS": 14712,
      "systemtime": 5174,
      "usertime": 23632
     },
     "16804516044": {
      "maxRSS": 14712,
      "systemtime": 5174,
      "usertime": 25235
     },
     "16804516733": {
      "maxRSS": 14840,
      "systemtime": 5174,
      "usertime": 25926
     },
     "16804517899": {
      "maxRSS": 14840,
      "systemtime": 5174,
      "usertime": 25955
     },
     "16804517970": {
      "maxRSS": 14840,
      "systemtime": 5174,
      "usertime": 27244
     },
     "16804518572": {
      "maxRSS": 14968,
      "systemtime": 5174,
      "usertime": 27854
     },
     "16804519632": {
      "maxRSS": 14968,
      "systemtime": 5174,
      "usertime": 28908
     },
     "16804520084": {
      "maxRSS": 14968,
      "systemtime": 5651,
      "usertime": 28908
     },
     "16804520844": {
      "maxRSS": 14968,
      "systemtime": 6441,
      "usertime": 28908
     },
     "16804521239": {
      "maxRSS": 14968,
      "systemtime": 6759,
      "usertime": 28908
     },
     "16804521752": {
      "maxRSS": 14968,
      "systemtime": 7389,
      "usertime": 28908
     },
     "16804521964": {
      "maxRSS": 14968,
      "systemtime": 7610,
      "usertime": 28908
     },
     "16804522407": {
      "maxRSS": 14968,
      "systemtime": 8070,
      "usertime": 28908
     },
     "16804522566": {
      "maxRSS": 14968,
      "systemtime": 8240,
      "usertime": 28908
     },
     "16804522918": {
      "maxRSS": 14968,
      "systemtime": 8332,
      "usertime": 29163
     },
     "16804523059": {
      "maxRSS": 14968,
      "systemtime": 8360,
      "usertime": 29261
     },
     "16804523267": {
      "maxRSS": 14968,
      "systemtime": 8420,
      "usertime": 29471
     },
     "16804523333": {
      "maxRSS": 14968,
      "systemtime": 8436,
      "usertime": 29527
     },
     "16804523500": {
      "maxRSS": 14968,
      "systemtime": 8474,
      "usertime": 29661
     },
     "16804523543": {
      "maxRSS": 14968,
      "systemtime": 8486,
      "usertime": 29703
     },
     "16804523656": {
      "maxRSS": 14968,
      "systemtime": 8513,
      "usertime": 29795
     },
     "16804523686": {
      "maxRSS": 14968,
      "systemtime": 8521,
      "usertime": 29823
     },
     "16804523767": {
      "maxRSS": 14968,
      "systemtime": 8540,
      "usertime": 29890
     },
     "16804523790": {
      "maxRSS": 14968,
      "systemtime": 8546,
      "usertime": 29912
     },
     "16804523846": {
      "maxRSS": 14968,
      "systemtime": 8560,
      "usertime": 29960
     },
     "16804523865": {
      "maxRSS": 14968,
      "systemtime": 8566,
      "usertime": 29981
     },
     "16804523909": {
      "maxRSS": 14968,
      "systemtime": 8576,
      "usertime": 30019
     },
     "16804523928": {
      "maxRSS": 14968,
      "systemtime": 8582,
      "usertime": 30039
     },
     "16804524999": {
      "maxRSS": 15224,
      "systemtime": 8582,
      "usertime": 30133
     },
     "16804526092": {
      "maxRSS": 15480,
      "systemtime": 8582,
      "usertime": 30156
     },
     "16804527242": {
      "maxRSS": 15608,
      "systemtime": 8582,
      "usertime": 30178
     },
     "16804528338": {
      "maxRSS": 15864,
      "systemtime": 8582,
      "usertime": 34195
     },
     "16804529420": {
      "maxRSS": 15992,
      "systemtime": 8582,
      "usertime": 34208
     },
     "16804530549": {
      "maxRSS": 16120,
      "systemtime": 8582,
      "usertime": 34234
     },
     "16804531649": {
      "maxRSS": 16376,
      "systemtime": 8582,
      "usertime": 34244
     },
     "16804532722": {
      "maxRSS": 16504,
      "systemtime": 8582,
      "usertime": 38321
     },
     "16804533821": {
      "maxRSS": 16632,
      "systemtime": 8582,
      "usertime": 38330
     },
     "16804534916": {
      "maxRSS": 16760,
      "systemtime": 8582,
      "usertime": 38337
     },
     "16804536024": {
      "maxRSS": 17016,
      "systemtime": 8582,
      "usertime": 42282
     },
     "16804537090": {
      "maxRSS": 17144,
      "systemtime": 8582,
      "usertime": 42291
     },
     "16804538178": {
      "maxRSS": 17400,
      "systemtime": 8582,
      "usertime": 42315
     },
     "16804539309": {
      "maxRSS": 17528,
      "systemtime": 8582,
      "usertime": 42354
     },
     "16804540377": {
      "maxRSS": 17784,
      "systemtime": 8582,
      "usertime": 46364
     },
     "16804541481": {
      "maxRSS": 17912,
      "systemtime": 8582,
      "usertime": 47707
     },
     "16804541673": {
      "maxRSS": 17912,
      "systemtime": 8582,
      "usertime": 48056
     },
     "16804541717": {
      "maxRSS": 17912,
      "systemtime": 8582,
      "usertime": 48096
     }
    }
   }
  }
 }
}
