{
 "root": {
  "program": {
   "configuration": {
    "": "/root/compiler/tests/corpus/BENCHMARK_FAMILY/culprit_cycle.dl",
    "fact-dir": "/root/compiler/fixtures/benchmark-family/culprit_cycle/n20",
    "include-dir": ".",
    "jobs": "1",
    "libraries": "functors",
    "library-dir": ".",
    "magic-transform": "*",
    "output-dir": "/root/compiler/measurements/m3-5-headline-m4/family/culprit_cycle/n20/souffle",
    "profile": "prof.log",
    "relationCount": "6",
    "ruleCount": "21",
    "version": "2.5",
    "warn": "all",
    "wno": "none"
   },
   "relation": {
    "@magic.@poscopy_1.q.{ff}": {
     "maxRSS": {
      "post": 16112,
      "pre": 16112
     },
     "non-recursive-rule": {
      "@magic.@poscopy_1.q.{ff}().": {
       "maxRSS": {
        "post": 16112,
        "pre": 16112
       },
       "num-tuples": 1,
       "runtime": { "start": 22226752232, "end": 22226752234},
       "source-locator": " [1:1-1:1]"
      }
     },
     "num-tuples": 1,
     "runtime": { "start": 22226752229, "end": 22226752244},
     "source-locator": " [1:1-1:1]"
    },
    "@magic.p.{bf}": {
     "maxRSS": {
      "post": 16112,
      "pre": 16112
     },
     "non-recursive-rule": {
      "@magic.p.{bf}(1).": {
       "maxRSS": {
        "post": 16112,
        "pre": 16112
       },
       "num-tuples": 1,
       "runtime": { "start": 22226752249, "end": 22226752252},
       "source-locator": " [1:1-1:1]"
      }
     },
     "num-tuples": 1,
     "runtime": { "start": 22226752249, "end": 22226752260},
     "source-locator": " [1:1-1:1]"
    },
    "@magic.q.{bf}": {
     "iteration": {
      "0": {
       "copytime": { "start": 22226752778, "end": 22226752779},
       "maxRSS": {
        "post": 16112,
        "pre": 16112
       },
       "num-tuples": 1,
       "recursive-rule": {
        "@magic.q.{bf}(z) :- \n   @magic.p.{bf}(x),\n   p.{bf}(x,z).": {
         "0": {
          "atom-frequency": {
           "@new_@magic.q.{bf}(z) :- \n   @magic.p.{bf}(x),\n   @delta_p.{bf}(x,z).": {
            "@delta_p.{bf}": {
             "level": 1,
             "num-tuples": 0
            },
            "@magic.p.{bf}": {
             "level": 0,
             "num-tuples": 0
            }
           }
          },
          "maxRSS": {
           "post": 16112,
           "pre": 16112
          },
          "num-tuples": 1,
          "runtime": { "start": 22226752729, "end": 22226752730},
          "source-locator": " [1:1-1:1]"
         }
        }
       },
       "runtime": { "start": 22226752729, "end": 22226752737}
      },
      "1": {
       "copytime": { "start": 22226752861, "end": 22226752864},
       "maxRSS": {
        "post": 16112,
        "pre": 16112
       },
       "num-tuples": 0,
       "recursive-rule": {
        "@magic.q.{bf}(z) :- \n   @magic.p.{bf}(x),\n   p.{bf}(x,z).": {
         "0": {
          "maxRSS": {
           "post": 16112,
           "pre": 16112
          },
          "num-tuples": 0,
          "runtime": { "start": 22226752787, "end": 22226752787},
          "source-locator": " [1:1-1:1]"
         }
        }
       },
       "runtime": { "start": 22226752786, "end": 22226752791}
      },
      "2": {
       "copytime": { "start": 22226752960, "end": 22226752961},
       "maxRSS": {
        "post": 16112,
        "pre": 16112
       },
       "num-tuples": 0,
       "recursive-rule": {
        "@magic.q.{bf}(z) :- \n   @magic.p.{bf}(x),\n   p.{bf}(x,z).": {
         "0": {
          "maxRSS": {
           "post": 16112,
           "pre": 16112
          },
          "num-tuples": 0,
          "runtime": { "start": 22226752873, "end": 22226752874},
          "source-locator": " [1:1-1:1]"
         }
        }
       },
       "runtime": { "start": 22226752872, "end": 22226752879}
      },
      "3": {
       "copytime": { "start": 22226753030, "end": 22226753031},
       "maxRSS": {
        "post": 16112,
        "pre": 16112
       },
       "num-tuples": 0,
       "recursive-rule": {
        "@magic.q.{bf}(z) :- \n   @magic.p.{bf}(x),\n   p.{bf}(x,z).": {
         "0": {
          "maxRSS": {
           "post": 16112,
           "pre": 16112
          },
          "num-tuples": 0,
          "runtime": { "start": 22226752970, "end": 22226752971},
          "source-locator": " [1:1-1:1]"
         }
        }
       },
       "runtime": { "start": 22226752969, "end": 22226752976}
      },
      "4": {
       "copytime": { "start": 22226753084, "end": 22226753086},
       "maxRSS": {
        "post": 16112,
        "pre": 16112
       },
       "num-tuples": 0,
       "recursive-rule": {
        "@magic.q.{bf}(z) :- \n   @magic.p.{bf}(x),\n   p.{bf}(x,z).": {
         "0": {
          "maxRSS": {
           "post": 16112,
           "pre": 16112
          },
          "num-tuples": 0,
          "runtime": { "start": 22226753038, "end": 22226753039},
          "source-locator": " [1:1-1:1]"
         }
        }
       },
       "runtime": { "start": 22226753038, "end": 22226753043}
      },
      "5": {
       "copytime": { "start": 22226753205, "end": 22226753206},
       "maxRSS": {
        "post": 16112,
        "pre": 16112
       },
       "num-tuples": 0,
       "recursive-rule": {
        "@magic.q.{bf}(z) :- \n   @magic.p.{bf}(x),\n   p.{bf}(x,z).": {
         "0": {
          "maxRSS": {
           "post": 16112,
           "pre": 16112
          },
          "num-tuples": 0,
          "runtime": { "start": 22226753094, "end": 22226753095},
          "source-locator": " [1:1-1:1]"
         }
        }
       },
       "runtime": { "start": 22226753094, "end": 22226753099}
      },
      "6": {
       "copytime": { "start": 22226753331, "end": 22226753332},
       "maxRSS": {
        "post": 16112,
        "pre": 16112
       },
       "num-tuples": 0,
       "recursive-rule": {
        "@magic.q.{bf}(z) :- \n   @magic.p.{bf}(x),\n   p.{bf}(x,z).": {
         "0": {
          "maxRSS": {
           "post": 16112,
           "pre": 16112
          },
          "num-tuples": 0,
          "runtime": { "start": 22226753226, "end": 22226753227},
          "source-locator": " [1:1-1:1]"
         }
        }
       },
       "runtime": { "start": 22226753225, "end": 22226753233}
      },
      "7": {
       "copytime": { "start": 22226753455, "end": 22226753456},
       "maxRSS": {
        "post": 16112,
        "pre": 16112
       },
       "num-tuples": 0,
       "recursive-rule": {
        "@magic.q.{bf}(z) :- \n   @magic.p.{bf}(x),\n   p.{bf}(x,z).": {
         "0": {
          "maxRSS": {
           "post": 16112,
           "pre": 16112
          },
          "num-tuples": 0,
          "runtime": { "start": 22226753351, "end": 22226753352},
          "source-locator": " [1:1-1:1]"
         }
        }
       },
       "runtime": { "start": 22226753342, "end": 22226753359}
      },
      "8": {
       "maxRSS": {
        "post": 16112,
        "pre": 16112
       },
       "num-tuples": 0,
       "recursive-rule": {
        "@magic.q.{bf}(z) :- \n   @magic.p.{bf}(x),\n   p.{bf}(x,z).": {
         "0": {
          "maxRSS": {
           "post": 16112,
           "pre": 16112
          },
          "num-tuples": 0,
          "runtime": { "start": 22226753478, "end": 22226753479},
          "source-locator": " [1:1-1:1]"
         }
        }
       },
       "runtime": { "start": 22226753476, "end": 22226753485}
      }
     },
     "num-tuples": 0,
     "source-locator": " [1:1-1:1]"
    },
    "@neglabel.s": {
     "maxRSS": {
      "post": 16112,
      "pre": 16112
     },
     "non-recursive-rule": {
      "@neglabel.s(x) :- \n   @poscopy_1.q.{ff}(x,y),\n   blocked(y).": {
       "atom-frequency": {
        "@neglabel.s(x) :- \n   @poscopy_1.q.{ff}(x,y),\n   blocked(y).": {
         "@poscopy_1.q.{ff}": {
          "level": 0,
          "num-tuples": 0
         }
        }
       },
       "maxRSS": {
        "post": 16112,
        "pre": 16112
       },
       "num-tuples": 18,
       "runtime": { "start": 22226752684, "end": 22226752693},
       "source-locator": " [1:1-1:1]"
      }
     },
     "num-tuples": 18,
     "runtime": { "start": 22226752684, "end": 22226752699},
     "source-locator": "/root/compiler/tests/corpus/BENCHMARK_FAMILY/culprit_cycle.dl [24:7-24:8]"
    },
    "@poscopy_1.q.{ff}": {
     "iteration": {
      "0": {
       "copytime": { "start": 22226752468, "end": 22226752472},
       "maxRSS": {
        "post": 16112,
        "pre": 16112
       },
       "num-tuples": 40,
       "recursive-rule": {
        "@poscopy_1.q.{ff}(x,y) :- \n   @magic.@poscopy_1.q.{ff}(),\n   @poscopy_1.q.{ff}(x,z),\n   base(z,y).": {
         "0": {
          "atom-frequency": {
           "@new_@poscopy_1.q.{ff}(x,y) :- \n   @magic.@poscopy_1.q.{ff}(),\n   @delta_@poscopy_1.q.{ff}(x,z),\n   base(z,y).": {
            "@delta_@poscopy_1.q.{ff}": {
             "level": 1,
             "num-tuples": 0
            },
            "base": {
             "level": 2,
             "num-tuples": 0
            }
           }
          },
          "maxRSS": {
           "post": 16112,
           "pre": 16112
          },
          "num-tuples": 40,
          "runtime": { "start": 22226752425, "end": 22226752440},
          "source-locator": " [1:1-1:1]"
         }
        }
       },
       "runtime": { "start": 22226752425, "end": 22226752449}
      },
      "1": {
       "copytime": { "start": 22226752503, "end": 22226752508},
       "maxRSS": {
        "post": 16112,
        "pre": 16112
       },
       "num-tuples": 48,
       "recursive-rule": {
        "@poscopy_1.q.{ff}(x,y) :- \n   @magic.@poscopy_1.q.{ff}(),\n   @poscopy_1.q.{ff}(x,z),\n   base(z,y).": {
         "0": {
          "maxRSS": {
           "post": 16112,
           "pre": 16112
          },
          "num-tuples": 48,
          "runtime": { "start": 22226752477, "end": 22226752489},
          "source-locator": " [1:1-1:1]"
         }
        }
       },
       "runtime": { "start": 22226752476, "end": 22226752496}
      },
      "2": {
       "copytime": { "start": 22226752532, "end": 22226752536},
       "maxRSS": {
        "post": 16112,
        "pre": 16112
       },
       "num-tuples": 37,
       "recursive-rule": {
        "@poscopy_1.q.{ff}(x,y) :- \n   @magic.@poscopy_1.q.{ff}(),\n   @poscopy_1.q.{ff}(x,z),\n   base(z,y).": {
         "0": {
          "maxRSS": {
           "post": 16112,
           "pre": 16112
          },
          "num-tuples": 37,
          "runtime": { "start": 22226752511, "end": 22226752521},
          "source-locator": " [1:1-1:1]"
         }
        }
       },
       "runtime": { "start": 22226752510, "end": 22226752526}
      },
      "3": {
       "copytime": { "start": 22226752559, "end": 22226752563},
       "maxRSS": {
        "post": 16112,
        "pre": 16112
       },
       "num-tuples": 26,
       "recursive-rule": {
        "@poscopy_1.q.{ff}(x,y) :- \n   @magic.@poscopy_1.q.{ff}(),\n   @poscopy_1.q.{ff}(x,z),\n   base(z,y).": {
         "0": {
          "maxRSS": {
           "post": 16112,
           "pre": 16112
          },
          "num-tuples": 26,
          "runtime": { "start": 22226752539, "end": 22226752547},
          "source-locator": " [1:1-1:1]"
         }
        }
       },
       "runtime": { "start": 22226752539, "end": 22226752551}
      },
      "4": {
       "copytime": { "start": 22226752607, "end": 22226752611},
       "maxRSS": {
        "post": 16112,
        "pre": 16112
       },
       "num-tuples": 20,
       "recursive-rule": {
        "@poscopy_1.q.{ff}(x,y) :- \n   @magic.@poscopy_1.q.{ff}(),\n   @poscopy_1.q.{ff}(x,z),\n   base(z,y).": {
         "0": {
          "maxRSS": {
           "post": 16112,
           "pre": 16112
          },
          "num-tuples": 20,
          "runtime": { "start": 22226752574, "end": 22226752581},
          "source-locator": " [1:1-1:1]"
         }
        }
       },
       "runtime": { "start": 22226752565, "end": 22226752589}
      },
      "5": {
       "copytime": { "start": 22226752633, "end": 22226752635},
       "maxRSS": {
        "post": 16112,
        "pre": 16112
       },
       "num-tuples": 15,
       "recursive-rule": {
        "@poscopy_1.q.{ff}(x,y) :- \n   @magic.@poscopy_1.q.{ff}(),\n   @poscopy_1.q.{ff}(x,z),\n   base(z,y).": {
         "0": {
          "maxRSS": {
           "post": 16112,
           "pre": 16112
          },
          "num-tuples": 15,
          "runtime": { "start": 22226752615, "end": 22226752620},
          "source-locator": " [1:1-1:1]"
         }
        }
       },
       "runtime": { "start": 22226752614, "end": 22226752627}
      },
      "6": {
       "copytime": { "start": 22226752652, "end": 22226752655},
       "maxRSS": {
        "post": 16112,
        "pre": 16112
       },
       "num-tuples": 15,
       "recursive-rule": {
        "@poscopy_1.q.{ff}(x,y) :- \n   @magic.@poscopy_1.q.{ff}(),\n   @poscopy_1.q.{ff}(x,z),\n   base(z,y).": {
         "0": {
          "maxRSS": {
           "post": 16112,
           "pre": 16112
          },
          "num-tuples": 15,
          "runtime": { "start": 22226752638, "end": 22226752642},
          "source-locator": " [1:1-1:1]"
         }
        }
       },
       "runtime": { "start": 22226752638, "end": 22226752647}
      },
      "7": {
       "copytime": { "start": 22226752670, "end": 22226752671},
       "maxRSS": {
        "post": 16112,
        "pre": 16112
       },
       "num-tuples": 5,
       "recursive-rule": {
        "@poscopy_1.q.{ff}(x,y) :- \n   @magic.@poscopy_1.q.{ff}(),\n   @poscopy_1.q.{ff}(x,z),\n   base(z,y).": {
         "0": {
          "maxRSS": {
           "post": 16112,
           "pre": 16112
          },
          "num-tuples": 5,
          "runtime": { "start": 22226752657, "end": 22226752660},
          "source-locator": " [1:1-1:1]"
         }
        }
       },
       "runtime": { "start": 22226752657, "end": 22226752665}
      },
      "8": {
       "maxRSS": {
        "post": 16112,
        "pre": 16112
       },
       "num-tuples": 0,
       "recursive-rule": {
        "@poscopy_1.q.{ff}(x,y) :- \n   @magic.@poscopy_1.q.{ff}(),\n   @poscopy_1.q.{ff}(x,z),\n   base(z,y).": {
         "0": {
          "maxRSS": {
           "post": 16112,
           "pre": 16112
          },
          "num-tuples": 0,
          "runtime": { "start": 22226752673, "end": 22226752674},
          "source-locator": " [1:1-1:1]"
         }
        }
       },
       "runtime": { "start": 22226752673, "end": 22226752679}
      }
     },
     "maxRSS": {
      "post": 16112,
      "pre": 16112
     },
     "non-recursive-rule": {
      "@poscopy_1.q.{ff}(x,y) :- \n   @magic.@poscopy_1.q.{ff}(),\n   base(x,y).": {
       "atom-frequency": {
        "@poscopy_1.q.{ff}(x,y) :- \n   @magic.@poscopy_1.q.{ff}(),\n   base(x,y).": {
         "base": {
          "level": 1,
          "num-tuples": 0
         }
        }
       },
       "maxRSS": {
        "post": 16112,
        "pre": 16112
       },
       "num-tuples": 30,
       "runtime": { "start": 22226752405, "end": 22226752408},
       "source-locator": " [1:1-1:1]"
      }
     },
     "num-tuples": 30,
     "runtime": { "start": 22226752405, "end": 22226752415},
     "source-locator": " [1:1-1:1]"
    },
    "base": {
     "loadtime": { "start": 22226752263, "end": 22226752349},
     "num-tuples": 30,
     "reads": 0,
     "source-locator": "/root/compiler/tests/corpus/BENCHMARK_FAMILY/culprit_cycle.dl [16:7-16:11]"
    },
    "blocked": {
     "loadtime": { "start": 22226752355, "end": 22226752379},
     "num-tuples": 4,
     "reads": 236,
     "source-locator": "/root/compiler/tests/corpus/BENCHMARK_FAMILY/culprit_cycle.dl [18:7-18:14]"
    },
    "e": {
     "loadtime": { "start": 22226752385, "end": 22226752400},
     "num-tuples": 31,
     "reads": 0,
     "source-locator": "/root/compiler/tests/corpus/BENCHMARK_FAMILY/culprit_cycle.dl [17:7-17:8]"
    },
    "out": {
     "maxRSS": {
      "post": 16112,
      "pre": 16112
     },
     "non-recursive-rule": {
      "out(y) :- \n   p.{bf}(@abdul0,y),\n   @abdul0 = 1.": {
       "atom-frequency": {
        "out(y) :- \n   p.{bf}(@abdul0,y),\n   @abdul0 = 1.": {
         "p.{bf}": {
          "level": 0,
          "num-tuples": 0
         }
        }
       },
       "maxRSS": {
        "post": 16112,
        "pre": 16112
       },
       "num-tuples": 1,
       "runtime": { "start": 22226753573, "end": 22226753574},
       "source-locator": " [1:1-1:1]"
      }
     },
     "num-tuples": 1,
     "reads": 0,
     "runtime": { "start": 22226753572, "end": 22226753580},
     "savetime": { "start": 22226753584, "end": 22226753662},
     "source-locator": "/root/compiler/tests/corpus/BENCHMARK_FAMILY/culprit_cycle.dl [31:7-31:10]"
    },
    "p.{bf}": {
     "iteration": {
      "0": {
       "copytime": { "start": 22226752781, "end": 22226752781},
       "maxRSS": {
        "post": 16112,
        "pre": 16112
       },
       "num-tuples": 0,
       "recursive-rule": {
        "p.{bf}(x,y) :- \n   @magic.p.{bf}(x),\n   p.{bf}(x,z),\n   !@neglabel.s(z),\n   q.{bf}(z,y).": {
         "0": {
          "atom-frequency": {
           "@new_p.{bf}(x,y) :- \n   @magic.p.{bf}(x),\n   @delta_p.{bf}(x,z),\n   !@neglabel.s(z),\n   q.{bf}(z,y).": {
            "@delta_p.{bf}": {
             "level": 1,
             "num-tuples": 0
            },
            "@magic.p.{bf}": {
             "level": 0,
             "num-tuples": 0
            },
            "q.{bf}": {
             "level": 2,
             "num-tuples": 0
            }
           }
          },
          "maxRSS": {
           "post": 16112,
           "pre": 16112
          },
          "num-tuples": 0,
          "runtime": { "start": 22226752740, "end": 22226752741},
          "source-locator": " [1:1-1:1]"
         },
         "1": {
          "atom-frequency": {
           "@new_p.{bf}(x,y) :- \n   @magic.p.{bf}(x),\n   p.{bf}(x,z),\n   !@neglabel.s(z),\n   @delta_q.{bf}(z,y).": {
            "@delta_q.{bf}": {
             "level": 2,
             "num-tuples": 0
            },
            "@magic.p.{bf}": {
             "level": 0,
             "num-tuples": 0
            },
            "p.{bf}": {
             "level": 1,
             "num-tuples": 0
            }
           }
          },
          "maxRSS": {
           "post": 16112,
           "pre": 16112
          },
          "num-tuples": 0,
          "runtime": { "start": 22226752746, "end": 22226752747},
          "source-locator": " [1:1-1:1]"
         }
        }
       },
       "runtime": { "start": 22226752740, "end": 22226752750}
      },
      "1": {
       "copytime": { "start": 22226752866, "end": 22226752867},
       "maxRSS": {
        "post": 16112,
        "pre": 16112
       },
       "num-tuples": 0,
       "recursive-rule": {
        "p.{bf}(x,y) :- \n   @magic.p.{bf}(x),\n   p.{bf}(x,z),\n   !@neglabel.s(z),\n   q.{bf}(z,y).": {
         "0": {
          "maxRSS": {
           "post": 16112,
           "pre": 16112
          },
          "num-tuples": 0,
          "runtime": { "start": 22226752794, "end": 22226752795},
          "source-locator": " [1:1-1:1]"
         },
         "1": {
          "maxRSS": {
           "post": 16112,
           "pre": 16112
          },
          "num-tuples": 0,
          "runtime": { "start": 22226752799, "end": 22226752799},
          "source-locator": " [1:1-1:1]"
         }
        }
       },
       "runtime": { "start": 22226752794, "end": 22226752803}
      },
      "2": {
       "copytime": { "start": 22226752964, "end": 22226752965},
       "maxRSS": {
        "post": 16112,
        "pre": 16112
       },
       "num-tuples": 0,
       "recursive-rule": {
        "p.{bf}(x,y) :- \n   @magic.p.{bf}(x),\n   p.{bf}(x,z),\n   !@neglabel.s(z),\n   q.{bf}(z,y).": {
         "0": {
          "maxRSS": {
           "post": 16112,
           "pre": 16112
          },
          "num-tuples": 0,
          "runtime": { "start": 22226752890, "end": 22226752891},
          "source-locator": " [1:1-1:1]"
         },
         "1": {
          "maxRSS": {
           "post": 16112,
           "pre": 16112
          },
          "num-tuples": 0,
          "runtime": { "start": 22226752898, "end": 22226752899},
          "source-locator": " [1:1-1:1]"
         }
        }
       },
       "runtime": { "start": 22226752881, "end": 22226752904}
      },
      "3": {
       "copytime": { "start": 22226753033, "end": 22226753033},
       "maxRSS": {
        "post": 16112,
        "pre": 16112
       },
       "num-tuples": 0,
       "recursive-rule": {
        "p.{bf}(x,y) :- \n   @magic.p.{bf}(x),\n   p.{bf}(x,z),\n   !@neglabel.s(z),\n   q.{bf}(z,y).": {
         "0": {
          "maxRSS": {
           "post": 16112,
           "pre": 16112
          },
          "num-tuples": 0,
          "runtime": { "start": 22226752988, "end": 22226752988},
          "source-locator": " [1:1-1:1]"
         },
         "1": {
          "maxRSS": {
           "post": 16112,
           "pre": 16112
          },
          "num-tuples": 0,
          "runtime": { "start": 22226752996, "end": 22226752997},
          "source-locator": " [1:1-1:1]"
         }
        }
       },
       "runtime": { "start": 22226752979, "end": 22226753001}
      },
      "4": {
       "copytime": { "start": 22226753089, "end": 22226753089},
       "maxRSS": {
        "post": 16112,
        "pre": 16112
       },
       "num-tuples": 0,
       "recursive-rule": {
        "p.{bf}(x,y) :- \n   @magic.p.{bf}(x),\n   p.{bf}(x,z),\n   !@neglabel.s(z),\n   q.{bf}(z,y).": {
         "0": {
          "maxRSS": {
           "post": 16112,
           "pre": 16112
          },
          "num-tuples": 0,
          "runtime": { "start": 22226753046, "end": 22226753046},
          "source-locator": " [1:1-1:1]"
         },
         "1": {
          "maxRSS": {
           "post": 16112,
           "pre": 16112
          },
          "num-tuples": 0,
          "runtime": { "start": 22226753051, "end": 22226753052},
          "source-locator": " [1:1-1:1]"
         }
        }
       },
       "runtime": { "start": 22226753045, "end": 22226753056}
      },
      "5": {
       "copytime": { "start": 22226753208, "end": 22226753217},
       "maxRSS": {
        "post": 16112,
        "pre": 16112
       },
       "num-tuples": 0,
       "recursive-rule": {
        "p.{bf}(x,y) :- \n   @magic.p.{bf}(x),\n   p.{bf}(x,z),\n   !@neglabel.s(z),\n   q.{bf}(z,y).": {
         "0": {
          "maxRSS": {
           "post": 16112,
           "pre": 16112
          },
          "num-tuples": 0,
          "runtime": { "start": 22226753109, "end": 22226753110},
          "source-locator": " [1:1-1:1]"
         },
         "1": {
          "maxRSS": {
           "post": 16112,
           "pre": 16112
          },
          "num-tuples": 0,
          "runtime": { "start": 22226753119, "end": 22226753129},
          "source-locator": " [1:1-1:1]"
         }
        }
       },
       "runtime": { "start": 22226753101, "end": 22226753136}
      },
      "6": {
       "copytime": { "start": 22226753335, "end": 22226753337},
       "maxRSS": {
        "post": 16112,
        "pre": 16112
       },
       "num-tuples": 0,
       "recursive-rule": {
        "p.{bf}(x,y) :- \n   @magic.p.{bf}(x),\n   p.{bf}(x,z),\n   !@neglabel.s(z),\n   q.{bf}(z,y).": {
         "0": {
          "maxRSS": {
           "post": 16112,
           "pre": 16112
          },
          "num-tuples": 0,
          "runtime": { "start": 22226753245, "end": 22226753246},
          "source-locator": " [1:1-1:1]"
         },
         "1": {
          "maxRSS": {
           "post": 16112,
           "pre": 16112
          },
          "num-tuples": 0,
          "runtime": { "start": 22226753254, "end": 22226753256},
          "source-locator": " [1:1-1:1]"
         }
        }
       },
       "runtime": { "start": 22226753237, "end": 22226753261}
      },
      "7": {
       "copytime": { "start": 22226753458, "end": 22226753467},
       "maxRSS": {
        "post": 16112,
        "pre": 16112
       },
       "num-tuples": 0,
       "recursive-rule": {
        "p.{bf}(x,y) :- \n   @magic.p.{bf}(x),\n   p.{bf}(x,z),\n   !@neglabel.s(z),\n   q.{bf}(z,y).": {
         "0": {
          "maxRSS": {
           "post": 16112,
           "pre": 16112
          },
          "num-tuples": 0,
          "runtime": { "start": 22226753373, "end": 22226753374},
          "source-locator": " [1:1-1:1]"
         },
         "1": {
          "maxRSS": {
           "post": 16112,
           "pre": 16112
          },
          "num-tuples": 0,
          "runtime": { "start": 22226753381, "end": 22226753382},
          "source-locator": " [1:1-1:1]"
         }
        }
       },
       "runtime": { "start": 22226753364, "end": 22226753387}
      },
      "8": {
       "maxRSS": {
        "post": 16112,
        "pre": 16112
       },
       "num-tuples": 0,
       "recursive-rule": {
        "p.{bf}(x,y) :- \n   @magic.p.{bf}(x),\n   p.{bf}(x,z),\n   !@neglabel.s(z),\n   q.{bf}(z,y).": {
         "0": {
          "maxRSS": {
           "post": 16112,
           "pre": 16112
          },
          "num-tuples": 0,
          "runtime": { "start": 22226753498, "end": 22226753499},
          "source-locator": " [1:1-1:1]"
         },
         "1": {
          "maxRSS": {
           "post": 16112,
           "pre": 16112
          },
          "num-tuples": 0,
          "runtime": { "start": 22226753506, "end": 22226753507},
          "source-locator": " [1:1-1:1]"
         }
        }
       },
       "runtime": { "start": 22226753489, "end": 22226753516}
      }
     },
     "maxRSS": {
      "post": 16112,
      "pre": 16112
     },
     "non-recursive-rule": {
      "p.{bf}(x,y) :- \n   @magic.p.{bf}(x),\n   e(x,y).": {
       "atom-frequency": {
        "p.{bf}(x,y) :- \n   @magic.p.{bf}(x),\n   e(x,y).": {
         "@magic.p.{bf}": {
          "level": 0,
          "num-tuples": 0
         },
         "e": {
          "level": 1,
          "num-tuples": 0
         }
        }
       },
       "maxRSS": {
        "post": 16112,
        "pre": 16112
       },
       "num-tuples": 1,
       "runtime": { "start": 22226752714, "end": 22226752715},
       "source-locator": " [1:1-1:1]"
      }
     },
     "num-tuples": 1,
     "reads": 0,
     "runtime": { "start": 22226752705, "end": 22226752722},
     "source-locator": " [1:1-1:1]"
    },
    "q.{bf}": {
     "iteration": {
      "0": {
       "copytime": { "start": 22226752784, "end": 22226752784},
       "maxRSS": {
        "post": 16112,
        "pre": 16112
       },
       "num-tuples": 0,
       "recursive-rule": {
        "q.{bf}(x,y) :- \n   @magic.q.{bf}(x),\n   base(x,y).": {
         "0": {
          "atom-frequency": {
           "@new_q.{bf}(x,y) :- \n   @delta_@magic.q.{bf}(x),\n   base(x,y).": {
            "@delta_@magic.q.{bf}": {
             "level": 0,
             "num-tuples": 0
            },
            "base": {
             "level": 1,
             "num-tuples": 0
            }
           }
          },
          "maxRSS": {
           "post": 16112,
           "pre": 16112
          },
          "num-tuples": 0,
          "runtime": { "start": 22226752753, "end": 22226752754},
          "source-locator": " [1:1-1:1]"
         }
        },
        "q.{bf}(x,y) :- \n   @magic.q.{bf}(x),\n   q.{bf}(x,z),\n   base(z,y).": {
         "0": {
          "atom-frequency": {
           "@new_q.{bf}(x,y) :- \n   @delta_@magic.q.{bf}(x),\n   q.{bf}(x,z),\n   base(z,y).": {
            "@delta_@magic.q.{bf}": {
             "level": 0,
             "num-tuples": 0
            },
            "base": {
             "level": 2,
             "num-tuples": 0
            },
            "q.{bf}": {
             "level": 1,
             "num-tuples": 0
            }
           }
          },
          "maxRSS": {
           "post": 16112,
           "pre": 16112
          },
          "num-tuples": 0,
          "runtime": { "start": 22226752758, "end": 22226752759},
          "source-locator": " [1:1-1:1]"
         },
         "1": {
          "atom-frequency": {
           "@new_q.{bf}(x,y) :- \n   @magic.q.{bf}(x),\n   @delta_q.{bf}(x,z),\n   base(z,y).": {
            "@delta_q.{bf}": {
             "level": 1,
             "num-tuples": 0
            },
            "@magic.q.{bf}": {
             "level": 0,
             "num-tuples": 0
            },
            "base": {
             "level": 2,
             "num-tuples": 0
            }
           }
          },
          "maxRSS": {
           "post": 16112,
           "pre": 16112
          },
          "num-tuples": 0,
          "runtime": { "start": 22226752762, "end": 22226752763},
          "source-locator": " [1:1-1:1]"
         }
        }
       },
       "runtime": { "start": 22226752753, "end": 22226752767}
      },
      "1": {
       "copytime": { "start": 22226752869, "end": 22226752870},
       "maxRSS": {
        "post": 16112,
        "pre": 16112
       },
       "num-tuples": 2,
       "recursive-rule": {
        "q.{bf}(x,y) :- \n   @magic.q.{bf}(x),\n   base(x,y).": {
         "0": {
          "maxRSS": {
           "post": 16112,
           "pre": 16112
          },
          "num-tuples": 2,
          "runtime": { "start": 22226752814, "end": 22226752816},
          "source-locator": " [1:1-1:1]"
         }
        },
        "q.{bf}(x,y) :- \n   @magic.q.{bf}(x),\n   q.{bf}(x,z),\n   base(z,y).": {
         "0": {
          "maxRSS": {
           "post": 16112,
           "pre": 16112
          },
          "num-tuples": 0,
          "runtime": { "start": 22226752823, "end": 22226752824},
          "source-locator": " [1:1-1:1]"
         },
         "1": {
          "maxRSS": {
           "post": 16112,
           "pre": 16112
          },
          "num-tuples": 0,
          "runtime": { "start": 22226752829, "end": 22226752838},
          "source-locator": " [1:1-1:1]"
         }
        }
       },
       "runtime": { "start": 22226752805, "end": 22226752848}
      },
      "2": {
       "copytime": { "start": 22226752966, "end": 22226752967},
       "maxRSS": {
        "post": 16112,
        "pre": 16112
       },
       "num-tuples": 1,
       "recursive-rule": {
        "q.{bf}(x,y) :- \n   @magic.q.{bf}(x),\n   base(x,y).": {
         "0": {
          "maxRSS": {
           "post": 16112,
           "pre": 16112
          },
          "num-tuples": 0,
          "runtime": { "start": 22226752908, "end": 22226752908},
          "source-locator": " [1:1-1:1]"
         }
        },
        "q.{bf}(x,y) :- \n   @magic.q.{bf}(x),\n   q.{bf}(x,z),\n   base(z,y).": {
         "0": {
          "maxRSS": {
           "post": 16112,
           "pre": 16112
          },
          "num-tuples": 0,
          "runtime": { "start": 22226752912, "end": 22226752922},
          "source-locator": " [1:1-1:1]"
         },
         "1": {
          "maxRSS": {
           "post": 16112,
           "pre": 16112
          },
          "num-tuples": 1,
          "runtime": { "start": 22226752929, "end": 22226752931},
          "source-locator": " [1:1-1:1]"
         }
        }
       },
       "runtime": { "start": 22226752907, "end": 22226752936}
      },
      "3": {
       "copytime": { "start": 22226753035, "end": 22226753036},
       "maxRSS": {
        "post": 16112,
        "pre": 16112
       },
       "num-tuples": 1,
       "recursive-rule": {
        "q.{bf}(x,y) :- \n   @magic.q.{bf}(x),\n   base(x,y).": {
         "0": {
          "maxRSS": {
           "post": 16112,
           "pre": 16112
          },
          "num-tuples": 0,
          "runtime": { "start": 22226753005, "end": 22226753005},
          "source-locator": " [1:1-1:1]"
         }
        },
        "q.{bf}(x,y) :- \n   @magic.q.{bf}(x),\n   q.{bf}(x,z),\n   base(z,y).": {
         "0": {
          "maxRSS": {
           "post": 16112,
           "pre": 16112
          },
          "num-tuples": 0,
          "runtime": { "start": 22226753010, "end": 22226753011},
          "source-locator": " [1:1-1:1]"
         },
         "1": {
          "maxRSS": {
           "post": 16112,
           "pre": 16112
          },
          "num-tuples": 1,
          "runtime": { "start": 22226753015, "end": 22226753016},
          "source-locator": " [1:1-1:1]"
         }
        }
       },
       "runtime": { "start": 22226753004, "end": 22226753020}
      },
      "4": {
       "copytime": { "start": 22226753091, "end": 22226753092},
       "maxRSS": {
        "post": 16112,
        "pre": 16112
       },
       "num-tuples": 2,
       "recursive-rule": {
        "q.{bf}(x,y) :- \n   @magic.q.{bf}(x),\n   base(x,y).": {
         "0": {
          "maxRSS": {
           "post": 16112,
           "pre": 16112
          },
          "num-tuples": 0,
          "runtime": { "start": 22226753058, "end": 22226753059},
          "source-locator": " [1:1-1:1]"
         }
        },
        "q.{bf}(x,y) :- \n   @magic.q.{bf}(x),\n   q.{bf}(x,z),\n   base(z,y).": {
         "0": {
          "maxRSS": {
           "post": 16112,
           "pre": 16112
          },
          "num-tuples": 0,
          "runtime": { "start": 22226753063, "end": 22226753064},
          "source-locator": " [1:1-1:1]"
         },
         "1": {
          "maxRSS": {
           "post": 16112,
           "pre": 16112
          },
          "num-tuples": 2,
          "runtime": { "start": 22226753067, "end": 22226753069},
          "source-locator": " [1:1-1:1]"
         }
        }
       },
       "runtime": { "start": 22226753058, "end": 22226753072}
      },
      "5": {
       "copytime": { "start": 22226753221, "end": 22226753222},
       "maxRSS": {
        "post": 16112,
        "pre": 16112
       },
       "num-tuples": 3,
       "recursive-rule": {
        "q.{bf}(x,y) :- \n   @magic.q.{bf}(x),\n   base(x,y).": {
         "0": {
          "maxRSS": {
           "post": 16112,
           "pre": 16112
          },
          "num-tuples": 0,
          "runtime": { "start": 22226753149, "end": 22226753149},
          "source-locator": " [1:1-1:1]"
         }
        },
        "q.{bf}(x,y) :- \n   @magic.q.{bf}(x),\n   q.{bf}(x,z),\n   base(z,y).": {
         "0": {
          "maxRSS": {
           "post": 16112,
           "pre": 16112
          },
          "num-tuples": 0,
          "runtime": { "start": 22226753158, "end": 22226753167},
          "source-locator": " [1:1-1:1]"
         },
         "1": {
          "maxRSS": {
           "post": 16112,
           "pre": 16112
          },
          "num-tuples": 3,
          "runtime": { "start": 22226753174, "end": 22226753176},
          "source-locator": " [1:1-1:1]"
         }
        }
       },
       "runtime": { "start": 22226753140, "end": 22226753180}
      },
      "6": {
       "copytime": { "start": 22226753340, "end": 22226753340},
       "maxRSS": {
        "post": 16112,
        "pre": 16112
       },
       "num-tuples": 3,
       "recursive-rule": {
        "q.{bf}(x,y) :- \n   @magic.q.{bf}(x),\n   base(x,y).": {
         "0": {
          "maxRSS": {
           "post": 16112,
           "pre": 16112
          },
          "num-tuples": 0,
          "runtime": { "start": 22226753265, "end": 22226753265},
          "source-locator": " [1:1-1:1]"
         }
        },
        "q.{bf}(x,y) :- \n   @magic.q.{bf}(x),\n   q.{bf}(x,z),\n   base(z,y).": {
         "0": {
          "maxRSS": {
           "post": 16112,
           "pre": 16112
          },
          "num-tuples": 0,
          "runtime": { "start": 22226753270, "end": 22226753279},
          "source-locator": " [1:1-1:1]"
         },
         "1": {
          "maxRSS": {
           "post": 16112,
           "pre": 16112
          },
          "num-tuples": 3,
          "runtime": { "start": 22226753287, "end": 22226753290},
          "source-locator": " [1:1-1:1]"
         }
        }
       },
       "runtime": { "start": 22226753264, "end": 22226753296}
      },
      "7": {
       "copytime": { "start": 22226753471, "end": 22226753472},
       "maxRSS": {
        "post": 16112,
        "pre": 16112
       },
       "num-tuples": 1,
       "recursive-rule": {
        "q.{bf}(x,y) :- \n   @magic.q.{bf}(x),\n   base(x,y).": {
         "0": {
          "maxRSS": {
           "post": 16112,
           "pre": 16112
          },
          "num-tuples": 0,
          "runtime": { "start": 22226753400, "end": 22226753401},
          "source-locator": " [1:1-1:1]"
         }
        },
        "q.{bf}(x,y) :- \n   @magic.q.{bf}(x),\n   q.{bf}(x,z),\n   base(z,y).": {
         "0": {
          "maxRSS": {
           "post": 16112,
           "pre": 16112
          },
          "num-tuples": 0,
          "runtime": { "start": 22226753407, "end": 22226753408},
          "source-locator": " [1:1-1:1]"
         },
         "1": {
          "maxRSS": {
           "post": 16112,
           "pre": 16112
          },
          "num-tuples": 1,
          "runtime": { "start": 22226753413, "end": 22226753423},
          "source-locator": " [1:1-1:1]"
         }
        }
       },
       "runtime": { "start": 22226753391, "end": 22226753431}
      },
      "8": {
       "maxRSS": {
        "post": 16112,
        "pre": 16112
       },
       "num-tuples": 0,
       "recursive-rule": {
        "q.{bf}(x,y) :- \n   @magic.q.{bf}(x),\n   base(x,y).": {
         "0": {
          "maxRSS": {
           "post": 16112,
           "pre": 16112
          },
          "num-tuples": 0,
          "runtime": { "start": 22226753520, "end": 22226753520},
          "source-locator": " [1:1-1:1]"
         }
        },
        "q.{bf}(x,y) :- \n   @magic.q.{bf}(x),\n   q.{bf}(x,z),\n   base(z,y).": {
         "0": {
          "maxRSS": {
           "post": 16112,
           "pre": 16112
          },
          "num-tuples": 0,
          "runtime": { "start": 22226753524, "end": 22226753525},
          "source-locator": " [1:1-1:1]"
         },
         "1": {
          "maxRSS": {
           "post": 16112,
           "pre": 16112
          },
          "num-tuples": 0,
          "runtime": { "start": 22226753530, "end": 22226753540},
          "source-locator": " [1:1-1:1]"
         }
        }
       },
       "runtime": { "start": 22226753519, "end": 22226753547}
      }
     },
     "num-tuples": 0,
     "reads": 21,
     "source-locator": " [1:1-1:1]"
    }
   },
   "runtime": { "start": 22226752215, "end": 22226753666},
   "starttime": { "time": 22226752167},
   "usage": {
    "timepoint": {
     "22226752182": {
      "maxRSS": 16112,
      "systemtime": 5580,
      "usertime": 0
     },
     "22226752312": {
      "maxRSS": 16112,
      "systemtime": 5773,
      "usertime": 0
     },
     "22226752426": {
      "maxRSS": 16112,
      "systemtime": 5952,
      "usertime": 0
     },
     "22226752546": {
      "maxRSS": 16112,
      "systemtime": 6089,
      "usertime": 0
     },
     "22226752559": {
      "maxRSS": 16112,
      "systemtime": 6110,
      "usertime": 0
     },
     "22226752582": {
      "maxRSS": 16112,
      "systemtime": 6139,
      "usertime": 0
     },
     "22226752675": {
      "maxRSS": 16112,
      "systemtime": 6245,
      "usertime": 0
     },
     "22226752793": {
      "maxRSS": 16112,
      "systemtime": 6385,
      "usertime": 0
     },
     "22226752823": {
      "maxRSS": 16112,
      "systemtime": 6425,
      "usertime": 0
     },
     "22226752855": {
      "maxRSS": 16112,
      "systemtime": 6467,
      "usertime": 0
     },
     "22226752866": {
      "maxRSS": 16112,
      "systemtime": 6486,
      "usertime": 0
     },
     "22226752871": {
      "maxRSS": 16112,
      "systemtime": 6494,
      "usertime": 0
     },
     "22226752875": {
      "maxRSS": 16112,
      "systemtime": 6501,
      "usertime": 0
     },
     "22226752901": {
      "maxRSS": 16112,
      "systemtime": 6534,
      "usertime": 0
     },
     "22226752935": {
      "maxRSS": 16112,
      "systemtime": 6580,
      "usertime": 0
     },
     "22226752965": {
      "maxRSS": 16112,
      "systemtime": 6625,
      "usertime": 0
     },
     "22226752970": {
      "maxRSS": 16112,
      "systemtime": 6636,
      "usertime": 0
     },
     "22226753069": {
      "maxRSS": 16112,
      "systemtime": 6746,
      "usertime": 0
     },
     "22226753081": {
      "maxRSS": 16112,
      "systemtime": 6766,
      "usertime": 0
     },
     "22226753089": {
      "maxRSS": 16112,
      "systemtime": 6782,
      "usertime": 0
     },
     "22226753115": {
      "maxRSS": 16112,
      "systemtime": 6811,
      "usertime": 0
     },
     "22226753133": {
      "maxRSS": 16112,
      "systemtime": 6836,
      "usertime": 0
     },
     "22226753154": {
      "maxRSS": 16112,
      "systemtime": 6863,
      "usertime": 0
     },
     "22226753171": {
      "maxRSS": 16112,
      "systemtime": 6887,
      "usertime": 0
     },
     "22226753197": {
      "maxRSS": 16112,
      "systemtime": 6924,
      "usertime": 0
     },
     "22226753203": {
      "maxRSS": 16112,
      "systemtime": 6934,
      "usertime": 0
     },
     "22226753221": {
      "maxRSS": 16112,
      "systemtime": 6961,
      "usertime": 0
     },
     "22226753227": {
      "maxRSS": 16112,
      "systemtime": 6972,
      "usertime": 0
     },
     "22226753249": {
      "maxRSS": 16112,
      "systemtime": 6996,
      "usertime": 0
     },
     "22226753263": {
      "maxRSS": 16112,
      "systemtime": 7018,
      "usertime": 0
     },
     "22226753283": {
      "maxRSS": 16112,
      "systemtime": 7042,
      "usertime": 0
     },
     "22226753288": {
      "maxRSS": 16112,
      "systemtime": 7055,
      "usertime": 0
     },
     "22226753313": {
      "maxRSS": 16112,
      "systemtime": 7083,
      "usertime": 0
     },
     "22226753331": {
      "maxRSS": 16112,
      "systemtime": 7107,
      "usertime": 0
     },
     "22226753339": {
      "maxRSS": 16112,
      "systemtime": 7124,
      "usertime": 0
     },
     "22226753356": {
      "maxRSS": 16112,
      "systemtime": 7144,
      "usertime": 0
     },
     "22226753378": {
      "maxRSS": 16112,
      "systemtime": 7173,
      "usertime": 0
     },
     "22226753382": {
      "maxRSS": 16112,
      "systemtime": 7184,
      "usertime": 0
     },
     "22226753405": {
      "maxRSS": 16112,
      "systemtime": 7210,
      "usertime": 0
     },
     "22226753426": {
      "maxRSS": 16112,
      "systemtime": 7239,
      "usertime": 0
     },
     "22226753448": {
      "maxRSS": 16112,
      "systemtime": 7266,
      "usertime": 0
     },
     "22226753454": {
      "maxRSS": 16112,
      "systemtime": 7281,
      "usertime": 0
     },
     "22226753471": {
      "maxRSS": 16112,
      "systemtime": 7305,
      "usertime": 0
     },
     "22226753480": {
      "maxRSS": 16112,
      "systemtime": 7318,
      "usertime": 0
     },
     "22226753521": {
      "maxRSS": 16112,
      "systemtime": 7369,
      "usertime": 0
     },
     "22226753546": {
      "maxRSS": 16112,
      "systemtime": 7399,
      "usertime": 0
     },
     "22226753553": {
      "maxRSS": 16112,
      "systemtime": 7418,
      "usertime": 0
     },
     "22226753571": {
      "maxRSS": 16112,
      "systemtime": 7438,
      "usertime": 0
     },
     "22226753598": {
      "maxRSS": 16112,
      "systemtime": 7463,
      "usertime": 0
     }
    }
   }
  }
 }
}
