{
 "root": {
  "program": {
   "configuration": {
    "": "/root/compiler/tests/programs/p2.dl",
    "fact-dir": "/root/compiler/fixtures/p2-scale-250",
    "include-dir": ".",
    "jobs": "1",
    "libraries": "functors",
    "library-dir": ".",
    "output-dir": "/root/compiler/measurements/m2-gate/p2/vs_original/original",
    "profile": "prof.log",
    "relationCount": "5",
    "ruleCount": "6",
    "version": "2.5",
    "warn": "all",
    "wno": "none"
   },
   "relation": {
    "edge": {
     "loadtime": { "start": 4421183518, "end": 4421183708},
     "num-tuples": 500,
     "reads": 0,
     "source-locator": "/root/compiler/tests/programs/p2.dl [1:7-1:11]"
    },
    "node": {
     "loadtime": { "start": 4421183717, "end": 4421183765},
     "num-tuples": 250,
     "reads": 0,
     "source-locator": "/root/compiler/tests/programs/p2.dl [3:7-3:11]"
    },
    "q2": {
     "maxRSS": {
      "post": 14068,
      "pre": 14068
     },
     "non-recursive-rule": {
      "q2(y) :- \n   unreach(1,y).": {
       "atom-frequency": {
        "q2(y) :- \n   unreach(1,y).": {
         "unreach": {
          "level": 0,
          "num-tuples": 0
         }
        }
       },
       "maxRSS": {
        "post": 14068,
        "pre": 14068
       },
       "num-tuples": 34,
       "runtime": { "start": 4421209970, "end": 4421209974},
       "source-locator": "/root/compiler/tests/programs/p2.dl [12:1-12:23]"
      }
     },
     "num-tuples": 34,
     "reads": 0,
     "runtime": { "start": 4421209955, "end": 4421209983},
     "savetime": { "start": 4421209987, "end": 4421210058},
     "source-locator": "/root/compiler/tests/programs/p2.dl [10:7-10:9]"
    },
    "reach": {
     "iteration": {
      "0": {
       "copytime": { "start": 4421184114, "end": 4421184189},
       "maxRSS": {
        "post": 12532,
        "pre": 12404
       },
       "num-tuples": 1012,
       "recursive-rule": {
        "reach(x,y) :- \n   reach(x,z),\n   edge(z,y).": {
         "0": {
          "atom-frequency": {
           "@new_reach(x,y) :- \n   @delta_reach(x,z),\n   edge(z,y).": {
            "@delta_reach": {
             "level": 0,
             "num-tuples": 0
            },
            "edge": {
             "level": 1,
             "num-tuples": 0
            }
           }
          },
          "maxRSS": {
           "post": 12532,
           "pre": 12404
          },
          "num-tuples": 1012,
          "runtime": { "start": 4421183852, "end": 4421184079},
          "source-locator": "/root/compiler/tests/programs/p2.dl [7:1-7:37]"
         }
        }
       },
       "runtime": { "start": 4421183843, "end": 4421184090}
      },
      "1": {
       "copytime": { "start": 4421184595, "end": 4421184749},
       "maxRSS": {
        "post": 12532,
        "pre": 12532
       },
       "num-tuples": 1843,
       "recursive-rule": {
        "reach(x,y) :- \n   reach(x,z),\n   edge(z,y).": {
         "0": {
          "maxRSS": {
           "post": 12532,
           "pre": 12532
          },
          "num-tuples": 1843,
          "runtime": { "start": 4421184205, "end": 4421184560},
          "source-locator": "/root/compiler/tests/programs/p2.dl [7:1-7:37]"
         }
        }
       },
       "runtime": { "start": 4421184194, "end": 4421184570}
      },
      "10": {
       "copytime": { "start": 4421202201, "end": 4421202415},
       "maxRSS": {
        "post": 13556,
        "pre": 13556
       },
       "num-tuples": 2002,
       "recursive-rule": {
        "reach(x,y) :- \n   reach(x,z),\n   edge(z,y).": {
         "0": {
          "maxRSS": {
           "post": 13556,
           "pre": 13556
          },
          "num-tuples": 2002,
          "runtime": { "start": 4421201174, "end": 4421202171},
          "source-locator": "/root/compiler/tests/programs/p2.dl [7:1-7:37]"
         }
        }
       },
       "runtime": { "start": 4421201164, "end": 4421202181}
      },
      "11": {
       "copytime": { "start": 4421203200, "end": 4421203374},
       "maxRSS": {
        "post": 13684,
        "pre": 13684
       },
       "num-tuples": 1511,
       "recursive-rule": {
        "reach(x,y) :- \n   reach(x,z),\n   edge(z,y).": {
         "0": {
          "maxRSS": {
           "post": 13684,
           "pre": 13684
          },
          "num-tuples": 1511,
          "runtime": { "start": 4421202430, "end": 4421203169},
          "source-locator": "/root/compiler/tests/programs/p2.dl [7:1-7:37]"
         }
        }
       },
       "runtime": { "start": 4421202420, "end": 4421203179}
      },
      "12": {
       "copytime": { "start": 4421203978, "end": 4421204131},
       "maxRSS": {
        "post": 13684,
        "pre": 13684
       },
       "num-tuples": 1138,
       "recursive-rule": {
        "reach(x,y) :- \n   reach(x,z),\n   edge(z,y).": {
         "0": {
          "maxRSS": {
           "post": 13684,
           "pre": 13684
          },
          "num-tuples": 1138,
          "runtime": { "start": 4421203389, "end": 4421203948},
          "source-locator": "/root/compiler/tests/programs/p2.dl [7:1-7:37]"
         }
        }
       },
       "runtime": { "start": 4421203379, "end": 4421203958}
      },
      "13": {
       "copytime": { "start": 4421204597, "end": 4421204698},
       "maxRSS": {
        "post": 13684,
        "pre": 13684
       },
       "num-tuples": 818,
       "recursive-rule": {
        "reach(x,y) :- \n   reach(x,z),\n   edge(z,y).": {
         "0": {
          "maxRSS": {
           "post": 13684,
           "pre": 13684
          },
          "num-tuples": 818,
          "runtime": { "start": 4421204146, "end": 4421204566},
          "source-locator": "/root/compiler/tests/programs/p2.dl [7:1-7:37]"
         }
        }
       },
       "runtime": { "start": 4421204136, "end": 4421204577}
      },
      "14": {
       "copytime": { "start": 4421205036, "end": 4421205106},
       "maxRSS": {
        "post": 13684,
        "pre": 13684
       },
       "num-tuples": 551,
       "recursive-rule": {
        "reach(x,y) :- \n   reach(x,z),\n   edge(z,y).": {
         "0": {
          "maxRSS": {
           "post": 13684,
           "pre": 13684
          },
          "num-tuples": 551,
          "runtime": { "start": 4421204713, "end": 4421205002},
          "source-locator": "/root/compiler/tests/programs/p2.dl [7:1-7:37]"
         }
        }
       },
       "runtime": { "start": 4421204703, "end": 4421205012}
      },
      "15": {
       "copytime": { "start": 4421205350, "end": 4421205395},
       "maxRSS": {
        "post": 13684,
        "pre": 13684
       },
       "num-tuples": 339,
       "recursive-rule": {
        "reach(x,y) :- \n   reach(x,z),\n   edge(z,y).": {
         "0": {
          "maxRSS": {
           "post": 13684,
           "pre": 13684
          },
          "num-tuples": 339,
          "runtime": { "start": 4421205120, "end": 4421205320},
          "source-locator": "/root/compiler/tests/programs/p2.dl [7:1-7:37]"
         }
        }
       },
       "runtime": { "start": 4421205110, "end": 4421205330}
      },
      "16": {
       "copytime": { "start": 4421205558, "end": 4421205589},
       "maxRSS": {
        "post": 13684,
        "pre": 13684
       },
       "num-tuples": 220,
       "recursive-rule": {
        "reach(x,y) :- \n   reach(x,z),\n   edge(z,y).": {
         "0": {
          "maxRSS": {
           "post": 13684,
           "pre": 13684
          },
          "num-tuples": 220,
          "runtime": { "start": 4421205408, "end": 4421205529},
          "source-locator": "/root/compiler/tests/programs/p2.dl [7:1-7:37]"
         }
        }
       },
       "runtime": { "start": 4421205399, "end": 4421205539}
      },
      "17": {
       "copytime": { "start": 4421205710, "end": 4421205730},
       "maxRSS": {
        "post": 13684,
        "pre": 13684
       },
       "num-tuples": 129,
       "recursive-rule": {
        "reach(x,y) :- \n   reach(x,z),\n   edge(z,y).": {
         "0": {
          "maxRSS": {
           "post": 13684,
           "pre": 13684
          },
          "num-tuples": 129,
          "runtime": { "start": 4421205602, "end": 4421205681},
          "source-locator": "/root/compiler/tests/programs/p2.dl [7:1-7:37]"
         }
        }
       },
       "runtime": { "start": 4421205593, "end": 4421205691}
      },
      "18": {
       "copytime": { "start": 4421205815, "end": 4421205833},
       "maxRSS": {
        "post": 13684,
        "pre": 13684
       },
       "num-tuples": 69,
       "recursive-rule": {
        "reach(x,y) :- \n   reach(x,z),\n   edge(z,y).": {
         "0": {
          "maxRSS": {
           "post": 13684,
           "pre": 13684
          },
          "num-tuples": 69,
          "runtime": { "start": 4421205742, "end": 4421205787},
          "source-locator": "/root/compiler/tests/programs/p2.dl [7:1-7:37]"
         }
        }
       },
       "runtime": { "start": 4421205733, "end": 4421205796}
      },
      "19": {
       "copytime": { "start": 4421205900, "end": 4421205906},
       "maxRSS": {
        "post": 13684,
        "pre": 13684
       },
       "num-tuples": 38,
       "recursive-rule": {
        "reach(x,y) :- \n   reach(x,z),\n   edge(z,y).": {
         "0": {
          "maxRSS": {
           "post": 13684,
           "pre": 13684
          },
          "num-tuples": 38,
          "runtime": { "start": 4421205847, "end": 4421205874},
          "source-locator": "/root/compiler/tests/programs/p2.dl [7:1-7:37]"
         }
        }
       },
       "runtime": { "start": 4421205838, "end": 4421205882}
      },
      "2": {
       "copytime": { "start": 4421185460, "end": 4421185740},
       "maxRSS": {
        "post": 12660,
        "pre": 12532
       },
       "num-tuples": 3066,
       "recursive-rule": {
        "reach(x,y) :- \n   reach(x,z),\n   edge(z,y).": {
         "0": {
          "maxRSS": {
           "post": 12660,
           "pre": 12532
          },
          "num-tuples": 3066,
          "runtime": { "start": 4421184762, "end": 4421185425},
          "source-locator": "/root/compiler/tests/programs/p2.dl [7:1-7:37]"
         }
        }
       },
       "runtime": { "start": 4421184753, "end": 4421185435}
      },
      "20": {
       "copytime": { "start": 4421205960, "end": 4421205963},
       "maxRSS": {
        "post": 13684,
        "pre": 13684
       },
       "num-tuples": 17,
       "recursive-rule": {
        "reach(x,y) :- \n   reach(x,z),\n   edge(z,y).": {
         "0": {
          "maxRSS": {
           "post": 13684,
           "pre": 13684
          },
          "num-tuples": 17,
          "runtime": { "start": 4421205918, "end": 4421205932},
          "source-locator": "/root/compiler/tests/programs/p2.dl [7:1-7:37]"
         }
        }
       },
       "runtime": { "start": 4421205909, "end": 4421205942}
      },
      "21": {
       "copytime": { "start": 4421206012, "end": 4421206015},
       "maxRSS": {
        "post": 13684,
        "pre": 13684
       },
       "num-tuples": 11,
       "recursive-rule": {
        "reach(x,y) :- \n   reach(x,z),\n   edge(z,y).": {
         "0": {
          "maxRSS": {
           "post": 13684,
           "pre": 13684
          },
          "num-tuples": 11,
          "runtime": { "start": 4421205977, "end": 4421205985},
          "source-locator": "/root/compiler/tests/programs/p2.dl [7:1-7:37]"
         }
        }
       },
       "runtime": { "start": 4421205966, "end": 4421205994}
      },
      "22": {
       "copytime": { "start": 4421206059, "end": 4421206061},
       "maxRSS": {
        "post": 13684,
        "pre": 13684
       },
       "num-tuples": 6,
       "recursive-rule": {
        "reach(x,y) :- \n   reach(x,z),\n   edge(z,y).": {
         "0": {
          "maxRSS": {
           "post": 13684,
           "pre": 13684
          },
          "num-tuples": 6,
          "runtime": { "start": 4421206027, "end": 4421206031},
          "source-locator": "/root/compiler/tests/programs/p2.dl [7:1-7:37]"
         }
        }
       },
       "runtime": { "start": 4421206018, "end": 4421206039}
      },
      "23": {
       "copytime": { "start": 4421206102, "end": 4421206104},
       "maxRSS": {
        "post": 13684,
        "pre": 13684
       },
       "num-tuples": 3,
       "recursive-rule": {
        "reach(x,y) :- \n   reach(x,z),\n   edge(z,y).": {
         "0": {
          "maxRSS": {
           "post": 13684,
           "pre": 13684
          },
          "num-tuples": 3,
          "runtime": { "start": 4421206073, "end": 4421206076},
          "source-locator": "/root/compiler/tests/programs/p2.dl [7:1-7:37]"
         }
        }
       },
       "runtime": { "start": 4421206064, "end": 4421206084}
      },
      "24": {
       "copytime": { "start": 4421206147, "end": 4421206147},
       "maxRSS": {
        "post": 13684,
        "pre": 13684
       },
       "num-tuples": 1,
       "recursive-rule": {
        "reach(x,y) :- \n   reach(x,z),\n   edge(z,y).": {
         "0": {
          "maxRSS": {
           "post": 13684,
           "pre": 13684
          },
          "num-tuples": 1,
          "runtime": { "start": 4421206116, "end": 4421206119},
          "source-locator": "/root/compiler/tests/programs/p2.dl [7:1-7:37]"
         }
        }
       },
       "runtime": { "start": 4421206107, "end": 4421206128}
      },
      "25": {
       "maxRSS": {
        "post": 13684,
        "pre": 13684
       },
       "num-tuples": 0,
       "recursive-rule": {
        "reach(x,y) :- \n   reach(x,z),\n   edge(z,y).": {
         "0": {
          "maxRSS": {
           "post": 13684,
           "pre": 13684
          },
          "num-tuples": 0,
          "runtime": { "start": 4421206159, "end": 4421206161},
          "source-locator": "/root/compiler/tests/programs/p2.dl [7:1-7:37]"
         }
        }
       },
       "runtime": { "start": 4421206151, "end": 4421206169}
      },
      "3": {
       "copytime": { "start": 4421186908, "end": 4421187288},
       "maxRSS": {
        "post": 12788,
        "pre": 12660
       },
       "num-tuples": 4465,
       "recursive-rule": {
        "reach(x,y) :- \n   reach(x,z),\n   edge(z,y).": {
         "0": {
          "maxRSS": {
           "post": 12788,
           "pre": 12660
          },
          "num-tuples": 4465,
          "runtime": { "start": 4421185756, "end": 4421186876},
          "source-locator": "/root/compiler/tests/programs/p2.dl [7:1-7:37]"
         }
        }
       },
       "runtime": { "start": 4421185746, "end": 4421186888}
      },
      "4": {
       "copytime": { "start": 4421189169, "end": 4421189665},
       "maxRSS": {
        "post": 12916,
        "pre": 12916
       },
       "num-tuples": 5486,
       "recursive-rule": {
        "reach(x,y) :- \n   reach(x,z),\n   edge(z,y).": {
         "0": {
          "maxRSS": {
           "post": 12916,
           "pre": 12916
          },
          "num-tuples": 5486,
          "runtime": { "start": 4421187306, "end": 4421189121},
          "source-locator": "/root/compiler/tests/programs/p2.dl [7:1-7:37]"
         }
        }
       },
       "runtime": { "start": 4421187292, "end": 4421189136}
      },
      "5": {
       "copytime": { "start": 4421191630, "end": 4421192220},
       "maxRSS": {
        "post": 13172,
        "pre": 13044
       },
       "num-tuples": 5793,
       "recursive-rule": {
        "reach(x,y) :- \n   reach(x,z),\n   edge(z,y).": {
         "0": {
          "maxRSS": {
           "post": 13172,
           "pre": 13044
          },
          "num-tuples": 5793,
          "runtime": { "start": 4421189687, "end": 4421191591},
          "source-locator": "/root/compiler/tests/programs/p2.dl [7:1-7:37]"
         }
        }
       },
       "runtime": { "start": 4421189671, "end": 4421191604}
      },
      "6": {
       "copytime": { "start": 4421194255, "end": 4421194768},
       "maxRSS": {
        "post": 13300,
        "pre": 13300
       },
       "num-tuples": 5318,
       "recursive-rule": {
        "reach(x,y) :- \n   reach(x,z),\n   edge(z,y).": {
         "0": {
          "maxRSS": {
           "post": 13300,
           "pre": 13300
          },
          "num-tuples": 5318,
          "runtime": { "start": 4421192242, "end": 4421194221},
          "source-locator": "/root/compiler/tests/programs/p2.dl [7:1-7:37]"
         }
        }
       },
       "runtime": { "start": 4421192227, "end": 4421194232}
      },
      "7": {
       "copytime": { "start": 4421197008, "end": 4421197491},
       "maxRSS": {
        "post": 13428,
        "pre": 13428
       },
       "num-tuples": 4364,
       "recursive-rule": {
        "reach(x,y) :- \n   reach(x,z),\n   edge(z,y).": {
         "0": {
          "maxRSS": {
           "post": 13428,
           "pre": 13428
          },
          "num-tuples": 4364,
          "runtime": { "start": 4421194787, "end": 4421196983},
          "source-locator": "/root/compiler/tests/programs/p2.dl [7:1-7:37]"
         }
        }
       },
       "runtime": { "start": 4421194773, "end": 4421196995}
      },
      "8": {
       "copytime": { "start": 4421199109, "end": 4421199456},
       "maxRSS": {
        "post": 13556,
        "pre": 13556
       },
       "num-tuples": 3408,
       "recursive-rule": {
        "reach(x,y) :- \n   reach(x,z),\n   edge(z,y).": {
         "0": {
          "maxRSS": {
           "post": 13556,
           "pre": 13556
          },
          "num-tuples": 3408,
          "runtime": { "start": 4421197511, "end": 4421199076},
          "source-locator": "/root/compiler/tests/programs/p2.dl [7:1-7:37]"
         }
        }
       },
       "runtime": { "start": 4421197496, "end": 4421199086}
      },
      "9": {
       "copytime": { "start": 4421200872, "end": 4421201158},
       "maxRSS": {
        "post": 13556,
        "pre": 13556
       },
       "num-tuples": 2634,
       "recursive-rule": {
        "reach(x,y) :- \n   reach(x,z),\n   edge(z,y).": {
         "0": {
          "maxRSS": {
           "post": 13556,
           "pre": 13556
          },
          "num-tuples": 2634,
          "runtime": { "start": 4421199472, "end": 4421200839},
          "source-locator": "/root/compiler/tests/programs/p2.dl [7:1-7:37]"
         }
        }
       },
       "runtime": { "start": 4421199461, "end": 4421200850}
      }
     },
     "maxRSS": {
      "post": 12404,
      "pre": 12276
     },
     "non-recursive-rule": {
      "reach(x,y) :- \n   edge(x,y).": {
       "atom-frequency": {
        "reach(x,y) :- \n   edge(x,y).": {
         "edge": {
          "level": 0,
          "num-tuples": 0
         }
        }
       },
       "maxRSS": {
        "post": 12404,
        "pre": 12276
       },
       "num-tuples": 500,
       "runtime": { "start": 4421183781, "end": 4421183809},
       "source-locator": "/root/compiler/tests/programs/p2.dl [6:1-6:25]"
      }
     },
     "num-tuples": 500,
     "reads": 154445,
     "runtime": { "start": 4421183771, "end": 4421183817},
     "source-locator": "/root/compiler/tests/programs/p2.dl [5:7-5:12]"
    },
    "unreach": {
     "maxRSS": {
      "post": 14068,
      "pre": 13684
     },
     "non-recursive-rule": {
      "unreach(x,y) :- \n   node(x),\n   node(y),\n   !reach(x,y).": {
       "atom-frequency": {
        "unreach(x,y) :- \n   node(x),\n   node(y),\n   !reach(x,y).": {
         "node": {
          "level": 0,
          "num-tuples": 0
         }
        }
       },
       "maxRSS": {
        "post": 14068,
        "pre": 13684
       },
       "num-tuples": 17758,
       "runtime": { "start": 4421206191, "end": 4421209849},
       "source-locator": "/root/compiler/tests/programs/p2.dl [9:1-9:47]"
      }
     },
     "num-tuples": 17758,
     "reads": 0,
     "runtime": { "start": 4421206190, "end": 4421209863},
     "source-locator": "/root/compiler/tests/programs/p2.dl [8:7-8:14]"
    }
   },
   "runtime": { "start": 4421183513, "end": 4421210086},
   "starttime": { "time": 4421183464},
   "usage": {
    "timepoint": {
     "4421183513": {
      "maxRSS": 11608,
      "systemtime": 2199,
      "usertime": 0
     },
     "4421183733": {
      "maxRSS": 12276,
      "systemtime": 3895,
      "usertime": 0
     },
     "4421183785": {
      "maxRSS": 12404,
      "systemtime": 3964,
      "usertime": 0
     },
     "4421183857": {
      "maxRSS": 12404,
      "systemtime": 4041,
      "usertime": 0
     },
     "4421184124": {
      "maxRSS": 12532,
      "systemtime": 4041,
      "usertime": 272
     },
     "4421184210": {
      "maxRSS": 12532,
      "systemtime": 4041,
      "usertime": 370
     },
     "4421184624": {
      "maxRSS": 12532,
      "systemtime": 4041,
      "usertime": 776
     },
     "4421184767": {
      "maxRSS": 12532,
      "systemtime": 4041,
      "usertime": 951
     },
     "4421185490": {
      "maxRSS": 12660,
      "systemtime": 4041,
      "usertime": 1666
     },
     "4421185761": {
      "maxRSS": 12660,
      "systemtime": 4041,
      "usertime": 1968
     },
     "4421186860": {
      "maxRSS": 12788,
      "systemtime": 4041,
      "usertime": 1974
     },
     "4421186907": {
      "maxRSS": 12788,
      "systemtime": 4041,
      "usertime": 3127
     },
     "4421187340": {
      "maxRSS": 12916,
      "systemtime": 4041,
      "usertime": 3548
     },
     "4421188471": {
      "maxRSS": 12916,
      "systemtime": 4041,
      "usertime": 4303
     },
     "4421189198": {
      "maxRSS": 12916,
      "systemtime": 4041,
      "usertime": 5453
     },
     "4421189721": {
      "maxRSS": 13044,
      "systemtime": 4041,
      "usertime": 5985
     },
     "4421190821": {
      "maxRSS": 13044,
      "systemtime": 4041,
      "usertime": 5992
     },
     "4421191658": {
      "maxRSS": 13172,
      "systemtime": 4041,
      "usertime": 7952
     },
     "4421192249": {
      "maxRSS": 13300,
      "systemtime": 4041,
      "usertime": 8574
     },
     "4421193345": {
      "maxRSS": 13300,
      "systemtime": 4041,
      "usertime": 8581
     },
     "4421194286": {
      "maxRSS": 13300,
      "systemtime": 4041,
      "usertime": 10614
     },
     "4421194791": {
      "maxRSS": 13428,
      "systemtime": 4041,
      "usertime": 11152
     },
     "4421195856": {
      "maxRSS": 13428,
      "systemtime": 4041,
      "usertime": 11159
     },
     "4421197173": {
      "maxRSS": 13428,
      "systemtime": 4041,
      "usertime": 13393
     },
     "4421197585": {
      "maxRSS": 13556,
      "systemtime": 4041,
      "usertime": 13921
     },
     "4421198749": {
      "maxRSS": 13556,
      "systemtime": 4041,
      "usertime": 13938
     },
     "4421199196": {
      "maxRSS": 13556,
      "systemtime": 4041,
      "usertime": 15556
     },
     "4421199546": {
      "maxRSS": 13556,
      "systemtime": 4041,
      "usertime": 15935
     },
     "4421200717": {
      "maxRSS": 13556,
      "systemtime": 4041,
      "usertime": 16487
     },
     "4421200920": {
      "maxRSS": 13556,
      "systemtime": 4041,
      "usertime": 17368
     },
     "4421201228": {
      "maxRSS": 13556,
      "systemtime": 4041,
      "usertime": 17691
     },
     "4421202291": {
      "maxRSS": 13556,
      "systemtime": 4041,
      "usertime": 18749
     },
     "4421202482": {
      "maxRSS": 13684,
      "systemtime": 4041,
      "usertime": 18999
     },
     "4421203294": {
      "maxRSS": 13684,
      "systemtime": 4041,
      "usertime": 19786
     },
     "4421203438": {
      "maxRSS": 13684,
      "systemtime": 4041,
      "usertime": 19989
     },
     "4421204025": {
      "maxRSS": 13684,
      "systemtime": 4104,
      "usertime": 20553
     },
     "4421204153": {
      "maxRSS": 13684,
      "systemtime": 4104,
      "usertime": 20712
     },
     "4421204640": {
      "maxRSS": 13684,
      "systemtime": 4104,
      "usertime": 21185
     },
     "4421204718": {
      "maxRSS": 13684,
      "systemtime": 4104,
      "usertime": 21316
     },
     "4421205062": {
      "maxRSS": 13684,
      "systemtime": 4104,
      "usertime": 21654
     },
     "4421205124": {
      "maxRSS": 13684,
      "systemtime": 4104,
      "usertime": 21752
     },
     "4421205352": {
      "maxRSS": 13684,
      "systemtime": 4104,
      "usertime": 21992
     },
     "4421205412": {
      "maxRSS": 13684,
      "systemtime": 4104,
      "usertime": 22056
     },
     "4421205557": {
      "maxRSS": 13684,
      "systemtime": 4104,
      "usertime": 22208
     },
     "4421205611": {
      "maxRSS": 13684,
      "systemtime": 4104,
      "usertime": 22264
     },
     "4421205709": {
      "maxRSS": 13684,
      "systemtime": 4104,
      "usertime": 22375
     },
     "4421205747": {
      "maxRSS": 13684,
      "systemtime": 4104,
      "usertime": 22419
     },
     "4421205814": {
      "maxRSS": 13684,
      "systemtime": 4104,
      "usertime": 22493
     },
     "4421205851": {
      "maxRSS": 13684,
      "systemtime": 4104,
      "usertime": 22537
     },
     "4421205899": {
      "maxRSS": 13684,
      "systemtime": 4104,
      "usertime": 22592
     },
     "4421205923": {
      "maxRSS": 13684,
      "systemtime": 4104,
      "usertime": 22622
     },
     "4421205959": {
      "maxRSS": 13684,
      "systemtime": 4104,
      "usertime": 22666
     },
     "4421205980": {
      "maxRSS": 13684,
      "systemtime": 4104,
      "usertime": 22694
     },
     "4421206011": {
      "maxRSS": 13684,
      "systemtime": 4104,
      "usertime": 22731
     },
     "4421206031": {
      "maxRSS": 13684,
      "systemtime": 4104,
      "usertime": 22762
     },
     "4421206057": {
      "maxRSS": 13684,
      "systemtime": 4104,
      "usertime": 22789
     },
     "4421206077": {
      "maxRSS": 13684,
      "systemtime": 4104,
      "usertime": 22820
     },
     "4421206101": {
      "maxRSS": 13684,
      "systemtime": 4104,
      "usertime": 22850
     },
     "4421206120": {
      "maxRSS": 13684,
      "systemtime": 4104,
      "usertime": 22878
     },
     "4421206145": {
      "maxRSS": 13684,
      "systemtime": 4104,
      "usertime": 22907
     },
     "4421206164": {
      "maxRSS": 13684,
      "systemtime": 4104,
      "usertime": 22933
     },
     "4421206188": {
      "maxRSS": 13684,
      "systemtime": 4104,
      "usertime": 22962
     },
     "4421207286": {
      "maxRSS": 13812,
      "systemtime": 4104,
      "usertime": 22977
     },
     "4421208442": {
      "maxRSS": 13940,
      "systemtime": 4104,
      "usertime": 24833
     },
     "4421209551": {
      "maxRSS": 14068,
      "systemtime": 4104,
      "usertime": 24850
     },
     "4421210063": {
      "maxRSS": 14068,
      "systemtime": 4104,
      "usertime": 26922
     }
    }
   }
  }
 }
}
