{
 "root": {
  "program": {
   "configuration": {
    "": "/root/compiler/tests/corpus/BENCHMARK_FAMILY/ancestor_nonancestor.dl",
    "fact-dir": "/root/compiler/fixtures/benchmark-family/ancestor_nonancestor/n500",
    "include-dir": ".",
    "jobs": "1",
    "libraries": "functors",
    "library-dir": ".",
    "output-dir": "/root/compiler/measurements/punch-list/p1-gate/original/ancestor_nonancestor/original",
    "profile": "prof.log",
    "relationCount": "5",
    "ruleCount": "6",
    "version": "2.5",
    "warn": "all",
    "wno": "none"
   },
   "relation": {
    "ancestor": {
     "iteration": {
      "0": {
       "copytime": { "start": 22105203112, "end": 22105203284},
       "maxRSS": {
        "post": 12476,
        "pre": 12348
       },
       "num-tuples": 2208,
       "recursive-rule": {
        "ancestor(x,y) :- \n   parent(x,z),\n   ancestor(z,y).": {
         "0": {
          "atom-frequency": {
           "@new_ancestor(x,y) :- \n   parent(x,z),\n   @delta_ancestor(z,y).": {
            "@delta_ancestor": {
             "level": 1,
             "num-tuples": 0
            },
            "parent": {
             "level": 0,
             "num-tuples": 0
            }
           }
          },
          "maxRSS": {
           "post": 12476,
           "pre": 12348
          },
          "num-tuples": 2208,
          "runtime": { "start": 22105202703, "end": 22105203080},
          "source-locator": "/root/compiler/tests/corpus/BENCHMARK_FAMILY/ancestor_nonancestor.dl [22:1-22:45]"
         }
        }
       },
       "runtime": { "start": 22105202693, "end": 22105203091}
      },
      "1": {
       "copytime": { "start": 22105206033, "end": 22105209159},
       "maxRSS": {
        "post": 12604,
        "pre": 12476
       },
       "num-tuples": 4475,
       "recursive-rule": {
        "ancestor(x,y) :- \n   parent(x,z),\n   ancestor(z,y).": {
         "0": {
          "maxRSS": {
           "post": 12604,
           "pre": 12476
          },
          "num-tuples": 4475,
          "runtime": { "start": 22105203300, "end": 22105205800},
          "source-locator": "/root/compiler/tests/corpus/BENCHMARK_FAMILY/ancestor_nonancestor.dl [22:1-22:45]"
         }
        }
       },
       "runtime": { "start": 22105203289, "end": 22105206001}
      },
      "10": {
       "copytime": { "start": 22105239862, "end": 22105240620},
       "maxRSS": {
        "post": 14908,
        "pre": 14908
       },
       "num-tuples": 6207,
       "recursive-rule": {
        "ancestor(x,y) :- \n   parent(x,z),\n   ancestor(z,y).": {
         "0": {
          "maxRSS": {
           "post": 14908,
           "pre": 14908
          },
          "num-tuples": 6207,
          "runtime": { "start": 22105238346, "end": 22105239816},
          "source-locator": "/root/compiler/tests/corpus/BENCHMARK_FAMILY/ancestor_nonancestor.dl [22:1-22:45]"
         }
        }
       },
       "runtime": { "start": 22105238314, "end": 22105239832}
      },
      "11": {
       "copytime": { "start": 22105241891, "end": 22105242454},
       "maxRSS": {
        "post": 15036,
        "pre": 15036
       },
       "num-tuples": 4794,
       "recursive-rule": {
        "ancestor(x,y) :- \n   parent(x,z),\n   ancestor(z,y).": {
         "0": {
          "maxRSS": {
           "post": 15036,
           "pre": 15036
          },
          "num-tuples": 4794,
          "runtime": { "start": 22105240641, "end": 22105241854},
          "source-locator": "/root/compiler/tests/corpus/BENCHMARK_FAMILY/ancestor_nonancestor.dl [22:1-22:45]"
         }
        }
       },
       "runtime": { "start": 22105240628, "end": 22105241866}
      },
      "12": {
       "copytime": { "start": 22105243518, "end": 22105244019},
       "maxRSS": {
        "post": 15164,
        "pre": 15164
       },
       "num-tuples": 3491,
       "recursive-rule": {
        "ancestor(x,y) :- \n   parent(x,z),\n   ancestor(z,y).": {
         "0": {
          "maxRSS": {
           "post": 15164,
           "pre": 15164
          },
          "num-tuples": 3491,
          "runtime": { "start": 22105242479, "end": 22105243480},
          "source-locator": "/root/compiler/tests/corpus/BENCHMARK_FAMILY/ancestor_nonancestor.dl [22:1-22:45]"
         }
        }
       },
       "runtime": { "start": 22105242461, "end": 22105243491}
      },
      "13": {
       "copytime": { "start": 22105244826, "end": 22105245104},
       "maxRSS": {
        "post": 15164,
        "pre": 15164
       },
       "num-tuples": 2292,
       "recursive-rule": {
        "ancestor(x,y) :- \n   parent(x,z),\n   ancestor(z,y).": {
         "0": {
          "maxRSS": {
           "post": 15164,
           "pre": 15164
          },
          "num-tuples": 2292,
          "runtime": { "start": 22105244036, "end": 22105244791},
          "source-locator": "/root/compiler/tests/corpus/BENCHMARK_FAMILY/ancestor_nonancestor.dl [22:1-22:45]"
         }
        }
       },
       "runtime": { "start": 22105244026, "end": 22105244802}
      },
      "14": {
       "copytime": { "start": 22105245726, "end": 22105245914},
       "maxRSS": {
        "post": 15164,
        "pre": 15164
       },
       "num-tuples": 1451,
       "recursive-rule": {
        "ancestor(x,y) :- \n   parent(x,z),\n   ancestor(z,y).": {
         "0": {
          "maxRSS": {
           "post": 15164,
           "pre": 15164
          },
          "num-tuples": 1451,
          "runtime": { "start": 22105245122, "end": 22105245690},
          "source-locator": "/root/compiler/tests/corpus/BENCHMARK_FAMILY/ancestor_nonancestor.dl [22:1-22:45]"
         }
        }
       },
       "runtime": { "start": 22105245109, "end": 22105245701}
      },
      "15": {
       "copytime": { "start": 22105246381, "end": 22105246519},
       "maxRSS": {
        "post": 15164,
        "pre": 15164
       },
       "num-tuples": 938,
       "recursive-rule": {
        "ancestor(x,y) :- \n   parent(x,z),\n   ancestor(z,y).": {
         "0": {
          "maxRSS": {
           "post": 15164,
           "pre": 15164
          },
          "num-tuples": 938,
          "runtime": { "start": 22105245932, "end": 22105246348},
          "source-locator": "/root/compiler/tests/corpus/BENCHMARK_FAMILY/ancestor_nonancestor.dl [22:1-22:45]"
         }
        }
       },
       "runtime": { "start": 22105245920, "end": 22105246359}
      },
      "16": {
       "copytime": { "start": 22105246870, "end": 22105246966},
       "maxRSS": {
        "post": 15164,
        "pre": 15164
       },
       "num-tuples": 590,
       "recursive-rule": {
        "ancestor(x,y) :- \n   parent(x,z),\n   ancestor(z,y).": {
         "0": {
          "maxRSS": {
           "post": 15164,
           "pre": 15164
          },
          "num-tuples": 590,
          "runtime": { "start": 22105246535, "end": 22105246832},
          "source-locator": "/root/compiler/tests/corpus/BENCHMARK_FAMILY/ancestor_nonancestor.dl [22:1-22:45]"
         }
        }
       },
       "runtime": { "start": 22105246523, "end": 22105246843}
      },
      "17": {
       "copytime": { "start": 22105247231, "end": 22105247280},
       "maxRSS": {
        "post": 15164,
        "pre": 15164
       },
       "num-tuples": 310,
       "recursive-rule": {
        "ancestor(x,y) :- \n   parent(x,z),\n   ancestor(z,y).": {
         "0": {
          "maxRSS": {
           "post": 15164,
           "pre": 15164
          },
          "num-tuples": 310,
          "runtime": { "start": 22105246981, "end": 22105247198},
          "source-locator": "/root/compiler/tests/corpus/BENCHMARK_FAMILY/ancestor_nonancestor.dl [22:1-22:45]"
         }
        }
       },
       "runtime": { "start": 22105246970, "end": 22105247209}
      },
      "18": {
       "copytime": { "start": 22105247473, "end": 22105247496},
       "maxRSS": {
        "post": 15164,
        "pre": 15164
       },
       "num-tuples": 142,
       "recursive-rule": {
        "ancestor(x,y) :- \n   parent(x,z),\n   ancestor(z,y).": {
         "0": {
          "maxRSS": {
           "post": 15164,
           "pre": 15164
          },
          "num-tuples": 142,
          "runtime": { "start": 22105247294, "end": 22105247443},
          "source-locator": "/root/compiler/tests/corpus/BENCHMARK_FAMILY/ancestor_nonancestor.dl [22:1-22:45]"
         }
        }
       },
       "runtime": { "start": 22105247284, "end": 22105247453}
      },
      "19": {
       "copytime": { "start": 22105247631, "end": 22105247642},
       "maxRSS": {
        "post": 15164,
        "pre": 15164
       },
       "num-tuples": 62,
       "recursive-rule": {
        "ancestor(x,y) :- \n   parent(x,z),\n   ancestor(z,y).": {
         "0": {
          "maxRSS": {
           "post": 15164,
           "pre": 15164
          },
          "num-tuples": 62,
          "runtime": { "start": 22105247510, "end": 22105247601},
          "source-locator": "/root/compiler/tests/corpus/BENCHMARK_FAMILY/ancestor_nonancestor.dl [22:1-22:45]"
         }
        }
       },
       "runtime": { "start": 22105247501, "end": 22105247610}
      },
      "2": {
       "copytime": { "start": 22105213432, "end": 22105218002},
       "maxRSS": {
        "post": 12860,
        "pre": 12732
       },
       "num-tuples": 7388,
       "recursive-rule": {
        "ancestor(x,y) :- \n   parent(x,z),\n   ancestor(z,y).": {
         "0": {
          "maxRSS": {
           "post": 12860,
           "pre": 12732
          },
          "num-tuples": 7388,
          "runtime": { "start": 22105209185, "end": 22105213353},
          "source-locator": "/root/compiler/tests/corpus/BENCHMARK_FAMILY/ancestor_nonancestor.dl [22:1-22:45]"
         }
        }
       },
       "runtime": { "start": 22105209169, "end": 22105213387}
      },
      "20": {
       "copytime": { "start": 22105247741, "end": 22105247744},
       "maxRSS": {
        "post": 15164,
        "pre": 15164
       },
       "num-tuples": 12,
       "recursive-rule": {
        "ancestor(x,y) :- \n   parent(x,z),\n   ancestor(z,y).": {
         "0": {
          "maxRSS": {
           "post": 15164,
           "pre": 15164
          },
          "num-tuples": 12,
          "runtime": { "start": 22105247655, "end": 22105247713},
          "source-locator": "/root/compiler/tests/corpus/BENCHMARK_FAMILY/ancestor_nonancestor.dl [22:1-22:45]"
         }
        }
       },
       "runtime": { "start": 22105247646, "end": 22105247722}
      },
      "21": {
       "copytime": { "start": 22105247818, "end": 22105247819},
       "maxRSS": {
        "post": 15164,
        "pre": 15164
       },
       "num-tuples": 2,
       "recursive-rule": {
        "ancestor(x,y) :- \n   parent(x,z),\n   ancestor(z,y).": {
         "0": {
          "maxRSS": {
           "post": 15164,
           "pre": 15164
          },
          "num-tuples": 2,
          "runtime": { "start": 22105247756, "end": 22105247787},
          "source-locator": "/root/compiler/tests/corpus/BENCHMARK_FAMILY/ancestor_nonancestor.dl [22:1-22:45]"
         }
        }
       },
       "runtime": { "start": 22105247747, "end": 22105247798}
      },
      "22": {
       "maxRSS": {
        "post": 15164,
        "pre": 15164
       },
       "num-tuples": 0,
       "recursive-rule": {
        "ancestor(x,y) :- \n   parent(x,z),\n   ancestor(z,y).": {
         "0": {
          "maxRSS": {
           "post": 15164,
           "pre": 15164
          },
          "num-tuples": 0,
          "runtime": { "start": 22105247831, "end": 22105247851},
          "source-locator": "/root/compiler/tests/corpus/BENCHMARK_FAMILY/ancestor_nonancestor.dl [22:1-22:45]"
         }
        }
       },
       "runtime": { "start": 22105247822, "end": 22105247859}
      },
      "3": {
       "copytime": { "start": 22105219802, "end": 22105220721},
       "maxRSS": {
        "post": 13116,
        "pre": 12988
       },
       "num-tuples": 9498,
       "recursive-rule": {
        "ancestor(x,y) :- \n   parent(x,z),\n   ancestor(z,y).": {
         "0": {
          "maxRSS": {
           "post": 13116,
           "pre": 12988
          },
          "num-tuples": 9498,
          "runtime": { "start": 22105218031, "end": 22105219761},
          "source-locator": "/root/compiler/tests/corpus/BENCHMARK_FAMILY/ancestor_nonancestor.dl [22:1-22:45]"
         }
        }
       },
       "runtime": { "start": 22105218012, "end": 22105219774}
      },
      "4": {
       "copytime": { "start": 22105222895, "end": 22105223916},
       "maxRSS": {
        "post": 13372,
        "pre": 13372
       },
       "num-tuples": 9918,
       "recursive-rule": {
        "ancestor(x,y) :- \n   parent(x,z),\n   ancestor(z,y).": {
         "0": {
          "maxRSS": {
           "post": 13372,
           "pre": 13372
          },
          "num-tuples": 9918,
          "runtime": { "start": 22105220761, "end": 22105222846},
          "source-locator": "/root/compiler/tests/corpus/BENCHMARK_FAMILY/ancestor_nonancestor.dl [22:1-22:45]"
         }
        }
       },
       "runtime": { "start": 22105220729, "end": 22105222860}
      },
      "5": {
       "copytime": { "start": 22105225918, "end": 22105226932},
       "maxRSS": {
        "post": 13756,
        "pre": 13628
       },
       "num-tuples": 9643,
       "recursive-rule": {
        "ancestor(x,y) :- \n   parent(x,z),\n   ancestor(z,y).": {
         "0": {
          "maxRSS": {
           "post": 13756,
           "pre": 13628
          },
          "num-tuples": 9643,
          "runtime": { "start": 22105223936, "end": 22105225879},
          "source-locator": "/root/compiler/tests/corpus/BENCHMARK_FAMILY/ancestor_nonancestor.dl [22:1-22:45]"
         }
        }
       },
       "runtime": { "start": 22105223923, "end": 22105225891}
      },
      "6": {
       "copytime": { "start": 22105228841, "end": 22105229879},
       "maxRSS": {
        "post": 14012,
        "pre": 14012
       },
       "num-tuples": 9541,
       "recursive-rule": {
        "ancestor(x,y) :- \n   parent(x,z),\n   ancestor(z,y).": {
         "0": {
          "maxRSS": {
           "post": 14012,
           "pre": 14012
          },
          "num-tuples": 9541,
          "runtime": { "start": 22105226953, "end": 22105228803},
          "source-locator": "/root/compiler/tests/corpus/BENCHMARK_FAMILY/ancestor_nonancestor.dl [22:1-22:45]"
         }
        }
       },
       "runtime": { "start": 22105226940, "end": 22105228814}
      },
      "7": {
       "copytime": { "start": 22105231738, "end": 22105232784},
       "maxRSS": {
        "post": 14268,
        "pre": 14268
       },
       "num-tuples": 9570,
       "recursive-rule": {
        "ancestor(x,y) :- \n   parent(x,z),\n   ancestor(z,y).": {
         "0": {
          "maxRSS": {
           "post": 14268,
           "pre": 14268
          },
          "num-tuples": 9570,
          "runtime": { "start": 22105229901, "end": 22105231700},
          "source-locator": "/root/compiler/tests/corpus/BENCHMARK_FAMILY/ancestor_nonancestor.dl [22:1-22:45]"
         }
        }
       },
       "runtime": { "start": 22105229888, "end": 22105231712}
      },
      "8": {
       "copytime": { "start": 22105234591, "end": 22105235608},
       "maxRSS": {
        "post": 14524,
        "pre": 14524
       },
       "num-tuples": 8972,
       "recursive-rule": {
        "ancestor(x,y) :- \n   parent(x,z),\n   ancestor(z,y).": {
         "0": {
          "maxRSS": {
           "post": 14524,
           "pre": 14524
          },
          "num-tuples": 8972,
          "runtime": { "start": 22105232796, "end": 22105234550},
          "source-locator": "/root/compiler/tests/corpus/BENCHMARK_FAMILY/ancestor_nonancestor.dl [22:1-22:45]"
         }
        }
       },
       "runtime": { "start": 22105232792, "end": 22105234562}
      },
      "9": {
       "copytime": { "start": 22105237346, "end": 22105238304},
       "maxRSS": {
        "post": 14652,
        "pre": 14652
       },
       "num-tuples": 7845,
       "recursive-rule": {
        "ancestor(x,y) :- \n   parent(x,z),\n   ancestor(z,y).": {
         "0": {
          "maxRSS": {
           "post": 14652,
           "pre": 14652
          },
          "num-tuples": 7845,
          "runtime": { "start": 22105235627, "end": 22105237308},
          "source-locator": "/root/compiler/tests/corpus/BENCHMARK_FAMILY/ancestor_nonancestor.dl [22:1-22:45]"
         }
        }
       },
       "runtime": { "start": 22105235615, "end": 22105237320}
      }
     },
     "maxRSS": {
      "post": 12348,
      "pre": 12220
     },
     "non-recursive-rule": {
      "ancestor(x,y) :- \n   parent(x,y).": {
       "atom-frequency": {
        "ancestor(x,y) :- \n   parent(x,y).": {
         "parent": {
          "level": 0,
          "num-tuples": 0
         }
        }
       },
       "maxRSS": {
        "post": 12348,
        "pre": 12220
       },
       "num-tuples": 1000,
       "runtime": { "start": 22105202587, "end": 22105202636},
       "source-locator": "/root/compiler/tests/corpus/BENCHMARK_FAMILY/ancestor_nonancestor.dl [21:1-21:30]"
      }
     },
     "num-tuples": 1000,
     "reads": 417668,
     "runtime": { "start": 22105202576, "end": 22105202645},
     "source-locator": "/root/compiler/tests/corpus/BENCHMARK_FAMILY/ancestor_nonancestor.dl [20:7-20:15]"
    },
    "nonancestor": {
     "maxRSS": {
      "post": 18108,
      "pre": 15164
     },
     "non-recursive-rule": {
      "nonancestor(x,y) :- \n   person(x),\n   person(y),\n   !ancestor(x,y).": {
       "atom-frequency": {
        "nonancestor(x,y) :- \n   person(x),\n   person(y),\n   !ancestor(x,y).": {
         "person": {
          "level": 0,
          "num-tuples": 0
         }
        }
       },
       "maxRSS": {
        "post": 18108,
        "pre": 15164
       },
       "num-tuples": 149651,
       "runtime": { "start": 22105247893, "end": 22105266610},
       "source-locator": "/root/compiler/tests/corpus/BENCHMARK_FAMILY/ancestor_nonancestor.dl [25:1-25:58]"
      }
     },
     "num-tuples": 149651,
     "reads": 0,
     "runtime": { "start": 22105247884, "end": 22105266664},
     "source-locator": "/root/compiler/tests/corpus/BENCHMARK_FAMILY/ancestor_nonancestor.dl [24:7-24:18]"
    },
    "parent": {
     "loadtime": { "start": 22105201183, "end": 22105202447},
     "num-tuples": 1000,
     "reads": 0,
     "source-locator": "/root/compiler/tests/corpus/BENCHMARK_FAMILY/ancestor_nonancestor.dl [15:7-15:13]"
    },
    "person": {
     "loadtime": { "start": 22105202457, "end": 22105202568},
     "num-tuples": 500,
     "reads": 0,
     "source-locator": "/root/compiler/tests/corpus/BENCHMARK_FAMILY/ancestor_nonancestor.dl [17:7-17:13]"
    },
    "q_nonancestor": {
     "maxRSS": {
      "post": 18108,
      "pre": 18108
     },
     "non-recursive-rule": {
      "q_nonancestor(y) :- \n   nonancestor(1,y).": {
       "atom-frequency": {
        "q_nonancestor(y) :- \n   nonancestor(1,y).": {
         "nonancestor": {
          "level": 0,
          "num-tuples": 0
         }
        }
       },
       "maxRSS": {
        "post": 18108,
        "pre": 18108
       },
       "num-tuples": 450,
       "runtime": { "start": 22105266951, "end": 22105266969},
       "source-locator": "/root/compiler/tests/corpus/BENCHMARK_FAMILY/ancestor_nonancestor.dl [29:1-29:38]"
      }
     },
     "num-tuples": 450,
     "reads": 0,
     "runtime": { "start": 22105266930, "end": 22105266984},
     "savetime": { "start": 22105266989, "end": 22105269161},
     "source-locator": "/root/compiler/tests/corpus/BENCHMARK_FAMILY/ancestor_nonancestor.dl [27:7-27:20]"
    }
   },
   "runtime": { "start": 22105201168, "end": 22105269379},
   "starttime": { "time": 22105201135},
   "usage": {
    "timepoint": {
     "22105201149": {
      "maxRSS": 11564,
      "systemtime": 0,
      "usertime": 3888
     },
     "22105201193": {
      "maxRSS": 11820,
      "systemtime": 0,
      "usertime": 5078
     },
     "22105202267": {
      "maxRSS": 12220,
      "systemtime": 0,
      "usertime": 5090
     },
     "22105202487": {
      "maxRSS": 12220,
      "systemtime": 0,
      "usertime": 6376
     },
     "22105202597": {
      "maxRSS": 12348,
      "systemtime": 0,
      "usertime": 6521
     },
     "22105202708": {
      "maxRSS": 12348,
      "systemtime": 0,
      "usertime": 6646
     },
     "22105203132": {
      "maxRSS": 12476,
      "systemtime": 0,
      "usertime": 7073
     },
     "22105203341": {
      "maxRSS": 12476,
      "systemtime": 0,
      "usertime": 7299
     },
     "22105204464": {
      "maxRSS": 12604,
      "systemtime": 762,
      "usertime": 7299
     },
     "22105205551": {
      "maxRSS": 12604,
      "systemtime": 782,
      "usertime": 7299
     },
     "22105206040": {
      "maxRSS": 12604,
      "systemtime": 2800,
      "usertime": 7299
     },
     "22105207130": {
      "maxRSS": 12604,
      "systemtime": 2817,
      "usertime": 7299
     },
     "22105208201": {
      "maxRSS": 12732,
      "systemtime": 4862,
      "usertime": 7299
     },
     "22105209190": {
      "maxRSS": 12732,
      "systemtime": 5990,
      "usertime": 7299
     },
     "22105210261": {
      "maxRSS": 12732,
      "systemtime": 6002,
      "usertime": 7299
     },
     "22105211333": {
      "maxRSS": 12732,
      "systemtime": 6014,
      "usertime": 7299
     },
     "22105212400": {
      "maxRSS": 12860,
      "systemtime": 8859,
      "usertime": 7299
     },
     "22105213431": {
      "maxRSS": 12860,
      "systemtime": 10271,
      "usertime": 7299
     },
     "22105214497": {
      "maxRSS": 12860,
      "systemtime": 10287,
      "usertime": 7299
     },
     "22105215563": {
      "maxRSS": 12860,
      "systemtime": 10294,
      "usertime": 7299
     },
     "22105216632": {
      "maxRSS": 12988,
      "systemtime": 12956,
      "usertime": 7299
     },
     "22105217711": {
      "maxRSS": 12988,
      "systemtime": 12970,
      "usertime": 7299
     },
     "22105218043": {
      "maxRSS": 12988,
      "systemtime": 14823,
      "usertime": 7411
     },
     "22105219121": {
      "maxRSS": 12988,
      "systemtime": 14832,
      "usertime": 7416
     },
     "22105219819": {
      "maxRSS": 13116,
      "systemtime": 16022,
      "usertime": 8011
     },
     "22105220773": {
      "maxRSS": 13372,
      "systemtime": 16996,
      "usertime": 8011
     },
     "22105221921": {
      "maxRSS": 13372,
      "systemtime": 17047,
      "usertime": 8011
     },
     "22105222905": {
      "maxRSS": 13372,
      "systemtime": 19222,
      "usertime": 8011
     },
     "22105223947": {
      "maxRSS": 13628,
      "systemtime": 20206,
      "usertime": 8082
     },
     "22105225017": {
      "maxRSS": 13628,
      "systemtime": 20206,
      "usertime": 8160
     },
     "22105225919": {
      "maxRSS": 13756,
      "systemtime": 20206,
      "usertime": 10077
     },
     "22105226964": {
      "maxRSS": 14012,
      "systemtime": 20206,
      "usertime": 11132
     },
     "22105228055": {
      "maxRSS": 14012,
      "systemtime": 20206,
      "usertime": 12205
     },
     "22105228849": {
      "maxRSS": 14012,
      "systemtime": 20206,
      "usertime": 13066
     },
     "22105229912": {
      "maxRSS": 14268,
      "systemtime": 20206,
      "usertime": 14141
     },
     "22105230984": {
      "maxRSS": 14268,
      "systemtime": 20206,
      "usertime": 14151
     },
     "22105231737": {
      "maxRSS": 14268,
      "systemtime": 20206,
      "usertime": 15989
     },
     "22105232825": {
      "maxRSS": 14524,
      "systemtime": 20206,
      "usertime": 17067
     },
     "22105233901": {
      "maxRSS": 14524,
      "systemtime": 20206,
      "usertime": 17082
     },
     "22105234589": {
      "maxRSS": 14524,
      "systemtime": 20206,
      "usertime": 18879
     },
     "22105235643": {
      "maxRSS": 14652,
      "systemtime": 20206,
      "usertime": 19940
     },
     "22105236783": {
      "maxRSS": 14652,
      "systemtime": 20206,
      "usertime": 20362
     },
     "22105237356": {
      "maxRSS": 14652,
      "systemtime": 20206,
      "usertime": 21723
     },
     "22105238369": {
      "maxRSS": 14908,
      "systemtime": 20206,
      "usertime": 22751
     },
     "22105239498": {
      "maxRSS": 14908,
      "systemtime": 20206,
      "usertime": 22789
     },
     "22105239890": {
      "maxRSS": 14908,
      "systemtime": 20242,
      "usertime": 24291
     },
     "22105240687": {
      "maxRSS": 15036,
      "systemtime": 20242,
      "usertime": 25096
     },
     "22105241787": {
      "maxRSS": 15036,
      "systemtime": 20242,
      "usertime": 25104
     },
     "22105241890": {
      "maxRSS": 15036,
      "systemtime": 20242,
      "usertime": 26354
     },
     "22105242520": {
      "maxRSS": 15164,
      "systemtime": 20242,
      "usertime": 26965
     },
     "22105243547": {
      "maxRSS": 15164,
      "systemtime": 20242,
      "usertime": 28021
     },
     "22105244058": {
      "maxRSS": 15164,
      "systemtime": 20242,
      "usertime": 28548
     },
     "22105244826": {
      "maxRSS": 15164,
      "systemtime": 20242,
      "usertime": 29340
     },
     "22105245127": {
      "maxRSS": 15164,
      "systemtime": 20242,
      "usertime": 29650
     },
     "22105245758": {
      "maxRSS": 15164,
      "systemtime": 20242,
      "usertime": 30269
     },
     "22105245937": {
      "maxRSS": 15164,
      "systemtime": 20242,
      "usertime": 30482
     },
     "22105246381": {
      "maxRSS": 15164,
      "systemtime": 20242,
      "usertime": 30932
     },
     "22105246540": {
      "maxRSS": 15164,
      "systemtime": 20242,
      "usertime": 31101
     },
     "22105246892": {
      "maxRSS": 15164,
      "systemtime": 20242,
      "usertime": 31451
     },
     "22105246989": {
      "maxRSS": 15164,
      "systemtime": 20242,
      "usertime": 31578
     },
     "22105247230": {
      "maxRSS": 15164,
      "systemtime": 20242,
      "usertime": 31828
     },
     "22105247299": {
      "maxRSS": 15164,
      "systemtime": 20242,
      "usertime": 31903
     },
     "22105247471": {
      "maxRSS": 15164,
      "systemtime": 20242,
      "usertime": 32080
     },
     "22105247515": {
      "maxRSS": 15164,
      "systemtime": 20242,
      "usertime": 32131
     },
     "22105247630": {
      "maxRSS": 15164,
      "systemtime": 20242,
      "usertime": 32251
     },
     "22105247660": {
      "maxRSS": 15164,
      "systemtime": 20242,
      "usertime": 32287
     },
     "22105247740": {
      "maxRSS": 15164,
      "systemtime": 20242,
      "usertime": 32373
     },
     "22105247761": {
      "maxRSS": 15164,
      "systemtime": 20247,
      "usertime": 32395
     },
     "22105247816": {
      "maxRSS": 15164,
      "systemtime": 20270,
      "usertime": 32432
     },
     "22105247836": {
      "maxRSS": 15164,
      "systemtime": 20280,
      "usertime": 32448
     },
     "22105247879": {
      "maxRSS": 15164,
      "systemtime": 20299,
      "usertime": 32478
     },
     "22105247898": {
      "maxRSS": 15164,
      "systemtime": 20308,
      "usertime": 32493
     },
     "22105249001": {
      "maxRSS": 15420,
      "systemtime": 20308,
      "usertime": 32610
     },
     "22105250097": {
      "maxRSS": 15676,
      "systemtime": 20308,
      "usertime": 32617
     },
     "22105251165": {
      "maxRSS": 15804,
      "systemtime": 20308,
      "usertime": 32626
     },
     "22105252235": {
      "maxRSS": 15932,
      "systemtime": 20308,
      "usertime": 36637
     },
     "22105253313": {
      "maxRSS": 16060,
      "systemtime": 20308,
      "usertime": 36652
     },
     "22105254413": {
      "maxRSS": 16316,
      "systemtime": 20308,
      "usertime": 36662
     },
     "22105255493": {
      "maxRSS": 16444,
      "systemtime": 20308,
      "usertime": 36670
     },
     "22105256560": {
      "maxRSS": 16572,
      "systemtime": 20308,
      "usertime": 40678
     },
     "22105257658": {
      "maxRSS": 16700,
      "systemtime": 20308,
      "usertime": 40687
     },
     "22105258755": {
      "maxRSS": 16956,
      "systemtime": 20308,
      "usertime": 40694
     },
     "22105259855": {
      "maxRSS": 17084,
      "systemtime": 20308,
      "usertime": 40704
     },
     "22105260958": {
      "maxRSS": 17212,
      "systemtime": 20308,
      "usertime": 44713
     },
     "22105262071": {
      "maxRSS": 17340,
      "systemtime": 20308,
      "usertime": 44732
     },
     "22105263166": {
      "maxRSS": 17596,
      "systemtime": 20308,
      "usertime": 44740
     },
     "22105264232": {
      "maxRSS": 17724,
      "systemtime": 23018,
      "usertime": 46037
     },
     "22105265342": {
      "maxRSS": 17852,
      "systemtime": 23024,
      "usertime": 46048
     },
     "22105266460": {
      "maxRSS": 18108,
      "systemtime": 23029,
      "usertime": 46058
     },
     "22105266984": {
      "maxRSS": 18108,
      "systemtime": 24029,
      "usertime": 48059
     },
     "22105267004": {
      "maxRSS": 18108,
      "systemtime": 24033,
      "usertime": 48066
     },
     "22105268063": {
      "maxRSS": 18108,
      "systemtime": 24036,
      "usertime": 48072
     },
     "22105269143": {
      "maxRSS": 18108,
      "systemtime": 25219,
      "usertime": 48072
     }
    }
   }
  }
 }
}
