{
 "root": {
  "program": {
   "configuration": {
    "": "/root/compiler/tests/corpus/CULPRIT_CANDIDATES/cc_edb_negated.dl",
    "fact-dir": "/root/compiler/fixtures/culprit_candidates/cc_edb_negated",
    "include-dir": ".",
    "jobs": "1",
    "libraries": "functors",
    "library-dir": ".",
    "output-dir": "/root/compiler/measurements/m3-1-counterexample/cc_edb_negated/accept/original",
    "profile": "prof.log",
    "relationCount": "6",
    "ruleCount": "7",
    "version": "2.5",
    "warn": "all",
    "wno": "none"
   },
   "relation": {
    "base": {
     "loadtime": { "start": 5119150196, "end": 5119150286},
     "num-tuples": 75,
     "reads": 0,
     "source-locator": "/root/compiler/tests/corpus/CULPRIT_CANDIDATES/cc_edb_negated.dl [17:7-17:11]"
    },
    "blocked_pair": {
     "loadtime": { "start": 5119150306, "end": 5119150332},
     "num-tuples": 11,
     "reads": 76,
     "source-locator": "/root/compiler/tests/corpus/CULPRIT_CANDIDATES/cc_edb_negated.dl [19:7-19:19]"
    },
    "link": {
     "loadtime": { "start": 5119150339, "end": 5119150373},
     "num-tuples": 76,
     "reads": 0,
     "source-locator": "/root/compiler/tests/corpus/CULPRIT_CANDIDATES/cc_edb_negated.dl [18:7-18:11]"
    },
    "out": {
     "maxRSS": {
      "post": 12328,
      "pre": 12328
     },
     "non-recursive-rule": {
      "out(y) :- \n   p(1,y).": {
       "atom-frequency": {
        "out(y) :- \n   p(1,y).": {
         "p": {
          "level": 0,
          "num-tuples": 0
         }
        }
       },
       "maxRSS": {
        "post": 12328,
        "pre": 12328
       },
       "num-tuples": 9,
       "runtime": { "start": 5119151068, "end": 5119151070},
       "source-locator": "/root/compiler/tests/corpus/CULPRIT_CANDIDATES/cc_edb_negated.dl [30:1-30:18]"
      }
     },
     "num-tuples": 9,
     "reads": 0,
     "runtime": { "start": 5119151059, "end": 5119151078},
     "savetime": { "start": 5119151082, "end": 5119151163},
     "source-locator": "/root/compiler/tests/corpus/CULPRIT_CANDIDATES/cc_edb_negated.dl [29:7-29:10]"
    },
    "p": {
     "maxRSS": {
      "post": 12328,
      "pre": 12328
     },
     "non-recursive-rule": {
      "p(x,y) :- \n   link(x,y).": {
       "atom-frequency": {
        "p(x,y) :- \n   link(x,y).": {
         "link": {
          "level": 0,
          "num-tuples": 0
         }
        }
       },
       "maxRSS": {
        "post": 12328,
        "pre": 12328
       },
       "num-tuples": 76,
       "runtime": { "start": 5119150982, "end": 5119150986},
       "source-locator": "/root/compiler/tests/corpus/CULPRIT_CANDIDATES/cc_edb_negated.dl [26:1-26:21]"
      },
      "p(x,y) :- \n   link(x,z),\n   !blocked_pair(z),\n   q(z,y).": {
       "atom-frequency": {
        "p(x,y) :- \n   link(x,z),\n   !blocked_pair(z),\n   q(z,y).": {
         "link": {
          "level": 0,
          "num-tuples": 0
         },
         "q": {
          "level": 1,
          "num-tuples": 0
         }
        }
       },
       "maxRSS": {
        "post": 12328,
        "pre": 12328
       },
       "num-tuples": 400,
       "runtime": { "start": 5119150993, "end": 5119151046},
       "source-locator": "/root/compiler/tests/corpus/CULPRIT_CANDIDATES/cc_edb_negated.dl [27:1-27:47]"
      }
     },
     "num-tuples": 476,
     "reads": 0,
     "runtime": { "start": 5119150981, "end": 5119151054},
     "source-locator": "/root/compiler/tests/corpus/CULPRIT_CANDIDATES/cc_edb_negated.dl [25:7-25:8]"
    },
    "q": {
     "iteration": {
      "0": {
       "copytime": { "start": 5119150483, "end": 5119150491},
       "maxRSS": {
        "post": 12328,
        "pre": 12200
       },
       "num-tuples": 79,
       "recursive-rule": {
        "q(x,y) :- \n   q(x,z),\n   base(z,y).": {
         "0": {
          "atom-frequency": {
           "@new_q(x,y) :- \n   @delta_q(x,z),\n   base(z,y).": {
            "@delta_q": {
             "level": 0,
             "num-tuples": 0
            },
            "base": {
             "level": 1,
             "num-tuples": 0
            }
           }
          },
          "maxRSS": {
           "post": 12328,
           "pre": 12200
          },
          "num-tuples": 79,
          "runtime": { "start": 5119150429, "end": 5119150455},
          "source-locator": "/root/compiler/tests/corpus/CULPRIT_CANDIDATES/cc_edb_negated.dl [23:1-23:29]"
         }
        }
       },
       "runtime": { "start": 5119150420, "end": 5119150465}
      },
      "1": {
       "copytime": { "start": 5119150550, "end": 5119150559},
       "maxRSS": {
        "post": 12328,
        "pre": 12328
       },
       "num-tuples": 77,
       "recursive-rule": {
        "q(x,y) :- \n   q(x,z),\n   base(z,y).": {
         "0": {
          "maxRSS": {
           "post": 12328,
           "pre": 12328
          },
          "num-tuples": 77,
          "runtime": { "start": 5119150504, "end": 5119150522},
          "source-locator": "/root/compiler/tests/corpus/CULPRIT_CANDIDATES/cc_edb_negated.dl [23:1-23:29]"
         }
        }
       },
       "runtime": { "start": 5119150495, "end": 5119150530}
      },
      "10": {
       "maxRSS": {
        "post": 12328,
        "pre": 12328
       },
       "num-tuples": 0,
       "recursive-rule": {
        "q(x,y) :- \n   q(x,z),\n   base(z,y).": {
         "0": {
          "maxRSS": {
           "post": 12328,
           "pre": 12328
          },
          "num-tuples": 0,
          "runtime": { "start": 5119150954, "end": 5119150955},
          "source-locator": "/root/compiler/tests/corpus/CULPRIT_CANDIDATES/cc_edb_negated.dl [23:1-23:29]"
         }
        }
       },
       "runtime": { "start": 5119150945, "end": 5119150963}
      },
      "2": {
       "copytime": { "start": 5119150613, "end": 5119150619},
       "maxRSS": {
        "post": 12328,
        "pre": 12328
       },
       "num-tuples": 52,
       "recursive-rule": {
        "q(x,y) :- \n   q(x,z),\n   base(z,y).": {
         "0": {
          "maxRSS": {
           "post": 12328,
           "pre": 12328
          },
          "num-tuples": 52,
          "runtime": { "start": 5119150571, "end": 5119150587},
          "source-locator": "/root/compiler/tests/corpus/CULPRIT_CANDIDATES/cc_edb_negated.dl [23:1-23:29]"
         }
        }
       },
       "runtime": { "start": 5119150563, "end": 5119150594}
      },
      "3": {
       "copytime": { "start": 5119150669, "end": 5119150674},
       "maxRSS": {
        "post": 12328,
        "pre": 12328
       },
       "num-tuples": 39,
       "recursive-rule": {
        "q(x,y) :- \n   q(x,z),\n   base(z,y).": {
         "0": {
          "maxRSS": {
           "post": 12328,
           "pre": 12328
          },
          "num-tuples": 39,
          "runtime": { "start": 5119150631, "end": 5119150643},
          "source-locator": "/root/compiler/tests/corpus/CULPRIT_CANDIDATES/cc_edb_negated.dl [23:1-23:29]"
         }
        }
       },
       "runtime": { "start": 5119150622, "end": 5119150651}
      },
      "4": {
       "copytime": { "start": 5119150721, "end": 5119150725},
       "maxRSS": {
        "post": 12328,
        "pre": 12328
       },
       "num-tuples": 26,
       "recursive-rule": {
        "q(x,y) :- \n   q(x,z),\n   base(z,y).": {
         "0": {
          "maxRSS": {
           "post": 12328,
           "pre": 12328
          },
          "num-tuples": 26,
          "runtime": { "start": 5119150686, "end": 5119150695},
          "source-locator": "/root/compiler/tests/corpus/CULPRIT_CANDIDATES/cc_edb_negated.dl [23:1-23:29]"
         }
        }
       },
       "runtime": { "start": 5119150677, "end": 5119150702}
      },
      "5": {
       "copytime": { "start": 5119150768, "end": 5119150771},
       "maxRSS": {
        "post": 12328,
        "pre": 12328
       },
       "num-tuples": 17,
       "recursive-rule": {
        "q(x,y) :- \n   q(x,z),\n   base(z,y).": {
         "0": {
          "maxRSS": {
           "post": 12328,
           "pre": 12328
          },
          "num-tuples": 17,
          "runtime": { "start": 5119150736, "end": 5119150743},
          "source-locator": "/root/compiler/tests/corpus/CULPRIT_CANDIDATES/cc_edb_negated.dl [23:1-23:29]"
         }
        }
       },
       "runtime": { "start": 5119150728, "end": 5119150750}
      },
      "6": {
       "copytime": { "start": 5119150813, "end": 5119150815},
       "maxRSS": {
        "post": 12328,
        "pre": 12328
       },
       "num-tuples": 10,
       "recursive-rule": {
        "q(x,y) :- \n   q(x,z),\n   base(z,y).": {
         "0": {
          "maxRSS": {
           "post": 12328,
           "pre": 12328
          },
          "num-tuples": 10,
          "runtime": { "start": 5119150783, "end": 5119150788},
          "source-locator": "/root/compiler/tests/corpus/CULPRIT_CANDIDATES/cc_edb_negated.dl [23:1-23:29]"
         }
        }
       },
       "runtime": { "start": 5119150774, "end": 5119150795}
      },
      "7": {
       "copytime": { "start": 5119150857, "end": 5119150859},
       "maxRSS": {
        "post": 12328,
        "pre": 12328
       },
       "num-tuples": 6,
       "recursive-rule": {
        "q(x,y) :- \n   q(x,z),\n   base(z,y).": {
         "0": {
          "maxRSS": {
           "post": 12328,
           "pre": 12328
          },
          "num-tuples": 6,
          "runtime": { "start": 5119150827, "end": 5119150831},
          "source-locator": "/root/compiler/tests/corpus/CULPRIT_CANDIDATES/cc_edb_negated.dl [23:1-23:29]"
         }
        }
       },
       "runtime": { "start": 5119150818, "end": 5119150838}
      },
      "8": {
       "copytime": { "start": 5119150900, "end": 5119150901},
       "maxRSS": {
        "post": 12328,
        "pre": 12328
       },
       "num-tuples": 3,
       "recursive-rule": {
        "q(x,y) :- \n   q(x,z),\n   base(z,y).": {
         "0": {
          "maxRSS": {
           "post": 12328,
           "pre": 12328
          },
          "num-tuples": 3,
          "runtime": { "start": 5119150871, "end": 5119150874},
          "source-locator": "/root/compiler/tests/corpus/CULPRIT_CANDIDATES/cc_edb_negated.dl [23:1-23:29]"
         }
        }
       },
       "runtime": { "start": 5119150862, "end": 5119150881}
      },
      "9": {
       "copytime": { "start": 5119150941, "end": 5119150942},
       "maxRSS": {
        "post": 12328,
        "pre": 12328
       },
       "num-tuples": 1,
       "recursive-rule": {
        "q(x,y) :- \n   q(x,z),\n   base(z,y).": {
         "0": {
          "maxRSS": {
           "post": 12328,
           "pre": 12328
          },
          "num-tuples": 1,
          "runtime": { "start": 5119150913, "end": 5119150915},
          "source-locator": "/root/compiler/tests/corpus/CULPRIT_CANDIDATES/cc_edb_negated.dl [23:1-23:29]"
         }
        }
       },
       "runtime": { "start": 5119150904, "end": 5119150922}
      }
     },
     "maxRSS": {
      "post": 12200,
      "pre": 12072
     },
     "non-recursive-rule": {
      "q(x,y) :- \n   base(x,y).": {
       "atom-frequency": {
        "q(x,y) :- \n   base(x,y).": {
         "base": {
          "level": 0,
          "num-tuples": 0
         }
        }
       },
       "maxRSS": {
        "post": 12200,
        "pre": 12072
       },
       "num-tuples": 75,
       "runtime": { "start": 5119150392, "end": 5119150403},
       "source-locator": "/root/compiler/tests/corpus/CULPRIT_CANDIDATES/cc_edb_negated.dl [22:1-22:21]"
      }
     },
     "num-tuples": 75,
     "reads": 461,
     "runtime": { "start": 5119150379, "end": 5119150412},
     "source-locator": "/root/compiler/tests/corpus/CULPRIT_CANDIDATES/cc_edb_negated.dl [21:7-21:8]"
    }
   },
   "runtime": { "start": 5119150182, "end": 5119151170},
   "starttime": { "time": 5119150153},
   "usage": {
    "timepoint": {
     "5119150163": {
      "maxRSS": 11404,
      "systemtime": 0,
      "usertime": 2137
     },
     "5119150200": {
      "maxRSS": 11660,
      "systemtime": 0,
      "usertime": 3754
     },
     "5119150320": {
      "maxRSS": 12072,
      "systemtime": 0,
      "usertime": 3868
     },
     "5119150353": {
      "maxRSS": 12072,
      "systemtime": 0,
      "usertime": 3908
     },
     "5119150392": {
      "maxRSS": 12072,
      "systemtime": 0,
      "usertime": 3968
     },
     "5119150435": {
      "maxRSS": 12328,
      "systemtime": 0,
      "usertime": 4011
     },
     "5119150482": {
      "maxRSS": 12328,
      "systemtime": 0,
      "usertime": 4066
     },
     "5119150509": {
      "maxRSS": 12328,
      "systemtime": 0,
      "usertime": 4100
     },
     "5119150549": {
      "maxRSS": 12328,
      "systemtime": 0,
      "usertime": 4147
     },
     "5119150576": {
      "maxRSS": 12328,
      "systemtime": 0,
      "usertime": 4181
     },
     "5119150612": {
      "maxRSS": 12328,
      "systemtime": 0,
      "usertime": 4222
     },
     "5119150635": {
      "maxRSS": 12328,
      "systemtime": 0,
      "usertime": 4253
     },
     "5119150668": {
      "maxRSS": 12328,
      "systemtime": 0,
      "usertime": 4291
     },
     "5119150690": {
      "maxRSS": 12328,
      "systemtime": 0,
      "usertime": 4320
     },
     "5119150719": {
      "maxRSS": 12328,
      "systemtime": 0,
      "usertime": 4357
     },
     "5119150741": {
      "maxRSS": 12328,
      "systemtime": 0,
      "usertime": 4384
     },
     "5119150767": {
      "maxRSS": 12328,
      "systemtime": 0,
      "usertime": 4417
     },
     "5119150787": {
      "maxRSS": 12328,
      "systemtime": 0,
      "usertime": 4444
     },
     "5119150812": {
      "maxRSS": 12328,
      "systemtime": 0,
      "usertime": 4474
     },
     "5119150831": {
      "maxRSS": 12328,
      "systemtime": 0,
      "usertime": 4504
     },
     "5119150856": {
      "maxRSS": 12328,
      "systemtime": 0,
      "usertime": 4532
     },
     "5119150875": {
      "maxRSS": 12328,
      "systemtime": 0,
      "usertime": 4561
     },
     "5119150898": {
      "maxRSS": 12328,
      "systemtime": 0,
      "usertime": 4588
     },
     "5119150917": {
      "maxRSS": 12328,
      "systemtime": 0,
      "usertime": 4614
     },
     "5119150940": {
      "maxRSS": 12328,
      "systemtime": 0,
      "usertime": 4641
     },
     "5119150958": {
      "maxRSS": 12328,
      "systemtime": 0,
      "usertime": 4667
     },
     "5119150979": {
      "maxRSS": 12328,
      "systemtime": 0,
      "usertime": 4694
     },
     "5119151005": {
      "maxRSS": 12328,
      "systemtime": 0,
      "usertime": 4716
     },
     "5119151072": {
      "maxRSS": 12328,
      "systemtime": 0,
      "usertime": 4799
     },
     "5119151095": {
      "maxRSS": 12328,
      "systemtime": 0,
      "usertime": 4817
     }
    }
   }
  }
 }
}
