{
 "root": {
  "program": {
   "configuration": {
    "": "/root/compiler/measurements/night04-b-cone/cc_sibling_emptycone/n20/emit_guarded/transformed.dl",
    "fact-dir": "/root/compiler/fixtures/cone_corpus/cc_sibling_emptycone/n20",
    "include-dir": ".",
    "jobs": "1",
    "libraries": "functors",
    "library-dir": ".",
    "output-dir": "/root/compiler/measurements/night04-b-cone/cc_sibling_emptycone/n20/dlc",
    "profile": "prof.log",
    "relationCount": "10",
    "ruleCount": "15",
    "version": "2.5",
    "warn": "all",
    "wno": "none"
   },
   "relation": {
    "base": {
     "loadtime": { "start": 18398929107, "end": 18398929195},
     "num-tuples": 30,
     "reads": 0,
     "source-locator": "/root/compiler/measurements/night04-b-cone/cc_sibling_emptycone/n20/emit_guarded/transformed.dl [1:7-1:11]"
    },
    "blocked": {
     "loadtime": { "start": 18398929203, "end": 18398929228},
     "num-tuples": 2,
     "reads": 199,
     "source-locator": "/root/compiler/measurements/night04-b-cone/cc_sibling_emptycone/n20/emit_guarded/transformed.dl [5:7-5:14]"
    },
    "e": {
     "loadtime": { "start": 18398929234, "end": 18398929260},
     "num-tuples": 31,
     "reads": 0,
     "source-locator": "/root/compiler/measurements/night04-b-cone/cc_sibling_emptycone/n20/emit_guarded/transformed.dl [3:7-3:8]"
    },
    "out": {
     "maxRSS": {
      "post": 12324,
      "pre": 12324
     },
     "non-recursive-rule": {
      "out(y) :- \n   p(1,y).": {
       "atom-frequency": {
        "out(y) :- \n   p(1,y).": {
         "p": {
          "level": 0,
          "num-tuples": 0
         }
        }
       },
       "maxRSS": {
        "post": 12324,
        "pre": 12324
       },
       "num-tuples": 1,
       "runtime": { "start": 18398930268, "end": 18398930269},
       "source-locator": "/root/compiler/measurements/night04-b-cone/cc_sibling_emptycone/n20/emit_guarded/transformed.dl [25:1-25:19]"
      }
     },
     "num-tuples": 1,
     "reads": 0,
     "runtime": { "start": 18398930267, "end": 18398930276},
     "savetime": { "start": 18398930280, "end": 18398930309},
     "source-locator": "/root/compiler/measurements/night04-b-cone/cc_sibling_emptycone/n20/emit_guarded/transformed.dl [12:7-12:10]"
    },
    "out2": {
     "maxRSS": {
      "post": 12324,
      "pre": 12324
     },
     "non-recursive-rule": {
      "out2(y) :- \n   tc(1,y).": {
       "atom-frequency": {
        "out2(y) :- \n   tc(1,y).": {
         "tc": {
          "level": 0,
          "num-tuples": 0
         }
        }
       },
       "maxRSS": {
        "post": 12324,
        "pre": 12324
       },
       "num-tuples": 13,
       "runtime": { "start": 18398930025, "end": 18398930026},
       "source-locator": "/root/compiler/measurements/night04-b-cone/cc_sibling_emptycone/n20/emit_guarded/transformed.dl [17:1-17:21]"
      }
     },
     "num-tuples": 13,
     "reads": 0,
     "runtime": { "start": 18398930024, "end": 18398930033},
     "savetime": { "start": 18398930037, "end": 18398930114},
     "source-locator": "/root/compiler/measurements/night04-b-cone/cc_sibling_emptycone/n20/emit_guarded/transformed.dl [15:7-15:11]"
    },
    "p": {
     "iteration": {
      "0": {
       "copytime": { "start": 18398930220, "end": 18398930222},
       "maxRSS": {
        "post": 12324,
        "pre": 12324
       },
       "num-tuples": 6,
       "recursive-rule": {
        "p(x,y) :- \n   p(x,z),\n   !s(z),\n   q(z,y).": {
         "0": {
          "atom-frequency": {
           "@new_p(x,y) :- \n   @delta_p(x,z),\n   !s(z),\n   q(z,y).": {
            "@delta_p": {
             "level": 0,
             "num-tuples": 0
            },
            "q": {
             "level": 1,
             "num-tuples": 0
            }
           }
          },
          "maxRSS": {
           "post": 12324,
           "pre": 12324
          },
          "num-tuples": 6,
          "runtime": { "start": 18398930187, "end": 18398930193},
          "source-locator": "/root/compiler/measurements/night04-b-cone/cc_sibling_emptycone/n20/emit_guarded/transformed.dl [19:1-19:36]"
         }
        }
       },
       "runtime": { "start": 18398930177, "end": 18398930202}
      },
      "1": {
       "maxRSS": {
        "post": 12324,
        "pre": 12324
       },
       "num-tuples": 0,
       "recursive-rule": {
        "p(x,y) :- \n   p(x,z),\n   !s(z),\n   q(z,y).": {
         "0": {
          "maxRSS": {
           "post": 12324,
           "pre": 12324
          },
          "num-tuples": 0,
          "runtime": { "start": 18398930237, "end": 18398930239},
          "source-locator": "/root/compiler/measurements/night04-b-cone/cc_sibling_emptycone/n20/emit_guarded/transformed.dl [19:1-19:36]"
         }
        }
       },
       "runtime": { "start": 18398930225, "end": 18398930247}
      }
     },
     "maxRSS": {
      "post": 12324,
      "pre": 12324
     },
     "non-recursive-rule": {
      "p(x,y) :- \n   e(x,y).": {
       "atom-frequency": {
        "p(x,y) :- \n   e(x,y).": {
         "e": {
          "level": 0,
          "num-tuples": 0
         }
        }
       },
       "maxRSS": {
        "post": 12324,
        "pre": 12324
       },
       "num-tuples": 31,
       "runtime": { "start": 18398930160, "end": 18398930163},
       "source-locator": "/root/compiler/measurements/night04-b-cone/cc_sibling_emptycone/n20/emit_guarded/transformed.dl [18:1-18:20]"
      }
     },
     "num-tuples": 31,
     "reads": 9,
     "runtime": { "start": 18398930151, "end": 18398930171},
     "source-locator": "/root/compiler/measurements/night04-b-cone/cc_sibling_emptycone/n20/emit_guarded/transformed.dl [11:7-11:8]"
    },
    "q": {
     "iteration": {
      "0": {
       "copytime": { "start": 18398929386, "end": 18398929391},
       "maxRSS": {
        "post": 12324,
        "pre": 12196
       },
       "num-tuples": 46,
       "recursive-rule": {
        "q(x,y) :- \n   q(x,z),\n   base(z,y).": {
         "0": {
          "atom-frequency": {
           "@new_q(x,y) :- \n   @delta_q(x,z),\n   base(z,y).": {
            "@delta_q": {
             "level": 0,
             "num-tuples": 0
            },
            "base": {
             "level": 1,
             "num-tuples": 0
            }
           }
          },
          "maxRSS": {
           "post": 12324,
           "pre": 12196
          },
          "num-tuples": 46,
          "runtime": { "start": 18398929341, "end": 18398929358},
          "source-locator": "/root/compiler/measurements/night04-b-cone/cc_sibling_emptycone/n20/emit_guarded/transformed.dl [21:1-21:32]"
         }
        }
       },
       "runtime": { "start": 18398929332, "end": 18398929367}
      },
      "1": {
       "copytime": { "start": 18398929446, "end": 18398929451},
       "maxRSS": {
        "post": 12324,
        "pre": 12324
       },
       "num-tuples": 51,
       "recursive-rule": {
        "q(x,y) :- \n   q(x,z),\n   base(z,y).": {
         "0": {
          "maxRSS": {
           "post": 12324,
           "pre": 12324
          },
          "num-tuples": 51,
          "runtime": { "start": 18398929404, "end": 18398929419},
          "source-locator": "/root/compiler/measurements/night04-b-cone/cc_sibling_emptycone/n20/emit_guarded/transformed.dl [21:1-21:32]"
         }
        }
       },
       "runtime": { "start": 18398929395, "end": 18398929427}
      },
      "2": {
       "copytime": { "start": 18398929505, "end": 18398929510},
       "maxRSS": {
        "post": 12324,
        "pre": 12324
       },
       "num-tuples": 44,
       "recursive-rule": {
        "q(x,y) :- \n   q(x,z),\n   base(z,y).": {
         "0": {
          "maxRSS": {
           "post": 12324,
           "pre": 12324
          },
          "num-tuples": 44,
          "runtime": { "start": 18398929464, "end": 18398929478},
          "source-locator": "/root/compiler/measurements/night04-b-cone/cc_sibling_emptycone/n20/emit_guarded/transformed.dl [21:1-21:32]"
         }
        }
       },
       "runtime": { "start": 18398929455, "end": 18398929486}
      },
      "3": {
       "copytime": { "start": 18398929557, "end": 18398929560},
       "maxRSS": {
        "post": 12324,
        "pre": 12324
       },
       "num-tuples": 21,
       "recursive-rule": {
        "q(x,y) :- \n   q(x,z),\n   base(z,y).": {
         "0": {
          "maxRSS": {
           "post": 12324,
           "pre": 12324
          },
          "num-tuples": 21,
          "runtime": { "start": 18398929522, "end": 18398929531},
          "source-locator": "/root/compiler/measurements/night04-b-cone/cc_sibling_emptycone/n20/emit_guarded/transformed.dl [21:1-21:32]"
         }
        }
       },
       "runtime": { "start": 18398929513, "end": 18398929539}
      },
      "4": {
       "copytime": { "start": 18398929604, "end": 18398929606},
       "maxRSS": {
        "post": 12324,
        "pre": 12324
       },
       "num-tuples": 6,
       "recursive-rule": {
        "q(x,y) :- \n   q(x,z),\n   base(z,y).": {
         "0": {
          "maxRSS": {
           "post": 12324,
           "pre": 12324
          },
          "num-tuples": 6,
          "runtime": { "start": 18398929572, "end": 18398929577},
          "source-locator": "/root/compiler/measurements/night04-b-cone/cc_sibling_emptycone/n20/emit_guarded/transformed.dl [21:1-21:32]"
         }
        }
       },
       "runtime": { "start": 18398929563, "end": 18398929584}
      },
      "5": {
       "copytime": { "start": 18398929646, "end": 18398929647},
       "maxRSS": {
        "post": 12324,
        "pre": 12324
       },
       "num-tuples": 1,
       "recursive-rule": {
        "q(x,y) :- \n   q(x,z),\n   base(z,y).": {
         "0": {
          "maxRSS": {
           "post": 12324,
           "pre": 12324
          },
          "num-tuples": 1,
          "runtime": { "start": 18398929618, "end": 18398929620},
          "source-locator": "/root/compiler/measurements/night04-b-cone/cc_sibling_emptycone/n20/emit_guarded/transformed.dl [21:1-21:32]"
         }
        }
       },
       "runtime": { "start": 18398929609, "end": 18398929628}
      },
      "6": {
       "maxRSS": {
        "post": 12324,
        "pre": 12324
       },
       "num-tuples": 0,
       "recursive-rule": {
        "q(x,y) :- \n   q(x,z),\n   base(z,y).": {
         "0": {
          "maxRSS": {
           "post": 12324,
           "pre": 12324
          },
          "num-tuples": 0,
          "runtime": { "start": 18398929659, "end": 18398929660},
          "source-locator": "/root/compiler/measurements/night04-b-cone/cc_sibling_emptycone/n20/emit_guarded/transformed.dl [21:1-21:32]"
         }
        }
       },
       "runtime": { "start": 18398929650, "end": 18398929667}
      }
     },
     "maxRSS": {
      "post": 12196,
      "pre": 12068
     },
     "non-recursive-rule": {
      "q(x,y) :- \n   base(x,y).": {
       "atom-frequency": {
        "q(x,y) :- \n   base(x,y).": {
         "base": {
          "level": 0,
          "num-tuples": 0
         }
        }
       },
       "maxRSS": {
        "post": 12196,
        "pre": 12068
       },
       "num-tuples": 30,
       "runtime": { "start": 18398929309, "end": 18398929317},
       "source-locator": "/root/compiler/measurements/night04-b-cone/cc_sibling_emptycone/n20/emit_guarded/transformed.dl [20:1-20:23]"
      }
     },
     "num-tuples": 30,
     "reads": 327,
     "runtime": { "start": 18398929300, "end": 18398929325},
     "source-locator": "/root/compiler/measurements/night04-b-cone/cc_sibling_emptycone/n20/emit_guarded/transformed.dl [9:7-9:8]"
    },
    "s": {
     "maxRSS": {
      "post": 12324,
      "pre": 12324
     },
     "non-recursive-rule": {
      "s(x) :- \n   q(x,y),\n   blocked(y).": {
       "atom-frequency": {
        "s(x) :- \n   q(x,y),\n   blocked(y).": {
         "q": {
          "level": 0,
          "num-tuples": 0
         }
        }
       },
       "maxRSS": {
        "post": 12324,
        "pre": 12324
       },
       "num-tuples": 12,
       "runtime": { "start": 18398930130, "end": 18398930138},
       "source-locator": "/root/compiler/measurements/night04-b-cone/cc_sibling_emptycone/n20/emit_guarded/transformed.dl [22:1-22:29]"
      }
     },
     "num-tuples": 12,
     "reads": 37,
     "runtime": { "start": 18398930120, "end": 18398930146},
     "source-locator": "/root/compiler/measurements/night04-b-cone/cc_sibling_emptycone/n20/emit_guarded/transformed.dl [10:7-10:8]"
    },
    "sibling_edge": {
     "loadtime": { "start": 18398929266, "end": 18398929293},
     "num-tuples": 40,
     "reads": 0,
     "source-locator": "/root/compiler/measurements/night04-b-cone/cc_sibling_emptycone/n20/emit_guarded/transformed.dl [7:7-7:19]"
    },
    "tc": {
     "iteration": {
      "0": {
       "copytime": { "start": 18398929750, "end": 18398929756},
       "maxRSS": {
        "post": 12324,
        "pre": 12324
       },
       "num-tuples": 63,
       "recursive-rule": {
        "tc(x,y) :- \n   tc(x,z),\n   sibling_edge(z,y).": {
         "0": {
          "atom-frequency": {
           "@new_tc(x,y) :- \n   @delta_tc(x,z),\n   sibling_edge(z,y).": {
            "@delta_tc": {
             "level": 0,
             "num-tuples": 0
            },
            "sibling_edge": {
             "level": 1,
             "num-tuples": 0
            }
           }
          },
          "maxRSS": {
           "post": 12324,
           "pre": 12324
          },
          "num-tuples": 63,
          "runtime": { "start": 18398929710, "end": 18398929723},
          "source-locator": "/root/compiler/measurements/night04-b-cone/cc_sibling_emptycone/n20/emit_guarded/transformed.dl [24:1-24:42]"
         }
        }
       },
       "runtime": { "start": 18398929702, "end": 18398929732}
      },
      "1": {
       "copytime": { "start": 18398929817, "end": 18398929824},
       "maxRSS": {
        "post": 12324,
        "pre": 12324
       },
       "num-tuples": 65,
       "recursive-rule": {
        "tc(x,y) :- \n   tc(x,z),\n   sibling_edge(z,y).": {
         "0": {
          "maxRSS": {
           "post": 12324,
           "pre": 12324
          },
          "num-tuples": 65,
          "runtime": { "start": 18398929773, "end": 18398929790},
          "source-locator": "/root/compiler/measurements/night04-b-cone/cc_sibling_emptycone/n20/emit_guarded/transformed.dl [24:1-24:42]"
         }
        }
       },
       "runtime": { "start": 18398929759, "end": 18398929798}
      },
      "2": {
       "copytime": { "start": 18398929856, "end": 18398929861},
       "maxRSS": {
        "post": 12324,
        "pre": 12324
       },
       "num-tuples": 48,
       "recursive-rule": {
        "tc(x,y) :- \n   tc(x,z),\n   sibling_edge(z,y).": {
         "0": {
          "maxRSS": {
           "post": 12324,
           "pre": 12324
          },
          "num-tuples": 48,
          "runtime": { "start": 18398929828, "end": 18398929843},
          "source-locator": "/root/compiler/measurements/night04-b-cone/cc_sibling_emptycone/n20/emit_guarded/transformed.dl [24:1-24:42]"
         }
        }
       },
       "runtime": { "start": 18398929827, "end": 18398929850}
      },
      "3": {
       "copytime": { "start": 18398929897, "end": 18398929901},
       "maxRSS": {
        "post": 12324,
        "pre": 12324
       },
       "num-tuples": 20,
       "recursive-rule": {
        "tc(x,y) :- \n   tc(x,z),\n   sibling_edge(z,y).": {
         "0": {
          "maxRSS": {
           "post": 12324,
           "pre": 12324
          },
          "num-tuples": 20,
          "runtime": { "start": 18398929865, "end": 18398929875},
          "source-locator": "/root/compiler/measurements/night04-b-cone/cc_sibling_emptycone/n20/emit_guarded/transformed.dl [24:1-24:42]"
         }
        }
       },
       "runtime": { "start": 18398929864, "end": 18398929879}
      },
      "4": {
       "copytime": { "start": 18398929936, "end": 18398929938},
       "maxRSS": {
        "post": 12324,
        "pre": 12324
       },
       "num-tuples": 9,
       "recursive-rule": {
        "tc(x,y) :- \n   tc(x,z),\n   sibling_edge(z,y).": {
         "0": {
          "maxRSS": {
           "post": 12324,
           "pre": 12324
          },
          "num-tuples": 9,
          "runtime": { "start": 18398929906, "end": 18398929911},
          "source-locator": "/root/compiler/measurements/night04-b-cone/cc_sibling_emptycone/n20/emit_guarded/transformed.dl [24:1-24:42]"
         }
        }
       },
       "runtime": { "start": 18398929905, "end": 18398929918}
      },
      "5": {
       "copytime": { "start": 18398929981, "end": 18398929982},
       "maxRSS": {
        "post": 12324,
        "pre": 12324
       },
       "num-tuples": 7,
       "recursive-rule": {
        "tc(x,y) :- \n   tc(x,z),\n   sibling_edge(z,y).": {
         "0": {
          "maxRSS": {
           "post": 12324,
           "pre": 12324
          },
          "num-tuples": 7,
          "runtime": { "start": 18398929951, "end": 18398929954},
          "source-locator": "/root/compiler/measurements/night04-b-cone/cc_sibling_emptycone/n20/emit_guarded/transformed.dl [24:1-24:42]"
         }
        }
       },
       "runtime": { "start": 18398929942, "end": 18398929962}
      },
      "6": {
       "maxRSS": {
        "post": 12324,
        "pre": 12324
       },
       "num-tuples": 0,
       "recursive-rule": {
        "tc(x,y) :- \n   tc(x,z),\n   sibling_edge(z,y).": {
         "0": {
          "maxRSS": {
           "post": 12324,
           "pre": 12324
          },
          "num-tuples": 0,
          "runtime": { "start": 18398929995, "end": 18398929996},
          "source-locator": "/root/compiler/measurements/night04-b-cone/cc_sibling_emptycone/n20/emit_guarded/transformed.dl [24:1-24:42]"
         }
        }
       },
       "runtime": { "start": 18398929986, "end": 18398930004}
      }
     },
     "maxRSS": {
      "post": 12324,
      "pre": 12324
     },
     "non-recursive-rule": {
      "tc(x,y) :- \n   sibling_edge(x,y).": {
       "atom-frequency": {
        "tc(x,y) :- \n   sibling_edge(x,y).": {
         "sibling_edge": {
          "level": 0,
          "num-tuples": 0
         }
        }
       },
       "maxRSS": {
        "post": 12324,
        "pre": 12324
       },
       "num-tuples": 40,
       "runtime": { "start": 18398929687, "end": 18398929690},
       "source-locator": "/root/compiler/measurements/night04-b-cone/cc_sibling_emptycone/n20/emit_guarded/transformed.dl [23:1-23:32]"
      }
     },
     "num-tuples": 40,
     "reads": 434,
     "runtime": { "start": 18398929686, "end": 18398929696},
     "source-locator": "/root/compiler/measurements/night04-b-cone/cc_sibling_emptycone/n20/emit_guarded/transformed.dl [14:7-14:9]"
    }
   },
   "runtime": { "start": 18398929101, "end": 18398930313},
   "starttime": { "time": 18398929067},
   "usage": {
    "timepoint": {
     "18398929130": {
      "maxRSS": 11784,
      "systemtime": 3111,
      "usertime": 3111
     },
     "18398929221": {
      "maxRSS": 12068,
      "systemtime": 3174,
      "usertime": 3174
     },
     "18398929248": {
      "maxRSS": 12068,
      "systemtime": 3193,
      "usertime": 3193
     },
     "18398929280": {
      "maxRSS": 12068,
      "systemtime": 3212,
      "usertime": 3212
     },
     "18398929314": {
      "maxRSS": 12196,
      "systemtime": 3237,
      "usertime": 3237
     },
     "18398929346": {
      "maxRSS": 12324,
      "systemtime": 3257,
      "usertime": 3257
     },
     "18398929386": {
      "maxRSS": 12324,
      "systemtime": 3279,
      "usertime": 3279
     },
     "18398929409": {
      "maxRSS": 12324,
      "systemtime": 3295,
      "usertime": 3295
     },
     "18398929445": {
      "maxRSS": 12324,
      "systemtime": 3316,
      "usertime": 3316
     },
     "18398929471": {
      "maxRSS": 12324,
      "systemtime": 3333,
      "usertime": 3333
     },
     "18398929504": {
      "maxRSS": 12324,
      "systemtime": 3354,
      "usertime": 3354
     },
     "18398929526": {
      "maxRSS": 12324,
      "systemtime": 3368,
      "usertime": 3368
     },
     "18398929556": {
      "maxRSS": 12324,
      "systemtime": 3386,
      "usertime": 3386
     },
     "18398929576": {
      "maxRSS": 12324,
      "systemtime": 3400,
      "usertime": 3400
     },
     "18398929602": {
      "maxRSS": 12324,
      "systemtime": 3416,
      "usertime": 3416
     },
     "18398929622": {
      "maxRSS": 12324,
      "systemtime": 3431,
      "usertime": 3431
     },
     "18398929645": {
      "maxRSS": 12324,
      "systemtime": 3444,
      "usertime": 3444
     },
     "18398929663": {
      "maxRSS": 12324,
      "systemtime": 3457,
      "usertime": 3457
     },
     "18398929685": {
      "maxRSS": 12324,
      "systemtime": 3470,
      "usertime": 3470
     },
     "18398929715": {
      "maxRSS": 12324,
      "systemtime": 3489,
      "usertime": 3489
     },
     "18398929749": {
      "maxRSS": 12324,
      "systemtime": 3509,
      "usertime": 3509
     },
     "18398929777": {
      "maxRSS": 12324,
      "systemtime": 3527,
      "usertime": 3527
     },
     "18398929857": {
      "maxRSS": 12324,
      "systemtime": 3576,
      "usertime": 3576
     },
     "18398929865": {
      "maxRSS": 12324,
      "systemtime": 3584,
      "usertime": 3584
     },
     "18398929900": {
      "maxRSS": 12324,
      "systemtime": 3605,
      "usertime": 3605
     },
     "18398929907": {
      "maxRSS": 12324,
      "systemtime": 3613,
      "usertime": 3613
     },
     "18398929934": {
      "maxRSS": 12324,
      "systemtime": 3628,
      "usertime": 3628
     },
     "18398929955": {
      "maxRSS": 12324,
      "systemtime": 3644,
      "usertime": 3644
     },
     "18398929980": {
      "maxRSS": 12324,
      "systemtime": 3657,
      "usertime": 3657
     },
     "18398929999": {
      "maxRSS": 12324,
      "systemtime": 3671,
      "usertime": 3671
     },
     "18398930022": {
      "maxRSS": 12324,
      "systemtime": 3685,
      "usertime": 3685
     },
     "18398930050": {
      "maxRSS": 12324,
      "systemtime": 3698,
      "usertime": 3698
     },
     "18398930135": {
      "maxRSS": 12324,
      "systemtime": 3749,
      "usertime": 3749
     },
     "18398930165": {
      "maxRSS": 12324,
      "systemtime": 3768,
      "usertime": 3768
     },
     "18398930192": {
      "maxRSS": 12324,
      "systemtime": 3784,
      "usertime": 3784
     },
     "18398930219": {
      "maxRSS": 12324,
      "systemtime": 3801,
      "usertime": 3801
     },
     "18398930242": {
      "maxRSS": 12324,
      "systemtime": 3817,
      "usertime": 3817
     },
     "18398930265": {
      "maxRSS": 12324,
      "systemtime": 3831,
      "usertime": 3831
     },
     "18398930293": {
      "maxRSS": 12324,
      "systemtime": 3844,
      "usertime": 3844
     }
    }
   }
  }
 }
}
