{
 "root": {
  "program": {
   "configuration": {
    "": "/root/compiler/tests/corpus/CULPRIT_CANDIDATES/cc_third_relation.dl",
    "fact-dir": "/root/compiler/fixtures/culprit_candidates/cc_third_relation",
    "include-dir": ".",
    "jobs": "1",
    "libraries": "functors",
    "library-dir": ".",
    "output-dir": "/root/compiler/measurements/m3-5-headline/candidates/cc_third_relation/none",
    "profile": "prof.log",
    "relationCount": "7",
    "ruleCount": "10",
    "version": "2.5",
    "warn": "all",
    "wno": "none"
   },
   "relation": {
    "base": {
     "loadtime": { "start": 29424843569, "end": 29424843858},
     "num-tuples": 75,
     "reads": 0,
     "source-locator": "/root/compiler/tests/corpus/CULPRIT_CANDIDATES/cc_third_relation.dl [14:7-14:11]"
    },
    "blocked": {
     "loadtime": { "start": 29424843869, "end": 29424844057},
     "num-tuples": 11,
     "reads": 533,
     "source-locator": "/root/compiler/tests/corpus/CULPRIT_CANDIDATES/cc_third_relation.dl [16:7-16:14]"
    },
    "e": {
     "loadtime": { "start": 29424844067, "end": 29424844310},
     "num-tuples": 76,
     "reads": 0,
     "source-locator": "/root/compiler/tests/corpus/CULPRIT_CANDIDATES/cc_third_relation.dl [15:7-15:8]"
    },
    "out": {
     "maxRSS": {
      "post": 16772,
      "pre": 16772
     },
     "non-recursive-rule": {
      "out(y) :- \n   q2(1,y).": {
       "atom-frequency": {
        "out(y) :- \n   q2(1,y).": {
         "q2": {
          "level": 0,
          "num-tuples": 0
         }
        }
       },
       "maxRSS": {
        "post": 16772,
        "pre": 16772
       },
       "num-tuples": 2,
       "runtime": { "start": 29424845106, "end": 29424845108},
       "source-locator": "/root/compiler/tests/corpus/CULPRIT_CANDIDATES/cc_third_relation.dl [30:1-30:19]"
      }
     },
     "num-tuples": 2,
     "reads": 0,
     "runtime": { "start": 29424845106, "end": 29424845116},
     "savetime": { "start": 29424845120, "end": 29424845207},
     "source-locator": "/root/compiler/tests/corpus/CULPRIT_CANDIDATES/cc_third_relation.dl [29:7-29:10]"
    },
    "p": {
     "iteration": {
      "0": {
       "copytime": { "start": 29424844433, "end": 29424844444},
       "maxRSS": {
        "post": 16772,
        "pre": 16772
       },
       "num-tuples": 123,
       "recursive-rule": {
        "p(x,y) :- \n   p(x,z),\n   base(z,y).": {
         "0": {
          "atom-frequency": {
           "@new_p(x,y) :- \n   @delta_p(x,z),\n   base(z,y).": {
            "@delta_p": {
             "level": 0,
             "num-tuples": 0
            },
            "base": {
             "level": 1,
             "num-tuples": 0
            }
           }
          },
          "maxRSS": {
           "post": 16772,
           "pre": 16772
          },
          "num-tuples": 123,
          "runtime": { "start": 29424844371, "end": 29424844403},
          "source-locator": "/root/compiler/tests/corpus/CULPRIT_CANDIDATES/cc_third_relation.dl [20:1-20:29]"
         }
        }
       },
       "runtime": { "start": 29424844361, "end": 29424844413}
      },
      "1": {
       "copytime": { "start": 29424844513, "end": 29424844524},
       "maxRSS": {
        "post": 16772,
        "pre": 16772
       },
       "num-tuples": 108,
       "recursive-rule": {
        "p(x,y) :- \n   p(x,z),\n   base(z,y).": {
         "0": {
          "maxRSS": {
           "post": 16772,
           "pre": 16772
          },
          "num-tuples": 108,
          "runtime": { "start": 29424844460, "end": 29424844486},
          "source-locator": "/root/compiler/tests/corpus/CULPRIT_CANDIDATES/cc_third_relation.dl [20:1-20:29]"
         }
        }
       },
       "runtime": { "start": 29424844450, "end": 29424844494}
      },
      "10": {
       "maxRSS": {
        "post": 16772,
        "pre": 16772
       },
       "num-tuples": 0,
       "recursive-rule": {
        "p(x,y) :- \n   p(x,z),\n   base(z,y).": {
         "0": {
          "maxRSS": {
           "post": 16772,
           "pre": 16772
          },
          "num-tuples": 0,
          "runtime": { "start": 29424844931, "end": 29424844933},
          "source-locator": "/root/compiler/tests/corpus/CULPRIT_CANDIDATES/cc_third_relation.dl [20:1-20:29]"
         }
        }
       },
       "runtime": { "start": 29424844922, "end": 29424844941}
      },
      "2": {
       "copytime": { "start": 29424844588, "end": 29424844599},
       "maxRSS": {
        "post": 16772,
        "pre": 16772
       },
       "num-tuples": 91,
       "recursive-rule": {
        "p(x,y) :- \n   p(x,z),\n   base(z,y).": {
         "0": {
          "maxRSS": {
           "post": 16772,
           "pre": 16772
          },
          "num-tuples": 91,
          "runtime": { "start": 29424844537, "end": 29424844562},
          "source-locator": "/root/compiler/tests/corpus/CULPRIT_CANDIDATES/cc_third_relation.dl [20:1-20:29]"
         }
        }
       },
       "runtime": { "start": 29424844528, "end": 29424844570}
      },
      "3": {
       "copytime": { "start": 29424844657, "end": 29424844663},
       "maxRSS": {
        "post": 16772,
        "pre": 16772
       },
       "num-tuples": 48,
       "recursive-rule": {
        "p(x,y) :- \n   p(x,z),\n   base(z,y).": {
         "0": {
          "maxRSS": {
           "post": 16772,
           "pre": 16772
          },
          "num-tuples": 48,
          "runtime": { "start": 29424844611, "end": 29424844630},
          "source-locator": "/root/compiler/tests/corpus/CULPRIT_CANDIDATES/cc_third_relation.dl [20:1-20:29]"
         }
        }
       },
       "runtime": { "start": 29424844602, "end": 29424844638}
      },
      "4": {
       "copytime": { "start": 29424844714, "end": 29424844719},
       "maxRSS": {
        "post": 16772,
        "pre": 16772
       },
       "num-tuples": 30,
       "recursive-rule": {
        "p(x,y) :- \n   p(x,z),\n   base(z,y).": {
         "0": {
          "maxRSS": {
           "post": 16772,
           "pre": 16772
          },
          "num-tuples": 30,
          "runtime": { "start": 29424844675, "end": 29424844687},
          "source-locator": "/root/compiler/tests/corpus/CULPRIT_CANDIDATES/cc_third_relation.dl [20:1-20:29]"
         }
        }
       },
       "runtime": { "start": 29424844666, "end": 29424844695}
      },
      "5": {
       "copytime": { "start": 29424844767, "end": 29424844771},
       "maxRSS": {
        "post": 16772,
        "pre": 16772
       },
       "num-tuples": 28,
       "recursive-rule": {
        "p(x,y) :- \n   p(x,z),\n   base(z,y).": {
         "0": {
          "maxRSS": {
           "post": 16772,
           "pre": 16772
          },
          "num-tuples": 28,
          "runtime": { "start": 29424844731, "end": 29424844740},
          "source-locator": "/root/compiler/tests/corpus/CULPRIT_CANDIDATES/cc_third_relation.dl [20:1-20:29]"
         }
        }
       },
       "runtime": { "start": 29424844722, "end": 29424844748}
      },
      "6": {
       "copytime": { "start": 29424844818, "end": 29424844821},
       "maxRSS": {
        "post": 16772,
        "pre": 16772
       },
       "num-tuples": 15,
       "recursive-rule": {
        "p(x,y) :- \n   p(x,z),\n   base(z,y).": {
         "0": {
          "maxRSS": {
           "post": 16772,
           "pre": 16772
          },
          "num-tuples": 15,
          "runtime": { "start": 29424844784, "end": 29424844791},
          "source-locator": "/root/compiler/tests/corpus/CULPRIT_CANDIDATES/cc_third_relation.dl [20:1-20:29]"
         }
        }
       },
       "runtime": { "start": 29424844774, "end": 29424844799}
      },
      "7": {
       "copytime": { "start": 29424844853, "end": 29424844857},
       "maxRSS": {
        "post": 16772,
        "pre": 16772
       },
       "num-tuples": 7,
       "recursive-rule": {
        "p(x,y) :- \n   p(x,z),\n   base(z,y).": {
         "0": {
          "maxRSS": {
           "post": 16772,
           "pre": 16772
          },
          "num-tuples": 7,
          "runtime": { "start": 29424844833, "end": 29424844838},
          "source-locator": "/root/compiler/tests/corpus/CULPRIT_CANDIDATES/cc_third_relation.dl [20:1-20:29]"
         }
        }
       },
       "runtime": { "start": 29424844824, "end": 29424844846}
      },
      "8": {
       "copytime": { "start": 29424844885, "end": 29424844886},
       "maxRSS": {
        "post": 16772,
        "pre": 16772
       },
       "num-tuples": 4,
       "recursive-rule": {
        "p(x,y) :- \n   p(x,z),\n   base(z,y).": {
         "0": {
          "maxRSS": {
           "post": 16772,
           "pre": 16772
          },
          "num-tuples": 4,
          "runtime": { "start": 29424844861, "end": 29424844863},
          "source-locator": "/root/compiler/tests/corpus/CULPRIT_CANDIDATES/cc_third_relation.dl [20:1-20:29]"
         }
        }
       },
       "runtime": { "start": 29424844860, "end": 29424844868}
      },
      "9": {
       "copytime": { "start": 29424844917, "end": 29424844918},
       "maxRSS": {
        "post": 16772,
        "pre": 16772
       },
       "num-tuples": 3,
       "recursive-rule": {
        "p(x,y) :- \n   p(x,z),\n   base(z,y).": {
         "0": {
          "maxRSS": {
           "post": 16772,
           "pre": 16772
          },
          "num-tuples": 3,
          "runtime": { "start": 29424844891, "end": 29424844893},
          "source-locator": "/root/compiler/tests/corpus/CULPRIT_CANDIDATES/cc_third_relation.dl [20:1-20:29]"
         }
        }
       },
       "runtime": { "start": 29424844890, "end": 29424844899}
      }
     },
     "maxRSS": {
      "post": 16772,
      "pre": 16772
     },
     "non-recursive-rule": {
      "p(x,y) :- \n   e(x,y).": {
       "atom-frequency": {
        "p(x,y) :- \n   e(x,y).": {
         "e": {
          "level": 0,
          "num-tuples": 0
         }
        }
       },
       "maxRSS": {
        "post": 16772,
        "pre": 16772
       },
       "num-tuples": 76,
       "runtime": { "start": 29424844332, "end": 29424844343},
       "source-locator": "/root/compiler/tests/corpus/CULPRIT_CANDIDATES/cc_third_relation.dl [19:1-19:18]"
      }
     },
     "num-tuples": 76,
     "reads": 698,
     "runtime": { "start": 29424844320, "end": 29424844352},
     "source-locator": "/root/compiler/tests/corpus/CULPRIT_CANDIDATES/cc_third_relation.dl [18:7-18:8]"
    },
    "q2": {
     "iteration": {
      "0": {
       "copytime": { "start": 29424845072, "end": 29424845074},
       "maxRSS": {
        "post": 16772,
        "pre": 16772
       },
       "num-tuples": 4,
       "recursive-rule": {
        "q2(x,y) :- \n   q2(x,z),\n   !s(z),\n   p(z,y).": {
         "0": {
          "atom-frequency": {
           "@new_q2(x,y) :- \n   @delta_q2(x,z),\n   !s(z),\n   p(z,y).": {
            "@delta_q2": {
             "level": 0,
             "num-tuples": 0
            },
            "p": {
             "level": 1,
             "num-tuples": 0
            }
           }
          },
          "maxRSS": {
           "post": 16772,
           "pre": 16772
          },
          "num-tuples": 4,
          "runtime": { "start": 29424845033, "end": 29424845044},
          "source-locator": "/root/compiler/tests/corpus/CULPRIT_CANDIDATES/cc_third_relation.dl [27:1-27:35]"
         }
        }
       },
       "runtime": { "start": 29424845024, "end": 29424845052}
      },
      "1": {
       "maxRSS": {
        "post": 16772,
        "pre": 16772
       },
       "num-tuples": 0,
       "recursive-rule": {
        "q2(x,y) :- \n   q2(x,z),\n   !s(z),\n   p(z,y).": {
         "0": {
          "maxRSS": {
           "post": 16772,
           "pre": 16772
          },
          "num-tuples": 0,
          "runtime": { "start": 29424845077, "end": 29424845079},
          "source-locator": "/root/compiler/tests/corpus/CULPRIT_CANDIDATES/cc_third_relation.dl [27:1-27:35]"
         }
        }
       },
       "runtime": { "start": 29424845077, "end": 29424845085}
      }
     },
     "maxRSS": {
      "post": 16772,
      "pre": 16772
     },
     "non-recursive-rule": {
      "q2(x,y) :- \n   base(x,y).": {
       "atom-frequency": {
        "q2(x,y) :- \n   base(x,y).": {
         "base": {
          "level": 0,
          "num-tuples": 0
         }
        }
       },
       "maxRSS": {
        "post": 16772,
        "pre": 16772
       },
       "num-tuples": 75,
       "runtime": { "start": 29424845004, "end": 29424845008},
       "source-locator": "/root/compiler/tests/corpus/CULPRIT_CANDIDATES/cc_third_relation.dl [26:1-26:22]"
      }
     },
     "num-tuples": 75,
     "reads": 4,
     "runtime": { "start": 29424844995, "end": 29424845016},
     "source-locator": "/root/compiler/tests/corpus/CULPRIT_CANDIDATES/cc_third_relation.dl [25:7-25:9]"
    },
    "s": {
     "maxRSS": {
      "post": 16772,
      "pre": 16772
     },
     "non-recursive-rule": {
      "s(x) :- \n   p(x,y),\n   blocked(y).": {
       "atom-frequency": {
        "s(x) :- \n   p(x,y),\n   blocked(y).": {
         "p": {
          "level": 0,
          "num-tuples": 0
         }
        }
       },
       "maxRSS": {
        "post": 16772,
        "pre": 16772
       },
       "num-tuples": 35,
       "runtime": { "start": 29424844961, "end": 29424844984},
       "source-locator": "/root/compiler/tests/corpus/CULPRIT_CANDIDATES/cc_third_relation.dl [23:1-23:28]"
      }
     },
     "num-tuples": 35,
     "reads": 79,
     "runtime": { "start": 29424844961, "end": 29424844991},
     "source-locator": "/root/compiler/tests/corpus/CULPRIT_CANDIDATES/cc_third_relation.dl [22:7-22:8]"
    }
   },
   "runtime": { "start": 29424843563, "end": 29424845212},
   "starttime": { "time": 29424843532},
   "usage": {
    "timepoint": {
     "29424843546": {
      "maxRSS": 16772,
      "systemtime": 2816,
      "usertime": 0
     },
     "29424843577": {
      "maxRSS": 16772,
      "systemtime": 4677,
      "usertime": 0
     },
     "29424843889": {
      "maxRSS": 16772,
      "systemtime": 4983,
      "usertime": 0
     },
     "29424844111": {
      "maxRSS": 16772,
      "systemtime": 5196,
      "usertime": 0
     },
     "29424844342": {
      "maxRSS": 16772,
      "systemtime": 5476,
      "usertime": 0
     },
     "29424844376": {
      "maxRSS": 16772,
      "systemtime": 5525,
      "usertime": 0
     },
     "29424844432": {
      "maxRSS": 16772,
      "systemtime": 5588,
      "usertime": 0
     },
     "29424844469": {
      "maxRSS": 16772,
      "systemtime": 5635,
      "usertime": 0
     },
     "29424844515": {
      "maxRSS": 16772,
      "systemtime": 5700,
      "usertime": 0
     },
     "29424844543": {
      "maxRSS": 16772,
      "systemtime": 5734,
      "usertime": 0
     },
     "29424844590": {
      "maxRSS": 16772,
      "systemtime": 5795,
      "usertime": 0
     },
     "29424844616": {
      "maxRSS": 16772,
      "systemtime": 5825,
      "usertime": 0
     },
     "29424844656": {
      "maxRSS": 16772,
      "systemtime": 5871,
      "usertime": 0
     },
     "29424844683": {
      "maxRSS": 16772,
      "systemtime": 5905,
      "usertime": 0
     },
     "29424844715": {
      "maxRSS": 16772,
      "systemtime": 5956,
      "usertime": 0
     },
     "29424844736": {
      "maxRSS": 16772,
      "systemtime": 5981,
      "usertime": 0
     },
     "29424844767": {
      "maxRSS": 16772,
      "systemtime": 6024,
      "usertime": 0
     },
     "29424844790": {
      "maxRSS": 16772,
      "systemtime": 6049,
      "usertime": 0
     },
     "29424844817": {
      "maxRSS": 16772,
      "systemtime": 6085,
      "usertime": 0
     },
     "29424844843": {
      "maxRSS": 16772,
      "systemtime": 6120,
      "usertime": 0
     },
     "29424844859": {
      "maxRSS": 16772,
      "systemtime": 6153,
      "usertime": 0
     },
     "29424844886": {
      "maxRSS": 16772,
      "systemtime": 6188,
      "usertime": 0
     },
     "29424844891": {
      "maxRSS": 16772,
      "systemtime": 6198,
      "usertime": 0
     },
     "29424844916": {
      "maxRSS": 16772,
      "systemtime": 6223,
      "usertime": 0
     },
     "29424844936": {
      "maxRSS": 16772,
      "systemtime": 6251,
      "usertime": 0
     },
     "29424844959": {
      "maxRSS": 16772,
      "systemtime": 6279,
      "usertime": 0
     },
     "29424845009": {
      "maxRSS": 16772,
      "systemtime": 6341,
      "usertime": 0
     },
     "29424845038": {
      "maxRSS": 16772,
      "systemtime": 6373,
      "usertime": 0
     },
     "29424845074": {
      "maxRSS": 16772,
      "systemtime": 6421,
      "usertime": 0
     },
     "29424845103": {
      "maxRSS": 16772,
      "systemtime": 6453,
      "usertime": 0
     },
     "29424845107": {
      "maxRSS": 16772,
      "systemtime": 6467,
      "usertime": 0
     },
     "29424845134": {
      "maxRSS": 16772,
      "systemtime": 6485,
      "usertime": 0
     }
    }
   }
  }
 }
}
