{
 "root": {
  "program": {
   "configuration": {
    "": "/root/compiler/tests/corpus/BENCHMARK_FAMILY/culprit_cycle.dl",
    "fact-dir": "/root/compiler/fixtures/benchmark-family/culprit_cycle/n200",
    "include-dir": ".",
    "jobs": "1",
    "libraries": "functors",
    "library-dir": ".",
    "magic-transform": "*",
    "output-dir": "/root/compiler/measurements/m3-5-headline/family/culprit_cycle/n200/souffle",
    "profile": "prof.log",
    "relationCount": "6",
    "ruleCount": "21",
    "version": "2.5",
    "warn": "all",
    "wno": "none"
   },
   "relation": {
    "@magic.@poscopy_1.q.{ff}": {
     "maxRSS": {
      "post": 16368,
      "pre": 16368
     },
     "non-recursive-rule": {
      "@magic.@poscopy_1.q.{ff}().": {
       "maxRSS": {
        "post": 16368,
        "pre": 16368
       },
       "num-tuples": 1,
       "runtime": { "start": 29334392712, "end": 29334392717},
       "source-locator": " [1:1-1:1]"
      }
     },
     "num-tuples": 1,
     "runtime": { "start": 29334392706, "end": 29334392727},
     "source-locator": " [1:1-1:1]"
    },
    "@magic.p.{bf}": {
     "maxRSS": {
      "post": 16368,
      "pre": 16368
     },
     "non-recursive-rule": {
      "@magic.p.{bf}(1).": {
       "maxRSS": {
        "post": 16368,
        "pre": 16368
       },
       "num-tuples": 1,
       "runtime": { "start": 29334392741, "end": 29334392745},
       "source-locator": " [1:1-1:1]"
      }
     },
     "num-tuples": 1,
     "runtime": { "start": 29334392732, "end": 29334392754},
     "source-locator": " [1:1-1:1]"
    },
    "@magic.q.{bf}": {
     "iteration": {
      "0": {
       "copytime": { "start": 29334396812, "end": 29334396822},
       "maxRSS": {
        "post": 16368,
        "pre": 16368
       },
       "num-tuples": 1,
       "recursive-rule": {
        "@magic.q.{bf}(z) :- \n   @magic.p.{bf}(x),\n   p.{bf}(x,z).": {
         "0": {
          "atom-frequency": {
           "@new_@magic.q.{bf}(z) :- \n   @magic.p.{bf}(x),\n   @delta_p.{bf}(x,z).": {
            "@delta_p.{bf}": {
             "level": 1,
             "num-tuples": 0
            },
            "@magic.p.{bf}": {
             "level": 0,
             "num-tuples": 0
            }
           }
          },
          "maxRSS": {
           "post": 16368,
           "pre": 16368
          },
          "num-tuples": 1,
          "runtime": { "start": 29334396687, "end": 29334396689},
          "source-locator": " [1:1-1:1]"
         }
        }
       },
       "runtime": { "start": 29334396677, "end": 29334396698}
      },
      "1": {
       "copytime": { "start": 29334396961, "end": 29334396962},
       "maxRSS": {
        "post": 16368,
        "pre": 16368
       },
       "num-tuples": 0,
       "recursive-rule": {
        "@magic.q.{bf}(z) :- \n   @magic.p.{bf}(x),\n   p.{bf}(x,z).": {
         "0": {
          "maxRSS": {
           "post": 16368,
           "pre": 16368
          },
          "num-tuples": 0,
          "runtime": { "start": 29334396842, "end": 29334396843},
          "source-locator": " [1:1-1:1]"
         }
        }
       },
       "runtime": { "start": 29334396833, "end": 29334396851}
      },
      "2": {
       "copytime": { "start": 29334397098, "end": 29334397099},
       "maxRSS": {
        "post": 16368,
        "pre": 16368
       },
       "num-tuples": 0,
       "recursive-rule": {
        "@magic.q.{bf}(z) :- \n   @magic.p.{bf}(x),\n   p.{bf}(x,z).": {
         "0": {
          "maxRSS": {
           "post": 16368,
           "pre": 16368
          },
          "num-tuples": 0,
          "runtime": { "start": 29334396970, "end": 29334396970},
          "source-locator": " [1:1-1:1]"
         }
        }
       },
       "runtime": { "start": 29334396969, "end": 29334396976}
      },
      "3": {
       "copytime": { "start": 29334397209, "end": 29334397210},
       "maxRSS": {
        "post": 16368,
        "pre": 16368
       },
       "num-tuples": 1,
       "recursive-rule": {
        "@magic.q.{bf}(z) :- \n   @magic.p.{bf}(x),\n   p.{bf}(x,z).": {
         "0": {
          "maxRSS": {
           "post": 16368,
           "pre": 16368
          },
          "num-tuples": 1,
          "runtime": { "start": 29334397120, "end": 29334397121},
          "source-locator": " [1:1-1:1]"
         }
        }
       },
       "runtime": { "start": 29334397119, "end": 29334397128}
      },
      "4": {
       "maxRSS": {
        "post": 16368,
        "pre": 16368
       },
       "num-tuples": 0,
       "recursive-rule": {
        "@magic.q.{bf}(z) :- \n   @magic.p.{bf}(x),\n   p.{bf}(x,z).": {
         "0": {
          "maxRSS": {
           "post": 16368,
           "pre": 16368
          },
          "num-tuples": 0,
          "runtime": { "start": 29334397217, "end": 29334397218},
          "source-locator": " [1:1-1:1]"
         }
        }
       },
       "runtime": { "start": 29334397217, "end": 29334397223}
      }
     },
     "num-tuples": 0,
     "source-locator": " [1:1-1:1]"
    },
    "@neglabel.s": {
     "maxRSS": {
      "post": 16368,
      "pre": 16368
     },
     "non-recursive-rule": {
      "@neglabel.s(x) :- \n   @poscopy_1.q.{ff}(x,y),\n   blocked(y).": {
       "atom-frequency": {
        "@neglabel.s(x) :- \n   @poscopy_1.q.{ff}(x,y),\n   blocked(y).": {
         "@poscopy_1.q.{ff}": {
          "level": 0,
          "num-tuples": 0
         }
        }
       },
       "maxRSS": {
        "post": 16368,
        "pre": 16368
       },
       "num-tuples": 120,
       "runtime": { "start": 29334396379, "end": 29334396617},
       "source-locator": " [1:1-1:1]"
      }
     },
     "num-tuples": 120,
     "runtime": { "start": 29334396378, "end": 29334396624},
     "source-locator": "/root/compiler/tests/corpus/BENCHMARK_FAMILY/culprit_cycle.dl [24:7-24:8]"
    },
    "@poscopy_1.q.{ff}": {
     "iteration": {
      "0": {
       "copytime": { "start": 29334393225, "end": 29334393260},
       "maxRSS": {
        "post": 16368,
        "pre": 16368
       },
       "num-tuples": 420,
       "recursive-rule": {
        "@poscopy_1.q.{ff}(x,y) :- \n   @magic.@poscopy_1.q.{ff}(),\n   @poscopy_1.q.{ff}(x,z),\n   base(z,y).": {
         "0": {
          "atom-frequency": {
           "@new_@poscopy_1.q.{ff}(x,y) :- \n   @magic.@poscopy_1.q.{ff}(),\n   @delta_@poscopy_1.q.{ff}(x,z),\n   base(z,y).": {
            "@delta_@poscopy_1.q.{ff}": {
             "level": 1,
             "num-tuples": 0
            },
            "base": {
             "level": 2,
             "num-tuples": 0
            }
           }
          },
          "maxRSS": {
           "post": 16368,
           "pre": 16368
          },
          "num-tuples": 420,
          "runtime": { "start": 29334393100, "end": 29334393191},
          "source-locator": " [1:1-1:1]"
         }
        }
       },
       "runtime": { "start": 29334393091, "end": 29334393203}
      },
      "1": {
       "copytime": { "start": 29334393416, "end": 29334393460},
       "maxRSS": {
        "post": 16368,
        "pre": 16368
       },
       "num-tuples": 526,
       "recursive-rule": {
        "@poscopy_1.q.{ff}(x,y) :- \n   @magic.@poscopy_1.q.{ff}(),\n   @poscopy_1.q.{ff}(x,z),\n   base(z,y).": {
         "0": {
          "maxRSS": {
           "post": 16368,
           "pre": 16368
          },
          "num-tuples": 526,
          "runtime": { "start": 29334393274, "end": 29334393386},
          "source-locator": " [1:1-1:1]"
         }
        }
       },
       "runtime": { "start": 29334393264, "end": 29334393395}
      },
      "10": {
       "copytime": { "start": 29334395589, "end": 29334395621},
       "maxRSS": {
        "post": 16368,
        "pre": 16368
       },
       "num-tuples": 220,
       "recursive-rule": {
        "@poscopy_1.q.{ff}(x,y) :- \n   @magic.@poscopy_1.q.{ff}(),\n   @poscopy_1.q.{ff}(x,z),\n   base(z,y).": {
         "0": {
          "maxRSS": {
           "post": 16368,
           "pre": 16368
          },
          "num-tuples": 220,
          "runtime": { "start": 29334395492, "end": 29334395559},
          "source-locator": " [1:1-1:1]"
         }
        }
       },
       "runtime": { "start": 29334395482, "end": 29334395569}
      },
      "11": {
       "copytime": { "start": 29334395717, "end": 29334395736},
       "maxRSS": {
        "post": 16368,
        "pre": 16368
       },
       "num-tuples": 144,
       "recursive-rule": {
        "@poscopy_1.q.{ff}(x,y) :- \n   @magic.@poscopy_1.q.{ff}(),\n   @poscopy_1.q.{ff}(x,z),\n   base(z,y).": {
         "0": {
          "maxRSS": {
           "post": 16368,
           "pre": 16368
          },
          "num-tuples": 144,
          "runtime": { "start": 29334395635, "end": 29334395684},
          "source-locator": " [1:1-1:1]"
         }
        }
       },
       "runtime": { "start": 29334395626, "end": 29334395693}
      },
      "12": {
       "copytime": { "start": 29334395810, "end": 29334395826},
       "maxRSS": {
        "post": 16368,
        "pre": 16368
       },
       "num-tuples": 106,
       "recursive-rule": {
        "@poscopy_1.q.{ff}(x,y) :- \n   @magic.@poscopy_1.q.{ff}(),\n   @poscopy_1.q.{ff}(x,z),\n   base(z,y).": {
         "0": {
          "maxRSS": {
           "post": 16368,
           "pre": 16368
          },
          "num-tuples": 106,
          "runtime": { "start": 29334395748, "end": 29334395781},
          "source-locator": " [1:1-1:1]"
         }
        }
       },
       "runtime": { "start": 29334395739, "end": 29334395790}
      },
      "13": {
       "copytime": { "start": 29334395893, "end": 29334395907},
       "maxRSS": {
        "post": 16368,
        "pre": 16368
       },
       "num-tuples": 93,
       "recursive-rule": {
        "@poscopy_1.q.{ff}(x,y) :- \n   @magic.@poscopy_1.q.{ff}(),\n   @poscopy_1.q.{ff}(x,z),\n   base(z,y).": {
         "0": {
          "maxRSS": {
           "post": 16368,
           "pre": 16368
          },
          "num-tuples": 93,
          "runtime": { "start": 29334395839, "end": 29334395865},
          "source-locator": " [1:1-1:1]"
         }
        }
       },
       "runtime": { "start": 29334395829, "end": 29334395874}
      },
      "14": {
       "copytime": { "start": 29334395974, "end": 29334395987},
       "maxRSS": {
        "post": 16368,
        "pre": 16368
       },
       "num-tuples": 99,
       "recursive-rule": {
        "@poscopy_1.q.{ff}(x,y) :- \n   @magic.@poscopy_1.q.{ff}(),\n   @poscopy_1.q.{ff}(x,z),\n   base(z,y).": {
         "0": {
          "maxRSS": {
           "post": 16368,
           "pre": 16368
          },
          "num-tuples": 99,
          "runtime": { "start": 29334395921, "end": 29334395945},
          "source-locator": " [1:1-1:1]"
         }
        }
       },
       "runtime": { "start": 29334395911, "end": 29334395954}
      },
      "15": {
       "copytime": { "start": 29334396086, "end": 29334396100},
       "maxRSS": {
        "post": 16368,
        "pre": 16368
       },
       "num-tuples": 100,
       "recursive-rule": {
        "@poscopy_1.q.{ff}(x,y) :- \n   @magic.@poscopy_1.q.{ff}(),\n   @poscopy_1.q.{ff}(x,z),\n   base(z,y).": {
         "0": {
          "maxRSS": {
           "post": 16368,
           "pre": 16368
          },
          "num-tuples": 100,
          "runtime": { "start": 29334396029, "end": 29334396055},
          "source-locator": " [1:1-1:1]"
         }
        }
       },
       "runtime": { "start": 29334395991, "end": 29334396066}
      },
      "16": {
       "copytime": { "start": 29334396173, "end": 29334396186},
       "maxRSS": {
        "post": 16368,
        "pre": 16368
       },
       "num-tuples": 78,
       "recursive-rule": {
        "@poscopy_1.q.{ff}(x,y) :- \n   @magic.@poscopy_1.q.{ff}(),\n   @poscopy_1.q.{ff}(x,z),\n   base(z,y).": {
         "0": {
          "maxRSS": {
           "post": 16368,
           "pre": 16368
          },
          "num-tuples": 78,
          "runtime": { "start": 29334396123, "end": 29334396144},
          "source-locator": " [1:1-1:1]"
         }
        }
       },
       "runtime": { "start": 29334396104, "end": 29334396153}
      },
      "17": {
       "copytime": { "start": 29334396247, "end": 29334396254},
       "maxRSS": {
        "post": 16368,
        "pre": 16368
       },
       "num-tuples": 36,
       "recursive-rule": {
        "@poscopy_1.q.{ff}(x,y) :- \n   @magic.@poscopy_1.q.{ff}(),\n   @poscopy_1.q.{ff}(x,z),\n   base(z,y).": {
         "0": {
          "maxRSS": {
           "post": 16368,
           "pre": 16368
          },
          "num-tuples": 36,
          "runtime": { "start": 29334396200, "end": 29334396217},
          "source-locator": " [1:1-1:1]"
         }
        }
       },
       "runtime": { "start": 29334396190, "end": 29334396226}
      },
      "18": {
       "copytime": { "start": 29334396293, "end": 29334396298},
       "maxRSS": {
        "post": 16368,
        "pre": 16368
       },
       "num-tuples": 13,
       "recursive-rule": {
        "@poscopy_1.q.{ff}(x,y) :- \n   @magic.@poscopy_1.q.{ff}(),\n   @poscopy_1.q.{ff}(x,z),\n   base(z,y).": {
         "0": {
          "maxRSS": {
           "post": 16368,
           "pre": 16368
          },
          "num-tuples": 13,
          "runtime": { "start": 29334396268, "end": 29334396275},
          "source-locator": " [1:1-1:1]"
         }
        }
       },
       "runtime": { "start": 29334396259, "end": 29334396285}
      },
      "19": {
       "copytime": { "start": 29334396328, "end": 29334396329},
       "maxRSS": {
        "post": 16368,
        "pre": 16368
       },
       "num-tuples": 2,
       "recursive-rule": {
        "@poscopy_1.q.{ff}(x,y) :- \n   @magic.@poscopy_1.q.{ff}(),\n   @poscopy_1.q.{ff}(x,z),\n   base(z,y).": {
         "0": {
          "maxRSS": {
           "post": 16368,
           "pre": 16368
          },
          "num-tuples": 2,
          "runtime": { "start": 29334396302, "end": 29334396304},
          "source-locator": " [1:1-1:1]"
         }
        }
       },
       "runtime": { "start": 29334396301, "end": 29334396311}
      },
      "2": {
       "copytime": { "start": 29334393634, "end": 29334393696},
       "maxRSS": {
        "post": 16368,
        "pre": 16368
       },
       "num-tuples": 664,
       "recursive-rule": {
        "@poscopy_1.q.{ff}(x,y) :- \n   @magic.@poscopy_1.q.{ff}(),\n   @poscopy_1.q.{ff}(x,z),\n   base(z,y).": {
         "0": {
          "maxRSS": {
           "post": 16368,
           "pre": 16368
          },
          "num-tuples": 664,
          "runtime": { "start": 29334393474, "end": 29334393607},
          "source-locator": " [1:1-1:1]"
         }
        }
       },
       "runtime": { "start": 29334393464, "end": 29334393615}
      },
      "20": {
       "maxRSS": {
        "post": 16368,
        "pre": 16368
       },
       "num-tuples": 0,
       "recursive-rule": {
        "@poscopy_1.q.{ff}(x,y) :- \n   @magic.@poscopy_1.q.{ff}(),\n   @poscopy_1.q.{ff}(x,z),\n   base(z,y).": {
         "0": {
          "maxRSS": {
           "post": 16368,
           "pre": 16368
          },
          "num-tuples": 0,
          "runtime": { "start": 29334396346, "end": 29334396347},
          "source-locator": " [1:1-1:1]"
         }
        }
       },
       "runtime": { "start": 29334396334, "end": 29334396357}
      },
      "3": {
       "copytime": { "start": 29334393900, "end": 29334393976},
       "maxRSS": {
        "post": 16368,
        "pre": 16368
       },
       "num-tuples": 760,
       "recursive-rule": {
        "@poscopy_1.q.{ff}(x,y) :- \n   @magic.@poscopy_1.q.{ff}(),\n   @poscopy_1.q.{ff}(x,z),\n   base(z,y).": {
         "0": {
          "maxRSS": {
           "post": 16368,
           "pre": 16368
          },
          "num-tuples": 760,
          "runtime": { "start": 29334393710, "end": 29334393872},
          "source-locator": " [1:1-1:1]"
         }
        }
       },
       "runtime": { "start": 29334393700, "end": 29334393880}
      },
      "4": {
       "copytime": { "start": 29334394197, "end": 29334394276},
       "maxRSS": {
        "post": 16368,
        "pre": 16368
       },
       "num-tuples": 774,
       "recursive-rule": {
        "@poscopy_1.q.{ff}(x,y) :- \n   @magic.@poscopy_1.q.{ff}(),\n   @poscopy_1.q.{ff}(x,z),\n   base(z,y).": {
         "0": {
          "maxRSS": {
           "post": 16368,
           "pre": 16368
          },
          "num-tuples": 774,
          "runtime": { "start": 29334393989, "end": 29334394167},
          "source-locator": " [1:1-1:1]"
         }
        }
       },
       "runtime": { "start": 29334393980, "end": 29334394176}
      },
      "5": {
       "copytime": { "start": 29334394483, "end": 29334394564},
       "maxRSS": {
        "post": 16368,
        "pre": 16368
       },
       "num-tuples": 700,
       "recursive-rule": {
        "@poscopy_1.q.{ff}(x,y) :- \n   @magic.@poscopy_1.q.{ff}(),\n   @poscopy_1.q.{ff}(x,z),\n   base(z,y).": {
         "0": {
          "maxRSS": {
           "post": 16368,
           "pre": 16368
          },
          "num-tuples": 700,
          "runtime": { "start": 29334394289, "end": 29334394455},
          "source-locator": " [1:1-1:1]"
         }
        }
       },
       "runtime": { "start": 29334394280, "end": 29334394463}
      },
      "6": {
       "copytime": { "start": 29334394763, "end": 29334394846},
       "maxRSS": {
        "post": 16368,
        "pre": 16368
       },
       "num-tuples": 624,
       "recursive-rule": {
        "@poscopy_1.q.{ff}(x,y) :- \n   @magic.@poscopy_1.q.{ff}(),\n   @poscopy_1.q.{ff}(x,z),\n   base(z,y).": {
         "0": {
          "maxRSS": {
           "post": 16368,
           "pre": 16368
          },
          "num-tuples": 624,
          "runtime": { "start": 29334394577, "end": 29334394733},
          "source-locator": " [1:1-1:1]"
         }
        }
       },
       "runtime": { "start": 29334394567, "end": 29334394743}
      },
      "7": {
       "copytime": { "start": 29334395026, "end": 29334395089},
       "maxRSS": {
        "post": 16368,
        "pre": 16368
       },
       "num-tuples": 515,
       "recursive-rule": {
        "@poscopy_1.q.{ff}(x,y) :- \n   @magic.@poscopy_1.q.{ff}(),\n   @poscopy_1.q.{ff}(x,z),\n   base(z,y).": {
         "0": {
          "maxRSS": {
           "post": 16368,
           "pre": 16368
          },
          "num-tuples": 515,
          "runtime": { "start": 29334394860, "end": 29334394997},
          "source-locator": " [1:1-1:1]"
         }
        }
       },
       "runtime": { "start": 29334394850, "end": 29334395006}
      },
      "8": {
       "copytime": { "start": 29334395248, "end": 29334395294},
       "maxRSS": {
        "post": 16368,
        "pre": 16368
       },
       "num-tuples": 411,
       "recursive-rule": {
        "@poscopy_1.q.{ff}(x,y) :- \n   @magic.@poscopy_1.q.{ff}(),\n   @poscopy_1.q.{ff}(x,z),\n   base(z,y).": {
         "0": {
          "maxRSS": {
           "post": 16368,
           "pre": 16368
          },
          "num-tuples": 411,
          "runtime": { "start": 29334395102, "end": 29334395218},
          "source-locator": " [1:1-1:1]"
         }
        }
       },
       "runtime": { "start": 29334395093, "end": 29334395227}
      },
      "9": {
       "copytime": { "start": 29334395438, "end": 29334395479},
       "maxRSS": {
        "post": 16368,
        "pre": 16368
       },
       "num-tuples": 314,
       "recursive-rule": {
        "@poscopy_1.q.{ff}(x,y) :- \n   @magic.@poscopy_1.q.{ff}(),\n   @poscopy_1.q.{ff}(x,z),\n   base(z,y).": {
         "0": {
          "maxRSS": {
           "post": 16368,
           "pre": 16368
          },
          "num-tuples": 314,
          "runtime": { "start": 29334395315, "end": 29334395408},
          "source-locator": " [1:1-1:1]"
         }
        }
       },
       "runtime": { "start": 29334395298, "end": 29334395417}
      }
     },
     "maxRSS": {
      "post": 16368,
      "pre": 16368
     },
     "non-recursive-rule": {
      "@poscopy_1.q.{ff}(x,y) :- \n   @magic.@poscopy_1.q.{ff}(),\n   base(x,y).": {
       "atom-frequency": {
        "@poscopy_1.q.{ff}(x,y) :- \n   @magic.@poscopy_1.q.{ff}(),\n   base(x,y).": {
         "base": {
          "level": 1,
          "num-tuples": 0
         }
        }
       },
       "maxRSS": {
        "post": 16368,
        "pre": 16368
       },
       "num-tuples": 300,
       "runtime": { "start": 29334393047, "end": 29334393064},
       "source-locator": " [1:1-1:1]"
      }
     },
     "num-tuples": 300,
     "runtime": { "start": 29334393038, "end": 29334393072},
     "source-locator": " [1:1-1:1]"
    },
    "base": {
     "loadtime": { "start": 29334392758, "end": 29334392909},
     "num-tuples": 300,
     "reads": 0,
     "source-locator": "/root/compiler/tests/corpus/BENCHMARK_FAMILY/culprit_cycle.dl [16:7-16:11]"
    },
    "blocked": {
     "loadtime": { "start": 29334392917, "end": 29334392945},
     "num-tuples": 33,
     "reads": 6899,
     "source-locator": "/root/compiler/tests/corpus/BENCHMARK_FAMILY/culprit_cycle.dl [18:7-18:14]"
    },
    "e": {
     "loadtime": { "start": 29334392951, "end": 29334393032},
     "num-tuples": 300,
     "reads": 0,
     "source-locator": "/root/compiler/tests/corpus/BENCHMARK_FAMILY/culprit_cycle.dl [17:7-17:8]"
    },
    "out": {
     "maxRSS": {
      "post": 16368,
      "pre": 16368
     },
     "non-recursive-rule": {
      "out(y) :- \n   p.{bf}(@abdul0,y),\n   @abdul0 = 1.": {
       "atom-frequency": {
        "out(y) :- \n   p.{bf}(@abdul0,y),\n   @abdul0 = 1.": {
         "p.{bf}": {
          "level": 0,
          "num-tuples": 0
         }
        }
       },
       "maxRSS": {
        "post": 16368,
        "pre": 16368
       },
       "num-tuples": 2,
       "runtime": { "start": 29334397289, "end": 29334397291},
       "source-locator": " [1:1-1:1]"
      }
     },
     "num-tuples": 2,
     "reads": 0,
     "runtime": { "start": 29334397281, "end": 29334397298},
     "savetime": { "start": 29334397303, "end": 29334397408},
     "source-locator": "/root/compiler/tests/corpus/BENCHMARK_FAMILY/culprit_cycle.dl [31:7-31:10]"
    },
    "p.{bf}": {
     "iteration": {
      "0": {
       "copytime": { "start": 29334396826, "end": 29334396827},
       "maxRSS": {
        "post": 16368,
        "pre": 16368
       },
       "num-tuples": 0,
       "recursive-rule": {
        "p.{bf}(x,y) :- \n   @magic.p.{bf}(x),\n   p.{bf}(x,z),\n   !@neglabel.s(z),\n   q.{bf}(z,y).": {
         "0": {
          "atom-frequency": {
           "@new_p.{bf}(x,y) :- \n   @magic.p.{bf}(x),\n   @delta_p.{bf}(x,z),\n   !@neglabel.s(z),\n   q.{bf}(z,y).": {
            "@delta_p.{bf}": {
             "level": 1,
             "num-tuples": 0
            },
            "@magic.p.{bf}": {
             "level": 0,
             "num-tuples": 0
            },
            "q.{bf}": {
             "level": 2,
             "num-tuples": 0
            }
           }
          },
          "maxRSS": {
           "post": 16368,
           "pre": 16368
          },
          "num-tuples": 0,
          "runtime": { "start": 29334396712, "end": 29334396713},
          "source-locator": " [1:1-1:1]"
         },
         "1": {
          "atom-frequency": {
           "@new_p.{bf}(x,y) :- \n   @magic.p.{bf}(x),\n   p.{bf}(x,z),\n   !@neglabel.s(z),\n   @delta_q.{bf}(z,y).": {
            "@delta_q.{bf}": {
             "level": 2,
             "num-tuples": 0
            },
            "@magic.p.{bf}": {
             "level": 0,
             "num-tuples": 0
            },
            "p.{bf}": {
             "level": 1,
             "num-tuples": 0
            }
           }
          },
          "maxRSS": {
           "post": 16368,
           "pre": 16368
          },
          "num-tuples": 0,
          "runtime": { "start": 29334396722, "end": 29334396731},
          "source-locator": " [1:1-1:1]"
         }
        }
       },
       "runtime": { "start": 29334396702, "end": 29334396739}
      },
      "1": {
       "copytime": { "start": 29334396964, "end": 29334396965},
       "maxRSS": {
        "post": 16368,
        "pre": 16368
       },
       "num-tuples": 0,
       "recursive-rule": {
        "p.{bf}(x,y) :- \n   @magic.p.{bf}(x),\n   p.{bf}(x,z),\n   !@neglabel.s(z),\n   q.{bf}(z,y).": {
         "0": {
          "maxRSS": {
           "post": 16368,
           "pre": 16368
          },
          "num-tuples": 0,
          "runtime": { "start": 29334396864, "end": 29334396865},
          "source-locator": " [1:1-1:1]"
         },
         "1": {
          "maxRSS": {
           "post": 16368,
           "pre": 16368
          },
          "num-tuples": 0,
          "runtime": { "start": 29334396873, "end": 29334396882},
          "source-locator": " [1:1-1:1]"
         }
        }
       },
       "runtime": { "start": 29334396855, "end": 29334396890}
      },
      "2": {
       "copytime": { "start": 29334397102, "end": 29334397103},
       "maxRSS": {
        "post": 16368,
        "pre": 16368
       },
       "num-tuples": 1,
       "recursive-rule": {
        "p.{bf}(x,y) :- \n   @magic.p.{bf}(x),\n   p.{bf}(x,z),\n   !@neglabel.s(z),\n   q.{bf}(z,y).": {
         "0": {
          "maxRSS": {
           "post": 16368,
           "pre": 16368
          },
          "num-tuples": 0,
          "runtime": { "start": 29334396988, "end": 29334396989},
          "source-locator": " [1:1-1:1]"
         },
         "1": {
          "maxRSS": {
           "post": 16368,
           "pre": 16368
          },
          "num-tuples": 1,
          "runtime": { "start": 29334396997, "end": 29334397008},
          "source-locator": " [1:1-1:1]"
         }
        }
       },
       "runtime": { "start": 29334396979, "end": 29334397016}
      },
      "3": {
       "copytime": { "start": 29334397212, "end": 29334397213},
       "maxRSS": {
        "post": 16368,
        "pre": 16368
       },
       "num-tuples": 0,
       "recursive-rule": {
        "p.{bf}(x,y) :- \n   @magic.p.{bf}(x),\n   p.{bf}(x,z),\n   !@neglabel.s(z),\n   q.{bf}(z,y).": {
         "0": {
          "maxRSS": {
           "post": 16368,
           "pre": 16368
          },
          "num-tuples": 0,
          "runtime": { "start": 29334397140, "end": 29334397142},
          "source-locator": " [1:1-1:1]"
         },
         "1": {
          "maxRSS": {
           "post": 16368,
           "pre": 16368
          },
          "num-tuples": 0,
          "runtime": { "start": 29334397150, "end": 29334397159},
          "source-locator": " [1:1-1:1]"
         }
        }
       },
       "runtime": { "start": 29334397131, "end": 29334397167}
      },
      "4": {
       "maxRSS": {
        "post": 16368,
        "pre": 16368
       },
       "num-tuples": 0,
       "recursive-rule": {
        "p.{bf}(x,y) :- \n   @magic.p.{bf}(x),\n   p.{bf}(x,z),\n   !@neglabel.s(z),\n   q.{bf}(z,y).": {
         "0": {
          "maxRSS": {
           "post": 16368,
           "pre": 16368
          },
          "num-tuples": 0,
          "runtime": { "start": 29334397226, "end": 29334397227},
          "source-locator": " [1:1-1:1]"
         },
         "1": {
          "maxRSS": {
           "post": 16368,
           "pre": 16368
          },
          "num-tuples": 0,
          "runtime": { "start": 29334397231, "end": 29334397232},
          "source-locator": " [1:1-1:1]"
         }
        }
       },
       "runtime": { "start": 29334397226, "end": 29334397235}
      }
     },
     "maxRSS": {
      "post": 16368,
      "pre": 16368
     },
     "non-recursive-rule": {
      "p.{bf}(x,y) :- \n   @magic.p.{bf}(x),\n   e(x,y).": {
       "atom-frequency": {
        "p.{bf}(x,y) :- \n   @magic.p.{bf}(x),\n   e(x,y).": {
         "@magic.p.{bf}": {
          "level": 0,
          "num-tuples": 0
         },
         "e": {
          "level": 1,
          "num-tuples": 0
         }
        }
       },
       "maxRSS": {
        "post": 16368,
        "pre": 16368
       },
       "num-tuples": 1,
       "runtime": { "start": 29334396657, "end": 29334396659},
       "source-locator": " [1:1-1:1]"
      }
     },
     "num-tuples": 1,
     "reads": 1,
     "runtime": { "start": 29334396648, "end": 29334396669},
     "source-locator": " [1:1-1:1]"
    },
    "q.{bf}": {
     "iteration": {
      "0": {
       "copytime": { "start": 29334396830, "end": 29334396831},
       "maxRSS": {
        "post": 16368,
        "pre": 16368
       },
       "num-tuples": 0,
       "recursive-rule": {
        "q.{bf}(x,y) :- \n   @magic.q.{bf}(x),\n   base(x,y).": {
         "0": {
          "atom-frequency": {
           "@new_q.{bf}(x,y) :- \n   @delta_@magic.q.{bf}(x),\n   base(x,y).": {
            "@delta_@magic.q.{bf}": {
             "level": 0,
             "num-tuples": 0
            },
            "base": {
             "level": 1,
             "num-tuples": 0
            }
           }
          },
          "maxRSS": {
           "post": 16368,
           "pre": 16368
          },
          "num-tuples": 0,
          "runtime": { "start": 29334396753, "end": 29334396754},
          "source-locator": " [1:1-1:1]"
         }
        },
        "q.{bf}(x,y) :- \n   @magic.q.{bf}(x),\n   q.{bf}(x,z),\n   base(z,y).": {
         "0": {
          "atom-frequency": {
           "@new_q.{bf}(x,y) :- \n   @delta_@magic.q.{bf}(x),\n   q.{bf}(x,z),\n   base(z,y).": {
            "@delta_@magic.q.{bf}": {
             "level": 0,
             "num-tuples": 0
            },
            "base": {
             "level": 2,
             "num-tuples": 0
            },
            "q.{bf}": {
             "level": 1,
             "num-tuples": 0
            }
           }
          },
          "maxRSS": {
           "post": 16368,
           "pre": 16368
          },
          "num-tuples": 0,
          "runtime": { "start": 29334396762, "end": 29334396763},
          "source-locator": " [1:1-1:1]"
         },
         "1": {
          "atom-frequency": {
           "@new_q.{bf}(x,y) :- \n   @magic.q.{bf}(x),\n   @delta_q.{bf}(x,z),\n   base(z,y).": {
            "@delta_q.{bf}": {
             "level": 1,
             "num-tuples": 0
            },
            "@magic.q.{bf}": {
             "level": 0,
             "num-tuples": 0
            },
            "base": {
             "level": 2,
             "num-tuples": 0
            }
           }
          },
          "maxRSS": {
           "post": 16368,
           "pre": 16368
          },
          "num-tuples": 0,
          "runtime": { "start": 29334396768, "end": 29334396778},
          "source-locator": " [1:1-1:1]"
         }
        }
       },
       "runtime": { "start": 29334396744, "end": 29334396786}
      },
      "1": {
       "copytime": { "start": 29334396967, "end": 29334396967},
       "maxRSS": {
        "post": 16368,
        "pre": 16368
       },
       "num-tuples": 1,
       "recursive-rule": {
        "q.{bf}(x,y) :- \n   @magic.q.{bf}(x),\n   base(x,y).": {
         "0": {
          "maxRSS": {
           "post": 16368,
           "pre": 16368
          },
          "num-tuples": 1,
          "runtime": { "start": 29334396903, "end": 29334396905},
          "source-locator": " [1:1-1:1]"
         }
        },
        "q.{bf}(x,y) :- \n   @magic.q.{bf}(x),\n   q.{bf}(x,z),\n   base(z,y).": {
         "0": {
          "maxRSS": {
           "post": 16368,
           "pre": 16368
          },
          "num-tuples": 0,
          "runtime": { "start": 29334396912, "end": 29334396922},
          "source-locator": " [1:1-1:1]"
         },
         "1": {
          "maxRSS": {
           "post": 16368,
           "pre": 16368
          },
          "num-tuples": 0,
          "runtime": { "start": 29334396929, "end": 29334396931},
          "source-locator": " [1:1-1:1]"
         }
        }
       },
       "runtime": { "start": 29334396894, "end": 29334396936}
      },
      "2": {
       "copytime": { "start": 29334397106, "end": 29334397115},
       "maxRSS": {
        "post": 16368,
        "pre": 16368
       },
       "num-tuples": 0,
       "recursive-rule": {
        "q.{bf}(x,y) :- \n   @magic.q.{bf}(x),\n   base(x,y).": {
         "0": {
          "maxRSS": {
           "post": 16368,
           "pre": 16368
          },
          "num-tuples": 0,
          "runtime": { "start": 29334397029, "end": 29334397030},
          "source-locator": " [1:1-1:1]"
         }
        },
        "q.{bf}(x,y) :- \n   @magic.q.{bf}(x),\n   q.{bf}(x,z),\n   base(z,y).": {
         "0": {
          "maxRSS": {
           "post": 16368,
           "pre": 16368
          },
          "num-tuples": 0,
          "runtime": { "start": 29334397037, "end": 29334397038},
          "source-locator": " [1:1-1:1]"
         },
         "1": {
          "maxRSS": {
           "post": 16368,
           "pre": 16368
          },
          "num-tuples": 0,
          "runtime": { "start": 29334397043, "end": 29334397053},
          "source-locator": " [1:1-1:1]"
         }
        }
       },
       "runtime": { "start": 29334397020, "end": 29334397060}
      },
      "3": {
       "copytime": { "start": 29334397214, "end": 29334397215},
       "maxRSS": {
        "post": 16368,
        "pre": 16368
       },
       "num-tuples": 0,
       "recursive-rule": {
        "q.{bf}(x,y) :- \n   @magic.q.{bf}(x),\n   base(x,y).": {
         "0": {
          "maxRSS": {
           "post": 16368,
           "pre": 16368
          },
          "num-tuples": 0,
          "runtime": { "start": 29334397171, "end": 29334397172},
          "source-locator": " [1:1-1:1]"
         }
        },
        "q.{bf}(x,y) :- \n   @magic.q.{bf}(x),\n   q.{bf}(x,z),\n   base(z,y).": {
         "0": {
          "maxRSS": {
           "post": 16368,
           "pre": 16368
          },
          "num-tuples": 0,
          "runtime": { "start": 29334397176, "end": 29334397176},
          "source-locator": " [1:1-1:1]"
         },
         "1": {
          "maxRSS": {
           "post": 16368,
           "pre": 16368
          },
          "num-tuples": 0,
          "runtime": { "start": 29334397181, "end": 29334397182},
          "source-locator": " [1:1-1:1]"
         }
        }
       },
       "runtime": { "start": 29334397170, "end": 29334397186}
      },
      "4": {
       "maxRSS": {
        "post": 16368,
        "pre": 16368
       },
       "num-tuples": 0,
       "recursive-rule": {
        "q.{bf}(x,y) :- \n   @magic.q.{bf}(x),\n   base(x,y).": {
         "0": {
          "maxRSS": {
           "post": 16368,
           "pre": 16368
          },
          "num-tuples": 0,
          "runtime": { "start": 29334397239, "end": 29334397240},
          "source-locator": " [1:1-1:1]"
         }
        },
        "q.{bf}(x,y) :- \n   @magic.q.{bf}(x),\n   q.{bf}(x,z),\n   base(z,y).": {
         "0": {
          "maxRSS": {
           "post": 16368,
           "pre": 16368
          },
          "num-tuples": 0,
          "runtime": { "start": 29334397243, "end": 29334397245},
          "source-locator": " [1:1-1:1]"
         },
         "1": {
          "maxRSS": {
           "post": 16368,
           "pre": 16368
          },
          "num-tuples": 0,
          "runtime": { "start": 29334397249, "end": 29334397250},
          "source-locator": " [1:1-1:1]"
         }
        }
       },
       "runtime": { "start": 29334397238, "end": 29334397254}
      }
     },
     "num-tuples": 0,
     "reads": 1,
     "source-locator": " [1:1-1:1]"
    }
   },
   "runtime": { "start": 29334392690, "end": 29334397413},
   "starttime": { "time": 29334392648},
   "usage": {
    "timepoint": {
     "29334392664": {
      "maxRSS": 16368,
      "systemtime": 0,
      "usertime": 4922
     },
     "29334392710": {
      "maxRSS": 16368,
      "systemtime": 0,
      "usertime": 5639
     },
     "29334392745": {
      "maxRSS": 16368,
      "systemtime": 0,
      "usertime": 5697
     },
     "29334392772": {
      "maxRSS": 16368,
      "systemtime": 0,
      "usertime": 5718
     },
     "29334392932": {
      "maxRSS": 16368,
      "systemtime": 0,
      "usertime": 5884
     },
     "29334392965": {
      "maxRSS": 16368,
      "systemtime": 0,
      "usertime": 5939
     },
     "29334393051": {
      "maxRSS": 16368,
      "systemtime": 0,
      "usertime": 6041
     },
     "29334393104": {
      "maxRSS": 16368,
      "systemtime": 0,
      "usertime": 6102
     },
     "29334393224": {
      "maxRSS": 16368,
      "systemtime": 0,
      "usertime": 6229
     },
     "29334393284": {
      "maxRSS": 16368,
      "systemtime": 0,
      "usertime": 6294
     },
     "29334393418": {
      "maxRSS": 16368,
      "systemtime": 0,
      "usertime": 6450
     },
     "29334393480": {
      "maxRSS": 16368,
      "systemtime": 0,
      "usertime": 6517
     },
     "29334393633": {
      "maxRSS": 16368,
      "systemtime": 0,
      "usertime": 6678
     },
     "29334393714": {
      "maxRSS": 16368,
      "systemtime": 0,
      "usertime": 6766
     },
     "29334393899": {
      "maxRSS": 16368,
      "systemtime": 0,
      "usertime": 6959
     },
     "29334393993": {
      "maxRSS": 16368,
      "systemtime": 0,
      "usertime": 7061
     },
     "29334394195": {
      "maxRSS": 16368,
      "systemtime": 0,
      "usertime": 7269
     },
     "29334394299": {
      "maxRSS": 16368,
      "systemtime": 0,
      "usertime": 7374
     },
     "29334394483": {
      "maxRSS": 16368,
      "systemtime": 0,
      "usertime": 7575
     },
     "29334394585": {
      "maxRSS": 16368,
      "systemtime": 0,
      "usertime": 7679
     },
     "29334394762": {
      "maxRSS": 16368,
      "systemtime": 0,
      "usertime": 7868
     },
     "29334394864": {
      "maxRSS": 16368,
      "systemtime": 0,
      "usertime": 7978
     },
     "29334395025": {
      "maxRSS": 16368,
      "systemtime": 0,
      "usertime": 8146
     },
     "29334395106": {
      "maxRSS": 16368,
      "systemtime": 0,
      "usertime": 8234
     },
     "29334395248": {
      "maxRSS": 16368,
      "systemtime": 0,
      "usertime": 8388
     },
     "29334395311": {
      "maxRSS": 16368,
      "systemtime": 0,
      "usertime": 8448
     },
     "29334395448": {
      "maxRSS": 16368,
      "systemtime": 0,
      "usertime": 8603
     },
     "29334395497": {
      "maxRSS": 16368,
      "systemtime": 0,
      "usertime": 8668
     },
     "29334395591": {
      "maxRSS": 16368,
      "systemtime": 0,
      "usertime": 8774
     },
     "29334395639": {
      "maxRSS": 16368,
      "systemtime": 0,
      "usertime": 8827
     },
     "29334395715": {
      "maxRSS": 16368,
      "systemtime": 0,
      "usertime": 8908
     },
     "29334395752": {
      "maxRSS": 16368,
      "systemtime": 0,
      "usertime": 8951
     },
     "29334395811": {
      "maxRSS": 16368,
      "systemtime": 0,
      "usertime": 9022
     },
     "29334395845": {
      "maxRSS": 16368,
      "systemtime": 0,
      "usertime": 9059
     },
     "29334395891": {
      "maxRSS": 16368,
      "systemtime": 0,
      "usertime": 9113
     },
     "29334395924": {
      "maxRSS": 16368,
      "systemtime": 0,
      "usertime": 9153
     },
     "29334395973": {
      "maxRSS": 16368,
      "systemtime": 0,
      "usertime": 9204
     },
     "29334396057": {
      "maxRSS": 16368,
      "systemtime": 71,
      "usertime": 9232
     },
     "29334396090": {
      "maxRSS": 16368,
      "systemtime": 114,
      "usertime": 9232
     },
     "29334396130": {
      "maxRSS": 16368,
      "systemtime": 164,
      "usertime": 9232
     },
     "29334396172": {
      "maxRSS": 16368,
      "systemtime": 216,
      "usertime": 9232
     },
     "29334396208": {
      "maxRSS": 16368,
      "systemtime": 260,
      "usertime": 9232
     },
     "29334396245": {
      "maxRSS": 16368,
      "systemtime": 306,
      "usertime": 9232
     },
     "29334396283": {
      "maxRSS": 16368,
      "systemtime": 358,
      "usertime": 9232
     },
     "29334396298": {
      "maxRSS": 16368,
      "systemtime": 392,
      "usertime": 9232
     },
     "29334396328": {
      "maxRSS": 16368,
      "systemtime": 434,
      "usertime": 9232
     },
     "29334396350": {
      "maxRSS": 16368,
      "systemtime": 460,
      "usertime": 9232
     },
     "29334396375": {
      "maxRSS": 16368,
      "systemtime": 491,
      "usertime": 9232
     },
     "29334396381": {
      "maxRSS": 16368,
      "systemtime": 505,
      "usertime": 9232
     },
     "29334396665": {
      "maxRSS": 16368,
      "systemtime": 790,
      "usertime": 9232
     },
     "29334396691": {
      "maxRSS": 16368,
      "systemtime": 827,
      "usertime": 9232
     },
     "29334396715": {
      "maxRSS": 16368,
      "systemtime": 860,
      "usertime": 9232
     },
     "29334396738": {
      "maxRSS": 16368,
      "systemtime": 886,
      "usertime": 9232
     },
     "29334396759": {
      "maxRSS": 16368,
      "systemtime": 918,
      "usertime": 9232
     },
     "29334396784": {
      "maxRSS": 16368,
      "systemtime": 951,
      "usertime": 9232
     },
     "29334396805": {
      "maxRSS": 16368,
      "systemtime": 987,
      "usertime": 9232
     },
     "29334396825": {
      "maxRSS": 16368,
      "systemtime": 1011,
      "usertime": 9232
     },
     "29334396847": {
      "maxRSS": 16368,
      "systemtime": 1041,
      "usertime": 9232
     },
     "29334396868": {
      "maxRSS": 16368,
      "systemtime": 1070,
      "usertime": 9232
     },
     "29334396886": {
      "maxRSS": 16368,
      "systemtime": 1093,
      "usertime": 9232
     },
     "29334396908": {
      "maxRSS": 16368,
      "systemtime": 1123,
      "usertime": 9232
     },
     "29334396926": {
      "maxRSS": 16368,
      "systemtime": 1146,
      "usertime": 9232
     },
     "29334396931": {
      "maxRSS": 16368,
      "systemtime": 1161,
      "usertime": 9232
     },
     "29334396953": {
      "maxRSS": 16368,
      "systemtime": 1186,
      "usertime": 9232
     },
     "29334396959": {
      "maxRSS": 16368,
      "systemtime": 1203,
      "usertime": 9232
     },
     "29334396969": {
      "maxRSS": 16368,
      "systemtime": 1221,
      "usertime": 9232
     },
     "29334396992": {
      "maxRSS": 16368,
      "systemtime": 1250,
      "usertime": 9232
     },
     "29334397010": {
      "maxRSS": 16368,
      "systemtime": 1275,
      "usertime": 9232
     },
     "29334397033": {
      "maxRSS": 16368,
      "systemtime": 1303,
      "usertime": 9232
     },
     "29334397037": {
      "maxRSS": 16368,
      "systemtime": 1316,
      "usertime": 9232
     },
     "29334397057": {
      "maxRSS": 16368,
      "systemtime": 1338,
      "usertime": 9232
     },
     "29334397078": {
      "maxRSS": 16368,
      "systemtime": 1365,
      "usertime": 9232
     },
     "29334397100": {
      "maxRSS": 16368,
      "systemtime": 1401,
      "usertime": 9232
     },
     "29334397119": {
      "maxRSS": 16368,
      "systemtime": 1423,
      "usertime": 9232
     },
     "29334397144": {
      "maxRSS": 16368,
      "systemtime": 1456,
      "usertime": 9232
     },
     "29334397163": {
      "maxRSS": 16368,
      "systemtime": 1481,
      "usertime": 9232
     },
     "29334397181": {
      "maxRSS": 16368,
      "systemtime": 1522,
      "usertime": 9232
     },
     "29334397239": {
      "maxRSS": 16368,
      "systemtime": 1598,
      "usertime": 9232
     },
     "29334397246": {
      "maxRSS": 16368,
      "systemtime": 1611,
      "usertime": 9232
     },
     "29334397251": {
      "maxRSS": 16368,
      "systemtime": 1621,
      "usertime": 9232
     },
     "29334397271": {
      "maxRSS": 16368,
      "systemtime": 1649,
      "usertime": 9232
     },
     "29334397312": {
      "maxRSS": 16368,
      "systemtime": 1689,
      "usertime": 9232
     }
    }
   }
  }
 }
}
