{
 "root": {
  "program": {
   "configuration": {
    "": "/root/compiler/measurements/punch-list/p1-gate-b/cc_sibling_emptycone/emit/transformed.dl",
    "fact-dir": "/root/compiler/fixtures/cone_corpus/cc_sibling_emptycone/n20",
    "include-dir": ".",
    "jobs": "1",
    "libraries": "functors",
    "library-dir": ".",
    "output-dir": "/root/compiler/measurements/punch-list/p1-gate-b/cc_sibling_emptycone/candidate",
    "profile": "prof.log",
    "relationCount": "14",
    "ruleCount": "23",
    "version": "2.5",
    "warn": "all",
    "wno": "none"
   },
   "relation": {
    "base": {
     "loadtime": { "start": 21860199714, "end": 21860199795},
     "num-tuples": 30,
     "reads": 0,
     "source-locator": "/root/compiler/measurements/punch-list/p1-gate-b/cc_sibling_emptycone/emit/transformed.dl [1:7-1:11]"
    },
    "blocked": {
     "loadtime": { "start": 21860199805, "end": 21860199831},
     "num-tuples": 2,
     "reads": 199,
     "source-locator": "/root/compiler/measurements/punch-list/p1-gate-b/cc_sibling_emptycone/emit/transformed.dl [5:7-5:14]"
    },
    "e": {
     "loadtime": { "start": 21860199838, "end": 21860199868},
     "num-tuples": 31,
     "reads": 0,
     "source-locator": "/root/compiler/measurements/punch-list/p1-gate-b/cc_sibling_emptycone/emit/transformed.dl [3:7-3:8]"
    },
    "magic_tc_bf": {
     "maxRSS": {
      "post": 12204,
      "pre": 12204
     },
     "non-recursive-rule": {
      "magic_tc_bf(1).": {
       "maxRSS": {
        "post": 12204,
        "pre": 12204
       },
       "num-tuples": 1,
       "runtime": { "start": 21860199883, "end": 21860199886},
       "source-locator": "/root/compiler/measurements/punch-list/p1-gate-b/cc_sibling_emptycone/emit/transformed.dl [38:1-38:16]"
      }
     },
     "num-tuples": 1,
     "reads": 0,
     "runtime": { "start": 21860199874, "end": 21860199893},
     "source-locator": "/root/compiler/measurements/punch-list/p1-gate-b/cc_sibling_emptycone/emit/transformed.dl [23:7-23:18]"
    },
    "out": {
     "maxRSS": {
      "post": 12588,
      "pre": 12588
     },
     "non-recursive-rule": {
      "out(y) :- \n   p(1,y).": {
       "atom-frequency": {
        "out(y) :- \n   p(1,y).": {
         "p": {
          "level": 0,
          "num-tuples": 0
         }
        }
       },
       "maxRSS": {
        "post": 12588,
        "pre": 12588
       },
       "num-tuples": 1,
       "runtime": { "start": 21860202219, "end": 21860202220},
       "source-locator": "/root/compiler/measurements/punch-list/p1-gate-b/cc_sibling_emptycone/emit/transformed.dl [37:1-37:19]"
      }
     },
     "num-tuples": 1,
     "reads": 0,
     "runtime": { "start": 21860202218, "end": 21860202227},
     "savetime": { "start": 21860202231, "end": 21860202259},
     "source-locator": "/root/compiler/measurements/punch-list/p1-gate-b/cc_sibling_emptycone/emit/transformed.dl [12:7-12:10]"
    },
    "out2": {
     "maxRSS": {
      "post": 12588,
      "pre": 12588
     },
     "non-recursive-rule": {
      "out2(y) :- \n   tc_bf(1,y).": {
       "atom-frequency": {
        "out2(y) :- \n   tc_bf(1,y).": {
         "tc_bf": {
          "level": 0,
          "num-tuples": 0
         }
        }
       },
       "maxRSS": {
        "post": 12588,
        "pre": 12588
       },
       "num-tuples": 13,
       "runtime": { "start": 21860202039, "end": 21860202041},
       "source-locator": "/root/compiler/measurements/punch-list/p1-gate-b/cc_sibling_emptycone/emit/transformed.dl [39:1-39:24]"
      }
     },
     "num-tuples": 13,
     "reads": 0,
     "runtime": { "start": 21860202039, "end": 21860202047},
     "savetime": { "start": 21860202051, "end": 21860202102},
     "source-locator": "/root/compiler/measurements/punch-list/p1-gate-b/cc_sibling_emptycone/emit/transformed.dl [15:7-15:11]"
    },
    "p": {
     "iteration": {
      "0": {
       "copytime": { "start": 21860202175, "end": 21860202176},
       "maxRSS": {
        "post": 12588,
        "pre": 12588
       },
       "num-tuples": 6,
       "recursive-rule": {
        "p(x,y) :- \n   p(x,z),\n   !s(z),\n   q(z,y).": {
         "0": {
          "atom-frequency": {
           "@new_p(x,y) :- \n   @delta_p(x,z),\n   !s(z),\n   q(z,y).": {
            "@delta_p": {
             "level": 0,
             "num-tuples": 0
            },
            "q": {
             "level": 1,
             "num-tuples": 0
            }
           }
          },
          "maxRSS": {
           "post": 12588,
           "pre": 12588
          },
          "num-tuples": 6,
          "runtime": { "start": 21860202141, "end": 21860202148},
          "source-locator": "/root/compiler/measurements/punch-list/p1-gate-b/cc_sibling_emptycone/emit/transformed.dl [25:1-25:36]"
         }
        }
       },
       "runtime": { "start": 21860202133, "end": 21860202156}
      },
      "1": {
       "maxRSS": {
        "post": 12588,
        "pre": 12588
       },
       "num-tuples": 0,
       "recursive-rule": {
        "p(x,y) :- \n   p(x,z),\n   !s(z),\n   q(z,y).": {
         "0": {
          "maxRSS": {
           "post": 12588,
           "pre": 12588
          },
          "num-tuples": 0,
          "runtime": { "start": 21860202189, "end": 21860202191},
          "source-locator": "/root/compiler/measurements/punch-list/p1-gate-b/cc_sibling_emptycone/emit/transformed.dl [25:1-25:36]"
         }
        }
       },
       "runtime": { "start": 21860202180, "end": 21860202199}
      }
     },
     "maxRSS": {
      "post": 12588,
      "pre": 12588
     },
     "non-recursive-rule": {
      "p(x,y) :- \n   e(x,y).": {
       "atom-frequency": {
        "p(x,y) :- \n   e(x,y).": {
         "e": {
          "level": 0,
          "num-tuples": 0
         }
        }
       },
       "maxRSS": {
        "post": 12588,
        "pre": 12588
       },
       "num-tuples": 31,
       "runtime": { "start": 21860202116, "end": 21860202119},
       "source-locator": "/root/compiler/measurements/punch-list/p1-gate-b/cc_sibling_emptycone/emit/transformed.dl [24:1-24:20]"
      }
     },
     "num-tuples": 31,
     "reads": 9,
     "runtime": { "start": 21860202107, "end": 21860202126},
     "source-locator": "/root/compiler/measurements/punch-list/p1-gate-b/cc_sibling_emptycone/emit/transformed.dl [11:7-11:8]"
    },
    "q": {
     "iteration": {
      "0": {
       "copytime": { "start": 21860200032, "end": 21860200041},
       "maxRSS": {
        "post": 12332,
        "pre": 12204
       },
       "num-tuples": 46,
       "recursive-rule": {
        "q(x,y) :- \n   q(x,z),\n   base(z,y).": {
         "0": {
          "atom-frequency": {
           "@new_q(x,y) :- \n   @delta_q(x,z),\n   base(z,y).": {
            "@delta_q": {
             "level": 0,
             "num-tuples": 0
            },
            "base": {
             "level": 1,
             "num-tuples": 0
            }
           }
          },
          "maxRSS": {
           "post": 12332,
           "pre": 12204
          },
          "num-tuples": 46,
          "runtime": { "start": 21860199985, "end": 21860200010},
          "source-locator": "/root/compiler/measurements/punch-list/p1-gate-b/cc_sibling_emptycone/emit/transformed.dl [27:1-27:32]"
         }
        }
       },
       "runtime": { "start": 21860199976, "end": 21860200019}
      },
      "1": {
       "copytime": { "start": 21860200079, "end": 21860200084},
       "maxRSS": {
        "post": 12332,
        "pre": 12332
       },
       "num-tuples": 51,
       "recursive-rule": {
        "q(x,y) :- \n   q(x,z),\n   base(z,y).": {
         "0": {
          "maxRSS": {
           "post": 12332,
           "pre": 12332
          },
          "num-tuples": 51,
          "runtime": { "start": 21860200045, "end": 21860200066},
          "source-locator": "/root/compiler/measurements/punch-list/p1-gate-b/cc_sibling_emptycone/emit/transformed.dl [27:1-27:32]"
         }
        }
       },
       "runtime": { "start": 21860200045, "end": 21860200071}
      },
      "2": {
       "copytime": { "start": 21860200121, "end": 21860200127},
       "maxRSS": {
        "post": 12332,
        "pre": 12332
       },
       "num-tuples": 44,
       "recursive-rule": {
        "q(x,y) :- \n   q(x,z),\n   base(z,y).": {
         "0": {
          "maxRSS": {
           "post": 12332,
           "pre": 12332
          },
          "num-tuples": 44,
          "runtime": { "start": 21860200086, "end": 21860200099},
          "source-locator": "/root/compiler/measurements/punch-list/p1-gate-b/cc_sibling_emptycone/emit/transformed.dl [27:1-27:32]"
         }
        }
       },
       "runtime": { "start": 21860200086, "end": 21860200103}
      },
      "3": {
       "copytime": { "start": 21860200175, "end": 21860200178},
       "maxRSS": {
        "post": 12332,
        "pre": 12332
       },
       "num-tuples": 21,
       "recursive-rule": {
        "q(x,y) :- \n   q(x,z),\n   base(z,y).": {
         "0": {
          "maxRSS": {
           "post": 12332,
           "pre": 12332
          },
          "num-tuples": 21,
          "runtime": { "start": 21860200139, "end": 21860200149},
          "source-locator": "/root/compiler/measurements/punch-list/p1-gate-b/cc_sibling_emptycone/emit/transformed.dl [27:1-27:32]"
         }
        }
       },
       "runtime": { "start": 21860200130, "end": 21860200156}
      },
      "4": {
       "copytime": { "start": 21860200224, "end": 21860200228},
       "maxRSS": {
        "post": 12332,
        "pre": 12332
       },
       "num-tuples": 6,
       "recursive-rule": {
        "q(x,y) :- \n   q(x,z),\n   base(z,y).": {
         "0": {
          "maxRSS": {
           "post": 12332,
           "pre": 12332
          },
          "num-tuples": 6,
          "runtime": { "start": 21860200191, "end": 21860200196},
          "source-locator": "/root/compiler/measurements/punch-list/p1-gate-b/cc_sibling_emptycone/emit/transformed.dl [27:1-27:32]"
         }
        }
       },
       "runtime": { "start": 21860200182, "end": 21860200204}
      },
      "5": {
       "copytime": { "start": 21860200269, "end": 21860200270},
       "maxRSS": {
        "post": 12460,
        "pre": 12460
       },
       "num-tuples": 1,
       "recursive-rule": {
        "q(x,y) :- \n   q(x,z),\n   base(z,y).": {
         "0": {
          "maxRSS": {
           "post": 12460,
           "pre": 12460
          },
          "num-tuples": 1,
          "runtime": { "start": 21860200240, "end": 21860200243},
          "source-locator": "/root/compiler/measurements/punch-list/p1-gate-b/cc_sibling_emptycone/emit/transformed.dl [27:1-27:32]"
         }
        }
       },
       "runtime": { "start": 21860200231, "end": 21860200250}
      },
      "6": {
       "maxRSS": {
        "post": 12460,
        "pre": 12460
       },
       "num-tuples": 0,
       "recursive-rule": {
        "q(x,y) :- \n   q(x,z),\n   base(z,y).": {
         "0": {
          "maxRSS": {
           "post": 12460,
           "pre": 12460
          },
          "num-tuples": 0,
          "runtime": { "start": 21860200283, "end": 21860200284},
          "source-locator": "/root/compiler/measurements/punch-list/p1-gate-b/cc_sibling_emptycone/emit/transformed.dl [27:1-27:32]"
         }
        }
       },
       "runtime": { "start": 21860200274, "end": 21860200291}
      }
     },
     "maxRSS": {
      "post": 12204,
      "pre": 12204
     },
     "non-recursive-rule": {
      "q(x,y) :- \n   base(x,y).": {
       "atom-frequency": {
        "q(x,y) :- \n   base(x,y).": {
         "base": {
          "level": 0,
          "num-tuples": 0
         }
        }
       },
       "maxRSS": {
        "post": 12204,
        "pre": 12204
       },
       "num-tuples": 30,
       "runtime": { "start": 21860199943, "end": 21860199946},
       "source-locator": "/root/compiler/measurements/punch-list/p1-gate-b/cc_sibling_emptycone/emit/transformed.dl [26:1-26:23]"
      }
     },
     "num-tuples": 30,
     "reads": 327,
     "runtime": { "start": 21860199934, "end": 21860199970},
     "source-locator": "/root/compiler/measurements/punch-list/p1-gate-b/cc_sibling_emptycone/emit/transformed.dl [9:7-9:8]"
    },
    "s": {
     "maxRSS": {
      "post": 12460,
      "pre": 12460
     },
     "non-recursive-rule": {
      "s(x) :- \n   q(x,y),\n   blocked(y).": {
       "atom-frequency": {
        "s(x) :- \n   q(x,y),\n   blocked(y).": {
         "q": {
          "level": 0,
          "num-tuples": 0
         }
        }
       },
       "maxRSS": {
        "post": 12460,
        "pre": 12460
       },
       "num-tuples": 12,
       "runtime": { "start": 21860200332, "end": 21860200339},
       "source-locator": "/root/compiler/measurements/punch-list/p1-gate-b/cc_sibling_emptycone/emit/transformed.dl [28:1-28:29]"
      }
     },
     "num-tuples": 12,
     "reads": 37,
     "runtime": { "start": 21860200323, "end": 21860200347},
     "source-locator": "/root/compiler/measurements/punch-list/p1-gate-b/cc_sibling_emptycone/emit/transformed.dl [10:7-10:8]"
    },
    "sibling_edge": {
     "loadtime": { "start": 21860199898, "end": 21860199928},
     "num-tuples": 40,
     "reads": 0,
     "source-locator": "/root/compiler/measurements/punch-list/p1-gate-b/cc_sibling_emptycone/emit/transformed.dl [7:7-7:19]"
    },
    "sup_tc_bf_r0_1": {
     "maxRSS": {
      "post": 12460,
      "pre": 12460
     },
     "non-recursive-rule": {
      "sup_tc_bf_r0_1(x,y) :- \n   magic_tc_bf(x),\n   sibling_edge(x,y).": {
       "atom-frequency": {
        "sup_tc_bf_r0_1(x,y) :- \n   magic_tc_bf(x),\n   sibling_edge(x,y).": {
         "magic_tc_bf": {
          "level": 0,
          "num-tuples": 0
         },
         "sibling_edge": {
          "level": 1,
          "num-tuples": 0
         }
        }
       },
       "maxRSS": {
        "post": 12460,
        "pre": 12460
       },
       "num-tuples": 1,
       "runtime": { "start": 21860200311, "end": 21860200312},
       "source-locator": "/root/compiler/measurements/punch-list/p1-gate-b/cc_sibling_emptycone/emit/transformed.dl [30:1-30:63]"
      }
     },
     "num-tuples": 1,
     "reads": 0,
     "runtime": { "start": 21860200311, "end": 21860200319},
     "source-locator": "/root/compiler/measurements/punch-list/p1-gate-b/cc_sibling_emptycone/emit/transformed.dl [18:7-18:21]"
    },
    "sup_tc_bf_r1_1": {
     "iteration": {
      "0": {
       "copytime": { "start": 21860200477, "end": 21860200478},
       "maxRSS": {
        "post": 12460,
        "pre": 12460
       },
       "num-tuples": 1,
       "recursive-rule": {
        "sup_tc_bf_r1_1(x,z) :- \n   magic_tc_bf(x),\n   tc_bf(x,z).": {
         "0": {
          "atom-frequency": {
           "@new_sup_tc_bf_r1_1(x,z) :- \n   magic_tc_bf(x),\n   @delta_tc_bf(x,z).": {
            "@delta_tc_bf": {
             "level": 1,
             "num-tuples": 0
            },
            "magic_tc_bf": {
             "level": 0,
             "num-tuples": 0
            }
           }
          },
          "maxRSS": {
           "post": 12460,
           "pre": 12460
          },
          "num-tuples": 1,
          "runtime": { "start": 21860200386, "end": 21860200388},
          "source-locator": "/root/compiler/measurements/punch-list/p1-gate-b/cc_sibling_emptycone/emit/transformed.dl [33:1-33:56]"
         }
        }
       },
       "runtime": { "start": 21860200378, "end": 21860200396}
      },
      "1": {
       "copytime": { "start": 21860200598, "end": 21860200599},
       "maxRSS": {
        "post": 12460,
        "pre": 12460
       },
       "num-tuples": 0,
       "recursive-rule": {
        "sup_tc_bf_r1_1(x,z) :- \n   magic_tc_bf(x),\n   tc_bf(x,z).": {
         "0": {
          "maxRSS": {
           "post": 12460,
           "pre": 12460
          },
          "num-tuples": 0,
          "runtime": { "start": 21860200509, "end": 21860200510},
          "source-locator": "/root/compiler/measurements/punch-list/p1-gate-b/cc_sibling_emptycone/emit/transformed.dl [33:1-33:56]"
         }
        }
       },
       "runtime": { "start": 21860200500, "end": 21860200518}
      },
      "10": {
       "copytime": { "start": 21860201689, "end": 21860201690},
       "maxRSS": {
        "post": 12460,
        "pre": 12460
       },
       "num-tuples": 0,
       "recursive-rule": {
        "sup_tc_bf_r1_1(x,z) :- \n   magic_tc_bf(x),\n   tc_bf(x,z).": {
         "0": {
          "maxRSS": {
           "post": 12460,
           "pre": 12460
          },
          "num-tuples": 0,
          "runtime": { "start": 21860201595, "end": 21860201596},
          "source-locator": "/root/compiler/measurements/punch-list/p1-gate-b/cc_sibling_emptycone/emit/transformed.dl [33:1-33:56]"
         }
        }
       },
       "runtime": { "start": 21860201594, "end": 21860201604}
      },
      "11": {
       "copytime": { "start": 21860201805, "end": 21860201806},
       "maxRSS": {
        "post": 12460,
        "pre": 12460
       },
       "num-tuples": 0,
       "recursive-rule": {
        "sup_tc_bf_r1_1(x,z) :- \n   magic_tc_bf(x),\n   tc_bf(x,z).": {
         "0": {
          "maxRSS": {
           "post": 12460,
           "pre": 12460
          },
          "num-tuples": 0,
          "runtime": { "start": 21860201723, "end": 21860201723},
          "source-locator": "/root/compiler/measurements/punch-list/p1-gate-b/cc_sibling_emptycone/emit/transformed.dl [33:1-33:56]"
         }
        }
       },
       "runtime": { "start": 21860201714, "end": 21860201731}
      },
      "12": {
       "copytime": { "start": 21860201907, "end": 21860201908},
       "maxRSS": {
        "post": 12588,
        "pre": 12588
       },
       "num-tuples": 3,
       "recursive-rule": {
        "sup_tc_bf_r1_1(x,z) :- \n   magic_tc_bf(x),\n   tc_bf(x,z).": {
         "0": {
          "maxRSS": {
           "post": 12588,
           "pre": 12588
          },
          "num-tuples": 3,
          "runtime": { "start": 21860201818, "end": 21860201819},
          "source-locator": "/root/compiler/measurements/punch-list/p1-gate-b/cc_sibling_emptycone/emit/transformed.dl [33:1-33:56]"
         }
        }
       },
       "runtime": { "start": 21860201817, "end": 21860201825}
      },
      "13": {
       "maxRSS": {
        "post": 12588,
        "pre": 12588
       },
       "num-tuples": 0,
       "recursive-rule": {
        "sup_tc_bf_r1_1(x,z) :- \n   magic_tc_bf(x),\n   tc_bf(x,z).": {
         "0": {
          "maxRSS": {
           "post": 12588,
           "pre": 12588
          },
          "num-tuples": 0,
          "runtime": { "start": 21860201939, "end": 21860201940},
          "source-locator": "/root/compiler/measurements/punch-list/p1-gate-b/cc_sibling_emptycone/emit/transformed.dl [33:1-33:56]"
         }
        }
       },
       "runtime": { "start": 21860201931, "end": 21860201948}
      },
      "2": {
       "copytime": { "start": 21860200718, "end": 21860200719},
       "maxRSS": {
        "post": 12460,
        "pre": 12460
       },
       "num-tuples": 0,
       "recursive-rule": {
        "sup_tc_bf_r1_1(x,z) :- \n   magic_tc_bf(x),\n   tc_bf(x,z).": {
         "0": {
          "maxRSS": {
           "post": 12460,
           "pre": 12460
          },
          "num-tuples": 0,
          "runtime": { "start": 21860200630, "end": 21860200631},
          "source-locator": "/root/compiler/measurements/punch-list/p1-gate-b/cc_sibling_emptycone/emit/transformed.dl [33:1-33:56]"
         }
        }
       },
       "runtime": { "start": 21860200621, "end": 21860200639}
      },
      "3": {
       "copytime": { "start": 21860200838, "end": 21860200839},
       "maxRSS": {
        "post": 12460,
        "pre": 12460
       },
       "num-tuples": 2,
       "recursive-rule": {
        "sup_tc_bf_r1_1(x,z) :- \n   magic_tc_bf(x),\n   tc_bf(x,z).": {
         "0": {
          "maxRSS": {
           "post": 12460,
           "pre": 12460
          },
          "num-tuples": 2,
          "runtime": { "start": 21860200750, "end": 21860200751},
          "source-locator": "/root/compiler/measurements/punch-list/p1-gate-b/cc_sibling_emptycone/emit/transformed.dl [33:1-33:56]"
         }
        }
       },
       "runtime": { "start": 21860200741, "end": 21860200759}
      },
      "4": {
       "copytime": { "start": 21860200958, "end": 21860200958},
       "maxRSS": {
        "post": 12460,
        "pre": 12460
       },
       "num-tuples": 0,
       "recursive-rule": {
        "sup_tc_bf_r1_1(x,z) :- \n   magic_tc_bf(x),\n   tc_bf(x,z).": {
         "0": {
          "maxRSS": {
           "post": 12460,
           "pre": 12460
          },
          "num-tuples": 0,
          "runtime": { "start": 21860200869, "end": 21860200870},
          "source-locator": "/root/compiler/measurements/punch-list/p1-gate-b/cc_sibling_emptycone/emit/transformed.dl [33:1-33:56]"
         }
        }
       },
       "runtime": { "start": 21860200860, "end": 21860200877}
      },
      "5": {
       "copytime": { "start": 21860201079, "end": 21860201080},
       "maxRSS": {
        "post": 12460,
        "pre": 12460
       },
       "num-tuples": 0,
       "recursive-rule": {
        "sup_tc_bf_r1_1(x,z) :- \n   magic_tc_bf(x),\n   tc_bf(x,z).": {
         "0": {
          "maxRSS": {
           "post": 12460,
           "pre": 12460
          },
          "num-tuples": 0,
          "runtime": { "start": 21860200989, "end": 21860200990},
          "source-locator": "/root/compiler/measurements/punch-list/p1-gate-b/cc_sibling_emptycone/emit/transformed.dl [33:1-33:56]"
         }
        }
       },
       "runtime": { "start": 21860200980, "end": 21860200997}
      },
      "6": {
       "copytime": { "start": 21860201203, "end": 21860201204},
       "maxRSS": {
        "post": 12460,
        "pre": 12460
       },
       "num-tuples": 4,
       "recursive-rule": {
        "sup_tc_bf_r1_1(x,z) :- \n   magic_tc_bf(x),\n   tc_bf(x,z).": {
         "0": {
          "maxRSS": {
           "post": 12460,
           "pre": 12460
          },
          "num-tuples": 4,
          "runtime": { "start": 21860201111, "end": 21860201113},
          "source-locator": "/root/compiler/measurements/punch-list/p1-gate-b/cc_sibling_emptycone/emit/transformed.dl [33:1-33:56]"
         }
        }
       },
       "runtime": { "start": 21860201102, "end": 21860201122}
      },
      "7": {
       "copytime": { "start": 21860201329, "end": 21860201330},
       "maxRSS": {
        "post": 12460,
        "pre": 12460
       },
       "num-tuples": 0,
       "recursive-rule": {
        "sup_tc_bf_r1_1(x,z) :- \n   magic_tc_bf(x),\n   tc_bf(x,z).": {
         "0": {
          "maxRSS": {
           "post": 12460,
           "pre": 12460
          },
          "num-tuples": 0,
          "runtime": { "start": 21860201235, "end": 21860201236},
          "source-locator": "/root/compiler/measurements/punch-list/p1-gate-b/cc_sibling_emptycone/emit/transformed.dl [33:1-33:56]"
         }
        }
       },
       "runtime": { "start": 21860201227, "end": 21860201244}
      },
      "8": {
       "copytime": { "start": 21860201457, "end": 21860201467},
       "maxRSS": {
        "post": 12460,
        "pre": 12460
       },
       "num-tuples": 0,
       "recursive-rule": {
        "sup_tc_bf_r1_1(x,z) :- \n   magic_tc_bf(x),\n   tc_bf(x,z).": {
         "0": {
          "maxRSS": {
           "post": 12460,
           "pre": 12460
          },
          "num-tuples": 0,
          "runtime": { "start": 21860201360, "end": 21860201361},
          "source-locator": "/root/compiler/measurements/punch-list/p1-gate-b/cc_sibling_emptycone/emit/transformed.dl [33:1-33:56]"
         }
        }
       },
       "runtime": { "start": 21860201352, "end": 21860201368}
      },
      "9": {
       "copytime": { "start": 21860201572, "end": 21860201573},
       "maxRSS": {
        "post": 12460,
        "pre": 12460
       },
       "num-tuples": 3,
       "recursive-rule": {
        "sup_tc_bf_r1_1(x,z) :- \n   magic_tc_bf(x),\n   tc_bf(x,z).": {
         "0": {
          "maxRSS": {
           "post": 12460,
           "pre": 12460
          },
          "num-tuples": 3,
          "runtime": { "start": 21860201481, "end": 21860201483},
          "source-locator": "/root/compiler/measurements/punch-list/p1-gate-b/cc_sibling_emptycone/emit/transformed.dl [33:1-33:56]"
         }
        }
       },
       "runtime": { "start": 21860201481, "end": 21860201489}
      }
     },
     "num-tuples": 0,
     "reads": 13,
     "source-locator": "/root/compiler/measurements/punch-list/p1-gate-b/cc_sibling_emptycone/emit/transformed.dl [21:7-21:21]"
    },
    "sup_tc_bf_r1_2": {
     "iteration": {
      "0": {
       "copytime": { "start": 21860200482, "end": 21860200491},
       "maxRSS": {
        "post": 12460,
        "pre": 12460
       },
       "num-tuples": 0,
       "recursive-rule": {
        "sup_tc_bf_r1_2(x,y) :- \n   sup_tc_bf_r1_1(x,z),\n   sibling_edge(z,y).": {
         "0": {
          "atom-frequency": {
           "@new_sup_tc_bf_r1_2(x,y) :- \n   @delta_sup_tc_bf_r1_1(x,z),\n   sibling_edge(z,y).": {
            "@delta_sup_tc_bf_r1_1": {
             "level": 0,
             "num-tuples": 0
            },
            "sibling_edge": {
             "level": 1,
             "num-tuples": 0
            }
           }
          },
          "maxRSS": {
           "post": 12460,
           "pre": 12460
          },
          "num-tuples": 0,
          "runtime": { "start": 21860200409, "end": 21860200410},
          "source-locator": "/root/compiler/measurements/punch-list/p1-gate-b/cc_sibling_emptycone/emit/transformed.dl [34:1-34:66]"
         }
        }
       },
       "runtime": { "start": 21860200401, "end": 21860200419}
      },
      "1": {
       "copytime": { "start": 21860200603, "end": 21860200612},
       "maxRSS": {
        "post": 12460,
        "pre": 12460
       },
       "num-tuples": 2,
       "recursive-rule": {
        "sup_tc_bf_r1_2(x,y) :- \n   sup_tc_bf_r1_1(x,z),\n   sibling_edge(z,y).": {
         "0": {
          "maxRSS": {
           "post": 12460,
           "pre": 12460
          },
          "num-tuples": 2,
          "runtime": { "start": 21860200530, "end": 21860200532},
          "source-locator": "/root/compiler/measurements/punch-list/p1-gate-b/cc_sibling_emptycone/emit/transformed.dl [34:1-34:66]"
         }
        }
       },
       "runtime": { "start": 21860200521, "end": 21860200540}
      },
      "10": {
       "copytime": { "start": 21860201694, "end": 21860201703},
       "maxRSS": {
        "post": 12460,
        "pre": 12460
       },
       "num-tuples": 3,
       "recursive-rule": {
        "sup_tc_bf_r1_2(x,y) :- \n   sup_tc_bf_r1_1(x,z),\n   sibling_edge(z,y).": {
         "0": {
          "maxRSS": {
           "post": 12460,
           "pre": 12460
          },
          "num-tuples": 3,
          "runtime": { "start": 21860201617, "end": 21860201619},
          "source-locator": "/root/compiler/measurements/punch-list/p1-gate-b/cc_sibling_emptycone/emit/transformed.dl [34:1-34:66]"
         }
        }
       },
       "runtime": { "start": 21860201608, "end": 21860201628}
      },
      "11": {
       "copytime": { "start": 21860201809, "end": 21860201810},
       "maxRSS": {
        "post": 12588,
        "pre": 12460
       },
       "num-tuples": 0,
       "recursive-rule": {
        "sup_tc_bf_r1_2(x,y) :- \n   sup_tc_bf_r1_1(x,z),\n   sibling_edge(z,y).": {
         "0": {
          "maxRSS": {
           "post": 12460,
           "pre": 12460
          },
          "num-tuples": 0,
          "runtime": { "start": 21860201744, "end": 21860201745},
          "source-locator": "/root/compiler/measurements/punch-list/p1-gate-b/cc_sibling_emptycone/emit/transformed.dl [34:1-34:66]"
         }
        }
       },
       "runtime": { "start": 21860201736, "end": 21860201755}
      },
      "12": {
       "copytime": { "start": 21860201912, "end": 21860201921},
       "maxRSS": {
        "post": 12588,
        "pre": 12588
       },
       "num-tuples": 0,
       "recursive-rule": {
        "sup_tc_bf_r1_2(x,y) :- \n   sup_tc_bf_r1_1(x,z),\n   sibling_edge(z,y).": {
         "0": {
          "maxRSS": {
           "post": 12588,
           "pre": 12588
          },
          "num-tuples": 0,
          "runtime": { "start": 21860201837, "end": 21860201837},
          "source-locator": "/root/compiler/measurements/punch-list/p1-gate-b/cc_sibling_emptycone/emit/transformed.dl [34:1-34:66]"
         }
        }
       },
       "runtime": { "start": 21860201828, "end": 21860201847}
      },
      "13": {
       "maxRSS": {
        "post": 12588,
        "pre": 12588
       },
       "num-tuples": 0,
       "recursive-rule": {
        "sup_tc_bf_r1_2(x,y) :- \n   sup_tc_bf_r1_1(x,z),\n   sibling_edge(z,y).": {
         "0": {
          "maxRSS": {
           "post": 12588,
           "pre": 12588
          },
          "num-tuples": 0,
          "runtime": { "start": 21860201960, "end": 21860201970},
          "source-locator": "/root/compiler/measurements/punch-list/p1-gate-b/cc_sibling_emptycone/emit/transformed.dl [34:1-34:66]"
         }
        }
       },
       "runtime": { "start": 21860201952, "end": 21860201979}
      },
      "2": {
       "copytime": { "start": 21860200723, "end": 21860200732},
       "maxRSS": {
        "post": 12460,
        "pre": 12460
       },
       "num-tuples": 0,
       "recursive-rule": {
        "sup_tc_bf_r1_2(x,y) :- \n   sup_tc_bf_r1_1(x,z),\n   sibling_edge(z,y).": {
         "0": {
          "maxRSS": {
           "post": 12460,
           "pre": 12460
          },
          "num-tuples": 0,
          "runtime": { "start": 21860200651, "end": 21860200652},
          "source-locator": "/root/compiler/measurements/punch-list/p1-gate-b/cc_sibling_emptycone/emit/transformed.dl [34:1-34:66]"
         }
        }
       },
       "runtime": { "start": 21860200643, "end": 21860200660}
      },
      "3": {
       "copytime": { "start": 21860200842, "end": 21860200851},
       "maxRSS": {
        "post": 12460,
        "pre": 12460
       },
       "num-tuples": 0,
       "recursive-rule": {
        "sup_tc_bf_r1_2(x,y) :- \n   sup_tc_bf_r1_1(x,z),\n   sibling_edge(z,y).": {
         "0": {
          "maxRSS": {
           "post": 12460,
           "pre": 12460
          },
          "num-tuples": 0,
          "runtime": { "start": 21860200772, "end": 21860200772},
          "source-locator": "/root/compiler/measurements/punch-list/p1-gate-b/cc_sibling_emptycone/emit/transformed.dl [34:1-34:66]"
         }
        }
       },
       "runtime": { "start": 21860200763, "end": 21860200780}
      },
      "4": {
       "copytime": { "start": 21860200962, "end": 21860200971},
       "maxRSS": {
        "post": 12460,
        "pre": 12460
       },
       "num-tuples": 5,
       "recursive-rule": {
        "sup_tc_bf_r1_2(x,y) :- \n   sup_tc_bf_r1_1(x,z),\n   sibling_edge(z,y).": {
         "0": {
          "maxRSS": {
           "post": 12460,
           "pre": 12460
          },
          "num-tuples": 5,
          "runtime": { "start": 21860200890, "end": 21860200891},
          "source-locator": "/root/compiler/measurements/punch-list/p1-gate-b/cc_sibling_emptycone/emit/transformed.dl [34:1-34:66]"
         }
        }
       },
       "runtime": { "start": 21860200881, "end": 21860200900}
      },
      "5": {
       "copytime": { "start": 21860201084, "end": 21860201093},
       "maxRSS": {
        "post": 12460,
        "pre": 12460
       },
       "num-tuples": 0,
       "recursive-rule": {
        "sup_tc_bf_r1_2(x,y) :- \n   sup_tc_bf_r1_1(x,z),\n   sibling_edge(z,y).": {
         "0": {
          "maxRSS": {
           "post": 12460,
           "pre": 12460
          },
          "num-tuples": 0,
          "runtime": { "start": 21860201010, "end": 21860201011},
          "source-locator": "/root/compiler/measurements/punch-list/p1-gate-b/cc_sibling_emptycone/emit/transformed.dl [34:1-34:66]"
         }
        }
       },
       "runtime": { "start": 21860201002, "end": 21860201020}
      },
      "6": {
       "copytime": { "start": 21860201207, "end": 21860201216},
       "maxRSS": {
        "post": 12460,
        "pre": 12460
       },
       "num-tuples": 0,
       "recursive-rule": {
        "sup_tc_bf_r1_2(x,y) :- \n   sup_tc_bf_r1_1(x,z),\n   sibling_edge(z,y).": {
         "0": {
          "maxRSS": {
           "post": 12460,
           "pre": 12460
          },
          "num-tuples": 0,
          "runtime": { "start": 21860201135, "end": 21860201135},
          "source-locator": "/root/compiler/measurements/punch-list/p1-gate-b/cc_sibling_emptycone/emit/transformed.dl [34:1-34:66]"
         }
        }
       },
       "runtime": { "start": 21860201126, "end": 21860201143}
      },
      "7": {
       "copytime": { "start": 21860201333, "end": 21860201342},
       "maxRSS": {
        "post": 12460,
        "pre": 12460
       },
       "num-tuples": 3,
       "recursive-rule": {
        "sup_tc_bf_r1_2(x,y) :- \n   sup_tc_bf_r1_1(x,z),\n   sibling_edge(z,y).": {
         "0": {
          "maxRSS": {
           "post": 12460,
           "pre": 12460
          },
          "num-tuples": 3,
          "runtime": { "start": 21860201256, "end": 21860201259},
          "source-locator": "/root/compiler/measurements/punch-list/p1-gate-b/cc_sibling_emptycone/emit/transformed.dl [34:1-34:66]"
         }
        }
       },
       "runtime": { "start": 21860201248, "end": 21860201268}
      },
      "8": {
       "copytime": { "start": 21860201471, "end": 21860201472},
       "maxRSS": {
        "post": 12460,
        "pre": 12460
       },
       "num-tuples": 0,
       "recursive-rule": {
        "sup_tc_bf_r1_2(x,y) :- \n   sup_tc_bf_r1_1(x,z),\n   sibling_edge(z,y).": {
         "0": {
          "maxRSS": {
           "post": 12460,
           "pre": 12460
          },
          "num-tuples": 0,
          "runtime": { "start": 21860201381, "end": 21860201382},
          "source-locator": "/root/compiler/measurements/punch-list/p1-gate-b/cc_sibling_emptycone/emit/transformed.dl [34:1-34:66]"
         }
        }
       },
       "runtime": { "start": 21860201372, "end": 21860201400}
      },
      "9": {
       "copytime": { "start": 21860201577, "end": 21860201577},
       "maxRSS": {
        "post": 12460,
        "pre": 12460
       },
       "num-tuples": 0,
       "recursive-rule": {
        "sup_tc_bf_r1_2(x,y) :- \n   sup_tc_bf_r1_1(x,z),\n   sibling_edge(z,y).": {
         "0": {
          "maxRSS": {
           "post": 12460,
           "pre": 12460
          },
          "num-tuples": 0,
          "runtime": { "start": 21860201502, "end": 21860201504},
          "source-locator": "/root/compiler/measurements/punch-list/p1-gate-b/cc_sibling_emptycone/emit/transformed.dl [34:1-34:66]"
         }
        }
       },
       "runtime": { "start": 21860201493, "end": 21860201512}
      }
     },
     "num-tuples": 0,
     "reads": 22,
     "source-locator": "/root/compiler/measurements/punch-list/p1-gate-b/cc_sibling_emptycone/emit/transformed.dl [22:7-22:21]"
    },
    "tc_bf": {
     "iteration": {
      "0": {
       "copytime": { "start": 21860200496, "end": 21860200497},
       "maxRSS": {
        "post": 12460,
        "pre": 12460
       },
       "num-tuples": 0,
       "recursive-rule": {
        "tc_bf(x,y) :- \n   sup_tc_bf_r1_2(x,y).": {
         "0": {
          "atom-frequency": {
           "@new_tc_bf(x,y) :- \n   @delta_sup_tc_bf_r1_2(x,y).": {
            "@delta_sup_tc_bf_r1_2": {
             "level": 0,
             "num-tuples": 0
            }
           }
          },
          "maxRSS": {
           "post": 12460,
           "pre": 12460
          },
          "num-tuples": 0,
          "runtime": { "start": 21860200432, "end": 21860200433},
          "source-locator": "/root/compiler/measurements/punch-list/p1-gate-b/cc_sibling_emptycone/emit/transformed.dl [36:1-36:37]"
         }
        }
       },
       "runtime": { "start": 21860200423, "end": 21860200441}
      },
      "1": {
       "copytime": { "start": 21860200617, "end": 21860200618},
       "maxRSS": {
        "post": 12460,
        "pre": 12460
       },
       "num-tuples": 0,
       "recursive-rule": {
        "tc_bf(x,y) :- \n   sup_tc_bf_r1_2(x,y).": {
         "0": {
          "maxRSS": {
           "post": 12460,
           "pre": 12460
          },
          "num-tuples": 0,
          "runtime": { "start": 21860200553, "end": 21860200554},
          "source-locator": "/root/compiler/measurements/punch-list/p1-gate-b/cc_sibling_emptycone/emit/transformed.dl [36:1-36:37]"
         }
        }
       },
       "runtime": { "start": 21860200544, "end": 21860200562}
      },
      "10": {
       "copytime": { "start": 21860201708, "end": 21860201709},
       "maxRSS": {
        "post": 12460,
        "pre": 12460
       },
       "num-tuples": 0,
       "recursive-rule": {
        "tc_bf(x,y) :- \n   sup_tc_bf_r1_2(x,y).": {
         "0": {
          "maxRSS": {
           "post": 12460,
           "pre": 12460
          },
          "num-tuples": 0,
          "runtime": { "start": 21860201642, "end": 21860201643},
          "source-locator": "/root/compiler/measurements/punch-list/p1-gate-b/cc_sibling_emptycone/emit/transformed.dl [36:1-36:37]"
         }
        }
       },
       "runtime": { "start": 21860201633, "end": 21860201651}
      },
      "11": {
       "copytime": { "start": 21860201813, "end": 21860201814},
       "maxRSS": {
        "post": 12588,
        "pre": 12588
       },
       "num-tuples": 3,
       "recursive-rule": {
        "tc_bf(x,y) :- \n   sup_tc_bf_r1_2(x,y).": {
         "0": {
          "maxRSS": {
           "post": 12588,
           "pre": 12588
          },
          "num-tuples": 3,
          "runtime": { "start": 21860201768, "end": 21860201769},
          "source-locator": "/root/compiler/measurements/punch-list/p1-gate-b/cc_sibling_emptycone/emit/transformed.dl [36:1-36:37]"
         }
        }
       },
       "runtime": { "start": 21860201759, "end": 21860201777}
      },
      "12": {
       "copytime": { "start": 21860201926, "end": 21860201927},
       "maxRSS": {
        "post": 12588,
        "pre": 12588
       },
       "num-tuples": 0,
       "recursive-rule": {
        "tc_bf(x,y) :- \n   sup_tc_bf_r1_2(x,y).": {
         "0": {
          "maxRSS": {
           "post": 12588,
           "pre": 12588
          },
          "num-tuples": 0,
          "runtime": { "start": 21860201860, "end": 21860201861},
          "source-locator": "/root/compiler/measurements/punch-list/p1-gate-b/cc_sibling_emptycone/emit/transformed.dl [36:1-36:37]"
         }
        }
       },
       "runtime": { "start": 21860201851, "end": 21860201869}
      },
      "13": {
       "maxRSS": {
        "post": 12588,
        "pre": 12588
       },
       "num-tuples": 0,
       "recursive-rule": {
        "tc_bf(x,y) :- \n   sup_tc_bf_r1_2(x,y).": {
         "0": {
          "maxRSS": {
           "post": 12588,
           "pre": 12588
          },
          "num-tuples": 0,
          "runtime": { "start": 21860201991, "end": 21860201992},
          "source-locator": "/root/compiler/measurements/punch-list/p1-gate-b/cc_sibling_emptycone/emit/transformed.dl [36:1-36:37]"
         }
        }
       },
       "runtime": { "start": 21860201983, "end": 21860202002}
      },
      "2": {
       "copytime": { "start": 21860200736, "end": 21860200737},
       "maxRSS": {
        "post": 12460,
        "pre": 12460
       },
       "num-tuples": 2,
       "recursive-rule": {
        "tc_bf(x,y) :- \n   sup_tc_bf_r1_2(x,y).": {
         "0": {
          "maxRSS": {
           "post": 12460,
           "pre": 12460
          },
          "num-tuples": 2,
          "runtime": { "start": 21860200673, "end": 21860200674},
          "source-locator": "/root/compiler/measurements/punch-list/p1-gate-b/cc_sibling_emptycone/emit/transformed.dl [36:1-36:37]"
         }
        }
       },
       "runtime": { "start": 21860200664, "end": 21860200682}
      },
      "3": {
       "copytime": { "start": 21860200856, "end": 21860200857},
       "maxRSS": {
        "post": 12460,
        "pre": 12460
       },
       "num-tuples": 0,
       "recursive-rule": {
        "tc_bf(x,y) :- \n   sup_tc_bf_r1_2(x,y).": {
         "0": {
          "maxRSS": {
           "post": 12460,
           "pre": 12460
          },
          "num-tuples": 0,
          "runtime": { "start": 21860200793, "end": 21860200794},
          "source-locator": "/root/compiler/measurements/punch-list/p1-gate-b/cc_sibling_emptycone/emit/transformed.dl [36:1-36:37]"
         }
        }
       },
       "runtime": { "start": 21860200784, "end": 21860200801}
      },
      "4": {
       "copytime": { "start": 21860200976, "end": 21860200977},
       "maxRSS": {
        "post": 12460,
        "pre": 12460
       },
       "num-tuples": 0,
       "recursive-rule": {
        "tc_bf(x,y) :- \n   sup_tc_bf_r1_2(x,y).": {
         "0": {
          "maxRSS": {
           "post": 12460,
           "pre": 12460
          },
          "num-tuples": 0,
          "runtime": { "start": 21860200913, "end": 21860200913},
          "source-locator": "/root/compiler/measurements/punch-list/p1-gate-b/cc_sibling_emptycone/emit/transformed.dl [36:1-36:37]"
         }
        }
       },
       "runtime": { "start": 21860200904, "end": 21860200921}
      },
      "5": {
       "copytime": { "start": 21860201098, "end": 21860201099},
       "maxRSS": {
        "post": 12460,
        "pre": 12460
       },
       "num-tuples": 4,
       "recursive-rule": {
        "tc_bf(x,y) :- \n   sup_tc_bf_r1_2(x,y).": {
         "0": {
          "maxRSS": {
           "post": 12460,
           "pre": 12460
          },
          "num-tuples": 4,
          "runtime": { "start": 21860201033, "end": 21860201034},
          "source-locator": "/root/compiler/measurements/punch-list/p1-gate-b/cc_sibling_emptycone/emit/transformed.dl [36:1-36:37]"
         }
        }
       },
       "runtime": { "start": 21860201024, "end": 21860201042}
      },
      "6": {
       "copytime": { "start": 21860201222, "end": 21860201223},
       "maxRSS": {
        "post": 12460,
        "pre": 12460
       },
       "num-tuples": 0,
       "recursive-rule": {
        "tc_bf(x,y) :- \n   sup_tc_bf_r1_2(x,y).": {
         "0": {
          "maxRSS": {
           "post": 12460,
           "pre": 12460
          },
          "num-tuples": 0,
          "runtime": { "start": 21860201157, "end": 21860201158},
          "source-locator": "/root/compiler/measurements/punch-list/p1-gate-b/cc_sibling_emptycone/emit/transformed.dl [36:1-36:37]"
         }
        }
       },
       "runtime": { "start": 21860201149, "end": 21860201166}
      },
      "7": {
       "copytime": { "start": 21860201347, "end": 21860201348},
       "maxRSS": {
        "post": 12460,
        "pre": 12460
       },
       "num-tuples": 0,
       "recursive-rule": {
        "tc_bf(x,y) :- \n   sup_tc_bf_r1_2(x,y).": {
         "0": {
          "maxRSS": {
           "post": 12460,
           "pre": 12460
          },
          "num-tuples": 0,
          "runtime": { "start": 21860201281, "end": 21860201282},
          "source-locator": "/root/compiler/measurements/punch-list/p1-gate-b/cc_sibling_emptycone/emit/transformed.dl [36:1-36:37]"
         }
        }
       },
       "runtime": { "start": 21860201273, "end": 21860201290}
      },
      "8": {
       "copytime": { "start": 21860201475, "end": 21860201477},
       "maxRSS": {
        "post": 12460,
        "pre": 12460
       },
       "num-tuples": 3,
       "recursive-rule": {
        "tc_bf(x,y) :- \n   sup_tc_bf_r1_2(x,y).": {
         "0": {
          "maxRSS": {
           "post": 12460,
           "pre": 12460
          },
          "num-tuples": 3,
          "runtime": { "start": 21860201413, "end": 21860201414},
          "source-locator": "/root/compiler/measurements/punch-list/p1-gate-b/cc_sibling_emptycone/emit/transformed.dl [36:1-36:37]"
         }
        }
       },
       "runtime": { "start": 21860201404, "end": 21860201427}
      },
      "9": {
       "copytime": { "start": 21860201580, "end": 21860201589},
       "maxRSS": {
        "post": 12460,
        "pre": 12460
       },
       "num-tuples": 0,
       "recursive-rule": {
        "tc_bf(x,y) :- \n   sup_tc_bf_r1_2(x,y).": {
         "0": {
          "maxRSS": {
           "post": 12460,
           "pre": 12460
          },
          "num-tuples": 0,
          "runtime": { "start": 21860201525, "end": 21860201526},
          "source-locator": "/root/compiler/measurements/punch-list/p1-gate-b/cc_sibling_emptycone/emit/transformed.dl [36:1-36:37]"
         }
        }
       },
       "runtime": { "start": 21860201516, "end": 21860201535}
      }
     },
     "maxRSS": {
      "post": 12460,
      "pre": 12460
     },
     "non-recursive-rule": {
      "tc_bf(x,y) :- \n   sup_tc_bf_r0_1(x,y).": {
       "atom-frequency": {
        "tc_bf(x,y) :- \n   sup_tc_bf_r0_1(x,y).": {
         "sup_tc_bf_r0_1": {
          "level": 0,
          "num-tuples": 0
         }
        }
       },
       "maxRSS": {
        "post": 12460,
        "pre": 12460
       },
       "num-tuples": 1,
       "runtime": { "start": 21860200364, "end": 21860200365},
       "source-locator": "/root/compiler/measurements/punch-list/p1-gate-b/cc_sibling_emptycone/emit/transformed.dl [31:1-31:37]"
      }
     },
     "num-tuples": 1,
     "reads": 13,
     "runtime": { "start": 21860200356, "end": 21860200373},
     "source-locator": "/root/compiler/measurements/punch-list/p1-gate-b/cc_sibling_emptycone/emit/transformed.dl [19:7-19:12]"
    }
   },
   "runtime": { "start": 21860199710, "end": 21860202263},
   "starttime": { "time": 21860199676},
   "usage": {
    "timepoint": {
     "21860199721": {
      "maxRSS": 11808,
      "systemtime": 0,
      "usertime": 5152
     },
     "21860199822": {
      "maxRSS": 12204,
      "systemtime": 0,
      "usertime": 5271
     },
     "21860199851": {
      "maxRSS": 12204,
      "systemtime": 0,
      "usertime": 5308
     },
     "21860199887": {
      "maxRSS": 12204,
      "systemtime": 0,
      "usertime": 5360
     },
     "21860199911": {
      "maxRSS": 12204,
      "systemtime": 0,
      "usertime": 5378
     },
     "21860199947": {
      "maxRSS": 12204,
      "systemtime": 0,
      "usertime": 5431
     },
     "21860199989": {
      "maxRSS": 12332,
      "systemtime": 0,
      "usertime": 5476
     },
     "21860200098": {
      "maxRSS": 12332,
      "systemtime": 0,
      "usertime": 5586
     },
     "21860200121": {
      "maxRSS": 12332,
      "systemtime": 0,
      "usertime": 5624
     },
     "21860200144": {
      "maxRSS": 12332,
      "systemtime": 0,
      "usertime": 5654
     },
     "21860200174": {
      "maxRSS": 12332,
      "systemtime": 0,
      "usertime": 5690
     },
     "21860200195": {
      "maxRSS": 12332,
      "systemtime": 0,
      "usertime": 5718
     },
     "21860200225": {
      "maxRSS": 12332,
      "systemtime": 0,
      "usertime": 5758
     },
     "21860200245": {
      "maxRSS": 12460,
      "systemtime": 0,
      "usertime": 5782
     },
     "21860200268": {
      "maxRSS": 12460,
      "systemtime": 0,
      "usertime": 5812
     },
     "21860200287": {
      "maxRSS": 12460,
      "systemtime": 0,
      "usertime": 5838
     },
     "21860200309": {
      "maxRSS": 12460,
      "systemtime": 0,
      "usertime": 5865
     },
     "21860200337": {
      "maxRSS": 12460,
      "systemtime": 0,
      "usertime": 5899
     },
     "21860200369": {
      "maxRSS": 12460,
      "systemtime": 0,
      "usertime": 5939
     },
     "21860200391": {
      "maxRSS": 12460,
      "systemtime": 0,
      "usertime": 5968
     },
     "21860200414": {
      "maxRSS": 12460,
      "systemtime": 0,
      "usertime": 5998
     },
     "21860200437": {
      "maxRSS": 12460,
      "systemtime": 0,
      "usertime": 6028
     },
     "21860200458": {
      "maxRSS": 12460,
      "systemtime": 0,
      "usertime": 6055
     },
     "21860200476": {
      "maxRSS": 12460,
      "systemtime": 0,
      "usertime": 6080
     },
     "21860200495": {
      "maxRSS": 12460,
      "systemtime": 0,
      "usertime": 6105
     },
     "21860200514": {
      "maxRSS": 12460,
      "systemtime": 0,
      "usertime": 6131
     },
     "21860200535": {
      "maxRSS": 12460,
      "systemtime": 0,
      "usertime": 6160
     },
     "21860200558": {
      "maxRSS": 12460,
      "systemtime": 0,
      "usertime": 6188
     },
     "21860200579": {
      "maxRSS": 12460,
      "systemtime": 0,
      "usertime": 6216
     },
     "21860200597": {
      "maxRSS": 12460,
      "systemtime": 0,
      "usertime": 6240
     },
     "21860200616": {
      "maxRSS": 12460,
      "systemtime": 0,
      "usertime": 6266
     },
     "21860200635": {
      "maxRSS": 12460,
      "systemtime": 0,
      "usertime": 6291
     },
     "21860200656": {
      "maxRSS": 12460,
      "systemtime": 0,
      "usertime": 6320
     },
     "21860200678": {
      "maxRSS": 12460,
      "systemtime": 0,
      "usertime": 6348
     },
     "21860200699": {
      "maxRSS": 12460,
      "systemtime": 0,
      "usertime": 6375
     },
     "21860200717": {
      "maxRSS": 12460,
      "systemtime": 0,
      "usertime": 6399
     },
     "21860200736": {
      "maxRSS": 12460,
      "systemtime": 0,
      "usertime": 6425
     },
     "21860200754": {
      "maxRSS": 12460,
      "systemtime": 0,
      "usertime": 6451
     },
     "21860200776": {
      "maxRSS": 12460,
      "systemtime": 0,
      "usertime": 6480
     },
     "21860200798": {
      "maxRSS": 12460,
      "systemtime": 0,
      "usertime": 6508
     },
     "21860200819": {
      "maxRSS": 12460,
      "systemtime": 0,
      "usertime": 6535
     },
     "21860200837": {
      "maxRSS": 12460,
      "systemtime": 0,
      "usertime": 6560
     },
     "21860200855": {
      "maxRSS": 12460,
      "systemtime": 0,
      "usertime": 6585
     },
     "21860200874": {
      "maxRSS": 12460,
      "systemtime": 0,
      "usertime": 6610
     },
     "21860200894": {
      "maxRSS": 12460,
      "systemtime": 0,
      "usertime": 6638
     },
     "21860200917": {
      "maxRSS": 12460,
      "systemtime": 0,
      "usertime": 6668
     },
     "21860200938": {
      "maxRSS": 12460,
      "systemtime": 0,
      "usertime": 6695
     },
     "21860200957": {
      "maxRSS": 12460,
      "systemtime": 0,
      "usertime": 6720
     },
     "21860200975": {
      "maxRSS": 12460,
      "systemtime": 0,
      "usertime": 6745
     },
     "21860200994": {
      "maxRSS": 12460,
      "systemtime": 0,
      "usertime": 6770
     },
     "21860201015": {
      "maxRSS": 12460,
      "systemtime": 0,
      "usertime": 6797
     },
     "21860201037": {
      "maxRSS": 12460,
      "systemtime": 0,
      "usertime": 6832
     },
     "21860201059": {
      "maxRSS": 12460,
      "systemtime": 0,
      "usertime": 6859
     },
     "21860201078": {
      "maxRSS": 12460,
      "systemtime": 0,
      "usertime": 6884
     },
     "21860201097": {
      "maxRSS": 12460,
      "systemtime": 0,
      "usertime": 6910
     },
     "21860201116": {
      "maxRSS": 12460,
      "systemtime": 0,
      "usertime": 6936
     },
     "21860201139": {
      "maxRSS": 12460,
      "systemtime": 0,
      "usertime": 6965
     },
     "21860201162": {
      "maxRSS": 12460,
      "systemtime": 0,
      "usertime": 6996
     },
     "21860201183": {
      "maxRSS": 12460,
      "systemtime": 0,
      "usertime": 7023
     },
     "21860201202": {
      "maxRSS": 12460,
      "systemtime": 0,
      "usertime": 7048
     },
     "21860201221": {
      "maxRSS": 12460,
      "systemtime": 0,
      "usertime": 7073
     },
     "21860201240": {
      "maxRSS": 12460,
      "systemtime": 0,
      "usertime": 7100
     },
     "21860201261": {
      "maxRSS": 12460,
      "systemtime": 0,
      "usertime": 7129
     },
     "21860201286": {
      "maxRSS": 12460,
      "systemtime": 0,
      "usertime": 7160
     },
     "21860201310": {
      "maxRSS": 12460,
      "systemtime": 0,
      "usertime": 7190
     },
     "21860201328": {
      "maxRSS": 12460,
      "systemtime": 0,
      "usertime": 7215
     },
     "21860201346": {
      "maxRSS": 12460,
      "systemtime": 0,
      "usertime": 7240
     },
     "21860201365": {
      "maxRSS": 12460,
      "systemtime": 0,
      "usertime": 7266
     },
     "21860201386": {
      "maxRSS": 12460,
      "systemtime": 0,
      "usertime": 7293
     },
     "21860201418": {
      "maxRSS": 12460,
      "systemtime": 0,
      "usertime": 7332
     },
     "21860201450": {
      "maxRSS": 12460,
      "systemtime": 0,
      "usertime": 7377
     },
     "21860201454": {
      "maxRSS": 12460,
      "systemtime": 0,
      "usertime": 7385
     },
     "21860201471": {
      "maxRSS": 12460,
      "systemtime": 0,
      "usertime": 7402
     },
     "21860201484": {
      "maxRSS": 12460,
      "systemtime": 0,
      "usertime": 7425
     },
     "21860201507": {
      "maxRSS": 12460,
      "systemtime": 0,
      "usertime": 7452
     },
     "21860201530": {
      "maxRSS": 12460,
      "systemtime": 0,
      "usertime": 7481
     },
     "21860201552": {
      "maxRSS": 12460,
      "systemtime": 0,
      "usertime": 7511
     },
     "21860201575": {
      "maxRSS": 12460,
      "systemtime": 0,
      "usertime": 7542
     },
     "21860201593": {
      "maxRSS": 12460,
      "systemtime": 0,
      "usertime": 7565
     },
     "21860201621": {
      "maxRSS": 12460,
      "systemtime": 0,
      "usertime": 7602
     },
     "21860201646": {
      "maxRSS": 12460,
      "systemtime": 0,
      "usertime": 7632
     },
     "21860201668": {
      "maxRSS": 12460,
      "systemtime": 0,
      "usertime": 7660
     },
     "21860201688": {
      "maxRSS": 12460,
      "systemtime": 0,
      "usertime": 7687
     },
     "21860201707": {
      "maxRSS": 12460,
      "systemtime": 0,
      "usertime": 7713
     },
     "21860201727": {
      "maxRSS": 12460,
      "systemtime": 0,
      "usertime": 7740
     },
     "21860201749": {
      "maxRSS": 12460,
      "systemtime": 0,
      "usertime": 7769
     },
     "21860201773": {
      "maxRSS": 12588,
      "systemtime": 0,
      "usertime": 7799
     },
     "21860201796": {
      "maxRSS": 12588,
      "systemtime": 0,
      "usertime": 7828
     },
     "21860201803": {
      "maxRSS": 12588,
      "systemtime": 0,
      "usertime": 7845
     },
     "21860201807": {
      "maxRSS": 12588,
      "systemtime": 0,
      "usertime": 7854
     },
     "21860201811": {
      "maxRSS": 12588,
      "systemtime": 0,
      "usertime": 7862
     },
     "21860201815": {
      "maxRSS": 12588,
      "systemtime": 0,
      "usertime": 7870
     },
     "21860201819": {
      "maxRSS": 12588,
      "systemtime": 0,
      "usertime": 7878
     },
     "21860201841": {
      "maxRSS": 12588,
      "systemtime": 0,
      "usertime": 7902
     },
     "21860201865": {
      "maxRSS": 12588,
      "systemtime": 0,
      "usertime": 7932
     },
     "21860201887": {
      "maxRSS": 12588,
      "systemtime": 0,
      "usertime": 7961
     },
     "21860201906": {
      "maxRSS": 12588,
      "systemtime": 0,
      "usertime": 7987
     },
     "21860201925": {
      "maxRSS": 12588,
      "systemtime": 0,
      "usertime": 8012
     },
     "21860201944": {
      "maxRSS": 12588,
      "systemtime": 0,
      "usertime": 8038
     },
     "21860201965": {
      "maxRSS": 12588,
      "systemtime": 0,
      "usertime": 8068
     },
     "21860201997": {
      "maxRSS": 12588,
      "systemtime": 0,
      "usertime": 8103
     },
     "21860202019": {
      "maxRSS": 12588,
      "systemtime": 0,
      "usertime": 8134
     },
     "21860202037": {
      "maxRSS": 12588,
      "systemtime": 0,
      "usertime": 8158
     },
     "21860202065": {
      "maxRSS": 12588,
      "systemtime": 0,
      "usertime": 8184
     },
     "21860202121": {
      "maxRSS": 12588,
      "systemtime": 0,
      "usertime": 8258
     },
     "21860202146": {
      "maxRSS": 12588,
      "systemtime": 0,
      "usertime": 8287
     },
     "21860202174": {
      "maxRSS": 12588,
      "systemtime": 0,
      "usertime": 8322
     },
     "21860202193": {
      "maxRSS": 12588,
      "systemtime": 0,
      "usertime": 8351
     },
     "21860202216": {
      "maxRSS": 12588,
      "systemtime": 0,
      "usertime": 8378
     },
     "21860202245": {
      "maxRSS": 12588,
      "systemtime": 0,
      "usertime": 8405
     }
    }
   }
  }
 }
}
