{
 "root": {
  "program": {
   "configuration": {
    "": "/root/compiler/tests/corpus/BENCHMARK_FAMILY/guarded/ancestor_nonancestor_guarded.dl",
    "fact-dir": "/root/compiler/fixtures/benchmark-family/ancestor_nonancestor/n500",
    "include-dir": ".",
    "jobs": "1",
    "libraries": "functors",
    "library-dir": ".",
    "output-dir": "/root/compiler/measurements/m2-gate/ancestor_nonancestor/vs_guarded/original",
    "profile": "prof.log",
    "relationCount": "6",
    "ruleCount": "10",
    "version": "2.5",
    "warn": "all",
    "wno": "none"
   },
   "relation": {
    "ancestor_bf": {
     "iteration": {
      "0": {
       "copytime": { "start": 4420934207, "end": 4420934234},
       "maxRSS": {
        "post": 12276,
        "pre": 12276
       },
       "num-tuples": 374,
       "recursive-rule": {
        "ancestor_bf(x,y) :- \n   m_ancestor(x),\n   parent(x,z),\n   ancestor_bf(z,y).": {
         "0": {
          "atom-frequency": {
           "@new_ancestor_bf(x,y) :- \n   m_ancestor(x),\n   parent(x,z),\n   @delta_ancestor_bf(z,y).": {
            "@delta_ancestor_bf": {
             "level": 2,
             "num-tuples": 0
            },
            "m_ancestor": {
             "level": 0,
             "num-tuples": 0
            },
            "parent": {
             "level": 1,
             "num-tuples": 0
            }
           }
          },
          "maxRSS": {
           "post": 12276,
           "pre": 12276
          },
          "num-tuples": 374,
          "runtime": { "start": 4420934113, "end": 4420934180},
          "source-locator": "/root/compiler/tests/corpus/BENCHMARK_FAMILY/guarded/ancestor_nonancestor_guarded.dl [28:1-28:66]"
         }
        }
       },
       "runtime": { "start": 4420934105, "end": 4420934188}
      },
      "1": {
       "copytime": { "start": 4420934409, "end": 4420934453},
       "maxRSS": {
        "post": 12276,
        "pre": 12276
       },
       "num-tuples": 598,
       "recursive-rule": {
        "ancestor_bf(x,y) :- \n   m_ancestor(x),\n   parent(x,z),\n   ancestor_bf(z,y).": {
         "0": {
          "maxRSS": {
           "post": 12276,
           "pre": 12276
          },
          "num-tuples": 598,
          "runtime": { "start": 4420934247, "end": 4420934380},
          "source-locator": "/root/compiler/tests/corpus/BENCHMARK_FAMILY/guarded/ancestor_nonancestor_guarded.dl [28:1-28:66]"
         }
        }
       },
       "runtime": { "start": 4420934238, "end": 4420934389}
      },
      "2": {
       "copytime": { "start": 4420934650, "end": 4420934705},
       "maxRSS": {
        "post": 12276,
        "pre": 12276
       },
       "num-tuples": 576,
       "recursive-rule": {
        "ancestor_bf(x,y) :- \n   m_ancestor(x),\n   parent(x,z),\n   ancestor_bf(z,y).": {
         "0": {
          "maxRSS": {
           "post": 12276,
           "pre": 12276
          },
          "num-tuples": 576,
          "runtime": { "start": 4420934457, "end": 4420934624},
          "source-locator": "/root/compiler/tests/corpus/BENCHMARK_FAMILY/guarded/ancestor_nonancestor_guarded.dl [28:1-28:66]"
         }
        }
       },
       "runtime": { "start": 4420934457, "end": 4420934631}
      },
      "3": {
       "copytime": { "start": 4420934901, "end": 4420934935},
       "maxRSS": {
        "post": 12276,
        "pre": 12276
       },
       "num-tuples": 350,
       "recursive-rule": {
        "ancestor_bf(x,y) :- \n   m_ancestor(x),\n   parent(x,z),\n   ancestor_bf(z,y).": {
         "0": {
          "maxRSS": {
           "post": 12276,
           "pre": 12276
          },
          "num-tuples": 350,
          "runtime": { "start": 4420934722, "end": 4420934872},
          "source-locator": "/root/compiler/tests/corpus/BENCHMARK_FAMILY/guarded/ancestor_nonancestor_guarded.dl [28:1-28:66]"
         }
        }
       },
       "runtime": { "start": 4420934711, "end": 4420934881}
      },
      "4": {
       "copytime": { "start": 4420935076, "end": 4420935104},
       "maxRSS": {
        "post": 12276,
        "pre": 12276
       },
       "num-tuples": 143,
       "recursive-rule": {
        "ancestor_bf(x,y) :- \n   m_ancestor(x),\n   parent(x,z),\n   ancestor_bf(z,y).": {
         "0": {
          "maxRSS": {
           "post": 12276,
           "pre": 12276
          },
          "num-tuples": 143,
          "runtime": { "start": 4420934948, "end": 4420935048},
          "source-locator": "/root/compiler/tests/corpus/BENCHMARK_FAMILY/guarded/ancestor_nonancestor_guarded.dl [28:1-28:66]"
         }
        }
       },
       "runtime": { "start": 4420934939, "end": 4420935056}
      },
      "5": {
       "copytime": { "start": 4420935218, "end": 4420935225},
       "maxRSS": {
        "post": 12276,
        "pre": 12276
       },
       "num-tuples": 51,
       "recursive-rule": {
        "ancestor_bf(x,y) :- \n   m_ancestor(x),\n   parent(x,z),\n   ancestor_bf(z,y).": {
         "0": {
          "maxRSS": {
           "post": 12276,
           "pre": 12276
          },
          "num-tuples": 51,
          "runtime": { "start": 4420935118, "end": 4420935185},
          "source-locator": "/root/compiler/tests/corpus/BENCHMARK_FAMILY/guarded/ancestor_nonancestor_guarded.dl [28:1-28:66]"
         }
        }
       },
       "runtime": { "start": 4420935109, "end": 4420935194}
      },
      "6": {
       "copytime": { "start": 4420935297, "end": 4420935300},
       "maxRSS": {
        "post": 12276,
        "pre": 12276
       },
       "num-tuples": 10,
       "recursive-rule": {
        "ancestor_bf(x,y) :- \n   m_ancestor(x),\n   parent(x,z),\n   ancestor_bf(z,y).": {
         "0": {
          "maxRSS": {
           "post": 12276,
           "pre": 12276
          },
          "num-tuples": 10,
          "runtime": { "start": 4420935238, "end": 4420935269},
          "source-locator": "/root/compiler/tests/corpus/BENCHMARK_FAMILY/guarded/ancestor_nonancestor_guarded.dl [28:1-28:66]"
         }
        }
       },
       "runtime": { "start": 4420935228, "end": 4420935278}
      },
      "7": {
       "maxRSS": {
        "post": 12276,
        "pre": 12276
       },
       "num-tuples": 0,
       "recursive-rule": {
        "ancestor_bf(x,y) :- \n   m_ancestor(x),\n   parent(x,z),\n   ancestor_bf(z,y).": {
         "0": {
          "maxRSS": {
           "post": 12276,
           "pre": 12276
          },
          "num-tuples": 0,
          "runtime": { "start": 4420935312, "end": 4420935327},
          "source-locator": "/root/compiler/tests/corpus/BENCHMARK_FAMILY/guarded/ancestor_nonancestor_guarded.dl [28:1-28:66]"
         }
        }
       },
       "runtime": { "start": 4420935303, "end": 4420935336}
      }
     },
     "maxRSS": {
      "post": 12276,
      "pre": 12276
     },
     "non-recursive-rule": {
      "ancestor_bf(x,y) :- \n   m_ancestor(x),\n   parent(x,y).": {
       "atom-frequency": {
        "ancestor_bf(x,y) :- \n   m_ancestor(x),\n   parent(x,y).": {
         "m_ancestor": {
          "level": 0,
          "num-tuples": 0
         },
         "parent": {
          "level": 1,
          "num-tuples": 0
         }
        }
       },
       "maxRSS": {
        "post": 12276,
        "pre": 12276
       },
       "num-tuples": 149,
       "runtime": { "start": 4420934066, "end": 4420934078},
       "source-locator": "/root/compiler/tests/corpus/BENCHMARK_FAMILY/guarded/ancestor_nonancestor_guarded.dl [27:1-27:48]"
      }
     },
     "num-tuples": 149,
     "reads": 31453,
     "runtime": { "start": 4420934066, "end": 4420934093},
     "source-locator": "/root/compiler/tests/corpus/BENCHMARK_FAMILY/guarded/ancestor_nonancestor_guarded.dl [26:7-26:18]"
    },
    "m_ancestor": {
     "iteration": {
      "0": {
       "copytime": { "start": 4420933981, "end": 4420933982},
       "maxRSS": {
        "post": 12276,
        "pre": 12148
       },
       "num-tuples": 5,
       "recursive-rule": {
        "m_ancestor(z) :- \n   m_ancestor(x),\n   parent(x,z).": {
         "0": {
          "atom-frequency": {
           "@new_m_ancestor(z) :- \n   @delta_m_ancestor(x),\n   parent(x,z).": {
            "@delta_m_ancestor": {
             "level": 0,
             "num-tuples": 0
            },
            "parent": {
             "level": 1,
             "num-tuples": 0
            }
           }
          },
          "maxRSS": {
           "post": 12276,
           "pre": 12148
          },
          "num-tuples": 5,
          "runtime": { "start": 4420933942, "end": 4420933952},
          "source-locator": "/root/compiler/tests/corpus/BENCHMARK_FAMILY/guarded/ancestor_nonancestor_guarded.dl [24:1-24:45]"
         }
        }
       },
       "runtime": { "start": 4420933933, "end": 4420933961}
      },
      "1": {
       "copytime": { "start": 4420934004, "end": 4420934005},
       "maxRSS": {
        "post": 12276,
        "pre": 12276
       },
       "num-tuples": 21,
       "recursive-rule": {
        "m_ancestor(z) :- \n   m_ancestor(x),\n   parent(x,z).": {
         "0": {
          "maxRSS": {
           "post": 12276,
           "pre": 12276
          },
          "num-tuples": 21,
          "runtime": { "start": 4420933986, "end": 4420933991},
          "source-locator": "/root/compiler/tests/corpus/BENCHMARK_FAMILY/guarded/ancestor_nonancestor_guarded.dl [24:1-24:45]"
         }
        }
       },
       "runtime": { "start": 4420933986, "end": 4420933997}
      },
      "2": {
       "copytime": { "start": 4420934026, "end": 4420934028},
       "maxRSS": {
        "post": 12276,
        "pre": 12276
       },
       "num-tuples": 17,
       "recursive-rule": {
        "m_ancestor(z) :- \n   m_ancestor(x),\n   parent(x,z).": {
         "0": {
          "maxRSS": {
           "post": 12276,
           "pre": 12276
          },
          "num-tuples": 17,
          "runtime": { "start": 4420934008, "end": 4420934015},
          "source-locator": "/root/compiler/tests/corpus/BENCHMARK_FAMILY/guarded/ancestor_nonancestor_guarded.dl [24:1-24:45]"
         }
        }
       },
       "runtime": { "start": 4420934008, "end": 4420934020}
      },
      "3": {
       "copytime": { "start": 4420934047, "end": 4420934048},
       "maxRSS": {
        "post": 12276,
        "pre": 12276
       },
       "num-tuples": 6,
       "recursive-rule": {
        "m_ancestor(z) :- \n   m_ancestor(x),\n   parent(x,z).": {
         "0": {
          "maxRSS": {
           "post": 12276,
           "pre": 12276
          },
          "num-tuples": 6,
          "runtime": { "start": 4420934030, "end": 4420934037},
          "source-locator": "/root/compiler/tests/corpus/BENCHMARK_FAMILY/guarded/ancestor_nonancestor_guarded.dl [24:1-24:45]"
         }
        }
       },
       "runtime": { "start": 4420934030, "end": 4420934041}
      },
      "4": {
       "maxRSS": {
        "post": 12276,
        "pre": 12276
       },
       "num-tuples": 0,
       "recursive-rule": {
        "m_ancestor(z) :- \n   m_ancestor(x),\n   parent(x,z).": {
         "0": {
          "maxRSS": {
           "post": 12276,
           "pre": 12276
          },
          "num-tuples": 0,
          "runtime": { "start": 4420934050, "end": 4420934053},
          "source-locator": "/root/compiler/tests/corpus/BENCHMARK_FAMILY/guarded/ancestor_nonancestor_guarded.dl [24:1-24:45]"
         }
        }
       },
       "runtime": { "start": 4420934050, "end": 4420934057}
      }
     },
     "maxRSS": {
      "post": 12148,
      "pre": 12020
     },
     "non-recursive-rule": {
      "m_ancestor(1).": {
       "maxRSS": {
        "post": 12148,
        "pre": 12020
       },
       "num-tuples": 1,
       "runtime": { "start": 4420933915, "end": 4420933920},
       "source-locator": "/root/compiler/tests/corpus/BENCHMARK_FAMILY/guarded/ancestor_nonancestor_guarded.dl [23:1-23:15]"
      }
     },
     "num-tuples": 1,
     "reads": 149,
     "runtime": { "start": 4420933906, "end": 4420933928},
     "source-locator": "/root/compiler/tests/corpus/BENCHMARK_FAMILY/guarded/ancestor_nonancestor_guarded.dl [22:7-22:17]"
    },
    "nonancestor_bf": {
     "maxRSS": {
      "post": 12788,
      "pre": 12276
     },
     "non-recursive-rule": {
      "nonancestor_bf(x,y) :- \n   m_ancestor(x),\n   person(x),\n   person(y),\n   !ancestor_bf(x,y).": {
       "atom-frequency": {
        "nonancestor_bf(x,y) :- \n   m_ancestor(x),\n   person(x),\n   person(y),\n   !ancestor_bf(x,y).": {
         "m_ancestor": {
          "level": 0,
          "num-tuples": 0
         },
         "person": {
          "level": 2,
          "num-tuples": 0
         }
        }
       },
       "maxRSS": {
        "post": 12788,
        "pre": 12276
       },
       "num-tuples": 22749,
       "runtime": { "start": 4420935368, "end": 4420937212},
       "source-locator": "/root/compiler/tests/corpus/BENCHMARK_FAMILY/guarded/ancestor_nonancestor_guarded.dl [31:1-31:79]"
      }
     },
     "num-tuples": 22749,
     "reads": 0,
     "runtime": { "start": 4420935359, "end": 4420937225},
     "source-locator": "/root/compiler/tests/corpus/BENCHMARK_FAMILY/guarded/ancestor_nonancestor_guarded.dl [30:7-30:21]"
    },
    "parent": {
     "loadtime": { "start": 4420933521, "end": 4420933822},
     "num-tuples": 1000,
     "reads": 0,
     "source-locator": "/root/compiler/tests/corpus/BENCHMARK_FAMILY/guarded/ancestor_nonancestor_guarded.dl [17:7-17:13]"
    },
    "person": {
     "loadtime": { "start": 4420933830, "end": 4420933899},
     "num-tuples": 500,
     "reads": 50,
     "source-locator": "/root/compiler/tests/corpus/BENCHMARK_FAMILY/guarded/ancestor_nonancestor_guarded.dl [19:7-19:13]"
    },
    "q_nonancestor": {
     "maxRSS": {
      "post": 12788,
      "pre": 12788
     },
     "non-recursive-rule": {
      "q_nonancestor(y) :- \n   nonancestor_bf(1,y).": {
       "atom-frequency": {
        "q_nonancestor(y) :- \n   nonancestor_bf(1,y).": {
         "nonancestor_bf": {
          "level": 0,
          "num-tuples": 0
         }
        }
       },
       "maxRSS": {
        "post": 12788,
        "pre": 12788
       },
       "num-tuples": 450,
       "runtime": { "start": 4420937247, "end": 4420937263},
       "source-locator": "/root/compiler/tests/corpus/BENCHMARK_FAMILY/guarded/ancestor_nonancestor_guarded.dl [35:1-35:41]"
      }
     },
     "num-tuples": 450,
     "reads": 0,
     "runtime": { "start": 4420937236, "end": 4420937271},
     "savetime": { "start": 4420937276, "end": 4420937436},
     "source-locator": "/root/compiler/tests/corpus/BENCHMARK_FAMILY/guarded/ancestor_nonancestor_guarded.dl [33:7-33:20]"
    }
   },
   "runtime": { "start": 4420933515, "end": 4420937474},
   "starttime": { "time": 4420933482},
   "usage": {
    "timepoint": {
     "4420933553": {
      "maxRSS": 11752,
      "systemtime": 0,
      "usertime": 4418
     },
     "4420933894": {
      "maxRSS": 12020,
      "systemtime": 0,
      "usertime": 4761
     },
     "4420933924": {
      "maxRSS": 12148,
      "systemtime": 0,
      "usertime": 4860
     },
     "4420933953": {
      "maxRSS": 12276,
      "systemtime": 0,
      "usertime": 4902
     },
     "4420934051": {
      "maxRSS": 12276,
      "systemtime": 0,
      "usertime": 5016
     },
     "4420934064": {
      "maxRSS": 12276,
      "systemtime": 0,
      "usertime": 5037
     },
     "4420934169": {
      "maxRSS": 12276,
      "systemtime": 0,
      "usertime": 5100
     },
     "4420934214": {
      "maxRSS": 12276,
      "systemtime": 0,
      "usertime": 5210
     },
     "4420934311": {
      "maxRSS": 12276,
      "systemtime": 0,
      "usertime": 5264
     },
     "4420934459": {
      "maxRSS": 12276,
      "systemtime": 0,
      "usertime": 5491
     },
     "4420934650": {
      "maxRSS": 12276,
      "systemtime": 0,
      "usertime": 5689
     },
     "4420934727": {
      "maxRSS": 12276,
      "systemtime": 0,
      "usertime": 5774
     },
     "4420934900": {
      "maxRSS": 12276,
      "systemtime": 0,
      "usertime": 5954
     },
     "4420934953": {
      "maxRSS": 12276,
      "systemtime": 0,
      "usertime": 6013
     },
     "4420935074": {
      "maxRSS": 12276,
      "systemtime": 0,
      "usertime": 6144
     },
     "4420935122": {
      "maxRSS": 12276,
      "systemtime": 0,
      "usertime": 6197
     },
     "4420935215": {
      "maxRSS": 12276,
      "systemtime": 0,
      "usertime": 6296
     },
     "4420935242": {
      "maxRSS": 12276,
      "systemtime": 0,
      "usertime": 6328
     },
     "4420935296": {
      "maxRSS": 12276,
      "systemtime": 0,
      "usertime": 6386
     },
     "4420935316": {
      "maxRSS": 12276,
      "systemtime": 0,
      "usertime": 6413
     },
     "4420935354": {
      "maxRSS": 12276,
      "systemtime": 0,
      "usertime": 6457
     },
     "4420935373": {
      "maxRSS": 12276,
      "systemtime": 0,
      "usertime": 6480
     },
     "4420936439": {
      "maxRSS": 12532,
      "systemtime": 0,
      "usertime": 7127
     },
     "4420937252": {
      "maxRSS": 12788,
      "systemtime": 0,
      "usertime": 8371
     },
     "4420937290": {
      "maxRSS": 12788,
      "systemtime": 0,
      "usertime": 8407
     }
    }
   }
  }
 }
}
