{
 "root": {
  "program": {
   "configuration": {
    "": "/root/compiler/tests/corpus/BENCHMARK_FAMILY/transitive_closure_bound.dl",
    "fact-dir": "/root/compiler/fixtures/benchmark-family/transitive_closure_bound/n500",
    "include-dir": ".",
    "jobs": "1",
    "libraries": "functors",
    "library-dir": ".",
    "output-dir": "/root/compiler/measurements/night03-t2/transitive_closure_bound/n500/source",
    "profile": "prof.log",
    "relationCount": "3",
    "ruleCount": "5",
    "version": "2.5",
    "warn": "all",
    "wno": "none"
   },
   "relation": {
    "edge": {
     "loadtime": { "start": 936613916, "end": 936614806},
     "num-tuples": 1000,
     "reads": 0,
     "source-locator": "/root/compiler/tests/corpus/BENCHMARK_FAMILY/transitive_closure_bound.dl [17:7-17:11]"
    },
    "q_tc": {
     "maxRSS": {
      "post": 16628,
      "pre": 16628
     },
     "non-recursive-rule": {
      "q_tc(y) :- \n   tc(1,y).": {
       "atom-frequency": {
        "q_tc(y) :- \n   tc(1,y).": {
         "tc": {
          "level": 0,
          "num-tuples": 0
         }
        }
       },
       "maxRSS": {
        "post": 16628,
        "pre": 16628
       },
       "num-tuples": 50,
       "runtime": { "start": 936657119, "end": 936657123},
       "source-locator": "/root/compiler/tests/corpus/BENCHMARK_FAMILY/transitive_closure_bound.dl [26:1-26:20]"
      }
     },
     "num-tuples": 50,
     "reads": 0,
     "runtime": { "start": 936657117, "end": 936657131},
     "savetime": { "start": 936657135, "end": 936657240},
     "source-locator": "/root/compiler/tests/corpus/BENCHMARK_FAMILY/transitive_closure_bound.dl [24:7-24:11]"
    },
    "tc": {
     "iteration": {
      "0": {
       "copytime": { "start": 936615359, "end": 936615567},
       "maxRSS": {
        "post": 16628,
        "pre": 16628
       },
       "num-tuples": 2142,
       "recursive-rule": {
        "tc(x,y) :- \n   tc(x,z),\n   edge(z,y).": {
         "0": {
          "atom-frequency": {
           "@new_tc(x,y) :- \n   @delta_tc(x,z),\n   edge(z,y).": {
            "@delta_tc": {
             "level": 0,
             "num-tuples": 0
            },
            "edge": {
             "level": 1,
             "num-tuples": 0
            }
           }
          },
          "maxRSS": {
           "post": 16628,
           "pre": 16628
          },
          "num-tuples": 2142,
          "runtime": { "start": 936614949, "end": 936615325},
          "source-locator": "/root/compiler/tests/corpus/BENCHMARK_FAMILY/transitive_closure_bound.dl [22:1-22:31]"
         }
        }
       },
       "runtime": { "start": 936614939, "end": 936615335}
      },
      "1": {
       "copytime": { "start": 936616564, "end": 936616997},
       "maxRSS": {
        "post": 16628,
        "pre": 16628
       },
       "num-tuples": 4360,
       "recursive-rule": {
        "tc(x,y) :- \n   tc(x,z),\n   edge(z,y).": {
         "0": {
          "maxRSS": {
           "post": 16628,
           "pre": 16628
          },
          "num-tuples": 4360,
          "runtime": { "start": 936615584, "end": 936616523},
          "source-locator": "/root/compiler/tests/corpus/BENCHMARK_FAMILY/transitive_closure_bound.dl [22:1-22:31]"
         }
        }
       },
       "runtime": { "start": 936615574, "end": 936616534}
      },
      "10": {
       "copytime": { "start": 936646378, "end": 936646977},
       "maxRSS": {
        "post": 16628,
        "pre": 16628
       },
       "num-tuples": 5485,
       "recursive-rule": {
        "tc(x,y) :- \n   tc(x,z),\n   edge(z,y).": {
         "0": {
          "maxRSS": {
           "post": 16628,
           "pre": 16628
          },
          "num-tuples": 5485,
          "runtime": { "start": 936644123, "end": 936646338},
          "source-locator": "/root/compiler/tests/corpus/BENCHMARK_FAMILY/transitive_closure_bound.dl [22:1-22:31]"
         }
        }
       },
       "runtime": { "start": 936644109, "end": 936646351}
      },
      "11": {
       "copytime": { "start": 936649026, "end": 936649509},
       "maxRSS": {
        "post": 16628,
        "pre": 16628
       },
       "num-tuples": 4425,
       "recursive-rule": {
        "tc(x,y) :- \n   tc(x,z),\n   edge(z,y).": {
         "0": {
          "maxRSS": {
           "post": 16628,
           "pre": 16628
          },
          "num-tuples": 4425,
          "runtime": { "start": 936646998, "end": 936648988},
          "source-locator": "/root/compiler/tests/corpus/BENCHMARK_FAMILY/transitive_closure_bound.dl [22:1-22:31]"
         }
        }
       },
       "runtime": { "start": 936646984, "end": 936649000}
      },
      "12": {
       "copytime": { "start": 936651234, "end": 936651688},
       "maxRSS": {
        "post": 16628,
        "pre": 16628
       },
       "num-tuples": 3419,
       "recursive-rule": {
        "tc(x,y) :- \n   tc(x,z),\n   edge(z,y).": {
         "0": {
          "maxRSS": {
           "post": 16628,
           "pre": 16628
          },
          "num-tuples": 3419,
          "runtime": { "start": 936649528, "end": 936651199},
          "source-locator": "/root/compiler/tests/corpus/BENCHMARK_FAMILY/transitive_closure_bound.dl [22:1-22:31]"
         }
        }
       },
       "runtime": { "start": 936649515, "end": 936651210}
      },
      "13": {
       "copytime": { "start": 936652963, "end": 936653257},
       "maxRSS": {
        "post": 16628,
        "pre": 16628
       },
       "num-tuples": 2583,
       "recursive-rule": {
        "tc(x,y) :- \n   tc(x,z),\n   edge(z,y).": {
         "0": {
          "maxRSS": {
           "post": 16628,
           "pre": 16628
          },
          "num-tuples": 2583,
          "runtime": { "start": 936651710, "end": 936652926},
          "source-locator": "/root/compiler/tests/corpus/BENCHMARK_FAMILY/transitive_closure_bound.dl [22:1-22:31]"
         }
        }
       },
       "runtime": { "start": 936651693, "end": 936652938}
      },
      "14": {
       "copytime": { "start": 936654285, "end": 936654504},
       "maxRSS": {
        "post": 16628,
        "pre": 16628
       },
       "num-tuples": 1892,
       "recursive-rule": {
        "tc(x,y) :- \n   tc(x,z),\n   edge(z,y).": {
         "0": {
          "maxRSS": {
           "post": 16628,
           "pre": 16628
          },
          "num-tuples": 1892,
          "runtime": { "start": 936653275, "end": 936654252},
          "source-locator": "/root/compiler/tests/corpus/BENCHMARK_FAMILY/transitive_closure_bound.dl [22:1-22:31]"
         }
        }
       },
       "runtime": { "start": 936653263, "end": 936654263}
      },
      "15": {
       "copytime": { "start": 936655215, "end": 936655367},
       "maxRSS": {
        "post": 16628,
        "pre": 16628
       },
       "num-tuples": 1305,
       "recursive-rule": {
        "tc(x,y) :- \n   tc(x,z),\n   edge(z,y).": {
         "0": {
          "maxRSS": {
           "post": 16628,
           "pre": 16628
          },
          "num-tuples": 1305,
          "runtime": { "start": 936654521, "end": 936655181},
          "source-locator": "/root/compiler/tests/corpus/BENCHMARK_FAMILY/transitive_closure_bound.dl [22:1-22:31]"
         }
        }
       },
       "runtime": { "start": 936654510, "end": 936655192}
      },
      "16": {
       "copytime": { "start": 936655874, "end": 936655980},
       "maxRSS": {
        "post": 16628,
        "pre": 16628
       },
       "num-tuples": 818,
       "recursive-rule": {
        "tc(x,y) :- \n   tc(x,z),\n   edge(z,y).": {
         "0": {
          "maxRSS": {
           "post": 16628,
           "pre": 16628
          },
          "num-tuples": 818,
          "runtime": { "start": 936655382, "end": 936655841},
          "source-locator": "/root/compiler/tests/corpus/BENCHMARK_FAMILY/transitive_closure_bound.dl [22:1-22:31]"
         }
        }
       },
       "runtime": { "start": 936655372, "end": 936655851}
      },
      "17": {
       "copytime": { "start": 936656318, "end": 936656386},
       "maxRSS": {
        "post": 16628,
        "pre": 16628
       },
       "num-tuples": 482,
       "recursive-rule": {
        "tc(x,y) :- \n   tc(x,z),\n   edge(z,y).": {
         "0": {
          "maxRSS": {
           "post": 16628,
           "pre": 16628
          },
          "num-tuples": 482,
          "runtime": { "start": 936655994, "end": 936656286},
          "source-locator": "/root/compiler/tests/corpus/BENCHMARK_FAMILY/transitive_closure_bound.dl [22:1-22:31]"
         }
        }
       },
       "runtime": { "start": 936655984, "end": 936656297}
      },
      "18": {
       "copytime": { "start": 936656583, "end": 936656619},
       "maxRSS": {
        "post": 16628,
        "pre": 16628
       },
       "num-tuples": 273,
       "recursive-rule": {
        "tc(x,y) :- \n   tc(x,z),\n   edge(z,y).": {
         "0": {
          "maxRSS": {
           "post": 16628,
           "pre": 16628
          },
          "num-tuples": 273,
          "runtime": { "start": 936656400, "end": 936656555},
          "source-locator": "/root/compiler/tests/corpus/BENCHMARK_FAMILY/transitive_closure_bound.dl [22:1-22:31]"
         }
        }
       },
       "runtime": { "start": 936656390, "end": 936656564}
      },
      "19": {
       "copytime": { "start": 936656744, "end": 936656764},
       "maxRSS": {
        "post": 16628,
        "pre": 16628
       },
       "num-tuples": 144,
       "recursive-rule": {
        "tc(x,y) :- \n   tc(x,z),\n   edge(z,y).": {
         "0": {
          "maxRSS": {
           "post": 16628,
           "pre": 16628
          },
          "num-tuples": 144,
          "runtime": { "start": 936656631, "end": 936656716},
          "source-locator": "/root/compiler/tests/corpus/BENCHMARK_FAMILY/transitive_closure_bound.dl [22:1-22:31]"
         }
        }
       },
       "runtime": { "start": 936656623, "end": 936656725}
      },
      "2": {
       "copytime": { "start": 936618852, "end": 936619521},
       "maxRSS": {
        "post": 16628,
        "pre": 16628
       },
       "num-tuples": 7021,
       "recursive-rule": {
        "tc(x,y) :- \n   tc(x,z),\n   edge(z,y).": {
         "0": {
          "maxRSS": {
           "post": 16628,
           "pre": 16628
          },
          "num-tuples": 7021,
          "runtime": { "start": 936617015, "end": 936618820},
          "source-locator": "/root/compiler/tests/corpus/BENCHMARK_FAMILY/transitive_closure_bound.dl [22:1-22:31]"
         }
        }
       },
       "runtime": { "start": 936617004, "end": 936618831}
      },
      "20": {
       "copytime": { "start": 936656851, "end": 936656862},
       "maxRSS": {
        "post": 16628,
        "pre": 16628
       },
       "num-tuples": 73,
       "recursive-rule": {
        "tc(x,y) :- \n   tc(x,z),\n   edge(z,y).": {
         "0": {
          "maxRSS": {
           "post": 16628,
           "pre": 16628
          },
          "num-tuples": 73,
          "runtime": { "start": 936656776, "end": 936656822},
          "source-locator": "/root/compiler/tests/corpus/BENCHMARK_FAMILY/transitive_closure_bound.dl [22:1-22:31]"
         }
        }
       },
       "runtime": { "start": 936656767, "end": 936656831}
      },
      "21": {
       "copytime": { "start": 936656922, "end": 936656928},
       "maxRSS": {
        "post": 16628,
        "pre": 16628
       },
       "num-tuples": 31,
       "recursive-rule": {
        "tc(x,y) :- \n   tc(x,z),\n   edge(z,y).": {
         "0": {
          "maxRSS": {
           "post": 16628,
           "pre": 16628
          },
          "num-tuples": 31,
          "runtime": { "start": 936656874, "end": 936656896},
          "source-locator": "/root/compiler/tests/corpus/BENCHMARK_FAMILY/transitive_closure_bound.dl [22:1-22:31]"
         }
        }
       },
       "runtime": { "start": 936656865, "end": 936656904}
      },
      "22": {
       "copytime": { "start": 936656980, "end": 936656983},
       "maxRSS": {
        "post": 16628,
        "pre": 16628
       },
       "num-tuples": 15,
       "recursive-rule": {
        "tc(x,y) :- \n   tc(x,z),\n   edge(z,y).": {
         "0": {
          "maxRSS": {
           "post": 16628,
           "pre": 16628
          },
          "num-tuples": 15,
          "runtime": { "start": 936656940, "end": 936656952},
          "source-locator": "/root/compiler/tests/corpus/BENCHMARK_FAMILY/transitive_closure_bound.dl [22:1-22:31]"
         }
        }
       },
       "runtime": { "start": 936656931, "end": 936656961}
      },
      "23": {
       "copytime": { "start": 936657029, "end": 936657030},
       "maxRSS": {
        "post": 16628,
        "pre": 16628
       },
       "num-tuples": 4,
       "recursive-rule": {
        "tc(x,y) :- \n   tc(x,z),\n   edge(z,y).": {
         "0": {
          "maxRSS": {
           "post": 16628,
           "pre": 16628
          },
          "num-tuples": 4,
          "runtime": { "start": 936656995, "end": 936657001},
          "source-locator": "/root/compiler/tests/corpus/BENCHMARK_FAMILY/transitive_closure_bound.dl [22:1-22:31]"
         }
        }
       },
       "runtime": { "start": 936656987, "end": 936657009}
      },
      "24": {
       "copytime": { "start": 936657073, "end": 936657074},
       "maxRSS": {
        "post": 16628,
        "pre": 16628
       },
       "num-tuples": 4,
       "recursive-rule": {
        "tc(x,y) :- \n   tc(x,z),\n   edge(z,y).": {
         "0": {
          "maxRSS": {
           "post": 16628,
           "pre": 16628
          },
          "num-tuples": 4,
          "runtime": { "start": 936657042, "end": 936657046},
          "source-locator": "/root/compiler/tests/corpus/BENCHMARK_FAMILY/transitive_closure_bound.dl [22:1-22:31]"
         }
        }
       },
       "runtime": { "start": 936657034, "end": 936657053}
      },
      "25": {
       "maxRSS": {
        "post": 16628,
        "pre": 16628
       },
       "num-tuples": 0,
       "recursive-rule": {
        "tc(x,y) :- \n   tc(x,z),\n   edge(z,y).": {
         "0": {
          "maxRSS": {
           "post": 16628,
           "pre": 16628
          },
          "num-tuples": 0,
          "runtime": { "start": 936657087, "end": 936657088},
          "source-locator": "/root/compiler/tests/corpus/BENCHMARK_FAMILY/transitive_closure_bound.dl [22:1-22:31]"
         }
        }
       },
       "runtime": { "start": 936657078, "end": 936657096}
      },
      "3": {
       "copytime": { "start": 936622356, "end": 936623099},
       "maxRSS": {
        "post": 16628,
        "pre": 16628
       },
       "num-tuples": 8468,
       "recursive-rule": {
        "tc(x,y) :- \n   tc(x,z),\n   edge(z,y).": {
         "0": {
          "maxRSS": {
           "post": 16628,
           "pre": 16628
          },
          "num-tuples": 8468,
          "runtime": { "start": 936619544, "end": 936622308},
          "source-locator": "/root/compiler/tests/corpus/BENCHMARK_FAMILY/transitive_closure_bound.dl [22:1-22:31]"
         }
        }
       },
       "runtime": { "start": 936619529, "end": 936622328}
      },
      "4": {
       "copytime": { "start": 936626215, "end": 936627001},
       "maxRSS": {
        "post": 16628,
        "pre": 16628
       },
       "num-tuples": 7989,
       "recursive-rule": {
        "tc(x,y) :- \n   tc(x,z),\n   edge(z,y).": {
         "0": {
          "maxRSS": {
           "post": 16628,
           "pre": 16628
          },
          "num-tuples": 7989,
          "runtime": { "start": 936623118, "end": 936626179},
          "source-locator": "/root/compiler/tests/corpus/BENCHMARK_FAMILY/transitive_closure_bound.dl [22:1-22:31]"
         }
        }
       },
       "runtime": { "start": 936623105, "end": 936626191}
      },
      "5": {
       "copytime": { "start": 936629981, "end": 936630687},
       "maxRSS": {
        "post": 16628,
        "pre": 16628
       },
       "num-tuples": 7221,
       "recursive-rule": {
        "tc(x,y) :- \n   tc(x,z),\n   edge(z,y).": {
         "0": {
          "maxRSS": {
           "post": 16628,
           "pre": 16628
          },
          "num-tuples": 7221,
          "runtime": { "start": 936627020, "end": 936629943},
          "source-locator": "/root/compiler/tests/corpus/BENCHMARK_FAMILY/transitive_closure_bound.dl [22:1-22:31]"
         }
        }
       },
       "runtime": { "start": 936627008, "end": 936629955}
      },
      "6": {
       "copytime": { "start": 936633379, "end": 936634085},
       "maxRSS": {
        "post": 16628,
        "pre": 16628
       },
       "num-tuples": 6986,
       "recursive-rule": {
        "tc(x,y) :- \n   tc(x,z),\n   edge(z,y).": {
         "0": {
          "maxRSS": {
           "post": 16628,
           "pre": 16628
          },
          "num-tuples": 6986,
          "runtime": { "start": 936630707, "end": 936633342},
          "source-locator": "/root/compiler/tests/corpus/BENCHMARK_FAMILY/transitive_closure_bound.dl [22:1-22:31]"
         }
        }
       },
       "runtime": { "start": 936630694, "end": 936633353}
      },
      "7": {
       "copytime": { "start": 936636703, "end": 936637422},
       "maxRSS": {
        "post": 16628,
        "pre": 16628
       },
       "num-tuples": 7046,
       "recursive-rule": {
        "tc(x,y) :- \n   tc(x,z),\n   edge(z,y).": {
         "0": {
          "maxRSS": {
           "post": 16628,
           "pre": 16628
          },
          "num-tuples": 7046,
          "runtime": { "start": 936634104, "end": 936636662},
          "source-locator": "/root/compiler/tests/corpus/BENCHMARK_FAMILY/transitive_closure_bound.dl [22:1-22:31]"
         }
        }
       },
       "runtime": { "start": 936634092, "end": 936636676}
      },
      "8": {
       "copytime": { "start": 936640086, "end": 936640838},
       "maxRSS": {
        "post": 16628,
        "pre": 16628
       },
       "num-tuples": 6968,
       "recursive-rule": {
        "tc(x,y) :- \n   tc(x,z),\n   edge(z,y).": {
         "0": {
          "maxRSS": {
           "post": 16628,
           "pre": 16628
          },
          "num-tuples": 6968,
          "runtime": { "start": 936637443, "end": 936640059},
          "source-locator": "/root/compiler/tests/corpus/BENCHMARK_FAMILY/transitive_closure_bound.dl [22:1-22:31]"
         }
        }
       },
       "runtime": { "start": 936637428, "end": 936640071}
      },
      "9": {
       "copytime": { "start": 936643348, "end": 936644099},
       "maxRSS": {
        "post": 16628,
        "pre": 16628
       },
       "num-tuples": 6414,
       "recursive-rule": {
        "tc(x,y) :- \n   tc(x,z),\n   edge(z,y).": {
         "0": {
          "maxRSS": {
           "post": 16628,
           "pre": 16628
          },
          "num-tuples": 6414,
          "runtime": { "start": 936640860, "end": 936643311},
          "source-locator": "/root/compiler/tests/corpus/BENCHMARK_FAMILY/transitive_closure_bound.dl [22:1-22:31]"
         }
        }
       },
       "runtime": { "start": 936640845, "end": 936643323}
      }
     },
     "maxRSS": {
      "post": 16628,
      "pre": 16628
     },
     "non-recursive-rule": {
      "tc(x,y) :- \n   edge(x,y).": {
       "atom-frequency": {
        "tc(x,y) :- \n   edge(x,y).": {
         "edge": {
          "level": 0,
          "num-tuples": 0
         }
        }
       },
       "maxRSS": {
        "post": 16628,
        "pre": 16628
       },
       "num-tuples": 1000,
       "runtime": { "start": 936614831, "end": 936614881},
       "source-locator": "/root/compiler/tests/corpus/BENCHMARK_FAMILY/transitive_closure_bound.dl [21:1-21:22]"
      }
     },
     "num-tuples": 1000,
     "reads": 186009,
     "runtime": { "start": 936614817, "end": 936614891},
     "source-locator": "/root/compiler/tests/corpus/BENCHMARK_FAMILY/transitive_closure_bound.dl [20:7-20:9]"
    }
   },
   "runtime": { "start": 936613911, "end": 936657422},
   "starttime": { "time": 936613882},
   "usage": {
    "timepoint": {
     "936613936": {
      "maxRSS": 16628,
      "systemtime": 3801,
      "usertime": 3801
     },
     "936614870": {
      "maxRSS": 16628,
      "systemtime": 4173,
      "usertime": 4173
     },
     "936614953": {
      "maxRSS": 16628,
      "systemtime": 4238,
      "usertime": 4238
     },
     "936615381": {
      "maxRSS": 16628,
      "systemtime": 4449,
      "usertime": 4449
     },
     "936615588": {
      "maxRSS": 16628,
      "systemtime": 4569,
      "usertime": 4569
     },
     "936616599": {
      "maxRSS": 16628,
      "systemtime": 4569,
      "usertime": 5569
     },
     "936617021": {
      "maxRSS": 16628,
      "systemtime": 4569,
      "usertime": 6028
     },
     "936618088": {
      "maxRSS": 16628,
      "systemtime": 4569,
      "usertime": 6039
     },
     "936618851": {
      "maxRSS": 16628,
      "systemtime": 4569,
      "usertime": 7878
     },
     "936619552": {
      "maxRSS": 16628,
      "systemtime": 4569,
      "usertime": 8585
     },
     "936620620": {
      "maxRSS": 16628,
      "systemtime": 4569,
      "usertime": 9056
     },
     "936621696": {
      "maxRSS": 16628,
      "systemtime": 4569,
      "usertime": 9064
     },
     "936622353": {
      "maxRSS": 16628,
      "systemtime": 4569,
      "usertime": 11416
     },
     "936622359": {
      "maxRSS": 16628,
      "systemtime": 4569,
      "usertime": 11429
     },
     "936623122": {
      "maxRSS": 16628,
      "systemtime": 4569,
      "usertime": 12200
     },
     "936624186": {
      "maxRSS": 16628,
      "systemtime": 4569,
      "usertime": 13093
     },
     "936625249": {
      "maxRSS": 16628,
      "systemtime": 4569,
      "usertime": 13100
     },
     "936626213": {
      "maxRSS": 16628,
      "systemtime": 4569,
      "usertime": 15310
     },
     "936627028": {
      "maxRSS": 16628,
      "systemtime": 4569,
      "usertime": 16130
     },
     "936628102": {
      "maxRSS": 16628,
      "systemtime": 4569,
      "usertime": 17125
     },
     "936629205": {
      "maxRSS": 16628,
      "systemtime": 4569,
      "usertime": 17144
     },
     "936630011": {
      "maxRSS": 16628,
      "systemtime": 4569,
      "usertime": 19146
     },
     "936630710": {
      "maxRSS": 16628,
      "systemtime": 4569,
      "usertime": 19879
     },
     "936631776": {
      "maxRSS": 16628,
      "systemtime": 4569,
      "usertime": 19887
     },
     "936632843": {
      "maxRSS": 16628,
      "systemtime": 4569,
      "usertime": 21190
     },
     "936633406": {
      "maxRSS": 16628,
      "systemtime": 4569,
      "usertime": 22587
     },
     "936634110": {
      "maxRSS": 16628,
      "systemtime": 4569,
      "usertime": 23323
     },
     "936635175": {
      "maxRSS": 16628,
      "systemtime": 4569,
      "usertime": 23331
     },
     "936636241": {
      "maxRSS": 16628,
      "systemtime": 4569,
      "usertime": 25239
     },
     "936636743": {
      "maxRSS": 16628,
      "systemtime": 4569,
      "usertime": 25972
     },
     "936637450": {
      "maxRSS": 16628,
      "systemtime": 4569,
      "usertime": 26734
     },
     "936638518": {
      "maxRSS": 16628,
      "systemtime": 4569,
      "usertime": 26744
     },
     "936639590": {
      "maxRSS": 16628,
      "systemtime": 4569,
      "usertime": 26756
     },
     "936640089": {
      "maxRSS": 16628,
      "systemtime": 4569,
      "usertime": 29410
     },
     "936640893": {
      "maxRSS": 16628,
      "systemtime": 4569,
      "usertime": 30201
     },
     "936641975": {
      "maxRSS": 16628,
      "systemtime": 4569,
      "usertime": 30215
     },
     "936643038": {
      "maxRSS": 16628,
      "systemtime": 4569,
      "usertime": 30222
     },
     "936643345": {
      "maxRSS": 16628,
      "systemtime": 4569,
      "usertime": 32709
     },
     "936644132": {
      "maxRSS": 16628,
      "systemtime": 4569,
      "usertime": 33504
     },
     "936645210": {
      "maxRSS": 16628,
      "systemtime": 4569,
      "usertime": 33519
     },
     "936646313": {
      "maxRSS": 16628,
      "systemtime": 4569,
      "usertime": 33532
     },
     "936646375": {
      "maxRSS": 16628,
      "systemtime": 4569,
      "usertime": 35786
     },
     "936646379": {
      "maxRSS": 16628,
      "systemtime": 4569,
      "usertime": 35798
     },
     "936647002": {
      "maxRSS": 16628,
      "systemtime": 4569,
      "usertime": 36424
     },
     "936648015": {
      "maxRSS": 16628,
      "systemtime": 4569,
      "usertime": 36431
     },
     "936649058": {
      "maxRSS": 16628,
      "systemtime": 4569,
      "usertime": 38488
     },
     "936649532": {
      "maxRSS": 16628,
      "systemtime": 4569,
      "usertime": 38996
     },
     "936650625": {
      "maxRSS": 16628,
      "systemtime": 4569,
      "usertime": 39002
     },
     "936651234": {
      "maxRSS": 16628,
      "systemtime": 4569,
      "usertime": 40711
     },
     "936651741": {
      "maxRSS": 16628,
      "systemtime": 4569,
      "usertime": 41206
     },
     "936652870": {
      "maxRSS": 16628,
      "systemtime": 4569,
      "usertime": 41527
     },
     "936652961": {
      "maxRSS": 16628,
      "systemtime": 4569,
      "usertime": 42495
     },
     "936653304": {
      "maxRSS": 16628,
      "systemtime": 4569,
      "usertime": 42829
     },
     "936654282": {
      "maxRSS": 16628,
      "systemtime": 4569,
      "usertime": 43844
     },
     "936654525": {
      "maxRSS": 16628,
      "systemtime": 4569,
      "usertime": 44094
     },
     "936655212": {
      "maxRSS": 16628,
      "systemtime": 4569,
      "usertime": 44788
     },
     "936655386": {
      "maxRSS": 16628,
      "systemtime": 4569,
      "usertime": 44968
     },
     "936655895": {
      "maxRSS": 16628,
      "systemtime": 4569,
      "usertime": 45473
     },
     "936655998": {
      "maxRSS": 16628,
      "systemtime": 4569,
      "usertime": 45612
     },
     "936656320": {
      "maxRSS": 16628,
      "systemtime": 4569,
      "usertime": 45965
     },
     "936656404": {
      "maxRSS": 16628,
      "systemtime": 4569,
      "usertime": 46054
     },
     "936656582": {
      "maxRSS": 16628,
      "systemtime": 4569,
      "usertime": 46239
     },
     "936656636": {
      "maxRSS": 16628,
      "systemtime": 4569,
      "usertime": 46299
     },
     "936656742": {
      "maxRSS": 16628,
      "systemtime": 4569,
      "usertime": 46414
     },
     "936656780": {
      "maxRSS": 16628,
      "systemtime": 4569,
      "usertime": 46458
     },
     "936656850": {
      "maxRSS": 16628,
      "systemtime": 4569,
      "usertime": 46534
     },
     "936656878": {
      "maxRSS": 16628,
      "systemtime": 4569,
      "usertime": 46569
     },
     "936656921": {
      "maxRSS": 16628,
      "systemtime": 4569,
      "usertime": 46618
     },
     "936656944": {
      "maxRSS": 16628,
      "systemtime": 4569,
      "usertime": 46648
     },
     "936656978": {
      "maxRSS": 16628,
      "systemtime": 4569,
      "usertime": 46688
     },
     "936656999": {
      "maxRSS": 16628,
      "systemtime": 4569,
      "usertime": 46717
     },
     "936657027": {
      "maxRSS": 16628,
      "systemtime": 4569,
      "usertime": 46751
     },
     "936657046": {
      "maxRSS": 16628,
      "systemtime": 4569,
      "usertime": 46780
     },
     "936657071": {
      "maxRSS": 16628,
      "systemtime": 4569,
      "usertime": 46807
     },
     "936657090": {
      "maxRSS": 16628,
      "systemtime": 4569,
      "usertime": 46835
     },
     "936657113": {
      "maxRSS": 16628,
      "systemtime": 4569,
      "usertime": 46862
     },
     "936657120": {
      "maxRSS": 16628,
      "systemtime": 4569,
      "usertime": 46879
     },
     "936657148": {
      "maxRSS": 16628,
      "systemtime": 4569,
      "usertime": 46900
     }
    }
   }
  }
 }
}
