{
 "root": {
  "program": {
   "configuration": {
    "": "/root/compiler/tests/programs/p2.dl",
    "fact-dir": "/root/compiler/fixtures/p2-scale-250",
    "include-dir": ".",
    "jobs": "1",
    "libraries": "functors",
    "library-dir": ".",
    "output-dir": "/root/compiler/measurements/night01-t6/n250-none",
    "profile": "prof.log",
    "relationCount": "5",
    "ruleCount": "6",
    "version": "2.5",
    "warn": "all",
    "wno": "none"
   },
   "relation": {
    "edge": {
     "loadtime": { "start": 23490229106, "end": 23490229292},
     "num-tuples": 500,
     "reads": 0,
     "source-locator": "/root/compiler/tests/programs/p2.dl [1:7-1:11]"
    },
    "node": {
     "loadtime": { "start": 23490229300, "end": 23490229351},
     "num-tuples": 250,
     "reads": 0,
     "source-locator": "/root/compiler/tests/programs/p2.dl [3:7-3:11]"
    },
    "q2": {
     "maxRSS": {
      "post": 14040,
      "pre": 14040
     },
     "non-recursive-rule": {
      "q2(y) :- \n   unreach(1,y).": {
       "atom-frequency": {
        "q2(y) :- \n   unreach(1,y).": {
         "unreach": {
          "level": 0,
          "num-tuples": 0
         }
        }
       },
       "maxRSS": {
        "post": 14040,
        "pre": 14040
       },
       "num-tuples": 34,
       "runtime": { "start": 23490256490, "end": 23490256522},
       "source-locator": "/root/compiler/tests/programs/p2.dl [12:1-12:23]"
      }
     },
     "num-tuples": 34,
     "reads": 0,
     "runtime": { "start": 23490256423, "end": 23490256549},
     "savetime": { "start": 23490256569, "end": 23490256686},
     "source-locator": "/root/compiler/tests/programs/p2.dl [10:7-10:9]"
    },
    "reach": {
     "iteration": {
      "0": {
       "copytime": { "start": 23490229651, "end": 23490229726},
       "maxRSS": {
        "post": 12504,
        "pre": 12248
       },
       "num-tuples": 1012,
       "recursive-rule": {
        "reach(x,y) :- \n   reach(x,z),\n   edge(z,y).": {
         "0": {
          "atom-frequency": {
           "@new_reach(x,y) :- \n   @delta_reach(x,z),\n   edge(z,y).": {
            "@delta_reach": {
             "level": 0,
             "num-tuples": 0
            },
            "edge": {
             "level": 1,
             "num-tuples": 0
            }
           }
          },
          "maxRSS": {
           "post": 12504,
           "pre": 12248
          },
          "num-tuples": 1012,
          "runtime": { "start": 23490229435, "end": 23490229621},
          "source-locator": "/root/compiler/tests/programs/p2.dl [7:1-7:37]"
         }
        }
       },
       "runtime": { "start": 23490229426, "end": 23490229631}
      },
      "1": {
       "copytime": { "start": 23490230126, "end": 23490230280},
       "maxRSS": {
        "post": 12504,
        "pre": 12504
       },
       "num-tuples": 1843,
       "recursive-rule": {
        "reach(x,y) :- \n   reach(x,z),\n   edge(z,y).": {
         "0": {
          "maxRSS": {
           "post": 12504,
           "pre": 12504
          },
          "num-tuples": 1843,
          "runtime": { "start": 23490229741, "end": 23490230094},
          "source-locator": "/root/compiler/tests/programs/p2.dl [7:1-7:37]"
         }
        }
       },
       "runtime": { "start": 23490229731, "end": 23490230104}
      },
      "10": {
       "copytime": { "start": 23490248449, "end": 23490248673},
       "maxRSS": {
        "post": 13528,
        "pre": 13528
       },
       "num-tuples": 2002,
       "recursive-rule": {
        "reach(x,y) :- \n   reach(x,z),\n   edge(z,y).": {
         "0": {
          "maxRSS": {
           "post": 13528,
           "pre": 13528
          },
          "num-tuples": 2002,
          "runtime": { "start": 23490247429, "end": 23490248413},
          "source-locator": "/root/compiler/tests/programs/p2.dl [7:1-7:37]"
         }
        }
       },
       "runtime": { "start": 23490247416, "end": 23490248425}
      },
      "11": {
       "copytime": { "start": 23490249476, "end": 23490249657},
       "maxRSS": {
        "post": 13656,
        "pre": 13656
       },
       "num-tuples": 1511,
       "recursive-rule": {
        "reach(x,y) :- \n   reach(x,z),\n   edge(z,y).": {
         "0": {
          "maxRSS": {
           "post": 13656,
           "pre": 13656
          },
          "num-tuples": 1511,
          "runtime": { "start": 23490248690, "end": 23490249439},
          "source-locator": "/root/compiler/tests/programs/p2.dl [7:1-7:37]"
         }
        }
       },
       "runtime": { "start": 23490248678, "end": 23490249450}
      },
      "12": {
       "copytime": { "start": 23490250254, "end": 23490250397},
       "maxRSS": {
        "post": 13656,
        "pre": 13656
       },
       "num-tuples": 1138,
       "recursive-rule": {
        "reach(x,y) :- \n   reach(x,z),\n   edge(z,y).": {
         "0": {
          "maxRSS": {
           "post": 13656,
           "pre": 13656
          },
          "num-tuples": 1138,
          "runtime": { "start": 23490249672, "end": 23490250222},
          "source-locator": "/root/compiler/tests/programs/p2.dl [7:1-7:37]"
         }
        }
       },
       "runtime": { "start": 23490249661, "end": 23490250232}
      },
      "13": {
       "copytime": { "start": 23490250842, "end": 23490250943},
       "maxRSS": {
        "post": 13656,
        "pre": 13656
       },
       "num-tuples": 818,
       "recursive-rule": {
        "reach(x,y) :- \n   reach(x,z),\n   edge(z,y).": {
         "0": {
          "maxRSS": {
           "post": 13656,
           "pre": 13656
          },
          "num-tuples": 818,
          "runtime": { "start": 23490250411, "end": 23490250806},
          "source-locator": "/root/compiler/tests/programs/p2.dl [7:1-7:37]"
         }
        }
       },
       "runtime": { "start": 23490250401, "end": 23490250817}
      },
      "14": {
       "copytime": { "start": 23490251277, "end": 23490251349},
       "maxRSS": {
        "post": 13656,
        "pre": 13656
       },
       "num-tuples": 551,
       "recursive-rule": {
        "reach(x,y) :- \n   reach(x,z),\n   edge(z,y).": {
         "0": {
          "maxRSS": {
           "post": 13656,
           "pre": 13656
          },
          "num-tuples": 551,
          "runtime": { "start": 23490250959, "end": 23490251247},
          "source-locator": "/root/compiler/tests/programs/p2.dl [7:1-7:37]"
         }
        }
       },
       "runtime": { "start": 23490250948, "end": 23490251257}
      },
      "15": {
       "copytime": { "start": 23490251589, "end": 23490251634},
       "maxRSS": {
        "post": 13656,
        "pre": 13656
       },
       "num-tuples": 339,
       "recursive-rule": {
        "reach(x,y) :- \n   reach(x,z),\n   edge(z,y).": {
         "0": {
          "maxRSS": {
           "post": 13656,
           "pre": 13656
          },
          "num-tuples": 339,
          "runtime": { "start": 23490251363, "end": 23490251559},
          "source-locator": "/root/compiler/tests/programs/p2.dl [7:1-7:37]"
         }
        }
       },
       "runtime": { "start": 23490251353, "end": 23490251568}
      },
      "16": {
       "copytime": { "start": 23490251804, "end": 23490251835},
       "maxRSS": {
        "post": 13656,
        "pre": 13656
       },
       "num-tuples": 220,
       "recursive-rule": {
        "reach(x,y) :- \n   reach(x,z),\n   edge(z,y).": {
         "0": {
          "maxRSS": {
           "post": 13656,
           "pre": 13656
          },
          "num-tuples": 220,
          "runtime": { "start": 23490251647, "end": 23490251773},
          "source-locator": "/root/compiler/tests/programs/p2.dl [7:1-7:37]"
         }
        }
       },
       "runtime": { "start": 23490251638, "end": 23490251783}
      },
      "17": {
       "copytime": { "start": 23490251960, "end": 23490251988},
       "maxRSS": {
        "post": 13656,
        "pre": 13656
       },
       "num-tuples": 129,
       "recursive-rule": {
        "reach(x,y) :- \n   reach(x,z),\n   edge(z,y).": {
         "0": {
          "maxRSS": {
           "post": 13656,
           "pre": 13656
          },
          "num-tuples": 129,
          "runtime": { "start": 23490251849, "end": 23490251926},
          "source-locator": "/root/compiler/tests/programs/p2.dl [7:1-7:37]"
         }
        }
       },
       "runtime": { "start": 23490251839, "end": 23490251935}
      },
      "18": {
       "copytime": { "start": 23490252097, "end": 23490252108},
       "maxRSS": {
        "post": 13656,
        "pre": 13656
       },
       "num-tuples": 69,
       "recursive-rule": {
        "reach(x,y) :- \n   reach(x,z),\n   edge(z,y).": {
         "0": {
          "maxRSS": {
           "post": 13656,
           "pre": 13656
          },
          "num-tuples": 69,
          "runtime": { "start": 23490252021, "end": 23490252067},
          "source-locator": "/root/compiler/tests/programs/p2.dl [7:1-7:37]"
         }
        }
       },
       "runtime": { "start": 23490251993, "end": 23490252076}
      },
      "19": {
       "copytime": { "start": 23490252177, "end": 23490252183},
       "maxRSS": {
        "post": 13656,
        "pre": 13656
       },
       "num-tuples": 38,
       "recursive-rule": {
        "reach(x,y) :- \n   reach(x,z),\n   edge(z,y).": {
         "0": {
          "maxRSS": {
           "post": 13656,
           "pre": 13656
          },
          "num-tuples": 38,
          "runtime": { "start": 23490252121, "end": 23490252148},
          "source-locator": "/root/compiler/tests/programs/p2.dl [7:1-7:37]"
         }
        }
       },
       "runtime": { "start": 23490252112, "end": 23490252157}
      },
      "2": {
       "copytime": { "start": 23490231019, "end": 23490231282},
       "maxRSS": {
        "post": 12632,
        "pre": 12504
       },
       "num-tuples": 3066,
       "recursive-rule": {
        "reach(x,y) :- \n   reach(x,z),\n   edge(z,y).": {
         "0": {
          "maxRSS": {
           "post": 12632,
           "pre": 12504
          },
          "num-tuples": 3066,
          "runtime": { "start": 23490230294, "end": 23490230986},
          "source-locator": "/root/compiler/tests/programs/p2.dl [7:1-7:37]"
         }
        }
       },
       "runtime": { "start": 23490230284, "end": 23490230996}
      },
      "20": {
       "copytime": { "start": 23490252219, "end": 23490252222},
       "maxRSS": {
        "post": 13656,
        "pre": 13656
       },
       "num-tuples": 17,
       "recursive-rule": {
        "reach(x,y) :- \n   reach(x,z),\n   edge(z,y).": {
         "0": {
          "maxRSS": {
           "post": 13656,
           "pre": 13656
          },
          "num-tuples": 17,
          "runtime": { "start": 23490252187, "end": 23490252201},
          "source-locator": "/root/compiler/tests/programs/p2.dl [7:1-7:37]"
         }
        }
       },
       "runtime": { "start": 23490252187, "end": 23490252209}
      },
      "21": {
       "copytime": { "start": 23490252257, "end": 23490252260},
       "maxRSS": {
        "post": 13656,
        "pre": 13656
       },
       "num-tuples": 11,
       "recursive-rule": {
        "reach(x,y) :- \n   reach(x,z),\n   edge(z,y).": {
         "0": {
          "maxRSS": {
           "post": 13656,
           "pre": 13656
          },
          "num-tuples": 11,
          "runtime": { "start": 23490252225, "end": 23490252233},
          "source-locator": "/root/compiler/tests/programs/p2.dl [7:1-7:37]"
         }
        }
       },
       "runtime": { "start": 23490252225, "end": 23490252239}
      },
      "22": {
       "copytime": { "start": 23490252295, "end": 23490252297},
       "maxRSS": {
        "post": 13656,
        "pre": 13656
       },
       "num-tuples": 6,
       "recursive-rule": {
        "reach(x,y) :- \n   reach(x,z),\n   edge(z,y).": {
         "0": {
          "maxRSS": {
           "post": 13656,
           "pre": 13656
          },
          "num-tuples": 6,
          "runtime": { "start": 23490252264, "end": 23490252268},
          "source-locator": "/root/compiler/tests/programs/p2.dl [7:1-7:37]"
         }
        }
       },
       "runtime": { "start": 23490252263, "end": 23490252275}
      },
      "23": {
       "copytime": { "start": 23490252329, "end": 23490252330},
       "maxRSS": {
        "post": 13656,
        "pre": 13656
       },
       "num-tuples": 3,
       "recursive-rule": {
        "reach(x,y) :- \n   reach(x,z),\n   edge(z,y).": {
         "0": {
          "maxRSS": {
           "post": 13656,
           "pre": 13656
          },
          "num-tuples": 3,
          "runtime": { "start": 23490252301, "end": 23490252304},
          "source-locator": "/root/compiler/tests/programs/p2.dl [7:1-7:37]"
         }
        }
       },
       "runtime": { "start": 23490252300, "end": 23490252311}
      },
      "24": {
       "copytime": { "start": 23490252364, "end": 23490252365},
       "maxRSS": {
        "post": 13656,
        "pre": 13656
       },
       "num-tuples": 1,
       "recursive-rule": {
        "reach(x,y) :- \n   reach(x,z),\n   edge(z,y).": {
         "0": {
          "maxRSS": {
           "post": 13656,
           "pre": 13656
          },
          "num-tuples": 1,
          "runtime": { "start": 23490252335, "end": 23490252337},
          "source-locator": "/root/compiler/tests/programs/p2.dl [7:1-7:37]"
         }
        }
       },
       "runtime": { "start": 23490252334, "end": 23490252345}
      },
      "25": {
       "maxRSS": {
        "post": 13656,
        "pre": 13656
       },
       "num-tuples": 0,
       "recursive-rule": {
        "reach(x,y) :- \n   reach(x,z),\n   edge(z,y).": {
         "0": {
          "maxRSS": {
           "post": 13656,
           "pre": 13656
          },
          "num-tuples": 0,
          "runtime": { "start": 23490252369, "end": 23490252370},
          "source-locator": "/root/compiler/tests/programs/p2.dl [7:1-7:37]"
         }
        }
       },
       "runtime": { "start": 23490252369, "end": 23490252377}
      },
      "3": {
       "copytime": { "start": 23490232435, "end": 23490232832},
       "maxRSS": {
        "post": 12760,
        "pre": 12632
       },
       "num-tuples": 4465,
       "recursive-rule": {
        "reach(x,y) :- \n   reach(x,z),\n   edge(z,y).": {
         "0": {
          "maxRSS": {
           "post": 12760,
           "pre": 12632
          },
          "num-tuples": 4465,
          "runtime": { "start": 23490231296, "end": 23490232402},
          "source-locator": "/root/compiler/tests/programs/p2.dl [7:1-7:37]"
         }
        }
       },
       "runtime": { "start": 23490231286, "end": 23490232413}
      },
      "4": {
       "copytime": { "start": 23490234560, "end": 23490235077},
       "maxRSS": {
        "post": 12888,
        "pre": 12888
       },
       "num-tuples": 5486,
       "recursive-rule": {
        "reach(x,y) :- \n   reach(x,z),\n   edge(z,y).": {
         "0": {
          "maxRSS": {
           "post": 12888,
           "pre": 12888
          },
          "num-tuples": 5486,
          "runtime": { "start": 23490232850, "end": 23490234525},
          "source-locator": "/root/compiler/tests/programs/p2.dl [7:1-7:37]"
         }
        }
       },
       "runtime": { "start": 23490232836, "end": 23490234535}
      },
      "5": {
       "copytime": { "start": 23490237123, "end": 23490237691},
       "maxRSS": {
        "post": 13144,
        "pre": 13016
       },
       "num-tuples": 5793,
       "recursive-rule": {
        "reach(x,y) :- \n   reach(x,z),\n   edge(z,y).": {
         "0": {
          "maxRSS": {
           "post": 13144,
           "pre": 13016
          },
          "num-tuples": 5793,
          "runtime": { "start": 23490235094, "end": 23490237086},
          "source-locator": "/root/compiler/tests/programs/p2.dl [7:1-7:37]"
         }
        }
       },
       "runtime": { "start": 23490235083, "end": 23490237097}
      },
      "6": {
       "copytime": { "start": 23490239820, "end": 23490240363},
       "maxRSS": {
        "post": 13272,
        "pre": 13272
       },
       "num-tuples": 5318,
       "recursive-rule": {
        "reach(x,y) :- \n   reach(x,z),\n   edge(z,y).": {
         "0": {
          "maxRSS": {
           "post": 13272,
           "pre": 13272
          },
          "num-tuples": 5318,
          "runtime": { "start": 23490237707, "end": 23490239790},
          "source-locator": "/root/compiler/tests/programs/p2.dl [7:1-7:37]"
         }
        }
       },
       "runtime": { "start": 23490237696, "end": 23490239799}
      },
      "7": {
       "copytime": { "start": 23490242798, "end": 23490243480},
       "maxRSS": {
        "post": 13400,
        "pre": 13400
       },
       "num-tuples": 4364,
       "recursive-rule": {
        "reach(x,y) :- \n   reach(x,z),\n   edge(z,y).": {
         "0": {
          "maxRSS": {
           "post": 13400,
           "pre": 13400
          },
          "num-tuples": 4364,
          "runtime": { "start": 23490240383, "end": 23490242738},
          "source-locator": "/root/compiler/tests/programs/p2.dl [7:1-7:37]"
         }
        }
       },
       "runtime": { "start": 23490240368, "end": 23490242756}
      },
      "8": {
       "copytime": { "start": 23490245268, "end": 23490245645},
       "maxRSS": {
        "post": 13528,
        "pre": 13528
       },
       "num-tuples": 3408,
       "recursive-rule": {
        "reach(x,y) :- \n   reach(x,z),\n   edge(z,y).": {
         "0": {
          "maxRSS": {
           "post": 13528,
           "pre": 13528
          },
          "num-tuples": 3408,
          "runtime": { "start": 23490243498, "end": 23490245230},
          "source-locator": "/root/compiler/tests/programs/p2.dl [7:1-7:37]"
         }
        }
       },
       "runtime": { "start": 23490243485, "end": 23490245243}
      },
      "9": {
       "copytime": { "start": 23490247117, "end": 23490247410},
       "maxRSS": {
        "post": 13528,
        "pre": 13528
       },
       "num-tuples": 2634,
       "recursive-rule": {
        "reach(x,y) :- \n   reach(x,z),\n   edge(z,y).": {
         "0": {
          "maxRSS": {
           "post": 13528,
           "pre": 13528
          },
          "num-tuples": 2634,
          "runtime": { "start": 23490245664, "end": 23490247080},
          "source-locator": "/root/compiler/tests/programs/p2.dl [7:1-7:37]"
         }
        }
       },
       "runtime": { "start": 23490245651, "end": 23490247092}
      }
     },
     "maxRSS": {
      "post": 12248,
      "pre": 12248
     },
     "non-recursive-rule": {
      "reach(x,y) :- \n   edge(x,y).": {
       "atom-frequency": {
        "reach(x,y) :- \n   edge(x,y).": {
         "edge": {
          "level": 0,
          "num-tuples": 0
         }
        }
       },
       "maxRSS": {
        "post": 12248,
        "pre": 12248
       },
       "num-tuples": 500,
       "runtime": { "start": 23490229366, "end": 23490229393},
       "source-locator": "/root/compiler/tests/programs/p2.dl [6:1-6:25]"
      }
     },
     "num-tuples": 500,
     "reads": 154445,
     "runtime": { "start": 23490229356, "end": 23490229401},
     "source-locator": "/root/compiler/tests/programs/p2.dl [5:7-5:12]"
    },
    "unreach": {
     "maxRSS": {
      "post": 14040,
      "pre": 13656
     },
     "non-recursive-rule": {
      "unreach(x,y) :- \n   node(x),\n   node(y),\n   !reach(x,y).": {
       "atom-frequency": {
        "unreach(x,y) :- \n   node(x),\n   node(y),\n   !reach(x,y).": {
         "node": {
          "level": 0,
          "num-tuples": 0
         }
        }
       },
       "maxRSS": {
        "post": 14040,
        "pre": 13656
       },
       "num-tuples": 17758,
       "runtime": { "start": 23490252400, "end": 23490256307},
       "source-locator": "/root/compiler/tests/programs/p2.dl [9:1-9:47]"
      }
     },
     "num-tuples": 17758,
     "reads": 0,
     "runtime": { "start": 23490252399, "end": 23490256321},
     "source-locator": "/root/compiler/tests/programs/p2.dl [8:7-8:14]"
    }
   },
   "runtime": { "start": 23490229101, "end": 23490256716},
   "starttime": { "time": 23490229074},
   "usage": {
    "timepoint": {
     "23490229090": {
      "maxRSS": 11468,
      "systemtime": 1472,
      "usertime": 1472
     },
     "23490229318": {
      "maxRSS": 12248,
      "systemtime": 2134,
      "usertime": 2134
     },
     "23490229370": {
      "maxRSS": 12248,
      "systemtime": 2170,
      "usertime": 2170
     },
     "23490229439": {
      "maxRSS": 12376,
      "systemtime": 2207,
      "usertime": 2207
     },
     "23490229669": {
      "maxRSS": 12504,
      "systemtime": 2319,
      "usertime": 2319
     },
     "23490229745": {
      "maxRSS": 12504,
      "systemtime": 2368,
      "usertime": 2368
     },
     "23490230125": {
      "maxRSS": 12504,
      "systemtime": 2561,
      "usertime": 2561
     },
     "23490230299": {
      "maxRSS": 12504,
      "systemtime": 2652,
      "usertime": 2652
     },
     "23490231050": {
      "maxRSS": 12632,
      "systemtime": 3022,
      "usertime": 3022
     },
     "23490231301": {
      "maxRSS": 12632,
      "systemtime": 3163,
      "usertime": 3163
     },
     "23490232368": {
      "maxRSS": 12760,
      "systemtime": 3163,
      "usertime": 3878
     },
     "23490232433": {
      "maxRSS": 12760,
      "systemtime": 3163,
      "usertime": 4312
     },
     "23490232887": {
      "maxRSS": 12888,
      "systemtime": 3163,
      "usertime": 4751
     },
     "23490233984": {
      "maxRSS": 12888,
      "systemtime": 3163,
      "usertime": 4758
     },
     "23490234586": {
      "maxRSS": 12888,
      "systemtime": 3216,
      "usertime": 6433
     },
     "23490235191": {
      "maxRSS": 13016,
      "systemtime": 3400,
      "usertime": 6801
     },
     "23490236279": {
      "maxRSS": 13016,
      "systemtime": 3400,
      "usertime": 7722
     },
     "23490237181": {
      "maxRSS": 13144,
      "systemtime": 3400,
      "usertime": 8858
     },
     "23490237816": {
      "maxRSS": 13272,
      "systemtime": 3400,
      "usertime": 9459
     },
     "23490238955": {
      "maxRSS": 13272,
      "systemtime": 3400,
      "usertime": 9489
     },
     "23490239916": {
      "maxRSS": 13272,
      "systemtime": 3757,
      "usertime": 11271
     },
     "23490240453": {
      "maxRSS": 13400,
      "systemtime": 3757,
      "usertime": 11853
     },
     "23490241741": {
      "maxRSS": 13400,
      "systemtime": 3757,
      "usertime": 11871
     },
     "23490242821": {
      "maxRSS": 13400,
      "systemtime": 3757,
      "usertime": 14308
     },
     "23490243522": {
      "maxRSS": 13528,
      "systemtime": 3757,
      "usertime": 15029
     },
     "23490244611": {
      "maxRSS": 13528,
      "systemtime": 3757,
      "usertime": 15618
     },
     "23490245277": {
      "maxRSS": 13528,
      "systemtime": 3757,
      "usertime": 16851
     },
     "23490245670": {
      "maxRSS": 13528,
      "systemtime": 3757,
      "usertime": 17259
     },
     "23490246802": {
      "maxRSS": 13528,
      "systemtime": 3757,
      "usertime": 17272
     },
     "23490247221": {
      "maxRSS": 13528,
      "systemtime": 3757,
      "usertime": 18755
     },
     "23490247454": {
      "maxRSS": 13528,
      "systemtime": 3807,
      "usertime": 19037
     },
     "23490248452": {
      "maxRSS": 13528,
      "systemtime": 3807,
      "usertime": 20074
     },
     "23490248701": {
      "maxRSS": 13656,
      "systemtime": 3807,
      "usertime": 20335
     },
     "23490249507": {
      "maxRSS": 13656,
      "systemtime": 3807,
      "usertime": 21148
     },
     "23490249677": {
      "maxRSS": 13656,
      "systemtime": 3807,
      "usertime": 21355
     },
     "23490250269": {
      "maxRSS": 13656,
      "systemtime": 3807,
      "usertime": 21948
     },
     "23490250416": {
      "maxRSS": 13656,
      "systemtime": 3807,
      "usertime": 22122
     },
     "23490250872": {
      "maxRSS": 13656,
      "systemtime": 3807,
      "usertime": 22568
     },
     "23490250982": {
      "maxRSS": 13656,
      "systemtime": 3807,
      "usertime": 22698
     },
     "23490251277": {
      "maxRSS": 13656,
      "systemtime": 3833,
      "usertime": 22998
     },
     "23490251366": {
      "maxRSS": 13656,
      "systemtime": 3846,
      "usertime": 23081
     },
     "23490251587": {
      "maxRSS": 13656,
      "systemtime": 3879,
      "usertime": 23274
     },
     "23490251651": {
      "maxRSS": 13656,
      "systemtime": 3889,
      "usertime": 23334
     },
     "23490251802": {
      "maxRSS": 13656,
      "systemtime": 3911,
      "usertime": 23468
     },
     "23490251852": {
      "maxRSS": 13656,
      "systemtime": 3919,
      "usertime": 23516
     },
     "23490251952": {
      "maxRSS": 13656,
      "systemtime": 3934,
      "usertime": 23607
     },
     "23490251973": {
      "maxRSS": 13656,
      "systemtime": 3937,
      "usertime": 23623
     },
     "23490252064": {
      "maxRSS": 13656,
      "systemtime": 3997,
      "usertime": 23654
     },
     "23490252100": {
      "maxRSS": 13656,
      "systemtime": 4091,
      "usertime": 23654
     },
     "23490252143": {
      "maxRSS": 13656,
      "systemtime": 4126,
      "usertime": 23654
     },
     "23490252191": {
      "maxRSS": 13656,
      "systemtime": 4211,
      "usertime": 23654
     },
     "23490252221": {
      "maxRSS": 13656,
      "systemtime": 4267,
      "usertime": 23654
     },
     "23490252226": {
      "maxRSS": 13656,
      "systemtime": 4278,
      "usertime": 23654
     },
     "23490252261": {
      "maxRSS": 13656,
      "systemtime": 4320,
      "usertime": 23654
     },
     "23490252301": {
      "maxRSS": 13656,
      "systemtime": 4374,
      "usertime": 23654
     },
     "23490252333": {
      "maxRSS": 13656,
      "systemtime": 4416,
      "usertime": 23654
     },
     "23490252367": {
      "maxRSS": 13656,
      "systemtime": 4461,
      "usertime": 23654
     },
     "23490252401": {
      "maxRSS": 13656,
      "systemtime": 4513,
      "usertime": 23654
     },
     "23490253505": {
      "maxRSS": 13784,
      "systemtime": 4523,
      "usertime": 23654
     },
     "23490254619": {
      "maxRSS": 13912,
      "systemtime": 4539,
      "usertime": 23654
     },
     "23490255753": {
      "maxRSS": 14040,
      "systemtime": 4567,
      "usertime": 23654
     },
     "23490256442": {
      "maxRSS": 14040,
      "systemtime": 8613,
      "usertime": 23654
     },
     "23490256583": {
      "maxRSS": 14040,
      "systemtime": 8775,
      "usertime": 23654
     }
    }
   }
  }
 }
}
