{
 "root": {
  "program": {
   "configuration": {
    "": "/root/compiler/tests/corpus/BENCHMARK_FAMILY/reachability_complement.dl",
    "fact-dir": "/root/compiler/fixtures/p2-scale-500",
    "include-dir": ".",
    "jobs": "1",
    "libraries": "functors",
    "library-dir": ".",
    "magic-transform": "*",
    "output-dir": "/root/compiler/measurements/m3-5-headline/family/reachability_complement/n500/souffle",
    "profile": "prof.log",
    "relationCount": "4",
    "ruleCount": "7",
    "version": "2.5",
    "warn": "all",
    "wno": "none"
   },
   "relation": {
    "@magic.unreach.{bf}": {
     "maxRSS": {
      "post": 16368,
      "pre": 16368
     },
     "non-recursive-rule": {
      "@magic.unreach.{bf}(1).": {
       "maxRSS": {
        "post": 16368,
        "pre": 16368
       },
       "num-tuples": 1,
       "runtime": { "start": 29334803753, "end": 29334803759},
       "source-locator": " [1:1-1:1]"
      }
     },
     "num-tuples": 1,
     "runtime": { "start": 29334803752, "end": 29334803767},
     "source-locator": " [1:1-1:1]"
    },
    "@neglabel.reach": {
     "iteration": {
      "0": {
       "copytime": { "start": 29334804677, "end": 29334804846},
       "maxRSS": {
        "post": 16368,
        "pre": 16368
       },
       "num-tuples": 2005,
       "recursive-rule": {
        "@neglabel.reach(x,y) :- \n   @neglabel.reach(x,z),\n   edge(z,y).": {
         "0": {
          "atom-frequency": {
           "@new_@neglabel.reach(x,y) :- \n   @delta_@neglabel.reach(x,z),\n   edge(z,y).": {
            "@delta_@neglabel.reach": {
             "level": 0,
             "num-tuples": 0
            },
            "edge": {
             "level": 1,
             "num-tuples": 0
            }
           }
          },
          "maxRSS": {
           "post": 16368,
           "pre": 16368
          },
          "num-tuples": 2005,
          "runtime": { "start": 29334804288, "end": 29334804641},
          "source-locator": " [1:1-1:1]"
         }
        }
       },
       "runtime": { "start": 29334804279, "end": 29334804651}
      },
      "1": {
       "copytime": { "start": 29334805655, "end": 29334805978},
       "maxRSS": {
        "post": 16368,
        "pre": 16368
       },
       "num-tuples": 3871,
       "recursive-rule": {
        "@neglabel.reach(x,y) :- \n   @neglabel.reach(x,z),\n   edge(z,y).": {
         "0": {
          "maxRSS": {
           "post": 16368,
           "pre": 16368
          },
          "num-tuples": 3871,
          "runtime": { "start": 29334804861, "end": 29334805624},
          "source-locator": " [1:1-1:1]"
         }
        }
       },
       "runtime": { "start": 29334804851, "end": 29334805634}
      },
      "10": {
       "copytime": { "start": 29334876015, "end": 29334876923},
       "maxRSS": {
        "post": 17252,
        "pre": 17252
       },
       "num-tuples": 7914,
       "recursive-rule": {
        "@neglabel.reach(x,y) :- \n   @neglabel.reach(x,z),\n   edge(z,y).": {
         "0": {
          "maxRSS": {
           "post": 17252,
           "pre": 17252
          },
          "num-tuples": 7914,
          "runtime": { "start": 29334871465, "end": 29334875961},
          "source-locator": " [1:1-1:1]"
         }
        }
       },
       "runtime": { "start": 29334871451, "end": 29334875974}
      },
      "11": {
       "copytime": { "start": 29334879852, "end": 29334880470},
       "maxRSS": {
        "post": 17252,
        "pre": 17252
       },
       "num-tuples": 4715,
       "recursive-rule": {
        "@neglabel.reach(x,y) :- \n   @neglabel.reach(x,z),\n   edge(z,y).": {
         "0": {
          "maxRSS": {
           "post": 17252,
           "pre": 17252
          },
          "num-tuples": 4715,
          "runtime": { "start": 29334876945, "end": 29334879809},
          "source-locator": " [1:1-1:1]"
         }
        }
       },
       "runtime": { "start": 29334876931, "end": 29334879823}
      },
      "12": {
       "copytime": { "start": 29334882376, "end": 29334882723},
       "maxRSS": {
        "post": 17252,
        "pre": 17252
       },
       "num-tuples": 2606,
       "recursive-rule": {
        "@neglabel.reach(x,y) :- \n   @neglabel.reach(x,z),\n   edge(z,y).": {
         "0": {
          "maxRSS": {
           "post": 17252,
           "pre": 17252
          },
          "num-tuples": 2606,
          "runtime": { "start": 29334880491, "end": 29334882341},
          "source-locator": " [1:1-1:1]"
         }
        }
       },
       "runtime": { "start": 29334880478, "end": 29334882353}
      },
      "13": {
       "copytime": { "start": 29334883675, "end": 29334883878},
       "maxRSS": {
        "post": 17252,
        "pre": 17252
       },
       "num-tuples": 1559,
       "recursive-rule": {
        "@neglabel.reach(x,y) :- \n   @neglabel.reach(x,z),\n   edge(z,y).": {
         "0": {
          "maxRSS": {
           "post": 17252,
           "pre": 17252
          },
          "num-tuples": 1559,
          "runtime": { "start": 29334882742, "end": 29334883639},
          "source-locator": " [1:1-1:1]"
         }
        }
       },
       "runtime": { "start": 29334882729, "end": 29334883650}
      },
      "14": {
       "copytime": { "start": 29334884591, "end": 29334884729},
       "maxRSS": {
        "post": 17252,
        "pre": 17252
       },
       "num-tuples": 1007,
       "recursive-rule": {
        "@neglabel.reach(x,y) :- \n   @neglabel.reach(x,z),\n   edge(z,y).": {
         "0": {
          "maxRSS": {
           "post": 17252,
           "pre": 17252
          },
          "num-tuples": 1007,
          "runtime": { "start": 29334883897, "end": 29334884548},
          "source-locator": " [1:1-1:1]"
         }
        }
       },
       "runtime": { "start": 29334883885, "end": 29334884561}
      },
      "15": {
       "copytime": { "start": 29334885124, "end": 29334885202},
       "maxRSS": {
        "post": 17252,
        "pre": 17252
       },
       "num-tuples": 704,
       "recursive-rule": {
        "@neglabel.reach(x,y) :- \n   @neglabel.reach(x,z),\n   edge(z,y).": {
         "0": {
          "maxRSS": {
           "post": 17252,
           "pre": 17252
          },
          "num-tuples": 704,
          "runtime": { "start": 29334884747, "end": 29334885088},
          "source-locator": " [1:1-1:1]"
         }
        }
       },
       "runtime": { "start": 29334884735, "end": 29334885099}
      },
      "16": {
       "copytime": { "start": 29334885493, "end": 29334885549},
       "maxRSS": {
        "post": 17252,
        "pre": 17252
       },
       "num-tuples": 510,
       "recursive-rule": {
        "@neglabel.reach(x,y) :- \n   @neglabel.reach(x,z),\n   edge(z,y).": {
         "0": {
          "maxRSS": {
           "post": 17252,
           "pre": 17252
          },
          "num-tuples": 510,
          "runtime": { "start": 29334885217, "end": 29334885463},
          "source-locator": " [1:1-1:1]"
         }
        }
       },
       "runtime": { "start": 29334885207, "end": 29334885473}
      },
      "17": {
       "copytime": { "start": 29334885775, "end": 29334885814},
       "maxRSS": {
        "post": 17252,
        "pre": 17252
       },
       "num-tuples": 343,
       "recursive-rule": {
        "@neglabel.reach(x,y) :- \n   @neglabel.reach(x,z),\n   edge(z,y).": {
         "0": {
          "maxRSS": {
           "post": 17252,
           "pre": 17252
          },
          "num-tuples": 343,
          "runtime": { "start": 29334885563, "end": 29334885736},
          "source-locator": " [1:1-1:1]"
         }
        }
       },
       "runtime": { "start": 29334885554, "end": 29334885745}
      },
      "18": {
       "copytime": { "start": 29334886019, "end": 29334886049},
       "maxRSS": {
        "post": 17252,
        "pre": 17252
       },
       "num-tuples": 216,
       "recursive-rule": {
        "@neglabel.reach(x,y) :- \n   @neglabel.reach(x,z),\n   edge(z,y).": {
         "0": {
          "maxRSS": {
           "post": 17252,
           "pre": 17252
          },
          "num-tuples": 216,
          "runtime": { "start": 29334885828, "end": 29334885983},
          "source-locator": " [1:1-1:1]"
         }
        }
       },
       "runtime": { "start": 29334885818, "end": 29334885996}
      },
      "19": {
       "copytime": { "start": 29334886195, "end": 29334886210},
       "maxRSS": {
        "post": 17252,
        "pre": 17252
       },
       "num-tuples": 119,
       "recursive-rule": {
        "@neglabel.reach(x,y) :- \n   @neglabel.reach(x,z),\n   edge(z,y).": {
         "0": {
          "maxRSS": {
           "post": 17252,
           "pre": 17252
          },
          "num-tuples": 119,
          "runtime": { "start": 29334886064, "end": 29334886163},
          "source-locator": " [1:1-1:1]"
         }
        }
       },
       "runtime": { "start": 29334886054, "end": 29334886174}
      },
      "2": {
       "copytime": { "start": 29334807588, "end": 29334808225},
       "maxRSS": {
        "post": 16368,
        "pre": 16368
       },
       "num-tuples": 7291,
       "recursive-rule": {
        "@neglabel.reach(x,y) :- \n   @neglabel.reach(x,z),\n   edge(z,y).": {
         "0": {
          "maxRSS": {
           "post": 16368,
           "pre": 16368
          },
          "num-tuples": 7291,
          "runtime": { "start": 29334805993, "end": 29334807550},
          "source-locator": " [1:1-1:1]"
         }
        }
       },
       "runtime": { "start": 29334805983, "end": 29334807561}
      },
      "20": {
       "copytime": { "start": 29334886298, "end": 29334886316},
       "maxRSS": {
        "post": 17252,
        "pre": 17252
       },
       "num-tuples": 63,
       "recursive-rule": {
        "@neglabel.reach(x,y) :- \n   @neglabel.reach(x,z),\n   edge(z,y).": {
         "0": {
          "maxRSS": {
           "post": 17252,
           "pre": 17252
          },
          "num-tuples": 63,
          "runtime": { "start": 29334886225, "end": 29334886268},
          "source-locator": " [1:1-1:1]"
         }
        }
       },
       "runtime": { "start": 29334886215, "end": 29334886277}
      },
      "21": {
       "copytime": { "start": 29334886380, "end": 29334886385},
       "maxRSS": {
        "post": 17252,
        "pre": 17252
       },
       "num-tuples": 26,
       "recursive-rule": {
        "@neglabel.reach(x,y) :- \n   @neglabel.reach(x,z),\n   edge(z,y).": {
         "0": {
          "maxRSS": {
           "post": 17252,
           "pre": 17252
          },
          "num-tuples": 26,
          "runtime": { "start": 29334886331, "end": 29334886353},
          "source-locator": " [1:1-1:1]"
         }
        }
       },
       "runtime": { "start": 29334886322, "end": 29334886361}
      },
      "22": {
       "copytime": { "start": 29334886435, "end": 29334886437},
       "maxRSS": {
        "post": 17252,
        "pre": 17252
       },
       "num-tuples": 8,
       "recursive-rule": {
        "@neglabel.reach(x,y) :- \n   @neglabel.reach(x,z),\n   edge(z,y).": {
         "0": {
          "maxRSS": {
           "post": 17252,
           "pre": 17252
          },
          "num-tuples": 8,
          "runtime": { "start": 29334886398, "end": 29334886407},
          "source-locator": " [1:1-1:1]"
         }
        }
       },
       "runtime": { "start": 29334886388, "end": 29334886415}
      },
      "23": {
       "copytime": { "start": 29334886481, "end": 29334886482},
       "maxRSS": {
        "post": 17252,
        "pre": 17252
       },
       "num-tuples": 2,
       "recursive-rule": {
        "@neglabel.reach(x,y) :- \n   @neglabel.reach(x,z),\n   edge(z,y).": {
         "0": {
          "maxRSS": {
           "post": 17252,
           "pre": 17252
          },
          "num-tuples": 2,
          "runtime": { "start": 29334886450, "end": 29334886453},
          "source-locator": " [1:1-1:1]"
         }
        }
       },
       "runtime": { "start": 29334886440, "end": 29334886461}
      },
      "24": {
       "maxRSS": {
        "post": 17252,
        "pre": 17252
       },
       "num-tuples": 0,
       "recursive-rule": {
        "@neglabel.reach(x,y) :- \n   @neglabel.reach(x,z),\n   edge(z,y).": {
         "0": {
          "maxRSS": {
           "post": 17252,
           "pre": 17252
          },
          "num-tuples": 0,
          "runtime": { "start": 29334886495, "end": 29334886496},
          "source-locator": " [1:1-1:1]"
         }
        }
       },
       "runtime": { "start": 29334886486, "end": 29334886504}
      },
      "3": {
       "copytime": { "start": 29334811189, "end": 29334812295},
       "maxRSS": {
        "post": 16368,
        "pre": 16368
       },
       "num-tuples": 12656,
       "recursive-rule": {
        "@neglabel.reach(x,y) :- \n   @neglabel.reach(x,z),\n   edge(z,y).": {
         "0": {
          "maxRSS": {
           "post": 16368,
           "pre": 16368
          },
          "num-tuples": 12656,
          "runtime": { "start": 29334808241, "end": 29334811150},
          "source-locator": " [1:1-1:1]"
         }
        }
       },
       "runtime": { "start": 29334808230, "end": 29334811161}
      },
      "4": {
       "copytime": { "start": 29334817380, "end": 29334819111},
       "maxRSS": {
        "post": 16368,
        "pre": 16368
       },
       "num-tuples": 19086,
       "recursive-rule": {
        "@neglabel.reach(x,y) :- \n   @neglabel.reach(x,z),\n   edge(z,y).": {
         "0": {
          "maxRSS": {
           "post": 16368,
           "pre": 16368
          },
          "num-tuples": 19086,
          "runtime": { "start": 29334812315, "end": 29334817330},
          "source-locator": " [1:1-1:1]"
         }
        }
       },
       "runtime": { "start": 29334812302, "end": 29334817353}
      },
      "5": {
       "copytime": { "start": 29334826589, "end": 29334829016},
       "maxRSS": {
        "post": 16368,
        "pre": 16368
       },
       "num-tuples": 24243,
       "recursive-rule": {
        "@neglabel.reach(x,y) :- \n   @neglabel.reach(x,z),\n   edge(z,y).": {
         "0": {
          "maxRSS": {
           "post": 16368,
           "pre": 16368
          },
          "num-tuples": 24243,
          "runtime": { "start": 29334819134, "end": 29334826543},
          "source-locator": " [1:1-1:1]"
         }
        }
       },
       "runtime": { "start": 29334819117, "end": 29334826558}
      },
      "6": {
       "copytime": { "start": 29334838694, "end": 29334841319},
       "maxRSS": {
        "post": 16368,
        "pre": 16368
       },
       "num-tuples": 25745,
       "recursive-rule": {
        "@neglabel.reach(x,y) :- \n   @neglabel.reach(x,z),\n   edge(z,y).": {
         "0": {
          "maxRSS": {
           "post": 16368,
           "pre": 16368
          },
          "num-tuples": 25745,
          "runtime": { "start": 29334829044, "end": 29334838637},
          "source-locator": " [1:1-1:1]"
         }
        }
       },
       "runtime": { "start": 29334829025, "end": 29334838660}
      },
      "7": {
       "copytime": { "start": 29334850842, "end": 29334853250},
       "maxRSS": {
        "post": 16368,
        "pre": 16368
       },
       "num-tuples": 22945,
       "recursive-rule": {
        "@neglabel.reach(x,y) :- \n   @neglabel.reach(x,z),\n   edge(z,y).": {
         "0": {
          "maxRSS": {
           "post": 16368,
           "pre": 16368
          },
          "num-tuples": 22945,
          "runtime": { "start": 29334841346, "end": 29334850791},
          "source-locator": " [1:1-1:1]"
         }
        }
       },
       "runtime": { "start": 29334841329, "end": 29334850808}
      },
      "8": {
       "copytime": { "start": 29334861554, "end": 29334863490},
       "maxRSS": {
        "post": 16868,
        "pre": 16868
       },
       "num-tuples": 17637,
       "recursive-rule": {
        "@neglabel.reach(x,y) :- \n   @neglabel.reach(x,z),\n   edge(z,y).": {
         "0": {
          "maxRSS": {
           "post": 16868,
           "pre": 16868
          },
          "num-tuples": 17637,
          "runtime": { "start": 29334853274, "end": 29334861506},
          "source-locator": " [1:1-1:1]"
         }
        }
       },
       "runtime": { "start": 29334853260, "end": 29334861524}
      },
      "9": {
       "copytime": { "start": 29334870010, "end": 29334871443},
       "maxRSS": {
        "post": 17124,
        "pre": 17124
       },
       "num-tuples": 12301,
       "recursive-rule": {
        "@neglabel.reach(x,y) :- \n   @neglabel.reach(x,z),\n   edge(z,y).": {
         "0": {
          "maxRSS": {
           "post": 17124,
           "pre": 17124
          },
          "num-tuples": 12301,
          "runtime": { "start": 29334863514, "end": 29334869969},
          "source-locator": " [1:1-1:1]"
         }
        }
       },
       "runtime": { "start": 29334863499, "end": 29334869982}
      }
     },
     "maxRSS": {
      "post": 16368,
      "pre": 16368
     },
     "non-recursive-rule": {
      "@neglabel.reach(x,y) :- \n   edge(x,y).": {
       "atom-frequency": {
        "@neglabel.reach(x,y) :- \n   edge(x,y).": {
         "edge": {
          "level": 0,
          "num-tuples": 0
         }
        }
       },
       "maxRSS": {
        "post": 16368,
        "pre": 16368
       },
       "num-tuples": 1000,
       "runtime": { "start": 29334804175, "end": 29334804224},
       "source-locator": " [1:1-1:1]"
      }
     },
     "num-tuples": 1000,
     "runtime": { "start": 29334804166, "end": 29334804232},
     "source-locator": "/root/compiler/tests/corpus/BENCHMARK_FAMILY/reachability_complement.dl [21:7-21:12]"
    },
    "edge": {
     "loadtime": { "start": 29334803772, "end": 29334804083},
     "num-tuples": 1000,
     "reads": 0,
     "source-locator": "/root/compiler/tests/corpus/BENCHMARK_FAMILY/reachability_complement.dl [16:7-16:11]"
    },
    "node": {
     "loadtime": { "start": 29334804091, "end": 29334804159},
     "num-tuples": 500,
     "reads": 1,
     "source-locator": "/root/compiler/tests/corpus/BENCHMARK_FAMILY/reachability_complement.dl [18:7-18:11]"
    },
    "q_unreach": {
     "maxRSS": {
      "post": 17252,
      "pre": 17252
     },
     "non-recursive-rule": {
      "q_unreach(y) :- \n   unreach.{bf}(@abdul0,y),\n   @abdul0 = 1.": {
       "atom-frequency": {
        "q_unreach(y) :- \n   unreach.{bf}(@abdul0,y),\n   @abdul0 = 1.": {
         "unreach.{bf}": {
          "level": 0,
          "num-tuples": 0
         }
        }
       },
       "maxRSS": {
        "post": 17252,
        "pre": 17252
       },
       "num-tuples": 93,
       "runtime": { "start": 29334887064, "end": 29334887070},
       "source-locator": " [1:1-1:1]"
      }
     },
     "num-tuples": 93,
     "reads": 0,
     "runtime": { "start": 29334887051, "end": 29334887083},
     "savetime": { "start": 29334887088, "end": 29334887192},
     "source-locator": "/root/compiler/tests/corpus/BENCHMARK_FAMILY/reachability_complement.dl [28:7-28:16]"
    },
    "unreach.{bf}": {
     "maxRSS": {
      "post": 17252,
      "pre": 17252
     },
     "non-recursive-rule": {
      "unreach.{bf}(x,y) :- \n   @magic.unreach.{bf}(x),\n   node(x),\n   node(y),\n   !@neglabel.reach(x,y).": {
       "atom-frequency": {
        "unreach.{bf}(x,y) :- \n   @magic.unreach.{bf}(x),\n   node(x),\n   node(y),\n   !@neglabel.reach(x,y).": {
         "@magic.unreach.{bf}": {
          "level": 0,
          "num-tuples": 0
         },
         "node": {
          "level": 2,
          "num-tuples": 0
         }
        }
       },
       "maxRSS": {
        "post": 17252,
        "pre": 17252
       },
       "num-tuples": 93,
       "runtime": { "start": 29334886538, "end": 29334886564},
       "source-locator": " [1:1-1:1]"
      }
     },
     "num-tuples": 93,
     "reads": 0,
     "runtime": { "start": 29334886529, "end": 29334886572},
     "source-locator": " [1:1-1:1]"
    }
   },
   "runtime": { "start": 29334803746, "end": 29334887198},
   "starttime": { "time": 29334803716},
   "usage": {
    "timepoint": {
     "29334803733": {
      "maxRSS": 16368,
      "systemtime": 0,
      "usertime": 2460
     },
     "29334803795": {
      "maxRSS": 16368,
      "systemtime": 0,
      "usertime": 4443
     },
     "29334804108": {
      "maxRSS": 16368,
      "systemtime": 0,
      "usertime": 4774
     },
     "29334804180": {
      "maxRSS": 16368,
      "systemtime": 0,
      "usertime": 4865
     },
     "29334804293": {
      "maxRSS": 16368,
      "systemtime": 0,
      "usertime": 4985
     },
     "29334804701": {
      "maxRSS": 16368,
      "systemtime": 0,
      "usertime": 5389
     },
     "29334804866": {
      "maxRSS": 16368,
      "systemtime": 0,
      "usertime": 5597
     },
     "29334805670": {
      "maxRSS": 16368,
      "systemtime": 0,
      "usertime": 6413
     },
     "29334805997": {
      "maxRSS": 16368,
      "systemtime": 0,
      "usertime": 6770
     },
     "29334807096": {
      "maxRSS": 16368,
      "systemtime": 0,
      "usertime": 6776
     },
     "29334807618": {
      "maxRSS": 16368,
      "systemtime": 0,
      "usertime": 8390
     },
     "29334808246": {
      "maxRSS": 16368,
      "systemtime": 0,
      "usertime": 9053
     },
     "29334809346": {
      "maxRSS": 16368,
      "systemtime": 0,
      "usertime": 9066
     },
     "29334810441": {
      "maxRSS": 16368,
      "systemtime": 0,
      "usertime": 9074
     },
     "29334811186": {
      "maxRSS": 16368,
      "systemtime": 0,
      "usertime": 12023
     },
     "29334812252": {
      "maxRSS": 16368,
      "systemtime": 0,
      "usertime": 12853
     },
     "29334812319": {
      "maxRSS": 16368,
      "systemtime": 0,
      "usertime": 13174
     },
     "29334813383": {
      "maxRSS": 16368,
      "systemtime": 0,
      "usertime": 13180
     },
     "29334814446": {
      "maxRSS": 16368,
      "systemtime": 0,
      "usertime": 13187
     },
     "29334815545": {
      "maxRSS": 16368,
      "systemtime": 0,
      "usertime": 13199
     },
     "29334816626": {
      "maxRSS": 16368,
      "systemtime": 0,
      "usertime": 16918
     },
     "29334817390": {
      "maxRSS": 16368,
      "systemtime": 0,
      "usertime": 18292
     },
     "29334818497": {
      "maxRSS": 16368,
      "systemtime": 0,
      "usertime": 18305
     },
     "29334819167": {
      "maxRSS": 16368,
      "systemtime": 0,
      "usertime": 20075
     },
     "29334820238": {
      "maxRSS": 16368,
      "systemtime": 0,
      "usertime": 20959
     },
     "29334821303": {
      "maxRSS": 16368,
      "systemtime": 0,
      "usertime": 20967
     },
     "29334822371": {
      "maxRSS": 16368,
      "systemtime": 0,
      "usertime": 20979
     },
     "29334823468": {
      "maxRSS": 16368,
      "systemtime": 0,
      "usertime": 20991
     },
     "29334824574": {
      "maxRSS": 16368,
      "systemtime": 0,
      "usertime": 25006
     },
     "29334825638": {
      "maxRSS": 16368,
      "systemtime": 0,
      "usertime": 25013
     },
     "29334826607": {
      "maxRSS": 16368,
      "systemtime": 0,
      "usertime": 27612
     },
     "29334827681": {
      "maxRSS": 16368,
      "systemtime": 0,
      "usertime": 27622
     },
     "29334828815": {
      "maxRSS": 16368,
      "systemtime": 0,
      "usertime": 29085
     },
     "29334829053": {
      "maxRSS": 16368,
      "systemtime": 0,
      "usertime": 30112
     },
     "29334830139": {
      "maxRSS": 16368,
      "systemtime": 0,
      "usertime": 30124
     },
     "29334831218": {
      "maxRSS": 16368,
      "systemtime": 0,
      "usertime": 30139
     },
     "29334832290": {
      "maxRSS": 16368,
      "systemtime": 0,
      "usertime": 33127
     },
     "29334833388": {
      "maxRSS": 16368,
      "systemtime": 0,
      "usertime": 33137
     },
     "29334834465": {
      "maxRSS": 16368,
      "systemtime": 0,
      "usertime": 33155
     },
     "29334835532": {
      "maxRSS": 16368,
      "systemtime": 0,
      "usertime": 33164
     },
     "29334836611": {
      "maxRSS": 16368,
      "systemtime": 0,
      "usertime": 37174
     },
     "29334837688": {
      "maxRSS": 16368,
      "systemtime": 0,
      "usertime": 37190
     },
     "29334838689": {
      "maxRSS": 16368,
      "systemtime": 0,
      "usertime": 39868
     },
     "29334838715": {
      "maxRSS": 16368,
      "systemtime": 0,
      "usertime": 39886
     },
     "29334839779": {
      "maxRSS": 16368,
      "systemtime": 0,
      "usertime": 39893
     },
     "29334840855": {
      "maxRSS": 16368,
      "systemtime": 0,
      "usertime": 41219
     },
     "29334841378": {
      "maxRSS": 16368,
      "systemtime": 0,
      "usertime": 42578
     },
     "29334842487": {
      "maxRSS": 16368,
      "systemtime": 0,
      "usertime": 42598
     },
     "29334843582": {
      "maxRSS": 16368,
      "systemtime": 0,
      "usertime": 42607
     },
     "29334844711": {
      "maxRSS": 16368,
      "systemtime": 0,
      "usertime": 45276
     },
     "29334845784": {
      "maxRSS": 16368,
      "systemtime": 0,
      "usertime": 45290
     },
     "29334846892": {
      "maxRSS": 16368,
      "systemtime": 0,
      "usertime": 45309
     },
     "29334847991": {
      "maxRSS": 16368,
      "systemtime": 0,
      "usertime": 45319
     },
     "29334849090": {
      "maxRSS": 16368,
      "systemtime": 0,
      "usertime": 49327
     },
     "29334850186": {
      "maxRSS": 16368,
      "systemtime": 0,
      "usertime": 49336
     },
     "29334850866": {
      "maxRSS": 16368,
      "systemtime": 0,
      "usertime": 52193
     },
     "29334851976": {
      "maxRSS": 16484,
      "systemtime": 0,
      "usertime": 52214
     },
     "29334853047": {
      "maxRSS": 16868,
      "systemtime": 0,
      "usertime": 53383
     },
     "29334853292": {
      "maxRSS": 16868,
      "systemtime": 0,
      "usertime": 54678
     },
     "29334854390": {
      "maxRSS": 16868,
      "systemtime": 0,
      "usertime": 54687
     },
     "29334855495": {
      "maxRSS": 16868,
      "systemtime": 0,
      "usertime": 54704
     },
     "29334856617": {
      "maxRSS": 16868,
      "systemtime": 0,
      "usertime": 57463
     },
     "29334857721": {
      "maxRSS": 16868,
      "systemtime": 0,
      "usertime": 57480
     },
     "29334858834": {
      "maxRSS": 16868,
      "systemtime": 0,
      "usertime": 57514
     },
     "29334859919": {
      "maxRSS": 16868,
      "systemtime": 0,
      "usertime": 57539
     },
     "29334861002": {
      "maxRSS": 16868,
      "systemtime": 0,
      "usertime": 61558
     },
     "29334861556": {
      "maxRSS": 16868,
      "systemtime": 0,
      "usertime": 63127
     },
     "29334862658": {
      "maxRSS": 16996,
      "systemtime": 0,
      "usertime": 63154
     },
     "29334863519": {
      "maxRSS": 17124,
      "systemtime": 0,
      "usertime": 65127
     },
     "29334864610": {
      "maxRSS": 17124,
      "systemtime": 0,
      "usertime": 65630
     },
     "29334865687": {
      "maxRSS": 17124,
      "systemtime": 0,
      "usertime": 65649
     },
     "29334866777": {
      "maxRSS": 17124,
      "systemtime": 0,
      "usertime": 65662
     },
     "29334867892": {
      "maxRSS": 17124,
      "systemtime": 0,
      "usertime": 65689
     },
     "29334868991": {
      "maxRSS": 17124,
      "systemtime": 0,
      "usertime": 69711
     },
     "29334870013": {
      "maxRSS": 17124,
      "systemtime": 0,
      "usertime": 71734
     },
     "29334871082": {
      "maxRSS": 17124,
      "systemtime": 0,
      "usertime": 71746
     },
     "29334871486": {
      "maxRSS": 17252,
      "systemtime": 0,
      "usertime": 73222
     },
     "29334872588": {
      "maxRSS": 17252,
      "systemtime": 0,
      "usertime": 73789
     },
     "29334873665": {
      "maxRSS": 17252,
      "systemtime": 0,
      "usertime": 73802
     },
     "29334874737": {
      "maxRSS": 17252,
      "systemtime": 0,
      "usertime": 73816
     },
     "29334875837": {
      "maxRSS": 17252,
      "systemtime": 0,
      "usertime": 73846
     },
     "29334875999": {
      "maxRSS": 17252,
      "systemtime": 0,
      "usertime": 77843
     },
     "29334876957": {
      "maxRSS": 17252,
      "systemtime": 0,
      "usertime": 78827
     },
     "29334878038": {
      "maxRSS": 17252,
      "systemtime": 0,
      "usertime": 78843
     },
     "29334879120": {
      "maxRSS": 17252,
      "systemtime": 0,
      "usertime": 78860
     },
     "29334879894": {
      "maxRSS": 17252,
      "systemtime": 0,
      "usertime": 81811
     },
     "29334880498": {
      "maxRSS": 17252,
      "systemtime": 0,
      "usertime": 82471
     },
     "29334881574": {
      "maxRSS": 17252,
      "systemtime": 0,
      "usertime": 82486
     },
     "29334882380": {
      "maxRSS": 17252,
      "systemtime": 0,
      "usertime": 84396
     },
     "29334882752": {
      "maxRSS": 17252,
      "systemtime": 0,
      "usertime": 84778
     },
     "29334883677": {
      "maxRSS": 17252,
      "systemtime": 0,
      "usertime": 85725
     },
     "29334883911": {
      "maxRSS": 17252,
      "systemtime": 0,
      "usertime": 85960
     },
     "29334884593": {
      "maxRSS": 17252,
      "systemtime": 0,
      "usertime": 86669
     },
     "29334884752": {
      "maxRSS": 17252,
      "systemtime": 0,
      "usertime": 86836
     },
     "29334885126": {
      "maxRSS": 17252,
      "systemtime": 0,
      "usertime": 87224
     },
     "29334885222": {
      "maxRSS": 17252,
      "systemtime": 0,
      "usertime": 87334
     },
     "29334885494": {
      "maxRSS": 17252,
      "systemtime": 0,
      "usertime": 87620
     },
     "29334885568": {
      "maxRSS": 17252,
      "systemtime": 0,
      "usertime": 87699
     },
     "29334885779": {
      "maxRSS": 17252,
      "systemtime": 0,
      "usertime": 87922
     },
     "29334885834": {
      "maxRSS": 17252,
      "systemtime": 0,
      "usertime": 88001
     },
     "29334886021": {
      "maxRSS": 17252,
      "systemtime": 0,
      "usertime": 88201
     },
     "29334886071": {
      "maxRSS": 17252,
      "systemtime": 0,
      "usertime": 88261
     },
     "29334886203": {
      "maxRSS": 17252,
      "systemtime": 0,
      "usertime": 88408
     },
     "29334886232": {
      "maxRSS": 17252,
      "systemtime": 0,
      "usertime": 88450
     },
     "29334886296": {
      "maxRSS": 17252,
      "systemtime": 0,
      "usertime": 88526
     },
     "29334886336": {
      "maxRSS": 17252,
      "systemtime": 0,
      "usertime": 88572
     },
     "29334886379": {
      "maxRSS": 17252,
      "systemtime": 0,
      "usertime": 88622
     },
     "29334886402": {
      "maxRSS": 17252,
      "systemtime": 0,
      "usertime": 88656
     },
     "29334886434": {
      "maxRSS": 17252,
      "systemtime": 0,
      "usertime": 88694
     },
     "29334886454": {
      "maxRSS": 17252,
      "systemtime": 0,
      "usertime": 88724
     },
     "29334886479": {
      "maxRSS": 17252,
      "systemtime": 0,
      "usertime": 88753
     },
     "29334886499": {
      "maxRSS": 17252,
      "systemtime": 0,
      "usertime": 88781
     },
     "29334886522": {
      "maxRSS": 17252,
      "systemtime": 0,
      "usertime": 88809
     },
     "29334886543": {
      "maxRSS": 17252,
      "systemtime": 0,
      "usertime": 88838
     },
     "29334887071": {
      "maxRSS": 17252,
      "systemtime": 0,
      "usertime": 89379
     },
     "29334887102": {
      "maxRSS": 17252,
      "systemtime": 0,
      "usertime": 89405
     }
    }
   }
  }
 }
}
