{
 "root": {
  "program": {
   "configuration": {
    "": "/root/compiler/measurements/m3-5-headline-m4/family/transitive_closure_bound/n4000/emit_guarded/transformed.dl",
    "fact-dir": "/root/compiler/fixtures/benchmark-family/transitive_closure_bound/n4000",
    "include-dir": ".",
    "jobs": "1",
    "libraries": "functors",
    "library-dir": ".",
    "output-dir": "/root/compiler/measurements/m3-5-headline-m4/family/transitive_closure_bound/n4000/dlc",
    "profile": "prof.log",
    "relationCount": "7",
    "ruleCount": "13",
    "version": "2.5",
    "warn": "all",
    "wno": "none"
   },
   "relation": {
    "edge": {
     "loadtime": { "start": 22177147542, "end": 22177149430},
     "num-tuples": 8000,
     "reads": 0,
     "source-locator": "/root/compiler/measurements/m3-5-headline-m4/family/transitive_closure_bound/n4000/emit_guarded/transformed.dl [1:7-1:11]"
    },
    "magic_tc_bf": {
     "maxRSS": {
      "post": 14656,
      "pre": 14656
     },
     "non-recursive-rule": {
      "magic_tc_bf(1).": {
       "maxRSS": {
        "post": 14656,
        "pre": 14656
       },
       "num-tuples": 1,
       "runtime": { "start": 22177149454, "end": 22177149458},
       "source-locator": "/root/compiler/measurements/m3-5-headline-m4/family/transitive_closure_bound/n4000/emit_guarded/transformed.dl [21:1-21:16]"
      }
     },
     "num-tuples": 1,
     "reads": 0,
     "runtime": { "start": 22177149440, "end": 22177149465},
     "source-locator": "/root/compiler/measurements/m3-5-headline-m4/family/transitive_closure_bound/n4000/emit_guarded/transformed.dl [12:7-12:18]"
    },
    "q_tc": {
     "maxRSS": {
      "post": 14656,
      "pre": 14656
     },
     "non-recursive-rule": {
      "q_tc(y) :- \n   tc_bf(1,y).": {
       "atom-frequency": {
        "q_tc(y) :- \n   tc_bf(1,y).": {
         "tc_bf": {
          "level": 0,
          "num-tuples": 0
         }
        }
       },
       "maxRSS": {
        "post": 14656,
        "pre": 14656
       },
       "num-tuples": 50,
       "runtime": { "start": 22177150964, "end": 22177150968},
       "source-locator": "/root/compiler/measurements/m3-5-headline-m4/family/transitive_closure_bound/n4000/emit_guarded/transformed.dl [22:1-22:24]"
      }
     },
     "num-tuples": 50,
     "reads": 0,
     "runtime": { "start": 22177150955, "end": 22177150976},
     "savetime": { "start": 22177150980, "end": 22177151226},
     "source-locator": "/root/compiler/measurements/m3-5-headline-m4/family/transitive_closure_bound/n4000/emit_guarded/transformed.dl [4:7-4:11]"
    },
    "sup_tc_bf_r0_1": {
     "maxRSS": {
      "post": 14656,
      "pre": 14656
     },
     "non-recursive-rule": {
      "sup_tc_bf_r0_1(x,y) :- \n   magic_tc_bf(x),\n   edge(x,y).": {
       "atom-frequency": {
        "sup_tc_bf_r0_1(x,y) :- \n   magic_tc_bf(x),\n   edge(x,y).": {
         "edge": {
          "level": 1,
          "num-tuples": 0
         },
         "magic_tc_bf": {
          "level": 0,
          "num-tuples": 0
         }
        }
       },
       "maxRSS": {
        "post": 14656,
        "pre": 14656
       },
       "num-tuples": 8,
       "runtime": { "start": 22177149470, "end": 22177149475},
       "source-locator": "/root/compiler/measurements/m3-5-headline-m4/family/transitive_closure_bound/n4000/emit_guarded/transformed.dl [14:1-14:55]"
      }
     },
     "num-tuples": 8,
     "reads": 0,
     "runtime": { "start": 22177149470, "end": 22177149481},
     "source-locator": "/root/compiler/measurements/m3-5-headline-m4/family/transitive_closure_bound/n4000/emit_guarded/transformed.dl [7:7-7:21]"
    },
    "sup_tc_bf_r1_1": {
     "iteration": {
      "0": {
       "copytime": { "start": 22177149604, "end": 22177149605},
       "maxRSS": {
        "post": 14656,
        "pre": 14656
       },
       "num-tuples": 8,
       "recursive-rule": {
        "sup_tc_bf_r1_1(x,z) :- \n   magic_tc_bf(x),\n   tc_bf(x,z).": {
         "0": {
          "atom-frequency": {
           "@new_sup_tc_bf_r1_1(x,z) :- \n   magic_tc_bf(x),\n   @delta_tc_bf(x,z).": {
            "@delta_tc_bf": {
             "level": 1,
             "num-tuples": 0
            },
            "magic_tc_bf": {
             "level": 0,
             "num-tuples": 0
            }
           }
          },
          "maxRSS": {
           "post": 14656,
           "pre": 14656
          },
          "num-tuples": 8,
          "runtime": { "start": 22177149508, "end": 22177149513},
          "source-locator": "/root/compiler/measurements/m3-5-headline-m4/family/transitive_closure_bound/n4000/emit_guarded/transformed.dl [17:1-17:56]"
         }
        }
       },
       "runtime": { "start": 22177149499, "end": 22177149522}
      },
      "1": {
       "copytime": { "start": 22177149723, "end": 22177149723},
       "maxRSS": {
        "post": 14656,
        "pre": 14656
       },
       "num-tuples": 0,
       "recursive-rule": {
        "sup_tc_bf_r1_1(x,z) :- \n   magic_tc_bf(x),\n   tc_bf(x,z).": {
         "0": {
          "maxRSS": {
           "post": 14656,
           "pre": 14656
          },
          "num-tuples": 0,
          "runtime": { "start": 22177149638, "end": 22177149638},
          "source-locator": "/root/compiler/measurements/m3-5-headline-m4/family/transitive_closure_bound/n4000/emit_guarded/transformed.dl [17:1-17:56]"
         }
        }
       },
       "runtime": { "start": 22177149629, "end": 22177149646}
      },
      "10": {
       "copytime": { "start": 22177150573, "end": 22177150575},
       "maxRSS": {
        "post": 14656,
        "pre": 14656
       },
       "num-tuples": 0,
       "recursive-rule": {
        "sup_tc_bf_r1_1(x,z) :- \n   magic_tc_bf(x),\n   tc_bf(x,z).": {
         "0": {
          "maxRSS": {
           "post": 14656,
           "pre": 14656
          },
          "num-tuples": 0,
          "runtime": { "start": 22177150531, "end": 22177150532},
          "source-locator": "/root/compiler/measurements/m3-5-headline-m4/family/transitive_closure_bound/n4000/emit_guarded/transformed.dl [17:1-17:56]"
         }
        }
       },
       "runtime": { "start": 22177150531, "end": 22177150538}
      },
      "11": {
       "copytime": { "start": 22177150685, "end": 22177150686},
       "maxRSS": {
        "post": 14656,
        "pre": 14656
       },
       "num-tuples": 0,
       "recursive-rule": {
        "sup_tc_bf_r1_1(x,z) :- \n   magic_tc_bf(x),\n   tc_bf(x,z).": {
         "0": {
          "maxRSS": {
           "post": 14656,
           "pre": 14656
          },
          "num-tuples": 0,
          "runtime": { "start": 22177150596, "end": 22177150597},
          "source-locator": "/root/compiler/measurements/m3-5-headline-m4/family/transitive_closure_bound/n4000/emit_guarded/transformed.dl [17:1-17:56]"
         }
        }
       },
       "runtime": { "start": 22177150596, "end": 22177150605}
      },
      "12": {
       "copytime": { "start": 22177150811, "end": 22177150812},
       "maxRSS": {
        "post": 14656,
        "pre": 14656
       },
       "num-tuples": 1,
       "recursive-rule": {
        "sup_tc_bf_r1_1(x,z) :- \n   magic_tc_bf(x),\n   tc_bf(x,z).": {
         "0": {
          "maxRSS": {
           "post": 14656,
           "pre": 14656
          },
          "num-tuples": 1,
          "runtime": { "start": 22177150710, "end": 22177150711},
          "source-locator": "/root/compiler/measurements/m3-5-headline-m4/family/transitive_closure_bound/n4000/emit_guarded/transformed.dl [17:1-17:56]"
         }
        }
       },
       "runtime": { "start": 22177150710, "end": 22177150719}
      },
      "13": {
       "maxRSS": {
        "post": 14656,
        "pre": 14656
       },
       "num-tuples": 0,
       "recursive-rule": {
        "sup_tc_bf_r1_1(x,z) :- \n   magic_tc_bf(x),\n   tc_bf(x,z).": {
         "0": {
          "maxRSS": {
           "post": 14656,
           "pre": 14656
          },
          "num-tuples": 0,
          "runtime": { "start": 22177150837, "end": 22177150837},
          "source-locator": "/root/compiler/measurements/m3-5-headline-m4/family/transitive_closure_bound/n4000/emit_guarded/transformed.dl [17:1-17:56]"
         }
        }
       },
       "runtime": { "start": 22177150836, "end": 22177150844}
      },
      "2": {
       "copytime": { "start": 22177149842, "end": 22177149843},
       "maxRSS": {
        "post": 14656,
        "pre": 14656
       },
       "num-tuples": 0,
       "recursive-rule": {
        "sup_tc_bf_r1_1(x,z) :- \n   magic_tc_bf(x),\n   tc_bf(x,z).": {
         "0": {
          "maxRSS": {
           "post": 14656,
           "pre": 14656
          },
          "num-tuples": 0,
          "runtime": { "start": 22177149761, "end": 22177149761},
          "source-locator": "/root/compiler/measurements/m3-5-headline-m4/family/transitive_closure_bound/n4000/emit_guarded/transformed.dl [17:1-17:56]"
         }
        }
       },
       "runtime": { "start": 22177149760, "end": 22177149768}
      },
      "3": {
       "copytime": { "start": 22177149955, "end": 22177149957},
       "maxRSS": {
        "post": 14656,
        "pre": 14656
       },
       "num-tuples": 22,
       "recursive-rule": {
        "sup_tc_bf_r1_1(x,z) :- \n   magic_tc_bf(x),\n   tc_bf(x,z).": {
         "0": {
          "maxRSS": {
           "post": 14656,
           "pre": 14656
          },
          "num-tuples": 22,
          "runtime": { "start": 22177149863, "end": 22177149866},
          "source-locator": "/root/compiler/measurements/m3-5-headline-m4/family/transitive_closure_bound/n4000/emit_guarded/transformed.dl [17:1-17:56]"
         }
        }
       },
       "runtime": { "start": 22177149855, "end": 22177149874}
      },
      "4": {
       "copytime": { "start": 22177150084, "end": 22177150085},
       "maxRSS": {
        "post": 14656,
        "pre": 14656
       },
       "num-tuples": 0,
       "recursive-rule": {
        "sup_tc_bf_r1_1(x,z) :- \n   magic_tc_bf(x),\n   tc_bf(x,z).": {
         "0": {
          "maxRSS": {
           "post": 14656,
           "pre": 14656
          },
          "num-tuples": 0,
          "runtime": { "start": 22177149987, "end": 22177149988},
          "source-locator": "/root/compiler/measurements/m3-5-headline-m4/family/transitive_closure_bound/n4000/emit_guarded/transformed.dl [17:1-17:56]"
         }
        }
       },
       "runtime": { "start": 22177149979, "end": 22177149996}
      },
      "5": {
       "copytime": { "start": 22177150248, "end": 22177150249},
       "maxRSS": {
        "post": 14656,
        "pre": 14656
       },
       "num-tuples": 0,
       "recursive-rule": {
        "sup_tc_bf_r1_1(x,z) :- \n   magic_tc_bf(x),\n   tc_bf(x,z).": {
         "0": {
          "maxRSS": {
           "post": 14656,
           "pre": 14656
          },
          "num-tuples": 0,
          "runtime": { "start": 22177150117, "end": 22177150118},
          "source-locator": "/root/compiler/measurements/m3-5-headline-m4/family/transitive_closure_bound/n4000/emit_guarded/transformed.dl [17:1-17:56]"
         }
        }
       },
       "runtime": { "start": 22177150109, "end": 22177150126}
      },
      "6": {
       "copytime": { "start": 22177150322, "end": 22177150324},
       "maxRSS": {
        "post": 14656,
        "pre": 14656
       },
       "num-tuples": 16,
       "recursive-rule": {
        "sup_tc_bf_r1_1(x,z) :- \n   magic_tc_bf(x),\n   tc_bf(x,z).": {
         "0": {
          "maxRSS": {
           "post": 14656,
           "pre": 14656
          },
          "num-tuples": 16,
          "runtime": { "start": 22177150282, "end": 22177150284},
          "source-locator": "/root/compiler/measurements/m3-5-headline-m4/family/transitive_closure_bound/n4000/emit_guarded/transformed.dl [17:1-17:56]"
         }
        }
       },
       "runtime": { "start": 22177150281, "end": 22177150291}
      },
      "7": {
       "copytime": { "start": 22177150372, "end": 22177150373},
       "maxRSS": {
        "post": 14656,
        "pre": 14656
       },
       "num-tuples": 0,
       "recursive-rule": {
        "sup_tc_bf_r1_1(x,z) :- \n   magic_tc_bf(x),\n   tc_bf(x,z).": {
         "0": {
          "maxRSS": {
           "post": 14656,
           "pre": 14656
          },
          "num-tuples": 0,
          "runtime": { "start": 22177150333, "end": 22177150333},
          "source-locator": "/root/compiler/measurements/m3-5-headline-m4/family/transitive_closure_bound/n4000/emit_guarded/transformed.dl [17:1-17:56]"
         }
        }
       },
       "runtime": { "start": 22177150332, "end": 22177150338}
      },
      "8": {
       "copytime": { "start": 22177150455, "end": 22177150455},
       "maxRSS": {
        "post": 14656,
        "pre": 14656
       },
       "num-tuples": 0,
       "recursive-rule": {
        "sup_tc_bf_r1_1(x,z) :- \n   magic_tc_bf(x),\n   tc_bf(x,z).": {
         "0": {
          "maxRSS": {
           "post": 14656,
           "pre": 14656
          },
          "num-tuples": 0,
          "runtime": { "start": 22177150384, "end": 22177150384},
          "source-locator": "/root/compiler/measurements/m3-5-headline-m4/family/transitive_closure_bound/n4000/emit_guarded/transformed.dl [17:1-17:56]"
         }
        }
       },
       "runtime": { "start": 22177150383, "end": 22177150400}
      },
      "9": {
       "copytime": { "start": 22177150521, "end": 22177150522},
       "maxRSS": {
        "post": 14656,
        "pre": 14656
       },
       "num-tuples": 3,
       "recursive-rule": {
        "sup_tc_bf_r1_1(x,z) :- \n   magic_tc_bf(x),\n   tc_bf(x,z).": {
         "0": {
          "maxRSS": {
           "post": 14656,
           "pre": 14656
          },
          "num-tuples": 3,
          "runtime": { "start": 22177150467, "end": 22177150468},
          "source-locator": "/root/compiler/measurements/m3-5-headline-m4/family/transitive_closure_bound/n4000/emit_guarded/transformed.dl [17:1-17:56]"
         }
        }
       },
       "runtime": { "start": 22177150466, "end": 22177150473}
      }
     },
     "num-tuples": 0,
     "reads": 50,
     "source-locator": "/root/compiler/measurements/m3-5-headline-m4/family/transitive_closure_bound/n4000/emit_guarded/transformed.dl [10:7-10:21]"
    },
    "sup_tc_bf_r1_2": {
     "iteration": {
      "0": {
       "copytime": { "start": 22177149609, "end": 22177149618},
       "maxRSS": {
        "post": 14656,
        "pre": 14656
       },
       "num-tuples": 0,
       "recursive-rule": {
        "sup_tc_bf_r1_2(x,y) :- \n   sup_tc_bf_r1_1(x,z),\n   edge(z,y).": {
         "0": {
          "atom-frequency": {
           "@new_sup_tc_bf_r1_2(x,y) :- \n   @delta_sup_tc_bf_r1_1(x,z),\n   edge(z,y).": {
            "@delta_sup_tc_bf_r1_1": {
             "level": 0,
             "num-tuples": 0
            },
            "edge": {
             "level": 1,
             "num-tuples": 0
            }
           }
          },
          "maxRSS": {
           "post": 14656,
           "pre": 14656
          },
          "num-tuples": 0,
          "runtime": { "start": 22177149536, "end": 22177149537},
          "source-locator": "/root/compiler/measurements/m3-5-headline-m4/family/transitive_closure_bound/n4000/emit_guarded/transformed.dl [18:1-18:58]"
         }
        }
       },
       "runtime": { "start": 22177149528, "end": 22177149545}
      },
      "1": {
       "copytime": { "start": 22177149727, "end": 22177149741},
       "maxRSS": {
        "post": 14656,
        "pre": 14656
       },
       "num-tuples": 24,
       "recursive-rule": {
        "sup_tc_bf_r1_2(x,y) :- \n   sup_tc_bf_r1_1(x,z),\n   edge(z,y).": {
         "0": {
          "maxRSS": {
           "post": 14656,
           "pre": 14656
          },
          "num-tuples": 24,
          "runtime": { "start": 22177149659, "end": 22177149664},
          "source-locator": "/root/compiler/measurements/m3-5-headline-m4/family/transitive_closure_bound/n4000/emit_guarded/transformed.dl [18:1-18:58]"
         }
        }
       },
       "runtime": { "start": 22177149650, "end": 22177149673}
      },
      "10": {
       "copytime": { "start": 22177150578, "end": 22177150579},
       "maxRSS": {
        "post": 14656,
        "pre": 14656
       },
       "num-tuples": 1,
       "recursive-rule": {
        "sup_tc_bf_r1_2(x,y) :- \n   sup_tc_bf_r1_1(x,z),\n   edge(z,y).": {
         "0": {
          "maxRSS": {
           "post": 14656,
           "pre": 14656
          },
          "num-tuples": 1,
          "runtime": { "start": 22177150542, "end": 22177150545},
          "source-locator": "/root/compiler/measurements/m3-5-headline-m4/family/transitive_closure_bound/n4000/emit_guarded/transformed.dl [18:1-18:58]"
         }
        }
       },
       "runtime": { "start": 22177150542, "end": 22177150550}
      },
      "11": {
       "copytime": { "start": 22177150690, "end": 22177150691},
       "maxRSS": {
        "post": 14656,
        "pre": 14656
       },
       "num-tuples": 0,
       "recursive-rule": {
        "sup_tc_bf_r1_2(x,y) :- \n   sup_tc_bf_r1_1(x,z),\n   edge(z,y).": {
         "0": {
          "maxRSS": {
           "post": 14656,
           "pre": 14656
          },
          "num-tuples": 0,
          "runtime": { "start": 22177150623, "end": 22177150624},
          "source-locator": "/root/compiler/measurements/m3-5-headline-m4/family/transitive_closure_bound/n4000/emit_guarded/transformed.dl [18:1-18:58]"
         }
        }
       },
       "runtime": { "start": 22177150610, "end": 22177150634}
      },
      "12": {
       "copytime": { "start": 22177150816, "end": 22177150826},
       "maxRSS": {
        "post": 14656,
        "pre": 14656
       },
       "num-tuples": 0,
       "recursive-rule": {
        "sup_tc_bf_r1_2(x,y) :- \n   sup_tc_bf_r1_1(x,z),\n   edge(z,y).": {
         "0": {
          "maxRSS": {
           "post": 14656,
           "pre": 14656
          },
          "num-tuples": 0,
          "runtime": { "start": 22177150732, "end": 22177150733},
          "source-locator": "/root/compiler/measurements/m3-5-headline-m4/family/transitive_closure_bound/n4000/emit_guarded/transformed.dl [18:1-18:58]"
         }
        }
       },
       "runtime": { "start": 22177150723, "end": 22177150742}
      },
      "13": {
       "maxRSS": {
        "post": 14656,
        "pre": 14656
       },
       "num-tuples": 0,
       "recursive-rule": {
        "sup_tc_bf_r1_2(x,y) :- \n   sup_tc_bf_r1_1(x,z),\n   edge(z,y).": {
         "0": {
          "maxRSS": {
           "post": 14656,
           "pre": 14656
          },
          "num-tuples": 0,
          "runtime": { "start": 22177150858, "end": 22177150859},
          "source-locator": "/root/compiler/measurements/m3-5-headline-m4/family/transitive_closure_bound/n4000/emit_guarded/transformed.dl [18:1-18:58]"
         }
        }
       },
       "runtime": { "start": 22177150849, "end": 22177150868}
      },
      "2": {
       "copytime": { "start": 22177149845, "end": 22177149846},
       "maxRSS": {
        "post": 14656,
        "pre": 14656
       },
       "num-tuples": 0,
       "recursive-rule": {
        "sup_tc_bf_r1_2(x,y) :- \n   sup_tc_bf_r1_1(x,z),\n   edge(z,y).": {
         "0": {
          "maxRSS": {
           "post": 14656,
           "pre": 14656
          },
          "num-tuples": 0,
          "runtime": { "start": 22177149781, "end": 22177149782},
          "source-locator": "/root/compiler/measurements/m3-5-headline-m4/family/transitive_closure_bound/n4000/emit_guarded/transformed.dl [18:1-18:58]"
         }
        }
       },
       "runtime": { "start": 22177149772, "end": 22177149790}
      },
      "3": {
       "copytime": { "start": 22177149960, "end": 22177149969},
       "maxRSS": {
        "post": 14656,
        "pre": 14656
       },
       "num-tuples": 0,
       "recursive-rule": {
        "sup_tc_bf_r1_2(x,y) :- \n   sup_tc_bf_r1_1(x,z),\n   edge(z,y).": {
         "0": {
          "maxRSS": {
           "post": 14656,
           "pre": 14656
          },
          "num-tuples": 0,
          "runtime": { "start": 22177149887, "end": 22177149888},
          "source-locator": "/root/compiler/measurements/m3-5-headline-m4/family/transitive_closure_bound/n4000/emit_guarded/transformed.dl [18:1-18:58]"
         }
        }
       },
       "runtime": { "start": 22177149878, "end": 22177149896}
      },
      "4": {
       "copytime": { "start": 22177150089, "end": 22177150099},
       "maxRSS": {
        "post": 14656,
        "pre": 14656
       },
       "num-tuples": 19,
       "recursive-rule": {
        "sup_tc_bf_r1_2(x,y) :- \n   sup_tc_bf_r1_1(x,z),\n   edge(z,y).": {
         "0": {
          "maxRSS": {
           "post": 14656,
           "pre": 14656
          },
          "num-tuples": 19,
          "runtime": { "start": 22177150008, "end": 22177150018},
          "source-locator": "/root/compiler/measurements/m3-5-headline-m4/family/transitive_closure_bound/n4000/emit_guarded/transformed.dl [18:1-18:58]"
         }
        }
       },
       "runtime": { "start": 22177150000, "end": 22177150026}
      },
      "5": {
       "copytime": { "start": 22177150252, "end": 22177150262},
       "maxRSS": {
        "post": 14656,
        "pre": 14656
       },
       "num-tuples": 0,
       "recursive-rule": {
        "sup_tc_bf_r1_2(x,y) :- \n   sup_tc_bf_r1_1(x,z),\n   edge(z,y).": {
         "0": {
          "maxRSS": {
           "post": 14656,
           "pre": 14656
          },
          "num-tuples": 0,
          "runtime": { "start": 22177150138, "end": 22177150139},
          "source-locator": "/root/compiler/measurements/m3-5-headline-m4/family/transitive_closure_bound/n4000/emit_guarded/transformed.dl [18:1-18:58]"
         }
        }
       },
       "runtime": { "start": 22177150130, "end": 22177150147}
      },
      "6": {
       "copytime": { "start": 22177150327, "end": 22177150327},
       "maxRSS": {
        "post": 14656,
        "pre": 14656
       },
       "num-tuples": 0,
       "recursive-rule": {
        "sup_tc_bf_r1_2(x,y) :- \n   sup_tc_bf_r1_1(x,z),\n   edge(z,y).": {
         "0": {
          "maxRSS": {
           "post": 14656,
           "pre": 14656
          },
          "num-tuples": 0,
          "runtime": { "start": 22177150296, "end": 22177150296},
          "source-locator": "/root/compiler/measurements/m3-5-headline-m4/family/transitive_closure_bound/n4000/emit_guarded/transformed.dl [18:1-18:58]"
         }
        }
       },
       "runtime": { "start": 22177150296, "end": 22177150301}
      },
      "7": {
       "copytime": { "start": 22177150376, "end": 22177150377},
       "maxRSS": {
        "post": 14656,
        "pre": 14656
       },
       "num-tuples": 6,
       "recursive-rule": {
        "sup_tc_bf_r1_2(x,y) :- \n   sup_tc_bf_r1_1(x,z),\n   edge(z,y).": {
         "0": {
          "maxRSS": {
           "post": 14656,
           "pre": 14656
          },
          "num-tuples": 6,
          "runtime": { "start": 22177150341, "end": 22177150348},
          "source-locator": "/root/compiler/measurements/m3-5-headline-m4/family/transitive_closure_bound/n4000/emit_guarded/transformed.dl [18:1-18:58]"
         }
        }
       },
       "runtime": { "start": 22177150341, "end": 22177150352}
      },
      "8": {
       "copytime": { "start": 22177150458, "end": 22177150459},
       "maxRSS": {
        "post": 14656,
        "pre": 14656
       },
       "num-tuples": 0,
       "recursive-rule": {
        "sup_tc_bf_r1_2(x,y) :- \n   sup_tc_bf_r1_1(x,z),\n   edge(z,y).": {
         "0": {
          "maxRSS": {
           "post": 14656,
           "pre": 14656
          },
          "num-tuples": 0,
          "runtime": { "start": 22177150414, "end": 22177150415},
          "source-locator": "/root/compiler/measurements/m3-5-headline-m4/family/transitive_closure_bound/n4000/emit_guarded/transformed.dl [18:1-18:58]"
         }
        }
       },
       "runtime": { "start": 22177150405, "end": 22177150426}
      },
      "9": {
       "copytime": { "start": 22177150525, "end": 22177150525},
       "maxRSS": {
        "post": 14656,
        "pre": 14656
       },
       "num-tuples": 0,
       "recursive-rule": {
        "sup_tc_bf_r1_2(x,y) :- \n   sup_tc_bf_r1_1(x,z),\n   edge(z,y).": {
         "0": {
          "maxRSS": {
           "post": 14656,
           "pre": 14656
          },
          "num-tuples": 0,
          "runtime": { "start": 22177150486, "end": 22177150487},
          "source-locator": "/root/compiler/measurements/m3-5-headline-m4/family/transitive_closure_bound/n4000/emit_guarded/transformed.dl [18:1-18:58]"
         }
        }
       },
       "runtime": { "start": 22177150477, "end": 22177150496}
      }
     },
     "num-tuples": 0,
     "reads": 149,
     "source-locator": "/root/compiler/measurements/m3-5-headline-m4/family/transitive_closure_bound/n4000/emit_guarded/transformed.dl [11:7-11:21]"
    },
    "tc_bf": {
     "iteration": {
      "0": {
       "copytime": { "start": 22177149623, "end": 22177149623},
       "maxRSS": {
        "post": 14656,
        "pre": 14656
       },
       "num-tuples": 0,
       "recursive-rule": {
        "tc_bf(x,y) :- \n   sup_tc_bf_r1_2(x,y).": {
         "0": {
          "atom-frequency": {
           "@new_tc_bf(x,y) :- \n   @delta_sup_tc_bf_r1_2(x,y).": {
            "@delta_sup_tc_bf_r1_2": {
             "level": 0,
             "num-tuples": 0
            }
           }
          },
          "maxRSS": {
           "post": 14656,
           "pre": 14656
          },
          "num-tuples": 0,
          "runtime": { "start": 22177149558, "end": 22177149559},
          "source-locator": "/root/compiler/measurements/m3-5-headline-m4/family/transitive_closure_bound/n4000/emit_guarded/transformed.dl [20:1-20:37]"
         }
        }
       },
       "runtime": { "start": 22177149550, "end": 22177149567}
      },
      "1": {
       "copytime": { "start": 22177149746, "end": 22177149755},
       "maxRSS": {
        "post": 14656,
        "pre": 14656
       },
       "num-tuples": 0,
       "recursive-rule": {
        "tc_bf(x,y) :- \n   sup_tc_bf_r1_2(x,y).": {
         "0": {
          "maxRSS": {
           "post": 14656,
           "pre": 14656
          },
          "num-tuples": 0,
          "runtime": { "start": 22177149686, "end": 22177149687},
          "source-locator": "/root/compiler/measurements/m3-5-headline-m4/family/transitive_closure_bound/n4000/emit_guarded/transformed.dl [20:1-20:37]"
         }
        }
       },
       "runtime": { "start": 22177149677, "end": 22177149694}
      },
      "10": {
       "copytime": { "start": 22177150581, "end": 22177150590},
       "maxRSS": {
        "post": 14656,
        "pre": 14656
       },
       "num-tuples": 0,
       "recursive-rule": {
        "tc_bf(x,y) :- \n   sup_tc_bf_r1_2(x,y).": {
         "0": {
          "maxRSS": {
           "post": 14656,
           "pre": 14656
          },
          "num-tuples": 0,
          "runtime": { "start": 22177150554, "end": 22177150554},
          "source-locator": "/root/compiler/measurements/m3-5-headline-m4/family/transitive_closure_bound/n4000/emit_guarded/transformed.dl [20:1-20:37]"
         }
        }
       },
       "runtime": { "start": 22177150554, "end": 22177150559}
      },
      "11": {
       "copytime": { "start": 22177150694, "end": 22177150704},
       "maxRSS": {
        "post": 14656,
        "pre": 14656
       },
       "num-tuples": 1,
       "recursive-rule": {
        "tc_bf(x,y) :- \n   sup_tc_bf_r1_2(x,y).": {
         "0": {
          "maxRSS": {
           "post": 14656,
           "pre": 14656
          },
          "num-tuples": 1,
          "runtime": { "start": 22177150647, "end": 22177150649},
          "source-locator": "/root/compiler/measurements/m3-5-headline-m4/family/transitive_closure_bound/n4000/emit_guarded/transformed.dl [20:1-20:37]"
         }
        }
       },
       "runtime": { "start": 22177150638, "end": 22177150657}
      },
      "12": {
       "copytime": { "start": 22177150831, "end": 22177150832},
       "maxRSS": {
        "post": 14656,
        "pre": 14656
       },
       "num-tuples": 0,
       "recursive-rule": {
        "tc_bf(x,y) :- \n   sup_tc_bf_r1_2(x,y).": {
         "0": {
          "maxRSS": {
           "post": 14656,
           "pre": 14656
          },
          "num-tuples": 0,
          "runtime": { "start": 22177150756, "end": 22177150756},
          "source-locator": "/root/compiler/measurements/m3-5-headline-m4/family/transitive_closure_bound/n4000/emit_guarded/transformed.dl [20:1-20:37]"
         }
        }
       },
       "runtime": { "start": 22177150747, "end": 22177150766}
      },
      "13": {
       "maxRSS": {
        "post": 14656,
        "pre": 14656
       },
       "num-tuples": 0,
       "recursive-rule": {
        "tc_bf(x,y) :- \n   sup_tc_bf_r1_2(x,y).": {
         "0": {
          "maxRSS": {
           "post": 14656,
           "pre": 14656
          },
          "num-tuples": 0,
          "runtime": { "start": 22177150882, "end": 22177150883},
          "source-locator": "/root/compiler/measurements/m3-5-headline-m4/family/transitive_closure_bound/n4000/emit_guarded/transformed.dl [20:1-20:37]"
         }
        }
       },
       "runtime": { "start": 22177150873, "end": 22177150892}
      },
      "2": {
       "copytime": { "start": 22177149849, "end": 22177149852},
       "maxRSS": {
        "post": 14656,
        "pre": 14656
       },
       "num-tuples": 22,
       "recursive-rule": {
        "tc_bf(x,y) :- \n   sup_tc_bf_r1_2(x,y).": {
         "0": {
          "maxRSS": {
           "post": 14656,
           "pre": 14656
          },
          "num-tuples": 22,
          "runtime": { "start": 22177149803, "end": 22177149806},
          "source-locator": "/root/compiler/measurements/m3-5-headline-m4/family/transitive_closure_bound/n4000/emit_guarded/transformed.dl [20:1-20:37]"
         }
        }
       },
       "runtime": { "start": 22177149794, "end": 22177149815}
      },
      "3": {
       "copytime": { "start": 22177149974, "end": 22177149975},
       "maxRSS": {
        "post": 14656,
        "pre": 14656
       },
       "num-tuples": 0,
       "recursive-rule": {
        "tc_bf(x,y) :- \n   sup_tc_bf_r1_2(x,y).": {
         "0": {
          "maxRSS": {
           "post": 14656,
           "pre": 14656
          },
          "num-tuples": 0,
          "runtime": { "start": 22177149910, "end": 22177149910},
          "source-locator": "/root/compiler/measurements/m3-5-headline-m4/family/transitive_closure_bound/n4000/emit_guarded/transformed.dl [20:1-20:37]"
         }
        }
       },
       "runtime": { "start": 22177149900, "end": 22177149918}
      },
      "4": {
       "copytime": { "start": 22177150104, "end": 22177150105},
       "maxRSS": {
        "post": 14656,
        "pre": 14656
       },
       "num-tuples": 0,
       "recursive-rule": {
        "tc_bf(x,y) :- \n   sup_tc_bf_r1_2(x,y).": {
         "0": {
          "maxRSS": {
           "post": 14656,
           "pre": 14656
          },
          "num-tuples": 0,
          "runtime": { "start": 22177150039, "end": 22177150040},
          "source-locator": "/root/compiler/measurements/m3-5-headline-m4/family/transitive_closure_bound/n4000/emit_guarded/transformed.dl [20:1-20:37]"
         }
        }
       },
       "runtime": { "start": 22177150031, "end": 22177150048}
      },
      "5": {
       "copytime": { "start": 22177150267, "end": 22177150269},
       "maxRSS": {
        "post": 14656,
        "pre": 14656
       },
       "num-tuples": 16,
       "recursive-rule": {
        "tc_bf(x,y) :- \n   sup_tc_bf_r1_2(x,y).": {
         "0": {
          "maxRSS": {
           "post": 14656,
           "pre": 14656
          },
          "num-tuples": 16,
          "runtime": { "start": 22177150160, "end": 22177150163},
          "source-locator": "/root/compiler/measurements/m3-5-headline-m4/family/transitive_closure_bound/n4000/emit_guarded/transformed.dl [20:1-20:37]"
         }
        }
       },
       "runtime": { "start": 22177150151, "end": 22177150171}
      },
      "6": {
       "copytime": { "start": 22177150329, "end": 22177150330},
       "maxRSS": {
        "post": 14656,
        "pre": 14656
       },
       "num-tuples": 0,
       "recursive-rule": {
        "tc_bf(x,y) :- \n   sup_tc_bf_r1_2(x,y).": {
         "0": {
          "maxRSS": {
           "post": 14656,
           "pre": 14656
          },
          "num-tuples": 0,
          "runtime": { "start": 22177150304, "end": 22177150305},
          "source-locator": "/root/compiler/measurements/m3-5-headline-m4/family/transitive_closure_bound/n4000/emit_guarded/transformed.dl [20:1-20:37]"
         }
        }
       },
       "runtime": { "start": 22177150304, "end": 22177150310}
      },
      "7": {
       "copytime": { "start": 22177150380, "end": 22177150381},
       "maxRSS": {
        "post": 14656,
        "pre": 14656
       },
       "num-tuples": 0,
       "recursive-rule": {
        "tc_bf(x,y) :- \n   sup_tc_bf_r1_2(x,y).": {
         "0": {
          "maxRSS": {
           "post": 14656,
           "pre": 14656
          },
          "num-tuples": 0,
          "runtime": { "start": 22177150356, "end": 22177150356},
          "source-locator": "/root/compiler/measurements/m3-5-headline-m4/family/transitive_closure_bound/n4000/emit_guarded/transformed.dl [20:1-20:37]"
         }
        }
       },
       "runtime": { "start": 22177150355, "end": 22177150360}
      },
      "8": {
       "copytime": { "start": 22177150462, "end": 22177150463},
       "maxRSS": {
        "post": 14656,
        "pre": 14656
       },
       "num-tuples": 3,
       "recursive-rule": {
        "tc_bf(x,y) :- \n   sup_tc_bf_r1_2(x,y).": {
         "0": {
          "maxRSS": {
           "post": 14656,
           "pre": 14656
          },
          "num-tuples": 3,
          "runtime": { "start": 22177150431, "end": 22177150432},
          "source-locator": "/root/compiler/measurements/m3-5-headline-m4/family/transitive_closure_bound/n4000/emit_guarded/transformed.dl [20:1-20:37]"
         }
        }
       },
       "runtime": { "start": 22177150430, "end": 22177150439}
      },
      "9": {
       "copytime": { "start": 22177150527, "end": 22177150528},
       "maxRSS": {
        "post": 14656,
        "pre": 14656
       },
       "num-tuples": 0,
       "recursive-rule": {
        "tc_bf(x,y) :- \n   sup_tc_bf_r1_2(x,y).": {
         "0": {
          "maxRSS": {
           "post": 14656,
           "pre": 14656
          },
          "num-tuples": 0,
          "runtime": { "start": 22177150500, "end": 22177150501},
          "source-locator": "/root/compiler/measurements/m3-5-headline-m4/family/transitive_closure_bound/n4000/emit_guarded/transformed.dl [20:1-20:37]"
         }
        }
       },
       "runtime": { "start": 22177150500, "end": 22177150507}
      }
     },
     "maxRSS": {
      "post": 14656,
      "pre": 14656
     },
     "non-recursive-rule": {
      "tc_bf(x,y) :- \n   sup_tc_bf_r0_1(x,y).": {
       "atom-frequency": {
        "tc_bf(x,y) :- \n   sup_tc_bf_r0_1(x,y).": {
         "sup_tc_bf_r0_1": {
          "level": 0,
          "num-tuples": 0
         }
        }
       },
       "maxRSS": {
        "post": 14656,
        "pre": 14656
       },
       "num-tuples": 8,
       "runtime": { "start": 22177149489, "end": 22177149490},
       "source-locator": "/root/compiler/measurements/m3-5-headline-m4/family/transitive_closure_bound/n4000/emit_guarded/transformed.dl [15:1-15:37]"
      }
     },
     "num-tuples": 8,
     "reads": 50,
     "runtime": { "start": 22177149489, "end": 22177149495},
     "source-locator": "/root/compiler/measurements/m3-5-headline-m4/family/transitive_closure_bound/n4000/emit_guarded/transformed.dl [8:7-8:12]"
    }
   },
   "runtime": { "start": 22177147528, "end": 22177151232},
   "starttime": { "time": 22177147498},
   "usage": {
    "timepoint": {
     "22177147508": {
      "maxRSS": 14656,
      "systemtime": 2269,
      "usertime": 0
     },
     "22177147547": {
      "maxRSS": 14656,
      "systemtime": 4499,
      "usertime": 0
     },
     "22177148646": {
      "maxRSS": 14656,
      "systemtime": 4499,
      "usertime": 484
     },
     "22177149490": {
      "maxRSS": 14656,
      "systemtime": 4499,
      "usertime": 1970
     },
     "22177149514": {
      "maxRSS": 14656,
      "systemtime": 4499,
      "usertime": 2002
     },
     "22177149541": {
      "maxRSS": 14656,
      "systemtime": 4499,
      "usertime": 2033
     },
     "22177149563": {
      "maxRSS": 14656,
      "systemtime": 4499,
      "usertime": 2062
     },
     "22177149585": {
      "maxRSS": 14656,
      "systemtime": 4499,
      "usertime": 2091
     },
     "22177149603": {
      "maxRSS": 14656,
      "systemtime": 4499,
      "usertime": 2116
     },
     "22177149622": {
      "maxRSS": 14656,
      "systemtime": 4499,
      "usertime": 2141
     },
     "22177149643": {
      "maxRSS": 14656,
      "systemtime": 4499,
      "usertime": 2169
     },
     "22177149663": {
      "maxRSS": 14656,
      "systemtime": 4499,
      "usertime": 2195
     },
     "22177149690": {
      "maxRSS": 14656,
      "systemtime": 4499,
      "usertime": 2229
     },
     "22177149712": {
      "maxRSS": 14656,
      "systemtime": 4499,
      "usertime": 2256
     },
     "22177149722": {
      "maxRSS": 14656,
      "systemtime": 4499,
      "usertime": 2275
     },
     "22177149740": {
      "maxRSS": 14656,
      "systemtime": 4499,
      "usertime": 2288
     },
     "22177149759": {
      "maxRSS": 14656,
      "systemtime": 4499,
      "usertime": 2322
     },
     "22177149786": {
      "maxRSS": 14656,
      "systemtime": 4499,
      "usertime": 2355
     },
     "22177149808": {
      "maxRSS": 14656,
      "systemtime": 4499,
      "usertime": 2386
     },
     "22177149832": {
      "maxRSS": 14656,
      "systemtime": 4499,
      "usertime": 2414
     },
     "22177149839": {
      "maxRSS": 14656,
      "systemtime": 4499,
      "usertime": 2431
     },
     "22177149843": {
      "maxRSS": 14656,
      "systemtime": 4499,
      "usertime": 2440
     },
     "22177149847": {
      "maxRSS": 14656,
      "systemtime": 4499,
      "usertime": 2448
     },
     "22177149851": {
      "maxRSS": 14656,
      "systemtime": 4499,
      "usertime": 2455
     },
     "22177149868": {
      "maxRSS": 14656,
      "systemtime": 4499,
      "usertime": 2477
     },
     "22177149892": {
      "maxRSS": 14656,
      "systemtime": 4499,
      "usertime": 2505
     },
     "22177149914": {
      "maxRSS": 14656,
      "systemtime": 4499,
      "usertime": 2535
     },
     "22177149936": {
      "maxRSS": 14656,
      "systemtime": 4499,
      "usertime": 2562
     },
     "22177149954": {
      "maxRSS": 14656,
      "systemtime": 4499,
      "usertime": 2587
     },
     "22177149974": {
      "maxRSS": 14656,
      "systemtime": 4499,
      "usertime": 2613
     },
     "22177149992": {
      "maxRSS": 14656,
      "systemtime": 4499,
      "usertime": 2638
     },
     "22177150013": {
      "maxRSS": 14656,
      "systemtime": 4499,
      "usertime": 2665
     },
     "22177150044": {
      "maxRSS": 14656,
      "systemtime": 4499,
      "usertime": 2704
     },
     "22177150065": {
      "maxRSS": 14656,
      "systemtime": 4499,
      "usertime": 2731
     },
     "22177150083": {
      "maxRSS": 14656,
      "systemtime": 4499,
      "usertime": 2756
     },
     "22177150102": {
      "maxRSS": 14656,
      "systemtime": 4499,
      "usertime": 2783
     },
     "22177150122": {
      "maxRSS": 14656,
      "systemtime": 4499,
      "usertime": 2808
     },
     "22177150143": {
      "maxRSS": 14656,
      "systemtime": 4499,
      "usertime": 2835
     },
     "22177150165": {
      "maxRSS": 14656,
      "systemtime": 4499,
      "usertime": 2867
     },
     "22177150241": {
      "maxRSS": 14656,
      "systemtime": 4499,
      "usertime": 2954
     },
     "22177150369": {
      "maxRSS": 14656,
      "systemtime": 4499,
      "usertime": 3105
     },
     "22177150429": {
      "maxRSS": 14656,
      "systemtime": 4499,
      "usertime": 3193
     },
     "22177150453": {
      "maxRSS": 14656,
      "systemtime": 4499,
      "usertime": 3236
     },
     "22177150463": {
      "maxRSS": 14656,
      "systemtime": 4499,
      "usertime": 3257
     },
     "22177150552": {
      "maxRSS": 14656,
      "systemtime": 4499,
      "usertime": 3359
     },
     "22177150568": {
      "maxRSS": 14656,
      "systemtime": 4499,
      "usertime": 3391
     },
     "22177150578": {
      "maxRSS": 14656,
      "systemtime": 4499,
      "usertime": 3408
     },
     "22177150594": {
      "maxRSS": 14656,
      "systemtime": 4499,
      "usertime": 3425
     },
     "22177150629": {
      "maxRSS": 14656,
      "systemtime": 4499,
      "usertime": 3466
     },
     "22177150663": {
      "maxRSS": 14656,
      "systemtime": 4499,
      "usertime": 3514
     },
     "22177150687": {
      "maxRSS": 14656,
      "systemtime": 4499,
      "usertime": 3547
     },
     "22177150709": {
      "maxRSS": 14656,
      "systemtime": 4499,
      "usertime": 3575
     },
     "22177150737": {
      "maxRSS": 14656,
      "systemtime": 4499,
      "usertime": 3611
     },
     "22177150760": {
      "maxRSS": 14656,
      "systemtime": 4499,
      "usertime": 3640
     },
     "22177150791": {
      "maxRSS": 14656,
      "systemtime": 4499,
      "usertime": 3677
     },
     "22177150811": {
      "maxRSS": 14656,
      "systemtime": 4499,
      "usertime": 3704
     },
     "22177150830": {
      "maxRSS": 14656,
      "systemtime": 4499,
      "usertime": 3730
     },
     "22177150838": {
      "maxRSS": 14656,
      "systemtime": 4499,
      "usertime": 3749
     },
     "22177150862": {
      "maxRSS": 14656,
      "systemtime": 4499,
      "usertime": 3777
     },
     "22177150887": {
      "maxRSS": 14656,
      "systemtime": 4499,
      "usertime": 3807
     },
     "22177150910": {
      "maxRSS": 14656,
      "systemtime": 4499,
      "usertime": 3836
     },
     "22177150930": {
      "maxRSS": 14656,
      "systemtime": 4499,
      "usertime": 3863
     },
     "22177150969": {
      "maxRSS": 14656,
      "systemtime": 4499,
      "usertime": 3912
     },
     "22177150994": {
      "maxRSS": 14656,
      "systemtime": 4499,
      "usertime": 3935
     }
    }
   }
  }
 }
}
