{
 "root": {
  "program": {
   "configuration": {
    "": "/root/compiler/measurements/m2-gate/same_generation_negation/emit/transformed.dl",
    "fact-dir": "/root/compiler/fixtures/benchmark-family/same_generation_negation/d4_b4",
    "include-dir": ".",
    "jobs": "1",
    "libraries": "functors",
    "library-dir": ".",
    "output-dir": "/root/compiler/measurements/m2-gate/same_generation_negation/vs_original/candidate",
    "profile": "prof.log",
    "relationCount": "15",
    "ruleCount": "27",
    "version": "2.5",
    "warn": "all",
    "wno": "none"
   },
   "relation": {
    "magic_notsg_bf": {
     "maxRSS": {
      "post": 11908,
      "pre": 11780
     },
     "non-recursive-rule": {
      "magic_notsg_bf(0).": {
       "maxRSS": {
        "post": 11908,
        "pre": 11780
       },
       "num-tuples": 1,
       "runtime": { "start": 4420731214, "end": 4420731219},
       "source-locator": "/root/compiler/measurements/m2-gate/same_generation_negation/emit/transformed.dl [40:1-40:19]"
      }
     },
     "num-tuples": 1,
     "reads": 0,
     "runtime": { "start": 4420731213, "end": 4420731227},
     "source-locator": "/root/compiler/measurements/m2-gate/same_generation_negation/emit/transformed.dl [23:7-23:21]"
    },
    "magic_sg_bb": {
     "iteration": {
      "0": {
       "maxRSS": {
        "post": 12452,
        "pre": 12452
       },
       "num-tuples": 0,
       "recursive-rule": {
        "magic_sg_bb(xp,yp) :- \n   sup_sg_bb_r1_2(_,_,xp,yp).": {
         "0": {
          "atom-frequency": {
           "@new_magic_sg_bb(xp,yp) :- \n   @delta_sup_sg_bb_r1_2(_,_,xp,yp).": {
            "@delta_sup_sg_bb_r1_2": {
             "level": 0,
             "num-tuples": 0
            }
           }
          },
          "maxRSS": {
           "post": 12452,
           "pre": 12452
          },
          "num-tuples": 0,
          "runtime": { "start": 4420731500, "end": 4420731500},
          "source-locator": "/root/compiler/measurements/m2-gate/same_generation_negation/emit/transformed.dl [38:1-38:53]"
         }
        }
       },
       "runtime": { "start": 4420731489, "end": 4420731510}
      }
     },
     "maxRSS": {
      "post": 12452,
      "pre": 12452
     },
     "non-recursive-rule": {
      "magic_sg_bb(x,y) :- \n   sup_notsg_bf_r0_2(x,y).": {
       "atom-frequency": {
        "magic_sg_bb(x,y) :- \n   sup_notsg_bf_r0_2(x,y).": {
         "sup_notsg_bf_r0_2": {
          "level": 0,
          "num-tuples": 0
         }
        }
       },
       "maxRSS": {
        "post": 12452,
        "pre": 12452
       },
       "num-tuples": 226,
       "runtime": { "start": 4420731452, "end": 4420731463},
       "source-locator": "/root/compiler/measurements/m2-gate/same_generation_negation/emit/transformed.dl [28:1-28:46]"
      }
     },
     "num-tuples": 226,
     "reads": 0,
     "runtime": { "start": 4420731442, "end": 4420731470},
     "source-locator": "/root/compiler/measurements/m2-gate/same_generation_negation/emit/transformed.dl [13:7-13:18]"
    },
    "parent": {
     "loadtime": { "start": 4420731232, "end": 4420731346},
     "num-tuples": 225,
     "reads": 0,
     "source-locator": "/root/compiler/measurements/m2-gate/same_generation_negation/emit/transformed.dl [1:7-1:13]"
    },
    "person": {
     "loadtime": { "start": 4420731352, "end": 4420731398},
     "num-tuples": 226,
     "reads": 2,
     "source-locator": "/root/compiler/measurements/m2-gate/same_generation_negation/emit/transformed.dl [3:7-3:13]"
    },
    "q_notsg": {
     "maxRSS": {
      "post": 12580,
      "pre": 12580
     },
     "non-recursive-rule": {
      "q_notsg(y) :- \n   sup_notsg_bf_r0_3(0,y).": {
       "atom-frequency": {
        "q_notsg(y) :- \n   sup_notsg_bf_r0_3(0,y).": {
         "sup_notsg_bf_r0_3": {
          "level": 0,
          "num-tuples": 0
         }
        }
       },
       "maxRSS": {
        "post": 12580,
        "pre": 12580
       },
       "num-tuples": 225,
       "runtime": { "start": 4420731710, "end": 4420731717},
       "source-locator": "/root/compiler/measurements/m2-gate/same_generation_negation/emit/transformed.dl [41:1-41:30]"
      }
     },
     "num-tuples": 225,
     "reads": 0,
     "runtime": { "start": 4420731709, "end": 4420731722},
     "savetime": { "start": 4420731726, "end": 4420731777},
     "source-locator": "/root/compiler/measurements/m2-gate/same_generation_negation/emit/transformed.dl [7:7-7:14]"
    },
    "sg_bb": {
     "iteration": {
      "0": {
       "maxRSS": {
        "post": 12580,
        "pre": 12580
       },
       "num-tuples": 0,
       "recursive-rule": {
        "sg_bb(x,y) :- \n   sup_sg_bb_r1_4(x,y).": {
         "0": {
          "atom-frequency": {
           "@new_sg_bb(x,y) :- \n   @delta_sup_sg_bb_r1_4(x,y).": {
            "@delta_sup_sg_bb_r1_4": {
             "level": 0,
             "num-tuples": 0
            }
           }
          },
          "maxRSS": {
           "post": 12580,
           "pre": 12580
          },
          "num-tuples": 0,
          "runtime": { "start": 4420731627, "end": 4420731627},
          "source-locator": "/root/compiler/measurements/m2-gate/same_generation_negation/emit/transformed.dl [39:1-39:37]"
         }
        }
       },
       "runtime": { "start": 4420731626, "end": 4420731633}
      }
     },
     "maxRSS": {
      "post": 12580,
      "pre": 12580
     },
     "non-recursive-rule": {
      "sg_bb(x,x) :- \n   sup_sg_bb_r0_1(x).": {
       "atom-frequency": {
        "sg_bb(x,x) :- \n   sup_sg_bb_r0_1(x).": {
         "sup_sg_bb_r0_1": {
          "level": 0,
          "num-tuples": 0
         }
        }
       },
       "maxRSS": {
        "post": 12580,
        "pre": 12580
       },
       "num-tuples": 1,
       "runtime": { "start": 4420731613, "end": 4420731613},
       "source-locator": "/root/compiler/measurements/m2-gate/same_generation_negation/emit/transformed.dl [32:1-32:34]"
      }
     },
     "num-tuples": 1,
     "reads": 226,
     "runtime": { "start": 4420731612, "end": 4420731618},
     "source-locator": "/root/compiler/measurements/m2-gate/same_generation_negation/emit/transformed.dl [17:7-17:12]"
    },
    "sup_notsg_bf_r0_1": {
     "maxRSS": {
      "post": 12452,
      "pre": 12324
     },
     "non-recursive-rule": {
      "sup_notsg_bf_r0_1(x) :- \n   magic_notsg_bf(x),\n   person(x).": {
       "atom-frequency": {
        "sup_notsg_bf_r0_1(x) :- \n   magic_notsg_bf(x),\n   person(x).": {
         "magic_notsg_bf": {
          "level": 0,
          "num-tuples": 0
         }
        }
       },
       "maxRSS": {
        "post": 12452,
        "pre": 12324
       },
       "num-tuples": 1,
       "runtime": { "start": 4420731405, "end": 4420731411},
       "source-locator": "/root/compiler/measurements/m2-gate/same_generation_negation/emit/transformed.dl [25:1-25:57]"
      }
     },
     "num-tuples": 1,
     "reads": 0,
     "runtime": { "start": 4420731405, "end": 4420731418},
     "source-locator": "/root/compiler/measurements/m2-gate/same_generation_negation/emit/transformed.dl [10:7-10:24]"
    },
    "sup_notsg_bf_r0_2": {
     "maxRSS": {
      "post": 12452,
      "pre": 12452
     },
     "non-recursive-rule": {
      "sup_notsg_bf_r0_2(x,y) :- \n   sup_notsg_bf_r0_1(x),\n   person(y).": {
       "atom-frequency": {
        "sup_notsg_bf_r0_2(x,y) :- \n   sup_notsg_bf_r0_1(x),\n   person(y).": {
         "person": {
          "level": 1,
          "num-tuples": 0
         },
         "sup_notsg_bf_r0_1": {
          "level": 0,
          "num-tuples": 0
         }
        }
       },
       "maxRSS": {
        "post": 12452,
        "pre": 12452
       },
       "num-tuples": 226,
       "runtime": { "start": 4420731424, "end": 4420731433},
       "source-locator": "/root/compiler/measurements/m2-gate/same_generation_negation/emit/transformed.dl [26:1-26:60]"
      }
     },
     "num-tuples": 226,
     "reads": 0,
     "runtime": { "start": 4420731423, "end": 4420731439},
     "source-locator": "/root/compiler/measurements/m2-gate/same_generation_negation/emit/transformed.dl [11:7-11:24]"
    },
    "sup_notsg_bf_r0_3": {
     "maxRSS": {
      "post": 12580,
      "pre": 12580
     },
     "non-recursive-rule": {
      "sup_notsg_bf_r0_3(x,y) :- \n   sup_notsg_bf_r0_2(x,y),\n   !sg_bb(x,y).": {
       "atom-frequency": {
        "sup_notsg_bf_r0_3(x,y) :- \n   sup_notsg_bf_r0_2(x,y),\n   !sg_bb(x,y).": {
         "sup_notsg_bf_r0_2": {
          "level": 0,
          "num-tuples": 0
         }
        }
       },
       "maxRSS": {
        "post": 12580,
        "pre": 12580
       },
       "num-tuples": 225,
       "runtime": { "start": 4420731683, "end": 4420731698},
       "source-locator": "/root/compiler/measurements/m2-gate/same_generation_negation/emit/transformed.dl [27:1-27:66]"
      }
     },
     "num-tuples": 225,
     "reads": 0,
     "runtime": { "start": 4420731682, "end": 4420731705},
     "source-locator": "/root/compiler/measurements/m2-gate/same_generation_negation/emit/transformed.dl [12:7-12:24]"
    },
    "sup_sg_bb_r0_0": {
     "maxRSS": {
      "post": 12580,
      "pre": 12580
     },
     "non-recursive-rule": {
      "sup_sg_bb_r0_0(x) :- \n   magic_sg_bb(x,x).": {
       "atom-frequency": {
        "sup_sg_bb_r0_0(x) :- \n   magic_sg_bb(x,x).": {
         "magic_sg_bb": {
          "level": 0,
          "num-tuples": 0
         }
        }
       },
       "maxRSS": {
        "post": 12580,
        "pre": 12580
       },
       "num-tuples": 1,
       "runtime": { "start": 4420731584, "end": 4420731589},
       "source-locator": "/root/compiler/measurements/m2-gate/same_generation_negation/emit/transformed.dl [30:1-30:40]"
      }
     },
     "num-tuples": 1,
     "reads": 0,
     "runtime": { "start": 4420731575, "end": 4420731597},
     "source-locator": "/root/compiler/measurements/m2-gate/same_generation_negation/emit/transformed.dl [15:7-15:21]"
    },
    "sup_sg_bb_r0_1": {
     "maxRSS": {
      "post": 12580,
      "pre": 12580
     },
     "non-recursive-rule": {
      "sup_sg_bb_r0_1(x) :- \n   sup_sg_bb_r0_0(x),\n   person(x).": {
       "atom-frequency": {
        "sup_sg_bb_r0_1(x) :- \n   sup_sg_bb_r0_0(x),\n   person(x).": {
         "sup_sg_bb_r0_0": {
          "level": 0,
          "num-tuples": 0
         }
        }
       },
       "maxRSS": {
        "post": 12580,
        "pre": 12580
       },
       "num-tuples": 1,
       "runtime": { "start": 4420731602, "end": 4420731603},
       "source-locator": "/root/compiler/measurements/m2-gate/same_generation_negation/emit/transformed.dl [31:1-31:51]"
      }
     },
     "num-tuples": 1,
     "reads": 0,
     "runtime": { "start": 4420731602, "end": 4420731608},
     "source-locator": "/root/compiler/measurements/m2-gate/same_generation_negation/emit/transformed.dl [16:7-16:21]"
    },
    "sup_sg_bb_r1_1": {
     "iteration": {
      "0": {
       "maxRSS": {
        "post": 12580,
        "pre": 12452
       },
       "num-tuples": 0,
       "recursive-rule": {
        "sup_sg_bb_r1_1(x,y,xp) :- \n   magic_sg_bb(x,y),\n   parent(x,xp).": {
         "0": {
          "atom-frequency": {
           "@new_sup_sg_bb_r1_1(x,y,xp) :- \n   @delta_magic_sg_bb(x,y),\n   parent(x,xp).": {
            "@delta_magic_sg_bb": {
             "level": 0,
             "num-tuples": 0
            },
            "parent": {
             "level": 1,
             "num-tuples": 0
            }
           }
          },
          "maxRSS": {
           "post": 12580,
           "pre": 12452
          },
          "num-tuples": 0,
          "runtime": { "start": 4420731528, "end": 4420731538},
          "source-locator": "/root/compiler/measurements/m2-gate/same_generation_negation/emit/transformed.dl [34:1-34:65]"
         }
        }
       },
       "runtime": { "start": 4420731515, "end": 4420731544}
      }
     },
     "num-tuples": 0,
     "reads": 0,
     "source-locator": "/root/compiler/measurements/m2-gate/same_generation_negation/emit/transformed.dl [19:7-19:21]"
    },
    "sup_sg_bb_r1_2": {
     "iteration": {
      "0": {
       "maxRSS": {
        "post": 12580,
        "pre": 12580
       },
       "num-tuples": 0,
       "recursive-rule": {
        "sup_sg_bb_r1_2(x,y,xp,yp) :- \n   sup_sg_bb_r1_1(x,y,xp),\n   parent(y,yp).": {
         "0": {
          "atom-frequency": {
           "@new_sup_sg_bb_r1_2(x,y,xp,yp) :- \n   @delta_sup_sg_bb_r1_1(x,y,xp),\n   parent(y,yp).": {
            "@delta_sup_sg_bb_r1_1": {
             "level": 0,
             "num-tuples": 0
            },
            "parent": {
             "level": 1,
             "num-tuples": 0
            }
           }
          },
          "maxRSS": {
           "post": 12580,
           "pre": 12580
          },
          "num-tuples": 0,
          "runtime": { "start": 4420731548, "end": 4420731551},
          "source-locator": "/root/compiler/measurements/m2-gate/same_generation_negation/emit/transformed.dl [35:1-35:73]"
         }
        }
       },
       "runtime": { "start": 4420731548, "end": 4420731557}
      }
     },
     "num-tuples": 0,
     "reads": 0,
     "source-locator": "/root/compiler/measurements/m2-gate/same_generation_negation/emit/transformed.dl [20:7-20:21]"
    },
    "sup_sg_bb_r1_3": {
     "iteration": {
      "0": {
       "maxRSS": {
        "post": 12580,
        "pre": 12580
       },
       "num-tuples": 0,
       "recursive-rule": {
        "sup_sg_bb_r1_3(x,y) :- \n   sup_sg_bb_r1_2(x,y,xp,yp),\n   sg_bb(xp,yp).": {
         "0": {
          "atom-frequency": {
           "@new_sup_sg_bb_r1_3(x,y) :- \n   sup_sg_bb_r1_2(x,y,xp,yp),\n   @delta_sg_bb(xp,yp).": {
            "sup_sg_bb_r1_2": {
             "level": 0,
             "num-tuples": 0
            }
           }
          },
          "maxRSS": {
           "post": 12580,
           "pre": 12580
          },
          "num-tuples": 0,
          "runtime": { "start": 4420731638, "end": 4420731639},
          "source-locator": "/root/compiler/measurements/m2-gate/same_generation_negation/emit/transformed.dl [36:1-36:69]"
         }
        }
       },
       "runtime": { "start": 4420731638, "end": 4420731644}
      }
     },
     "num-tuples": 0,
     "reads": 0,
     "source-locator": "/root/compiler/measurements/m2-gate/same_generation_negation/emit/transformed.dl [21:7-21:21]"
    },
    "sup_sg_bb_r1_4": {
     "iteration": {
      "0": {
       "maxRSS": {
        "post": 12580,
        "pre": 12580
       },
       "num-tuples": 0,
       "recursive-rule": {
        "sup_sg_bb_r1_4(x,y) :- \n   sup_sg_bb_r1_3(x,y),\n   x != y.": {
         "0": {
          "atom-frequency": {
           "@new_sup_sg_bb_r1_4(x,y) :- \n   @delta_sup_sg_bb_r1_3(x,y),\n   x != y.": {
            "@delta_sup_sg_bb_r1_3": {
             "level": 0,
             "num-tuples": 0
            }
           }
          },
          "maxRSS": {
           "post": 12580,
           "pre": 12580
          },
          "num-tuples": 0,
          "runtime": { "start": 4420731656, "end": 4420731656},
          "source-locator": "/root/compiler/measurements/m2-gate/same_generation_negation/emit/transformed.dl [37:1-37:54]"
         }
        }
       },
       "runtime": { "start": 4420731647, "end": 4420731664}
      }
     },
     "num-tuples": 0,
     "reads": 0,
     "source-locator": "/root/compiler/measurements/m2-gate/same_generation_negation/emit/transformed.dl [22:7-22:21]"
    }
   },
   "runtime": { "start": 4420731208, "end": 4420731780},
   "starttime": { "time": 4420731170},
   "usage": {
    "timepoint": {
     "4420731219": {
      "maxRSS": 11908,
      "systemtime": 0,
      "usertime": 5727
     },
     "4420731428": {
      "maxRSS": 12452,
      "systemtime": 0,
      "usertime": 5963
     },
     "4420731458": {
      "maxRSS": 12452,
      "systemtime": 0,
      "usertime": 6001
     },
     "4420731558": {
      "maxRSS": 12580,
      "systemtime": 0,
      "usertime": 6117
     },
     "4420731572": {
      "maxRSS": 12580,
      "systemtime": 0,
      "usertime": 6140
     },
     "4420731626": {
      "maxRSS": 12580,
      "systemtime": 0,
      "usertime": 6215
     },
     "4420731714": {
      "maxRSS": 12580,
      "systemtime": 0,
      "usertime": 6319
     },
     "4420731730": {
      "maxRSS": 12580,
      "systemtime": 0,
      "usertime": 6349
     }
    }
   }
  }
 }
}
