{
 "root": {
  "program": {
   "configuration": {
    "": "/root/compiler/tests/corpus/CONE_CORPUS/cc_sibling_emptycone.dl",
    "fact-dir": "/root/compiler/fixtures/cone_corpus/cc_sibling_emptycone/n20",
    "include-dir": ".",
    "jobs": "1",
    "libraries": "functors",
    "library-dir": ".",
    "output-dir": "/root/compiler/measurements/night04-b-cone/cc_sibling_emptycone/n20/none",
    "profile": "prof.log",
    "relationCount": "10",
    "ruleCount": "15",
    "version": "2.5",
    "warn": "all",
    "wno": "none"
   },
   "relation": {
    "base": {
     "loadtime": { "start": 18398902175, "end": 18398902361},
     "num-tuples": 30,
     "reads": 0,
     "source-locator": "/root/compiler/tests/corpus/CONE_CORPUS/cc_sibling_emptycone.dl [16:7-16:11]"
    },
    "blocked": {
     "loadtime": { "start": 18398902371, "end": 18398902440},
     "num-tuples": 2,
     "reads": 199,
     "source-locator": "/root/compiler/tests/corpus/CONE_CORPUS/cc_sibling_emptycone.dl [18:7-18:14]"
    },
    "e": {
     "loadtime": { "start": 18398902448, "end": 18398902484},
     "num-tuples": 31,
     "reads": 0,
     "source-locator": "/root/compiler/tests/corpus/CONE_CORPUS/cc_sibling_emptycone.dl [17:7-17:8]"
    },
    "out": {
     "maxRSS": {
      "post": 12380,
      "pre": 12380
     },
     "non-recursive-rule": {
      "out(y) :- \n   p(1,y).": {
       "atom-frequency": {
        "out(y) :- \n   p(1,y).": {
         "p": {
          "level": 0,
          "num-tuples": 0
         }
        }
       },
       "maxRSS": {
        "post": 12380,
        "pre": 12380
       },
       "num-tuples": 1,
       "runtime": { "start": 18398903765, "end": 18398903766},
       "source-locator": "/root/compiler/tests/corpus/CONE_CORPUS/cc_sibling_emptycone.dl [33:1-33:18]"
      }
     },
     "num-tuples": 1,
     "reads": 0,
     "runtime": { "start": 18398903763, "end": 18398903773},
     "savetime": { "start": 18398903777, "end": 18398903810},
     "source-locator": "/root/compiler/tests/corpus/CONE_CORPUS/cc_sibling_emptycone.dl [32:7-32:10]"
    },
    "out2": {
     "maxRSS": {
      "post": 12380,
      "pre": 12380
     },
     "non-recursive-rule": {
      "out2(y) :- \n   tc(1,y).": {
       "atom-frequency": {
        "out2(y) :- \n   tc(1,y).": {
         "tc": {
          "level": 0,
          "num-tuples": 0
         }
        }
       },
       "maxRSS": {
        "post": 12380,
        "pre": 12380
       },
       "num-tuples": 13,
       "runtime": { "start": 18398903469, "end": 18398903471},
       "source-locator": "/root/compiler/tests/corpus/CONE_CORPUS/cc_sibling_emptycone.dl [40:1-40:20]"
      }
     },
     "num-tuples": 13,
     "reads": 0,
     "runtime": { "start": 18398903468, "end": 18398903479},
     "savetime": { "start": 18398903483, "end": 18398903610},
     "source-locator": "/root/compiler/tests/corpus/CONE_CORPUS/cc_sibling_emptycone.dl [39:7-39:11]"
    },
    "p": {
     "iteration": {
      "0": {
       "copytime": { "start": 18398903728, "end": 18398903730},
       "maxRSS": {
        "post": 12380,
        "pre": 12380
       },
       "num-tuples": 6,
       "recursive-rule": {
        "p(x,y) :- \n   p(x,z),\n   !s(z),\n   q(z,y).": {
         "0": {
          "atom-frequency": {
           "@new_p(x,y) :- \n   @delta_p(x,z),\n   !s(z),\n   q(z,y).": {
            "@delta_p": {
             "level": 0,
             "num-tuples": 0
            },
            "q": {
             "level": 1,
             "num-tuples": 0
            }
           }
          },
          "maxRSS": {
           "post": 12380,
           "pre": 12380
          },
          "num-tuples": 6,
          "runtime": { "start": 18398903693, "end": 18398903699},
          "source-locator": "/root/compiler/tests/corpus/CONE_CORPUS/cc_sibling_emptycone.dl [30:1-30:33]"
         }
        }
       },
       "runtime": { "start": 18398903683, "end": 18398903708}
      },
      "1": {
       "maxRSS": {
        "post": 12380,
        "pre": 12380
       },
       "num-tuples": 0,
       "recursive-rule": {
        "p(x,y) :- \n   p(x,z),\n   !s(z),\n   q(z,y).": {
         "0": {
          "maxRSS": {
           "post": 12380,
           "pre": 12380
          },
          "num-tuples": 0,
          "runtime": { "start": 18398903743, "end": 18398903746},
          "source-locator": "/root/compiler/tests/corpus/CONE_CORPUS/cc_sibling_emptycone.dl [30:1-30:33]"
         }
        }
       },
       "runtime": { "start": 18398903734, "end": 18398903754}
      }
     },
     "maxRSS": {
      "post": 12380,
      "pre": 12380
     },
     "non-recursive-rule": {
      "p(x,y) :- \n   e(x,y).": {
       "atom-frequency": {
        "p(x,y) :- \n   e(x,y).": {
         "e": {
          "level": 0,
          "num-tuples": 0
         }
        }
       },
       "maxRSS": {
        "post": 12380,
        "pre": 12380
       },
       "num-tuples": 31,
       "runtime": { "start": 18398903664, "end": 18398903668},
       "source-locator": "/root/compiler/tests/corpus/CONE_CORPUS/cc_sibling_emptycone.dl [29:1-29:18]"
      }
     },
     "num-tuples": 31,
     "reads": 9,
     "runtime": { "start": 18398903655, "end": 18398903676},
     "source-locator": "/root/compiler/tests/corpus/CONE_CORPUS/cc_sibling_emptycone.dl [28:7-28:8]"
    },
    "q": {
     "iteration": {
      "0": {
       "copytime": { "start": 18398902623, "end": 18398902629},
       "maxRSS": {
        "post": 12380,
        "pre": 12252
       },
       "num-tuples": 46,
       "recursive-rule": {
        "q(x,y) :- \n   q(x,z),\n   base(z,y).": {
         "0": {
          "atom-frequency": {
           "@new_q(x,y) :- \n   @delta_q(x,z),\n   base(z,y).": {
            "@delta_q": {
             "level": 0,
             "num-tuples": 0
            },
            "base": {
             "level": 1,
             "num-tuples": 0
            }
           }
          },
          "maxRSS": {
           "post": 12380,
           "pre": 12252
          },
          "num-tuples": 46,
          "runtime": { "start": 18398902573, "end": 18398902592},
          "source-locator": "/root/compiler/tests/corpus/CONE_CORPUS/cc_sibling_emptycone.dl [23:1-23:29]"
         }
        }
       },
       "runtime": { "start": 18398902572, "end": 18398902601}
      },
      "1": {
       "copytime": { "start": 18398902711, "end": 18398902719},
       "maxRSS": {
        "post": 12380,
        "pre": 12380
       },
       "num-tuples": 51,
       "recursive-rule": {
        "q(x,y) :- \n   q(x,z),\n   base(z,y).": {
         "0": {
          "maxRSS": {
           "post": 12380,
           "pre": 12380
          },
          "num-tuples": 51,
          "runtime": { "start": 18398902650, "end": 18398902671},
          "source-locator": "/root/compiler/tests/corpus/CONE_CORPUS/cc_sibling_emptycone.dl [23:1-23:29]"
         }
        }
       },
       "runtime": { "start": 18398902638, "end": 18398902683}
      },
      "2": {
       "copytime": { "start": 18398902784, "end": 18398902791},
       "maxRSS": {
        "post": 12380,
        "pre": 12380
       },
       "num-tuples": 44,
       "recursive-rule": {
        "q(x,y) :- \n   q(x,z),\n   base(z,y).": {
         "0": {
          "maxRSS": {
           "post": 12380,
           "pre": 12380
          },
          "num-tuples": 44,
          "runtime": { "start": 18398902725, "end": 18398902743},
          "source-locator": "/root/compiler/tests/corpus/CONE_CORPUS/cc_sibling_emptycone.dl [23:1-23:29]"
         }
        }
       },
       "runtime": { "start": 18398902724, "end": 18398902752}
      },
      "3": {
       "copytime": { "start": 18398902848, "end": 18398902853},
       "maxRSS": {
        "post": 12380,
        "pre": 12380
       },
       "num-tuples": 21,
       "recursive-rule": {
        "q(x,y) :- \n   q(x,z),\n   base(z,y).": {
         "0": {
          "maxRSS": {
           "post": 12380,
           "pre": 12380
          },
          "num-tuples": 21,
          "runtime": { "start": 18398902799, "end": 18398902814},
          "source-locator": "/root/compiler/tests/corpus/CONE_CORPUS/cc_sibling_emptycone.dl [23:1-23:29]"
         }
        }
       },
       "runtime": { "start": 18398902798, "end": 18398902824}
      },
      "4": {
       "copytime": { "start": 18398902903, "end": 18398902907},
       "maxRSS": {
        "post": 12380,
        "pre": 12380
       },
       "num-tuples": 6,
       "recursive-rule": {
        "q(x,y) :- \n   q(x,z),\n   base(z,y).": {
         "0": {
          "maxRSS": {
           "post": 12380,
           "pre": 12380
          },
          "num-tuples": 6,
          "runtime": { "start": 18398902859, "end": 18398902866},
          "source-locator": "/root/compiler/tests/corpus/CONE_CORPUS/cc_sibling_emptycone.dl [23:1-23:29]"
         }
        }
       },
       "runtime": { "start": 18398902858, "end": 18398902876}
      },
      "5": {
       "copytime": { "start": 18398902953, "end": 18398902955},
       "maxRSS": {
        "post": 12380,
        "pre": 12380
       },
       "num-tuples": 1,
       "recursive-rule": {
        "q(x,y) :- \n   q(x,z),\n   base(z,y).": {
         "0": {
          "maxRSS": {
           "post": 12380,
           "pre": 12380
          },
          "num-tuples": 1,
          "runtime": { "start": 18398902914, "end": 18398902917},
          "source-locator": "/root/compiler/tests/corpus/CONE_CORPUS/cc_sibling_emptycone.dl [23:1-23:29]"
         }
        }
       },
       "runtime": { "start": 18398902912, "end": 18398902927}
      },
      "6": {
       "maxRSS": {
        "post": 12380,
        "pre": 12380
       },
       "num-tuples": 0,
       "recursive-rule": {
        "q(x,y) :- \n   q(x,z),\n   base(z,y).": {
         "0": {
          "maxRSS": {
           "post": 12380,
           "pre": 12380
          },
          "num-tuples": 0,
          "runtime": { "start": 18398902973, "end": 18398902975},
          "source-locator": "/root/compiler/tests/corpus/CONE_CORPUS/cc_sibling_emptycone.dl [23:1-23:29]"
         }
        }
       },
       "runtime": { "start": 18398902960, "end": 18398902986}
      }
     },
     "maxRSS": {
      "post": 12252,
      "pre": 12124
     },
     "non-recursive-rule": {
      "q(x,y) :- \n   base(x,y).": {
       "atom-frequency": {
        "q(x,y) :- \n   base(x,y).": {
         "base": {
          "level": 0,
          "num-tuples": 0
         }
        }
       },
       "maxRSS": {
        "post": 12252,
        "pre": 12124
       },
       "num-tuples": 30,
       "runtime": { "start": 18398902545, "end": 18398902553},
       "source-locator": "/root/compiler/tests/corpus/CONE_CORPUS/cc_sibling_emptycone.dl [22:1-22:21]"
      }
     },
     "num-tuples": 30,
     "reads": 327,
     "runtime": { "start": 18398902534, "end": 18398902563},
     "source-locator": "/root/compiler/tests/corpus/CONE_CORPUS/cc_sibling_emptycone.dl [21:7-21:8]"
    },
    "s": {
     "maxRSS": {
      "post": 12380,
      "pre": 12380
     },
     "non-recursive-rule": {
      "s(x) :- \n   q(x,y),\n   blocked(y).": {
       "atom-frequency": {
        "s(x) :- \n   q(x,y),\n   blocked(y).": {
         "q": {
          "level": 0,
          "num-tuples": 0
         }
        }
       },
       "maxRSS": {
        "post": 12380,
        "pre": 12380
       },
       "num-tuples": 12,
       "runtime": { "start": 18398903629, "end": 18398903638},
       "source-locator": "/root/compiler/tests/corpus/CONE_CORPUS/cc_sibling_emptycone.dl [26:1-26:28]"
      }
     },
     "num-tuples": 12,
     "reads": 37,
     "runtime": { "start": 18398903617, "end": 18398903648},
     "source-locator": "/root/compiler/tests/corpus/CONE_CORPUS/cc_sibling_emptycone.dl [25:7-25:8]"
    },
    "sibling_edge": {
     "loadtime": { "start": 18398902493, "end": 18398902527},
     "num-tuples": 40,
     "reads": 0,
     "source-locator": "/root/compiler/tests/corpus/CONE_CORPUS/cc_sibling_emptycone.dl [19:7-19:19]"
    },
    "tc": {
     "iteration": {
      "0": {
       "copytime": { "start": 18398903101, "end": 18398903107},
       "maxRSS": {
        "post": 12380,
        "pre": 12380
       },
       "num-tuples": 63,
       "recursive-rule": {
        "tc(x,y) :- \n   tc(x,z),\n   sibling_edge(z,y).": {
         "0": {
          "atom-frequency": {
           "@new_tc(x,y) :- \n   @delta_tc(x,z),\n   sibling_edge(z,y).": {
            "@delta_tc": {
             "level": 0,
             "num-tuples": 0
            },
            "sibling_edge": {
             "level": 1,
             "num-tuples": 0
            }
           }
          },
          "maxRSS": {
           "post": 12380,
           "pre": 12380
          },
          "num-tuples": 63,
          "runtime": { "start": 18398903053, "end": 18398903069},
          "source-locator": "/root/compiler/tests/corpus/CONE_CORPUS/cc_sibling_emptycone.dl [37:1-37:39]"
         }
        }
       },
       "runtime": { "start": 18398903042, "end": 18398903079}
      },
      "1": {
       "copytime": { "start": 18398903171, "end": 18398903179},
       "maxRSS": {
        "post": 12380,
        "pre": 12380
       },
       "num-tuples": 65,
       "recursive-rule": {
        "tc(x,y) :- \n   tc(x,z),\n   sibling_edge(z,y).": {
         "0": {
          "maxRSS": {
           "post": 12380,
           "pre": 12380
          },
          "num-tuples": 65,
          "runtime": { "start": 18398903121, "end": 18398903141},
          "source-locator": "/root/compiler/tests/corpus/CONE_CORPUS/cc_sibling_emptycone.dl [37:1-37:39]"
         }
        }
       },
       "runtime": { "start": 18398903111, "end": 18398903149}
      },
      "2": {
       "copytime": { "start": 18398903243, "end": 18398903250},
       "maxRSS": {
        "post": 12380,
        "pre": 12380
       },
       "num-tuples": 48,
       "recursive-rule": {
        "tc(x,y) :- \n   tc(x,z),\n   sibling_edge(z,y).": {
         "0": {
          "maxRSS": {
           "post": 12380,
           "pre": 12380
          },
          "num-tuples": 48,
          "runtime": { "start": 18398903194, "end": 18398903213},
          "source-locator": "/root/compiler/tests/corpus/CONE_CORPUS/cc_sibling_emptycone.dl [37:1-37:39]"
         }
        }
       },
       "runtime": { "start": 18398903183, "end": 18398903221}
      },
      "3": {
       "copytime": { "start": 18398903320, "end": 18398903324},
       "maxRSS": {
        "post": 12380,
        "pre": 12380
       },
       "num-tuples": 20,
       "recursive-rule": {
        "tc(x,y) :- \n   tc(x,z),\n   sibling_edge(z,y).": {
         "0": {
          "maxRSS": {
           "post": 12380,
           "pre": 12380
          },
          "num-tuples": 20,
          "runtime": { "start": 18398903264, "end": 18398903281},
          "source-locator": "/root/compiler/tests/corpus/CONE_CORPUS/cc_sibling_emptycone.dl [37:1-37:39]"
         }
        }
       },
       "runtime": { "start": 18398903254, "end": 18398903291}
      },
      "4": {
       "copytime": { "start": 18398903367, "end": 18398903369},
       "maxRSS": {
        "post": 12380,
        "pre": 12380
       },
       "num-tuples": 9,
       "recursive-rule": {
        "tc(x,y) :- \n   tc(x,z),\n   sibling_edge(z,y).": {
         "0": {
          "maxRSS": {
           "post": 12380,
           "pre": 12380
          },
          "num-tuples": 9,
          "runtime": { "start": 18398903332, "end": 18398903339},
          "source-locator": "/root/compiler/tests/corpus/CONE_CORPUS/cc_sibling_emptycone.dl [37:1-37:39]"
         }
        }
       },
       "runtime": { "start": 18398903329, "end": 18398903346}
      },
      "5": {
       "copytime": { "start": 18398903418, "end": 18398903420},
       "maxRSS": {
        "post": 12380,
        "pre": 12380
       },
       "num-tuples": 7,
       "recursive-rule": {
        "tc(x,y) :- \n   tc(x,z),\n   sibling_edge(z,y).": {
         "0": {
          "maxRSS": {
           "post": 12380,
           "pre": 12380
          },
          "num-tuples": 7,
          "runtime": { "start": 18398903384, "end": 18398903389},
          "source-locator": "/root/compiler/tests/corpus/CONE_CORPUS/cc_sibling_emptycone.dl [37:1-37:39]"
         }
        }
       },
       "runtime": { "start": 18398903374, "end": 18398903397}
      },
      "6": {
       "maxRSS": {
        "post": 12380,
        "pre": 12380
       },
       "num-tuples": 0,
       "recursive-rule": {
        "tc(x,y) :- \n   tc(x,z),\n   sibling_edge(z,y).": {
         "0": {
          "maxRSS": {
           "post": 12380,
           "pre": 12380
          },
          "num-tuples": 0,
          "runtime": { "start": 18398903434, "end": 18398903436},
          "source-locator": "/root/compiler/tests/corpus/CONE_CORPUS/cc_sibling_emptycone.dl [37:1-37:39]"
         }
        }
       },
       "runtime": { "start": 18398903424, "end": 18398903445}
      }
     },
     "maxRSS": {
      "post": 12380,
      "pre": 12380
     },
     "non-recursive-rule": {
      "tc(x,y) :- \n   sibling_edge(x,y).": {
       "atom-frequency": {
        "tc(x,y) :- \n   sibling_edge(x,y).": {
         "sibling_edge": {
          "level": 0,
          "num-tuples": 0
         }
        }
       },
       "maxRSS": {
        "post": 12380,
        "pre": 12380
       },
       "num-tuples": 40,
       "runtime": { "start": 18398903016, "end": 18398903020},
       "source-locator": "/root/compiler/tests/corpus/CONE_CORPUS/cc_sibling_emptycone.dl [36:1-36:30]"
      }
     },
     "num-tuples": 40,
     "reads": 434,
     "runtime": { "start": 18398903015, "end": 18398903031},
     "source-locator": "/root/compiler/tests/corpus/CONE_CORPUS/cc_sibling_emptycone.dl [35:7-35:9]"
    }
   },
   "runtime": { "start": 18398902168, "end": 18398903814},
   "starttime": { "time": 18398902102},
   "usage": {
    "timepoint": {
     "18398902134": {
      "maxRSS": 11736,
      "systemtime": 1782,
      "usertime": 1782
     },
     "18398902418": {
      "maxRSS": 12124,
      "systemtime": 2989,
      "usertime": 2989
     },
     "18398902469": {
      "maxRSS": 12124,
      "systemtime": 3036,
      "usertime": 3036
     },
     "18398902511": {
      "maxRSS": 12124,
      "systemtime": 3064,
      "usertime": 3064
     },
     "18398902566": {
      "maxRSS": 12252,
      "systemtime": 3107,
      "usertime": 3107
     },
     "18398902623": {
      "maxRSS": 12380,
      "systemtime": 3140,
      "usertime": 3140
     },
     "18398902661": {
      "maxRSS": 12380,
      "systemtime": 3163,
      "usertime": 3163
     },
     "18398902724": {
      "maxRSS": 12380,
      "systemtime": 3212,
      "usertime": 3212
     },
     "18398902791": {
      "maxRSS": 12380,
      "systemtime": 3256,
      "usertime": 3256
     },
     "18398902799": {
      "maxRSS": 12380,
      "systemtime": 3264,
      "usertime": 3264
     },
     "18398902852": {
      "maxRSS": 12380,
      "systemtime": 3294,
      "usertime": 3294
     },
     "18398902860": {
      "maxRSS": 12380,
      "systemtime": 3304,
      "usertime": 3304
     },
     "18398902905": {
      "maxRSS": 12380,
      "systemtime": 3331,
      "usertime": 3331
     },
     "18398902914": {
      "maxRSS": 12380,
      "systemtime": 3340,
      "usertime": 3340
     },
     "18398902950": {
      "maxRSS": 12380,
      "systemtime": 3362,
      "usertime": 3362
     },
     "18398902980": {
      "maxRSS": 12380,
      "systemtime": 3380,
      "usertime": 3380
     },
     "18398903020": {
      "maxRSS": 12380,
      "systemtime": 3410,
      "usertime": 3410
     },
     "18398903065": {
      "maxRSS": 12380,
      "systemtime": 3435,
      "usertime": 3435
     },
     "18398903099": {
      "maxRSS": 12380,
      "systemtime": 3459,
      "usertime": 3459
     },
     "18398903133": {
      "maxRSS": 12380,
      "systemtime": 3478,
      "usertime": 3478
     },
     "18398903171": {
      "maxRSS": 12380,
      "systemtime": 3511,
      "usertime": 3511
     },
     "18398903201": {
      "maxRSS": 12380,
      "systemtime": 3527,
      "usertime": 3527
     },
     "18398903243": {
      "maxRSS": 12380,
      "systemtime": 3557,
      "usertime": 3557
     },
     "18398903269": {
      "maxRSS": 12380,
      "systemtime": 3571,
      "usertime": 3571
     },
     "18398903321": {
      "maxRSS": 12380,
      "systemtime": 3603,
      "usertime": 3603
     },
     "18398903335": {
      "maxRSS": 12380,
      "systemtime": 3613,
      "usertime": 3613
     },
     "18398903367": {
      "maxRSS": 12380,
      "systemtime": 3636,
      "usertime": 3636
     },
     "18398903389": {
      "maxRSS": 12380,
      "systemtime": 3650,
      "usertime": 3650
     },
     "18398903417": {
      "maxRSS": 12380,
      "systemtime": 3665,
      "usertime": 3665
     },
     "18398903439": {
      "maxRSS": 12380,
      "systemtime": 3680,
      "usertime": 3680
     },
     "18398903466": {
      "maxRSS": 12380,
      "systemtime": 3695,
      "usertime": 3695
     },
     "18398903500": {
      "maxRSS": 12380,
      "systemtime": 3710,
      "usertime": 3710
     },
     "18398903635": {
      "maxRSS": 12380,
      "systemtime": 3789,
      "usertime": 3789
     },
     "18398903671": {
      "maxRSS": 12380,
      "systemtime": 3812,
      "usertime": 3812
     },
     "18398903703": {
      "maxRSS": 12380,
      "systemtime": 3832,
      "usertime": 3832
     },
     "18398903727": {
      "maxRSS": 12380,
      "systemtime": 3848,
      "usertime": 3848
     },
     "18398903753": {
      "maxRSS": 12380,
      "systemtime": 3869,
      "usertime": 3869
     },
     "18398903768": {
      "maxRSS": 12380,
      "systemtime": 3880,
      "usertime": 3880
     },
     "18398903793": {
      "maxRSS": 12380,
      "systemtime": 3890,
      "usertime": 3890
     }
    }
   }
  }
 }
}
