{
 "root": {
  "program": {
   "configuration": {
    "": "/root/compiler/tests/corpus/BENCHMARK_FAMILY/transitive_closure_bound.dl",
    "fact-dir": "/root/compiler/fixtures/benchmark-family/transitive_closure_bound/n1000",
    "include-dir": ".",
    "jobs": "1",
    "libraries": "functors",
    "library-dir": ".",
    "magic-transform": "*",
    "output-dir": "/root/compiler/measurements/m3-5-headline/family/transitive_closure_bound/n1000/souffle",
    "profile": "prof.log",
    "relationCount": "3",
    "ruleCount": "6",
    "version": "2.5",
    "warn": "all",
    "wno": "none"
   },
   "relation": {
    "@magic.tc.{bf}": {
     "maxRSS": {
      "post": 14024,
      "pre": 14024
     },
     "non-recursive-rule": {
      "@magic.tc.{bf}(1).": {
       "maxRSS": {
        "post": 14024,
        "pre": 14024
       },
       "num-tuples": 1,
       "runtime": { "start": 29277793616, "end": 29277793623},
       "source-locator": " [1:1-1:1]"
      }
     },
     "num-tuples": 1,
     "runtime": { "start": 29277793614, "end": 29277793631},
     "source-locator": " [1:1-1:1]"
    },
    "edge": {
     "loadtime": { "start": 29277793636, "end": 29277794181},
     "num-tuples": 2000,
     "reads": 0,
     "source-locator": "/root/compiler/tests/corpus/BENCHMARK_FAMILY/transitive_closure_bound.dl [17:7-17:11]"
    },
    "q_tc": {
     "maxRSS": {
      "post": 14024,
      "pre": 14024
     },
     "non-recursive-rule": {
      "q_tc(y) :- \n   tc.{bf}(@abdul0,y),\n   @abdul0 = 1.": {
       "atom-frequency": {
        "q_tc(y) :- \n   tc.{bf}(@abdul0,y),\n   @abdul0 = 1.": {
         "tc.{bf}": {
          "level": 0,
          "num-tuples": 0
         }
        }
       },
       "maxRSS": {
        "post": 14024,
        "pre": 14024
       },
       "num-tuples": 50,
       "runtime": { "start": 29277794394, "end": 29277794398},
       "source-locator": " [1:1-1:1]"
      }
     },
     "num-tuples": 50,
     "reads": 0,
     "runtime": { "start": 29277794393, "end": 29277794405},
     "savetime": { "start": 29277794410, "end": 29277794954},
     "source-locator": "/root/compiler/tests/corpus/BENCHMARK_FAMILY/transitive_closure_bound.dl [24:7-24:11]"
    },
    "tc.{bf}": {
     "iteration": {
      "0": {
       "copytime": { "start": 29277794277, "end": 29277794279},
       "maxRSS": {
        "post": 14024,
        "pre": 14024
       },
       "num-tuples": 17,
       "recursive-rule": {
        "tc.{bf}(x,y) :- \n   @magic.tc.{bf}(x),\n   tc.{bf}(x,z),\n   edge(z,y).": {
         "0": {
          "atom-frequency": {
           "@new_tc.{bf}(x,y) :- \n   @magic.tc.{bf}(x),\n   @delta_tc.{bf}(x,z),\n   edge(z,y).": {
            "@delta_tc.{bf}": {
             "level": 1,
             "num-tuples": 0
            },
            "@magic.tc.{bf}": {
             "level": 0,
             "num-tuples": 0
            },
            "edge": {
             "level": 2,
             "num-tuples": 0
            }
           }
          },
          "maxRSS": {
           "post": 14024,
           "pre": 14024
          },
          "num-tuples": 17,
          "runtime": { "start": 29277794238, "end": 29277794247},
          "source-locator": " [1:1-1:1]"
         }
        }
       },
       "runtime": { "start": 29277794237, "end": 29277794255}
      },
      "1": {
       "copytime": { "start": 29277794320, "end": 29277794322},
       "maxRSS": {
        "post": 14024,
        "pre": 14024
       },
       "num-tuples": 22,
       "recursive-rule": {
        "tc.{bf}(x,y) :- \n   @magic.tc.{bf}(x),\n   tc.{bf}(x,z),\n   edge(z,y).": {
         "0": {
          "maxRSS": {
           "post": 14024,
           "pre": 14024
          },
          "num-tuples": 22,
          "runtime": { "start": 29277794284, "end": 29277794295},
          "source-locator": " [1:1-1:1]"
         }
        }
       },
       "runtime": { "start": 29277794283, "end": 29277794302}
      },
      "2": {
       "copytime": { "start": 29277794359, "end": 29277794360},
       "maxRSS": {
        "post": 14024,
        "pre": 14024
       },
       "num-tuples": 5,
       "recursive-rule": {
        "tc.{bf}(x,y) :- \n   @magic.tc.{bf}(x),\n   tc.{bf}(x,z),\n   edge(z,y).": {
         "0": {
          "maxRSS": {
           "post": 14024,
           "pre": 14024
          },
          "num-tuples": 5,
          "runtime": { "start": 29277794335, "end": 29277794344},
          "source-locator": " [1:1-1:1]"
         }
        }
       },
       "runtime": { "start": 29277794325, "end": 29277794351}
      },
      "3": {
       "maxRSS": {
        "post": 14024,
        "pre": 14024
       },
       "num-tuples": 0,
       "recursive-rule": {
        "tc.{bf}(x,y) :- \n   @magic.tc.{bf}(x),\n   tc.{bf}(x,z),\n   edge(z,y).": {
         "0": {
          "maxRSS": {
           "post": 14024,
           "pre": 14024
          },
          "num-tuples": 0,
          "runtime": { "start": 29277794363, "end": 29277794365},
          "source-locator": " [1:1-1:1]"
         }
        }
       },
       "runtime": { "start": 29277794362, "end": 29277794370}
      }
     },
     "maxRSS": {
      "post": 14024,
      "pre": 14024
     },
     "non-recursive-rule": {
      "tc.{bf}(x,y) :- \n   @magic.tc.{bf}(x),\n   edge(x,y).": {
       "atom-frequency": {
        "tc.{bf}(x,y) :- \n   @magic.tc.{bf}(x),\n   edge(x,y).": {
         "@magic.tc.{bf}": {
          "level": 0,
          "num-tuples": 0
         },
         "edge": {
          "level": 1,
          "num-tuples": 0
         }
        }
       },
       "maxRSS": {
        "post": 14024,
        "pre": 14024
       },
       "num-tuples": 6,
       "runtime": { "start": 29277794217, "end": 29277794223},
       "source-locator": " [1:1-1:1]"
      }
     },
     "num-tuples": 6,
     "reads": 149,
     "runtime": { "start": 29277794205, "end": 29277794232},
     "source-locator": " [1:1-1:1]"
    }
   },
   "runtime": { "start": 29277793609, "end": 29277794961},
   "starttime": { "time": 29277793581},
   "usage": {
    "timepoint": {
     "29277793644": {
      "maxRSS": 14024,
      "systemtime": 5271,
      "usertime": 0
     },
     "29277794227": {
      "maxRSS": 14024,
      "systemtime": 5895,
      "usertime": 0
     },
     "29277794240": {
      "maxRSS": 14024,
      "systemtime": 5921,
      "usertime": 0
     },
     "29277794279": {
      "maxRSS": 14024,
      "systemtime": 5971,
      "usertime": 0
     },
     "29277794318": {
      "maxRSS": 14024,
      "systemtime": 6018,
      "usertime": 0
     },
     "29277794360": {
      "maxRSS": 14024,
      "systemtime": 6079,
      "usertime": 0
     },
     "29277794386": {
      "maxRSS": 14024,
      "systemtime": 6109,
      "usertime": 0
     },
     "29277794396": {
      "maxRSS": 14024,
      "systemtime": 6131,
      "usertime": 0
     },
     "29277794424": {
      "maxRSS": 14024,
      "systemtime": 6152,
      "usertime": 0
     }
    }
   }
  }
 }
}
