{
 "root": {
  "program": {
   "configuration": {
    "": "/root/compiler/tests/corpus/BENCHMARK_FAMILY/reachability_complement.dl",
    "fact-dir": "/root/compiler/fixtures/p2-scale-250",
    "include-dir": ".",
    "jobs": "1",
    "libraries": "functors",
    "library-dir": ".",
    "magic-transform": "*",
    "output-dir": "/root/compiler/measurements/m3-5-headline-m4/family/reachability_complement/n250/souffle",
    "profile": "prof.log",
    "relationCount": "4",
    "ruleCount": "7",
    "version": "2.5",
    "warn": "all",
    "wno": "none"
   },
   "relation": {
    "@magic.unreach.{bf}": {
     "maxRSS": {
      "post": 16500,
      "pre": 16500
     },
     "non-recursive-rule": {
      "@magic.unreach.{bf}(1).": {
       "maxRSS": {
        "post": 16500,
        "pre": 16500
       },
       "num-tuples": 1,
       "runtime": { "start": 17225850403, "end": 17225850408},
       "source-locator": " [1:1-1:1]"
      }
     },
     "num-tuples": 1,
     "runtime": { "start": 17225850401, "end": 17225850417},
     "source-locator": " [1:1-1:1]"
    },
    "@neglabel.reach": {
     "iteration": {
      "0": {
       "copytime": { "start": 17225850951, "end": 17225851025},
       "maxRSS": {
        "post": 16500,
        "pre": 16500
       },
       "num-tuples": 1012,
       "recursive-rule": {
        "@neglabel.reach(x,y) :- \n   @neglabel.reach(x,z),\n   edge(z,y).": {
         "0": {
          "atom-frequency": {
           "@new_@neglabel.reach(x,y) :- \n   @delta_@neglabel.reach(x,z),\n   edge(z,y).": {
            "@delta_@neglabel.reach": {
             "level": 0,
             "num-tuples": 0
            },
            "edge": {
             "level": 1,
             "num-tuples": 0
            }
           }
          },
          "maxRSS": {
           "post": 16500,
           "pre": 16500
          },
          "num-tuples": 1012,
          "runtime": { "start": 17225850747, "end": 17225850920},
          "source-locator": " [1:1-1:1]"
         }
        }
       },
       "runtime": { "start": 17225850738, "end": 17225850930}
      },
      "1": {
       "copytime": { "start": 17225851411, "end": 17225851569},
       "maxRSS": {
        "post": 16500,
        "pre": 16500
       },
       "num-tuples": 1843,
       "recursive-rule": {
        "@neglabel.reach(x,y) :- \n   @neglabel.reach(x,z),\n   edge(z,y).": {
         "0": {
          "maxRSS": {
           "post": 16500,
           "pre": 16500
          },
          "num-tuples": 1843,
          "runtime": { "start": 17225851041, "end": 17225851378},
          "source-locator": " [1:1-1:1]"
         }
        }
       },
       "runtime": { "start": 17225851030, "end": 17225851387}
      },
      "10": {
       "copytime": { "start": 17225868955, "end": 17225869175},
       "maxRSS": {
        "post": 16500,
        "pre": 16500
       },
       "num-tuples": 2002,
       "recursive-rule": {
        "@neglabel.reach(x,y) :- \n   @neglabel.reach(x,z),\n   edge(z,y).": {
         "0": {
          "maxRSS": {
           "post": 16500,
           "pre": 16500
          },
          "num-tuples": 2002,
          "runtime": { "start": 17225867969, "end": 17225868918},
          "source-locator": " [1:1-1:1]"
         }
        }
       },
       "runtime": { "start": 17225867958, "end": 17225868928}
      },
      "11": {
       "copytime": { "start": 17225869934, "end": 17225870108},
       "maxRSS": {
        "post": 16500,
        "pre": 16500
       },
       "num-tuples": 1511,
       "recursive-rule": {
        "@neglabel.reach(x,y) :- \n   @neglabel.reach(x,z),\n   edge(z,y).": {
         "0": {
          "maxRSS": {
           "post": 16500,
           "pre": 16500
          },
          "num-tuples": 1511,
          "runtime": { "start": 17225869191, "end": 17225869903},
          "source-locator": " [1:1-1:1]"
         }
        }
       },
       "runtime": { "start": 17225869180, "end": 17225869913}
      },
      "12": {
       "copytime": { "start": 17225870669, "end": 17225870801},
       "maxRSS": {
        "post": 16500,
        "pre": 16500
       },
       "num-tuples": 1138,
       "recursive-rule": {
        "@neglabel.reach(x,y) :- \n   @neglabel.reach(x,z),\n   edge(z,y).": {
         "0": {
          "maxRSS": {
           "post": 16500,
           "pre": 16500
          },
          "num-tuples": 1138,
          "runtime": { "start": 17225870123, "end": 17225870634},
          "source-locator": " [1:1-1:1]"
         }
        }
       },
       "runtime": { "start": 17225870112, "end": 17225870644}
      },
      "13": {
       "copytime": { "start": 17225871236, "end": 17225871346},
       "maxRSS": {
        "post": 16500,
        "pre": 16500
       },
       "num-tuples": 818,
       "recursive-rule": {
        "@neglabel.reach(x,y) :- \n   @neglabel.reach(x,z),\n   edge(z,y).": {
         "0": {
          "maxRSS": {
           "post": 16500,
           "pre": 16500
          },
          "num-tuples": 818,
          "runtime": { "start": 17225870816, "end": 17225871202},
          "source-locator": " [1:1-1:1]"
         }
        }
       },
       "runtime": { "start": 17225870805, "end": 17225871212}
      },
      "14": {
       "copytime": { "start": 17225871682, "end": 17225871796},
       "maxRSS": {
        "post": 16500,
        "pre": 16500
       },
       "num-tuples": 551,
       "recursive-rule": {
        "@neglabel.reach(x,y) :- \n   @neglabel.reach(x,z),\n   edge(z,y).": {
         "0": {
          "maxRSS": {
           "post": 16500,
           "pre": 16500
          },
          "num-tuples": 551,
          "runtime": { "start": 17225871360, "end": 17225871640},
          "source-locator": " [1:1-1:1]"
         }
        }
       },
       "runtime": { "start": 17225871350, "end": 17225871652}
      },
      "15": {
       "copytime": { "start": 17225872094, "end": 17225872140},
       "maxRSS": {
        "post": 16500,
        "pre": 16500
       },
       "num-tuples": 339,
       "recursive-rule": {
        "@neglabel.reach(x,y) :- \n   @neglabel.reach(x,z),\n   edge(z,y).": {
         "0": {
          "maxRSS": {
           "post": 16500,
           "pre": 16500
          },
          "num-tuples": 339,
          "runtime": { "start": 17225871818, "end": 17225872060},
          "source-locator": " [1:1-1:1]"
         }
        }
       },
       "runtime": { "start": 17225871804, "end": 17225872071}
      },
      "16": {
       "copytime": { "start": 17225872289, "end": 17225872322},
       "maxRSS": {
        "post": 16500,
        "pre": 16500
       },
       "num-tuples": 220,
       "recursive-rule": {
        "@neglabel.reach(x,y) :- \n   @neglabel.reach(x,z),\n   edge(z,y).": {
         "0": {
          "maxRSS": {
           "post": 16500,
           "pre": 16500
          },
          "num-tuples": 220,
          "runtime": { "start": 17225872145, "end": 17225872261},
          "source-locator": " [1:1-1:1]"
         }
        }
       },
       "runtime": { "start": 17225872144, "end": 17225872269}
      },
      "17": {
       "copytime": { "start": 17225872426, "end": 17225872446},
       "maxRSS": {
        "post": 16500,
        "pre": 16500
       },
       "num-tuples": 129,
       "recursive-rule": {
        "@neglabel.reach(x,y) :- \n   @neglabel.reach(x,z),\n   edge(z,y).": {
         "0": {
          "maxRSS": {
           "post": 16500,
           "pre": 16500
          },
          "num-tuples": 129,
          "runtime": { "start": 17225872327, "end": 17225872399},
          "source-locator": " [1:1-1:1]"
         }
        }
       },
       "runtime": { "start": 17225872327, "end": 17225872407}
      },
      "18": {
       "copytime": { "start": 17225872520, "end": 17225872531},
       "maxRSS": {
        "post": 16500,
        "pre": 16500
       },
       "num-tuples": 69,
       "recursive-rule": {
        "@neglabel.reach(x,y) :- \n   @neglabel.reach(x,z),\n   edge(z,y).": {
         "0": {
          "maxRSS": {
           "post": 16500,
           "pre": 16500
          },
          "num-tuples": 69,
          "runtime": { "start": 17225872451, "end": 17225872493},
          "source-locator": " [1:1-1:1]"
         }
        }
       },
       "runtime": { "start": 17225872451, "end": 17225872501}
      },
      "19": {
       "copytime": { "start": 17225872583, "end": 17225872589},
       "maxRSS": {
        "post": 16500,
        "pre": 16500
       },
       "num-tuples": 38,
       "recursive-rule": {
        "@neglabel.reach(x,y) :- \n   @neglabel.reach(x,z),\n   edge(z,y).": {
         "0": {
          "maxRSS": {
           "post": 16500,
           "pre": 16500
          },
          "num-tuples": 38,
          "runtime": { "start": 17225872536, "end": 17225872562},
          "source-locator": " [1:1-1:1]"
         }
        }
       },
       "runtime": { "start": 17225872535, "end": 17225872571}
      },
      "2": {
       "copytime": { "start": 17225852315, "end": 17225852584},
       "maxRSS": {
        "post": 16500,
        "pre": 16500
       },
       "num-tuples": 3066,
       "recursive-rule": {
        "@neglabel.reach(x,y) :- \n   @neglabel.reach(x,z),\n   edge(z,y).": {
         "0": {
          "maxRSS": {
           "post": 16500,
           "pre": 16500
          },
          "num-tuples": 3066,
          "runtime": { "start": 17225851584, "end": 17225852283},
          "source-locator": " [1:1-1:1]"
         }
        }
       },
       "runtime": { "start": 17225851573, "end": 17225852294}
      },
      "20": {
       "copytime": { "start": 17225872617, "end": 17225872621},
       "maxRSS": {
        "post": 16500,
        "pre": 16500
       },
       "num-tuples": 17,
       "recursive-rule": {
        "@neglabel.reach(x,y) :- \n   @neglabel.reach(x,z),\n   edge(z,y).": {
         "0": {
          "maxRSS": {
           "post": 16500,
           "pre": 16500
          },
          "num-tuples": 17,
          "runtime": { "start": 17225872592, "end": 17225872603},
          "source-locator": " [1:1-1:1]"
         }
        }
       },
       "runtime": { "start": 17225872591, "end": 17225872609}
      },
      "21": {
       "copytime": { "start": 17225872657, "end": 17225872659},
       "maxRSS": {
        "post": 16500,
        "pre": 16500
       },
       "num-tuples": 11,
       "recursive-rule": {
        "@neglabel.reach(x,y) :- \n   @neglabel.reach(x,z),\n   edge(z,y).": {
         "0": {
          "maxRSS": {
           "post": 16500,
           "pre": 16500
          },
          "num-tuples": 11,
          "runtime": { "start": 17225872626, "end": 17225872632},
          "source-locator": " [1:1-1:1]"
         }
        }
       },
       "runtime": { "start": 17225872624, "end": 17225872638}
      },
      "22": {
       "copytime": { "start": 17225872694, "end": 17225872696},
       "maxRSS": {
        "post": 16500,
        "pre": 16500
       },
       "num-tuples": 6,
       "recursive-rule": {
        "@neglabel.reach(x,y) :- \n   @neglabel.reach(x,z),\n   edge(z,y).": {
         "0": {
          "maxRSS": {
           "post": 16500,
           "pre": 16500
          },
          "num-tuples": 6,
          "runtime": { "start": 17225872664, "end": 17225872668},
          "source-locator": " [1:1-1:1]"
         }
        }
       },
       "runtime": { "start": 17225872663, "end": 17225872675}
      },
      "23": {
       "copytime": { "start": 17225872731, "end": 17225872732},
       "maxRSS": {
        "post": 16500,
        "pre": 16500
       },
       "num-tuples": 3,
       "recursive-rule": {
        "@neglabel.reach(x,y) :- \n   @neglabel.reach(x,z),\n   edge(z,y).": {
         "0": {
          "maxRSS": {
           "post": 16500,
           "pre": 16500
          },
          "num-tuples": 3,
          "runtime": { "start": 17225872700, "end": 17225872703},
          "source-locator": " [1:1-1:1]"
         }
        }
       },
       "runtime": { "start": 17225872700, "end": 17225872713}
      },
      "24": {
       "copytime": { "start": 17225872754, "end": 17225872755},
       "maxRSS": {
        "post": 16500,
        "pre": 16500
       },
       "num-tuples": 1,
       "recursive-rule": {
        "@neglabel.reach(x,y) :- \n   @neglabel.reach(x,z),\n   edge(z,y).": {
         "0": {
          "maxRSS": {
           "post": 16500,
           "pre": 16500
          },
          "num-tuples": 1,
          "runtime": { "start": 17225872736, "end": 17225872739},
          "source-locator": " [1:1-1:1]"
         }
        }
       },
       "runtime": { "start": 17225872736, "end": 17225872745}
      },
      "25": {
       "maxRSS": {
        "post": 16500,
        "pre": 16500
       },
       "num-tuples": 0,
       "recursive-rule": {
        "@neglabel.reach(x,y) :- \n   @neglabel.reach(x,z),\n   edge(z,y).": {
         "0": {
          "maxRSS": {
           "post": 16500,
           "pre": 16500
          },
          "num-tuples": 0,
          "runtime": { "start": 17225872758, "end": 17225872759},
          "source-locator": " [1:1-1:1]"
         }
        }
       },
       "runtime": { "start": 17225872758, "end": 17225872763}
      },
      "3": {
       "copytime": { "start": 17225853766, "end": 17225854190},
       "maxRSS": {
        "post": 16500,
        "pre": 16500
       },
       "num-tuples": 4465,
       "recursive-rule": {
        "@neglabel.reach(x,y) :- \n   @neglabel.reach(x,z),\n   edge(z,y).": {
         "0": {
          "maxRSS": {
           "post": 16500,
           "pre": 16500
          },
          "num-tuples": 4465,
          "runtime": { "start": 17225852599, "end": 17225853733},
          "source-locator": " [1:1-1:1]"
         }
        }
       },
       "runtime": { "start": 17225852589, "end": 17225853743}
      },
      "4": {
       "copytime": { "start": 17225855961, "end": 17225856593},
       "maxRSS": {
        "post": 16500,
        "pre": 16500
       },
       "num-tuples": 5486,
       "recursive-rule": {
        "@neglabel.reach(x,y) :- \n   @neglabel.reach(x,z),\n   edge(z,y).": {
         "0": {
          "maxRSS": {
           "post": 16500,
           "pre": 16500
          },
          "num-tuples": 5486,
          "runtime": { "start": 17225854206, "end": 17225855884},
          "source-locator": " [1:1-1:1]"
         }
        }
       },
       "runtime": { "start": 17225854196, "end": 17225855906}
      },
      "5": {
       "copytime": { "start": 17225858689, "end": 17225859238},
       "maxRSS": {
        "post": 16500,
        "pre": 16500
       },
       "num-tuples": 5793,
       "recursive-rule": {
        "@neglabel.reach(x,y) :- \n   @neglabel.reach(x,z),\n   edge(z,y).": {
         "0": {
          "maxRSS": {
           "post": 16500,
           "pre": 16500
          },
          "num-tuples": 5793,
          "runtime": { "start": 17225856618, "end": 17225858650},
          "source-locator": " [1:1-1:1]"
         }
        }
       },
       "runtime": { "start": 17225856602, "end": 17225858662}
      },
      "6": {
       "copytime": { "start": 17225861416, "end": 17225862040},
       "maxRSS": {
        "post": 16500,
        "pre": 16500
       },
       "num-tuples": 5318,
       "recursive-rule": {
        "@neglabel.reach(x,y) :- \n   @neglabel.reach(x,z),\n   edge(z,y).": {
         "0": {
          "maxRSS": {
           "post": 16500,
           "pre": 16500
          },
          "num-tuples": 5318,
          "runtime": { "start": 17225859257, "end": 17225861374},
          "source-locator": " [1:1-1:1]"
         }
        }
       },
       "runtime": { "start": 17225859244, "end": 17225861387}
      },
      "7": {
       "copytime": { "start": 17225863984, "end": 17225864456},
       "maxRSS": {
        "post": 16500,
        "pre": 16500
       },
       "num-tuples": 4364,
       "recursive-rule": {
        "@neglabel.reach(x,y) :- \n   @neglabel.reach(x,z),\n   edge(z,y).": {
         "0": {
          "maxRSS": {
           "post": 16500,
           "pre": 16500
          },
          "num-tuples": 4364,
          "runtime": { "start": 17225862061, "end": 17225863949},
          "source-locator": " [1:1-1:1]"
         }
        }
       },
       "runtime": { "start": 17225862047, "end": 17225863960}
      },
      "8": {
       "copytime": { "start": 17225866002, "end": 17225866399},
       "maxRSS": {
        "post": 16500,
        "pre": 16500
       },
       "num-tuples": 3408,
       "recursive-rule": {
        "@neglabel.reach(x,y) :- \n   @neglabel.reach(x,z),\n   edge(z,y).": {
         "0": {
          "maxRSS": {
           "post": 16500,
           "pre": 16500
          },
          "num-tuples": 3408,
          "runtime": { "start": 17225864475, "end": 17225865967},
          "source-locator": " [1:1-1:1]"
         }
        }
       },
       "runtime": { "start": 17225864462, "end": 17225865978}
      },
      "9": {
       "copytime": { "start": 17225867661, "end": 17225867951},
       "maxRSS": {
        "post": 16500,
        "pre": 16500
       },
       "num-tuples": 2634,
       "recursive-rule": {
        "@neglabel.reach(x,y) :- \n   @neglabel.reach(x,z),\n   edge(z,y).": {
         "0": {
          "maxRSS": {
           "post": 16500,
           "pre": 16500
          },
          "num-tuples": 2634,
          "runtime": { "start": 17225866416, "end": 17225867627},
          "source-locator": " [1:1-1:1]"
         }
        }
       },
       "runtime": { "start": 17225866404, "end": 17225867637}
      }
     },
     "maxRSS": {
      "post": 16500,
      "pre": 16500
     },
     "non-recursive-rule": {
      "@neglabel.reach(x,y) :- \n   edge(x,y).": {
       "atom-frequency": {
        "@neglabel.reach(x,y) :- \n   edge(x,y).": {
         "edge": {
          "level": 0,
          "num-tuples": 0
         }
        }
       },
       "maxRSS": {
        "post": 16500,
        "pre": 16500
       },
       "num-tuples": 500,
       "runtime": { "start": 17225850678, "end": 17225850703},
       "source-locator": " [1:1-1:1]"
      }
     },
     "num-tuples": 500,
     "runtime": { "start": 17225850668, "end": 17225850711},
     "source-locator": "/root/compiler/tests/corpus/BENCHMARK_FAMILY/reachability_complement.dl [21:7-21:12]"
    },
    "edge": {
     "loadtime": { "start": 17225850422, "end": 17225850605},
     "num-tuples": 500,
     "reads": 0,
     "source-locator": "/root/compiler/tests/corpus/BENCHMARK_FAMILY/reachability_complement.dl [16:7-16:11]"
    },
    "node": {
     "loadtime": { "start": 17225850613, "end": 17225850662},
     "num-tuples": 250,
     "reads": 1,
     "source-locator": "/root/compiler/tests/corpus/BENCHMARK_FAMILY/reachability_complement.dl [18:7-18:11]"
    },
    "q_unreach": {
     "maxRSS": {
      "post": 16500,
      "pre": 16500
     },
     "non-recursive-rule": {
      "q_unreach(y) :- \n   unreach.{bf}(@abdul0,y),\n   @abdul0 = 1.": {
       "atom-frequency": {
        "q_unreach(y) :- \n   unreach.{bf}(@abdul0,y),\n   @abdul0 = 1.": {
         "unreach.{bf}": {
          "level": 0,
          "num-tuples": 0
         }
        }
       },
       "maxRSS": {
        "post": 16500,
        "pre": 16500
       },
       "num-tuples": 34,
       "runtime": { "start": 17225872911, "end": 17225872915},
       "source-locator": " [1:1-1:1]"
      }
     },
     "num-tuples": 34,
     "reads": 0,
     "runtime": { "start": 17225872900, "end": 17225872925},
     "savetime": { "start": 17225872930, "end": 17225873029},
     "source-locator": "/root/compiler/tests/corpus/BENCHMARK_FAMILY/reachability_complement.dl [28:7-28:16]"
    },
    "unreach.{bf}": {
     "maxRSS": {
      "post": 16500,
      "pre": 16500
     },
     "non-recursive-rule": {
      "unreach.{bf}(x,y) :- \n   @magic.unreach.{bf}(x),\n   node(x),\n   node(y),\n   !@neglabel.reach(x,y).": {
       "atom-frequency": {
        "unreach.{bf}(x,y) :- \n   @magic.unreach.{bf}(x),\n   node(x),\n   node(y),\n   !@neglabel.reach(x,y).": {
         "@magic.unreach.{bf}": {
          "level": 0,
          "num-tuples": 0
         },
         "node": {
          "level": 2,
          "num-tuples": 0
         }
        }
       },
       "maxRSS": {
        "post": 16500,
        "pre": 16500
       },
       "num-tuples": 34,
       "runtime": { "start": 17225872786, "end": 17225872799},
       "source-locator": " [1:1-1:1]"
      }
     },
     "num-tuples": 34,
     "reads": 0,
     "runtime": { "start": 17225872785, "end": 17225872806},
     "source-locator": " [1:1-1:1]"
    }
   },
   "runtime": { "start": 17225850386, "end": 17225873034},
   "starttime": { "time": 17225850351},
   "usage": {
    "timepoint": {
     "17225850366": {
      "maxRSS": 16500,
      "systemtime": 0,
      "usertime": 2702
     },
     "17225850410": {
      "maxRSS": 16500,
      "systemtime": 0,
      "usertime": 4851
     },
     "17225850436": {
      "maxRSS": 16500,
      "systemtime": 0,
      "usertime": 4877
     },
     "17225850630": {
      "maxRSS": 16500,
      "systemtime": 0,
      "usertime": 5074
     },
     "17225850683": {
      "maxRSS": 16500,
      "systemtime": 0,
      "usertime": 5146
     },
     "17225850752": {
      "maxRSS": 16500,
      "systemtime": 0,
      "usertime": 5221
     },
     "17225850950": {
      "maxRSS": 16500,
      "systemtime": 0,
      "usertime": 5426
     },
     "17225851047": {
      "maxRSS": 16500,
      "systemtime": 0,
      "usertime": 5533
     },
     "17225851416": {
      "maxRSS": 16500,
      "systemtime": 0,
      "usertime": 5914
     },
     "17225851588": {
      "maxRSS": 16500,
      "systemtime": 0,
      "usertime": 6095
     },
     "17225852319": {
      "maxRSS": 16500,
      "systemtime": 0,
      "usertime": 6838
     },
     "17225852605": {
      "maxRSS": 16500,
      "systemtime": 0,
      "usertime": 7133
     },
     "17225853675": {
      "maxRSS": 16500,
      "systemtime": 0,
      "usertime": 7143
     },
     "17225853766": {
      "maxRSS": 16500,
      "systemtime": 0,
      "usertime": 8314
     },
     "17225854212": {
      "maxRSS": 16500,
      "systemtime": 0,
      "usertime": 8772
     },
     "17225855286": {
      "maxRSS": 16500,
      "systemtime": 0,
      "usertime": 8783
     },
     "17225855933": {
      "maxRSS": 16500,
      "systemtime": 0,
      "usertime": 10504
     },
     "17225855978": {
      "maxRSS": 16500,
      "systemtime": 0,
      "usertime": 10563
     },
     "17225856627": {
      "maxRSS": 16500,
      "systemtime": 0,
      "usertime": 11229
     },
     "17225857704": {
      "maxRSS": 16500,
      "systemtime": 0,
      "usertime": 11244
     },
     "17225858693": {
      "maxRSS": 16500,
      "systemtime": 0,
      "usertime": 13336
     },
     "17225859264": {
      "maxRSS": 16500,
      "systemtime": 0,
      "usertime": 13916
     },
     "17225860345": {
      "maxRSS": 16500,
      "systemtime": 0,
      "usertime": 14676
     },
     "17225861415": {
      "maxRSS": 16500,
      "systemtime": 0,
      "usertime": 16093
     },
     "17225862066": {
      "maxRSS": 16500,
      "systemtime": 0,
      "usertime": 16755
     },
     "17225863136": {
      "maxRSS": 16500,
      "systemtime": 0,
      "usertime": 16764
     },
     "17225863982": {
      "maxRSS": 16500,
      "systemtime": 0,
      "usertime": 18693
     },
     "17225864485": {
      "maxRSS": 16500,
      "systemtime": 0,
      "usertime": 19202
     },
     "17225865566": {
      "maxRSS": 16500,
      "systemtime": 0,
      "usertime": 19217
     },
     "17225866003": {
      "maxRSS": 16500,
      "systemtime": 0,
      "usertime": 20757
     },
     "17225866421": {
      "maxRSS": 16500,
      "systemtime": 0,
      "usertime": 21182
     },
     "17225867544": {
      "maxRSS": 16500,
      "systemtime": 0,
      "usertime": 21215
     },
     "17225867661": {
      "maxRSS": 16500,
      "systemtime": 0,
      "usertime": 22475
     },
     "17225867977": {
      "maxRSS": 16500,
      "systemtime": 0,
      "usertime": 22795
     },
     "17225868960": {
      "maxRSS": 16500,
      "systemtime": 0,
      "usertime": 23796
     },
     "17225869197": {
      "maxRSS": 16500,
      "systemtime": 0,
      "usertime": 24044
     },
     "17225869935": {
      "maxRSS": 16500,
      "systemtime": 0,
      "usertime": 24795
     },
     "17225870128": {
      "maxRSS": 16500,
      "systemtime": 0,
      "usertime": 24992
     },
     "17225870716": {
      "maxRSS": 16500,
      "systemtime": 0,
      "usertime": 25548
     },
     "17225870821": {
      "maxRSS": 16500,
      "systemtime": 0,
      "usertime": 25703
     },
     "17225871265": {
      "maxRSS": 16500,
      "systemtime": 0,
      "usertime": 26138
     },
     "17225871364": {
      "maxRSS": 16500,
      "systemtime": 0,
      "usertime": 26270
     },
     "17225871693": {
      "maxRSS": 16500,
      "systemtime": 0,
      "usertime": 26603
     },
     "17225871853": {
      "maxRSS": 16500,
      "systemtime": 0,
      "usertime": 26759
     },
     "17225872143": {
      "maxRSS": 16500,
      "systemtime": 0,
      "usertime": 27104
     },
     "17225872341": {
      "maxRSS": 16500,
      "systemtime": 0,
      "usertime": 27310
     },
     "17225872480": {
      "maxRSS": 16500,
      "systemtime": 0,
      "usertime": 27451
     },
     "17225872608": {
      "maxRSS": 16500,
      "systemtime": 0,
      "usertime": 27626
     },
     "17225872619": {
      "maxRSS": 16500,
      "systemtime": 0,
      "usertime": 27645
     },
     "17225872629": {
      "maxRSS": 16500,
      "systemtime": 0,
      "usertime": 27659
     },
     "17225872665": {
      "maxRSS": 16500,
      "systemtime": 0,
      "usertime": 27705
     },
     "17225872701": {
      "maxRSS": 16500,
      "systemtime": 0,
      "usertime": 27757
     },
     "17225872814": {
      "maxRSS": 16500,
      "systemtime": 0,
      "usertime": 27877
     },
     "17225872955": {
      "maxRSS": 16500,
      "systemtime": 0,
      "usertime": 28028
     }
    }
   }
  }
 }
}
