{
 "root": {
  "program": {
   "configuration": {
    "": "/root/compiler/tests/corpus/CULPRIT_CANDIDATES/cc_third_relation.dl",
    "fact-dir": "/root/compiler/fixtures/culprit_candidates/cc_third_relation",
    "include-dir": ".",
    "jobs": "1",
    "libraries": "functors",
    "library-dir": ".",
    "output-dir": "/root/compiler/measurements/m3-5-headline-m4/candidates/cc_third_relation/none",
    "profile": "prof.log",
    "relationCount": "7",
    "ruleCount": "10",
    "version": "2.5",
    "warn": "all",
    "wno": "none"
   },
   "relation": {
    "base": {
     "loadtime": { "start": 22306470067, "end": 22306470419},
     "num-tuples": 75,
     "reads": 0,
     "source-locator": "/root/compiler/tests/corpus/CULPRIT_CANDIDATES/cc_third_relation.dl [14:7-14:11]"
    },
    "blocked": {
     "loadtime": { "start": 22306470430, "end": 22306470912},
     "num-tuples": 11,
     "reads": 533,
     "source-locator": "/root/compiler/tests/corpus/CULPRIT_CANDIDATES/cc_third_relation.dl [16:7-16:14]"
    },
    "e": {
     "loadtime": { "start": 22306470921, "end": 22306471061},
     "num-tuples": 76,
     "reads": 0,
     "source-locator": "/root/compiler/tests/corpus/CULPRIT_CANDIDATES/cc_third_relation.dl [15:7-15:8]"
    },
    "out": {
     "maxRSS": {
      "post": 16780,
      "pre": 16780
     },
     "non-recursive-rule": {
      "out(y) :- \n   q2(1,y).": {
       "atom-frequency": {
        "out(y) :- \n   q2(1,y).": {
         "q2": {
          "level": 0,
          "num-tuples": 0
         }
        }
       },
       "maxRSS": {
        "post": 16780,
        "pre": 16780
       },
       "num-tuples": 2,
       "runtime": { "start": 22306471842, "end": 22306471843},
       "source-locator": "/root/compiler/tests/corpus/CULPRIT_CANDIDATES/cc_third_relation.dl [30:1-30:19]"
      }
     },
     "num-tuples": 2,
     "reads": 0,
     "runtime": { "start": 22306471833, "end": 22306471852},
     "savetime": { "start": 22306471856, "end": 22306471918},
     "source-locator": "/root/compiler/tests/corpus/CULPRIT_CANDIDATES/cc_third_relation.dl [29:7-29:10]"
    },
    "p": {
     "iteration": {
      "0": {
       "copytime": { "start": 22306471173, "end": 22306471183},
       "maxRSS": {
        "post": 16780,
        "pre": 16780
       },
       "num-tuples": 123,
       "recursive-rule": {
        "p(x,y) :- \n   p(x,z),\n   base(z,y).": {
         "0": {
          "atom-frequency": {
           "@new_p(x,y) :- \n   @delta_p(x,z),\n   base(z,y).": {
            "@delta_p": {
             "level": 0,
             "num-tuples": 0
            },
            "base": {
             "level": 1,
             "num-tuples": 0
            }
           }
          },
          "maxRSS": {
           "post": 16780,
           "pre": 16780
          },
          "num-tuples": 123,
          "runtime": { "start": 22306471114, "end": 22306471144},
          "source-locator": "/root/compiler/tests/corpus/CULPRIT_CANDIDATES/cc_third_relation.dl [20:1-20:29]"
         }
        }
       },
       "runtime": { "start": 22306471105, "end": 22306471153}
      },
      "1": {
       "copytime": { "start": 22306471252, "end": 22306471263},
       "maxRSS": {
        "post": 16780,
        "pre": 16780
       },
       "num-tuples": 108,
       "recursive-rule": {
        "p(x,y) :- \n   p(x,z),\n   base(z,y).": {
         "0": {
          "maxRSS": {
           "post": 16780,
           "pre": 16780
          },
          "num-tuples": 108,
          "runtime": { "start": 22306471197, "end": 22306471225},
          "source-locator": "/root/compiler/tests/corpus/CULPRIT_CANDIDATES/cc_third_relation.dl [20:1-20:29]"
         }
        }
       },
       "runtime": { "start": 22306471188, "end": 22306471233}
      },
      "10": {
       "maxRSS": {
        "post": 16780,
        "pre": 16780
       },
       "num-tuples": 0,
       "recursive-rule": {
        "p(x,y) :- \n   p(x,z),\n   base(z,y).": {
         "0": {
          "maxRSS": {
           "post": 16780,
           "pre": 16780
          },
          "num-tuples": 0,
          "runtime": { "start": 22306471656, "end": 22306471657},
          "source-locator": "/root/compiler/tests/corpus/CULPRIT_CANDIDATES/cc_third_relation.dl [20:1-20:29]"
         }
        }
       },
       "runtime": { "start": 22306471655, "end": 22306471662}
      },
      "2": {
       "copytime": { "start": 22306471328, "end": 22306471339},
       "maxRSS": {
        "post": 16780,
        "pre": 16780
       },
       "num-tuples": 91,
       "recursive-rule": {
        "p(x,y) :- \n   p(x,z),\n   base(z,y).": {
         "0": {
          "maxRSS": {
           "post": 16780,
           "pre": 16780
          },
          "num-tuples": 91,
          "runtime": { "start": 22306471275, "end": 22306471301},
          "source-locator": "/root/compiler/tests/corpus/CULPRIT_CANDIDATES/cc_third_relation.dl [20:1-20:29]"
         }
        }
       },
       "runtime": { "start": 22306471266, "end": 22306471309}
      },
      "3": {
       "copytime": { "start": 22306471401, "end": 22306471406},
       "maxRSS": {
        "post": 16780,
        "pre": 16780
       },
       "num-tuples": 48,
       "recursive-rule": {
        "p(x,y) :- \n   p(x,z),\n   base(z,y).": {
         "0": {
          "maxRSS": {
           "post": 16780,
           "pre": 16780
          },
          "num-tuples": 48,
          "runtime": { "start": 22306471351, "end": 22306471371},
          "source-locator": "/root/compiler/tests/corpus/CULPRIT_CANDIDATES/cc_third_relation.dl [20:1-20:29]"
         }
        }
       },
       "runtime": { "start": 22306471342, "end": 22306471378}
      },
      "4": {
       "copytime": { "start": 22306471457, "end": 22306471461},
       "maxRSS": {
        "post": 16780,
        "pre": 16780
       },
       "num-tuples": 30,
       "recursive-rule": {
        "p(x,y) :- \n   p(x,z),\n   base(z,y).": {
         "0": {
          "maxRSS": {
           "post": 16780,
           "pre": 16780
          },
          "num-tuples": 30,
          "runtime": { "start": 22306471419, "end": 22306471431},
          "source-locator": "/root/compiler/tests/corpus/CULPRIT_CANDIDATES/cc_third_relation.dl [20:1-20:29]"
         }
        }
       },
       "runtime": { "start": 22306471410, "end": 22306471439}
      },
      "5": {
       "copytime": { "start": 22306471507, "end": 22306471511},
       "maxRSS": {
        "post": 16780,
        "pre": 16780
       },
       "num-tuples": 28,
       "recursive-rule": {
        "p(x,y) :- \n   p(x,z),\n   base(z,y).": {
         "0": {
          "maxRSS": {
           "post": 16780,
           "pre": 16780
          },
          "num-tuples": 28,
          "runtime": { "start": 22306471473, "end": 22306471481},
          "source-locator": "/root/compiler/tests/corpus/CULPRIT_CANDIDATES/cc_third_relation.dl [20:1-20:29]"
         }
        }
       },
       "runtime": { "start": 22306471464, "end": 22306471489}
      },
      "6": {
       "copytime": { "start": 22306471556, "end": 22306471558},
       "maxRSS": {
        "post": 16780,
        "pre": 16780
       },
       "num-tuples": 15,
       "recursive-rule": {
        "p(x,y) :- \n   p(x,z),\n   base(z,y).": {
         "0": {
          "maxRSS": {
           "post": 16780,
           "pre": 16780
          },
          "num-tuples": 15,
          "runtime": { "start": 22306471522, "end": 22306471529},
          "source-locator": "/root/compiler/tests/corpus/CULPRIT_CANDIDATES/cc_third_relation.dl [20:1-20:29]"
         }
        }
       },
       "runtime": { "start": 22306471514, "end": 22306471537}
      },
      "7": {
       "copytime": { "start": 22306471600, "end": 22306471602},
       "maxRSS": {
        "post": 16780,
        "pre": 16780
       },
       "num-tuples": 7,
       "recursive-rule": {
        "p(x,y) :- \n   p(x,z),\n   base(z,y).": {
         "0": {
          "maxRSS": {
           "post": 16780,
           "pre": 16780
          },
          "num-tuples": 7,
          "runtime": { "start": 22306471570, "end": 22306471575},
          "source-locator": "/root/compiler/tests/corpus/CULPRIT_CANDIDATES/cc_third_relation.dl [20:1-20:29]"
         }
        }
       },
       "runtime": { "start": 22306471561, "end": 22306471582}
      },
      "8": {
       "copytime": { "start": 22306471635, "end": 22306471636},
       "maxRSS": {
        "post": 16780,
        "pre": 16780
       },
       "num-tuples": 4,
       "recursive-rule": {
        "p(x,y) :- \n   p(x,z),\n   base(z,y).": {
         "0": {
          "maxRSS": {
           "post": 16780,
           "pre": 16780
          },
          "num-tuples": 4,
          "runtime": { "start": 22306471617, "end": 22306471620},
          "source-locator": "/root/compiler/tests/corpus/CULPRIT_CANDIDATES/cc_third_relation.dl [20:1-20:29]"
         }
        }
       },
       "runtime": { "start": 22306471605, "end": 22306471627}
      },
      "9": {
       "copytime": { "start": 22306471652, "end": 22306471652},
       "maxRSS": {
        "post": 16780,
        "pre": 16780
       },
       "num-tuples": 3,
       "recursive-rule": {
        "p(x,y) :- \n   p(x,z),\n   base(z,y).": {
         "0": {
          "maxRSS": {
           "post": 16780,
           "pre": 16780
          },
          "num-tuples": 3,
          "runtime": { "start": 22306471640, "end": 22306471641},
          "source-locator": "/root/compiler/tests/corpus/CULPRIT_CANDIDATES/cc_third_relation.dl [20:1-20:29]"
         }
        }
       },
       "runtime": { "start": 22306471639, "end": 22306471646}
      }
     },
     "maxRSS": {
      "post": 16780,
      "pre": 16780
     },
     "non-recursive-rule": {
      "p(x,y) :- \n   e(x,y).": {
       "atom-frequency": {
        "p(x,y) :- \n   e(x,y).": {
         "e": {
          "level": 0,
          "num-tuples": 0
         }
        }
       },
       "maxRSS": {
        "post": 16780,
        "pre": 16780
       },
       "num-tuples": 76,
       "runtime": { "start": 22306471078, "end": 22306471087},
       "source-locator": "/root/compiler/tests/corpus/CULPRIT_CANDIDATES/cc_third_relation.dl [19:1-19:18]"
      }
     },
     "num-tuples": 76,
     "reads": 698,
     "runtime": { "start": 22306471068, "end": 22306471096},
     "source-locator": "/root/compiler/tests/corpus/CULPRIT_CANDIDATES/cc_third_relation.dl [18:7-18:8]"
    },
    "q2": {
     "iteration": {
      "0": {
       "copytime": { "start": 22306471789, "end": 22306471790},
       "maxRSS": {
        "post": 16780,
        "pre": 16780
       },
       "num-tuples": 4,
       "recursive-rule": {
        "q2(x,y) :- \n   q2(x,z),\n   !s(z),\n   p(z,y).": {
         "0": {
          "atom-frequency": {
           "@new_q2(x,y) :- \n   @delta_q2(x,z),\n   !s(z),\n   p(z,y).": {
            "@delta_q2": {
             "level": 0,
             "num-tuples": 0
            },
            "p": {
             "level": 1,
             "num-tuples": 0
            }
           }
          },
          "maxRSS": {
           "post": 16780,
           "pre": 16780
          },
          "num-tuples": 4,
          "runtime": { "start": 22306471751, "end": 22306471761},
          "source-locator": "/root/compiler/tests/corpus/CULPRIT_CANDIDATES/cc_third_relation.dl [27:1-27:35]"
         }
        }
       },
       "runtime": { "start": 22306471743, "end": 22306471770}
      },
      "1": {
       "maxRSS": {
        "post": 16780,
        "pre": 16780
       },
       "num-tuples": 0,
       "recursive-rule": {
        "q2(x,y) :- \n   q2(x,z),\n   !s(z),\n   p(z,y).": {
         "0": {
          "maxRSS": {
           "post": 16780,
           "pre": 16780
          },
          "num-tuples": 0,
          "runtime": { "start": 22306471803, "end": 22306471804},
          "source-locator": "/root/compiler/tests/corpus/CULPRIT_CANDIDATES/cc_third_relation.dl [27:1-27:35]"
         }
        }
       },
       "runtime": { "start": 22306471794, "end": 22306471812}
      }
     },
     "maxRSS": {
      "post": 16780,
      "pre": 16780
     },
     "non-recursive-rule": {
      "q2(x,y) :- \n   base(x,y).": {
       "atom-frequency": {
        "q2(x,y) :- \n   base(x,y).": {
         "base": {
          "level": 0,
          "num-tuples": 0
         }
        }
       },
       "maxRSS": {
        "post": 16780,
        "pre": 16780
       },
       "num-tuples": 75,
       "runtime": { "start": 22306471723, "end": 22306471727},
       "source-locator": "/root/compiler/tests/corpus/CULPRIT_CANDIDATES/cc_third_relation.dl [26:1-26:22]"
      }
     },
     "num-tuples": 75,
     "reads": 4,
     "runtime": { "start": 22306471714, "end": 22306471735},
     "source-locator": "/root/compiler/tests/corpus/CULPRIT_CANDIDATES/cc_third_relation.dl [25:7-25:9]"
    },
    "s": {
     "maxRSS": {
      "post": 16780,
      "pre": 16780
     },
     "non-recursive-rule": {
      "s(x) :- \n   p(x,y),\n   blocked(y).": {
       "atom-frequency": {
        "s(x) :- \n   p(x,y),\n   blocked(y).": {
         "p": {
          "level": 0,
          "num-tuples": 0
         }
        }
       },
       "maxRSS": {
        "post": 16780,
        "pre": 16780
       },
       "num-tuples": 35,
       "runtime": { "start": 22306471681, "end": 22306471703},
       "source-locator": "/root/compiler/tests/corpus/CULPRIT_CANDIDATES/cc_third_relation.dl [23:1-23:28]"
      }
     },
     "num-tuples": 35,
     "reads": 79,
     "runtime": { "start": 22306471680, "end": 22306471709},
     "source-locator": "/root/compiler/tests/corpus/CULPRIT_CANDIDATES/cc_third_relation.dl [22:7-22:8]"
    }
   },
   "runtime": { "start": 22306470051, "end": 22306471922},
   "starttime": { "time": 22306470014},
   "usage": {
    "timepoint": {
     "22306470030": {
      "maxRSS": 16780,
      "systemtime": 0,
      "usertime": 2396
     },
     "22306470074": {
      "maxRSS": 16780,
      "systemtime": 0,
      "usertime": 4473
     },
     "22306470481": {
      "maxRSS": 16780,
      "systemtime": 0,
      "usertime": 4626
     },
     "22306470971": {
      "maxRSS": 16780,
      "systemtime": 0,
      "usertime": 5082
     },
     "22306471083": {
      "maxRSS": 16780,
      "systemtime": 0,
      "usertime": 5128
     },
     "22306471118": {
      "maxRSS": 16780,
      "systemtime": 0,
      "usertime": 5169
     },
     "22306471172": {
      "maxRSS": 16780,
      "systemtime": 0,
      "usertime": 5228
     },
     "22306471201": {
      "maxRSS": 16780,
      "systemtime": 0,
      "usertime": 5264
     },
     "22306471250": {
      "maxRSS": 16780,
      "systemtime": 0,
      "usertime": 5319
     },
     "22306471279": {
      "maxRSS": 16780,
      "systemtime": 0,
      "usertime": 5353
     },
     "22306471327": {
      "maxRSS": 16780,
      "systemtime": 0,
      "usertime": 5406
     },
     "22306471355": {
      "maxRSS": 16780,
      "systemtime": 0,
      "usertime": 5440
     },
     "22306471399": {
      "maxRSS": 16780,
      "systemtime": 0,
      "usertime": 5485
     },
     "22306471423": {
      "maxRSS": 16780,
      "systemtime": 0,
      "usertime": 5518
     },
     "22306471455": {
      "maxRSS": 16780,
      "systemtime": 0,
      "usertime": 5561
     },
     "22306471477": {
      "maxRSS": 16780,
      "systemtime": 0,
      "usertime": 5588
     },
     "22306471505": {
      "maxRSS": 16780,
      "systemtime": 0,
      "usertime": 5621
     },
     "22306471526": {
      "maxRSS": 16780,
      "systemtime": 0,
      "usertime": 5648
     },
     "22306471554": {
      "maxRSS": 16780,
      "systemtime": 0,
      "usertime": 5680
     },
     "22306471574": {
      "maxRSS": 16780,
      "systemtime": 0,
      "usertime": 5706
     },
     "22306471599": {
      "maxRSS": 16780,
      "systemtime": 0,
      "usertime": 5737
     },
     "22306471649": {
      "maxRSS": 16780,
      "systemtime": 0,
      "usertime": 5800
     },
     "22306471681": {
      "maxRSS": 16780,
      "systemtime": 0,
      "usertime": 5844
     },
     "22306471727": {
      "maxRSS": 16780,
      "systemtime": 0,
      "usertime": 5892
     },
     "22306471756": {
      "maxRSS": 16780,
      "systemtime": 0,
      "usertime": 5926
     },
     "22306471787": {
      "maxRSS": 16780,
      "systemtime": 0,
      "usertime": 5963
     },
     "22306471807": {
      "maxRSS": 16780,
      "systemtime": 0,
      "usertime": 5991
     },
     "22306471829": {
      "maxRSS": 16780,
      "systemtime": 0,
      "usertime": 6017
     },
     "22306471846": {
      "maxRSS": 16780,
      "systemtime": 0,
      "usertime": 6040
     },
     "22306471869": {
      "maxRSS": 16780,
      "systemtime": 0,
      "usertime": 6058
     }
    }
   }
  }
 }
}
