{
 "root": {
  "program": {
   "configuration": {
    "": "/root/compiler/measurements/m3-5-headline/family/culprit_cycle/n100/emit_guarded/transformed.dl",
    "fact-dir": "/root/compiler/fixtures/benchmark-family/culprit_cycle/n100",
    "include-dir": ".",
    "jobs": "1",
    "libraries": "functors",
    "library-dir": ".",
    "output-dir": "/root/compiler/measurements/m3-5-headline/family/culprit_cycle/n100/dlc",
    "profile": "prof.log",
    "relationCount": "7",
    "ruleCount": "10",
    "version": "2.5",
    "warn": "all",
    "wno": "none"
   },
   "relation": {
    "base": {
     "loadtime": { "start": 29334366180, "end": 29334366281},
     "num-tuples": 150,
     "reads": 0,
     "source-locator": "/root/compiler/measurements/m3-5-headline/family/culprit_cycle/n100/emit_guarded/transformed.dl [1:7-1:11]"
    },
    "blocked": {
     "loadtime": { "start": 29334366290, "end": 29334366317},
     "num-tuples": 12,
     "reads": 2299,
     "source-locator": "/root/compiler/measurements/m3-5-headline/family/culprit_cycle/n100/emit_guarded/transformed.dl [5:7-5:14]"
    },
    "e": {
     "loadtime": { "start": 29334366324, "end": 29334366372},
     "num-tuples": 150,
     "reads": 0,
     "source-locator": "/root/compiler/measurements/m3-5-headline/family/culprit_cycle/n100/emit_guarded/transformed.dl [3:7-3:8]"
    },
    "out": {
     "maxRSS": {
      "post": 16368,
      "pre": 16368
     },
     "non-recursive-rule": {
      "out(y) :- \n   p(1,y).": {
       "atom-frequency": {
        "out(y) :- \n   p(1,y).": {
         "p": {
          "level": 0,
          "num-tuples": 0
         }
        }
       },
       "maxRSS": {
        "post": 16368,
        "pre": 16368
       },
       "num-tuples": 3,
       "runtime": { "start": 29334368060, "end": 29334368061},
       "source-locator": "/root/compiler/measurements/m3-5-headline/family/culprit_cycle/n100/emit_guarded/transformed.dl [17:1-17:19]"
      }
     },
     "num-tuples": 3,
     "reads": 0,
     "runtime": { "start": 29334368051, "end": 29334368070},
     "savetime": { "start": 29334368074, "end": 29334368148},
     "source-locator": "/root/compiler/measurements/m3-5-headline/family/culprit_cycle/n100/emit_guarded/transformed.dl [10:7-10:10]"
    },
    "p": {
     "iteration": {
      "0": {
       "copytime": { "start": 29334367952, "end": 29334367965},
       "maxRSS": {
        "post": 16368,
        "pre": 16368
       },
       "num-tuples": 120,
       "recursive-rule": {
        "p(x,y) :- \n   p(x,z),\n   !s(z),\n   q(z,y).": {
         "0": {
          "atom-frequency": {
           "@new_p(x,y) :- \n   @delta_p(x,z),\n   !s(z),\n   q(z,y).": {
            "@delta_p": {
             "level": 0,
             "num-tuples": 0
            },
            "q": {
             "level": 1,
             "num-tuples": 0
            }
           }
          },
          "maxRSS": {
           "post": 16368,
           "pre": 16368
          },
          "num-tuples": 120,
          "runtime": { "start": 29334367893, "end": 29334367923},
          "source-locator": "/root/compiler/measurements/m3-5-headline/family/culprit_cycle/n100/emit_guarded/transformed.dl [13:1-13:36]"
         }
        }
       },
       "runtime": { "start": 29334367884, "end": 29334367933}
      },
      "1": {
       "maxRSS": {
        "post": 16368,
        "pre": 16368
       },
       "num-tuples": 0,
       "recursive-rule": {
        "p(x,y) :- \n   p(x,z),\n   !s(z),\n   q(z,y).": {
         "0": {
          "maxRSS": {
           "post": 16368,
           "pre": 16368
          },
          "num-tuples": 0,
          "runtime": { "start": 29334367969, "end": 29334367995},
          "source-locator": "/root/compiler/measurements/m3-5-headline/family/culprit_cycle/n100/emit_guarded/transformed.dl [13:1-13:36]"
         }
        }
       },
       "runtime": { "start": 29334367968, "end": 29334368025}
      }
     },
     "maxRSS": {
      "post": 16368,
      "pre": 16368
     },
     "non-recursive-rule": {
      "p(x,y) :- \n   e(x,y).": {
       "atom-frequency": {
        "p(x,y) :- \n   e(x,y).": {
         "e": {
          "level": 0,
          "num-tuples": 0
         }
        }
       },
       "maxRSS": {
        "post": 16368,
        "pre": 16368
       },
       "num-tuples": 150,
       "runtime": { "start": 29334367856, "end": 29334367864},
       "source-locator": "/root/compiler/measurements/m3-5-headline/family/culprit_cycle/n100/emit_guarded/transformed.dl [12:1-12:20]"
      }
     },
     "num-tuples": 150,
     "reads": 293,
     "runtime": { "start": 29334367848, "end": 29334367872},
     "source-locator": "/root/compiler/measurements/m3-5-headline/family/culprit_cycle/n100/emit_guarded/transformed.dl [9:7-9:8]"
    },
    "q": {
     "iteration": {
      "0": {
       "copytime": { "start": 29334366506, "end": 29334366527},
       "maxRSS": {
        "post": 16368,
        "pre": 16368
       },
       "num-tuples": 191,
       "recursive-rule": {
        "q(x,y) :- \n   q(x,z),\n   base(z,y).": {
         "0": {
          "atom-frequency": {
           "@new_q(x,y) :- \n   @delta_q(x,z),\n   base(z,y).": {
            "@delta_q": {
             "level": 0,
             "num-tuples": 0
            },
            "base": {
             "level": 1,
             "num-tuples": 0
            }
           }
          },
          "maxRSS": {
           "post": 16368,
           "pre": 16368
          },
          "num-tuples": 191,
          "runtime": { "start": 29334366430, "end": 29334366477},
          "source-locator": "/root/compiler/measurements/m3-5-headline/family/culprit_cycle/n100/emit_guarded/transformed.dl [15:1-15:32]"
         }
        }
       },
       "runtime": { "start": 29334366421, "end": 29334366487}
      },
      "1": {
       "copytime": { "start": 29334366621, "end": 29334366642},
       "maxRSS": {
        "post": 16368,
        "pre": 16368
       },
       "num-tuples": 244,
       "recursive-rule": {
        "q(x,y) :- \n   q(x,z),\n   base(z,y).": {
         "0": {
          "maxRSS": {
           "post": 16368,
           "pre": 16368
          },
          "num-tuples": 244,
          "runtime": { "start": 29334366540, "end": 29334366593},
          "source-locator": "/root/compiler/measurements/m3-5-headline/family/culprit_cycle/n100/emit_guarded/transformed.dl [15:1-15:32]"
         }
        }
       },
       "runtime": { "start": 29334366531, "end": 29334366602}
      },
      "10": {
       "copytime": { "start": 29334367631, "end": 29334367634},
       "maxRSS": {
        "post": 16368,
        "pre": 16368
       },
       "num-tuples": 16,
       "recursive-rule": {
        "q(x,y) :- \n   q(x,z),\n   base(z,y).": {
         "0": {
          "maxRSS": {
           "post": 16368,
           "pre": 16368
          },
          "num-tuples": 16,
          "runtime": { "start": 29334367595, "end": 29334367603},
          "source-locator": "/root/compiler/measurements/m3-5-headline/family/culprit_cycle/n100/emit_guarded/transformed.dl [15:1-15:32]"
         }
        }
       },
       "runtime": { "start": 29334367586, "end": 29334367612}
      },
      "11": {
       "copytime": { "start": 29334367656, "end": 29334367658},
       "maxRSS": {
        "post": 16368,
        "pre": 16368
       },
       "num-tuples": 8,
       "recursive-rule": {
        "q(x,y) :- \n   q(x,z),\n   base(z,y).": {
         "0": {
          "maxRSS": {
           "post": 16368,
           "pre": 16368
          },
          "num-tuples": 8,
          "runtime": { "start": 29334367638, "end": 29334367641},
          "source-locator": "/root/compiler/measurements/m3-5-headline/family/culprit_cycle/n100/emit_guarded/transformed.dl [15:1-15:32]"
         }
        }
       },
       "runtime": { "start": 29334367637, "end": 29334367649}
      },
      "12": {
       "copytime": { "start": 29334367675, "end": 29334367676},
       "maxRSS": {
        "post": 16368,
        "pre": 16368
       },
       "num-tuples": 4,
       "recursive-rule": {
        "q(x,y) :- \n   q(x,z),\n   base(z,y).": {
         "0": {
          "maxRSS": {
           "post": 16368,
           "pre": 16368
          },
          "num-tuples": 4,
          "runtime": { "start": 29334367661, "end": 29334367663},
          "source-locator": "/root/compiler/measurements/m3-5-headline/family/culprit_cycle/n100/emit_guarded/transformed.dl [15:1-15:32]"
         }
        }
       },
       "runtime": { "start": 29334367660, "end": 29334367668}
      },
      "13": {
       "copytime": { "start": 29334367719, "end": 29334367720},
       "maxRSS": {
        "post": 16368,
        "pre": 16368
       },
       "num-tuples": 2,
       "recursive-rule": {
        "q(x,y) :- \n   q(x,z),\n   base(z,y).": {
         "0": {
          "maxRSS": {
           "post": 16368,
           "pre": 16368
          },
          "num-tuples": 2,
          "runtime": { "start": 29334367689, "end": 29334367690},
          "source-locator": "/root/compiler/measurements/m3-5-headline/family/culprit_cycle/n100/emit_guarded/transformed.dl [15:1-15:32]"
         }
        }
       },
       "runtime": { "start": 29334367679, "end": 29334367699}
      },
      "14": {
       "maxRSS": {
        "post": 16368,
        "pre": 16368
       },
       "num-tuples": 0,
       "recursive-rule": {
        "q(x,y) :- \n   q(x,z),\n   base(z,y).": {
         "0": {
          "maxRSS": {
           "post": 16368,
           "pre": 16368
          },
          "num-tuples": 0,
          "runtime": { "start": 29334367733, "end": 29334367734},
          "source-locator": "/root/compiler/measurements/m3-5-headline/family/culprit_cycle/n100/emit_guarded/transformed.dl [15:1-15:32]"
         }
        }
       },
       "runtime": { "start": 29334367724, "end": 29334367742}
      },
      "2": {
       "copytime": { "start": 29334366750, "end": 29334366778},
       "maxRSS": {
        "post": 16368,
        "pre": 16368
       },
       "num-tuples": 311,
       "recursive-rule": {
        "q(x,y) :- \n   q(x,z),\n   base(z,y).": {
         "0": {
          "maxRSS": {
           "post": 16368,
           "pre": 16368
          },
          "num-tuples": 311,
          "runtime": { "start": 29334366655, "end": 29334366722},
          "source-locator": "/root/compiler/measurements/m3-5-headline/family/culprit_cycle/n100/emit_guarded/transformed.dl [15:1-15:32]"
         }
        }
       },
       "runtime": { "start": 29334366645, "end": 29334366731}
      },
      "3": {
       "copytime": { "start": 29334366895, "end": 29334366926},
       "maxRSS": {
        "post": 16368,
        "pre": 16368
       },
       "num-tuples": 342,
       "recursive-rule": {
        "q(x,y) :- \n   q(x,z),\n   base(z,y).": {
         "0": {
          "maxRSS": {
           "post": 16368,
           "pre": 16368
          },
          "num-tuples": 342,
          "runtime": { "start": 29334366791, "end": 29334366869},
          "source-locator": "/root/compiler/measurements/m3-5-headline/family/culprit_cycle/n100/emit_guarded/transformed.dl [15:1-15:32]"
         }
        }
       },
       "runtime": { "start": 29334366782, "end": 29334366877}
      },
      "4": {
       "copytime": { "start": 29334367047, "end": 29334367077},
       "maxRSS": {
        "post": 16368,
        "pre": 16368
       },
       "num-tuples": 319,
       "recursive-rule": {
        "q(x,y) :- \n   q(x,z),\n   base(z,y).": {
         "0": {
          "maxRSS": {
           "post": 16368,
           "pre": 16368
          },
          "num-tuples": 319,
          "runtime": { "start": 29334366939, "end": 29334367021},
          "source-locator": "/root/compiler/measurements/m3-5-headline/family/culprit_cycle/n100/emit_guarded/transformed.dl [15:1-15:32]"
         }
        }
       },
       "runtime": { "start": 29334366930, "end": 29334367028}
      },
      "5": {
       "copytime": { "start": 29334367188, "end": 29334367215},
       "maxRSS": {
        "post": 16368,
        "pre": 16368
       },
       "num-tuples": 261,
       "recursive-rule": {
        "q(x,y) :- \n   q(x,z),\n   base(z,y).": {
         "0": {
          "maxRSS": {
           "post": 16368,
           "pre": 16368
          },
          "num-tuples": 261,
          "runtime": { "start": 29334367090, "end": 29334367161},
          "source-locator": "/root/compiler/measurements/m3-5-headline/family/culprit_cycle/n100/emit_guarded/transformed.dl [15:1-15:32]"
         }
        }
       },
       "runtime": { "start": 29334367081, "end": 29334367169}
      },
      "6": {
       "copytime": { "start": 29334367314, "end": 29334367337},
       "maxRSS": {
        "post": 16368,
        "pre": 16368
       },
       "num-tuples": 198,
       "recursive-rule": {
        "q(x,y) :- \n   q(x,z),\n   base(z,y).": {
         "0": {
          "maxRSS": {
           "post": 16368,
           "pre": 16368
          },
          "num-tuples": 198,
          "runtime": { "start": 29334367228, "end": 29334367287},
          "source-locator": "/root/compiler/measurements/m3-5-headline/family/culprit_cycle/n100/emit_guarded/transformed.dl [15:1-15:32]"
         }
        }
       },
       "runtime": { "start": 29334367219, "end": 29334367295}
      },
      "7": {
       "copytime": { "start": 29334367422, "end": 29334367437},
       "maxRSS": {
        "post": 16368,
        "pre": 16368
       },
       "num-tuples": 131,
       "recursive-rule": {
        "q(x,y) :- \n   q(x,z),\n   base(z,y).": {
         "0": {
          "maxRSS": {
           "post": 16368,
           "pre": 16368
          },
          "num-tuples": 131,
          "runtime": { "start": 29334367349, "end": 29334367395},
          "source-locator": "/root/compiler/measurements/m3-5-headline/family/culprit_cycle/n100/emit_guarded/transformed.dl [15:1-15:32]"
         }
        }
       },
       "runtime": { "start": 29334367340, "end": 29334367403}
      },
      "8": {
       "copytime": { "start": 29334367507, "end": 29334367518},
       "maxRSS": {
        "post": 16368,
        "pre": 16368
       },
       "num-tuples": 80,
       "recursive-rule": {
        "q(x,y) :- \n   q(x,z),\n   base(z,y).": {
         "0": {
          "maxRSS": {
           "post": 16368,
           "pre": 16368
          },
          "num-tuples": 80,
          "runtime": { "start": 29334367450, "end": 29334367479},
          "source-locator": "/root/compiler/measurements/m3-5-headline/family/culprit_cycle/n100/emit_guarded/transformed.dl [15:1-15:32]"
         }
        }
       },
       "runtime": { "start": 29334367441, "end": 29334367487}
      },
      "9": {
       "copytime": { "start": 29334367576, "end": 29334367582},
       "maxRSS": {
        "post": 16368,
        "pre": 16368
       },
       "num-tuples": 42,
       "recursive-rule": {
        "q(x,y) :- \n   q(x,z),\n   base(z,y).": {
         "0": {
          "maxRSS": {
           "post": 16368,
           "pre": 16368
          },
          "num-tuples": 42,
          "runtime": { "start": 29334367531, "end": 29334367548},
          "source-locator": "/root/compiler/measurements/m3-5-headline/family/culprit_cycle/n100/emit_guarded/transformed.dl [15:1-15:32]"
         }
        }
       },
       "runtime": { "start": 29334367522, "end": 29334367556}
      }
     },
     "maxRSS": {
      "post": 16368,
      "pre": 16368
     },
     "non-recursive-rule": {
      "q(x,y) :- \n   base(x,y).": {
       "atom-frequency": {
        "q(x,y) :- \n   base(x,y).": {
         "base": {
          "level": 0,
          "num-tuples": 0
         }
        }
       },
       "maxRSS": {
        "post": 16368,
        "pre": 16368
       },
       "num-tuples": 150,
       "runtime": { "start": 29334366388, "end": 29334366402},
       "source-locator": "/root/compiler/measurements/m3-5-headline/family/culprit_cycle/n100/emit_guarded/transformed.dl [14:1-14:23]"
      }
     },
     "num-tuples": 150,
     "reads": 3021,
     "runtime": { "start": 29334366379, "end": 29334366410},
     "source-locator": "/root/compiler/measurements/m3-5-headline/family/culprit_cycle/n100/emit_guarded/transformed.dl [7:7-7:8]"
    },
    "s": {
     "maxRSS": {
      "post": 16368,
      "pre": 16368
     },
     "non-recursive-rule": {
      "s(x) :- \n   q(x,y),\n   blocked(y).": {
       "atom-frequency": {
        "s(x) :- \n   q(x,y),\n   blocked(y).": {
         "q": {
          "level": 0,
          "num-tuples": 0
         }
        }
       },
       "maxRSS": {
        "post": 16368,
        "pre": 16368
       },
       "num-tuples": 60,
       "runtime": { "start": 29334367762, "end": 29334367834},
       "source-locator": "/root/compiler/measurements/m3-5-headline/family/culprit_cycle/n100/emit_guarded/transformed.dl [16:1-16:29]"
      }
     },
     "num-tuples": 60,
     "reads": 270,
     "runtime": { "start": 29334367762, "end": 29334367841},
     "source-locator": "/root/compiler/measurements/m3-5-headline/family/culprit_cycle/n100/emit_guarded/transformed.dl [8:7-8:8]"
    }
   },
   "runtime": { "start": 29334366175, "end": 29334368154},
   "starttime": { "time": 29334366140},
   "usage": {
    "timepoint": {
     "29334366195": {
      "maxRSS": 16368,
      "systemtime": 0,
      "usertime": 4037
     },
     "29334366308": {
      "maxRSS": 16368,
      "systemtime": 0,
      "usertime": 4173
     },
     "29334366338": {
      "maxRSS": 16368,
      "systemtime": 0,
      "usertime": 4213
     },
     "29334366393": {
      "maxRSS": 16368,
      "systemtime": 0,
      "usertime": 4284
     },
     "29334366435": {
      "maxRSS": 16368,
      "systemtime": 0,
      "usertime": 4333
     },
     "29334366506": {
      "maxRSS": 16368,
      "systemtime": 0,
      "usertime": 4410
     },
     "29334366546": {
      "maxRSS": 16368,
      "systemtime": 0,
      "usertime": 4459
     },
     "29334366620": {
      "maxRSS": 16368,
      "systemtime": 0,
      "usertime": 4542
     },
     "29334366659": {
      "maxRSS": 16368,
      "systemtime": 0,
      "usertime": 4588
     },
     "29334366750": {
      "maxRSS": 16368,
      "systemtime": 0,
      "usertime": 4684
     },
     "29334366795": {
      "maxRSS": 16368,
      "systemtime": 0,
      "usertime": 4737
     },
     "29334366895": {
      "maxRSS": 16368,
      "systemtime": 0,
      "usertime": 4842
     },
     "29334366944": {
      "maxRSS": 16368,
      "systemtime": 0,
      "usertime": 4898
     },
     "29334367046": {
      "maxRSS": 16368,
      "systemtime": 0,
      "usertime": 5007
     },
     "29334367094": {
      "maxRSS": 16368,
      "systemtime": 0,
      "usertime": 5066
     },
     "29334367187": {
      "maxRSS": 16368,
      "systemtime": 0,
      "usertime": 5163
     },
     "29334367232": {
      "maxRSS": 16368,
      "systemtime": 0,
      "usertime": 5214
     },
     "29334367312": {
      "maxRSS": 16368,
      "systemtime": 0,
      "usertime": 5299
     },
     "29334367353": {
      "maxRSS": 16368,
      "systemtime": 0,
      "usertime": 5346
     },
     "29334367420": {
      "maxRSS": 16368,
      "systemtime": 0,
      "usertime": 5418
     },
     "29334367454": {
      "maxRSS": 16368,
      "systemtime": 0,
      "usertime": 5458
     },
     "29334367506": {
      "maxRSS": 16368,
      "systemtime": 0,
      "usertime": 5515
     },
     "29334367534": {
      "maxRSS": 16368,
      "systemtime": 0,
      "usertime": 5549
     },
     "29334367575": {
      "maxRSS": 16368,
      "systemtime": 0,
      "usertime": 5594
     },
     "29334367599": {
      "maxRSS": 16368,
      "systemtime": 0,
      "usertime": 5624
     },
     "29334367664": {
      "maxRSS": 16368,
      "systemtime": 0,
      "usertime": 5710
     },
     "29334367695": {
      "maxRSS": 16368,
      "systemtime": 0,
      "usertime": 5753
     },
     "29334367718": {
      "maxRSS": 16368,
      "systemtime": 0,
      "usertime": 5783
     },
     "29334367737": {
      "maxRSS": 16368,
      "systemtime": 0,
      "usertime": 5808
     },
     "29334367759": {
      "maxRSS": 16368,
      "systemtime": 0,
      "usertime": 5835
     },
     "29334367861": {
      "maxRSS": 16368,
      "systemtime": 0,
      "usertime": 5942
     },
     "29334367897": {
      "maxRSS": 16368,
      "systemtime": 0,
      "usertime": 5984
     },
     "29334367977": {
      "maxRSS": 16368,
      "systemtime": 0,
      "usertime": 6079
     },
     "29334368045": {
      "maxRSS": 16368,
      "systemtime": 47,
      "usertime": 6113
     },
     "29334368065": {
      "maxRSS": 16368,
      "systemtime": 77,
      "usertime": 6113
     },
     "29334368092": {
      "maxRSS": 16368,
      "systemtime": 97,
      "usertime": 6113
     }
    }
   }
  }
 }
}
