{
 "root": {
  "program": {
   "configuration": {
    "": "/root/compiler/tests/corpus/BENCHMARK_FAMILY/guarded/ancestor_nonancestor_guarded_v2.dl",
    "fact-dir": "/root/compiler/fixtures/benchmark-family/ancestor_nonancestor/n500",
    "include-dir": ".",
    "jobs": "1",
    "libraries": "functors",
    "library-dir": ".",
    "output-dir": "/root/compiler/measurements/night03-t5/n500/orig_vs_v2/candidate",
    "profile": "prof.log",
    "relationCount": "6",
    "ruleCount": "7",
    "version": "2.5",
    "warn": "all",
    "wno": "none"
   },
   "relation": {
    "ancestor_bf2": {
     "iteration": {
      "0": {
       "maxRSS": {
        "post": 12132,
        "pre": 12132
       },
       "num-tuples": 0,
       "recursive-rule": {
        "ancestor_bf2(x,y) :- \n   m_nonancestor(x),\n   parent(x,z),\n   ancestor_bf2(z,y).": {
         "0": {
          "atom-frequency": {
           "@new_ancestor_bf2(x,y) :- \n   m_nonancestor(x),\n   parent(x,z),\n   @delta_ancestor_bf2(z,y).": {
            "@delta_ancestor_bf2": {
             "level": 2,
             "num-tuples": 0
            },
            "m_nonancestor": {
             "level": 0,
             "num-tuples": 0
            },
            "parent": {
             "level": 1,
             "num-tuples": 0
            }
           }
          },
          "maxRSS": {
           "post": 12132,
           "pre": 12132
          },
          "num-tuples": 0,
          "runtime": { "start": 1897939529, "end": 1897939531},
          "source-locator": "/root/compiler/tests/corpus/BENCHMARK_FAMILY/guarded/ancestor_nonancestor_guarded_v2.dl [36:1-36:71]"
         }
        }
       },
       "runtime": { "start": 1897939529, "end": 1897939539}
      }
     },
     "maxRSS": {
      "post": 12132,
      "pre": 12132
     },
     "non-recursive-rule": {
      "ancestor_bf2(x,y) :- \n   m_nonancestor(x),\n   parent(x,y).": {
       "atom-frequency": {
        "ancestor_bf2(x,y) :- \n   m_nonancestor(x),\n   parent(x,y).": {
         "m_nonancestor": {
          "level": 0,
          "num-tuples": 0
         },
         "parent": {
          "level": 1,
          "num-tuples": 0
         }
        }
       },
       "maxRSS": {
        "post": 12132,
        "pre": 12132
       },
       "num-tuples": 5,
       "runtime": { "start": 1897939510, "end": 1897939516},
       "source-locator": "/root/compiler/tests/corpus/BENCHMARK_FAMILY/guarded/ancestor_nonancestor_guarded_v2.dl [35:1-35:52]"
      }
     },
     "num-tuples": 5,
     "reads": 500,
     "runtime": { "start": 1897939509, "end": 1897939523},
     "source-locator": "/root/compiler/tests/corpus/BENCHMARK_FAMILY/guarded/ancestor_nonancestor_guarded_v2.dl [34:7-34:19]"
    },
    "m_nonancestor": {
     "maxRSS": {
      "post": 11740,
      "pre": 11612
     },
     "non-recursive-rule": {
      "m_nonancestor(1).": {
       "maxRSS": {
        "post": 11740,
        "pre": 11612
       },
       "num-tuples": 1,
       "runtime": { "start": 1897939118, "end": 1897939123},
       "source-locator": "/root/compiler/tests/corpus/BENCHMARK_FAMILY/guarded/ancestor_nonancestor_guarded_v2.dl [32:1-32:18]"
      }
     },
     "num-tuples": 1,
     "reads": 0,
     "runtime": { "start": 1897939116, "end": 1897939133},
     "source-locator": "/root/compiler/tests/corpus/BENCHMARK_FAMILY/guarded/ancestor_nonancestor_guarded_v2.dl [31:7-31:20]"
    },
    "nonancestor_bf2": {
     "maxRSS": {
      "post": 12260,
      "pre": 12132
     },
     "non-recursive-rule": {
      "nonancestor_bf2(x,y) :- \n   m_nonancestor(x),\n   person(x),\n   person(y),\n   !ancestor_bf2(x,y).": {
       "atom-frequency": {
        "nonancestor_bf2(x,y) :- \n   m_nonancestor(x),\n   person(x),\n   person(y),\n   !ancestor_bf2(x,y).": {
         "m_nonancestor": {
          "level": 0,
          "num-tuples": 0
         },
         "person": {
          "level": 2,
          "num-tuples": 0
         }
        }
       },
       "maxRSS": {
        "post": 12260,
        "pre": 12132
       },
       "num-tuples": 495,
       "runtime": { "start": 1897939551, "end": 1897939589},
       "source-locator": "/root/compiler/tests/corpus/BENCHMARK_FAMILY/guarded/ancestor_nonancestor_guarded_v2.dl [39:1-39:84]"
      }
     },
     "num-tuples": 495,
     "reads": 0,
     "runtime": { "start": 1897939551, "end": 1897939595},
     "source-locator": "/root/compiler/tests/corpus/BENCHMARK_FAMILY/guarded/ancestor_nonancestor_guarded_v2.dl [38:7-38:22]"
    },
    "parent": {
     "loadtime": { "start": 1897939138, "end": 1897939425},
     "num-tuples": 1000,
     "reads": 0,
     "source-locator": "/root/compiler/tests/corpus/BENCHMARK_FAMILY/guarded/ancestor_nonancestor_guarded_v2.dl [26:7-26:13]"
    },
    "person": {
     "loadtime": { "start": 1897939433, "end": 1897939502},
     "num-tuples": 500,
     "reads": 1,
     "source-locator": "/root/compiler/tests/corpus/BENCHMARK_FAMILY/guarded/ancestor_nonancestor_guarded_v2.dl [28:7-28:13]"
    },
    "q_nonancestor": {
     "maxRSS": {
      "post": 12260,
      "pre": 12260
     },
     "non-recursive-rule": {
      "q_nonancestor(y) :- \n   nonancestor_bf2(1,y).": {
       "atom-frequency": {
        "q_nonancestor(y) :- \n   nonancestor_bf2(1,y).": {
         "nonancestor_bf2": {
          "level": 0,
          "num-tuples": 0
         }
        }
       },
       "maxRSS": {
        "post": 12260,
        "pre": 12260
       },
       "num-tuples": 495,
       "runtime": { "start": 1897939609, "end": 1897939623},
       "source-locator": "/root/compiler/tests/corpus/BENCHMARK_FAMILY/guarded/ancestor_nonancestor_guarded_v2.dl [43:1-43:42]"
      }
     },
     "num-tuples": 495,
     "reads": 0,
     "runtime": { "start": 1897939599, "end": 1897939631},
     "savetime": { "start": 1897939636, "end": 1897939773},
     "source-locator": "/root/compiler/tests/corpus/BENCHMARK_FAMILY/guarded/ancestor_nonancestor_guarded_v2.dl [41:7-41:20]"
    }
   },
   "runtime": { "start": 1897939110, "end": 1897939779},
   "starttime": { "time": 1897939078},
   "usage": {
    "timepoint": {
     "1897939102": {
      "maxRSS": 11356,
      "systemtime": 0,
      "usertime": 2214
     },
     "1897939156": {
      "maxRSS": 11740,
      "systemtime": 0,
      "usertime": 4124
     },
     "1897939543": {
      "maxRSS": 12132,
      "systemtime": 0,
      "usertime": 4546
     },
     "1897939551": {
      "maxRSS": 12132,
      "systemtime": 0,
      "usertime": 4561
     },
     "1897939683": {
      "maxRSS": 12260,
      "systemtime": 0,
      "usertime": 4655
     }
    }
   }
  }
 }
}
