{
 "root": {
  "program": {
   "configuration": {
    "": "/root/compiler/tests/programs/p2.dl",
    "fact-dir": "/root/compiler/fixtures/p2-scale-250",
    "include-dir": ".",
    "jobs": "1",
    "libraries": "functors",
    "library-dir": ".",
    "output-dir": "/root/compiler/measurements/m4-sips/before_gate/p2/original",
    "profile": "prof.log",
    "relationCount": "5",
    "ruleCount": "6",
    "version": "2.5",
    "warn": "all",
    "wno": "none"
   },
   "relation": {
    "edge": {
     "loadtime": { "start": 16826278132, "end": 16826278333},
     "num-tuples": 500,
     "reads": 0,
     "source-locator": "/root/compiler/tests/programs/p2.dl [1:7-1:11]"
    },
    "node": {
     "loadtime": { "start": 16826278342, "end": 16826278408},
     "num-tuples": 250,
     "reads": 0,
     "source-locator": "/root/compiler/tests/programs/p2.dl [3:7-3:11]"
    },
    "q2": {
     "maxRSS": {
      "post": 13904,
      "pre": 13904
     },
     "non-recursive-rule": {
      "q2(y) :- \n   unreach(1,y).": {
       "atom-frequency": {
        "q2(y) :- \n   unreach(1,y).": {
         "unreach": {
          "level": 0,
          "num-tuples": 0
         }
        }
       },
       "maxRSS": {
        "post": 13904,
        "pre": 13904
       },
       "num-tuples": 34,
       "runtime": { "start": 16826306448, "end": 16826306454},
       "source-locator": "/root/compiler/tests/programs/p2.dl [12:1-12:23]"
      }
     },
     "num-tuples": 34,
     "reads": 0,
     "runtime": { "start": 16826306426, "end": 16826306472},
     "savetime": { "start": 16826306477, "end": 16826306589},
     "source-locator": "/root/compiler/tests/programs/p2.dl [10:7-10:9]"
    },
    "reach": {
     "iteration": {
      "0": {
       "copytime": { "start": 16826278865, "end": 16826278977},
       "maxRSS": {
        "post": 12368,
        "pre": 12240
       },
       "num-tuples": 1012,
       "recursive-rule": {
        "reach(x,y) :- \n   reach(x,z),\n   edge(z,y).": {
         "0": {
          "atom-frequency": {
           "@new_reach(x,y) :- \n   @delta_reach(x,z),\n   edge(z,y).": {
            "@delta_reach": {
             "level": 0,
             "num-tuples": 0
            },
            "edge": {
             "level": 1,
             "num-tuples": 0
            }
           }
          },
          "maxRSS": {
           "post": 12368,
           "pre": 12240
          },
          "num-tuples": 1012,
          "runtime": { "start": 16826278548, "end": 16826278817},
          "source-locator": "/root/compiler/tests/programs/p2.dl [7:1-7:37]"
         }
        }
       },
       "runtime": { "start": 16826278535, "end": 16826278831}
      },
      "1": {
       "copytime": { "start": 16826279412, "end": 16826279581},
       "maxRSS": {
        "post": 12368,
        "pre": 12368
       },
       "num-tuples": 1843,
       "recursive-rule": {
        "reach(x,y) :- \n   reach(x,z),\n   edge(z,y).": {
         "0": {
          "maxRSS": {
           "post": 12368,
           "pre": 12368
          },
          "num-tuples": 1843,
          "runtime": { "start": 16826278998, "end": 16826279375},
          "source-locator": "/root/compiler/tests/programs/p2.dl [7:1-7:37]"
         }
        }
       },
       "runtime": { "start": 16826278983, "end": 16826279386}
      },
      "10": {
       "copytime": { "start": 16826298508, "end": 16826298731},
       "maxRSS": {
        "post": 13392,
        "pre": 13392
       },
       "num-tuples": 2002,
       "recursive-rule": {
        "reach(x,y) :- \n   reach(x,z),\n   edge(z,y).": {
         "0": {
          "maxRSS": {
           "post": 13392,
           "pre": 13392
          },
          "num-tuples": 2002,
          "runtime": { "start": 16826297526, "end": 16826298474},
          "source-locator": "/root/compiler/tests/programs/p2.dl [7:1-7:37]"
         }
        }
       },
       "runtime": { "start": 16826297513, "end": 16826298485}
      },
      "11": {
       "copytime": { "start": 16826299494, "end": 16826299667},
       "maxRSS": {
        "post": 13520,
        "pre": 13520
       },
       "num-tuples": 1511,
       "recursive-rule": {
        "reach(x,y) :- \n   reach(x,z),\n   edge(z,y).": {
         "0": {
          "maxRSS": {
           "post": 13520,
           "pre": 13520
          },
          "num-tuples": 1511,
          "runtime": { "start": 16826298747, "end": 16826299459},
          "source-locator": "/root/compiler/tests/programs/p2.dl [7:1-7:37]"
         }
        }
       },
       "runtime": { "start": 16826298736, "end": 16826299469}
      },
      "12": {
       "copytime": { "start": 16826300309, "end": 16826300456},
       "maxRSS": {
        "post": 13520,
        "pre": 13520
       },
       "num-tuples": 1138,
       "recursive-rule": {
        "reach(x,y) :- \n   reach(x,z),\n   edge(z,y).": {
         "0": {
          "maxRSS": {
           "post": 13520,
           "pre": 13520
          },
          "num-tuples": 1138,
          "runtime": { "start": 16826299687, "end": 16826300275},
          "source-locator": "/root/compiler/tests/programs/p2.dl [7:1-7:37]"
         }
        }
       },
       "runtime": { "start": 16826299672, "end": 16826300287}
      },
      "13": {
       "copytime": { "start": 16826300903, "end": 16826300997},
       "maxRSS": {
        "post": 13520,
        "pre": 13520
       },
       "num-tuples": 818,
       "recursive-rule": {
        "reach(x,y) :- \n   reach(x,z),\n   edge(z,y).": {
         "0": {
          "maxRSS": {
           "post": 13520,
           "pre": 13520
          },
          "num-tuples": 818,
          "runtime": { "start": 16826300472, "end": 16826300873},
          "source-locator": "/root/compiler/tests/programs/p2.dl [7:1-7:37]"
         }
        }
       },
       "runtime": { "start": 16826300463, "end": 16826300883}
      },
      "14": {
       "copytime": { "start": 16826301336, "end": 16826301407},
       "maxRSS": {
        "post": 13520,
        "pre": 13520
       },
       "num-tuples": 551,
       "recursive-rule": {
        "reach(x,y) :- \n   reach(x,z),\n   edge(z,y).": {
         "0": {
          "maxRSS": {
           "post": 13520,
           "pre": 13520
          },
          "num-tuples": 551,
          "runtime": { "start": 16826301011, "end": 16826301300},
          "source-locator": "/root/compiler/tests/programs/p2.dl [7:1-7:37]"
         }
        }
       },
       "runtime": { "start": 16826301001, "end": 16826301315}
      },
      "15": {
       "copytime": { "start": 16826301642, "end": 16826301686},
       "maxRSS": {
        "post": 13520,
        "pre": 13520
       },
       "num-tuples": 339,
       "recursive-rule": {
        "reach(x,y) :- \n   reach(x,z),\n   edge(z,y).": {
         "0": {
          "maxRSS": {
           "post": 13520,
           "pre": 13520
          },
          "num-tuples": 339,
          "runtime": { "start": 16826301420, "end": 16826301612},
          "source-locator": "/root/compiler/tests/programs/p2.dl [7:1-7:37]"
         }
        }
       },
       "runtime": { "start": 16826301411, "end": 16826301621}
      },
      "16": {
       "copytime": { "start": 16826301847, "end": 16826301879},
       "maxRSS": {
        "post": 13520,
        "pre": 13520
       },
       "num-tuples": 220,
       "recursive-rule": {
        "reach(x,y) :- \n   reach(x,z),\n   edge(z,y).": {
         "0": {
          "maxRSS": {
           "post": 13520,
           "pre": 13520
          },
          "num-tuples": 220,
          "runtime": { "start": 16826301699, "end": 16826301819},
          "source-locator": "/root/compiler/tests/programs/p2.dl [7:1-7:37]"
         }
        }
       },
       "runtime": { "start": 16826301690, "end": 16826301828}
      },
      "17": {
       "copytime": { "start": 16826301999, "end": 16826302018},
       "maxRSS": {
        "post": 13520,
        "pre": 13520
       },
       "num-tuples": 129,
       "recursive-rule": {
        "reach(x,y) :- \n   reach(x,z),\n   edge(z,y).": {
         "0": {
          "maxRSS": {
           "post": 13520,
           "pre": 13520
          },
          "num-tuples": 129,
          "runtime": { "start": 16826301891, "end": 16826301968},
          "source-locator": "/root/compiler/tests/programs/p2.dl [7:1-7:37]"
         }
        }
       },
       "runtime": { "start": 16826301882, "end": 16826301977}
      },
      "18": {
       "copytime": { "start": 16826302112, "end": 16826302123},
       "maxRSS": {
        "post": 13520,
        "pre": 13520
       },
       "num-tuples": 69,
       "recursive-rule": {
        "reach(x,y) :- \n   reach(x,z),\n   edge(z,y).": {
         "0": {
          "maxRSS": {
           "post": 13520,
           "pre": 13520
          },
          "num-tuples": 69,
          "runtime": { "start": 16826302034, "end": 16826302083},
          "source-locator": "/root/compiler/tests/programs/p2.dl [7:1-7:37]"
         }
        }
       },
       "runtime": { "start": 16826302022, "end": 16826302092}
      },
      "19": {
       "copytime": { "start": 16826302180, "end": 16826302186},
       "maxRSS": {
        "post": 13520,
        "pre": 13520
       },
       "num-tuples": 38,
       "recursive-rule": {
        "reach(x,y) :- \n   reach(x,z),\n   edge(z,y).": {
         "0": {
          "maxRSS": {
           "post": 13520,
           "pre": 13520
          },
          "num-tuples": 38,
          "runtime": { "start": 16826302127, "end": 16826302154},
          "source-locator": "/root/compiler/tests/programs/p2.dl [7:1-7:37]"
         }
        }
       },
       "runtime": { "start": 16826302126, "end": 16826302162}
      },
      "2": {
       "copytime": { "start": 16826280451, "end": 16826280708},
       "maxRSS": {
        "post": 12496,
        "pre": 12368
       },
       "num-tuples": 3066,
       "recursive-rule": {
        "reach(x,y) :- \n   reach(x,z),\n   edge(z,y).": {
         "0": {
          "maxRSS": {
           "post": 12496,
           "pre": 12368
          },
          "num-tuples": 3066,
          "runtime": { "start": 16826279597, "end": 16826280418},
          "source-locator": "/root/compiler/tests/programs/p2.dl [7:1-7:37]"
         }
        }
       },
       "runtime": { "start": 16826279585, "end": 16826280430}
      },
      "20": {
       "copytime": { "start": 16826302232, "end": 16826302235},
       "maxRSS": {
        "post": 13520,
        "pre": 13520
       },
       "num-tuples": 17,
       "recursive-rule": {
        "reach(x,y) :- \n   reach(x,z),\n   edge(z,y).": {
         "0": {
          "maxRSS": {
           "post": 13520,
           "pre": 13520
          },
          "num-tuples": 17,
          "runtime": { "start": 16826302190, "end": 16826302205},
          "source-locator": "/root/compiler/tests/programs/p2.dl [7:1-7:37]"
         }
        }
       },
       "runtime": { "start": 16826302190, "end": 16826302213}
      },
      "21": {
       "copytime": { "start": 16826302260, "end": 16826302262},
       "maxRSS": {
        "post": 13520,
        "pre": 13520
       },
       "num-tuples": 11,
       "recursive-rule": {
        "reach(x,y) :- \n   reach(x,z),\n   edge(z,y).": {
         "0": {
          "maxRSS": {
           "post": 13520,
           "pre": 13520
          },
          "num-tuples": 11,
          "runtime": { "start": 16826302239, "end": 16826302246},
          "source-locator": "/root/compiler/tests/programs/p2.dl [7:1-7:37]"
         }
        }
       },
       "runtime": { "start": 16826302238, "end": 16826302254}
      },
      "22": {
       "copytime": { "start": 16826302292, "end": 16826302293},
       "maxRSS": {
        "post": 13520,
        "pre": 13520
       },
       "num-tuples": 6,
       "recursive-rule": {
        "reach(x,y) :- \n   reach(x,z),\n   edge(z,y).": {
         "0": {
          "maxRSS": {
           "post": 13520,
           "pre": 13520
          },
          "num-tuples": 6,
          "runtime": { "start": 16826302265, "end": 16826302268},
          "source-locator": "/root/compiler/tests/programs/p2.dl [7:1-7:37]"
         }
        }
       },
       "runtime": { "start": 16826302264, "end": 16826302273}
      },
      "23": {
       "copytime": { "start": 16826302323, "end": 16826302325},
       "maxRSS": {
        "post": 13520,
        "pre": 13520
       },
       "num-tuples": 3,
       "recursive-rule": {
        "reach(x,y) :- \n   reach(x,z),\n   edge(z,y).": {
         "0": {
          "maxRSS": {
           "post": 13520,
           "pre": 13520
          },
          "num-tuples": 3,
          "runtime": { "start": 16826302297, "end": 16826302300},
          "source-locator": "/root/compiler/tests/programs/p2.dl [7:1-7:37]"
         }
        }
       },
       "runtime": { "start": 16826302297, "end": 16826302306}
      },
      "24": {
       "copytime": { "start": 16826302346, "end": 16826302346},
       "maxRSS": {
        "post": 13520,
        "pre": 13520
       },
       "num-tuples": 1,
       "recursive-rule": {
        "reach(x,y) :- \n   reach(x,z),\n   edge(z,y).": {
         "0": {
          "maxRSS": {
           "post": 13520,
           "pre": 13520
          },
          "num-tuples": 1,
          "runtime": { "start": 16826302329, "end": 16826302331},
          "source-locator": "/root/compiler/tests/programs/p2.dl [7:1-7:37]"
         }
        }
       },
       "runtime": { "start": 16826302329, "end": 16826302339}
      },
      "25": {
       "maxRSS": {
        "post": 13520,
        "pre": 13520
       },
       "num-tuples": 0,
       "recursive-rule": {
        "reach(x,y) :- \n   reach(x,z),\n   edge(z,y).": {
         "0": {
          "maxRSS": {
           "post": 13520,
           "pre": 13520
          },
          "num-tuples": 0,
          "runtime": { "start": 16826302349, "end": 16826302350},
          "source-locator": "/root/compiler/tests/programs/p2.dl [7:1-7:37]"
         }
        }
       },
       "runtime": { "start": 16826302349, "end": 16826302354}
      },
      "3": {
       "copytime": { "start": 16826281850, "end": 16826282244},
       "maxRSS": {
        "post": 12624,
        "pre": 12496
       },
       "num-tuples": 4465,
       "recursive-rule": {
        "reach(x,y) :- \n   reach(x,z),\n   edge(z,y).": {
         "0": {
          "maxRSS": {
           "post": 12624,
           "pre": 12496
          },
          "num-tuples": 4465,
          "runtime": { "start": 16826280722, "end": 16826281818},
          "source-locator": "/root/compiler/tests/programs/p2.dl [7:1-7:37]"
         }
        }
       },
       "runtime": { "start": 16826280712, "end": 16826281828}
      },
      "4": {
       "copytime": { "start": 16826283932, "end": 16826284482},
       "maxRSS": {
        "post": 12752,
        "pre": 12752
       },
       "num-tuples": 5486,
       "recursive-rule": {
        "reach(x,y) :- \n   reach(x,z),\n   edge(z,y).": {
         "0": {
          "maxRSS": {
           "post": 12752,
           "pre": 12752
          },
          "num-tuples": 5486,
          "runtime": { "start": 16826282262, "end": 16826283893},
          "source-locator": "/root/compiler/tests/programs/p2.dl [7:1-7:37]"
         }
        }
       },
       "runtime": { "start": 16826282248, "end": 16826283904}
      },
      "5": {
       "copytime": { "start": 16826286971, "end": 16826288038},
       "maxRSS": {
        "post": 13008,
        "pre": 12880
       },
       "num-tuples": 5793,
       "recursive-rule": {
        "reach(x,y) :- \n   reach(x,z),\n   edge(z,y).": {
         "0": {
          "maxRSS": {
           "post": 13008,
           "pre": 12880
          },
          "num-tuples": 5793,
          "runtime": { "start": 16826284502, "end": 16826286886},
          "source-locator": "/root/compiler/tests/programs/p2.dl [7:1-7:37]"
         }
        }
       },
       "runtime": { "start": 16826284489, "end": 16826286905}
      },
      "6": {
       "copytime": { "start": 16826290364, "end": 16826290943},
       "maxRSS": {
        "post": 13136,
        "pre": 13136
       },
       "num-tuples": 5318,
       "recursive-rule": {
        "reach(x,y) :- \n   reach(x,z),\n   edge(z,y).": {
         "0": {
          "maxRSS": {
           "post": 13136,
           "pre": 13136
          },
          "num-tuples": 5318,
          "runtime": { "start": 16826288067, "end": 16826290317},
          "source-locator": "/root/compiler/tests/programs/p2.dl [7:1-7:37]"
         }
        }
       },
       "runtime": { "start": 16826288052, "end": 16826290330}
      },
      "7": {
       "copytime": { "start": 16826293055, "end": 16826293502},
       "maxRSS": {
        "post": 13264,
        "pre": 13264
       },
       "num-tuples": 4364,
       "recursive-rule": {
        "reach(x,y) :- \n   reach(x,z),\n   edge(z,y).": {
         "0": {
          "maxRSS": {
           "post": 13264,
           "pre": 13264
          },
          "num-tuples": 4364,
          "runtime": { "start": 16826290964, "end": 16826293022},
          "source-locator": "/root/compiler/tests/programs/p2.dl [7:1-7:37]"
         }
        }
       },
       "runtime": { "start": 16826290950, "end": 16826293033}
      },
      "8": {
       "copytime": { "start": 16826295225, "end": 16826295751},
       "maxRSS": {
        "post": 13392,
        "pre": 13392
       },
       "num-tuples": 3408,
       "recursive-rule": {
        "reach(x,y) :- \n   reach(x,z),\n   edge(z,y).": {
         "0": {
          "maxRSS": {
           "post": 13392,
           "pre": 13392
          },
          "num-tuples": 3408,
          "runtime": { "start": 16826293522, "end": 16826295175},
          "source-locator": "/root/compiler/tests/programs/p2.dl [7:1-7:37]"
         }
        }
       },
       "runtime": { "start": 16826293507, "end": 16826295191}
      },
      "9": {
       "copytime": { "start": 16826297231, "end": 16826297507},
       "maxRSS": {
        "post": 13392,
        "pre": 13392
       },
       "num-tuples": 2634,
       "recursive-rule": {
        "reach(x,y) :- \n   reach(x,z),\n   edge(z,y).": {
         "0": {
          "maxRSS": {
           "post": 13392,
           "pre": 13392
          },
          "num-tuples": 2634,
          "runtime": { "start": 16826295778, "end": 16826297190},
          "source-locator": "/root/compiler/tests/programs/p2.dl [7:1-7:37]"
         }
        }
       },
       "runtime": { "start": 16826295761, "end": 16826297203}
      }
     },
     "maxRSS": {
      "post": 12240,
      "pre": 12112
     },
     "non-recursive-rule": {
      "reach(x,y) :- \n   edge(x,y).": {
       "atom-frequency": {
        "reach(x,y) :- \n   edge(x,y).": {
         "edge": {
          "level": 0,
          "num-tuples": 0
         }
        }
       },
       "maxRSS": {
        "post": 12240,
        "pre": 12112
       },
       "num-tuples": 500,
       "runtime": { "start": 16826278442, "end": 16826278483},
       "source-locator": "/root/compiler/tests/programs/p2.dl [6:1-6:25]"
      }
     },
     "num-tuples": 500,
     "reads": 154445,
     "runtime": { "start": 16826278416, "end": 16826278495},
     "source-locator": "/root/compiler/tests/programs/p2.dl [5:7-5:12]"
    },
    "unreach": {
     "maxRSS": {
      "post": 13904,
      "pre": 13520
     },
     "non-recursive-rule": {
      "unreach(x,y) :- \n   node(x),\n   node(y),\n   !reach(x,y).": {
       "atom-frequency": {
        "unreach(x,y) :- \n   node(x),\n   node(y),\n   !reach(x,y).": {
         "node": {
          "level": 0,
          "num-tuples": 0
         }
        }
       },
       "maxRSS": {
        "post": 13904,
        "pre": 13520
       },
       "num-tuples": 17758,
       "runtime": { "start": 16826302363, "end": 16826306303},
       "source-locator": "/root/compiler/tests/programs/p2.dl [9:1-9:47]"
      }
     },
     "num-tuples": 17758,
     "reads": 0,
     "runtime": { "start": 16826302363, "end": 16826306319},
     "source-locator": "/root/compiler/tests/programs/p2.dl [8:7-8:14]"
    }
   },
   "runtime": { "start": 16826278126, "end": 16826306620},
   "starttime": { "time": 16826278098},
   "usage": {
    "timepoint": {
     "16826278128": {
      "maxRSS": 11724,
      "systemtime": 0,
      "usertime": 2258
     },
     "16826278409": {
      "maxRSS": 12112,
      "systemtime": 0,
      "usertime": 4124
     },
     "16826278456": {
      "maxRSS": 12240,
      "systemtime": 0,
      "usertime": 4177
     },
     "16826278565": {
      "maxRSS": 12368,
      "systemtime": 0,
      "usertime": 4303
     },
     "16826278863": {
      "maxRSS": 12368,
      "systemtime": 0,
      "usertime": 4626
     },
     "16826279023": {
      "maxRSS": 12368,
      "systemtime": 0,
      "usertime": 4789
     },
     "16826279496": {
      "maxRSS": 12368,
      "systemtime": 0,
      "usertime": 5225
     },
     "16826279630": {
      "maxRSS": 12368,
      "systemtime": 0,
      "usertime": 5440
     },
     "16826280456": {
      "maxRSS": 12496,
      "systemtime": 0,
      "usertime": 6308
     },
     "16826280727": {
      "maxRSS": 12496,
      "systemtime": 0,
      "usertime": 6587
     },
     "16826281827": {
      "maxRSS": 12624,
      "systemtime": 0,
      "usertime": 7689
     },
     "16826281849": {
      "maxRSS": 12624,
      "systemtime": 0,
      "usertime": 7723
     },
     "16826282297": {
      "maxRSS": 12752,
      "systemtime": 0,
      "usertime": 8156
     },
     "16826283390": {
      "maxRSS": 12752,
      "systemtime": 0,
      "usertime": 8167
     },
     "16826283930": {
      "maxRSS": 12752,
      "systemtime": 0,
      "usertime": 9840
     },
     "16826284544": {
      "maxRSS": 12880,
      "systemtime": 0,
      "usertime": 10425
     },
     "16826285651": {
      "maxRSS": 12880,
      "systemtime": 0,
      "usertime": 10441
     },
     "16826286801": {
      "maxRSS": 13008,
      "systemtime": 0,
      "usertime": 10470
     },
     "16826286960": {
      "maxRSS": 13008,
      "systemtime": 0,
      "usertime": 12925
     },
     "16826287040": {
      "maxRSS": 13008,
      "systemtime": 0,
      "usertime": 12981
     },
     "16826288088": {
      "maxRSS": 13136,
      "systemtime": 0,
      "usertime": 14101
     },
     "16826289313": {
      "maxRSS": 13136,
      "systemtime": 0,
      "usertime": 14122
     },
     "16826290400": {
      "maxRSS": 13136,
      "systemtime": 0,
      "usertime": 16431
     },
     "16826291061": {
      "maxRSS": 13264,
      "systemtime": 0,
      "usertime": 17043
     },
     "16826292156": {
      "maxRSS": 13264,
      "systemtime": 0,
      "usertime": 18096
     },
     "16826293091": {
      "maxRSS": 13264,
      "systemtime": 0,
      "usertime": 19168
     },
     "16826293559": {
      "maxRSS": 13392,
      "systemtime": 0,
      "usertime": 19655
     },
     "16826294638": {
      "maxRSS": 13392,
      "systemtime": 0,
      "usertime": 19668
     },
     "16826295234": {
      "maxRSS": 13392,
      "systemtime": 0,
      "usertime": 21391
     },
     "16826295782": {
      "maxRSS": 13392,
      "systemtime": 0,
      "usertime": 21956
     },
     "16826296864": {
      "maxRSS": 13392,
      "systemtime": 0,
      "usertime": 22198
     },
     "16826297232": {
      "maxRSS": 13392,
      "systemtime": 0,
      "usertime": 23438
     },
     "16826297530": {
      "maxRSS": 13392,
      "systemtime": 0,
      "usertime": 23755
     },
     "16826298540": {
      "maxRSS": 13392,
      "systemtime": 0,
      "usertime": 24755
     },
     "16826298752": {
      "maxRSS": 13520,
      "systemtime": 0,
      "usertime": 25000
     },
     "16826299523": {
      "maxRSS": 13520,
      "systemtime": 0,
      "usertime": 25764
     },
     "16826299691": {
      "maxRSS": 13520,
      "systemtime": 0,
      "usertime": 25967
     },
     "16826300311": {
      "maxRSS": 13520,
      "systemtime": 0,
      "usertime": 26597
     },
     "16826300477": {
      "maxRSS": 13520,
      "systemtime": 0,
      "usertime": 26770
     },
     "16826300903": {
      "maxRSS": 13520,
      "systemtime": 0,
      "usertime": 27202
     },
     "16826301016": {
      "maxRSS": 13520,
      "systemtime": 0,
      "usertime": 27322
     },
     "16826301336": {
      "maxRSS": 13520,
      "systemtime": 0,
      "usertime": 27648
     },
     "16826301425": {
      "maxRSS": 13520,
      "systemtime": 0,
      "usertime": 27744
     },
     "16826301641": {
      "maxRSS": 13520,
      "systemtime": 0,
      "usertime": 27967
     },
     "16826301704": {
      "maxRSS": 13520,
      "systemtime": 0,
      "usertime": 28037
     },
     "16826301846": {
      "maxRSS": 13520,
      "systemtime": 0,
      "usertime": 28187
     },
     "16826301897": {
      "maxRSS": 13520,
      "systemtime": 0,
      "usertime": 28244
     },
     "16826301999": {
      "maxRSS": 13520,
      "systemtime": 0,
      "usertime": 28352
     },
     "16826302054": {
      "maxRSS": 13520,
      "systemtime": 0,
      "usertime": 28408
     },
     "16826302123": {
      "maxRSS": 13520,
      "systemtime": 0,
      "usertime": 28513
     },
     "16826302202": {
      "maxRSS": 13520,
      "systemtime": 0,
      "usertime": 28598
     },
     "16826302258": {
      "maxRSS": 13520,
      "systemtime": 0,
      "usertime": 28687
     },
     "16826302295": {
      "maxRSS": 13520,
      "systemtime": 0,
      "usertime": 28736
     },
     "16826302406": {
      "maxRSS": 13520,
      "systemtime": 0,
      "usertime": 28820
     },
     "16826303509": {
      "maxRSS": 13648,
      "systemtime": 0,
      "usertime": 28838
     },
     "16826304712": {
      "maxRSS": 13776,
      "systemtime": 0,
      "usertime": 30514
     },
     "16826305965": {
      "maxRSS": 13904,
      "systemtime": 0,
      "usertime": 30538
     },
     "16826306487": {
      "maxRSS": 13904,
      "systemtime": 0,
      "usertime": 33038
     }
    }
   }
  }
 }
}
