{
 "root": {
  "program": {
   "configuration": {
    "": "/root/compiler/tests/corpus/BENCHMARK_FAMILY/transitive_closure_bound.dl",
    "fact-dir": "/root/compiler/fixtures/benchmark-family/transitive_closure_bound/n500",
    "include-dir": ".",
    "jobs": "1",
    "libraries": "functors",
    "library-dir": ".",
    "output-dir": "/root/compiler/measurements/punch-list/p1-gate-original/transitive_closure_bound/original",
    "profile": "prof.log",
    "relationCount": "3",
    "ruleCount": "5",
    "version": "2.5",
    "warn": "all",
    "wno": "none"
   },
   "relation": {
    "edge": {
     "loadtime": { "start": 21846226910, "end": 21846227925},
     "num-tuples": 1000,
     "reads": 0,
     "source-locator": "/root/compiler/tests/corpus/BENCHMARK_FAMILY/transitive_closure_bound.dl [17:7-17:11]"
    },
    "q_tc": {
     "maxRSS": {
      "post": 14764,
      "pre": 14764
     },
     "non-recursive-rule": {
      "q_tc(y) :- \n   tc(1,y).": {
       "atom-frequency": {
        "q_tc(y) :- \n   tc(1,y).": {
         "tc": {
          "level": 0,
          "num-tuples": 0
         }
        }
       },
       "maxRSS": {
        "post": 14764,
        "pre": 14764
       },
       "num-tuples": 50,
       "runtime": { "start": 21846270589, "end": 21846270593},
       "source-locator": "/root/compiler/tests/corpus/BENCHMARK_FAMILY/transitive_closure_bound.dl [26:1-26:20]"
      }
     },
     "num-tuples": 50,
     "reads": 0,
     "runtime": { "start": 21846270581, "end": 21846270602},
     "savetime": { "start": 21846270606, "end": 21846270700},
     "source-locator": "/root/compiler/tests/corpus/BENCHMARK_FAMILY/transitive_closure_bound.dl [24:7-24:11]"
    },
    "tc": {
     "iteration": {
      "0": {
       "copytime": { "start": 21846228515, "end": 21846228684},
       "maxRSS": {
        "post": 12460,
        "pre": 12332
       },
       "num-tuples": 2142,
       "recursive-rule": {
        "tc(x,y) :- \n   tc(x,z),\n   edge(z,y).": {
         "0": {
          "atom-frequency": {
           "@new_tc(x,y) :- \n   @delta_tc(x,z),\n   edge(z,y).": {
            "@delta_tc": {
             "level": 0,
             "num-tuples": 0
            },
            "edge": {
             "level": 1,
             "num-tuples": 0
            }
           }
          },
          "maxRSS": {
           "post": 12460,
           "pre": 12332
          },
          "num-tuples": 2142,
          "runtime": { "start": 21846228107, "end": 21846228481},
          "source-locator": "/root/compiler/tests/corpus/BENCHMARK_FAMILY/transitive_closure_bound.dl [22:1-22:31]"
         }
        }
       },
       "runtime": { "start": 21846228097, "end": 21846228491}
      },
      "1": {
       "copytime": { "start": 21846229601, "end": 21846229957},
       "maxRSS": {
        "post": 12588,
        "pre": 12460
       },
       "num-tuples": 4360,
       "recursive-rule": {
        "tc(x,y) :- \n   tc(x,z),\n   edge(z,y).": {
         "0": {
          "maxRSS": {
           "post": 12588,
           "pre": 12460
          },
          "num-tuples": 4360,
          "runtime": { "start": 21846228699, "end": 21846229564},
          "source-locator": "/root/compiler/tests/corpus/BENCHMARK_FAMILY/transitive_closure_bound.dl [22:1-22:31]"
         }
        }
       },
       "runtime": { "start": 21846228689, "end": 21846229573}
      },
      "10": {
       "copytime": { "start": 21846259713, "end": 21846260324},
       "maxRSS": {
        "post": 14380,
        "pre": 14380
       },
       "num-tuples": 5485,
       "recursive-rule": {
        "tc(x,y) :- \n   tc(x,z),\n   edge(z,y).": {
         "0": {
          "maxRSS": {
           "post": 14380,
           "pre": 14380
          },
          "num-tuples": 5485,
          "runtime": { "start": 21846257424, "end": 21846259678},
          "source-locator": "/root/compiler/tests/corpus/BENCHMARK_FAMILY/transitive_closure_bound.dl [22:1-22:31]"
         }
        }
       },
       "runtime": { "start": 21846257412, "end": 21846259690}
      },
      "11": {
       "copytime": { "start": 21846262427, "end": 21846262908},
       "maxRSS": {
        "post": 14508,
        "pre": 14508
       },
       "num-tuples": 4425,
       "recursive-rule": {
        "tc(x,y) :- \n   tc(x,z),\n   edge(z,y).": {
         "0": {
          "maxRSS": {
           "post": 14508,
           "pre": 14508
          },
          "num-tuples": 4425,
          "runtime": { "start": 21846260342, "end": 21846262393},
          "source-locator": "/root/compiler/tests/corpus/BENCHMARK_FAMILY/transitive_closure_bound.dl [22:1-22:31]"
         }
        }
       },
       "runtime": { "start": 21846260331, "end": 21846262404}
      },
      "12": {
       "copytime": { "start": 21846264548, "end": 21846264936},
       "maxRSS": {
        "post": 14636,
        "pre": 14636
       },
       "num-tuples": 3419,
       "recursive-rule": {
        "tc(x,y) :- \n   tc(x,z),\n   edge(z,y).": {
         "0": {
          "maxRSS": {
           "post": 14636,
           "pre": 14636
          },
          "num-tuples": 3419,
          "runtime": { "start": 21846262926, "end": 21846264516},
          "source-locator": "/root/compiler/tests/corpus/BENCHMARK_FAMILY/transitive_closure_bound.dl [22:1-22:31]"
         }
        }
       },
       "runtime": { "start": 21846262914, "end": 21846264527}
      },
      "13": {
       "copytime": { "start": 21846266350, "end": 21846266671},
       "maxRSS": {
        "post": 14636,
        "pre": 14636
       },
       "num-tuples": 2583,
       "recursive-rule": {
        "tc(x,y) :- \n   tc(x,z),\n   edge(z,y).": {
         "0": {
          "maxRSS": {
           "post": 14636,
           "pre": 14636
          },
          "num-tuples": 2583,
          "runtime": { "start": 21846264953, "end": 21846266310},
          "source-locator": "/root/compiler/tests/corpus/BENCHMARK_FAMILY/transitive_closure_bound.dl [22:1-22:31]"
         }
        }
       },
       "runtime": { "start": 21846264942, "end": 21846266323}
      },
      "14": {
       "copytime": { "start": 21846267686, "end": 21846267904},
       "maxRSS": {
        "post": 14764,
        "pre": 14764
       },
       "num-tuples": 1892,
       "recursive-rule": {
        "tc(x,y) :- \n   tc(x,z),\n   edge(z,y).": {
         "0": {
          "maxRSS": {
           "post": 14764,
           "pre": 14764
          },
          "num-tuples": 1892,
          "runtime": { "start": 21846266690, "end": 21846267653},
          "source-locator": "/root/compiler/tests/corpus/BENCHMARK_FAMILY/transitive_closure_bound.dl [22:1-22:31]"
         }
        }
       },
       "runtime": { "start": 21846266677, "end": 21846267663}
      },
      "15": {
       "copytime": { "start": 21846268702, "end": 21846268860},
       "maxRSS": {
        "post": 14764,
        "pre": 14764
       },
       "num-tuples": 1305,
       "recursive-rule": {
        "tc(x,y) :- \n   tc(x,z),\n   edge(z,y).": {
         "0": {
          "maxRSS": {
           "post": 14764,
           "pre": 14764
          },
          "num-tuples": 1305,
          "runtime": { "start": 21846267920, "end": 21846268668},
          "source-locator": "/root/compiler/tests/corpus/BENCHMARK_FAMILY/transitive_closure_bound.dl [22:1-22:31]"
         }
        }
       },
       "runtime": { "start": 21846267909, "end": 21846268679}
      },
      "16": {
       "copytime": { "start": 21846269370, "end": 21846269475},
       "maxRSS": {
        "post": 14764,
        "pre": 14764
       },
       "num-tuples": 818,
       "recursive-rule": {
        "tc(x,y) :- \n   tc(x,z),\n   edge(z,y).": {
         "0": {
          "maxRSS": {
           "post": 14764,
           "pre": 14764
          },
          "num-tuples": 818,
          "runtime": { "start": 21846268876, "end": 21846269338},
          "source-locator": "/root/compiler/tests/corpus/BENCHMARK_FAMILY/transitive_closure_bound.dl [22:1-22:31]"
         }
        }
       },
       "runtime": { "start": 21846268865, "end": 21846269349}
      },
      "17": {
       "copytime": { "start": 21846269790, "end": 21846269854},
       "maxRSS": {
        "post": 14764,
        "pre": 14764
       },
       "num-tuples": 482,
       "recursive-rule": {
        "tc(x,y) :- \n   tc(x,z),\n   edge(z,y).": {
         "0": {
          "maxRSS": {
           "post": 14764,
           "pre": 14764
          },
          "num-tuples": 482,
          "runtime": { "start": 21846269490, "end": 21846269759},
          "source-locator": "/root/compiler/tests/corpus/BENCHMARK_FAMILY/transitive_closure_bound.dl [22:1-22:31]"
         }
        }
       },
       "runtime": { "start": 21846269480, "end": 21846269770}
      },
      "18": {
       "copytime": { "start": 21846270049, "end": 21846270085},
       "maxRSS": {
        "post": 14764,
        "pre": 14764
       },
       "num-tuples": 273,
       "recursive-rule": {
        "tc(x,y) :- \n   tc(x,z),\n   edge(z,y).": {
         "0": {
          "maxRSS": {
           "post": 14764,
           "pre": 14764
          },
          "num-tuples": 273,
          "runtime": { "start": 21846269867, "end": 21846270020},
          "source-locator": "/root/compiler/tests/corpus/BENCHMARK_FAMILY/transitive_closure_bound.dl [22:1-22:31]"
         }
        }
       },
       "runtime": { "start": 21846269858, "end": 21846270029}
      },
      "19": {
       "copytime": { "start": 21846270207, "end": 21846270227},
       "maxRSS": {
        "post": 14764,
        "pre": 14764
       },
       "num-tuples": 144,
       "recursive-rule": {
        "tc(x,y) :- \n   tc(x,z),\n   edge(z,y).": {
         "0": {
          "maxRSS": {
           "post": 14764,
           "pre": 14764
          },
          "num-tuples": 144,
          "runtime": { "start": 21846270089, "end": 21846270177},
          "source-locator": "/root/compiler/tests/corpus/BENCHMARK_FAMILY/transitive_closure_bound.dl [22:1-22:31]"
         }
        }
       },
       "runtime": { "start": 21846270089, "end": 21846270185}
      },
      "2": {
       "copytime": { "start": 21846231760, "end": 21846232369},
       "maxRSS": {
        "post": 12716,
        "pre": 12716
       },
       "num-tuples": 7021,
       "recursive-rule": {
        "tc(x,y) :- \n   tc(x,z),\n   edge(z,y).": {
         "0": {
          "maxRSS": {
           "post": 12716,
           "pre": 12716
          },
          "num-tuples": 7021,
          "runtime": { "start": 21846229971, "end": 21846231725},
          "source-locator": "/root/compiler/tests/corpus/BENCHMARK_FAMILY/transitive_closure_bound.dl [22:1-22:31]"
         }
        }
       },
       "runtime": { "start": 21846229962, "end": 21846231736}
      },
      "20": {
       "copytime": { "start": 21846270313, "end": 21846270324},
       "maxRSS": {
        "post": 14764,
        "pre": 14764
       },
       "num-tuples": 73,
       "recursive-rule": {
        "tc(x,y) :- \n   tc(x,z),\n   edge(z,y).": {
         "0": {
          "maxRSS": {
           "post": 14764,
           "pre": 14764
          },
          "num-tuples": 73,
          "runtime": { "start": 21846270240, "end": 21846270284},
          "source-locator": "/root/compiler/tests/corpus/BENCHMARK_FAMILY/transitive_closure_bound.dl [22:1-22:31]"
         }
        }
       },
       "runtime": { "start": 21846270231, "end": 21846270293}
      },
      "21": {
       "copytime": { "start": 21846270387, "end": 21846270392},
       "maxRSS": {
        "post": 14764,
        "pre": 14764
       },
       "num-tuples": 31,
       "recursive-rule": {
        "tc(x,y) :- \n   tc(x,z),\n   edge(z,y).": {
         "0": {
          "maxRSS": {
           "post": 14764,
           "pre": 14764
          },
          "num-tuples": 31,
          "runtime": { "start": 21846270336, "end": 21846270360},
          "source-locator": "/root/compiler/tests/corpus/BENCHMARK_FAMILY/transitive_closure_bound.dl [22:1-22:31]"
         }
        }
       },
       "runtime": { "start": 21846270328, "end": 21846270369}
      },
      "22": {
       "copytime": { "start": 21846270444, "end": 21846270447},
       "maxRSS": {
        "post": 14764,
        "pre": 14764
       },
       "num-tuples": 15,
       "recursive-rule": {
        "tc(x,y) :- \n   tc(x,z),\n   edge(z,y).": {
         "0": {
          "maxRSS": {
           "post": 14764,
           "pre": 14764
          },
          "num-tuples": 15,
          "runtime": { "start": 21846270405, "end": 21846270416},
          "source-locator": "/root/compiler/tests/corpus/BENCHMARK_FAMILY/transitive_closure_bound.dl [22:1-22:31]"
         }
        }
       },
       "runtime": { "start": 21846270396, "end": 21846270425}
      },
      "23": {
       "copytime": { "start": 21846270492, "end": 21846270494},
       "maxRSS": {
        "post": 14764,
        "pre": 14764
       },
       "num-tuples": 4,
       "recursive-rule": {
        "tc(x,y) :- \n   tc(x,z),\n   edge(z,y).": {
         "0": {
          "maxRSS": {
           "post": 14764,
           "pre": 14764
          },
          "num-tuples": 4,
          "runtime": { "start": 21846270459, "end": 21846270464},
          "source-locator": "/root/compiler/tests/corpus/BENCHMARK_FAMILY/transitive_closure_bound.dl [22:1-22:31]"
         }
        }
       },
       "runtime": { "start": 21846270450, "end": 21846270472}
      },
      "24": {
       "copytime": { "start": 21846270536, "end": 21846270538},
       "maxRSS": {
        "post": 14764,
        "pre": 14764
       },
       "num-tuples": 4,
       "recursive-rule": {
        "tc(x,y) :- \n   tc(x,z),\n   edge(z,y).": {
         "0": {
          "maxRSS": {
           "post": 14764,
           "pre": 14764
          },
          "num-tuples": 4,
          "runtime": { "start": 21846270506, "end": 21846270509},
          "source-locator": "/root/compiler/tests/corpus/BENCHMARK_FAMILY/transitive_closure_bound.dl [22:1-22:31]"
         }
        }
       },
       "runtime": { "start": 21846270497, "end": 21846270517}
      },
      "25": {
       "maxRSS": {
        "post": 14764,
        "pre": 14764
       },
       "num-tuples": 0,
       "recursive-rule": {
        "tc(x,y) :- \n   tc(x,z),\n   edge(z,y).": {
         "0": {
          "maxRSS": {
           "post": 14764,
           "pre": 14764
          },
          "num-tuples": 0,
          "runtime": { "start": 21846270550, "end": 21846270552},
          "source-locator": "/root/compiler/tests/corpus/BENCHMARK_FAMILY/transitive_closure_bound.dl [22:1-22:31]"
         }
        }
       },
       "runtime": { "start": 21846270541, "end": 21846270560}
      },
      "3": {
       "copytime": { "start": 21846235323, "end": 21846236101},
       "maxRSS": {
        "post": 12972,
        "pre": 12972
       },
       "num-tuples": 8468,
       "recursive-rule": {
        "tc(x,y) :- \n   tc(x,z),\n   edge(z,y).": {
         "0": {
          "maxRSS": {
           "post": 12972,
           "pre": 12972
          },
          "num-tuples": 8468,
          "runtime": { "start": 21846232386, "end": 21846235283},
          "source-locator": "/root/compiler/tests/corpus/BENCHMARK_FAMILY/transitive_closure_bound.dl [22:1-22:31]"
         }
        }
       },
       "runtime": { "start": 21846232374, "end": 21846235295}
      },
      "4": {
       "copytime": { "start": 21846239300, "end": 21846240056},
       "maxRSS": {
        "post": 13228,
        "pre": 13228
       },
       "num-tuples": 7989,
       "recursive-rule": {
        "tc(x,y) :- \n   tc(x,z),\n   edge(z,y).": {
         "0": {
          "maxRSS": {
           "post": 13228,
           "pre": 13228
          },
          "num-tuples": 7989,
          "runtime": { "start": 21846236121, "end": 21846239262},
          "source-locator": "/root/compiler/tests/corpus/BENCHMARK_FAMILY/transitive_closure_bound.dl [22:1-22:31]"
         }
        }
       },
       "runtime": { "start": 21846236109, "end": 21846239274}
      },
      "5": {
       "copytime": { "start": 21846243169, "end": 21846243925},
       "maxRSS": {
        "post": 13484,
        "pre": 13484
       },
       "num-tuples": 7221,
       "recursive-rule": {
        "tc(x,y) :- \n   tc(x,z),\n   edge(z,y).": {
         "0": {
          "maxRSS": {
           "post": 13484,
           "pre": 13484
          },
          "num-tuples": 7221,
          "runtime": { "start": 21846240072, "end": 21846243134},
          "source-locator": "/root/compiler/tests/corpus/BENCHMARK_FAMILY/transitive_closure_bound.dl [22:1-22:31]"
         }
        }
       },
       "runtime": { "start": 21846240063, "end": 21846243146}
      },
      "6": {
       "copytime": { "start": 21846246694, "end": 21846247391},
       "maxRSS": {
        "post": 13612,
        "pre": 13612
       },
       "num-tuples": 6986,
       "recursive-rule": {
        "tc(x,y) :- \n   tc(x,z),\n   edge(z,y).": {
         "0": {
          "maxRSS": {
           "post": 13612,
           "pre": 13612
          },
          "num-tuples": 6986,
          "runtime": { "start": 21846243944, "end": 21846246654},
          "source-locator": "/root/compiler/tests/corpus/BENCHMARK_FAMILY/transitive_closure_bound.dl [22:1-22:31]"
         }
        }
       },
       "runtime": { "start": 21846243932, "end": 21846246665}
      },
      "7": {
       "copytime": { "start": 21846249968, "end": 21846250751},
       "maxRSS": {
        "post": 13868,
        "pre": 13868
       },
       "num-tuples": 7046,
       "recursive-rule": {
        "tc(x,y) :- \n   tc(x,z),\n   edge(z,y).": {
         "0": {
          "maxRSS": {
           "post": 13868,
           "pre": 13868
          },
          "num-tuples": 7046,
          "runtime": { "start": 21846247413, "end": 21846249929},
          "source-locator": "/root/compiler/tests/corpus/BENCHMARK_FAMILY/transitive_closure_bound.dl [22:1-22:31]"
         }
        }
       },
       "runtime": { "start": 21846247398, "end": 21846249943}
      },
      "8": {
       "copytime": { "start": 21846253363, "end": 21846254108},
       "maxRSS": {
        "post": 14124,
        "pre": 14124
       },
       "num-tuples": 6968,
       "recursive-rule": {
        "tc(x,y) :- \n   tc(x,z),\n   edge(z,y).": {
         "0": {
          "maxRSS": {
           "post": 14124,
           "pre": 14124
          },
          "num-tuples": 6968,
          "runtime": { "start": 21846250771, "end": 21846253322},
          "source-locator": "/root/compiler/tests/corpus/BENCHMARK_FAMILY/transitive_closure_bound.dl [22:1-22:31]"
         }
        }
       },
       "runtime": { "start": 21846250758, "end": 21846253334}
      },
      "9": {
       "copytime": { "start": 21846256715, "end": 21846257405},
       "maxRSS": {
        "post": 14252,
        "pre": 14252
       },
       "num-tuples": 6414,
       "recursive-rule": {
        "tc(x,y) :- \n   tc(x,z),\n   edge(z,y).": {
         "0": {
          "maxRSS": {
           "post": 14252,
           "pre": 14252
          },
          "num-tuples": 6414,
          "runtime": { "start": 21846254128, "end": 21846256680},
          "source-locator": "/root/compiler/tests/corpus/BENCHMARK_FAMILY/transitive_closure_bound.dl [22:1-22:31]"
         }
        }
       },
       "runtime": { "start": 21846254115, "end": 21846256692}
      }
     },
     "maxRSS": {
      "post": 12332,
      "pre": 12204
     },
     "non-recursive-rule": {
      "tc(x,y) :- \n   edge(x,y).": {
       "atom-frequency": {
        "tc(x,y) :- \n   edge(x,y).": {
         "edge": {
          "level": 0,
          "num-tuples": 0
         }
        }
       },
       "maxRSS": {
        "post": 12332,
        "pre": 12204
       },
       "num-tuples": 1000,
       "runtime": { "start": 21846227948, "end": 21846227996},
       "source-locator": "/root/compiler/tests/corpus/BENCHMARK_FAMILY/transitive_closure_bound.dl [21:1-21:22]"
      }
     },
     "num-tuples": 1000,
     "reads": 186009,
     "runtime": { "start": 21846227935, "end": 21846228050},
     "source-locator": "/root/compiler/tests/corpus/BENCHMARK_FAMILY/transitive_closure_bound.dl [20:7-20:9]"
    }
   },
   "runtime": { "start": 21846226906, "end": 21846270875},
   "starttime": { "time": 21846226881},
   "usage": {
    "timepoint": {
     "21846226894": {
      "maxRSS": 11632,
      "systemtime": 2033,
      "usertime": 0
     },
     "21846227957": {
      "maxRSS": 12332,
      "systemtime": 3620,
      "usertime": 0
     },
     "21846228118": {
      "maxRSS": 12460,
      "systemtime": 3673,
      "usertime": 116
     },
     "21846228544": {
      "maxRSS": 12460,
      "systemtime": 3673,
      "usertime": 538
     },
     "21846228704": {
      "maxRSS": 12460,
      "systemtime": 3673,
      "usertime": 728
     },
     "21846229631": {
      "maxRSS": 12588,
      "systemtime": 3673,
      "usertime": 1645
     },
     "21846229976": {
      "maxRSS": 12716,
      "systemtime": 3673,
      "usertime": 2022
     },
     "21846231074": {
      "maxRSS": 12716,
      "systemtime": 3673,
      "usertime": 2031
     },
     "21846231782": {
      "maxRSS": 12716,
      "systemtime": 3753,
      "usertime": 3753
     },
     "21846232390": {
      "maxRSS": 12972,
      "systemtime": 3753,
      "usertime": 4390
     },
     "21846233472": {
      "maxRSS": 12972,
      "systemtime": 3753,
      "usertime": 4403
     },
     "21846234706": {
      "maxRSS": 12972,
      "systemtime": 3753,
      "usertime": 4435
     },
     "21846235349": {
      "maxRSS": 13100,
      "systemtime": 3753,
      "usertime": 7393
     },
     "21846236124": {
      "maxRSS": 13228,
      "systemtime": 3753,
      "usertime": 8201
     },
     "21846237238": {
      "maxRSS": 13228,
      "systemtime": 3753,
      "usertime": 8212
     },
     "21846238301": {
      "maxRSS": 13228,
      "systemtime": 3753,
      "usertime": 8218
     },
     "21846239330": {
      "maxRSS": 13228,
      "systemtime": 3791,
      "usertime": 11374
     },
     "21846240096": {
      "maxRSS": 13484,
      "systemtime": 3791,
      "usertime": 12153
     },
     "21846241193": {
      "maxRSS": 13484,
      "systemtime": 3791,
      "usertime": 12161
     },
     "21846242292": {
      "maxRSS": 13484,
      "systemtime": 3791,
      "usertime": 12173
     },
     "21846243175": {
      "maxRSS": 13484,
      "systemtime": 3815,
      "usertime": 15260
     },
     "21846243949": {
      "maxRSS": 13612,
      "systemtime": 3971,
      "usertime": 15887
     },
     "21846245030": {
      "maxRSS": 13612,
      "systemtime": 3971,
      "usertime": 15973
     },
     "21846246247": {
      "maxRSS": 13612,
      "systemtime": 3971,
      "usertime": 16008
     },
     "21846246722": {
      "maxRSS": 13612,
      "systemtime": 3971,
      "usertime": 18697
     },
     "21846247449": {
      "maxRSS": 13868,
      "systemtime": 3971,
      "usertime": 19432
     },
     "21846248556": {
      "maxRSS": 13868,
      "systemtime": 3971,
      "usertime": 20034
     },
     "21846249621": {
      "maxRSS": 13868,
      "systemtime": 3971,
      "usertime": 20042
     },
     "21846249984": {
      "maxRSS": 13868,
      "systemtime": 3971,
      "usertime": 22016
     },
     "21846250780": {
      "maxRSS": 14124,
      "systemtime": 3971,
      "usertime": 22830
     },
     "21846251879": {
      "maxRSS": 14124,
      "systemtime": 3971,
      "usertime": 22837
     },
     "21846253048": {
      "maxRSS": 14124,
      "systemtime": 3971,
      "usertime": 24080
     },
     "21846253461": {
      "maxRSS": 14124,
      "systemtime": 3971,
      "usertime": 25461
     },
     "21846254237": {
      "maxRSS": 14252,
      "systemtime": 3971,
      "usertime": 26243
     },
     "21846255416": {
      "maxRSS": 14252,
      "systemtime": 3971,
      "usertime": 26258
     },
     "21846256621": {
      "maxRSS": 14252,
      "systemtime": 3971,
      "usertime": 28235
     },
     "21846256766": {
      "maxRSS": 14252,
      "systemtime": 3971,
      "usertime": 28878
     },
     "21846257516": {
      "maxRSS": 14380,
      "systemtime": 3971,
      "usertime": 29607
     },
     "21846258681": {
      "maxRSS": 14380,
      "systemtime": 3971,
      "usertime": 29628
     },
     "21846259807": {
      "maxRSS": 14380,
      "systemtime": 3989,
      "usertime": 31915
     },
     "21846260404": {
      "maxRSS": 14508,
      "systemtime": 4634,
      "usertime": 31915
     },
     "21846261564": {
      "maxRSS": 14508,
      "systemtime": 4651,
      "usertime": 31915
     },
     "21846262511": {
      "maxRSS": 14508,
      "systemtime": 6753,
      "usertime": 31915
     },
     "21846263021": {
      "maxRSS": 14636,
      "systemtime": 7268,
      "usertime": 31915
     },
     "21846264151": {
      "maxRSS": 14636,
      "systemtime": 7322,
      "usertime": 32952
     },
     "21846264638": {
      "maxRSS": 14636,
      "systemtime": 7425,
      "usertime": 33416
     },
     "21846265055": {
      "maxRSS": 14636,
      "systemtime": 7502,
      "usertime": 33760
     },
     "21846266235": {
      "maxRSS": 14636,
      "systemtime": 7505,
      "usertime": 33775
     },
     "21846266413": {
      "maxRSS": 14636,
      "systemtime": 7763,
      "usertime": 34934
     },
     "21846266707": {
      "maxRSS": 14764,
      "systemtime": 7828,
      "usertime": 35227
     },
     "21846267733": {
      "maxRSS": 14764,
      "systemtime": 8012,
      "usertime": 36057
     },
     "21846267972": {
      "maxRSS": 14764,
      "systemtime": 8058,
      "usertime": 36264
     },
     "21846268796": {
      "maxRSS": 14764,
      "systemtime": 8058,
      "usertime": 37063
     },
     "21846268931": {
      "maxRSS": 14764,
      "systemtime": 8058,
      "usertime": 37253
     },
     "21846269458": {
      "maxRSS": 14764,
      "systemtime": 8058,
      "usertime": 37763
     },
     "21846269560": {
      "maxRSS": 14764,
      "systemtime": 8058,
      "usertime": 37900
     },
     "21846269842": {
      "maxRSS": 14764,
      "systemtime": 8058,
      "usertime": 38217
     },
     "21846269874": {
      "maxRSS": 14764,
      "systemtime": 8058,
      "usertime": 38308
     },
     "21846270139": {
      "maxRSS": 14764,
      "systemtime": 8058,
      "usertime": 38543
     },
     "21846270210": {
      "maxRSS": 14764,
      "systemtime": 8058,
      "usertime": 38675
     },
     "21846270244": {
      "maxRSS": 14764,
      "systemtime": 8058,
      "usertime": 38716
     },
     "21846270311": {
      "maxRSS": 14764,
      "systemtime": 8058,
      "usertime": 38790
     },
     "21846270341": {
      "maxRSS": 14764,
      "systemtime": 8058,
      "usertime": 38826
     },
     "21846270385": {
      "maxRSS": 14764,
      "systemtime": 8058,
      "usertime": 38880
     },
     "21846270409": {
      "maxRSS": 14764,
      "systemtime": 8058,
      "usertime": 38910
     },
     "21846270442": {
      "maxRSS": 14764,
      "systemtime": 8058,
      "usertime": 38950
     },
     "21846270463": {
      "maxRSS": 14764,
      "systemtime": 8058,
      "usertime": 38977
     },
     "21846270490": {
      "maxRSS": 14764,
      "systemtime": 8058,
      "usertime": 39011
     },
     "21846270510": {
      "maxRSS": 14764,
      "systemtime": 8058,
      "usertime": 39039
     },
     "21846270533": {
      "maxRSS": 14764,
      "systemtime": 8058,
      "usertime": 39067
     },
     "21846270554": {
      "maxRSS": 14764,
      "systemtime": 8058,
      "usertime": 39097
     },
     "21846270576": {
      "maxRSS": 14764,
      "systemtime": 8058,
      "usertime": 39124
     },
     "21846270593": {
      "maxRSS": 14764,
      "systemtime": 8058,
      "usertime": 39151
     },
     "21846270619": {
      "maxRSS": 14764,
      "systemtime": 8058,
      "usertime": 39171
     }
    }
   }
  }
 }
}
