{
 "root": {
  "program": {
   "configuration": {
    "": "/root/compiler/measurements/m2-gate/ancestor_nonancestor/emit/transformed.dl",
    "fact-dir": "/root/compiler/fixtures/benchmark-family/ancestor_nonancestor/n500",
    "include-dir": ".",
    "jobs": "1",
    "libraries": "functors",
    "library-dir": ".",
    "output-dir": "/root/compiler/measurements/m2-gate/ancestor_nonancestor/vs_original/candidate",
    "profile": "prof.log",
    "relationCount": "12",
    "ruleCount": "20",
    "version": "2.5",
    "warn": "all",
    "wno": "none"
   },
   "relation": {
    "ancestor_bb": {
     "iteration": {
      "0": {
       "copytime": { "start": 4420907593, "end": 4420907594},
       "maxRSS": {
        "post": 15788,
        "pre": 15788
       },
       "num-tuples": 0,
       "recursive-rule": {
        "ancestor_bb(x,y) :- \n   sup_ancestor_bb_r1_2(x,y).": {
         "0": {
          "atom-frequency": {
           "@new_ancestor_bb(x,y) :- \n   @delta_sup_ancestor_bb_r1_2(x,y).": {
            "@delta_sup_ancestor_bb_r1_2": {
             "level": 0,
             "num-tuples": 0
            }
           }
          },
          "maxRSS": {
           "post": 15788,
           "pre": 15788
          },
          "num-tuples": 0,
          "runtime": { "start": 4420905593, "end": 4420905594},
          "source-locator": "/root/compiler/measurements/m2-gate/ancestor_nonancestor/emit/transformed.dl [35:1-35:49]"
         }
        }
       },
       "runtime": { "start": 4420905592, "end": 4420905601}
      },
      "1": {
       "copytime": { "start": 4420907734, "end": 4420907763},
       "maxRSS": {
        "post": 15788,
        "pre": 15788
       },
       "num-tuples": 374,
       "recursive-rule": {
        "ancestor_bb(x,y) :- \n   sup_ancestor_bb_r1_2(x,y).": {
         "0": {
          "maxRSS": {
           "post": 15788,
           "pre": 15788
          },
          "num-tuples": 374,
          "runtime": { "start": 4420907644, "end": 4420907684},
          "source-locator": "/root/compiler/measurements/m2-gate/ancestor_nonancestor/emit/transformed.dl [35:1-35:49]"
         }
        }
       },
       "runtime": { "start": 4420907635, "end": 4420907692}
      },
      "10": {
       "copytime": { "start": 4420919280, "end": 4420919281},
       "maxRSS": {
        "post": 15788,
        "pre": 15788
       },
       "num-tuples": 0,
       "recursive-rule": {
        "ancestor_bb(x,y) :- \n   sup_ancestor_bb_r1_2(x,y).": {
         "0": {
          "maxRSS": {
           "post": 15788,
           "pre": 15788
          },
          "num-tuples": 0,
          "runtime": { "start": 4420917490, "end": 4420917491},
          "source-locator": "/root/compiler/measurements/m2-gate/ancestor_nonancestor/emit/transformed.dl [35:1-35:49]"
         }
        }
       },
       "runtime": { "start": 4420917490, "end": 4420917497}
      },
      "11": {
       "copytime": { "start": 4420919338, "end": 4420919344},
       "maxRSS": {
        "post": 15788,
        "pre": 15788
       },
       "num-tuples": 51,
       "recursive-rule": {
        "ancestor_bb(x,y) :- \n   sup_ancestor_bb_r1_2(x,y).": {
         "0": {
          "maxRSS": {
           "post": 15788,
           "pre": 15788
          },
          "num-tuples": 51,
          "runtime": { "start": 4420919295, "end": 4420919304},
          "source-locator": "/root/compiler/measurements/m2-gate/ancestor_nonancestor/emit/transformed.dl [35:1-35:49]"
         }
        }
       },
       "runtime": { "start": 4420919294, "end": 4420919310}
      },
      "12": {
       "copytime": { "start": 4420920969, "end": 4420920970},
       "maxRSS": {
        "post": 15788,
        "pre": 15788
       },
       "num-tuples": 0,
       "recursive-rule": {
        "ancestor_bb(x,y) :- \n   sup_ancestor_bb_r1_2(x,y).": {
         "0": {
          "maxRSS": {
           "post": 15788,
           "pre": 15788
          },
          "num-tuples": 0,
          "runtime": { "start": 4420919353, "end": 4420919353},
          "source-locator": "/root/compiler/measurements/m2-gate/ancestor_nonancestor/emit/transformed.dl [35:1-35:49]"
         }
        }
       },
       "runtime": { "start": 4420919352, "end": 4420919360}
      },
      "13": {
       "copytime": { "start": 4420921024, "end": 4420921026},
       "maxRSS": {
        "post": 15788,
        "pre": 15788
       },
       "num-tuples": 10,
       "recursive-rule": {
        "ancestor_bb(x,y) :- \n   sup_ancestor_bb_r1_2(x,y).": {
         "0": {
          "maxRSS": {
           "post": 15788,
           "pre": 15788
          },
          "num-tuples": 10,
          "runtime": { "start": 4420920991, "end": 4420920994},
          "source-locator": "/root/compiler/measurements/m2-gate/ancestor_nonancestor/emit/transformed.dl [35:1-35:49]"
         }
        }
       },
       "runtime": { "start": 4420920991, "end": 4420921002}
      },
      "14": {
       "maxRSS": {
        "post": 15788,
        "pre": 15788
       },
       "num-tuples": 0,
       "recursive-rule": {
        "ancestor_bb(x,y) :- \n   sup_ancestor_bb_r1_2(x,y).": {
         "0": {
          "maxRSS": {
           "post": 15788,
           "pre": 15788
          },
          "num-tuples": 0,
          "runtime": { "start": 4420921035, "end": 4420921036},
          "source-locator": "/root/compiler/measurements/m2-gate/ancestor_nonancestor/emit/transformed.dl [35:1-35:49]"
         }
        }
       },
       "runtime": { "start": 4420921035, "end": 4420921041}
      },
      "2": {
       "copytime": { "start": 4420909964, "end": 4420909965},
       "maxRSS": {
        "post": 15788,
        "pre": 15788
       },
       "num-tuples": 0,
       "recursive-rule": {
        "ancestor_bb(x,y) :- \n   sup_ancestor_bb_r1_2(x,y).": {
         "0": {
          "maxRSS": {
           "post": 15788,
           "pre": 15788
          },
          "num-tuples": 0,
          "runtime": { "start": 4420907770, "end": 4420907771},
          "source-locator": "/root/compiler/measurements/m2-gate/ancestor_nonancestor/emit/transformed.dl [35:1-35:49]"
         }
        }
       },
       "runtime": { "start": 4420907770, "end": 4420907777}
      },
      "3": {
       "copytime": { "start": 4420910139, "end": 4420910183},
       "maxRSS": {
        "post": 15788,
        "pre": 15788
       },
       "num-tuples": 598,
       "recursive-rule": {
        "ancestor_bb(x,y) :- \n   sup_ancestor_bb_r1_2(x,y).": {
         "0": {
          "maxRSS": {
           "post": 15788,
           "pre": 15788
          },
          "num-tuples": 598,
          "runtime": { "start": 4420910017, "end": 4420910085},
          "source-locator": "/root/compiler/measurements/m2-gate/ancestor_nonancestor/emit/transformed.dl [35:1-35:49]"
         }
        }
       },
       "runtime": { "start": 4420910017, "end": 4420910092}
      },
      "4": {
       "copytime": { "start": 4420912464, "end": 4420912466},
       "maxRSS": {
        "post": 15788,
        "pre": 15788
       },
       "num-tuples": 0,
       "recursive-rule": {
        "ancestor_bb(x,y) :- \n   sup_ancestor_bb_r1_2(x,y).": {
         "0": {
          "maxRSS": {
           "post": 15788,
           "pre": 15788
          },
          "num-tuples": 0,
          "runtime": { "start": 4420910203, "end": 4420910203},
          "source-locator": "/root/compiler/measurements/m2-gate/ancestor_nonancestor/emit/transformed.dl [35:1-35:49]"
         }
        }
       },
       "runtime": { "start": 4420910202, "end": 4420910210}
      },
      "5": {
       "copytime": { "start": 4420912740, "end": 4420912787},
       "maxRSS": {
        "post": 15788,
        "pre": 15788
       },
       "num-tuples": 576,
       "recursive-rule": {
        "ancestor_bb(x,y) :- \n   sup_ancestor_bb_r1_2(x,y).": {
         "0": {
          "maxRSS": {
           "post": 15788,
           "pre": 15788
          },
          "num-tuples": 576,
          "runtime": { "start": 4420912580, "end": 4420912652},
          "source-locator": "/root/compiler/measurements/m2-gate/ancestor_nonancestor/emit/transformed.dl [35:1-35:49]"
         }
        }
       },
       "runtime": { "start": 4420912568, "end": 4420912661}
      },
      "6": {
       "copytime": { "start": 4420915086, "end": 4420915088},
       "maxRSS": {
        "post": 15788,
        "pre": 15788
       },
       "num-tuples": 0,
       "recursive-rule": {
        "ancestor_bb(x,y) :- \n   sup_ancestor_bb_r1_2(x,y).": {
         "0": {
          "maxRSS": {
           "post": 15788,
           "pre": 15788
          },
          "num-tuples": 0,
          "runtime": { "start": 4420912798, "end": 4420912799},
          "source-locator": "/root/compiler/measurements/m2-gate/ancestor_nonancestor/emit/transformed.dl [35:1-35:49]"
         }
        }
       },
       "runtime": { "start": 4420912797, "end": 4420912807}
      },
      "7": {
       "copytime": { "start": 4420915215, "end": 4420915248},
       "maxRSS": {
        "post": 15788,
        "pre": 15788
       },
       "num-tuples": 350,
       "recursive-rule": {
        "ancestor_bb(x,y) :- \n   sup_ancestor_bb_r1_2(x,y).": {
         "0": {
          "maxRSS": {
           "post": 15788,
           "pre": 15788
          },
          "num-tuples": 350,
          "runtime": { "start": 4420915128, "end": 4420915173},
          "source-locator": "/root/compiler/measurements/m2-gate/ancestor_nonancestor/emit/transformed.dl [35:1-35:49]"
         }
        }
       },
       "runtime": { "start": 4420915128, "end": 4420915180}
      },
      "8": {
       "copytime": { "start": 4420917385, "end": 4420917387},
       "maxRSS": {
        "post": 15788,
        "pre": 15788
       },
       "num-tuples": 0,
       "recursive-rule": {
        "ancestor_bb(x,y) :- \n   sup_ancestor_bb_r1_2(x,y).": {
         "0": {
          "maxRSS": {
           "post": 15788,
           "pre": 15788
          },
          "num-tuples": 0,
          "runtime": { "start": 4420915267, "end": 4420915267},
          "source-locator": "/root/compiler/measurements/m2-gate/ancestor_nonancestor/emit/transformed.dl [35:1-35:49]"
         }
        }
       },
       "runtime": { "start": 4420915266, "end": 4420915274}
      },
      "9": {
       "copytime": { "start": 4420917460, "end": 4420917483},
       "maxRSS": {
        "post": 15788,
        "pre": 15788
       },
       "num-tuples": 143,
       "recursive-rule": {
        "ancestor_bb(x,y) :- \n   sup_ancestor_bb_r1_2(x,y).": {
         "0": {
          "maxRSS": {
           "post": 15788,
           "pre": 15788
          },
          "num-tuples": 143,
          "runtime": { "start": 4420917411, "end": 4420917433},
          "source-locator": "/root/compiler/measurements/m2-gate/ancestor_nonancestor/emit/transformed.dl [35:1-35:49]"
         }
        }
       },
       "runtime": { "start": 4420917411, "end": 4420917439}
      }
     },
     "maxRSS": {
      "post": 15788,
      "pre": 15788
     },
     "non-recursive-rule": {
      "ancestor_bb(x,y) :- \n   sup_ancestor_bb_r0_1(x,y).": {
       "atom-frequency": {
        "ancestor_bb(x,y) :- \n   sup_ancestor_bb_r0_1(x,y).": {
         "sup_ancestor_bb_r0_1": {
          "level": 0,
          "num-tuples": 0
         }
        }
       },
       "maxRSS": {
        "post": 15788,
        "pre": 15788
       },
       "num-tuples": 149,
       "runtime": { "start": 4420905562, "end": 4420905569},
       "source-locator": "/root/compiler/measurements/m2-gate/ancestor_nonancestor/emit/transformed.dl [30:1-30:49]"
      }
     },
     "num-tuples": 149,
     "reads": 2750,
     "runtime": { "start": 4420905549, "end": 4420905577},
     "source-locator": "/root/compiler/measurements/m2-gate/ancestor_nonancestor/emit/transformed.dl [17:7-17:18]"
    },
    "magic_ancestor_bb": {
     "iteration": {
      "0": {
       "copytime": { "start": 4420881880, "end": 4420881881},
       "maxRSS": {
        "post": 12460,
        "pre": 12460
       },
       "num-tuples": 0,
       "recursive-rule": {
        "magic_ancestor_bb(z,y) :- \n   sup_ancestor_bb_r1_1(_,y,z).": {
         "0": {
          "atom-frequency": {
           "@new_magic_ancestor_bb(z,y) :- \n   @delta_sup_ancestor_bb_r1_1(_,y,z).": {
            "@delta_sup_ancestor_bb_r1_1": {
             "level": 0,
             "num-tuples": 0
            }
           }
          },
          "maxRSS": {
           "post": 12460,
           "pre": 12460
          },
          "num-tuples": 0,
          "runtime": { "start": 4420881597, "end": 4420881598},
          "source-locator": "/root/compiler/measurements/m2-gate/ancestor_nonancestor/emit/transformed.dl [34:1-34:58]"
         }
        }
       },
       "runtime": { "start": 4420881588, "end": 4420881615}
      },
      "1": {
       "copytime": { "start": 4420882314, "end": 4420882421},
       "maxRSS": {
        "post": 12716,
        "pre": 12716
       },
       "num-tuples": 2500,
       "recursive-rule": {
        "magic_ancestor_bb(z,y) :- \n   sup_ancestor_bb_r1_1(_,y,z).": {
         "0": {
          "maxRSS": {
           "post": 12716,
           "pre": 12716
          },
          "num-tuples": 2500,
          "runtime": { "start": 4420882040, "end": 4420882269},
          "source-locator": "/root/compiler/measurements/m2-gate/ancestor_nonancestor/emit/transformed.dl [34:1-34:58]"
         }
        }
       },
       "runtime": { "start": 4420882032, "end": 4420882278}
      },
      "2": {
       "copytime": { "start": 4420883751, "end": 4420883756},
       "maxRSS": {
        "post": 12844,
        "pre": 12844
       },
       "num-tuples": 0,
       "recursive-rule": {
        "magic_ancestor_bb(z,y) :- \n   sup_ancestor_bb_r1_1(_,y,z).": {
         "0": {
          "maxRSS": {
           "post": 12844,
           "pre": 12844
          },
          "num-tuples": 0,
          "runtime": { "start": 4420882443, "end": 4420882444},
          "source-locator": "/root/compiler/measurements/m2-gate/ancestor_nonancestor/emit/transformed.dl [34:1-34:58]"
         }
        }
       },
       "runtime": { "start": 4420882443, "end": 4420882451}
      },
      "3": {
       "copytime": { "start": 4420885924, "end": 4420886511},
       "maxRSS": {
        "post": 13612,
        "pre": 13356
       },
       "num-tuples": 10500,
       "recursive-rule": {
        "magic_ancestor_bb(z,y) :- \n   sup_ancestor_bb_r1_1(_,y,z).": {
         "0": {
          "maxRSS": {
           "post": 13612,
           "pre": 13356
          },
          "num-tuples": 10500,
          "runtime": { "start": 4420884589, "end": 4420885857},
          "source-locator": "/root/compiler/measurements/m2-gate/ancestor_nonancestor/emit/transformed.dl [34:1-34:58]"
         }
        }
       },
       "runtime": { "start": 4420884578, "end": 4420885875}
      },
      "4": {
       "copytime": { "start": 4420890406, "end": 4420890429},
       "maxRSS": {
        "post": 13740,
        "pre": 13740
       },
       "num-tuples": 0,
       "recursive-rule": {
        "magic_ancestor_bb(z,y) :- \n   sup_ancestor_bb_r1_1(_,y,z).": {
         "0": {
          "maxRSS": {
           "post": 13740,
           "pre": 13740
          },
          "num-tuples": 0,
          "runtime": { "start": 4420886557, "end": 4420886558},
          "source-locator": "/root/compiler/measurements/m2-gate/ancestor_nonancestor/emit/transformed.dl [34:1-34:58]"
         }
        }
       },
       "runtime": { "start": 4420886557, "end": 4420886566}
      },
      "5": {
       "copytime": { "start": 4420894935, "end": 4420895428},
       "maxRSS": {
        "post": 15020,
        "pre": 14892
       },
       "num-tuples": 8500,
       "recursive-rule": {
        "magic_ancestor_bb(z,y) :- \n   sup_ancestor_bb_r1_1(_,y,z).": {
         "0": {
          "maxRSS": {
           "post": 15020,
           "pre": 14892
          },
          "num-tuples": 8500,
          "runtime": { "start": 4420892428, "end": 4420894864},
          "source-locator": "/root/compiler/measurements/m2-gate/ancestor_nonancestor/emit/transformed.dl [34:1-34:58]"
         }
        }
       },
       "runtime": { "start": 4420892414, "end": 4420894876}
      },
      "6": {
       "copytime": { "start": 4420898455, "end": 4420898479},
       "maxRSS": {
        "post": 15148,
        "pre": 15148
       },
       "num-tuples": 0,
       "recursive-rule": {
        "magic_ancestor_bb(z,y) :- \n   sup_ancestor_bb_r1_1(_,y,z).": {
         "0": {
          "maxRSS": {
           "post": 15148,
           "pre": 15148
          },
          "num-tuples": 0,
          "runtime": { "start": 4420895528, "end": 4420895529},
          "source-locator": "/root/compiler/measurements/m2-gate/ancestor_nonancestor/emit/transformed.dl [34:1-34:58]"
         }
        }
       },
       "runtime": { "start": 4420895517, "end": 4420895538}
      },
      "7": {
       "copytime": { "start": 4420902416, "end": 4420902598},
       "maxRSS": {
        "post": 15788,
        "pre": 15660
       },
       "num-tuples": 3000,
       "recursive-rule": {
        "magic_ancestor_bb(z,y) :- \n   sup_ancestor_bb_r1_1(_,y,z).": {
         "0": {
          "maxRSS": {
           "post": 15788,
           "pre": 15660
          },
          "num-tuples": 3000,
          "runtime": { "start": 4420900352, "end": 4420902361},
          "source-locator": "/root/compiler/measurements/m2-gate/ancestor_nonancestor/emit/transformed.dl [34:1-34:58]"
         }
        }
       },
       "runtime": { "start": 4420900342, "end": 4420902373}
      },
      "8": {
       "copytime": { "start": 4420903576, "end": 4420903581},
       "maxRSS": {
        "post": 15788,
        "pre": 15788
       },
       "num-tuples": 0,
       "recursive-rule": {
        "magic_ancestor_bb(z,y) :- \n   sup_ancestor_bb_r1_1(_,y,z).": {
         "0": {
          "maxRSS": {
           "post": 15788,
           "pre": 15788
          },
          "num-tuples": 0,
          "runtime": { "start": 4420902675, "end": 4420902675},
          "source-locator": "/root/compiler/measurements/m2-gate/ancestor_nonancestor/emit/transformed.dl [34:1-34:58]"
         }
        }
       },
       "runtime": { "start": 4420902674, "end": 4420902684}
      },
      "9": {
       "maxRSS": {
        "post": 15788,
        "pre": 15788
       },
       "num-tuples": 0,
       "recursive-rule": {
        "magic_ancestor_bb(z,y) :- \n   sup_ancestor_bb_r1_1(_,y,z).": {
         "0": {
          "maxRSS": {
           "post": 15788,
           "pre": 15788
          },
          "num-tuples": 0,
          "runtime": { "start": 4420904122, "end": 4420904644},
          "source-locator": "/root/compiler/measurements/m2-gate/ancestor_nonancestor/emit/transformed.dl [34:1-34:58]"
         }
        }
       },
       "runtime": { "start": 4420904115, "end": 4420904653}
      }
     },
     "maxRSS": {
      "post": 12460,
      "pre": 12460
     },
     "non-recursive-rule": {
      "magic_ancestor_bb(x,y) :- \n   sup_nonancestor_bf_r0_2(x,y).": {
       "atom-frequency": {
        "magic_ancestor_bb(x,y) :- \n   sup_nonancestor_bf_r0_2(x,y).": {
         "sup_nonancestor_bf_r0_2": {
          "level": 0,
          "num-tuples": 0
         }
        }
       },
       "maxRSS": {
        "post": 12460,
        "pre": 12460
       },
       "num-tuples": 500,
       "runtime": { "start": 4420881535, "end": 4420881559},
       "source-locator": "/root/compiler/measurements/m2-gate/ancestor_nonancestor/emit/transformed.dl [26:1-26:58]"
      }
     },
     "num-tuples": 500,
     "reads": 74500,
     "runtime": { "start": 4420881534, "end": 4420881565},
     "source-locator": "/root/compiler/measurements/m2-gate/ancestor_nonancestor/emit/transformed.dl [13:7-13:24]"
    },
    "magic_nonancestor_bf": {
     "maxRSS": {
      "post": 11920,
      "pre": 11792
     },
     "non-recursive-rule": {
      "magic_nonancestor_bf(1).": {
       "maxRSS": {
        "post": 11920,
        "pre": 11792
       },
       "num-tuples": 1,
       "runtime": { "start": 4420881093, "end": 4420881098},
       "source-locator": "/root/compiler/measurements/m2-gate/ancestor_nonancestor/emit/transformed.dl [36:1-36:25]"
      }
     },
     "num-tuples": 1,
     "reads": 0,
     "runtime": { "start": 4420881091, "end": 4420881107},
     "source-locator": "/root/compiler/measurements/m2-gate/ancestor_nonancestor/emit/transformed.dl [21:7-21:27]"
    },
    "parent": {
     "loadtime": { "start": 4420881112, "end": 4420881390},
     "num-tuples": 1000,
     "reads": 25000,
     "source-locator": "/root/compiler/measurements/m2-gate/ancestor_nonancestor/emit/transformed.dl [1:7-1:13]"
    },
    "person": {
     "loadtime": { "start": 4420881397, "end": 4420881465},
     "num-tuples": 500,
     "reads": 1,
     "source-locator": "/root/compiler/measurements/m2-gate/ancestor_nonancestor/emit/transformed.dl [3:7-3:13]"
    },
    "q_nonancestor": {
     "maxRSS": {
      "post": 15788,
      "pre": 15788
     },
     "non-recursive-rule": {
      "q_nonancestor(y) :- \n   sup_nonancestor_bf_r0_3(1,y).": {
       "atom-frequency": {
        "q_nonancestor(y) :- \n   sup_nonancestor_bf_r0_3(1,y).": {
         "sup_nonancestor_bf_r0_3": {
          "level": 0,
          "num-tuples": 0
         }
        }
       },
       "maxRSS": {
        "post": 15788,
        "pre": 15788
       },
       "num-tuples": 450,
       "runtime": { "start": 4420922725, "end": 4420922740},
       "source-locator": "/root/compiler/measurements/m2-gate/ancestor_nonancestor/emit/transformed.dl [37:1-37:42]"
      }
     },
     "num-tuples": 450,
     "reads": 0,
     "runtime": { "start": 4420922716, "end": 4420922749},
     "savetime": { "start": 4420922754, "end": 4420922883},
     "source-locator": "/root/compiler/measurements/m2-gate/ancestor_nonancestor/emit/transformed.dl [7:7-7:20]"
    },
    "sup_ancestor_bb_r0_1": {
     "maxRSS": {
      "post": 15788,
      "pre": 15788
     },
     "non-recursive-rule": {
      "sup_ancestor_bb_r0_1(x,y) :- \n   magic_ancestor_bb(x,y),\n   parent(x,y).": {
       "atom-frequency": {
        "sup_ancestor_bb_r0_1(x,y) :- \n   magic_ancestor_bb(x,y),\n   parent(x,y).": {
         "magic_ancestor_bb": {
          "level": 0,
          "num-tuples": 0
         }
        }
       },
       "maxRSS": {
        "post": 15788,
        "pre": 15788
       },
       "num-tuples": 149,
       "runtime": { "start": 4420904715, "end": 4420905498},
       "source-locator": "/root/compiler/measurements/m2-gate/ancestor_nonancestor/emit/transformed.dl [29:1-29:72]"
      }
     },
     "num-tuples": 149,
     "reads": 0,
     "runtime": { "start": 4420904705, "end": 4420905508},
     "source-locator": "/root/compiler/measurements/m2-gate/ancestor_nonancestor/emit/transformed.dl [16:7-16:27]"
    },
    "sup_ancestor_bb_r1_1": {
     "iteration": {
      "0": {
       "copytime": { "start": 4420881885, "end": 4420882028},
       "maxRSS": {
        "post": 12588,
        "pre": 12460
       },
       "num-tuples": 2500,
       "recursive-rule": {
        "sup_ancestor_bb_r1_1(x,y,z) :- \n   magic_ancestor_bb(x,y),\n   parent(x,z).": {
         "0": {
          "atom-frequency": {
           "@new_sup_ancestor_bb_r1_1(x,y,z) :- \n   @delta_magic_ancestor_bb(x,y),\n   parent(x,z).": {
            "@delta_magic_ancestor_bb": {
             "level": 0,
             "num-tuples": 0
            },
            "parent": {
             "level": 1,
             "num-tuples": 0
            }
           }
          },
          "maxRSS": {
           "post": 12588,
           "pre": 12460
          },
          "num-tuples": 2500,
          "runtime": { "start": 4420881628, "end": 4420881848},
          "source-locator": "/root/compiler/measurements/m2-gate/ancestor_nonancestor/emit/transformed.dl [32:1-32:75]"
         }
        }
       },
       "runtime": { "start": 4420881620, "end": 4420881857}
      },
      "1": {
       "copytime": { "start": 4420882424, "end": 4420882437},
       "maxRSS": {
        "post": 12716,
        "pre": 12716
       },
       "num-tuples": 0,
       "recursive-rule": {
        "sup_ancestor_bb_r1_1(x,y,z) :- \n   magic_ancestor_bb(x,y),\n   parent(x,z).": {
         "0": {
          "maxRSS": {
           "post": 12716,
           "pre": 12716
          },
          "num-tuples": 0,
          "runtime": { "start": 4420882291, "end": 4420882292},
          "source-locator": "/root/compiler/measurements/m2-gate/ancestor_nonancestor/emit/transformed.dl [32:1-32:75]"
         }
        }
       },
       "runtime": { "start": 4420882283, "end": 4420882300}
      },
      "2": {
       "copytime": { "start": 4420883759, "end": 4420884571},
       "maxRSS": {
        "post": 13100,
        "pre": 12844
       },
       "num-tuples": 12000,
       "recursive-rule": {
        "sup_ancestor_bb_r1_1(x,y,z) :- \n   magic_ancestor_bb(x,y),\n   parent(x,z).": {
         "0": {
          "maxRSS": {
           "post": 13100,
           "pre": 12844
          },
          "num-tuples": 12000,
          "runtime": { "start": 4420882456, "end": 4420883707},
          "source-locator": "/root/compiler/measurements/m2-gate/ancestor_nonancestor/emit/transformed.dl [32:1-32:75]"
         }
        }
       },
       "runtime": { "start": 4420882455, "end": 4420883716}
      },
      "3": {
       "copytime": { "start": 4420886515, "end": 4420886550},
       "maxRSS": {
        "post": 13612,
        "pre": 13612
       },
       "num-tuples": 0,
       "recursive-rule": {
        "sup_ancestor_bb_r1_1(x,y,z) :- \n   magic_ancestor_bb(x,y),\n   parent(x,z).": {
         "0": {
          "maxRSS": {
           "post": 13612,
           "pre": 13612
          },
          "num-tuples": 0,
          "runtime": { "start": 4420885898, "end": 4420885899},
          "source-locator": "/root/compiler/measurements/m2-gate/ancestor_nonancestor/emit/transformed.dl [32:1-32:75]"
         }
        }
       },
       "runtime": { "start": 4420885881, "end": 4420885907}
      },
      "4": {
       "copytime": { "start": 4420890433, "end": 4420892405},
       "maxRSS": {
        "post": 14252,
        "pre": 13740
       },
       "num-tuples": 27500,
       "recursive-rule": {
        "sup_ancestor_bb_r1_1(x,y,z) :- \n   magic_ancestor_bb(x,y),\n   parent(x,z).": {
         "0": {
          "maxRSS": {
           "post": 14252,
           "pre": 13740
          },
          "num-tuples": 27500,
          "runtime": { "start": 4420886572, "end": 4420890339},
          "source-locator": "/root/compiler/measurements/m2-gate/ancestor_nonancestor/emit/transformed.dl [32:1-32:75]"
         }
        }
       },
       "runtime": { "start": 4420886571, "end": 4420890361}
      },
      "5": {
       "copytime": { "start": 4420895434, "end": 4420895511},
       "maxRSS": {
        "post": 15020,
        "pre": 15020
       },
       "num-tuples": 0,
       "recursive-rule": {
        "sup_ancestor_bb_r1_1(x,y,z) :- \n   magic_ancestor_bb(x,y),\n   parent(x,z).": {
         "0": {
          "maxRSS": {
           "post": 15020,
           "pre": 15020
          },
          "num-tuples": 0,
          "runtime": { "start": 4420894897, "end": 4420894898},
          "source-locator": "/root/compiler/measurements/m2-gate/ancestor_nonancestor/emit/transformed.dl [32:1-32:75]"
         }
        }
       },
       "runtime": { "start": 4420894882, "end": 4420894909}
      },
      "6": {
       "copytime": { "start": 4420898484, "end": 4420900334},
       "maxRSS": {
        "post": 15148,
        "pre": 15148
       },
       "num-tuples": 25000,
       "recursive-rule": {
        "sup_ancestor_bb_r1_1(x,y,z) :- \n   magic_ancestor_bb(x,y),\n   parent(x,z).": {
         "0": {
          "maxRSS": {
           "post": 15148,
           "pre": 15148
          },
          "num-tuples": 25000,
          "runtime": { "start": 4420895551, "end": 4420898413},
          "source-locator": "/root/compiler/measurements/m2-gate/ancestor_nonancestor/emit/transformed.dl [32:1-32:75]"
         }
        }
       },
       "runtime": { "start": 4420895542, "end": 4420898424}
      },
      "7": {
       "copytime": { "start": 4420902602, "end": 4420902668},
       "maxRSS": {
        "post": 15788,
        "pre": 15788
       },
       "num-tuples": 0,
       "recursive-rule": {
        "sup_ancestor_bb_r1_1(x,y,z) :- \n   magic_ancestor_bb(x,y),\n   parent(x,z).": {
         "0": {
          "maxRSS": {
           "post": 15788,
           "pre": 15788
          },
          "num-tuples": 0,
          "runtime": { "start": 4420902389, "end": 4420902390},
          "source-locator": "/root/compiler/measurements/m2-gate/ancestor_nonancestor/emit/transformed.dl [32:1-32:75]"
         }
        }
       },
       "runtime": { "start": 4420902379, "end": 4420902400}
      },
      "8": {
       "copytime": { "start": 4420903585, "end": 4420904110},
       "maxRSS": {
        "post": 15788,
        "pre": 15788
       },
       "num-tuples": 7500,
       "recursive-rule": {
        "sup_ancestor_bb_r1_1(x,y,z) :- \n   magic_ancestor_bb(x,y),\n   parent(x,z).": {
         "0": {
          "maxRSS": {
           "post": 15788,
           "pre": 15788
          },
          "num-tuples": 7500,
          "runtime": { "start": 4420902698, "end": 4420903540},
          "source-locator": "/root/compiler/measurements/m2-gate/ancestor_nonancestor/emit/transformed.dl [32:1-32:75]"
         }
        }
       },
       "runtime": { "start": 4420902689, "end": 4420903550}
      },
      "9": {
       "maxRSS": {
        "post": 15788,
        "pre": 15788
       },
       "num-tuples": 0,
       "recursive-rule": {
        "sup_ancestor_bb_r1_1(x,y,z) :- \n   magic_ancestor_bb(x,y),\n   parent(x,z).": {
         "0": {
          "maxRSS": {
           "post": 15788,
           "pre": 15788
          },
          "num-tuples": 0,
          "runtime": { "start": 4420904667, "end": 4420904668},
          "source-locator": "/root/compiler/measurements/m2-gate/ancestor_nonancestor/emit/transformed.dl [32:1-32:75]"
         }
        }
       },
       "runtime": { "start": 4420904658, "end": 4420904677}
      }
     },
     "num-tuples": 0,
     "reads": 74500,
     "source-locator": "/root/compiler/measurements/m2-gate/ancestor_nonancestor/emit/transformed.dl [19:7-19:27]"
    },
    "sup_ancestor_bb_r1_2": {
     "iteration": {
      "0": {
       "copytime": { "start": 4420907598, "end": 4420907629},
       "maxRSS": {
        "post": 15788,
        "pre": 15788
       },
       "num-tuples": 397,
       "recursive-rule": {
        "sup_ancestor_bb_r1_2(x,y) :- \n   sup_ancestor_bb_r1_1(x,y,z),\n   ancestor_bb(z,y).": {
         "0": {
          "atom-frequency": {
           "@new_sup_ancestor_bb_r1_2(x,y) :- \n   sup_ancestor_bb_r1_1(x,y,z),\n   @delta_ancestor_bb(z,y).": {
            "sup_ancestor_bb_r1_1": {
             "level": 0,
             "num-tuples": 0
            }
           }
          },
          "maxRSS": {
           "post": 15788,
           "pre": 15788
          },
          "num-tuples": 397,
          "runtime": { "start": 4420905615, "end": 4420907493},
          "source-locator": "/root/compiler/measurements/m2-gate/ancestor_nonancestor/emit/transformed.dl [33:1-33:80]"
         }
        }
       },
       "runtime": { "start": 4420905605, "end": 4420907504}
      },
      "1": {
       "copytime": { "start": 4420907766, "end": 4420907767},
       "maxRSS": {
        "post": 15788,
        "pre": 15788
       },
       "num-tuples": 0,
       "recursive-rule": {
        "sup_ancestor_bb_r1_2(x,y) :- \n   sup_ancestor_bb_r1_1(x,y,z),\n   ancestor_bb(z,y).": {
         "0": {
          "maxRSS": {
           "post": 15788,
           "pre": 15788
          },
          "num-tuples": 0,
          "runtime": { "start": 4420907710, "end": 4420907711},
          "source-locator": "/root/compiler/measurements/m2-gate/ancestor_nonancestor/emit/transformed.dl [33:1-33:80]"
         }
        }
       },
       "runtime": { "start": 4420907697, "end": 4420907719}
      },
      "10": {
       "copytime": { "start": 4420919284, "end": 4420919291},
       "maxRSS": {
        "post": 15788,
        "pre": 15788
       },
       "num-tuples": 51,
       "recursive-rule": {
        "sup_ancestor_bb_r1_2(x,y) :- \n   sup_ancestor_bb_r1_1(x,y,z),\n   ancestor_bb(z,y).": {
         "0": {
          "maxRSS": {
           "post": 15788,
           "pre": 15788
          },
          "num-tuples": 51,
          "runtime": { "start": 4420917503, "end": 4420919240},
          "source-locator": "/root/compiler/measurements/m2-gate/ancestor_nonancestor/emit/transformed.dl [33:1-33:80]"
         }
        }
       },
       "runtime": { "start": 4420917501, "end": 4420919250}
      },
      "11": {
       "copytime": { "start": 4420919348, "end": 4420919349},
       "maxRSS": {
        "post": 15788,
        "pre": 15788
       },
       "num-tuples": 0,
       "recursive-rule": {
        "sup_ancestor_bb_r1_2(x,y) :- \n   sup_ancestor_bb_r1_1(x,y,z),\n   ancestor_bb(z,y).": {
         "0": {
          "maxRSS": {
           "post": 15788,
           "pre": 15788
          },
          "num-tuples": 0,
          "runtime": { "start": 4420919314, "end": 4420919315},
          "source-locator": "/root/compiler/measurements/m2-gate/ancestor_nonancestor/emit/transformed.dl [33:1-33:80]"
         }
        }
       },
       "runtime": { "start": 4420919314, "end": 4420919321}
      },
      "12": {
       "copytime": { "start": 4420920973, "end": 4420920985},
       "maxRSS": {
        "post": 15788,
        "pre": 15788
       },
       "num-tuples": 10,
       "recursive-rule": {
        "sup_ancestor_bb_r1_2(x,y) :- \n   sup_ancestor_bb_r1_1(x,y,z),\n   ancestor_bb(z,y).": {
         "0": {
          "maxRSS": {
           "post": 15788,
           "pre": 15788
          },
          "num-tuples": 10,
          "runtime": { "start": 4420919364, "end": 4420920933},
          "source-locator": "/root/compiler/measurements/m2-gate/ancestor_nonancestor/emit/transformed.dl [33:1-33:80]"
         }
        }
       },
       "runtime": { "start": 4420919363, "end": 4420920942}
      },
      "13": {
       "copytime": { "start": 4420921029, "end": 4420921031},
       "maxRSS": {
        "post": 15788,
        "pre": 15788
       },
       "num-tuples": 0,
       "recursive-rule": {
        "sup_ancestor_bb_r1_2(x,y) :- \n   sup_ancestor_bb_r1_1(x,y,z),\n   ancestor_bb(z,y).": {
         "0": {
          "maxRSS": {
           "post": 15788,
           "pre": 15788
          },
          "num-tuples": 0,
          "runtime": { "start": 4420921006, "end": 4420921007},
          "source-locator": "/root/compiler/measurements/m2-gate/ancestor_nonancestor/emit/transformed.dl [33:1-33:80]"
         }
        }
       },
       "runtime": { "start": 4420921006, "end": 4420921013}
      },
      "14": {
       "maxRSS": {
        "post": 15788,
        "pre": 15788
       },
       "num-tuples": 0,
       "recursive-rule": {
        "sup_ancestor_bb_r1_2(x,y) :- \n   sup_ancestor_bb_r1_1(x,y,z),\n   ancestor_bb(z,y).": {
         "0": {
          "maxRSS": {
           "post": 15788,
           "pre": 15788
          },
          "num-tuples": 0,
          "runtime": { "start": 4420921053, "end": 4420922428},
          "source-locator": "/root/compiler/measurements/m2-gate/ancestor_nonancestor/emit/transformed.dl [33:1-33:80]"
         }
        }
       },
       "runtime": { "start": 4420921044, "end": 4420922447}
      },
      "2": {
       "copytime": { "start": 4420909969, "end": 4420910014},
       "maxRSS": {
        "post": 15788,
        "pre": 15788
       },
       "num-tuples": 661,
       "recursive-rule": {
        "sup_ancestor_bb_r1_2(x,y) :- \n   sup_ancestor_bb_r1_1(x,y,z),\n   ancestor_bb(z,y).": {
         "0": {
          "maxRSS": {
           "post": 15788,
           "pre": 15788
          },
          "num-tuples": 661,
          "runtime": { "start": 4420907782, "end": 4420909928},
          "source-locator": "/root/compiler/measurements/m2-gate/ancestor_nonancestor/emit/transformed.dl [33:1-33:80]"
         }
        }
       },
       "runtime": { "start": 4420907780, "end": 4420909938}
      },
      "3": {
       "copytime": { "start": 4420910187, "end": 4420910197},
       "maxRSS": {
        "post": 15788,
        "pre": 15788
       },
       "num-tuples": 0,
       "recursive-rule": {
        "sup_ancestor_bb_r1_2(x,y) :- \n   sup_ancestor_bb_r1_1(x,y,z),\n   ancestor_bb(z,y).": {
         "0": {
          "maxRSS": {
           "post": 15788,
           "pre": 15788
          },
          "num-tuples": 0,
          "runtime": { "start": 4420910104, "end": 4420910105},
          "source-locator": "/root/compiler/measurements/m2-gate/ancestor_nonancestor/emit/transformed.dl [33:1-33:80]"
         }
        }
       },
       "runtime": { "start": 4420910095, "end": 4420910113}
      },
      "4": {
       "copytime": { "start": 4420912469, "end": 4420912547},
       "maxRSS": {
        "post": 15788,
        "pre": 15788
       },
       "num-tuples": 618,
       "recursive-rule": {
        "sup_ancestor_bb_r1_2(x,y) :- \n   sup_ancestor_bb_r1_1(x,y,z),\n   ancestor_bb(z,y).": {
         "0": {
          "maxRSS": {
           "post": 15788,
           "pre": 15788
          },
          "num-tuples": 618,
          "runtime": { "start": 4420910214, "end": 4420912428},
          "source-locator": "/root/compiler/measurements/m2-gate/ancestor_nonancestor/emit/transformed.dl [33:1-33:80]"
         }
        }
       },
       "runtime": { "start": 4420910214, "end": 4420912439}
      },
      "5": {
       "copytime": { "start": 4420912791, "end": 4420912793},
       "maxRSS": {
        "post": 15788,
        "pre": 15788
       },
       "num-tuples": 0,
       "recursive-rule": {
        "sup_ancestor_bb_r1_2(x,y) :- \n   sup_ancestor_bb_r1_1(x,y,z),\n   ancestor_bb(z,y).": {
         "0": {
          "maxRSS": {
           "post": 15788,
           "pre": 15788
          },
          "num-tuples": 0,
          "runtime": { "start": 4420912689, "end": 4420912693},
          "source-locator": "/root/compiler/measurements/m2-gate/ancestor_nonancestor/emit/transformed.dl [33:1-33:80]"
         }
        }
       },
       "runtime": { "start": 4420912665, "end": 4420912707}
      },
      "6": {
       "copytime": { "start": 4420915091, "end": 4420915124},
       "maxRSS": {
        "post": 15788,
        "pre": 15788
       },
       "num-tuples": 363,
       "recursive-rule": {
        "sup_ancestor_bb_r1_2(x,y) :- \n   sup_ancestor_bb_r1_1(x,y,z),\n   ancestor_bb(z,y).": {
         "0": {
          "maxRSS": {
           "post": 15788,
           "pre": 15788
          },
          "num-tuples": 363,
          "runtime": { "start": 4420912811, "end": 4420915048},
          "source-locator": "/root/compiler/measurements/m2-gate/ancestor_nonancestor/emit/transformed.dl [33:1-33:80]"
         }
        }
       },
       "runtime": { "start": 4420912811, "end": 4420915058}
      },
      "7": {
       "copytime": { "start": 4420915251, "end": 4420915260},
       "maxRSS": {
        "post": 15788,
        "pre": 15788
       },
       "num-tuples": 0,
       "recursive-rule": {
        "sup_ancestor_bb_r1_2(x,y) :- \n   sup_ancestor_bb_r1_1(x,y,z),\n   ancestor_bb(z,y).": {
         "0": {
          "maxRSS": {
           "post": 15788,
           "pre": 15788
          },
          "num-tuples": 0,
          "runtime": { "start": 4420915184, "end": 4420915184},
          "source-locator": "/root/compiler/measurements/m2-gate/ancestor_nonancestor/emit/transformed.dl [33:1-33:80]"
         }
        }
       },
       "runtime": { "start": 4420915183, "end": 4420915190}
      },
      "8": {
       "copytime": { "start": 4420917390, "end": 4420917407},
       "maxRSS": {
        "post": 15788,
        "pre": 15788
       },
       "num-tuples": 150,
       "recursive-rule": {
        "sup_ancestor_bb_r1_2(x,y) :- \n   sup_ancestor_bb_r1_1(x,y,z),\n   ancestor_bb(z,y).": {
         "0": {
          "maxRSS": {
           "post": 15788,
           "pre": 15788
          },
          "num-tuples": 150,
          "runtime": { "start": 4420915279, "end": 4420917348},
          "source-locator": "/root/compiler/measurements/m2-gate/ancestor_nonancestor/emit/transformed.dl [33:1-33:80]"
         }
        }
       },
       "runtime": { "start": 4420915279, "end": 4420917358}
      },
      "9": {
       "copytime": { "start": 4420917486, "end": 4420917487},
       "maxRSS": {
        "post": 15788,
        "pre": 15788
       },
       "num-tuples": 0,
       "recursive-rule": {
        "sup_ancestor_bb_r1_2(x,y) :- \n   sup_ancestor_bb_r1_1(x,y,z),\n   ancestor_bb(z,y).": {
         "0": {
          "maxRSS": {
           "post": 15788,
           "pre": 15788
          },
          "num-tuples": 0,
          "runtime": { "start": 4420917443, "end": 4420917444},
          "source-locator": "/root/compiler/measurements/m2-gate/ancestor_nonancestor/emit/transformed.dl [33:1-33:80]"
         }
        }
       },
       "runtime": { "start": 4420917443, "end": 4420917449}
      }
     },
     "num-tuples": 0,
     "reads": 6453,
     "source-locator": "/root/compiler/measurements/m2-gate/ancestor_nonancestor/emit/transformed.dl [20:7-20:27]"
    },
    "sup_nonancestor_bf_r0_1": {
     "maxRSS": {
      "post": 12460,
      "pre": 12332
     },
     "non-recursive-rule": {
      "sup_nonancestor_bf_r0_1(x) :- \n   magic_nonancestor_bf(x),\n   person(x).": {
       "atom-frequency": {
        "sup_nonancestor_bf_r0_1(x) :- \n   magic_nonancestor_bf(x),\n   person(x).": {
         "magic_nonancestor_bf": {
          "level": 0,
          "num-tuples": 0
         }
        }
       },
       "maxRSS": {
        "post": 12460,
        "pre": 12332
       },
       "num-tuples": 1,
       "runtime": { "start": 4420881475, "end": 4420881480},
       "source-locator": "/root/compiler/measurements/m2-gate/ancestor_nonancestor/emit/transformed.dl [23:1-23:69]"
      }
     },
     "num-tuples": 1,
     "reads": 0,
     "runtime": { "start": 4420881472, "end": 4420881488},
     "source-locator": "/root/compiler/measurements/m2-gate/ancestor_nonancestor/emit/transformed.dl [10:7-10:30]"
    },
    "sup_nonancestor_bf_r0_2": {
     "maxRSS": {
      "post": 12460,
      "pre": 12460
     },
     "non-recursive-rule": {
      "sup_nonancestor_bf_r0_2(x,y) :- \n   sup_nonancestor_bf_r0_1(x),\n   person(y).": {
       "atom-frequency": {
        "sup_nonancestor_bf_r0_2(x,y) :- \n   sup_nonancestor_bf_r0_1(x),\n   person(y).": {
         "person": {
          "level": 1,
          "num-tuples": 0
         },
         "sup_nonancestor_bf_r0_1": {
          "level": 0,
          "num-tuples": 0
         }
        }
       },
       "maxRSS": {
        "post": 12460,
        "pre": 12460
       },
       "num-tuples": 500,
       "runtime": { "start": 4420881501, "end": 4420881521},
       "source-locator": "/root/compiler/measurements/m2-gate/ancestor_nonancestor/emit/transformed.dl [24:1-24:72]"
      }
     },
     "num-tuples": 500,
     "reads": 0,
     "runtime": { "start": 4420881492, "end": 4420881529},
     "source-locator": "/root/compiler/measurements/m2-gate/ancestor_nonancestor/emit/transformed.dl [11:7-11:30]"
    },
    "sup_nonancestor_bf_r0_3": {
     "maxRSS": {
      "post": 15788,
      "pre": 15788
     },
     "non-recursive-rule": {
      "sup_nonancestor_bf_r0_3(x,y) :- \n   sup_nonancestor_bf_r0_2(x,y),\n   !ancestor_bb(x,y).": {
       "atom-frequency": {
        "sup_nonancestor_bf_r0_3(x,y) :- \n   sup_nonancestor_bf_r0_2(x,y),\n   !ancestor_bb(x,y).": {
         "sup_nonancestor_bf_r0_2": {
          "level": 0,
          "num-tuples": 0
         }
        }
       },
       "maxRSS": {
        "post": 15788,
        "pre": 15788
       },
       "num-tuples": 450,
       "runtime": { "start": 4420922641, "end": 4420922693},
       "source-locator": "/root/compiler/measurements/m2-gate/ancestor_nonancestor/emit/transformed.dl [25:1-25:84]"
      }
     },
     "num-tuples": 450,
     "reads": 0,
     "runtime": { "start": 4420922629, "end": 4420922704},
     "source-locator": "/root/compiler/measurements/m2-gate/ancestor_nonancestor/emit/transformed.dl [12:7-12:30]"
    }
   },
   "runtime": { "start": 4420881086, "end": 4420922889},
   "starttime": { "time": 4420881055},
   "usage": {
    "timepoint": {
     "4420881167": {
      "maxRSS": 12176,
      "systemtime": 2768,
      "usertime": 2768
     },
     "4420881464": {
      "maxRSS": 12332,
      "systemtime": 2930,
      "usertime": 2930
     },
     "4420881477": {
      "maxRSS": 12332,
      "systemtime": 2975,
      "usertime": 2975
     },
     "4420881574": {
      "maxRSS": 12460,
      "systemtime": 3025,
      "usertime": 3025
     },
     "4420881605": {
      "maxRSS": 12460,
      "systemtime": 3047,
      "usertime": 3047
     },
     "4420881696": {
      "maxRSS": 12588,
      "systemtime": 3069,
      "usertime": 3069
     },
     "4420881926": {
      "maxRSS": 12588,
      "systemtime": 3206,
      "usertime": 3206
     },
     "4420882093": {
      "maxRSS": 12716,
      "systemtime": 3294,
      "usertime": 3294
     },
     "4420882346": {
      "maxRSS": 12716,
      "systemtime": 3439,
      "usertime": 3439
     },
     "4420882488": {
      "maxRSS": 12844,
      "systemtime": 3519,
      "usertime": 3519
     },
     "4420883654": {
      "maxRSS": 13100,
      "systemtime": 3527,
      "usertime": 3527
     },
     "4420883785": {
      "maxRSS": 13100,
      "systemtime": 4187,
      "usertime": 4187
     },
     "4420884682": {
      "maxRSS": 13356,
      "systemtime": 4187,
      "usertime": 5033
     },
     "4420885811": {
      "maxRSS": 13612,
      "systemtime": 4187,
      "usertime": 5050
     },
     "4420885954": {
      "maxRSS": 13612,
      "systemtime": 4187,
      "usertime": 6407
     },
     "4420886677": {
      "maxRSS": 13740,
      "systemtime": 4187,
      "usertime": 7071
     },
     "4420887764": {
      "maxRSS": 13740,
      "systemtime": 4187,
      "usertime": 7090
     },
     "4420888847": {
      "maxRSS": 13868,
      "systemtime": 4187,
      "usertime": 8541
     },
     "4420890015": {
      "maxRSS": 14124,
      "systemtime": 4187,
      "usertime": 8560
     },
     "4420890425": {
      "maxRSS": 14252,
      "systemtime": 4187,
      "usertime": 10984
     },
     "4420890451": {
      "maxRSS": 14252,
      "systemtime": 4187,
      "usertime": 11026
     },
     "4420891530": {
      "maxRSS": 14508,
      "systemtime": 4187,
      "usertime": 11039
     },
     "4420892433": {
      "maxRSS": 14892,
      "systemtime": 6191,
      "usertime": 11039
     },
     "4420893532": {
      "maxRSS": 14892,
      "systemtime": 6200,
      "usertime": 11039
     },
     "4420894609": {
      "maxRSS": 15020,
      "systemtime": 6211,
      "usertime": 11039
     },
     "4420894901": {
      "maxRSS": 15020,
      "systemtime": 7892,
      "usertime": 11838
     },
     "4420894927": {
      "maxRSS": 15020,
      "systemtime": 7907,
      "usertime": 11860
     },
     "4420894948": {
      "maxRSS": 15020,
      "systemtime": 7914,
      "usertime": 11872
     },
     "4420895447": {
      "maxRSS": 15148,
      "systemtime": 8116,
      "usertime": 12174
     },
     "4420895531": {
      "maxRSS": 15148,
      "systemtime": 8156,
      "usertime": 12234
     },
     "4420895555": {
      "maxRSS": 15148,
      "systemtime": 8167,
      "usertime": 12251
     },
     "4420896656": {
      "maxRSS": 15148,
      "systemtime": 8167,
      "usertime": 12713
     },
     "4420897758": {
      "maxRSS": 15148,
      "systemtime": 8167,
      "usertime": 12727
     },
     "4420898444": {
      "maxRSS": 15148,
      "systemtime": 8167,
      "usertime": 15171
     },
     "4420898449": {
      "maxRSS": 15148,
      "systemtime": 8167,
      "usertime": 15186
     },
     "4420898468": {
      "maxRSS": 15148,
      "systemtime": 8167,
      "usertime": 15198
     },
     "4420898499": {
      "maxRSS": 15148,
      "systemtime": 8167,
      "usertime": 15236
     },
     "4420899595": {
      "maxRSS": 15404,
      "systemtime": 8167,
      "usertime": 15245
     },
     "4420900359": {
      "maxRSS": 15660,
      "systemtime": 8167,
      "usertime": 17121
     },
     "4420901423": {
      "maxRSS": 15788,
      "systemtime": 8167,
      "usertime": 17128
     },
     "4420902430": {
      "maxRSS": 15788,
      "systemtime": 8167,
      "usertime": 19206
     },
     "4420902672": {
      "maxRSS": 15788,
      "systemtime": 8167,
      "usertime": 19475
     },
     "4420902705": {
      "maxRSS": 15788,
      "systemtime": 8167,
      "usertime": 19519
     },
     "4420903584": {
      "maxRSS": 15788,
      "systemtime": 8167,
      "usertime": 20414
     },
     "4420904172": {
      "maxRSS": 15788,
      "systemtime": 8167,
      "usertime": 20977
     },
     "4420904679": {
      "maxRSS": 15788,
      "systemtime": 8167,
      "usertime": 21552
     },
     "4420904686": {
      "maxRSS": 15788,
      "systemtime": 8167,
      "usertime": 21569
     },
     "4420904719": {
      "maxRSS": 15788,
      "systemtime": 8167,
      "usertime": 21602
     },
     "4420905594": {
      "maxRSS": 15788,
      "systemtime": 8167,
      "usertime": 22498
     },
     "4420905619": {
      "maxRSS": 15788,
      "systemtime": 8167,
      "usertime": 22529
     },
     "4420906683": {
      "maxRSS": 15788,
      "systemtime": 8167,
      "usertime": 22536
     },
     "4420907526": {
      "maxRSS": 15788,
      "systemtime": 8167,
      "usertime": 24480
     },
     "4420907590": {
      "maxRSS": 15788,
      "systemtime": 8182,
      "usertime": 24548
     },
     "4420907611": {
      "maxRSS": 15788,
      "systemtime": 8187,
      "usertime": 24562
     },
     "4420907648": {
      "maxRSS": 15788,
      "systemtime": 8200,
      "usertime": 24601
     },
     "4420907770": {
      "maxRSS": 15788,
      "systemtime": 8235,
      "usertime": 24705
     },
     "4420907786": {
      "maxRSS": 15788,
      "systemtime": 8240,
      "usertime": 24722
     },
     "4420908964": {
      "maxRSS": 15788,
      "systemtime": 8240,
      "usertime": 24958
     },
     "4420910065": {
      "maxRSS": 15788,
      "systemtime": 8240,
      "usertime": 26992
     },
     "4420910113": {
      "maxRSS": 15788,
      "systemtime": 8240,
      "usertime": 27103
     },
     "4420910121": {
      "maxRSS": 15788,
      "systemtime": 8240,
      "usertime": 27117
     },
     "4420910138": {
      "maxRSS": 15788,
      "systemtime": 8240,
      "usertime": 27136
     },
     "4420910250": {
      "maxRSS": 15788,
      "systemtime": 8240,
      "usertime": 27230
     },
     "4420911419": {
      "maxRSS": 15788,
      "systemtime": 8240,
      "usertime": 27250
     },
     "4420912461": {
      "maxRSS": 15788,
      "systemtime": 8240,
      "usertime": 29508
     },
     "4420912526": {
      "maxRSS": 15788,
      "systemtime": 8240,
      "usertime": 29532
     },
     "4420912587": {
      "maxRSS": 15788,
      "systemtime": 8240,
      "usertime": 29655
     },
     "4420912686": {
      "maxRSS": 15788,
      "systemtime": 8240,
      "usertime": 29758
     },
     "4420912693": {
      "maxRSS": 15788,
      "systemtime": 8240,
      "usertime": 29790
     },
     "4420912800": {
      "maxRSS": 15788,
      "systemtime": 8240,
      "usertime": 29910
     },
     "4420914072": {
      "maxRSS": 15788,
      "systemtime": 8240,
      "usertime": 29943
     },
     "4420915178": {
      "maxRSS": 15788,
      "systemtime": 8240,
      "usertime": 32324
     },
     "4420915213": {
      "maxRSS": 15788,
      "systemtime": 8240,
      "usertime": 32381
     },
     "4420915316": {
      "maxRSS": 15788,
      "systemtime": 8240,
      "usertime": 32457
     },
     "4420916477": {
      "maxRSS": 15788,
      "systemtime": 8240,
      "usertime": 33253
     },
     "4420917488": {
      "maxRSS": 15788,
      "systemtime": 8240,
      "usertime": 34699
     },
     "4420917505": {
      "maxRSS": 15788,
      "systemtime": 8240,
      "usertime": 34730
     },
     "4420918675": {
      "maxRSS": 15788,
      "systemtime": 8240,
      "usertime": 34739
     },
     "4420919365": {
      "maxRSS": 15788,
      "systemtime": 8240,
      "usertime": 36617
     },
     "4420920528": {
      "maxRSS": 15788,
      "systemtime": 8240,
      "usertime": 37273
     },
     "4420920966": {
      "maxRSS": 15788,
      "systemtime": 8240,
      "usertime": 38249
     },
     "4420921014": {
      "maxRSS": 15788,
      "systemtime": 8240,
      "usertime": 38313
     },
     "4420921034": {
      "maxRSS": 15788,
      "systemtime": 8240,
      "usertime": 38347
     },
     "4420921058": {
      "maxRSS": 15788,
      "systemtime": 8240,
      "usertime": 38375
     },
     "4420922134": {
      "maxRSS": 15788,
      "systemtime": 8240,
      "usertime": 38383
     },
     "4420922467": {
      "maxRSS": 15788,
      "systemtime": 8240,
      "usertime": 39802
     },
     "4420922699": {
      "maxRSS": 15788,
      "systemtime": 8240,
      "usertime": 40045
     },
     "4420922731": {
      "maxRSS": 15788,
      "systemtime": 8240,
      "usertime": 40089
     },
     "4420922848": {
      "maxRSS": 15916,
      "systemtime": 8240,
      "usertime": 40140
     }
    }
   }
  }
 }
}
