{
 "root": {
  "program": {
   "configuration": {
    "": "/root/compiler/tests/corpus/BENCHMARK_FAMILY/guarded/ancestor_nonancestor_guarded.dl",
    "fact-dir": "/root/compiler/fixtures/benchmark-family/ancestor_nonancestor/n1000",
    "include-dir": ".",
    "jobs": "1",
    "libraries": "functors",
    "library-dir": ".",
    "output-dir": "/root/compiler/measurements/night03-t5/n1000/v1_vs_v2/original",
    "profile": "prof.log",
    "relationCount": "6",
    "ruleCount": "10",
    "version": "2.5",
    "warn": "all",
    "wno": "none"
   },
   "relation": {
    "ancestor_bf": {
     "iteration": {
      "0": {
       "copytime": { "start": 1898182620, "end": 1898182647},
       "maxRSS": {
        "post": 12612,
        "pre": 12612
       },
       "num-tuples": 401,
       "recursive-rule": {
        "ancestor_bf(x,y) :- \n   m_ancestor(x),\n   parent(x,z),\n   ancestor_bf(z,y).": {
         "0": {
          "atom-frequency": {
           "@new_ancestor_bf(x,y) :- \n   m_ancestor(x),\n   parent(x,z),\n   @delta_ancestor_bf(z,y).": {
            "@delta_ancestor_bf": {
             "level": 2,
             "num-tuples": 0
            },
            "m_ancestor": {
             "level": 0,
             "num-tuples": 0
            },
            "parent": {
             "level": 1,
             "num-tuples": 0
            }
           }
          },
          "maxRSS": {
           "post": 12612,
           "pre": 12612
          },
          "num-tuples": 401,
          "runtime": { "start": 1898182519, "end": 1898182590},
          "source-locator": "/root/compiler/tests/corpus/BENCHMARK_FAMILY/guarded/ancestor_nonancestor_guarded.dl [28:1-28:66]"
         }
        }
       },
       "runtime": { "start": 1898182509, "end": 1898182599}
      },
      "1": {
       "copytime": { "start": 1898182836, "end": 1898182887},
       "maxRSS": {
        "post": 12612,
        "pre": 12612
       },
       "num-tuples": 659,
       "recursive-rule": {
        "ancestor_bf(x,y) :- \n   m_ancestor(x),\n   parent(x,z),\n   ancestor_bf(z,y).": {
         "0": {
          "maxRSS": {
           "post": 12612,
           "pre": 12612
          },
          "num-tuples": 659,
          "runtime": { "start": 1898182661, "end": 1898182806},
          "source-locator": "/root/compiler/tests/corpus/BENCHMARK_FAMILY/guarded/ancestor_nonancestor_guarded.dl [28:1-28:66]"
         }
        }
       },
       "runtime": { "start": 1898182651, "end": 1898182815}
      },
      "2": {
       "copytime": { "start": 1898183119, "end": 1898183171},
       "maxRSS": {
        "post": 12612,
        "pre": 12612
       },
       "num-tuples": 579,
       "recursive-rule": {
        "ancestor_bf(x,y) :- \n   m_ancestor(x),\n   parent(x,z),\n   ancestor_bf(z,y).": {
         "0": {
          "maxRSS": {
           "post": 12612,
           "pre": 12612
          },
          "num-tuples": 579,
          "runtime": { "start": 1898182900, "end": 1898183092},
          "source-locator": "/root/compiler/tests/corpus/BENCHMARK_FAMILY/guarded/ancestor_nonancestor_guarded.dl [28:1-28:66]"
         }
        }
       },
       "runtime": { "start": 1898182891, "end": 1898183100}
      },
      "3": {
       "copytime": { "start": 1898183369, "end": 1898183405},
       "maxRSS": {
        "post": 12612,
        "pre": 12612
       },
       "num-tuples": 303,
       "recursive-rule": {
        "ancestor_bf(x,y) :- \n   m_ancestor(x),\n   parent(x,z),\n   ancestor_bf(z,y).": {
         "0": {
          "maxRSS": {
           "post": 12612,
           "pre": 12612
          },
          "num-tuples": 303,
          "runtime": { "start": 1898183185, "end": 1898183339},
          "source-locator": "/root/compiler/tests/corpus/BENCHMARK_FAMILY/guarded/ancestor_nonancestor_guarded.dl [28:1-28:66]"
         }
        }
       },
       "runtime": { "start": 1898183175, "end": 1898183348}
      },
      "4": {
       "copytime": { "start": 1898183541, "end": 1898183552},
       "maxRSS": {
        "post": 12612,
        "pre": 12612
       },
       "num-tuples": 86,
       "recursive-rule": {
        "ancestor_bf(x,y) :- \n   m_ancestor(x),\n   parent(x,z),\n   ancestor_bf(z,y).": {
         "0": {
          "maxRSS": {
           "post": 12612,
           "pre": 12612
          },
          "num-tuples": 86,
          "runtime": { "start": 1898183418, "end": 1898183511},
          "source-locator": "/root/compiler/tests/corpus/BENCHMARK_FAMILY/guarded/ancestor_nonancestor_guarded.dl [28:1-28:66]"
         }
        }
       },
       "runtime": { "start": 1898183409, "end": 1898183520}
      },
      "5": {
       "copytime": { "start": 1898183636, "end": 1898183639},
       "maxRSS": {
        "post": 12612,
        "pre": 12612
       },
       "num-tuples": 20,
       "recursive-rule": {
        "ancestor_bf(x,y) :- \n   m_ancestor(x),\n   parent(x,z),\n   ancestor_bf(z,y).": {
         "0": {
          "maxRSS": {
           "post": 12612,
           "pre": 12612
          },
          "num-tuples": 20,
          "runtime": { "start": 1898183565, "end": 1898183606},
          "source-locator": "/root/compiler/tests/corpus/BENCHMARK_FAMILY/guarded/ancestor_nonancestor_guarded.dl [28:1-28:66]"
         }
        }
       },
       "runtime": { "start": 1898183556, "end": 1898183615}
      },
      "6": {
       "copytime": { "start": 1898183699, "end": 1898183700},
       "maxRSS": {
        "post": 12612,
        "pre": 12612
       },
       "num-tuples": 4,
       "recursive-rule": {
        "ancestor_bf(x,y) :- \n   m_ancestor(x),\n   parent(x,z),\n   ancestor_bf(z,y).": {
         "0": {
          "maxRSS": {
           "post": 12612,
           "pre": 12612
          },
          "num-tuples": 4,
          "runtime": { "start": 1898183652, "end": 1898183671},
          "source-locator": "/root/compiler/tests/corpus/BENCHMARK_FAMILY/guarded/ancestor_nonancestor_guarded.dl [28:1-28:66]"
         }
        }
       },
       "runtime": { "start": 1898183643, "end": 1898183679}
      },
      "7": {
       "copytime": { "start": 1898183753, "end": 1898183754},
       "maxRSS": {
        "post": 12612,
        "pre": 12612
       },
       "num-tuples": 1,
       "recursive-rule": {
        "ancestor_bf(x,y) :- \n   m_ancestor(x),\n   parent(x,z),\n   ancestor_bf(z,y).": {
         "0": {
          "maxRSS": {
           "post": 12612,
           "pre": 12612
          },
          "num-tuples": 1,
          "runtime": { "start": 1898183714, "end": 1898183724},
          "source-locator": "/root/compiler/tests/corpus/BENCHMARK_FAMILY/guarded/ancestor_nonancestor_guarded.dl [28:1-28:66]"
         }
        }
       },
       "runtime": { "start": 1898183704, "end": 1898183733}
      },
      "8": {
       "maxRSS": {
        "post": 12612,
        "pre": 12612
       },
       "num-tuples": 0,
       "recursive-rule": {
        "ancestor_bf(x,y) :- \n   m_ancestor(x),\n   parent(x,z),\n   ancestor_bf(z,y).": {
         "0": {
          "maxRSS": {
           "post": 12612,
           "pre": 12612
          },
          "num-tuples": 0,
          "runtime": { "start": 1898183758, "end": 1898183766},
          "source-locator": "/root/compiler/tests/corpus/BENCHMARK_FAMILY/guarded/ancestor_nonancestor_guarded.dl [28:1-28:66]"
         }
        }
       },
       "runtime": { "start": 1898183758, "end": 1898183773}
      }
     },
     "maxRSS": {
      "post": 12612,
      "pre": 12612
     },
     "non-recursive-rule": {
      "ancestor_bf(x,y) :- \n   m_ancestor(x),\n   parent(x,y).": {
       "atom-frequency": {
        "ancestor_bf(x,y) :- \n   m_ancestor(x),\n   parent(x,y).": {
         "m_ancestor": {
          "level": 0,
          "num-tuples": 0
         },
         "parent": {
          "level": 1,
          "num-tuples": 0
         }
        }
       },
       "maxRSS": {
        "post": 12612,
        "pre": 12612
       },
       "num-tuples": 149,
       "runtime": { "start": 1898182479, "end": 1898182492},
       "source-locator": "/root/compiler/tests/corpus/BENCHMARK_FAMILY/guarded/ancestor_nonancestor_guarded.dl [27:1-27:48]"
      }
     },
     "num-tuples": 149,
     "reads": 56357,
     "runtime": { "start": 1898182479, "end": 1898182498},
     "source-locator": "/root/compiler/tests/corpus/BENCHMARK_FAMILY/guarded/ancestor_nonancestor_guarded.dl [26:7-26:18]"
    },
    "m_ancestor": {
     "iteration": {
      "0": {
       "copytime": { "start": 1898182375, "end": 1898182376},
       "maxRSS": {
        "post": 12612,
        "pre": 12356
       },
       "num-tuples": 5,
       "recursive-rule": {
        "m_ancestor(z) :- \n   m_ancestor(x),\n   parent(x,z).": {
         "0": {
          "atom-frequency": {
           "@new_m_ancestor(z) :- \n   @delta_m_ancestor(x),\n   parent(x,z).": {
            "@delta_m_ancestor": {
             "level": 0,
             "num-tuples": 0
            },
            "parent": {
             "level": 1,
             "num-tuples": 0
            }
           }
          },
          "maxRSS": {
           "post": 12612,
           "pre": 12356
          },
          "num-tuples": 5,
          "runtime": { "start": 1898182346, "end": 1898182356},
          "source-locator": "/root/compiler/tests/corpus/BENCHMARK_FAMILY/guarded/ancestor_nonancestor_guarded.dl [24:1-24:45]"
         }
        }
       },
       "runtime": { "start": 1898182336, "end": 1898182366}
      },
      "1": {
       "copytime": { "start": 1898182408, "end": 1898182409},
       "maxRSS": {
        "post": 12612,
        "pre": 12612
       },
       "num-tuples": 19,
       "recursive-rule": {
        "m_ancestor(z) :- \n   m_ancestor(x),\n   parent(x,z).": {
         "0": {
          "maxRSS": {
           "post": 12612,
           "pre": 12612
          },
          "num-tuples": 19,
          "runtime": { "start": 1898182380, "end": 1898182384},
          "source-locator": "/root/compiler/tests/corpus/BENCHMARK_FAMILY/guarded/ancestor_nonancestor_guarded.dl [24:1-24:45]"
         }
        }
       },
       "runtime": { "start": 1898182380, "end": 1898182390}
      },
      "2": {
       "copytime": { "start": 1898182436, "end": 1898182438},
       "maxRSS": {
        "post": 12612,
        "pre": 12612
       },
       "num-tuples": 20,
       "recursive-rule": {
        "m_ancestor(z) :- \n   m_ancestor(x),\n   parent(x,z).": {
         "0": {
          "maxRSS": {
           "post": 12612,
           "pre": 12612
          },
          "num-tuples": 20,
          "runtime": { "start": 1898182413, "end": 1898182422},
          "source-locator": "/root/compiler/tests/corpus/BENCHMARK_FAMILY/guarded/ancestor_nonancestor_guarded.dl [24:1-24:45]"
         }
        }
       },
       "runtime": { "start": 1898182413, "end": 1898182429}
      },
      "3": {
       "copytime": { "start": 1898182460, "end": 1898182461},
       "maxRSS": {
        "post": 12612,
        "pre": 12612
       },
       "num-tuples": 5,
       "recursive-rule": {
        "m_ancestor(z) :- \n   m_ancestor(x),\n   parent(x,z).": {
         "0": {
          "maxRSS": {
           "post": 12612,
           "pre": 12612
          },
          "num-tuples": 5,
          "runtime": { "start": 1898182441, "end": 1898182449},
          "source-locator": "/root/compiler/tests/corpus/BENCHMARK_FAMILY/guarded/ancestor_nonancestor_guarded.dl [24:1-24:45]"
         }
        }
       },
       "runtime": { "start": 1898182441, "end": 1898182454}
      },
      "4": {
       "maxRSS": {
        "post": 12612,
        "pre": 12612
       },
       "num-tuples": 0,
       "recursive-rule": {
        "m_ancestor(z) :- \n   m_ancestor(x),\n   parent(x,z).": {
         "0": {
          "maxRSS": {
           "post": 12612,
           "pre": 12612
          },
          "num-tuples": 0,
          "runtime": { "start": 1898182463, "end": 1898182465},
          "source-locator": "/root/compiler/tests/corpus/BENCHMARK_FAMILY/guarded/ancestor_nonancestor_guarded.dl [24:1-24:45]"
         }
        }
       },
       "runtime": { "start": 1898182463, "end": 1898182470}
      }
     },
     "maxRSS": {
      "post": 12356,
      "pre": 12356
     },
     "non-recursive-rule": {
      "m_ancestor(1).": {
       "maxRSS": {
        "post": 12356,
        "pre": 12356
       },
       "num-tuples": 1,
       "runtime": { "start": 1898182318, "end": 1898182322},
       "source-locator": "/root/compiler/tests/corpus/BENCHMARK_FAMILY/guarded/ancestor_nonancestor_guarded.dl [23:1-23:15]"
      }
     },
     "num-tuples": 1,
     "reads": 149,
     "runtime": { "start": 1898182308, "end": 1898182330},
     "source-locator": "/root/compiler/tests/corpus/BENCHMARK_FAMILY/guarded/ancestor_nonancestor_guarded.dl [22:7-22:17]"
    },
    "nonancestor_bf": {
     "maxRSS": {
      "post": 13508,
      "pre": 12612
     },
     "non-recursive-rule": {
      "nonancestor_bf(x,y) :- \n   m_ancestor(x),\n   person(x),\n   person(y),\n   !ancestor_bf(x,y).": {
       "atom-frequency": {
        "nonancestor_bf(x,y) :- \n   m_ancestor(x),\n   person(x),\n   person(y),\n   !ancestor_bf(x,y).": {
         "m_ancestor": {
          "level": 0,
          "num-tuples": 0
         },
         "person": {
          "level": 2,
          "num-tuples": 0
         }
        }
       },
       "maxRSS": {
        "post": 13508,
        "pre": 12612
       },
       "num-tuples": 47798,
       "runtime": { "start": 1898183810, "end": 1898188104},
       "source-locator": "/root/compiler/tests/corpus/BENCHMARK_FAMILY/guarded/ancestor_nonancestor_guarded.dl [31:1-31:79]"
      }
     },
     "num-tuples": 47798,
     "reads": 0,
     "runtime": { "start": 1898183800, "end": 1898188132},
     "source-locator": "/root/compiler/tests/corpus/BENCHMARK_FAMILY/guarded/ancestor_nonancestor_guarded.dl [30:7-30:21]"
    },
    "parent": {
     "loadtime": { "start": 1898181615, "end": 1898182142},
     "num-tuples": 2000,
     "reads": 0,
     "source-locator": "/root/compiler/tests/corpus/BENCHMARK_FAMILY/guarded/ancestor_nonancestor_guarded.dl [17:7-17:13]"
    },
    "person": {
     "loadtime": { "start": 1898182152, "end": 1898182301},
     "num-tuples": 1000,
     "reads": 50,
     "source-locator": "/root/compiler/tests/corpus/BENCHMARK_FAMILY/guarded/ancestor_nonancestor_guarded.dl [19:7-19:13]"
    },
    "q_nonancestor": {
     "maxRSS": {
      "post": 13508,
      "pre": 13508
     },
     "non-recursive-rule": {
      "q_nonancestor(y) :- \n   nonancestor_bf(1,y).": {
       "atom-frequency": {
        "q_nonancestor(y) :- \n   nonancestor_bf(1,y).": {
         "nonancestor_bf": {
          "level": 0,
          "num-tuples": 0
         }
        }
       },
       "maxRSS": {
        "post": 13508,
        "pre": 13508
       },
       "num-tuples": 950,
       "runtime": { "start": 1898188162, "end": 1898188194},
       "source-locator": "/root/compiler/tests/corpus/BENCHMARK_FAMILY/guarded/ancestor_nonancestor_guarded.dl [35:1-35:41]"
      }
     },
     "num-tuples": 950,
     "reads": 0,
     "runtime": { "start": 1898188147, "end": 1898188203},
     "savetime": { "start": 1898188207, "end": 1898189301},
     "source-locator": "/root/compiler/tests/corpus/BENCHMARK_FAMILY/guarded/ancestor_nonancestor_guarded.dl [33:7-33:20]"
    }
   },
   "runtime": { "start": 1898181610, "end": 1898189582},
   "starttime": { "time": 1898181578},
   "usage": {
    "timepoint": {
     "1898181602": {
      "maxRSS": 11580,
      "systemtime": 2905,
      "usertime": 0
     },
     "1898182175": {
      "maxRSS": 12228,
      "systemtime": 5056,
      "usertime": 0
     },
     "1898182324": {
      "maxRSS": 12356,
      "systemtime": 5237,
      "usertime": 0
     },
     "1898182377": {
      "maxRSS": 12612,
      "systemtime": 5306,
      "usertime": 0
     },
     "1898182460": {
      "maxRSS": 12612,
      "systemtime": 5411,
      "usertime": 0
     },
     "1898182480": {
      "maxRSS": 12612,
      "systemtime": 5443,
      "usertime": 0
     },
     "1898182532": {
      "maxRSS": 12612,
      "systemtime": 5495,
      "usertime": 0
     },
     "1898182622": {
      "maxRSS": 12612,
      "systemtime": 5614,
      "usertime": 0
     },
     "1898182670": {
      "maxRSS": 12612,
      "systemtime": 5667,
      "usertime": 0
     },
     "1898182840": {
      "maxRSS": 12612,
      "systemtime": 5855,
      "usertime": 0
     },
     "1898182906": {
      "maxRSS": 12612,
      "systemtime": 5930,
      "usertime": 0
     },
     "1898183121": {
      "maxRSS": 12612,
      "systemtime": 6160,
      "usertime": 0
     },
     "1898183189": {
      "maxRSS": 12612,
      "systemtime": 6232,
      "usertime": 0
     },
     "1898183368": {
      "maxRSS": 12612,
      "systemtime": 6416,
      "usertime": 0
     },
     "1898183422": {
      "maxRSS": 12612,
      "systemtime": 6480,
      "usertime": 0
     },
     "1898183540": {
      "maxRSS": 12612,
      "systemtime": 6602,
      "usertime": 0
     },
     "1898183569": {
      "maxRSS": 12612,
      "systemtime": 6638,
      "usertime": 0
     },
     "1898183634": {
      "maxRSS": 12612,
      "systemtime": 6707,
      "usertime": 0
     },
     "1898183656": {
      "maxRSS": 12612,
      "systemtime": 6736,
      "usertime": 0
     },
     "1898183697": {
      "maxRSS": 12612,
      "systemtime": 6781,
      "usertime": 0
     },
     "1898183763": {
      "maxRSS": 12612,
      "systemtime": 6865,
      "usertime": 0
     },
     "1898183789": {
      "maxRSS": 12612,
      "systemtime": 6902,
      "usertime": 0
     },
     "1898183850": {
      "maxRSS": 12612,
      "systemtime": 6941,
      "usertime": 0
     },
     "1898184939": {
      "maxRSS": 12740,
      "systemtime": 6941,
      "usertime": 212
     },
     "1898186005": {
      "maxRSS": 12996,
      "systemtime": 6941,
      "usertime": 220
     },
     "1898187114": {
      "maxRSS": 13252,
      "systemtime": 6941,
      "usertime": 247
     },
     "1898188171": {
      "maxRSS": 13508,
      "systemtime": 6941,
      "usertime": 4446
     },
     "1898188222": {
      "maxRSS": 13508,
      "systemtime": 6941,
      "usertime": 4503
     },
     "1898189311": {
      "maxRSS": 13508,
      "systemtime": 6941,
      "usertime": 5610
     }
    }
   }
  }
 }
}
