{
 "root": {
  "program": {
   "configuration": {
    "": "/root/compiler/measurements/m3-5-headline/family/same_generation_negation/d4_b4/emit_guarded/transformed.dl",
    "fact-dir": "/root/compiler/fixtures/benchmark-family/same_generation_negation/d4_b4",
    "include-dir": ".",
    "jobs": "1",
    "libraries": "functors",
    "library-dir": ".",
    "output-dir": "/root/compiler/measurements/m3-5-headline/family/same_generation_negation/d4_b4/dlc",
    "profile": "prof.log",
    "relationCount": "15",
    "ruleCount": "27",
    "version": "2.5",
    "warn": "all",
    "wno": "none"
   },
   "relation": {
    "magic_notsg_bf": {
     "maxRSS": {
      "post": 12060,
      "pre": 11804
     },
     "non-recursive-rule": {
      "magic_notsg_bf(0).": {
       "maxRSS": {
        "post": 12060,
        "pre": 11804
       },
       "num-tuples": 1,
       "runtime": { "start": 29053195890, "end": 29053195899},
       "source-locator": "/root/compiler/measurements/m3-5-headline/family/same_generation_negation/d4_b4/emit_guarded/transformed.dl [40:1-40:19]"
      }
     },
     "num-tuples": 1,
     "reads": 0,
     "runtime": { "start": 29053195889, "end": 29053195913},
     "source-locator": "/root/compiler/measurements/m3-5-headline/family/same_generation_negation/d4_b4/emit_guarded/transformed.dl [23:7-23:21]"
    },
    "magic_sg_bb": {
     "iteration": {
      "0": {
       "maxRSS": {
        "post": 12460,
        "pre": 12460
       },
       "num-tuples": 0,
       "recursive-rule": {
        "magic_sg_bb(xp,yp) :- \n   sup_sg_bb_r1_2(_,_,xp,yp).": {
         "0": {
          "atom-frequency": {
           "@new_magic_sg_bb(xp,yp) :- \n   @delta_sup_sg_bb_r1_2(_,_,xp,yp).": {
            "@delta_sup_sg_bb_r1_2": {
             "level": 0,
             "num-tuples": 0
            }
           }
          },
          "maxRSS": {
           "post": 12460,
           "pre": 12460
          },
          "num-tuples": 0,
          "runtime": { "start": 29053196296, "end": 29053196297},
          "source-locator": "/root/compiler/measurements/m3-5-headline/family/same_generation_negation/d4_b4/emit_guarded/transformed.dl [38:1-38:53]"
         }
        }
       },
       "runtime": { "start": 29053196285, "end": 29053196309}
      }
     },
     "maxRSS": {
      "post": 12460,
      "pre": 12460
     },
     "non-recursive-rule": {
      "magic_sg_bb(x,y) :- \n   sup_notsg_bf_r0_2(x,y).": {
       "atom-frequency": {
        "magic_sg_bb(x,y) :- \n   sup_notsg_bf_r0_2(x,y).": {
         "sup_notsg_bf_r0_2": {
          "level": 0,
          "num-tuples": 0
         }
        }
       },
       "maxRSS": {
        "post": 12460,
        "pre": 12460
       },
       "num-tuples": 226,
       "runtime": { "start": 29053196246, "end": 29053196256},
       "source-locator": "/root/compiler/measurements/m3-5-headline/family/same_generation_negation/d4_b4/emit_guarded/transformed.dl [28:1-28:46]"
      }
     },
     "num-tuples": 226,
     "reads": 0,
     "runtime": { "start": 29053196235, "end": 29053196265},
     "source-locator": "/root/compiler/measurements/m3-5-headline/family/same_generation_negation/d4_b4/emit_guarded/transformed.dl [13:7-13:18]"
    },
    "parent": {
     "loadtime": { "start": 29053195918, "end": 29053196080},
     "num-tuples": 225,
     "reads": 0,
     "source-locator": "/root/compiler/measurements/m3-5-headline/family/same_generation_negation/d4_b4/emit_guarded/transformed.dl [1:7-1:13]"
    },
    "person": {
     "loadtime": { "start": 29053196089, "end": 29053196137},
     "num-tuples": 226,
     "reads": 2,
     "source-locator": "/root/compiler/measurements/m3-5-headline/family/same_generation_negation/d4_b4/emit_guarded/transformed.dl [3:7-3:13]"
    },
    "q_notsg": {
     "maxRSS": {
      "post": 12588,
      "pre": 12588
     },
     "non-recursive-rule": {
      "q_notsg(y) :- \n   sup_notsg_bf_r0_3(0,y).": {
       "atom-frequency": {
        "q_notsg(y) :- \n   sup_notsg_bf_r0_3(0,y).": {
         "sup_notsg_bf_r0_3": {
          "level": 0,
          "num-tuples": 0
         }
        }
       },
       "maxRSS": {
        "post": 12588,
        "pre": 12588
       },
       "num-tuples": 225,
       "runtime": { "start": 29053196577, "end": 29053196585},
       "source-locator": "/root/compiler/measurements/m3-5-headline/family/same_generation_negation/d4_b4/emit_guarded/transformed.dl [41:1-41:30]"
      }
     },
     "num-tuples": 225,
     "reads": 0,
     "runtime": { "start": 29053196567, "end": 29053196593},
     "savetime": { "start": 29053196597, "end": 29053196709},
     "source-locator": "/root/compiler/measurements/m3-5-headline/family/same_generation_negation/d4_b4/emit_guarded/transformed.dl [7:7-7:14]"
    },
    "sg_bb": {
     "iteration": {
      "0": {
       "maxRSS": {
        "post": 12588,
        "pre": 12588
       },
       "num-tuples": 0,
       "recursive-rule": {
        "sg_bb(x,y) :- \n   sup_sg_bb_r1_4(x,y).": {
         "0": {
          "atom-frequency": {
           "@new_sg_bb(x,y) :- \n   @delta_sup_sg_bb_r1_4(x,y).": {
            "@delta_sup_sg_bb_r1_4": {
             "level": 0,
             "num-tuples": 0
            }
           }
          },
          "maxRSS": {
           "post": 12588,
           "pre": 12588
          },
          "num-tuples": 0,
          "runtime": { "start": 29053196439, "end": 29053196440},
          "source-locator": "/root/compiler/measurements/m3-5-headline/family/same_generation_negation/d4_b4/emit_guarded/transformed.dl [39:1-39:37]"
         }
        }
       },
       "runtime": { "start": 29053196430, "end": 29053196452}
      }
     },
     "maxRSS": {
      "post": 12588,
      "pre": 12588
     },
     "non-recursive-rule": {
      "sg_bb(x,x) :- \n   sup_sg_bb_r0_1(x).": {
       "atom-frequency": {
        "sg_bb(x,x) :- \n   sup_sg_bb_r0_1(x).": {
         "sup_sg_bb_r0_1": {
          "level": 0,
          "num-tuples": 0
         }
        }
       },
       "maxRSS": {
        "post": 12588,
        "pre": 12588
       },
       "num-tuples": 1,
       "runtime": { "start": 29053196414, "end": 29053196415},
       "source-locator": "/root/compiler/measurements/m3-5-headline/family/same_generation_negation/d4_b4/emit_guarded/transformed.dl [32:1-32:34]"
      }
     },
     "num-tuples": 1,
     "reads": 226,
     "runtime": { "start": 29053196414, "end": 29053196421},
     "source-locator": "/root/compiler/measurements/m3-5-headline/family/same_generation_negation/d4_b4/emit_guarded/transformed.dl [17:7-17:12]"
    },
    "sup_notsg_bf_r0_1": {
     "maxRSS": {
      "post": 12460,
      "pre": 12460
     },
     "non-recursive-rule": {
      "sup_notsg_bf_r0_1(x) :- \n   magic_notsg_bf(x),\n   person(x).": {
       "atom-frequency": {
        "sup_notsg_bf_r0_1(x) :- \n   magic_notsg_bf(x),\n   person(x).": {
         "magic_notsg_bf": {
          "level": 0,
          "num-tuples": 0
         }
        }
       },
       "maxRSS": {
        "post": 12460,
        "pre": 12460
       },
       "num-tuples": 1,
       "runtime": { "start": 29053196144, "end": 29053196150},
       "source-locator": "/root/compiler/measurements/m3-5-headline/family/same_generation_negation/d4_b4/emit_guarded/transformed.dl [25:1-25:57]"
      }
     },
     "num-tuples": 1,
     "reads": 0,
     "runtime": { "start": 29053196144, "end": 29053196194},
     "source-locator": "/root/compiler/measurements/m3-5-headline/family/same_generation_negation/d4_b4/emit_guarded/transformed.dl [10:7-10:24]"
    },
    "sup_notsg_bf_r0_2": {
     "maxRSS": {
      "post": 12460,
      "pre": 12460
     },
     "non-recursive-rule": {
      "sup_notsg_bf_r0_2(x,y) :- \n   sup_notsg_bf_r0_1(x),\n   person(y).": {
       "atom-frequency": {
        "sup_notsg_bf_r0_2(x,y) :- \n   sup_notsg_bf_r0_1(x),\n   person(y).": {
         "person": {
          "level": 1,
          "num-tuples": 0
         },
         "sup_notsg_bf_r0_1": {
          "level": 0,
          "num-tuples": 0
         }
        }
       },
       "maxRSS": {
        "post": 12460,
        "pre": 12460
       },
       "num-tuples": 226,
       "runtime": { "start": 29053196211, "end": 29053196222},
       "source-locator": "/root/compiler/measurements/m3-5-headline/family/same_generation_negation/d4_b4/emit_guarded/transformed.dl [26:1-26:60]"
      }
     },
     "num-tuples": 226,
     "reads": 0,
     "runtime": { "start": 29053196202, "end": 29053196231},
     "source-locator": "/root/compiler/measurements/m3-5-headline/family/same_generation_negation/d4_b4/emit_guarded/transformed.dl [11:7-11:24]"
    },
    "sup_notsg_bf_r0_3": {
     "maxRSS": {
      "post": 12588,
      "pre": 12588
     },
     "non-recursive-rule": {
      "sup_notsg_bf_r0_3(x,y) :- \n   sup_notsg_bf_r0_2(x,y),\n   !sg_bb(x,y).": {
       "atom-frequency": {
        "sup_notsg_bf_r0_3(x,y) :- \n   sup_notsg_bf_r0_2(x,y),\n   !sg_bb(x,y).": {
         "sup_notsg_bf_r0_2": {
          "level": 0,
          "num-tuples": 0
         }
        }
       },
       "maxRSS": {
        "post": 12588,
        "pre": 12588
       },
       "num-tuples": 225,
       "runtime": { "start": 29053196538, "end": 29053196554},
       "source-locator": "/root/compiler/measurements/m3-5-headline/family/same_generation_negation/d4_b4/emit_guarded/transformed.dl [27:1-27:66]"
      }
     },
     "num-tuples": 225,
     "reads": 0,
     "runtime": { "start": 29053196538, "end": 29053196562},
     "source-locator": "/root/compiler/measurements/m3-5-headline/family/same_generation_negation/d4_b4/emit_guarded/transformed.dl [12:7-12:24]"
    },
    "sup_sg_bb_r0_0": {
     "maxRSS": {
      "post": 12588,
      "pre": 12588
     },
     "non-recursive-rule": {
      "sup_sg_bb_r0_0(x) :- \n   magic_sg_bb(x,x).": {
       "atom-frequency": {
        "sup_sg_bb_r0_0(x) :- \n   magic_sg_bb(x,x).": {
         "magic_sg_bb": {
          "level": 0,
          "num-tuples": 0
         }
        }
       },
       "maxRSS": {
        "post": 12588,
        "pre": 12588
       },
       "num-tuples": 1,
       "runtime": { "start": 29053196373, "end": 29053196378},
       "source-locator": "/root/compiler/measurements/m3-5-headline/family/same_generation_negation/d4_b4/emit_guarded/transformed.dl [30:1-30:40]"
      }
     },
     "num-tuples": 1,
     "reads": 0,
     "runtime": { "start": 29053196373, "end": 29053196385},
     "source-locator": "/root/compiler/measurements/m3-5-headline/family/same_generation_negation/d4_b4/emit_guarded/transformed.dl [15:7-15:21]"
    },
    "sup_sg_bb_r0_1": {
     "maxRSS": {
      "post": 12588,
      "pre": 12588
     },
     "non-recursive-rule": {
      "sup_sg_bb_r0_1(x) :- \n   sup_sg_bb_r0_0(x),\n   person(x).": {
       "atom-frequency": {
        "sup_sg_bb_r0_1(x) :- \n   sup_sg_bb_r0_0(x),\n   person(x).": {
         "sup_sg_bb_r0_0": {
          "level": 0,
          "num-tuples": 0
         }
        }
       },
       "maxRSS": {
        "post": 12588,
        "pre": 12588
       },
       "num-tuples": 1,
       "runtime": { "start": 29053196398, "end": 29053196400},
       "source-locator": "/root/compiler/measurements/m3-5-headline/family/same_generation_negation/d4_b4/emit_guarded/transformed.dl [31:1-31:51]"
      }
     },
     "num-tuples": 1,
     "reads": 0,
     "runtime": { "start": 29053196389, "end": 29053196408},
     "source-locator": "/root/compiler/measurements/m3-5-headline/family/same_generation_negation/d4_b4/emit_guarded/transformed.dl [16:7-16:21]"
    },
    "sup_sg_bb_r1_1": {
     "iteration": {
      "0": {
       "maxRSS": {
        "post": 12588,
        "pre": 12460
       },
       "num-tuples": 0,
       "recursive-rule": {
        "sup_sg_bb_r1_1(x,y,xp) :- \n   magic_sg_bb(x,y),\n   parent(x,xp).": {
         "0": {
          "atom-frequency": {
           "@new_sup_sg_bb_r1_1(x,y,xp) :- \n   @delta_magic_sg_bb(x,y),\n   parent(x,xp).": {
            "@delta_magic_sg_bb": {
             "level": 0,
             "num-tuples": 0
            },
            "parent": {
             "level": 1,
             "num-tuples": 0
            }
           }
          },
          "maxRSS": {
           "post": 12588,
           "pre": 12460
          },
          "num-tuples": 0,
          "runtime": { "start": 29053196315, "end": 29053196327},
          "source-locator": "/root/compiler/measurements/m3-5-headline/family/same_generation_negation/d4_b4/emit_guarded/transformed.dl [34:1-34:65]"
         }
        }
       },
       "runtime": { "start": 29053196314, "end": 29053196333}
      }
     },
     "num-tuples": 0,
     "reads": 0,
     "source-locator": "/root/compiler/measurements/m3-5-headline/family/same_generation_negation/d4_b4/emit_guarded/transformed.dl [19:7-19:21]"
    },
    "sup_sg_bb_r1_2": {
     "iteration": {
      "0": {
       "maxRSS": {
        "post": 12588,
        "pre": 12588
       },
       "num-tuples": 0,
       "recursive-rule": {
        "sup_sg_bb_r1_2(x,y,xp,yp) :- \n   sup_sg_bb_r1_1(x,y,xp),\n   parent(y,yp).": {
         "0": {
          "atom-frequency": {
           "@new_sup_sg_bb_r1_2(x,y,xp,yp) :- \n   @delta_sup_sg_bb_r1_1(x,y,xp),\n   parent(y,yp).": {
            "@delta_sup_sg_bb_r1_1": {
             "level": 0,
             "num-tuples": 0
            },
            "parent": {
             "level": 1,
             "num-tuples": 0
            }
           }
          },
          "maxRSS": {
           "post": 12588,
           "pre": 12588
          },
          "num-tuples": 0,
          "runtime": { "start": 29053196346, "end": 29053196346},
          "source-locator": "/root/compiler/measurements/m3-5-headline/family/same_generation_negation/d4_b4/emit_guarded/transformed.dl [35:1-35:73]"
         }
        }
       },
       "runtime": { "start": 29053196337, "end": 29053196355}
      }
     },
     "num-tuples": 0,
     "reads": 0,
     "source-locator": "/root/compiler/measurements/m3-5-headline/family/same_generation_negation/d4_b4/emit_guarded/transformed.dl [20:7-20:21]"
    },
    "sup_sg_bb_r1_3": {
     "iteration": {
      "0": {
       "maxRSS": {
        "post": 12588,
        "pre": 12588
       },
       "num-tuples": 0,
       "recursive-rule": {
        "sup_sg_bb_r1_3(x,y) :- \n   sup_sg_bb_r1_2(x,y,xp,yp),\n   sg_bb(xp,yp).": {
         "0": {
          "atom-frequency": {
           "@new_sup_sg_bb_r1_3(x,y) :- \n   sup_sg_bb_r1_2(x,y,xp,yp),\n   @delta_sg_bb(xp,yp).": {
            "sup_sg_bb_r1_2": {
             "level": 0,
             "num-tuples": 0
            }
           }
          },
          "maxRSS": {
           "post": 12588,
           "pre": 12588
          },
          "num-tuples": 0,
          "runtime": { "start": 29053196466, "end": 29053196467},
          "source-locator": "/root/compiler/measurements/m3-5-headline/family/same_generation_negation/d4_b4/emit_guarded/transformed.dl [36:1-36:69]"
         }
        }
       },
       "runtime": { "start": 29053196457, "end": 29053196475}
      }
     },
     "num-tuples": 0,
     "reads": 0,
     "source-locator": "/root/compiler/measurements/m3-5-headline/family/same_generation_negation/d4_b4/emit_guarded/transformed.dl [21:7-21:21]"
    },
    "sup_sg_bb_r1_4": {
     "iteration": {
      "0": {
       "maxRSS": {
        "post": 12588,
        "pre": 12588
       },
       "num-tuples": 0,
       "recursive-rule": {
        "sup_sg_bb_r1_4(x,y) :- \n   sup_sg_bb_r1_3(x,y),\n   x != y.": {
         "0": {
          "atom-frequency": {
           "@new_sup_sg_bb_r1_4(x,y) :- \n   @delta_sup_sg_bb_r1_3(x,y),\n   x != y.": {
            "@delta_sup_sg_bb_r1_3": {
             "level": 0,
             "num-tuples": 0
            }
           }
          },
          "maxRSS": {
           "post": 12588,
           "pre": 12588
          },
          "num-tuples": 0,
          "runtime": { "start": 29053196489, "end": 29053196489},
          "source-locator": "/root/compiler/measurements/m3-5-headline/family/same_generation_negation/d4_b4/emit_guarded/transformed.dl [37:1-37:54]"
         }
        }
       },
       "runtime": { "start": 29053196480, "end": 29053196498}
      }
     },
     "num-tuples": 0,
     "reads": 0,
     "source-locator": "/root/compiler/measurements/m3-5-headline/family/same_generation_negation/d4_b4/emit_guarded/transformed.dl [22:7-22:21]"
    }
   },
   "runtime": { "start": 29053195883, "end": 29053196716},
   "starttime": { "time": 29053195841},
   "usage": {
    "timepoint": {
     "29053195950": {
      "maxRSS": 12188,
      "systemtime": 0,
      "usertime": 6102
     },
     "29053196150": {
      "maxRSS": 12460,
      "systemtime": 265,
      "usertime": 6102
     },
     "29053196219": {
      "maxRSS": 12460,
      "systemtime": 340,
      "usertime": 6102
     },
     "29053196262": {
      "maxRSS": 12460,
      "systemtime": 397,
      "usertime": 6102
     },
     "29053196313": {
      "maxRSS": 12460,
      "systemtime": 461,
      "usertime": 6102
     },
     "29053196375": {
      "maxRSS": 12588,
      "systemtime": 539,
      "usertime": 6102
     },
     "29053196408": {
      "maxRSS": 12588,
      "systemtime": 584,
      "usertime": 6102
     },
     "29053196444": {
      "maxRSS": 12588,
      "systemtime": 628,
      "usertime": 6102
     },
     "29053196471": {
      "maxRSS": 12588,
      "systemtime": 661,
      "usertime": 6102
     },
     "29053196493": {
      "maxRSS": 12588,
      "systemtime": 691,
      "usertime": 6102
     },
     "29053196517": {
      "maxRSS": 12588,
      "systemtime": 720,
      "usertime": 6102
     },
     "29053196536": {
      "maxRSS": 12588,
      "systemtime": 746,
      "usertime": 6102
     },
     "29053196582": {
      "maxRSS": 12588,
      "systemtime": 799,
      "usertime": 6102
     },
     "29053196611": {
      "maxRSS": 12588,
      "systemtime": 826,
      "usertime": 6102
     }
    }
   }
  }
 }
}
