{
 "root": {
  "program": {
   "configuration": {
    "": "/root/compiler/measurements/night03-t2/transitive_closure_bound/n1000/emit/transformed.dl",
    "fact-dir": "/root/compiler/fixtures/benchmark-family/transitive_closure_bound/n1000",
    "include-dir": ".",
    "jobs": "1",
    "libraries": "functors",
    "library-dir": ".",
    "output-dir": "/root/compiler/measurements/night03-t2/transitive_closure_bound/n1000/emitted",
    "profile": "prof.log",
    "relationCount": "3",
    "ruleCount": "5",
    "version": "2.5",
    "warn": "all",
    "wno": "none"
   },
   "relation": {
    "edge": {
     "loadtime": { "start": 936947094, "end": 936947612},
     "num-tuples": 2000,
     "reads": 0,
     "source-locator": "/root/compiler/measurements/night03-t2/transitive_closure_bound/n1000/emit/transformed.dl [1:7-1:11]"
    },
    "q_tc": {
     "maxRSS": {
      "post": 23012,
      "pre": 23012
     },
     "non-recursive-rule": {
      "q_tc(y) :- \n   tc(1,y).": {
       "atom-frequency": {
        "q_tc(y) :- \n   tc(1,y).": {
         "tc": {
          "level": 0,
          "num-tuples": 0
         }
        }
       },
       "maxRSS": {
        "post": 23012,
        "pre": 23012
       },
       "num-tuples": 50,
       "runtime": { "start": 937147966, "end": 937147971},
       "source-locator": "/root/compiler/measurements/night03-t2/transitive_closure_bound/n1000/emit/transformed.dl [8:1-8:21]"
      }
     },
     "num-tuples": 50,
     "reads": 0,
     "runtime": { "start": 937147957, "end": 937147980},
     "savetime": { "start": 937147985, "end": 937148109},
     "source-locator": "/root/compiler/measurements/night03-t2/transitive_closure_bound/n1000/emit/transformed.dl [4:7-4:11]"
    },
    "tc": {
     "iteration": {
      "0": {
       "copytime": { "start": 936948752, "end": 936949107},
       "maxRSS": {
        "post": 16632,
        "pre": 16632
       },
       "num-tuples": 4290,
       "recursive-rule": {
        "tc(x,y) :- \n   tc(x,z),\n   edge(z,y).": {
         "0": {
          "atom-frequency": {
           "@new_tc(x,y) :- \n   @delta_tc(x,z),\n   edge(z,y).": {
            "@delta_tc": {
             "level": 0,
             "num-tuples": 0
            },
            "edge": {
             "level": 1,
             "num-tuples": 0
            }
           }
          },
          "maxRSS": {
           "post": 16632,
           "pre": 16632
          },
          "num-tuples": 4290,
          "runtime": { "start": 936947847, "end": 936948713},
          "source-locator": "/root/compiler/measurements/night03-t2/transitive_closure_bound/n1000/emit/transformed.dl [7:1-7:34]"
         }
        }
       },
       "runtime": { "start": 936947835, "end": 936948725}
      },
      "1": {
       "copytime": { "start": 936951084, "end": 936951891},
       "maxRSS": {
        "post": 16632,
        "pre": 16632
       },
       "num-tuples": 9007,
       "recursive-rule": {
        "tc(x,y) :- \n   tc(x,z),\n   edge(z,y).": {
         "0": {
          "maxRSS": {
           "post": 16632,
           "pre": 16632
          },
          "num-tuples": 9007,
          "runtime": { "start": 936949129, "end": 936951045},
          "source-locator": "/root/compiler/measurements/night03-t2/transitive_closure_bound/n1000/emit/transformed.dl [7:1-7:34]"
         }
        }
       },
       "runtime": { "start": 936949114, "end": 936951058}
      },
      "10": {
       "copytime": { "start": 937057289, "end": 937060867},
       "maxRSS": {
        "post": 19684,
        "pre": 19556
       },
       "num-tuples": 31949,
       "recursive-rule": {
        "tc(x,y) :- \n   tc(x,z),\n   edge(z,y).": {
         "0": {
          "maxRSS": {
           "post": 19684,
           "pre": 19556
          },
          "num-tuples": 31949,
          "runtime": { "start": 937043255, "end": 937057232},
          "source-locator": "/root/compiler/measurements/night03-t2/transitive_closure_bound/n1000/emit/transformed.dl [7:1-7:34]"
         }
        }
       },
       "runtime": { "start": 937043237, "end": 937057254}
      },
      "11": {
       "copytime": { "start": 937074403, "end": 937077799},
       "maxRSS": {
        "post": 20580,
        "pre": 20580
       },
       "num-tuples": 29946,
       "recursive-rule": {
        "tc(x,y) :- \n   tc(x,z),\n   edge(z,y).": {
         "0": {
          "maxRSS": {
           "post": 20580,
           "pre": 20580
          },
          "num-tuples": 29946,
          "runtime": { "start": 937060894, "end": 937074350},
          "source-locator": "/root/compiler/measurements/night03-t2/transitive_closure_bound/n1000/emit/transformed.dl [7:1-7:34]"
         }
        }
       },
       "runtime": { "start": 937060878, "end": 937074369}
      },
      "12": {
       "copytime": { "start": 937090541, "end": 937093705},
       "maxRSS": {
        "post": 21348,
        "pre": 21348
       },
       "num-tuples": 26262,
       "recursive-rule": {
        "tc(x,y) :- \n   tc(x,z),\n   edge(z,y).": {
         "0": {
          "maxRSS": {
           "post": 21348,
           "pre": 21348
          },
          "num-tuples": 26262,
          "runtime": { "start": 937077824, "end": 937090487},
          "source-locator": "/root/compiler/measurements/night03-t2/transitive_closure_bound/n1000/emit/transformed.dl [7:1-7:34]"
         }
        }
       },
       "runtime": { "start": 937077809, "end": 937090504}
      },
      "13": {
       "copytime": { "start": 937105170, "end": 937107809},
       "maxRSS": {
        "post": 21988,
        "pre": 21988
       },
       "num-tuples": 21757,
       "recursive-rule": {
        "tc(x,y) :- \n   tc(x,z),\n   edge(z,y).": {
         "0": {
          "maxRSS": {
           "post": 21988,
           "pre": 21988
          },
          "num-tuples": 21757,
          "runtime": { "start": 937093728, "end": 937105116},
          "source-locator": "/root/compiler/measurements/night03-t2/transitive_closure_bound/n1000/emit/transformed.dl [7:1-7:34]"
         }
        }
       },
       "runtime": { "start": 937093714, "end": 937105134}
      },
      "14": {
       "copytime": { "start": 937117229, "end": 937119495},
       "maxRSS": {
        "post": 22372,
        "pre": 22372
       },
       "num-tuples": 17199,
       "recursive-rule": {
        "tc(x,y) :- \n   tc(x,z),\n   edge(z,y).": {
         "0": {
          "maxRSS": {
           "post": 22372,
           "pre": 22372
          },
          "num-tuples": 17199,
          "runtime": { "start": 937107837, "end": 937117179},
          "source-locator": "/root/compiler/measurements/night03-t2/transitive_closure_bound/n1000/emit/transformed.dl [7:1-7:34]"
         }
        }
       },
       "runtime": { "start": 937107819, "end": 937117196}
      },
      "15": {
       "copytime": { "start": 937126846, "end": 937128696},
       "maxRSS": {
        "post": 22756,
        "pre": 22628
       },
       "num-tuples": 12813,
       "recursive-rule": {
        "tc(x,y) :- \n   tc(x,z),\n   edge(z,y).": {
         "0": {
          "maxRSS": {
           "post": 22756,
           "pre": 22628
          },
          "num-tuples": 12813,
          "runtime": { "start": 937119524, "end": 937126796},
          "source-locator": "/root/compiler/measurements/night03-t2/transitive_closure_bound/n1000/emit/transformed.dl [7:1-7:34]"
         }
        }
       },
       "runtime": { "start": 937119508, "end": 937126815}
      },
      "16": {
       "copytime": { "start": 937134349, "end": 937135581},
       "maxRSS": {
        "post": 22884,
        "pre": 22884
       },
       "num-tuples": 8915,
       "recursive-rule": {
        "tc(x,y) :- \n   tc(x,z),\n   edge(z,y).": {
         "0": {
          "maxRSS": {
           "post": 22884,
           "pre": 22884
          },
          "num-tuples": 8915,
          "runtime": { "start": 937128724, "end": 937134308},
          "source-locator": "/root/compiler/measurements/night03-t2/transitive_closure_bound/n1000/emit/transformed.dl [7:1-7:34]"
         }
        }
       },
       "runtime": { "start": 937128707, "end": 937134322}
      },
      "17": {
       "copytime": { "start": 937139380, "end": 937140233},
       "maxRSS": {
        "post": 22884,
        "pre": 22884
       },
       "num-tuples": 5942,
       "recursive-rule": {
        "tc(x,y) :- \n   tc(x,z),\n   edge(z,y).": {
         "0": {
          "maxRSS": {
           "post": 22884,
           "pre": 22884
          },
          "num-tuples": 5942,
          "runtime": { "start": 937135606, "end": 937139339},
          "source-locator": "/root/compiler/measurements/night03-t2/transitive_closure_bound/n1000/emit/transformed.dl [7:1-7:34]"
         }
        }
       },
       "runtime": { "start": 937135590, "end": 937139351}
      },
      "18": {
       "copytime": { "start": 937142697, "end": 937143235},
       "maxRSS": {
        "post": 23012,
        "pre": 23012
       },
       "num-tuples": 3799,
       "recursive-rule": {
        "tc(x,y) :- \n   tc(x,z),\n   edge(z,y).": {
         "0": {
          "maxRSS": {
           "post": 23012,
           "pre": 23012
          },
          "num-tuples": 3799,
          "runtime": { "start": 937140254, "end": 937142657},
          "source-locator": "/root/compiler/measurements/night03-t2/transitive_closure_bound/n1000/emit/transformed.dl [7:1-7:34]"
         }
        }
       },
       "runtime": { "start": 937140241, "end": 937142670}
      },
      "19": {
       "copytime": { "start": 937144970, "end": 937145306},
       "maxRSS": {
        "post": 23012,
        "pre": 23012
       },
       "num-tuples": 2219,
       "recursive-rule": {
        "tc(x,y) :- \n   tc(x,z),\n   edge(z,y).": {
         "0": {
          "maxRSS": {
           "post": 23012,
           "pre": 23012
          },
          "num-tuples": 2219,
          "runtime": { "start": 937143259, "end": 937144931},
          "source-locator": "/root/compiler/measurements/night03-t2/transitive_closure_bound/n1000/emit/transformed.dl [7:1-7:34]"
         }
        }
       },
       "runtime": { "start": 937143241, "end": 937144942}
      },
      "2": {
       "copytime": { "start": 936956305, "end": 936957688},
       "maxRSS": {
        "post": 16632,
        "pre": 16632
       },
       "num-tuples": 15229,
       "recursive-rule": {
        "tc(x,y) :- \n   tc(x,z),\n   edge(z,y).": {
         "0": {
          "maxRSS": {
           "post": 16632,
           "pre": 16632
          },
          "num-tuples": 15229,
          "runtime": { "start": 936951912, "end": 936956261},
          "source-locator": "/root/compiler/measurements/night03-t2/transitive_closure_bound/n1000/emit/transformed.dl [7:1-7:34]"
         }
        }
       },
       "runtime": { "start": 936951900, "end": 936956276}
      },
      "20": {
       "copytime": { "start": 937146225, "end": 937146438},
       "maxRSS": {
        "post": 23012,
        "pre": 23012
       },
       "num-tuples": 1232,
       "recursive-rule": {
        "tc(x,y) :- \n   tc(x,z),\n   edge(z,y).": {
         "0": {
          "maxRSS": {
           "post": 23012,
           "pre": 23012
          },
          "num-tuples": 1232,
          "runtime": { "start": 937145326, "end": 937146188},
          "source-locator": "/root/compiler/measurements/night03-t2/transitive_closure_bound/n1000/emit/transformed.dl [7:1-7:34]"
         }
        }
       },
       "runtime": { "start": 937145312, "end": 937146200}
      },
      "21": {
       "copytime": { "start": 937146964, "end": 937147087},
       "maxRSS": {
        "post": 23012,
        "pre": 23012
       },
       "num-tuples": 695,
       "recursive-rule": {
        "tc(x,y) :- \n   tc(x,z),\n   edge(z,y).": {
         "0": {
          "maxRSS": {
           "post": 23012,
           "pre": 23012
          },
          "num-tuples": 695,
          "runtime": { "start": 937146457, "end": 937146924},
          "source-locator": "/root/compiler/measurements/night03-t2/transitive_closure_bound/n1000/emit/transformed.dl [7:1-7:34]"
         }
        }
       },
       "runtime": { "start": 937146444, "end": 937146935}
      },
      "22": {
       "copytime": { "start": 937147391, "end": 937147458},
       "maxRSS": {
        "post": 23012,
        "pre": 23012
       },
       "num-tuples": 335,
       "recursive-rule": {
        "tc(x,y) :- \n   tc(x,z),\n   edge(z,y).": {
         "0": {
          "maxRSS": {
           "post": 23012,
           "pre": 23012
          },
          "num-tuples": 335,
          "runtime": { "start": 937147104, "end": 937147356},
          "source-locator": "/root/compiler/measurements/night03-t2/transitive_closure_bound/n1000/emit/transformed.dl [7:1-7:34]"
         }
        }
       },
       "runtime": { "start": 937147092, "end": 937147367}
      },
      "23": {
       "copytime": { "start": 937147632, "end": 937147661},
       "maxRSS": {
        "post": 23012,
        "pre": 23012
       },
       "num-tuples": 146,
       "recursive-rule": {
        "tc(x,y) :- \n   tc(x,z),\n   edge(z,y).": {
         "0": {
          "maxRSS": {
           "post": 23012,
           "pre": 23012
          },
          "num-tuples": 146,
          "runtime": { "start": 937147474, "end": 937147601},
          "source-locator": "/root/compiler/measurements/night03-t2/transitive_closure_bound/n1000/emit/transformed.dl [7:1-7:34]"
         }
        }
       },
       "runtime": { "start": 937147464, "end": 937147611}
      },
      "24": {
       "copytime": { "start": 937147760, "end": 937147772},
       "maxRSS": {
        "post": 23012,
        "pre": 23012
       },
       "num-tuples": 65,
       "recursive-rule": {
        "tc(x,y) :- \n   tc(x,z),\n   edge(z,y).": {
         "0": {
          "maxRSS": {
           "post": 23012,
           "pre": 23012
          },
          "num-tuples": 65,
          "runtime": { "start": 937147674, "end": 937147731},
          "source-locator": "/root/compiler/measurements/night03-t2/transitive_closure_bound/n1000/emit/transformed.dl [7:1-7:34]"
         }
        }
       },
       "runtime": { "start": 937147665, "end": 937147740}
      },
      "25": {
       "copytime": { "start": 937147840, "end": 937147846},
       "maxRSS": {
        "post": 23012,
        "pre": 23012
       },
       "num-tuples": 30,
       "recursive-rule": {
        "tc(x,y) :- \n   tc(x,z),\n   edge(z,y).": {
         "0": {
          "maxRSS": {
           "post": 23012,
           "pre": 23012
          },
          "num-tuples": 30,
          "runtime": { "start": 937147784, "end": 937147810},
          "source-locator": "/root/compiler/measurements/night03-t2/transitive_closure_bound/n1000/emit/transformed.dl [7:1-7:34]"
         }
        }
       },
       "runtime": { "start": 937147775, "end": 937147819}
      },
      "26": {
       "copytime": { "start": 937147899, "end": 937147900},
       "maxRSS": {
        "post": 23012,
        "pre": 23012
       },
       "num-tuples": 3,
       "recursive-rule": {
        "tc(x,y) :- \n   tc(x,z),\n   edge(z,y).": {
         "0": {
          "maxRSS": {
           "post": 23012,
           "pre": 23012
          },
          "num-tuples": 3,
          "runtime": { "start": 937147859, "end": 937147871},
          "source-locator": "/root/compiler/measurements/night03-t2/transitive_closure_bound/n1000/emit/transformed.dl [7:1-7:34]"
         }
        }
       },
       "runtime": { "start": 937147850, "end": 937147879}
      },
      "27": {
       "maxRSS": {
        "post": 23012,
        "pre": 23012
       },
       "num-tuples": 0,
       "recursive-rule": {
        "tc(x,y) :- \n   tc(x,z),\n   edge(z,y).": {
         "0": {
          "maxRSS": {
           "post": 23012,
           "pre": 23012
          },
          "num-tuples": 0,
          "runtime": { "start": 937147913, "end": 937147915},
          "source-locator": "/root/compiler/measurements/night03-t2/transitive_closure_bound/n1000/emit/transformed.dl [7:1-7:34]"
         }
        }
       },
       "runtime": { "start": 937147904, "end": 937147932}
      },
      "3": {
       "copytime": { "start": 936964142, "end": 936965963},
       "maxRSS": {
        "post": 16632,
        "pre": 16632
       },
       "num-tuples": 18989,
       "recursive-rule": {
        "tc(x,y) :- \n   tc(x,z),\n   edge(z,y).": {
         "0": {
          "maxRSS": {
           "post": 16632,
           "pre": 16632
          },
          "num-tuples": 18989,
          "runtime": { "start": 936957709, "end": 936964098},
          "source-locator": "/root/compiler/measurements/night03-t2/transitive_closure_bound/n1000/emit/transformed.dl [7:1-7:34]"
         }
        }
       },
       "runtime": { "start": 936957696, "end": 936964112}
      },
      "4": {
       "copytime": { "start": 936973753, "end": 936975656},
       "maxRSS": {
        "post": 16632,
        "pre": 16632
       },
       "num-tuples": 19590,
       "recursive-rule": {
        "tc(x,y) :- \n   tc(x,z),\n   edge(z,y).": {
         "0": {
          "maxRSS": {
           "post": 16632,
           "pre": 16632
          },
          "num-tuples": 19590,
          "runtime": { "start": 936965986, "end": 936973710},
          "source-locator": "/root/compiler/measurements/night03-t2/transitive_closure_bound/n1000/emit/transformed.dl [7:1-7:34]"
         }
        }
       },
       "runtime": { "start": 936965972, "end": 936973725}
      },
      "5": {
       "copytime": { "start": 936984195, "end": 936986396},
       "maxRSS": {
        "post": 16632,
        "pre": 16632
       },
       "num-tuples": 20373,
       "recursive-rule": {
        "tc(x,y) :- \n   tc(x,z),\n   edge(z,y).": {
         "0": {
          "maxRSS": {
           "post": 16632,
           "pre": 16632
          },
          "num-tuples": 20373,
          "runtime": { "start": 936975684, "end": 936984145},
          "source-locator": "/root/compiler/measurements/night03-t2/transitive_closure_bound/n1000/emit/transformed.dl [7:1-7:34]"
         }
        }
       },
       "runtime": { "start": 936975664, "end": 936984161}
      },
      "6": {
       "copytime": { "start": 936995291, "end": 936997652},
       "maxRSS": {
        "post": 16632,
        "pre": 16632
       },
       "num-tuples": 23223,
       "recursive-rule": {
        "tc(x,y) :- \n   tc(x,z),\n   edge(z,y).": {
         "0": {
          "maxRSS": {
           "post": 16632,
           "pre": 16632
          },
          "num-tuples": 23223,
          "runtime": { "start": 936986425, "end": 936995241},
          "source-locator": "/root/compiler/measurements/night03-t2/transitive_closure_bound/n1000/emit/transformed.dl [7:1-7:34]"
         }
        }
       },
       "runtime": { "start": 936986406, "end": 936995257}
      },
      "7": {
       "copytime": { "start": 937007790, "end": 937010606},
       "maxRSS": {
        "post": 16868,
        "pre": 16632
       },
       "num-tuples": 27281,
       "recursive-rule": {
        "tc(x,y) :- \n   tc(x,z),\n   edge(z,y).": {
         "0": {
          "maxRSS": {
           "post": 16868,
           "pre": 16632
          },
          "num-tuples": 27281,
          "runtime": { "start": 936997678, "end": 937007730},
          "source-locator": "/root/compiler/measurements/night03-t2/transitive_closure_bound/n1000/emit/transformed.dl [7:1-7:34]"
         }
        }
       },
       "runtime": { "start": 936997662, "end": 937007750}
      },
      "8": {
       "copytime": { "start": 937022893, "end": 937026228},
       "maxRSS": {
        "post": 17764,
        "pre": 17508
       },
       "num-tuples": 30712,
       "recursive-rule": {
        "tc(x,y) :- \n   tc(x,z),\n   edge(z,y).": {
         "0": {
          "maxRSS": {
           "post": 17764,
           "pre": 17508
          },
          "num-tuples": 30712,
          "runtime": { "start": 937010635, "end": 937022834},
          "source-locator": "/root/compiler/measurements/night03-t2/transitive_closure_bound/n1000/emit/transformed.dl [7:1-7:34]"
         }
        }
       },
       "runtime": { "start": 937010618, "end": 937022857}
      },
      "9": {
       "copytime": { "start": 937039767, "end": 937043228},
       "maxRSS": {
        "post": 18788,
        "pre": 18532
       },
       "num-tuples": 32280,
       "recursive-rule": {
        "tc(x,y) :- \n   tc(x,z),\n   edge(z,y).": {
         "0": {
          "maxRSS": {
           "post": 18788,
           "pre": 18532
          },
          "num-tuples": 32280,
          "runtime": { "start": 937026255, "end": 937039714},
          "source-locator": "/root/compiler/measurements/night03-t2/transitive_closure_bound/n1000/emit/transformed.dl [7:1-7:34]"
         }
        }
       },
       "runtime": { "start": 937026238, "end": 937039732}
      }
     },
     "maxRSS": {
      "post": 16632,
      "pre": 16632
     },
     "non-recursive-rule": {
      "tc(x,y) :- \n   edge(x,y).": {
       "atom-frequency": {
        "tc(x,y) :- \n   edge(x,y).": {
         "edge": {
          "level": 0,
          "num-tuples": 0
         }
        }
       },
       "maxRSS": {
        "post": 16632,
        "pre": 16632
       },
       "num-tuples": 2000,
       "runtime": { "start": 936947639, "end": 936947734},
       "source-locator": "/root/compiler/measurements/night03-t2/transitive_closure_bound/n1000/emit/transformed.dl [6:1-6:24]"
      }
     },
     "num-tuples": 2000,
     "reads": 756538,
     "runtime": { "start": 936947623, "end": 936947743},
     "source-locator": "/root/compiler/measurements/night03-t2/transitive_closure_bound/n1000/emit/transformed.dl [3:7-3:9]"
    }
   },
   "runtime": { "start": 936947089, "end": 937149034},
   "starttime": { "time": 936947055},
   "usage": {
    "timepoint": {
     "936947106": {
      "maxRSS": 16632,
      "systemtime": 0,
      "usertime": 4127
     },
     "936947676": {
      "maxRSS": 16632,
      "systemtime": 0,
      "usertime": 4708
     },
     "936947852": {
      "maxRSS": 16632,
      "systemtime": 0,
      "usertime": 4922
     },
     "936948753": {
      "maxRSS": 16632,
      "systemtime": 0,
      "usertime": 5836
     },
     "936949137": {
      "maxRSS": 16632,
      "systemtime": 0,
      "usertime": 6221
     },
     "936950204": {
      "maxRSS": 16632,
      "systemtime": 0,
      "usertime": 6230
     },
     "936951115": {
      "maxRSS": 16632,
      "systemtime": 0,
      "usertime": 8206
     },
     "936951918": {
      "maxRSS": 16632,
      "systemtime": 0,
      "usertime": 9044
     },
     "936953033": {
      "maxRSS": 16632,
      "systemtime": 0,
      "usertime": 9148
     },
     "936954105": {
      "maxRSS": 16632,
      "systemtime": 0,
      "usertime": 9162
     },
     "936955231": {
      "maxRSS": 16632,
      "systemtime": 0,
      "usertime": 9180
     },
     "936956316": {
      "maxRSS": 16632,
      "systemtime": 0,
      "usertime": 13501
     },
     "936957387": {
      "maxRSS": 16632,
      "systemtime": 0,
      "usertime": 13514
     },
     "936957756": {
      "maxRSS": 16632,
      "systemtime": 0,
      "usertime": 14949
     },
     "936958826": {
      "maxRSS": 16632,
      "systemtime": 0,
      "usertime": 14961
     },
     "936959891": {
      "maxRSS": 16632,
      "systemtime": 0,
      "usertime": 14969
     },
     "936960964": {
      "maxRSS": 16632,
      "systemtime": 0,
      "usertime": 17286
     },
     "936962038": {
      "maxRSS": 16632,
      "systemtime": 0,
      "usertime": 17300
     },
     "936963105": {
      "maxRSS": 16632,
      "systemtime": 0,
      "usertime": 17310
     },
     "936964141": {
      "maxRSS": 16632,
      "systemtime": 0,
      "usertime": 21439
     },
     "936965211": {
      "maxRSS": 16632,
      "systemtime": 0,
      "usertime": 21461
     },
     "936965991": {
      "maxRSS": 16632,
      "systemtime": 0,
      "usertime": 23311
     },
     "936967057": {
      "maxRSS": 16632,
      "systemtime": 0,
      "usertime": 23319
     },
     "936968128": {
      "maxRSS": 16632,
      "systemtime": 0,
      "usertime": 25345
     },
     "936969196": {
      "maxRSS": 16632,
      "systemtime": 0,
      "usertime": 25355
     },
     "936970266": {
      "maxRSS": 16632,
      "systemtime": 0,
      "usertime": 25365
     },
     "936971334": {
      "maxRSS": 16632,
      "systemtime": 0,
      "usertime": 25377
     },
     "936972449": {
      "maxRSS": 16632,
      "systemtime": 0,
      "usertime": 29404
     },
     "936973512": {
      "maxRSS": 16632,
      "systemtime": 0,
      "usertime": 29411
     },
     "936973751": {
      "maxRSS": 16632,
      "systemtime": 0,
      "usertime": 31161
     },
     "936974858": {
      "maxRSS": 16632,
      "systemtime": 0,
      "usertime": 31189
     },
     "936975716": {
      "maxRSS": 16632,
      "systemtime": 0,
      "usertime": 33136
     },
     "936976820": {
      "maxRSS": 16632,
      "systemtime": 0,
      "usertime": 33482
     },
     "936977907": {
      "maxRSS": 16632,
      "systemtime": 0,
      "usertime": 33502
     },
     "936978977": {
      "maxRSS": 16632,
      "systemtime": 0,
      "usertime": 33514
     },
     "936980055": {
      "maxRSS": 16632,
      "systemtime": 0,
      "usertime": 37531
     },
     "936981118": {
      "maxRSS": 16632,
      "systemtime": 0,
      "usertime": 37539
     },
     "936982182": {
      "maxRSS": 16632,
      "systemtime": 0,
      "usertime": 37545
     },
     "936983252": {
      "maxRSS": 16632,
      "systemtime": 0,
      "usertime": 37559
     },
     "936984191": {
      "maxRSS": 16632,
      "systemtime": 0,
      "usertime": 41737
     },
     "936984217": {
      "maxRSS": 16632,
      "systemtime": 0,
      "usertime": 41759
     },
     "936985291": {
      "maxRSS": 16632,
      "systemtime": 0,
      "usertime": 41772
     },
     "936986364": {
      "maxRSS": 16632,
      "systemtime": 0,
      "usertime": 41784
     },
     "936986429": {
      "maxRSS": 16632,
      "systemtime": 0,
      "usertime": 44024
     },
     "936987500": {
      "maxRSS": 16632,
      "systemtime": 0,
      "usertime": 44034
     },
     "936988590": {
      "maxRSS": 16632,
      "systemtime": 0,
      "usertime": 45630
     },
     "936989658": {
      "maxRSS": 16632,
      "systemtime": 0,
      "usertime": 45641
     },
     "936990722": {
      "maxRSS": 16632,
      "systemtime": 0,
      "usertime": 45649
     },
     "936991785": {
      "maxRSS": 16632,
      "systemtime": 0,
      "usertime": 45655
     },
     "936992861": {
      "maxRSS": 16632,
      "systemtime": 0,
      "usertime": 49673
     },
     "936993948": {
      "maxRSS": 16632,
      "systemtime": 0,
      "usertime": 49697
     },
     "936995086": {
      "maxRSS": 16632,
      "systemtime": 0,
      "usertime": 49723
     },
     "936995285": {
      "maxRSS": 16632,
      "systemtime": 0,
      "usertime": 53010
     },
     "936995307": {
      "maxRSS": 16632,
      "systemtime": 0,
      "usertime": 53028
     },
     "936996372": {
      "maxRSS": 16632,
      "systemtime": 0,
      "usertime": 53747
     },
     "936997437": {
      "maxRSS": 16632,
      "systemtime": 0,
      "usertime": 53759
     },
     "936997682": {
      "maxRSS": 16632,
      "systemtime": 0,
      "usertime": 55442
     },
     "936998752": {
      "maxRSS": 16632,
      "systemtime": 0,
      "usertime": 55453
     },
     "936999816": {
      "maxRSS": 16632,
      "systemtime": 0,
      "usertime": 55460
     },
     "937000883": {
      "maxRSS": 16632,
      "systemtime": 0,
      "usertime": 57794
     },
     "937001957": {
      "maxRSS": 16632,
      "systemtime": 0,
      "usertime": 57808
     },
     "937003076": {
      "maxRSS": 16632,
      "systemtime": 0,
      "usertime": 57835
     },
     "937004147": {
      "maxRSS": 16632,
      "systemtime": 0,
      "usertime": 61850
     },
     "937005251": {
      "maxRSS": 16632,
      "systemtime": 0,
      "usertime": 61865
     },
     "937006314": {
      "maxRSS": 16740,
      "systemtime": 0,
      "usertime": 61871
     },
     "937007412": {
      "maxRSS": 16740,
      "systemtime": 0,
      "usertime": 61882
     },
     "937007830": {
      "maxRSS": 16868,
      "systemtime": 0,
      "usertime": 65695
     },
     "937009013": {
      "maxRSS": 17124,
      "systemtime": 0,
      "usertime": 65921
     },
     "937010108": {
      "maxRSS": 17380,
      "systemtime": 0,
      "usertime": 65930
     },
     "937010639": {
      "maxRSS": 17508,
      "systemtime": 0,
      "usertime": 68571
     },
     "937011738": {
      "maxRSS": 17508,
      "systemtime": 0,
      "usertime": 68582
     },
     "937012811": {
      "maxRSS": 17508,
      "systemtime": 0,
      "usertime": 69964
     },
     "937013892": {
      "maxRSS": 17508,
      "systemtime": 0,
      "usertime": 69983
     },
     "937014973": {
      "maxRSS": 17508,
      "systemtime": 0,
      "usertime": 70000
     },
     "937016036": {
      "maxRSS": 17508,
      "systemtime": 0,
      "usertime": 74015
     },
     "937017190": {
      "maxRSS": 17508,
      "systemtime": 0,
      "usertime": 74028
     },
     "937018336": {
      "maxRSS": 17508,
      "systemtime": 0,
      "usertime": 74055
     },
     "937019413": {
      "maxRSS": 17508,
      "systemtime": 0,
      "usertime": 74071
     },
     "937020500": {
      "maxRSS": 17636,
      "systemtime": 0,
      "usertime": 78138
     },
     "937021566": {
      "maxRSS": 17636,
      "systemtime": 0,
      "usertime": 78147
     },
     "937022645": {
      "maxRSS": 17764,
      "systemtime": 0,
      "usertime": 78154
     },
     "937022888": {
      "maxRSS": 17764,
      "systemtime": 0,
      "usertime": 80986
     },
     "937023988": {
      "maxRSS": 18020,
      "systemtime": 0,
      "usertime": 81010
     },
     "937025053": {
      "maxRSS": 18276,
      "systemtime": 0,
      "usertime": 82126
     },
     "937026116": {
      "maxRSS": 18532,
      "systemtime": 0,
      "usertime": 82133
     },
     "937026261": {
      "maxRSS": 18532,
      "systemtime": 0,
      "usertime": 84390
     },
     "937027327": {
      "maxRSS": 18532,
      "systemtime": 0,
      "usertime": 84398
     },
     "937028436": {
      "maxRSS": 18532,
      "systemtime": 0,
      "usertime": 86170
     },
     "937029507": {
      "maxRSS": 18532,
      "systemtime": 0,
      "usertime": 86185
     },
     "937030612": {
      "maxRSS": 18532,
      "systemtime": 0,
      "usertime": 86202
     },
     "937031679": {
      "maxRSS": 18532,
      "systemtime": 0,
      "usertime": 86211
     },
     "937032752": {
      "maxRSS": 18532,
      "systemtime": 0,
      "usertime": 90236
     },
     "937033828": {
      "maxRSS": 18532,
      "systemtime": 0,
      "usertime": 90250
     },
     "937034896": {
      "maxRSS": 18532,
      "systemtime": 0,
      "usertime": 90260
     },
     "937035970": {
      "maxRSS": 18532,
      "systemtime": 0,
      "usertime": 90272
     },
     "937037051": {
      "maxRSS": 18532,
      "systemtime": 0,
      "usertime": 94294
     },
     "937038125": {
      "maxRSS": 18660,
      "systemtime": 0,
      "usertime": 94307
     },
     "937039223": {
      "maxRSS": 18660,
      "systemtime": 0,
      "usertime": 94315
     },
     "937039791": {
      "maxRSS": 18788,
      "systemtime": 0,
      "usertime": 98079
     },
     "937040892": {
      "maxRSS": 19044,
      "systemtime": 241,
      "usertime": 98079
     },
     "937041993": {
      "maxRSS": 19300,
      "systemtime": 252,
      "usertime": 98079
     },
     "937043124": {
      "maxRSS": 19556,
      "systemtime": 275,
      "usertime": 98079
     },
     "937043258": {
      "maxRSS": 19556,
      "systemtime": 3533,
      "usertime": 98079
     },
     "937044328": {
      "maxRSS": 19556,
      "systemtime": 3937,
      "usertime": 98432
     },
     "937045432": {
      "maxRSS": 19556,
      "systemtime": 3937,
      "usertime": 98443
     },
     "937046495": {
      "maxRSS": 19556,
      "systemtime": 3938,
      "usertime": 98450
     },
     "937047633": {
      "maxRSS": 19556,
      "systemtime": 3939,
      "usertime": 98475
     },
     "937048744": {
      "maxRSS": 19556,
      "systemtime": 3941,
      "usertime": 102488
     },
     "937049843": {
      "maxRSS": 19556,
      "systemtime": 3942,
      "usertime": 102496
     },
     "937050940": {
      "maxRSS": 19556,
      "systemtime": 3942,
      "usertime": 102503
     },
     "937052059": {
      "maxRSS": 19556,
      "systemtime": 3944,
      "usertime": 106510
     },
     "937053232": {
      "maxRSS": 19556,
      "systemtime": 3946,
      "usertime": 106546
     },
     "937054404": {
      "maxRSS": 19556,
      "systemtime": 3946,
      "usertime": 106564
     },
     "937055492": {
      "maxRSS": 19556,
      "systemtime": 3947,
      "usertime": 106587
     },
     "937056575": {
      "maxRSS": 19556,
      "systemtime": 3951,
      "usertime": 110641
     },
     "937057323": {
      "maxRSS": 19684,
      "systemtime": 3995,
      "usertime": 111860
     },
     "937058391": {
      "maxRSS": 19940,
      "systemtime": 3995,
      "usertime": 111869
     },
     "937059455": {
      "maxRSS": 20196,
      "systemtime": 3995,
      "usertime": 111876
     },
     "937060542": {
      "maxRSS": 20452,
      "systemtime": 3995,
      "usertime": 114597
     },
     "937060906": {
      "maxRSS": 20580,
      "systemtime": 3995,
      "usertime": 115498
     },
     "937062017": {
      "maxRSS": 20580,
      "systemtime": 3995,
      "usertime": 115514
     },
     "937063083": {
      "maxRSS": 20580,
      "systemtime": 3995,
      "usertime": 115522
     },
     "937064154": {
      "maxRSS": 20580,
      "systemtime": 3995,
      "usertime": 118645
     },
     "937065252": {
      "maxRSS": 20580,
      "systemtime": 3995,
      "usertime": 118656
     },
     "937066316": {
      "maxRSS": 20580,
      "systemtime": 3995,
      "usertime": 118663
     },
     "937067386": {
      "maxRSS": 20580,
      "systemtime": 3995,
      "usertime": 118670
     },
     "937068461": {
      "maxRSS": 20580,
      "systemtime": 3995,
      "usertime": 122681
     },
     "937069530": {
      "maxRSS": 20580,
      "systemtime": 3995,
      "usertime": 122691
     },
     "937070596": {
      "maxRSS": 20580,
      "systemtime": 3995,
      "usertime": 122700
     },
     "937071673": {
      "maxRSS": 20580,
      "systemtime": 3995,
      "usertime": 122709
     },
     "937072739": {
      "maxRSS": 20580,
      "systemtime": 3995,
      "usertime": 126716
     },
     "937073803": {
      "maxRSS": 20580,
      "systemtime": 3995,
      "usertime": 126724
     },
     "937074398": {
      "maxRSS": 20580,
      "systemtime": 4034,
      "usertime": 129088
     },
     "937074420": {
      "maxRSS": 20580,
      "systemtime": 4034,
      "usertime": 129106
     },
     "937075484": {
      "maxRSS": 20708,
      "systemtime": 4034,
      "usertime": 129113
     },
     "937076548": {
      "maxRSS": 21092,
      "systemtime": 4034,
      "usertime": 130717
     },
     "937077618": {
      "maxRSS": 21348,
      "systemtime": 4034,
      "usertime": 130727
     },
     "937077828": {
      "maxRSS": 21348,
      "systemtime": 4034,
      "usertime": 132559
     },
     "937078902": {
      "maxRSS": 21348,
      "systemtime": 4034,
      "usertime": 132574
     },
     "937079968": {
      "maxRSS": 21348,
      "systemtime": 4034,
      "usertime": 132583
     },
     "937081037": {
      "maxRSS": 21348,
      "systemtime": 4034,
      "usertime": 134836
     },
     "937082101": {
      "maxRSS": 21348,
      "systemtime": 4034,
      "usertime": 134844
     },
     "937083166": {
      "maxRSS": 21348,
      "systemtime": 4034,
      "usertime": 134852
     },
     "937084236": {
      "maxRSS": 21348,
      "systemtime": 4034,
      "usertime": 138798
     },
     "937085335": {
      "maxRSS": 21348,
      "systemtime": 4034,
      "usertime": 138807
     },
     "937086410": {
      "maxRSS": 21348,
      "systemtime": 4034,
      "usertime": 138822
     },
     "937087478": {
      "maxRSS": 21348,
      "systemtime": 4034,
      "usertime": 138833
     },
     "937088577": {
      "maxRSS": 21348,
      "systemtime": 4034,
      "usertime": 142841
     },
     "937089671": {
      "maxRSS": 21348,
      "systemtime": 4034,
      "usertime": 142848
     },
     "937090566": {
      "maxRSS": 21348,
      "systemtime": 4038,
      "usertime": 145403
     },
     "937091670": {
      "maxRSS": 21476,
      "systemtime": 4039,
      "usertime": 145416
     },
     "937092770": {
      "maxRSS": 21732,
      "systemtime": 4039,
      "usertime": 146889
     },
     "937093733": {
      "maxRSS": 21988,
      "systemtime": 4039,
      "usertime": 148623
     },
     "937094839": {
      "maxRSS": 21988,
      "systemtime": 4039,
      "usertime": 148636
     },
     "937095936": {
      "maxRSS": 21988,
      "systemtime": 4039,
      "usertime": 148647
     },
     "937097036": {
      "maxRSS": 21988,
      "systemtime": 4039,
      "usertime": 150985
     },
     "937098132": {
      "maxRSS": 21988,
      "systemtime": 4039,
      "usertime": 150993
     },
     "937099218": {
      "maxRSS": 21988,
      "systemtime": 4039,
      "usertime": 151022
     },
     "937100284": {
      "maxRSS": 21988,
      "systemtime": 4039,
      "usertime": 154976
     },
     "937101350": {
      "maxRSS": 21988,
      "systemtime": 4039,
      "usertime": 154985
     },
     "937102419": {
      "maxRSS": 21988,
      "systemtime": 4039,
      "usertime": 154995
     },
     "937103518": {
      "maxRSS": 21988,
      "systemtime": 4039,
      "usertime": 155004
     },
     "937104583": {
      "maxRSS": 21988,
      "systemtime": 4039,
      "usertime": 159012
     },
     "937105196": {
      "maxRSS": 21988,
      "systemtime": 4039,
      "usertime": 160204
     },
     "937106294": {
      "maxRSS": 21988,
      "systemtime": 4039,
      "usertime": 160214
     },
     "937107399": {
      "maxRSS": 22244,
      "systemtime": 4039,
      "usertime": 160232
     },
     "937107866": {
      "maxRSS": 22372,
      "systemtime": 4071,
      "usertime": 162878
     },
     "937108969": {
      "maxRSS": 22372,
      "systemtime": 4071,
      "usertime": 163059
     },
     "937110072": {
      "maxRSS": 22372,
      "systemtime": 4071,
      "usertime": 163077
     },
     "937111154": {
      "maxRSS": 22372,
      "systemtime": 4071,
      "usertime": 163090
     },
     "937112244": {
      "maxRSS": 22372,
      "systemtime": 4071,
      "usertime": 167118
     },
     "937113325": {
      "maxRSS": 22372,
      "systemtime": 4071,
      "usertime": 167136
     },
     "937114469": {
      "maxRSS": 22372,
      "systemtime": 4071,
      "usertime": 167155
     },
     "937115551": {
      "maxRSS": 22372,
      "systemtime": 4071,
      "usertime": 167173
     },
     "937116689": {
      "maxRSS": 22372,
      "systemtime": 4071,
      "usertime": 171201
     },
     "937117265": {
      "maxRSS": 22372,
      "systemtime": 4071,
      "usertime": 172438
     },
     "937118347": {
      "maxRSS": 22372,
      "systemtime": 4071,
      "usertime": 172459
     },
     "937119421": {
      "maxRSS": 22628,
      "systemtime": 4071,
      "usertime": 172474
     },
     "937119527": {
      "maxRSS": 22628,
      "systemtime": 4071,
      "usertime": 174778
     },
     "937120593": {
      "maxRSS": 22628,
      "systemtime": 4071,
      "usertime": 175266
     },
     "937121659": {
      "maxRSS": 22628,
      "systemtime": 4071,
      "usertime": 175274
     },
     "937122752": {
      "maxRSS": 22628,
      "systemtime": 4071,
      "usertime": 175281
     },
     "937123821": {
      "maxRSS": 22756,
      "systemtime": 4071,
      "usertime": 175293
     },
     "937124886": {
      "maxRSS": 22756,
      "systemtime": 4071,
      "usertime": 179300
     },
     "937125959": {
      "maxRSS": 22756,
      "systemtime": 4071,
      "usertime": 179312
     },
     "937126853": {
      "maxRSS": 22756,
      "systemtime": 4071,
      "usertime": 182173
     },
     "937127943": {
      "maxRSS": 22756,
      "systemtime": 4071,
      "usertime": 182193
     },
     "937128751": {
      "maxRSS": 22884,
      "systemtime": 4071,
      "usertime": 184107
     },
     "937129841": {
      "maxRSS": 22884,
      "systemtime": 4071,
      "usertime": 184138
     },
     "937130942": {
      "maxRSS": 22884,
      "systemtime": 4071,
      "usertime": 184149
     },
     "937132041": {
      "maxRSS": 22884,
      "systemtime": 4071,
      "usertime": 187438
     },
     "937133146": {
      "maxRSS": 22884,
      "systemtime": 4071,
      "usertime": 187451
     },
     "937134211": {
      "maxRSS": 22884,
      "systemtime": 4071,
      "usertime": 187459
     },
     "937134346": {
      "maxRSS": 22884,
      "systemtime": 4071,
      "usertime": 189803
     },
     "937134352": {
      "maxRSS": 22884,
      "systemtime": 4071,
      "usertime": 189817
     },
     "937135452": {
      "maxRSS": 22884,
      "systemtime": 4071,
      "usertime": 189830
     },
     "937135616": {
      "maxRSS": 22884,
      "systemtime": 4071,
      "usertime": 191097
     },
     "937136723": {
      "maxRSS": 22884,
      "systemtime": 4071,
      "usertime": 191510
     },
     "937137789": {
      "maxRSS": 22884,
      "systemtime": 4071,
      "usertime": 191520
     },
     "937138878": {
      "maxRSS": 22884,
      "systemtime": 4071,
      "usertime": 191528
     },
     "937139405": {
      "maxRSS": 22884,
      "systemtime": 4071,
      "usertime": 194921
     },
     "937140258": {
      "maxRSS": 23012,
      "systemtime": 4071,
      "usertime": 195821
     },
     "937141326": {
      "maxRSS": 23012,
      "systemtime": 4071,
      "usertime": 195830
     },
     "937142393": {
      "maxRSS": 23012,
      "systemtime": 4071,
      "usertime": 195840
     },
     "937142695": {
      "maxRSS": 23012,
      "systemtime": 4071,
      "usertime": 198286
     },
     "937143289": {
      "maxRSS": 23012,
      "systemtime": 4071,
      "usertime": 198871
     },
     "937144365": {
      "maxRSS": 23012,
      "systemtime": 4071,
      "usertime": 199634
     },
     "937144997": {
      "maxRSS": 23012,
      "systemtime": 4071,
      "usertime": 200633
     },
     "937145329": {
      "maxRSS": 23012,
      "systemtime": 4071,
      "usertime": 201002
     },
     "937146223": {
      "maxRSS": 23012,
      "systemtime": 4071,
      "usertime": 201901
     },
     "937146460": {
      "maxRSS": 23012,
      "systemtime": 4071,
      "usertime": 202146
     },
     "937146987": {
      "maxRSS": 23012,
      "systemtime": 4071,
      "usertime": 202668
     },
     "937147107": {
      "maxRSS": 23012,
      "systemtime": 4071,
      "usertime": 202819
     },
     "937147387": {
      "maxRSS": 23012,
      "systemtime": 4071,
      "usertime": 203107
     },
     "937147404": {
      "maxRSS": 23012,
      "systemtime": 4071,
      "usertime": 203119
     },
     "937147477": {
      "maxRSS": 23012,
      "systemtime": 4071,
      "usertime": 203208
     },
     "937147630": {
      "maxRSS": 23012,
      "systemtime": 4071,
      "usertime": 203366
     },
     "937147678": {
      "maxRSS": 23012,
      "systemtime": 4071,
      "usertime": 203420
     },
     "937147757": {
      "maxRSS": 23012,
      "systemtime": 4071,
      "usertime": 203504
     },
     "937147788": {
      "maxRSS": 23012,
      "systemtime": 4071,
      "usertime": 203542
     },
     "937147837": {
      "maxRSS": 23012,
      "systemtime": 4071,
      "usertime": 203599
     },
     "937147863": {
      "maxRSS": 23012,
      "systemtime": 4072,
      "usertime": 203630
     },
     "937147897": {
      "maxRSS": 23012,
      "systemtime": 4073,
      "usertime": 203668
     },
     "937147917": {
      "maxRSS": 23012,
      "systemtime": 4073,
      "usertime": 203696
     },
     "937147949": {
      "maxRSS": 23012,
      "systemtime": 4074,
      "usertime": 203731
     },
     "937147970": {
      "maxRSS": 23012,
      "systemtime": 4075,
      "usertime": 203758
     },
     "937147998": {
      "maxRSS": 23012,
      "systemtime": 4075,
      "usertime": 203784
     }
    }
   }
  }
 }
}
