{
 "root": {
  "program": {
   "configuration": {
    "": "/root/compiler/measurements/m3-5-headline-m4/family/ancestor_nonancestor/n4000/emit_guarded/transformed.dl",
    "fact-dir": "/root/compiler/fixtures/benchmark-family/ancestor_nonancestor/n4000",
    "include-dir": ".",
    "jobs": "1",
    "libraries": "functors",
    "library-dir": ".",
    "output-dir": "/root/compiler/measurements/m3-5-headline-m4/family/ancestor_nonancestor/n4000/dlc",
    "profile": "prof.log",
    "relationCount": "11",
    "ruleCount": "19",
    "version": "2.5",
    "warn": "all",
    "wno": "none"
   },
   "relation": {
    "ancestor_bf": {
     "iteration": {
      "0": {
       "copytime": { "start": 22203059178, "end": 22203059179},
       "maxRSS": {
        "post": 15140,
        "pre": 15140
       },
       "num-tuples": 0,
       "recursive-rule": {
        "ancestor_bf(x,y) :- \n   sup_ancestor_bf_r1_2(x,y).": {
         "0": {
          "atom-frequency": {
           "@new_ancestor_bf(x,y) :- \n   @delta_sup_ancestor_bf_r1_2(x,y).": {
            "@delta_sup_ancestor_bf_r1_2": {
             "level": 0,
             "num-tuples": 0
            }
           }
          },
          "maxRSS": {
           "post": 15140,
           "pre": 15140
          },
          "num-tuples": 0,
          "runtime": { "start": 22203059073, "end": 22203059074},
          "source-locator": "/root/compiler/measurements/m3-5-headline-m4/family/ancestor_nonancestor/n4000/emit_guarded/transformed.dl [35:1-35:49]"
         }
        }
       },
       "runtime": { "start": 22203059073, "end": 22203059081}
      },
      "1": {
       "copytime": { "start": 22203059281, "end": 22203059305},
       "maxRSS": {
        "post": 15140,
        "pre": 15140
       },
       "num-tuples": 348,
       "recursive-rule": {
        "ancestor_bf(x,y) :- \n   sup_ancestor_bf_r1_2(x,y).": {
         "0": {
          "maxRSS": {
           "post": 15140,
           "pre": 15140
          },
          "num-tuples": 348,
          "runtime": { "start": 22203059204, "end": 22203059240},
          "source-locator": "/root/compiler/measurements/m3-5-headline-m4/family/ancestor_nonancestor/n4000/emit_guarded/transformed.dl [35:1-35:49]"
         }
        }
       },
       "runtime": { "start": 22203059204, "end": 22203059247}
      },
      "10": {
       "copytime": { "start": 22203061048, "end": 22203061049},
       "maxRSS": {
        "post": 15140,
        "pre": 15140
       },
       "num-tuples": 0,
       "recursive-rule": {
        "ancestor_bf(x,y) :- \n   sup_ancestor_bf_r1_2(x,y).": {
         "0": {
          "maxRSS": {
           "post": 15140,
           "pre": 15140
          },
          "num-tuples": 0,
          "runtime": { "start": 22203060938, "end": 22203060939},
          "source-locator": "/root/compiler/measurements/m3-5-headline-m4/family/ancestor_nonancestor/n4000/emit_guarded/transformed.dl [35:1-35:49]"
         }
        }
       },
       "runtime": { "start": 22203060938, "end": 22203060945}
      },
      "11": {
       "copytime": { "start": 22203061112, "end": 22203061121},
       "maxRSS": {
        "post": 15140,
        "pre": 15140
       },
       "num-tuples": 67,
       "recursive-rule": {
        "ancestor_bf(x,y) :- \n   sup_ancestor_bf_r1_2(x,y).": {
         "0": {
          "maxRSS": {
           "post": 15140,
           "pre": 15140
          },
          "num-tuples": 67,
          "runtime": { "start": 22203061068, "end": 22203061080},
          "source-locator": "/root/compiler/measurements/m3-5-headline-m4/family/ancestor_nonancestor/n4000/emit_guarded/transformed.dl [35:1-35:49]"
         }
        }
       },
       "runtime": { "start": 22203061068, "end": 22203061091}
      },
      "12": {
       "copytime": { "start": 22203061217, "end": 22203061218},
       "maxRSS": {
        "post": 15140,
        "pre": 15140
       },
       "num-tuples": 0,
       "recursive-rule": {
        "ancestor_bf(x,y) :- \n   sup_ancestor_bf_r1_2(x,y).": {
         "0": {
          "maxRSS": {
           "post": 15140,
           "pre": 15140
          },
          "num-tuples": 0,
          "runtime": { "start": 22203061129, "end": 22203061129},
          "source-locator": "/root/compiler/measurements/m3-5-headline-m4/family/ancestor_nonancestor/n4000/emit_guarded/transformed.dl [35:1-35:49]"
         }
        }
       },
       "runtime": { "start": 22203061128, "end": 22203061135}
      },
      "13": {
       "copytime": { "start": 22203061259, "end": 22203061263},
       "maxRSS": {
        "post": 15140,
        "pre": 15140
       },
       "num-tuples": 28,
       "recursive-rule": {
        "ancestor_bf(x,y) :- \n   sup_ancestor_bf_r1_2(x,y).": {
         "0": {
          "maxRSS": {
           "post": 15140,
           "pre": 15140
          },
          "num-tuples": 28,
          "runtime": { "start": 22203061228, "end": 22203061233},
          "source-locator": "/root/compiler/measurements/m3-5-headline-m4/family/ancestor_nonancestor/n4000/emit_guarded/transformed.dl [35:1-35:49]"
         }
        }
       },
       "runtime": { "start": 22203061228, "end": 22203061240}
      },
      "14": {
       "copytime": { "start": 22203061325, "end": 22203061325},
       "maxRSS": {
        "post": 15140,
        "pre": 15140
       },
       "num-tuples": 0,
       "recursive-rule": {
        "ancestor_bf(x,y) :- \n   sup_ancestor_bf_r1_2(x,y).": {
         "0": {
          "maxRSS": {
           "post": 15140,
           "pre": 15140
          },
          "num-tuples": 0,
          "runtime": { "start": 22203061269, "end": 22203061270},
          "source-locator": "/root/compiler/measurements/m3-5-headline-m4/family/ancestor_nonancestor/n4000/emit_guarded/transformed.dl [35:1-35:49]"
         }
        }
       },
       "runtime": { "start": 22203061269, "end": 22203061276}
      },
      "15": {
       "copytime": { "start": 22203061363, "end": 22203061365},
       "maxRSS": {
        "post": 15140,
        "pre": 15140
       },
       "num-tuples": 4,
       "recursive-rule": {
        "ancestor_bf(x,y) :- \n   sup_ancestor_bf_r1_2(x,y).": {
         "0": {
          "maxRSS": {
           "post": 15140,
           "pre": 15140
          },
          "num-tuples": 4,
          "runtime": { "start": 22203061334, "end": 22203061335},
          "source-locator": "/root/compiler/measurements/m3-5-headline-m4/family/ancestor_nonancestor/n4000/emit_guarded/transformed.dl [35:1-35:49]"
         }
        }
       },
       "runtime": { "start": 22203061333, "end": 22203061342}
      },
      "16": {
       "maxRSS": {
        "post": 15140,
        "pre": 15140
       },
       "num-tuples": 0,
       "recursive-rule": {
        "ancestor_bf(x,y) :- \n   sup_ancestor_bf_r1_2(x,y).": {
         "0": {
          "maxRSS": {
           "post": 15140,
           "pre": 15140
          },
          "num-tuples": 0,
          "runtime": { "start": 22203061373, "end": 22203061373},
          "source-locator": "/root/compiler/measurements/m3-5-headline-m4/family/ancestor_nonancestor/n4000/emit_guarded/transformed.dl [35:1-35:49]"
         }
        }
       },
       "runtime": { "start": 22203061372, "end": 22203061378}
      },
      "2": {
       "copytime": { "start": 22203059474, "end": 22203059475},
       "maxRSS": {
        "post": 15140,
        "pre": 15140
       },
       "num-tuples": 0,
       "recursive-rule": {
        "ancestor_bf(x,y) :- \n   sup_ancestor_bf_r1_2(x,y).": {
         "0": {
          "maxRSS": {
           "post": 15140,
           "pre": 15140
          },
          "num-tuples": 0,
          "runtime": { "start": 22203059313, "end": 22203059313},
          "source-locator": "/root/compiler/measurements/m3-5-headline-m4/family/ancestor_nonancestor/n4000/emit_guarded/transformed.dl [35:1-35:49]"
         }
        }
       },
       "runtime": { "start": 22203059313, "end": 22203059320}
      },
      "3": {
       "copytime": { "start": 22203059631, "end": 22203059674},
       "maxRSS": {
        "post": 15140,
        "pre": 15140
       },
       "num-tuples": 574,
       "recursive-rule": {
        "ancestor_bf(x,y) :- \n   sup_ancestor_bf_r1_2(x,y).": {
         "0": {
          "maxRSS": {
           "post": 15140,
           "pre": 15140
          },
          "num-tuples": 574,
          "runtime": { "start": 22203059525, "end": 22203059589},
          "source-locator": "/root/compiler/measurements/m3-5-headline-m4/family/ancestor_nonancestor/n4000/emit_guarded/transformed.dl [35:1-35:49]"
         }
        }
       },
       "runtime": { "start": 22203059525, "end": 22203059596}
      },
      "4": {
       "copytime": { "start": 22203059913, "end": 22203059914},
       "maxRSS": {
        "post": 15140,
        "pre": 15140
       },
       "num-tuples": 0,
       "recursive-rule": {
        "ancestor_bf(x,y) :- \n   sup_ancestor_bf_r1_2(x,y).": {
         "0": {
          "maxRSS": {
           "post": 15140,
           "pre": 15140
          },
          "num-tuples": 0,
          "runtime": { "start": 22203059694, "end": 22203059694},
          "source-locator": "/root/compiler/measurements/m3-5-headline-m4/family/ancestor_nonancestor/n4000/emit_guarded/transformed.dl [35:1-35:49]"
         }
        }
       },
       "runtime": { "start": 22203059693, "end": 22203059701}
      },
      "5": {
       "copytime": { "start": 22203060128, "end": 22203060175},
       "maxRSS": {
        "post": 15140,
        "pre": 15140
       },
       "num-tuples": 575,
       "recursive-rule": {
        "ancestor_bf(x,y) :- \n   sup_ancestor_bf_r1_2(x,y).": {
         "0": {
          "maxRSS": {
           "post": 15140,
           "pre": 15140
          },
          "num-tuples": 575,
          "runtime": { "start": 22203059981, "end": 22203060059},
          "source-locator": "/root/compiler/measurements/m3-5-headline-m4/family/ancestor_nonancestor/n4000/emit_guarded/transformed.dl [35:1-35:49]"
         }
        }
       },
       "runtime": { "start": 22203059972, "end": 22203060092}
      },
      "6": {
       "copytime": { "start": 22203060397, "end": 22203060398},
       "maxRSS": {
        "post": 15140,
        "pre": 15140
       },
       "num-tuples": 0,
       "recursive-rule": {
        "ancestor_bf(x,y) :- \n   sup_ancestor_bf_r1_2(x,y).": {
         "0": {
          "maxRSS": {
           "post": 15140,
           "pre": 15140
          },
          "num-tuples": 0,
          "runtime": { "start": 22203060193, "end": 22203060194},
          "source-locator": "/root/compiler/measurements/m3-5-headline-m4/family/ancestor_nonancestor/n4000/emit_guarded/transformed.dl [35:1-35:49]"
         }
        }
       },
       "runtime": { "start": 22203060193, "end": 22203060202}
      },
      "7": {
       "copytime": { "start": 22203060542, "end": 22203060577},
       "maxRSS": {
        "post": 15140,
        "pre": 15140
       },
       "num-tuples": 379,
       "recursive-rule": {
        "ancestor_bf(x,y) :- \n   sup_ancestor_bf_r1_2(x,y).": {
         "0": {
          "maxRSS": {
           "post": 15140,
           "pre": 15140
          },
          "num-tuples": 379,
          "runtime": { "start": 22203060449, "end": 22203060498},
          "source-locator": "/root/compiler/measurements/m3-5-headline-m4/family/ancestor_nonancestor/n4000/emit_guarded/transformed.dl [35:1-35:49]"
         }
        }
       },
       "runtime": { "start": 22203060441, "end": 22203060507}
      },
      "8": {
       "copytime": { "start": 22203060795, "end": 22203060796},
       "maxRSS": {
        "post": 15140,
        "pre": 15140
       },
       "num-tuples": 0,
       "recursive-rule": {
        "ancestor_bf(x,y) :- \n   sup_ancestor_bf_r1_2(x,y).": {
         "0": {
          "maxRSS": {
           "post": 15140,
           "pre": 15140
          },
          "num-tuples": 0,
          "runtime": { "start": 22203060595, "end": 22203060596},
          "source-locator": "/root/compiler/measurements/m3-5-headline-m4/family/ancestor_nonancestor/n4000/emit_guarded/transformed.dl [35:1-35:49]"
         }
        }
       },
       "runtime": { "start": 22203060595, "end": 22203060603}
      },
      "9": {
       "copytime": { "start": 22203060910, "end": 22203060931},
       "maxRSS": {
        "post": 15140,
        "pre": 15140
       },
       "num-tuples": 176,
       "recursive-rule": {
        "ancestor_bf(x,y) :- \n   sup_ancestor_bf_r1_2(x,y).": {
         "0": {
          "maxRSS": {
           "post": 15140,
           "pre": 15140
          },
          "num-tuples": 176,
          "runtime": { "start": 22203060828, "end": 22203060864},
          "source-locator": "/root/compiler/measurements/m3-5-headline-m4/family/ancestor_nonancestor/n4000/emit_guarded/transformed.dl [35:1-35:49]"
         }
        }
       },
       "runtime": { "start": 22203060828, "end": 22203060870}
      }
     },
     "maxRSS": {
      "post": 15140,
      "pre": 15140
     },
     "non-recursive-rule": {
      "ancestor_bf(x,y) :- \n   sup_ancestor_bf_r0_1(x,y).": {
       "atom-frequency": {
        "ancestor_bf(x,y) :- \n   sup_ancestor_bf_r0_1(x,y).": {
         "sup_ancestor_bf_r0_1": {
          "level": 0,
          "num-tuples": 0
         }
        }
       },
       "maxRSS": {
        "post": 15140,
        "pre": 15140
       },
       "num-tuples": 149,
       "runtime": { "start": 22203059037, "end": 22203059047},
       "source-locator": "/root/compiler/measurements/m3-5-headline-m4/family/ancestor_nonancestor/n4000/emit_guarded/transformed.dl [30:1-30:49]"
      }
     },
     "num-tuples": 149,
     "reads": 6300,
     "runtime": { "start": 22203059021, "end": 22203059057},
     "source-locator": "/root/compiler/measurements/m3-5-headline-m4/family/ancestor_nonancestor/n4000/emit_guarded/transformed.dl [17:7-17:18]"
    },
    "magic_ancestor_bf": {
     "iteration": {
      "0": {
       "copytime": { "start": 22203058338, "end": 22203058338},
       "maxRSS": {
        "post": 15140,
        "pre": 15140
       },
       "num-tuples": 0,
       "recursive-rule": {
        "magic_ancestor_bf(z) :- \n   sup_ancestor_bf_r0_1(_,z).": {
         "0": {
          "atom-frequency": {
           "@new_magic_ancestor_bf(z) :- \n   @delta_sup_ancestor_bf_r0_1(_,z).": {
            "@delta_sup_ancestor_bf_r0_1": {
             "level": 0,
             "num-tuples": 0
            }
           }
          },
          "maxRSS": {
           "post": 15140,
           "pre": 15140
          },
          "num-tuples": 0,
          "runtime": { "start": 22203058277, "end": 22203058277},
          "source-locator": "/root/compiler/measurements/m3-5-headline-m4/family/ancestor_nonancestor/n4000/emit_guarded/transformed.dl [34:1-34:52]"
         }
        }
       },
       "runtime": { "start": 22203058276, "end": 22203058285}
      },
      "1": {
       "copytime": { "start": 22203058400, "end": 22203058401},
       "maxRSS": {
        "post": 15140,
        "pre": 15140
       },
       "num-tuples": 9,
       "recursive-rule": {
        "magic_ancestor_bf(z) :- \n   sup_ancestor_bf_r0_1(_,z).": {
         "0": {
          "maxRSS": {
           "post": 15140,
           "pre": 15140
          },
          "num-tuples": 9,
          "runtime": { "start": 22203058356, "end": 22203058358},
          "source-locator": "/root/compiler/measurements/m3-5-headline-m4/family/ancestor_nonancestor/n4000/emit_guarded/transformed.dl [34:1-34:52]"
         }
        }
       },
       "runtime": { "start": 22203058347, "end": 22203058366}
      },
      "10": {
       "copytime": { "start": 22203058894, "end": 22203058895},
       "maxRSS": {
        "post": 15140,
        "pre": 15140
       },
       "num-tuples": 0,
       "recursive-rule": {
        "magic_ancestor_bf(z) :- \n   sup_ancestor_bf_r0_1(_,z).": {
         "0": {
          "maxRSS": {
           "post": 15140,
           "pre": 15140
          },
          "num-tuples": 0,
          "runtime": { "start": 22203058836, "end": 22203058837},
          "source-locator": "/root/compiler/measurements/m3-5-headline-m4/family/ancestor_nonancestor/n4000/emit_guarded/transformed.dl [34:1-34:52]"
         }
        }
       },
       "runtime": { "start": 22203058834, "end": 22203058845}
      },
      "11": {
       "maxRSS": {
        "post": 15140,
        "pre": 15140
       },
       "num-tuples": 0,
       "recursive-rule": {
        "magic_ancestor_bf(z) :- \n   sup_ancestor_bf_r0_1(_,z).": {
         "0": {
          "maxRSS": {
           "post": 15140,
           "pre": 15140
          },
          "num-tuples": 0,
          "runtime": { "start": 22203058914, "end": 22203058915},
          "source-locator": "/root/compiler/measurements/m3-5-headline-m4/family/ancestor_nonancestor/n4000/emit_guarded/transformed.dl [34:1-34:52]"
         }
        }
       },
       "runtime": { "start": 22203058914, "end": 22203058922}
      },
      "2": {
       "copytime": { "start": 22203058440, "end": 22203058440},
       "maxRSS": {
        "post": 15140,
        "pre": 15140
       },
       "num-tuples": 0,
       "recursive-rule": {
        "magic_ancestor_bf(z) :- \n   sup_ancestor_bf_r0_1(_,z).": {
         "0": {
          "maxRSS": {
           "post": 15140,
           "pre": 15140
          },
          "num-tuples": 0,
          "runtime": { "start": 22203058409, "end": 22203058409},
          "source-locator": "/root/compiler/measurements/m3-5-headline-m4/family/ancestor_nonancestor/n4000/emit_guarded/transformed.dl [34:1-34:52]"
         }
        }
       },
       "runtime": { "start": 22203058408, "end": 22203058416}
      },
      "3": {
       "copytime": { "start": 22203058475, "end": 22203058478},
       "maxRSS": {
        "post": 15140,
        "pre": 15140
       },
       "num-tuples": 17,
       "recursive-rule": {
        "magic_ancestor_bf(z) :- \n   sup_ancestor_bf_r0_1(_,z).": {
         "0": {
          "maxRSS": {
           "post": 15140,
           "pre": 15140
          },
          "num-tuples": 17,
          "runtime": { "start": 22203058448, "end": 22203058451},
          "source-locator": "/root/compiler/measurements/m3-5-headline-m4/family/ancestor_nonancestor/n4000/emit_guarded/transformed.dl [34:1-34:52]"
         }
        }
       },
       "runtime": { "start": 22203058448, "end": 22203058456}
      },
      "4": {
       "copytime": { "start": 22203058544, "end": 22203058545},
       "maxRSS": {
        "post": 15140,
        "pre": 15140
       },
       "num-tuples": 0,
       "recursive-rule": {
        "magic_ancestor_bf(z) :- \n   sup_ancestor_bf_r0_1(_,z).": {
         "0": {
          "maxRSS": {
           "post": 15140,
           "pre": 15140
          },
          "num-tuples": 0,
          "runtime": { "start": 22203058486, "end": 22203058486},
          "source-locator": "/root/compiler/measurements/m3-5-headline-m4/family/ancestor_nonancestor/n4000/emit_guarded/transformed.dl [34:1-34:52]"
         }
        }
       },
       "runtime": { "start": 22203058485, "end": 22203058491}
      },
      "5": {
       "copytime": { "start": 22203058614, "end": 22203058617},
       "maxRSS": {
        "post": 15140,
        "pre": 15140
       },
       "num-tuples": 18,
       "recursive-rule": {
        "magic_ancestor_bf(z) :- \n   sup_ancestor_bf_r0_1(_,z).": {
         "0": {
          "maxRSS": {
           "post": 15140,
           "pre": 15140
          },
          "num-tuples": 18,
          "runtime": { "start": 22203058566, "end": 22203058572},
          "source-locator": "/root/compiler/measurements/m3-5-headline-m4/family/ancestor_nonancestor/n4000/emit_guarded/transformed.dl [34:1-34:52]"
         }
        }
       },
       "runtime": { "start": 22203058566, "end": 22203058579}
      },
      "6": {
       "copytime": { "start": 22203058662, "end": 22203058663},
       "maxRSS": {
        "post": 15140,
        "pre": 15140
       },
       "num-tuples": 0,
       "recursive-rule": {
        "magic_ancestor_bf(z) :- \n   sup_ancestor_bf_r0_1(_,z).": {
         "0": {
          "maxRSS": {
           "post": 15140,
           "pre": 15140
          },
          "num-tuples": 0,
          "runtime": { "start": 22203058624, "end": 22203058625},
          "source-locator": "/root/compiler/measurements/m3-5-headline-m4/family/ancestor_nonancestor/n4000/emit_guarded/transformed.dl [34:1-34:52]"
         }
        }
       },
       "runtime": { "start": 22203058623, "end": 22203058631}
      },
      "7": {
       "copytime": { "start": 22203058745, "end": 22203058746},
       "maxRSS": {
        "post": 15140,
        "pre": 15140
       },
       "num-tuples": 4,
       "recursive-rule": {
        "magic_ancestor_bf(z) :- \n   sup_ancestor_bf_r0_1(_,z).": {
         "0": {
          "maxRSS": {
           "post": 15140,
           "pre": 15140
          },
          "num-tuples": 4,
          "runtime": { "start": 22203058686, "end": 22203058698},
          "source-locator": "/root/compiler/measurements/m3-5-headline-m4/family/ancestor_nonancestor/n4000/emit_guarded/transformed.dl [34:1-34:52]"
         }
        }
       },
       "runtime": { "start": 22203058685, "end": 22203058706}
      },
      "8": {
       "copytime": { "start": 22203058780, "end": 22203058780},
       "maxRSS": {
        "post": 15140,
        "pre": 15140
       },
       "num-tuples": 0,
       "recursive-rule": {
        "magic_ancestor_bf(z) :- \n   sup_ancestor_bf_r0_1(_,z).": {
         "0": {
          "maxRSS": {
           "post": 15140,
           "pre": 15140
          },
          "num-tuples": 0,
          "runtime": { "start": 22203058752, "end": 22203058753},
          "source-locator": "/root/compiler/measurements/m3-5-headline-m4/family/ancestor_nonancestor/n4000/emit_guarded/transformed.dl [34:1-34:52]"
         }
        }
       },
       "runtime": { "start": 22203058752, "end": 22203058759}
      },
      "9": {
       "copytime": { "start": 22203058815, "end": 22203058824},
       "maxRSS": {
        "post": 15140,
        "pre": 15140
       },
       "num-tuples": 1,
       "recursive-rule": {
        "magic_ancestor_bf(z) :- \n   sup_ancestor_bf_r0_1(_,z).": {
         "0": {
          "maxRSS": {
           "post": 15140,
           "pre": 15140
          },
          "num-tuples": 1,
          "runtime": { "start": 22203058787, "end": 22203058789},
          "source-locator": "/root/compiler/measurements/m3-5-headline-m4/family/ancestor_nonancestor/n4000/emit_guarded/transformed.dl [34:1-34:52]"
         }
        }
       },
       "runtime": { "start": 22203058787, "end": 22203058793}
      }
     },
     "maxRSS": {
      "post": 15140,
      "pre": 15140
     },
     "non-recursive-rule": {
      "magic_ancestor_bf(x) :- \n   sup_nonancestor_bf_r0_2(x,_).": {
       "atom-frequency": {
        "magic_ancestor_bf(x) :- \n   sup_nonancestor_bf_r0_2(x,_).": {
         "sup_nonancestor_bf_r0_2": {
          "level": 0,
          "num-tuples": 0
         }
        }
       },
       "maxRSS": {
        "post": 15140,
        "pre": 15140
       },
       "num-tuples": 1,
       "runtime": { "start": 22203058217, "end": 22203058260},
       "source-locator": "/root/compiler/measurements/m3-5-headline-m4/family/ancestor_nonancestor/n4000/emit_guarded/transformed.dl [26:1-26:55]"
      }
     },
     "num-tuples": 1,
     "reads": 149,
     "runtime": { "start": 22203058209, "end": 22203058268},
     "source-locator": "/root/compiler/measurements/m3-5-headline-m4/family/ancestor_nonancestor/n4000/emit_guarded/transformed.dl [13:7-13:24]"
    },
    "magic_nonancestor_bf": {
     "maxRSS": {
      "post": 15140,
      "pre": 15140
     },
     "non-recursive-rule": {
      "magic_nonancestor_bf(1).": {
       "maxRSS": {
        "post": 15140,
        "pre": 15140
       },
       "num-tuples": 1,
       "runtime": { "start": 22203055674, "end": 22203055679},
       "source-locator": "/root/compiler/measurements/m3-5-headline-m4/family/ancestor_nonancestor/n4000/emit_guarded/transformed.dl [36:1-36:25]"
      }
     },
     "num-tuples": 1,
     "reads": 0,
     "runtime": { "start": 22203055672, "end": 22203055687},
     "source-locator": "/root/compiler/measurements/m3-5-headline-m4/family/ancestor_nonancestor/n4000/emit_guarded/transformed.dl [21:7-21:27]"
    },
    "parent": {
     "loadtime": { "start": 22203055705, "end": 22203057614},
     "num-tuples": 8000,
     "reads": 0,
     "source-locator": "/root/compiler/measurements/m3-5-headline-m4/family/ancestor_nonancestor/n4000/emit_guarded/transformed.dl [1:7-1:13]"
    },
    "person": {
     "loadtime": { "start": 22203057624, "end": 22203058011},
     "num-tuples": 4000,
     "reads": 1,
     "source-locator": "/root/compiler/measurements/m3-5-headline-m4/family/ancestor_nonancestor/n4000/emit_guarded/transformed.dl [3:7-3:13]"
    },
    "q_nonancestor": {
     "maxRSS": {
      "post": 15140,
      "pre": 15140
     },
     "non-recursive-rule": {
      "q_nonancestor(y) :- \n   sup_nonancestor_bf_r0_3(1,y).": {
       "atom-frequency": {
        "q_nonancestor(y) :- \n   sup_nonancestor_bf_r0_3(1,y).": {
         "sup_nonancestor_bf_r0_3": {
          "level": 0,
          "num-tuples": 0
         }
        }
       },
       "maxRSS": {
        "post": 15140,
        "pre": 15140
       },
       "num-tuples": 3950,
       "runtime": { "start": 22203061730, "end": 22203061844},
       "source-locator": "/root/compiler/measurements/m3-5-headline-m4/family/ancestor_nonancestor/n4000/emit_guarded/transformed.dl [37:1-37:42]"
      }
     },
     "num-tuples": 3950,
     "reads": 0,
     "runtime": { "start": 22203061721, "end": 22203061853},
     "savetime": { "start": 22203061857, "end": 22203062093},
     "source-locator": "/root/compiler/measurements/m3-5-headline-m4/family/ancestor_nonancestor/n4000/emit_guarded/transformed.dl [7:7-7:20]"
    },
    "sup_ancestor_bf_r0_1": {
     "iteration": {
      "0": {
       "copytime": { "start": 22203058343, "end": 22203058344},
       "maxRSS": {
        "post": 15140,
        "pre": 15140
       },
       "num-tuples": 9,
       "recursive-rule": {
        "sup_ancestor_bf_r0_1(x,y) :- \n   magic_ancestor_bf(x),\n   parent(x,y).": {
         "0": {
          "atom-frequency": {
           "@new_sup_ancestor_bf_r0_1(x,y) :- \n   @delta_magic_ancestor_bf(x),\n   parent(x,y).": {
            "@delta_magic_ancestor_bf": {
             "level": 0,
             "num-tuples": 0
            },
            "parent": {
             "level": 1,
             "num-tuples": 0
            }
           }
          },
          "maxRSS": {
           "post": 15140,
           "pre": 15140
          },
          "num-tuples": 9,
          "runtime": { "start": 22203058299, "end": 22203058305},
          "source-locator": "/root/compiler/measurements/m3-5-headline-m4/family/ancestor_nonancestor/n4000/emit_guarded/transformed.dl [29:1-29:69]"
         }
        }
       },
       "runtime": { "start": 22203058290, "end": 22203058313}
      },
      "1": {
       "copytime": { "start": 22203058404, "end": 22203058405},
       "maxRSS": {
        "post": 15140,
        "pre": 15140
       },
       "num-tuples": 0,
       "recursive-rule": {
        "sup_ancestor_bf_r0_1(x,y) :- \n   magic_ancestor_bf(x),\n   parent(x,y).": {
         "0": {
          "maxRSS": {
           "post": 15140,
           "pre": 15140
          },
          "num-tuples": 0,
          "runtime": { "start": 22203058371, "end": 22203058372},
          "source-locator": "/root/compiler/measurements/m3-5-headline-m4/family/ancestor_nonancestor/n4000/emit_guarded/transformed.dl [29:1-29:69]"
         }
        }
       },
       "runtime": { "start": 22203058371, "end": 22203058378}
      },
      "10": {
       "copytime": { "start": 22203058899, "end": 22203058908},
       "maxRSS": {
        "post": 15140,
        "pre": 15140
       },
       "num-tuples": 3,
       "recursive-rule": {
        "sup_ancestor_bf_r0_1(x,y) :- \n   magic_ancestor_bf(x),\n   parent(x,y).": {
         "0": {
          "maxRSS": {
           "post": 15140,
           "pre": 15140
          },
          "num-tuples": 3,
          "runtime": { "start": 22203058858, "end": 22203058860},
          "source-locator": "/root/compiler/measurements/m3-5-headline-m4/family/ancestor_nonancestor/n4000/emit_guarded/transformed.dl [29:1-29:69]"
         }
        }
       },
       "runtime": { "start": 22203058849, "end": 22203058868}
      },
      "11": {
       "maxRSS": {
        "post": 15140,
        "pre": 15140
       },
       "num-tuples": 0,
       "recursive-rule": {
        "sup_ancestor_bf_r0_1(x,y) :- \n   magic_ancestor_bf(x),\n   parent(x,y).": {
         "0": {
          "maxRSS": {
           "post": 15140,
           "pre": 15140
          },
          "num-tuples": 0,
          "runtime": { "start": 22203058935, "end": 22203058936},
          "source-locator": "/root/compiler/measurements/m3-5-headline-m4/family/ancestor_nonancestor/n4000/emit_guarded/transformed.dl [29:1-29:69]"
         }
        }
       },
       "runtime": { "start": 22203058927, "end": 22203058946}
      },
      "2": {
       "copytime": { "start": 22203058443, "end": 22203058445},
       "maxRSS": {
        "post": 15140,
        "pre": 15140
       },
       "num-tuples": 30,
       "recursive-rule": {
        "sup_ancestor_bf_r0_1(x,y) :- \n   magic_ancestor_bf(x),\n   parent(x,y).": {
         "0": {
          "maxRSS": {
           "post": 15140,
           "pre": 15140
          },
          "num-tuples": 30,
          "runtime": { "start": 22203058419, "end": 22203058425},
          "source-locator": "/root/compiler/measurements/m3-5-headline-m4/family/ancestor_nonancestor/n4000/emit_guarded/transformed.dl [29:1-29:69]"
         }
        }
       },
       "runtime": { "start": 22203058419, "end": 22203058430}
      },
      "3": {
       "copytime": { "start": 22203058481, "end": 22203058482},
       "maxRSS": {
        "post": 15140,
        "pre": 15140
       },
       "num-tuples": 0,
       "recursive-rule": {
        "sup_ancestor_bf_r0_1(x,y) :- \n   magic_ancestor_bf(x),\n   parent(x,y).": {
         "0": {
          "maxRSS": {
           "post": 15140,
           "pre": 15140
          },
          "num-tuples": 0,
          "runtime": { "start": 22203058460, "end": 22203058460},
          "source-locator": "/root/compiler/measurements/m3-5-headline-m4/family/ancestor_nonancestor/n4000/emit_guarded/transformed.dl [29:1-29:69]"
         }
        }
       },
       "runtime": { "start": 22203058459, "end": 22203058465}
      },
      "4": {
       "copytime": { "start": 22203058548, "end": 22203058561},
       "maxRSS": {
        "post": 15140,
        "pre": 15140
       },
       "num-tuples": 54,
       "recursive-rule": {
        "sup_ancestor_bf_r0_1(x,y) :- \n   magic_ancestor_bf(x),\n   parent(x,y).": {
         "0": {
          "maxRSS": {
           "post": 15140,
           "pre": 15140
          },
          "num-tuples": 54,
          "runtime": { "start": 22203058503, "end": 22203058512},
          "source-locator": "/root/compiler/measurements/m3-5-headline-m4/family/ancestor_nonancestor/n4000/emit_guarded/transformed.dl [29:1-29:69]"
         }
        }
       },
       "runtime": { "start": 22203058494, "end": 22203058519}
      },
      "5": {
       "copytime": { "start": 22203058620, "end": 22203058621},
       "maxRSS": {
        "post": 15140,
        "pre": 15140
       },
       "num-tuples": 0,
       "recursive-rule": {
        "sup_ancestor_bf_r0_1(x,y) :- \n   magic_ancestor_bf(x),\n   parent(x,y).": {
         "0": {
          "maxRSS": {
           "post": 15140,
           "pre": 15140
          },
          "num-tuples": 0,
          "runtime": { "start": 22203058593, "end": 22203058593},
          "source-locator": "/root/compiler/measurements/m3-5-headline-m4/family/ancestor_nonancestor/n4000/emit_guarded/transformed.dl [29:1-29:69]"
         }
        }
       },
       "runtime": { "start": 22203058583, "end": 22203058602}
      },
      "6": {
       "copytime": { "start": 22203058666, "end": 22203058678},
       "maxRSS": {
        "post": 15140,
        "pre": 15140
       },
       "num-tuples": 42,
       "recursive-rule": {
        "sup_ancestor_bf_r0_1(x,y) :- \n   magic_ancestor_bf(x),\n   parent(x,y).": {
         "0": {
          "maxRSS": {
           "post": 15140,
           "pre": 15140
          },
          "num-tuples": 42,
          "runtime": { "start": 22203058636, "end": 22203058647},
          "source-locator": "/root/compiler/measurements/m3-5-headline-m4/family/ancestor_nonancestor/n4000/emit_guarded/transformed.dl [29:1-29:69]"
         }
        }
       },
       "runtime": { "start": 22203058635, "end": 22203058651}
      },
      "7": {
       "copytime": { "start": 22203058748, "end": 22203058749},
       "maxRSS": {
        "post": 15140,
        "pre": 15140
       },
       "num-tuples": 0,
       "recursive-rule": {
        "sup_ancestor_bf_r0_1(x,y) :- \n   magic_ancestor_bf(x),\n   parent(x,y).": {
         "0": {
          "maxRSS": {
           "post": 15140,
           "pre": 15140
          },
          "num-tuples": 0,
          "runtime": { "start": 22203058722, "end": 22203058723},
          "source-locator": "/root/compiler/measurements/m3-5-headline-m4/family/ancestor_nonancestor/n4000/emit_guarded/transformed.dl [29:1-29:69]"
         }
        }
       },
       "runtime": { "start": 22203058711, "end": 22203058732}
      },
      "8": {
       "copytime": { "start": 22203058783, "end": 22203058784},
       "maxRSS": {
        "post": 15140,
        "pre": 15140
       },
       "num-tuples": 11,
       "recursive-rule": {
        "sup_ancestor_bf_r0_1(x,y) :- \n   magic_ancestor_bf(x),\n   parent(x,y).": {
         "0": {
          "maxRSS": {
           "post": 15140,
           "pre": 15140
          },
          "num-tuples": 11,
          "runtime": { "start": 22203058762, "end": 22203058765},
          "source-locator": "/root/compiler/measurements/m3-5-headline-m4/family/ancestor_nonancestor/n4000/emit_guarded/transformed.dl [29:1-29:69]"
         }
        }
       },
       "runtime": { "start": 22203058762, "end": 22203058769}
      },
      "9": {
       "copytime": { "start": 22203058829, "end": 22203058830},
       "maxRSS": {
        "post": 15140,
        "pre": 15140
       },
       "num-tuples": 0,
       "recursive-rule": {
        "sup_ancestor_bf_r0_1(x,y) :- \n   magic_ancestor_bf(x),\n   parent(x,y).": {
         "0": {
          "maxRSS": {
           "post": 15140,
           "pre": 15140
          },
          "num-tuples": 0,
          "runtime": { "start": 22203058797, "end": 22203058797},
          "source-locator": "/root/compiler/measurements/m3-5-headline-m4/family/ancestor_nonancestor/n4000/emit_guarded/transformed.dl [29:1-29:69]"
         }
        }
       },
       "runtime": { "start": 22203058796, "end": 22203058803}
      }
     },
     "num-tuples": 0,
     "reads": 149,
     "source-locator": "/root/compiler/measurements/m3-5-headline-m4/family/ancestor_nonancestor/n4000/emit_guarded/transformed.dl [16:7-16:27]"
    },
    "sup_ancestor_bf_r1_2": {
     "iteration": {
      "0": {
       "copytime": { "start": 22203059183, "end": 22203059200},
       "maxRSS": {
        "post": 15140,
        "pre": 15140
       },
       "num-tuples": 373,
       "recursive-rule": {
        "sup_ancestor_bf_r1_2(x,y) :- \n   sup_ancestor_bf_r0_1(x,z),\n   ancestor_bf(z,y).": {
         "0": {
          "atom-frequency": {
           "@new_sup_ancestor_bf_r1_2(x,y) :- \n   sup_ancestor_bf_r0_1(x,z),\n   @delta_ancestor_bf(z,y).": {
            "@delta_ancestor_bf": {
             "level": 1,
             "num-tuples": 0
            },
            "sup_ancestor_bf_r0_1": {
             "level": 0,
             "num-tuples": 0
            }
           }
          },
          "maxRSS": {
           "post": 15140,
           "pre": 15140
          },
          "num-tuples": 373,
          "runtime": { "start": 22203059086, "end": 22203059142},
          "source-locator": "/root/compiler/measurements/m3-5-headline-m4/family/ancestor_nonancestor/n4000/emit_guarded/transformed.dl [33:1-33:77]"
         }
        }
       },
       "runtime": { "start": 22203059086, "end": 22203059149}
      },
      "1": {
       "copytime": { "start": 22203059308, "end": 22203059309},
       "maxRSS": {
        "post": 15140,
        "pre": 15140
       },
       "num-tuples": 0,
       "recursive-rule": {
        "sup_ancestor_bf_r1_2(x,y) :- \n   sup_ancestor_bf_r0_1(x,z),\n   ancestor_bf(z,y).": {
         "0": {
          "maxRSS": {
           "post": 15140,
           "pre": 15140
          },
          "num-tuples": 0,
          "runtime": { "start": 22203059259, "end": 22203059259},
          "source-locator": "/root/compiler/measurements/m3-5-headline-m4/family/ancestor_nonancestor/n4000/emit_guarded/transformed.dl [33:1-33:77]"
         }
        }
       },
       "runtime": { "start": 22203059250, "end": 22203059268}
      },
      "10": {
       "copytime": { "start": 22203061052, "end": 22203061064},
       "maxRSS": {
        "post": 15140,
        "pre": 15140
       },
       "num-tuples": 70,
       "recursive-rule": {
        "sup_ancestor_bf_r1_2(x,y) :- \n   sup_ancestor_bf_r0_1(x,z),\n   ancestor_bf(z,y).": {
         "0": {
          "maxRSS": {
           "post": 15140,
           "pre": 15140
          },
          "num-tuples": 70,
          "runtime": { "start": 22203060949, "end": 22203061017},
          "source-locator": "/root/compiler/measurements/m3-5-headline-m4/family/ancestor_nonancestor/n4000/emit_guarded/transformed.dl [33:1-33:77]"
         }
        }
       },
       "runtime": { "start": 22203060949, "end": 22203061024}
      },
      "11": {
       "copytime": { "start": 22203061124, "end": 22203061125},
       "maxRSS": {
        "post": 15140,
        "pre": 15140
       },
       "num-tuples": 0,
       "recursive-rule": {
        "sup_ancestor_bf_r1_2(x,y) :- \n   sup_ancestor_bf_r0_1(x,z),\n   ancestor_bf(z,y).": {
         "0": {
          "maxRSS": {
           "post": 15140,
           "pre": 15140
          },
          "num-tuples": 0,
          "runtime": { "start": 22203061095, "end": 22203061095},
          "source-locator": "/root/compiler/measurements/m3-5-headline-m4/family/ancestor_nonancestor/n4000/emit_guarded/transformed.dl [33:1-33:77]"
         }
        }
       },
       "runtime": { "start": 22203061095, "end": 22203061102}
      },
      "12": {
       "copytime": { "start": 22203061220, "end": 22203061224},
       "maxRSS": {
        "post": 15140,
        "pre": 15140
       },
       "num-tuples": 28,
       "recursive-rule": {
        "sup_ancestor_bf_r1_2(x,y) :- \n   sup_ancestor_bf_r0_1(x,z),\n   ancestor_bf(z,y).": {
         "0": {
          "maxRSS": {
           "post": 15140,
           "pre": 15140
          },
          "num-tuples": 28,
          "runtime": { "start": 22203061147, "end": 22203061182},
          "source-locator": "/root/compiler/measurements/m3-5-headline-m4/family/ancestor_nonancestor/n4000/emit_guarded/transformed.dl [33:1-33:77]"
         }
        }
       },
       "runtime": { "start": 22203061138, "end": 22203061191}
      },
      "13": {
       "copytime": { "start": 22203061265, "end": 22203061266},
       "maxRSS": {
        "post": 15140,
        "pre": 15140
       },
       "num-tuples": 0,
       "recursive-rule": {
        "sup_ancestor_bf_r1_2(x,y) :- \n   sup_ancestor_bf_r0_1(x,z),\n   ancestor_bf(z,y).": {
         "0": {
          "maxRSS": {
           "post": 15140,
           "pre": 15140
          },
          "num-tuples": 0,
          "runtime": { "start": 22203061244, "end": 22203061244},
          "source-locator": "/root/compiler/measurements/m3-5-headline-m4/family/ancestor_nonancestor/n4000/emit_guarded/transformed.dl [33:1-33:77]"
         }
        }
       },
       "runtime": { "start": 22203061243, "end": 22203061250}
      },
      "14": {
       "copytime": { "start": 22203061329, "end": 22203061330},
       "maxRSS": {
        "post": 15140,
        "pre": 15140
       },
       "num-tuples": 4,
       "recursive-rule": {
        "sup_ancestor_bf_r1_2(x,y) :- \n   sup_ancestor_bf_r0_1(x,z),\n   ancestor_bf(z,y).": {
         "0": {
          "maxRSS": {
           "post": 15140,
           "pre": 15140
          },
          "num-tuples": 4,
          "runtime": { "start": 22203061279, "end": 22203061297},
          "source-locator": "/root/compiler/measurements/m3-5-headline-m4/family/ancestor_nonancestor/n4000/emit_guarded/transformed.dl [33:1-33:77]"
         }
        }
       },
       "runtime": { "start": 22203061279, "end": 22203061302}
      },
      "15": {
       "copytime": { "start": 22203061367, "end": 22203061368},
       "maxRSS": {
        "post": 15140,
        "pre": 15140
       },
       "num-tuples": 0,
       "recursive-rule": {
        "sup_ancestor_bf_r1_2(x,y) :- \n   sup_ancestor_bf_r0_1(x,z),\n   ancestor_bf(z,y).": {
         "0": {
          "maxRSS": {
           "post": 15140,
           "pre": 15140
          },
          "num-tuples": 0,
          "runtime": { "start": 22203061346, "end": 22203061346},
          "source-locator": "/root/compiler/measurements/m3-5-headline-m4/family/ancestor_nonancestor/n4000/emit_guarded/transformed.dl [33:1-33:77]"
         }
        }
       },
       "runtime": { "start": 22203061345, "end": 22203061352}
      },
      "16": {
       "maxRSS": {
        "post": 15140,
        "pre": 15140
       },
       "num-tuples": 0,
       "recursive-rule": {
        "sup_ancestor_bf_r1_2(x,y) :- \n   sup_ancestor_bf_r0_1(x,z),\n   ancestor_bf(z,y).": {
         "0": {
          "maxRSS": {
           "post": 15140,
           "pre": 15140
          },
          "num-tuples": 0,
          "runtime": { "start": 22203061382, "end": 22203061387},
          "source-locator": "/root/compiler/measurements/m3-5-headline-m4/family/ancestor_nonancestor/n4000/emit_guarded/transformed.dl [33:1-33:77]"
         }
        }
       },
       "runtime": { "start": 22203061381, "end": 22203061394}
      },
      "2": {
       "copytime": { "start": 22203059479, "end": 22203059521},
       "maxRSS": {
        "post": 15140,
        "pre": 15140
       },
       "num-tuples": 625,
       "recursive-rule": {
        "sup_ancestor_bf_r1_2(x,y) :- \n   sup_ancestor_bf_r0_1(x,z),\n   ancestor_bf(z,y).": {
         "0": {
          "maxRSS": {
           "post": 15140,
           "pre": 15140
          },
          "num-tuples": 625,
          "runtime": { "start": 22203059323, "end": 22203059442},
          "source-locator": "/root/compiler/measurements/m3-5-headline-m4/family/ancestor_nonancestor/n4000/emit_guarded/transformed.dl [33:1-33:77]"
         }
        }
       },
       "runtime": { "start": 22203059323, "end": 22203059449}
      },
      "3": {
       "copytime": { "start": 22203059678, "end": 22203059688},
       "maxRSS": {
        "post": 15140,
        "pre": 15140
       },
       "num-tuples": 0,
       "recursive-rule": {
        "sup_ancestor_bf_r1_2(x,y) :- \n   sup_ancestor_bf_r0_1(x,z),\n   ancestor_bf(z,y).": {
         "0": {
          "maxRSS": {
           "post": 15140,
           "pre": 15140
          },
          "num-tuples": 0,
          "runtime": { "start": 22203059608, "end": 22203059609},
          "source-locator": "/root/compiler/measurements/m3-5-headline-m4/family/ancestor_nonancestor/n4000/emit_guarded/transformed.dl [33:1-33:77]"
         }
        }
       },
       "runtime": { "start": 22203059600, "end": 22203059618}
      },
      "4": {
       "copytime": { "start": 22203059917, "end": 22203059968},
       "maxRSS": {
        "post": 15140,
        "pre": 15140
       },
       "num-tuples": 614,
       "recursive-rule": {
        "sup_ancestor_bf_r1_2(x,y) :- \n   sup_ancestor_bf_r0_1(x,z),\n   ancestor_bf(z,y).": {
         "0": {
          "maxRSS": {
           "post": 15140,
           "pre": 15140
          },
          "num-tuples": 614,
          "runtime": { "start": 22203059714, "end": 22203059881},
          "source-locator": "/root/compiler/measurements/m3-5-headline-m4/family/ancestor_nonancestor/n4000/emit_guarded/transformed.dl [33:1-33:77]"
         }
        }
       },
       "runtime": { "start": 22203059705, "end": 22203059889}
      },
      "5": {
       "copytime": { "start": 22203060178, "end": 22203060187},
       "maxRSS": {
        "post": 15140,
        "pre": 15140
       },
       "num-tuples": 0,
       "recursive-rule": {
        "sup_ancestor_bf_r1_2(x,y) :- \n   sup_ancestor_bf_r0_1(x,z),\n   ancestor_bf(z,y).": {
         "0": {
          "maxRSS": {
           "post": 15140,
           "pre": 15140
          },
          "num-tuples": 0,
          "runtime": { "start": 22203060104, "end": 22203060105},
          "source-locator": "/root/compiler/measurements/m3-5-headline-m4/family/ancestor_nonancestor/n4000/emit_guarded/transformed.dl [33:1-33:77]"
         }
        }
       },
       "runtime": { "start": 22203060097, "end": 22203060114}
      },
      "6": {
       "copytime": { "start": 22203060402, "end": 22203060437},
       "maxRSS": {
        "post": 15140,
        "pre": 15140
       },
       "num-tuples": 406,
       "recursive-rule": {
        "sup_ancestor_bf_r1_2(x,y) :- \n   sup_ancestor_bf_r0_1(x,z),\n   ancestor_bf(z,y).": {
         "0": {
          "maxRSS": {
           "post": 15140,
           "pre": 15140
          },
          "num-tuples": 406,
          "runtime": { "start": 22203060207, "end": 22203060367},
          "source-locator": "/root/compiler/measurements/m3-5-headline-m4/family/ancestor_nonancestor/n4000/emit_guarded/transformed.dl [33:1-33:77]"
         }
        }
       },
       "runtime": { "start": 22203060206, "end": 22203060373}
      },
      "7": {
       "copytime": { "start": 22203060580, "end": 22203060589},
       "maxRSS": {
        "post": 15140,
        "pre": 15140
       },
       "num-tuples": 0,
       "recursive-rule": {
        "sup_ancestor_bf_r1_2(x,y) :- \n   sup_ancestor_bf_r0_1(x,z),\n   ancestor_bf(z,y).": {
         "0": {
          "maxRSS": {
           "post": 15140,
           "pre": 15140
          },
          "num-tuples": 0,
          "runtime": { "start": 22203060519, "end": 22203060520},
          "source-locator": "/root/compiler/measurements/m3-5-headline-m4/family/ancestor_nonancestor/n4000/emit_guarded/transformed.dl [33:1-33:77]"
         }
        }
       },
       "runtime": { "start": 22203060511, "end": 22203060529}
      },
      "8": {
       "copytime": { "start": 22203060799, "end": 22203060824},
       "maxRSS": {
        "post": 15140,
        "pre": 15140
       },
       "num-tuples": 180,
       "recursive-rule": {
        "sup_ancestor_bf_r1_2(x,y) :- \n   sup_ancestor_bf_r0_1(x,z),\n   ancestor_bf(z,y).": {
         "0": {
          "maxRSS": {
           "post": 15140,
           "pre": 15140
          },
          "num-tuples": 180,
          "runtime": { "start": 22203060608, "end": 22203060762},
          "source-locator": "/root/compiler/measurements/m3-5-headline-m4/family/ancestor_nonancestor/n4000/emit_guarded/transformed.dl [33:1-33:77]"
         }
        }
       },
       "runtime": { "start": 22203060607, "end": 22203060771}
      },
      "9": {
       "copytime": { "start": 22203060934, "end": 22203060934},
       "maxRSS": {
        "post": 15140,
        "pre": 15140
       },
       "num-tuples": 0,
       "recursive-rule": {
        "sup_ancestor_bf_r1_2(x,y) :- \n   sup_ancestor_bf_r0_1(x,z),\n   ancestor_bf(z,y).": {
         "0": {
          "maxRSS": {
           "post": 15140,
           "pre": 15140
          },
          "num-tuples": 0,
          "runtime": { "start": 22203060887, "end": 22203060888},
          "source-locator": "/root/compiler/measurements/m3-5-headline-m4/family/ancestor_nonancestor/n4000/emit_guarded/transformed.dl [33:1-33:77]"
         }
        }
       },
       "runtime": { "start": 22203060874, "end": 22203060896}
      }
     },
     "num-tuples": 0,
     "reads": 6750,
     "source-locator": "/root/compiler/measurements/m3-5-headline-m4/family/ancestor_nonancestor/n4000/emit_guarded/transformed.dl [20:7-20:27]"
    },
    "sup_nonancestor_bf_r0_1": {
     "maxRSS": {
      "post": 15140,
      "pre": 15140
     },
     "non-recursive-rule": {
      "sup_nonancestor_bf_r0_1(x) :- \n   magic_nonancestor_bf(x),\n   person(x).": {
       "atom-frequency": {
        "sup_nonancestor_bf_r0_1(x) :- \n   magic_nonancestor_bf(x),\n   person(x).": {
         "magic_nonancestor_bf": {
          "level": 0,
          "num-tuples": 0
         }
        }
       },
       "maxRSS": {
        "post": 15140,
        "pre": 15140
       },
       "num-tuples": 1,
       "runtime": { "start": 22203058027, "end": 22203058032},
       "source-locator": "/root/compiler/measurements/m3-5-headline-m4/family/ancestor_nonancestor/n4000/emit_guarded/transformed.dl [23:1-23:69]"
      }
     },
     "num-tuples": 1,
     "reads": 0,
     "runtime": { "start": 22203058017, "end": 22203058040},
     "source-locator": "/root/compiler/measurements/m3-5-headline-m4/family/ancestor_nonancestor/n4000/emit_guarded/transformed.dl [10:7-10:30]"
    },
    "sup_nonancestor_bf_r0_2": {
     "maxRSS": {
      "post": 15140,
      "pre": 15140
     },
     "non-recursive-rule": {
      "sup_nonancestor_bf_r0_2(x,y) :- \n   sup_nonancestor_bf_r0_1(x),\n   person(y).": {
       "atom-frequency": {
        "sup_nonancestor_bf_r0_2(x,y) :- \n   sup_nonancestor_bf_r0_1(x),\n   person(y).": {
         "person": {
          "level": 1,
          "num-tuples": 0
         },
         "sup_nonancestor_bf_r0_1": {
          "level": 0,
          "num-tuples": 0
         }
        }
       },
       "maxRSS": {
        "post": 15140,
        "pre": 15140
       },
       "num-tuples": 4000,
       "runtime": { "start": 22203058046, "end": 22203058196},
       "source-locator": "/root/compiler/measurements/m3-5-headline-m4/family/ancestor_nonancestor/n4000/emit_guarded/transformed.dl [24:1-24:72]"
      }
     },
     "num-tuples": 4000,
     "reads": 0,
     "runtime": { "start": 22203058046, "end": 22203058203},
     "source-locator": "/root/compiler/measurements/m3-5-headline-m4/family/ancestor_nonancestor/n4000/emit_guarded/transformed.dl [11:7-11:30]"
    },
    "sup_nonancestor_bf_r0_3": {
     "maxRSS": {
      "post": 15140,
      "pre": 15140
     },
     "non-recursive-rule": {
      "sup_nonancestor_bf_r0_3(x,y) :- \n   sup_nonancestor_bf_r0_2(x,y),\n   !ancestor_bf(x,y).": {
       "atom-frequency": {
        "sup_nonancestor_bf_r0_3(x,y) :- \n   sup_nonancestor_bf_r0_2(x,y),\n   !ancestor_bf(x,y).": {
         "sup_nonancestor_bf_r0_2": {
          "level": 0,
          "num-tuples": 0
         }
        }
       },
       "maxRSS": {
        "post": 15140,
        "pre": 15140
       },
       "num-tuples": 3950,
       "runtime": { "start": 22203061419, "end": 22203061697},
       "source-locator": "/root/compiler/measurements/m3-5-headline-m4/family/ancestor_nonancestor/n4000/emit_guarded/transformed.dl [25:1-25:84]"
      }
     },
     "num-tuples": 3950,
     "reads": 0,
     "runtime": { "start": 22203061410, "end": 22203061707},
     "source-locator": "/root/compiler/measurements/m3-5-headline-m4/family/ancestor_nonancestor/n4000/emit_guarded/transformed.dl [12:7-12:30]"
    }
   },
   "runtime": { "start": 22203055663, "end": 22203062104},
   "starttime": { "time": 22203055631},
   "usage": {
    "timepoint": {
     "22203055676": {
      "maxRSS": 15140,
      "systemtime": 0,
      "usertime": 5152
     },
     "22203055812": {
      "maxRSS": 15140,
      "systemtime": 0,
      "usertime": 5213
     },
     "22203056982": {
      "maxRSS": 15140,
      "systemtime": 0,
      "usertime": 5539
     },
     "22203057729": {
      "maxRSS": 15140,
      "systemtime": 0,
      "usertime": 7164
     },
     "22203058143": {
      "maxRSS": 15140,
      "systemtime": 0,
      "usertime": 7602
     },
     "22203058274": {
      "maxRSS": 15140,
      "systemtime": 0,
      "usertime": 7839
     },
     "22203058305": {
      "maxRSS": 15140,
      "systemtime": 0,
      "usertime": 7886
     },
     "22203058339": {
      "maxRSS": 15140,
      "systemtime": 0,
      "usertime": 7934
     },
     "22203058370": {
      "maxRSS": 15140,
      "systemtime": 0,
      "usertime": 7973
     },
     "22203058465": {
      "maxRSS": 15140,
      "systemtime": 0,
      "usertime": 8086
     },
     "22203058479": {
      "maxRSS": 15140,
      "systemtime": 0,
      "usertime": 8109
     },
     "22203058483": {
      "maxRSS": 15140,
      "systemtime": 0,
      "usertime": 8117
     },
     "22203058486": {
      "maxRSS": 15140,
      "systemtime": 0,
      "usertime": 8124
     },
     "22203058509": {
      "maxRSS": 15140,
      "systemtime": 0,
      "usertime": 8146
     },
     "22203058541": {
      "maxRSS": 15140,
      "systemtime": 0,
      "usertime": 8199
     },
     "22203058570": {
      "maxRSS": 15140,
      "systemtime": 0,
      "usertime": 8237
     },
     "22203058610": {
      "maxRSS": 15140,
      "systemtime": 0,
      "usertime": 8289
     },
     "22203058616": {
      "maxRSS": 15140,
      "systemtime": 0,
      "usertime": 8298
     },
     "22203058628": {
      "maxRSS": 15140,
      "systemtime": 0,
      "usertime": 8321
     },
     "22203058643": {
      "maxRSS": 15140,
      "systemtime": 0,
      "usertime": 8347
     },
     "22203058660": {
      "maxRSS": 15140,
      "systemtime": 0,
      "usertime": 8387
     },
     "22203058682": {
      "maxRSS": 15140,
      "systemtime": 0,
      "usertime": 8414
     },
     "22203058688": {
      "maxRSS": 15140,
      "systemtime": 0,
      "usertime": 8427
     },
     "22203058797": {
      "maxRSS": 15140,
      "systemtime": 0,
      "usertime": 8550
     },
     "22203058811": {
      "maxRSS": 15140,
      "systemtime": 0,
      "usertime": 8572
     },
     "22203058826": {
      "maxRSS": 15140,
      "systemtime": 0,
      "usertime": 8593
     },
     "22203058839": {
      "maxRSS": 15140,
      "systemtime": 0,
      "usertime": 8615
     },
     "22203058869": {
      "maxRSS": 15140,
      "systemtime": 0,
      "usertime": 8654
     },
     "22203058892": {
      "maxRSS": 15140,
      "systemtime": 0,
      "usertime": 8682
     },
     "22203058912": {
      "maxRSS": 15140,
      "systemtime": 0,
      "usertime": 8709
     },
     "22203058940": {
      "maxRSS": 15140,
      "systemtime": 0,
      "usertime": 8744
     },
     "22203058964": {
      "maxRSS": 15140,
      "systemtime": 0,
      "usertime": 8774
     },
     "22203059107": {
      "maxRSS": 15140,
      "systemtime": 0,
      "usertime": 8914
     },
     "22203059209": {
      "maxRSS": 15140,
      "systemtime": 0,
      "usertime": 9054
     },
     "22203059319": {
      "maxRSS": 15140,
      "systemtime": 0,
      "usertime": 9181
     },
     "22203059518": {
      "maxRSS": 15140,
      "systemtime": 0,
      "usertime": 9355
     },
     "22203059526": {
      "maxRSS": 15140,
      "systemtime": 0,
      "usertime": 9409
     },
     "22203059660": {
      "maxRSS": 15140,
      "systemtime": 0,
      "usertime": 9524
     },
     "22203059695": {
      "maxRSS": 15140,
      "systemtime": 0,
      "usertime": 9600
     },
     "22203059787": {
      "maxRSS": 15140,
      "systemtime": 0,
      "usertime": 9631
     },
     "22203059953": {
      "maxRSS": 15140,
      "systemtime": 0,
      "usertime": 9847
     },
     "22203059988": {
      "maxRSS": 15140,
      "systemtime": 0,
      "usertime": 9922
     },
     "22203060143": {
      "maxRSS": 15140,
      "systemtime": 0,
      "usertime": 10073
     },
     "22203060199": {
      "maxRSS": 15140,
      "systemtime": 0,
      "usertime": 10156
     },
     "22203060208": {
      "maxRSS": 15140,
      "systemtime": 0,
      "usertime": 10177
     },
     "22203060414": {
      "maxRSS": 15140,
      "systemtime": 0,
      "usertime": 10387
     },
     "22203060469": {
      "maxRSS": 15140,
      "systemtime": 0,
      "usertime": 10451
     },
     "22203060552": {
      "maxRSS": 15140,
      "systemtime": 0,
      "usertime": 10564
     },
     "22203060674": {
      "maxRSS": 15140,
      "systemtime": 0,
      "usertime": 10647
     },
     "22203060861": {
      "maxRSS": 15140,
      "systemtime": 0,
      "usertime": 10884
     },
     "22203060941": {
      "maxRSS": 15140,
      "systemtime": 0,
      "usertime": 11011
     },
     "22203061115": {
      "maxRSS": 15140,
      "systemtime": 0,
      "usertime": 11206
     },
     "22203061126": {
      "maxRSS": 15140,
      "systemtime": 0,
      "usertime": 11229
     },
     "22203061130": {
      "maxRSS": 15140,
      "systemtime": 0,
      "usertime": 11238
     },
     "22203061155": {
      "maxRSS": 15140,
      "systemtime": 0,
      "usertime": 11261
     },
     "22203061270": {
      "maxRSS": 15140,
      "systemtime": 0,
      "usertime": 11395
     },
     "22203061281": {
      "maxRSS": 15140,
      "systemtime": 0,
      "usertime": 11415
     },
     "22203061394": {
      "maxRSS": 15140,
      "systemtime": 0,
      "usertime": 11545
     },
     "22203061426": {
      "maxRSS": 15140,
      "systemtime": 0,
      "usertime": 11581
     },
     "22203061832": {
      "maxRSS": 15140,
      "systemtime": 0,
      "usertime": 11905
     },
     "22203061942": {
      "maxRSS": 15140,
      "systemtime": 0,
      "usertime": 12049
     }
    }
   }
  }
 }
}
