{
 "root": {
  "program": {
   "configuration": {
    "": "/root/compiler/measurements/punch-list/p1-gate/original/p2/emit/transformed.dl",
    "fact-dir": "/root/compiler/fixtures/p2-scale-250",
    "include-dir": ".",
    "jobs": "1",
    "libraries": "functors",
    "library-dir": ".",
    "output-dir": "/root/compiler/measurements/punch-list/p1-gate/original/p2/candidate",
    "profile": "prof.log",
    "relationCount": "12",
    "ruleCount": "17",
    "version": "2.5",
    "warn": "all",
    "wno": "none"
   },
   "relation": {
    "edge": {
     "loadtime": { "start": 22105090530, "end": 22105090736},
     "num-tuples": 500,
     "reads": 0,
     "source-locator": "/root/compiler/measurements/punch-list/p1-gate/original/p2/emit/transformed.dl [1:7-1:11]"
    },
    "magic_reach_bf": {
     "maxRSS": {
      "post": 12452,
      "pre": 12452
     },
     "non-recursive-rule": {
      "magic_reach_bf(x) :- \n   sup_unreach_bf_r0_2(x,_).": {
       "atom-frequency": {
        "magic_reach_bf(x) :- \n   sup_unreach_bf_r0_2(x,_).": {
         "sup_unreach_bf_r0_2": {
          "level": 0,
          "num-tuples": 0
         }
        }
       },
       "maxRSS": {
        "post": 12452,
        "pre": 12452
       },
       "num-tuples": 1,
       "runtime": { "start": 22105090896, "end": 22105090900},
       "source-locator": "/root/compiler/measurements/punch-list/p1-gate/original/p2/emit/transformed.dl [26:1-26:48]"
      }
     },
     "num-tuples": 1,
     "reads": 0,
     "runtime": { "start": 22105090895, "end": 22105090907},
     "source-locator": "/root/compiler/measurements/punch-list/p1-gate/original/p2/emit/transformed.dl [13:7-13:21]"
    },
    "magic_unreach_bf": {
     "maxRSS": {
      "post": 12452,
      "pre": 12324
     },
     "non-recursive-rule": {
      "magic_unreach_bf(1).": {
       "maxRSS": {
        "post": 12452,
        "pre": 12324
       },
       "num-tuples": 1,
       "runtime": { "start": 22105090758, "end": 22105090761},
       "source-locator": "/root/compiler/measurements/punch-list/p1-gate/original/p2/emit/transformed.dl [36:1-36:21]"
      }
     },
     "num-tuples": 1,
     "reads": 0,
     "runtime": { "start": 22105090745, "end": 22105090769},
     "source-locator": "/root/compiler/measurements/punch-list/p1-gate/original/p2/emit/transformed.dl [21:7-21:23]"
    },
    "node": {
     "loadtime": { "start": 22105090774, "end": 22105090824},
     "num-tuples": 250,
     "reads": 1,
     "source-locator": "/root/compiler/measurements/punch-list/p1-gate/original/p2/emit/transformed.dl [3:7-3:11]"
    },
    "q2": {
     "maxRSS": {
      "post": 12836,
      "pre": 12836
     },
     "non-recursive-rule": {
      "q2(y) :- \n   sup_unreach_bf_r0_3(1,y).": {
       "atom-frequency": {
        "q2(y) :- \n   sup_unreach_bf_r0_3(1,y).": {
         "sup_unreach_bf_r0_3": {
          "level": 0,
          "num-tuples": 0
         }
        }
       },
       "maxRSS": {
        "post": 12836,
        "pre": 12836
       },
       "num-tuples": 34,
       "runtime": { "start": 22105094306, "end": 22105094309},
       "source-locator": "/root/compiler/measurements/punch-list/p1-gate/original/p2/emit/transformed.dl [37:1-37:27]"
      }
     },
     "num-tuples": 34,
     "reads": 0,
     "runtime": { "start": 22105094297, "end": 22105094318},
     "savetime": { "start": 22105094323, "end": 22105095506},
     "source-locator": "/root/compiler/measurements/punch-list/p1-gate/original/p2/emit/transformed.dl [7:7-7:9]"
    },
    "reach_bf": {
     "iteration": {
      "0": {
       "copytime": { "start": 22105091021, "end": 22105091022},
       "maxRSS": {
        "post": 12580,
        "pre": 12580
       },
       "num-tuples": 0,
       "recursive-rule": {
        "reach_bf(x,y) :- \n   sup_reach_bf_r1_2(x,y).": {
         "0": {
          "atom-frequency": {
           "@new_reach_bf(x,y) :- \n   @delta_sup_reach_bf_r1_2(x,y).": {
            "@delta_sup_reach_bf_r1_2": {
             "level": 0,
             "num-tuples": 0
            }
           }
          },
          "maxRSS": {
           "post": 12580,
           "pre": 12580
          },
          "num-tuples": 0,
          "runtime": { "start": 22105090948, "end": 22105090949},
          "source-locator": "/root/compiler/measurements/punch-list/p1-gate/original/p2/emit/transformed.dl [35:1-35:43]"
         }
        }
       },
       "runtime": { "start": 22105090948, "end": 22105090956}
      },
      "1": {
       "copytime": { "start": 22105091080, "end": 22105091080},
       "maxRSS": {
        "post": 12580,
        "pre": 12580
       },
       "num-tuples": 0,
       "recursive-rule": {
        "reach_bf(x,y) :- \n   sup_reach_bf_r1_2(x,y).": {
         "0": {
          "maxRSS": {
           "post": 12580,
           "pre": 12580
          },
          "num-tuples": 0,
          "runtime": { "start": 22105091038, "end": 22105091039},
          "source-locator": "/root/compiler/measurements/punch-list/p1-gate/original/p2/emit/transformed.dl [35:1-35:43]"
         }
        }
       },
       "runtime": { "start": 22105091038, "end": 22105091045}
      },
      "10": {
       "copytime": { "start": 22105091815, "end": 22105091816},
       "maxRSS": {
        "post": 12580,
        "pre": 12580
       },
       "num-tuples": 0,
       "recursive-rule": {
        "reach_bf(x,y) :- \n   sup_reach_bf_r1_2(x,y).": {
         "0": {
          "maxRSS": {
           "post": 12580,
           "pre": 12580
          },
          "num-tuples": 0,
          "runtime": { "start": 22105091691, "end": 22105091691},
          "source-locator": "/root/compiler/measurements/punch-list/p1-gate/original/p2/emit/transformed.dl [35:1-35:43]"
         }
        }
       },
       "runtime": { "start": 22105091691, "end": 22105091711}
      },
      "11": {
       "copytime": { "start": 22105091949, "end": 22105091953},
       "maxRSS": {
        "post": 12580,
        "pre": 12580
       },
       "num-tuples": 36,
       "recursive-rule": {
        "reach_bf(x,y) :- \n   sup_reach_bf_r1_2(x,y).": {
         "0": {
          "maxRSS": {
           "post": 12580,
           "pre": 12580
          },
          "num-tuples": 36,
          "runtime": { "start": 22105091850, "end": 22105091855},
          "source-locator": "/root/compiler/measurements/punch-list/p1-gate/original/p2/emit/transformed.dl [35:1-35:43]"
         }
        }
       },
       "runtime": { "start": 22105091841, "end": 22105091863}
      },
      "12": {
       "copytime": { "start": 22105092092, "end": 22105092093},
       "maxRSS": {
        "post": 12580,
        "pre": 12580
       },
       "num-tuples": 0,
       "recursive-rule": {
        "reach_bf(x,y) :- \n   sup_reach_bf_r1_2(x,y).": {
         "0": {
          "maxRSS": {
           "post": 12580,
           "pre": 12580
          },
          "num-tuples": 0,
          "runtime": { "start": 22105091984, "end": 22105091985},
          "source-locator": "/root/compiler/measurements/punch-list/p1-gate/original/p2/emit/transformed.dl [35:1-35:43]"
         }
        }
       },
       "runtime": { "start": 22105091975, "end": 22105091994}
      },
      "13": {
       "copytime": { "start": 22105092219, "end": 22105092219},
       "maxRSS": {
        "post": 12580,
        "pre": 12580
       },
       "num-tuples": 0,
       "recursive-rule": {
        "reach_bf(x,y) :- \n   sup_reach_bf_r1_2(x,y).": {
         "0": {
          "maxRSS": {
           "post": 12580,
           "pre": 12580
          },
          "num-tuples": 0,
          "runtime": { "start": 22105092119, "end": 22105092119},
          "source-locator": "/root/compiler/measurements/punch-list/p1-gate/original/p2/emit/transformed.dl [35:1-35:43]"
         }
        }
       },
       "runtime": { "start": 22105092118, "end": 22105092126}
      },
      "14": {
       "copytime": { "start": 22105092294, "end": 22105092297},
       "maxRSS": {
        "post": 12580,
        "pre": 12580
       },
       "num-tuples": 29,
       "recursive-rule": {
        "reach_bf(x,y) :- \n   sup_reach_bf_r1_2(x,y).": {
         "0": {
          "maxRSS": {
           "post": 12580,
           "pre": 12580
          },
          "num-tuples": 29,
          "runtime": { "start": 22105092234, "end": 22105092238},
          "source-locator": "/root/compiler/measurements/punch-list/p1-gate/original/p2/emit/transformed.dl [35:1-35:43]"
         }
        }
       },
       "runtime": { "start": 22105092232, "end": 22105092246}
      },
      "15": {
       "copytime": { "start": 22105092381, "end": 22105092382},
       "maxRSS": {
        "post": 12580,
        "pre": 12580
       },
       "num-tuples": 0,
       "recursive-rule": {
        "reach_bf(x,y) :- \n   sup_reach_bf_r1_2(x,y).": {
         "0": {
          "maxRSS": {
           "post": 12580,
           "pre": 12580
          },
          "num-tuples": 0,
          "runtime": { "start": 22105092321, "end": 22105092321},
          "source-locator": "/root/compiler/measurements/punch-list/p1-gate/original/p2/emit/transformed.dl [35:1-35:43]"
         }
        }
       },
       "runtime": { "start": 22105092320, "end": 22105092328}
      },
      "16": {
       "copytime": { "start": 22105092452, "end": 22105092453},
       "maxRSS": {
        "post": 12580,
        "pre": 12580
       },
       "num-tuples": 0,
       "recursive-rule": {
        "reach_bf(x,y) :- \n   sup_reach_bf_r1_2(x,y).": {
         "0": {
          "maxRSS": {
           "post": 12580,
           "pre": 12580
          },
          "num-tuples": 0,
          "runtime": { "start": 22105092395, "end": 22105092395},
          "source-locator": "/root/compiler/measurements/punch-list/p1-gate/original/p2/emit/transformed.dl [35:1-35:43]"
         }
        }
       },
       "runtime": { "start": 22105092394, "end": 22105092401}
      },
      "17": {
       "copytime": { "start": 22105092562, "end": 22105092566},
       "maxRSS": {
        "post": 12708,
        "pre": 12580
       },
       "num-tuples": 31,
       "recursive-rule": {
        "reach_bf(x,y) :- \n   sup_reach_bf_r1_2(x,y).": {
         "0": {
          "maxRSS": {
           "post": 12580,
           "pre": 12580
          },
          "num-tuples": 31,
          "runtime": { "start": 22105092476, "end": 22105092481},
          "source-locator": "/root/compiler/measurements/punch-list/p1-gate/original/p2/emit/transformed.dl [35:1-35:43]"
         }
        }
       },
       "runtime": { "start": 22105092467, "end": 22105092511}
      },
      "18": {
       "copytime": { "start": 22105092633, "end": 22105092643},
       "maxRSS": {
        "post": 12708,
        "pre": 12708
       },
       "num-tuples": 0,
       "recursive-rule": {
        "reach_bf(x,y) :- \n   sup_reach_bf_r1_2(x,y).": {
         "0": {
          "maxRSS": {
           "post": 12708,
           "pre": 12708
          },
          "num-tuples": 0,
          "runtime": { "start": 22105092576, "end": 22105092576},
          "source-locator": "/root/compiler/measurements/punch-list/p1-gate/original/p2/emit/transformed.dl [35:1-35:43]"
         }
        }
       },
       "runtime": { "start": 22105092575, "end": 22105092581}
      },
      "19": {
       "copytime": { "start": 22105092732, "end": 22105092733},
       "maxRSS": {
        "post": 12708,
        "pre": 12708
       },
       "num-tuples": 0,
       "recursive-rule": {
        "reach_bf(x,y) :- \n   sup_reach_bf_r1_2(x,y).": {
         "0": {
          "maxRSS": {
           "post": 12708,
           "pre": 12708
          },
          "num-tuples": 0,
          "runtime": { "start": 22105092660, "end": 22105092661},
          "source-locator": "/root/compiler/measurements/punch-list/p1-gate/original/p2/emit/transformed.dl [35:1-35:43]"
         }
        }
       },
       "runtime": { "start": 22105092660, "end": 22105092669}
      },
      "2": {
       "copytime": { "start": 22105091154, "end": 22105091156},
       "maxRSS": {
        "post": 12580,
        "pre": 12580
       },
       "num-tuples": 13,
       "recursive-rule": {
        "reach_bf(x,y) :- \n   sup_reach_bf_r1_2(x,y).": {
         "0": {
          "maxRSS": {
           "post": 12580,
           "pre": 12580
          },
          "num-tuples": 13,
          "runtime": { "start": 22105091089, "end": 22105091091},
          "source-locator": "/root/compiler/measurements/punch-list/p1-gate/original/p2/emit/transformed.dl [35:1-35:43]"
         }
        }
       },
       "runtime": { "start": 22105091089, "end": 22105091097}
      },
      "20": {
       "copytime": { "start": 22105092810, "end": 22105092813},
       "maxRSS": {
        "post": 12708,
        "pre": 12708
       },
       "num-tuples": 19,
       "recursive-rule": {
        "reach_bf(x,y) :- \n   sup_reach_bf_r1_2(x,y).": {
         "0": {
          "maxRSS": {
           "post": 12708,
           "pre": 12708
          },
          "num-tuples": 19,
          "runtime": { "start": 22105092744, "end": 22105092747},
          "source-locator": "/root/compiler/measurements/punch-list/p1-gate/original/p2/emit/transformed.dl [35:1-35:43]"
         }
        }
       },
       "runtime": { "start": 22105092744, "end": 22105092754}
      },
      "21": {
       "copytime": { "start": 22105092900, "end": 22105092901},
       "maxRSS": {
        "post": 12708,
        "pre": 12708
       },
       "num-tuples": 0,
       "recursive-rule": {
        "reach_bf(x,y) :- \n   sup_reach_bf_r1_2(x,y).": {
         "0": {
          "maxRSS": {
           "post": 12708,
           "pre": 12708
          },
          "num-tuples": 0,
          "runtime": { "start": 22105092836, "end": 22105092836},
          "source-locator": "/root/compiler/measurements/punch-list/p1-gate/original/p2/emit/transformed.dl [35:1-35:43]"
         }
        }
       },
       "runtime": { "start": 22105092835, "end": 22105092845}
      },
      "22": {
       "copytime": { "start": 22105092958, "end": 22105092959},
       "maxRSS": {
        "post": 12708,
        "pre": 12708
       },
       "num-tuples": 0,
       "recursive-rule": {
        "reach_bf(x,y) :- \n   sup_reach_bf_r1_2(x,y).": {
         "0": {
          "maxRSS": {
           "post": 12708,
           "pre": 12708
          },
          "num-tuples": 0,
          "runtime": { "start": 22105092911, "end": 22105092912},
          "source-locator": "/root/compiler/measurements/punch-list/p1-gate/original/p2/emit/transformed.dl [35:1-35:43]"
         }
        }
       },
       "runtime": { "start": 22105092911, "end": 22105092917}
      },
      "23": {
       "copytime": { "start": 22105093064, "end": 22105093066},
       "maxRSS": {
        "post": 12708,
        "pre": 12708
       },
       "num-tuples": 9,
       "recursive-rule": {
        "reach_bf(x,y) :- \n   sup_reach_bf_r1_2(x,y).": {
         "0": {
          "maxRSS": {
           "post": 12708,
           "pre": 12708
          },
          "num-tuples": 9,
          "runtime": { "start": 22105092971, "end": 22105092973},
          "source-locator": "/root/compiler/measurements/punch-list/p1-gate/original/p2/emit/transformed.dl [35:1-35:43]"
         }
        }
       },
       "runtime": { "start": 22105092970, "end": 22105092978}
      },
      "24": {
       "copytime": { "start": 22105093124, "end": 22105093125},
       "maxRSS": {
        "post": 12708,
        "pre": 12708
       },
       "num-tuples": 0,
       "recursive-rule": {
        "reach_bf(x,y) :- \n   sup_reach_bf_r1_2(x,y).": {
         "0": {
          "maxRSS": {
           "post": 12708,
           "pre": 12708
          },
          "num-tuples": 0,
          "runtime": { "start": 22105093077, "end": 22105093077},
          "source-locator": "/root/compiler/measurements/punch-list/p1-gate/original/p2/emit/transformed.dl [35:1-35:43]"
         }
        }
       },
       "runtime": { "start": 22105093076, "end": 22105093084}
      },
      "25": {
       "copytime": { "start": 22105093205, "end": 22105093205},
       "maxRSS": {
        "post": 12708,
        "pre": 12708
       },
       "num-tuples": 0,
       "recursive-rule": {
        "reach_bf(x,y) :- \n   sup_reach_bf_r1_2(x,y).": {
         "0": {
          "maxRSS": {
           "post": 12708,
           "pre": 12708
          },
          "num-tuples": 0,
          "runtime": { "start": 22105093135, "end": 22105093135},
          "source-locator": "/root/compiler/measurements/punch-list/p1-gate/original/p2/emit/transformed.dl [35:1-35:43]"
         }
        }
       },
       "runtime": { "start": 22105093134, "end": 22105093141}
      },
      "26": {
       "copytime": { "start": 22105093265, "end": 22105093266},
       "maxRSS": {
        "post": 12708,
        "pre": 12708
       },
       "num-tuples": 7,
       "recursive-rule": {
        "reach_bf(x,y) :- \n   sup_reach_bf_r1_2(x,y).": {
         "0": {
          "maxRSS": {
           "post": 12708,
           "pre": 12708
          },
          "num-tuples": 7,
          "runtime": { "start": 22105093216, "end": 22105093219},
          "source-locator": "/root/compiler/measurements/punch-list/p1-gate/original/p2/emit/transformed.dl [35:1-35:43]"
         }
        }
       },
       "runtime": { "start": 22105093215, "end": 22105093225}
      },
      "27": {
       "copytime": { "start": 22105093340, "end": 22105093341},
       "maxRSS": {
        "post": 12708,
        "pre": 12708
       },
       "num-tuples": 0,
       "recursive-rule": {
        "reach_bf(x,y) :- \n   sup_reach_bf_r1_2(x,y).": {
         "0": {
          "maxRSS": {
           "post": 12708,
           "pre": 12708
          },
          "num-tuples": 0,
          "runtime": { "start": 22105093275, "end": 22105093275},
          "source-locator": "/root/compiler/measurements/punch-list/p1-gate/original/p2/emit/transformed.dl [35:1-35:43]"
         }
        }
       },
       "runtime": { "start": 22105093275, "end": 22105093280}
      },
      "28": {
       "copytime": { "start": 22105093461, "end": 22105093462},
       "maxRSS": {
        "post": 12708,
        "pre": 12708
       },
       "num-tuples": 0,
       "recursive-rule": {
        "reach_bf(x,y) :- \n   sup_reach_bf_r1_2(x,y).": {
         "0": {
          "maxRSS": {
           "post": 12708,
           "pre": 12708
          },
          "num-tuples": 0,
          "runtime": { "start": 22105093363, "end": 22105093364},
          "source-locator": "/root/compiler/measurements/punch-list/p1-gate/original/p2/emit/transformed.dl [35:1-35:43]"
         }
        }
       },
       "runtime": { "start": 22105093363, "end": 22105093372}
      },
      "29": {
       "copytime": { "start": 22105093590, "end": 22105093592},
       "maxRSS": {
        "post": 12708,
        "pre": 12708
       },
       "num-tuples": 6,
       "recursive-rule": {
        "reach_bf(x,y) :- \n   sup_reach_bf_r1_2(x,y).": {
         "0": {
          "maxRSS": {
           "post": 12708,
           "pre": 12708
          },
          "num-tuples": 6,
          "runtime": { "start": 22105093494, "end": 22105093496},
          "source-locator": "/root/compiler/measurements/punch-list/p1-gate/original/p2/emit/transformed.dl [35:1-35:43]"
         }
        }
       },
       "runtime": { "start": 22105093485, "end": 22105093504}
      },
      "3": {
       "copytime": { "start": 22105091234, "end": 22105091235},
       "maxRSS": {
        "post": 12580,
        "pre": 12580
       },
       "num-tuples": 0,
       "recursive-rule": {
        "reach_bf(x,y) :- \n   sup_reach_bf_r1_2(x,y).": {
         "0": {
          "maxRSS": {
           "post": 12580,
           "pre": 12580
          },
          "num-tuples": 0,
          "runtime": { "start": 22105091180, "end": 22105091180},
          "source-locator": "/root/compiler/measurements/punch-list/p1-gate/original/p2/emit/transformed.dl [35:1-35:43]"
         }
        }
       },
       "runtime": { "start": 22105091177, "end": 22105091187}
      },
      "30": {
       "copytime": { "start": 22105093732, "end": 22105093733},
       "maxRSS": {
        "post": 12708,
        "pre": 12708
       },
       "num-tuples": 0,
       "recursive-rule": {
        "reach_bf(x,y) :- \n   sup_reach_bf_r1_2(x,y).": {
         "0": {
          "maxRSS": {
           "post": 12708,
           "pre": 12708
          },
          "num-tuples": 0,
          "runtime": { "start": 22105093623, "end": 22105093624},
          "source-locator": "/root/compiler/measurements/punch-list/p1-gate/original/p2/emit/transformed.dl [35:1-35:43]"
         }
        }
       },
       "runtime": { "start": 22105093614, "end": 22105093631}
      },
      "31": {
       "copytime": { "start": 22105093866, "end": 22105093867},
       "maxRSS": {
        "post": 12836,
        "pre": 12836
       },
       "num-tuples": 0,
       "recursive-rule": {
        "reach_bf(x,y) :- \n   sup_reach_bf_r1_2(x,y).": {
         "0": {
          "maxRSS": {
           "post": 12836,
           "pre": 12836
          },
          "num-tuples": 0,
          "runtime": { "start": 22105093765, "end": 22105093766},
          "source-locator": "/root/compiler/measurements/punch-list/p1-gate/original/p2/emit/transformed.dl [35:1-35:43]"
         }
        }
       },
       "runtime": { "start": 22105093756, "end": 22105093777}
      },
      "32": {
       "copytime": { "start": 22105093994, "end": 22105093995},
       "maxRSS": {
        "post": 12836,
        "pre": 12836
       },
       "num-tuples": 3,
       "recursive-rule": {
        "reach_bf(x,y) :- \n   sup_reach_bf_r1_2(x,y).": {
         "0": {
          "maxRSS": {
           "post": 12836,
           "pre": 12836
          },
          "num-tuples": 3,
          "runtime": { "start": 22105093899, "end": 22105093901},
          "source-locator": "/root/compiler/measurements/punch-list/p1-gate/original/p2/emit/transformed.dl [35:1-35:43]"
         }
        }
       },
       "runtime": { "start": 22105093890, "end": 22105093908}
      },
      "33": {
       "copytime": { "start": 22105094122, "end": 22105094123},
       "maxRSS": {
        "post": 12836,
        "pre": 12836
       },
       "num-tuples": 0,
       "recursive-rule": {
        "reach_bf(x,y) :- \n   sup_reach_bf_r1_2(x,y).": {
         "0": {
          "maxRSS": {
           "post": 12836,
           "pre": 12836
          },
          "num-tuples": 0,
          "runtime": { "start": 22105094027, "end": 22105094027},
          "source-locator": "/root/compiler/measurements/punch-list/p1-gate/original/p2/emit/transformed.dl [35:1-35:43]"
         }
        }
       },
       "runtime": { "start": 22105094018, "end": 22105094035}
      },
      "34": {
       "maxRSS": {
        "post": 12836,
        "pre": 12836
       },
       "num-tuples": 0,
       "recursive-rule": {
        "reach_bf(x,y) :- \n   sup_reach_bf_r1_2(x,y).": {
         "0": {
          "maxRSS": {
           "post": 12836,
           "pre": 12836
          },
          "num-tuples": 0,
          "runtime": { "start": 22105094155, "end": 22105094155},
          "source-locator": "/root/compiler/measurements/punch-list/p1-gate/original/p2/emit/transformed.dl [35:1-35:43]"
         }
        }
       },
       "runtime": { "start": 22105094146, "end": 22105094164}
      },
      "4": {
       "copytime": { "start": 22105091285, "end": 22105091285},
       "maxRSS": {
        "post": 12580,
        "pre": 12580
       },
       "num-tuples": 0,
       "recursive-rule": {
        "reach_bf(x,y) :- \n   sup_reach_bf_r1_2(x,y).": {
         "0": {
          "maxRSS": {
           "post": 12580,
           "pre": 12580
          },
          "num-tuples": 0,
          "runtime": { "start": 22105091244, "end": 22105091245},
          "source-locator": "/root/compiler/measurements/punch-list/p1-gate/original/p2/emit/transformed.dl [35:1-35:43]"
         }
        }
       },
       "runtime": { "start": 22105091244, "end": 22105091250}
      },
      "5": {
       "copytime": { "start": 22105091364, "end": 22105091366},
       "maxRSS": {
        "post": 12580,
        "pre": 12580
       },
       "num-tuples": 24,
       "recursive-rule": {
        "reach_bf(x,y) :- \n   sup_reach_bf_r1_2(x,y).": {
         "0": {
          "maxRSS": {
           "post": 12580,
           "pre": 12580
          },
          "num-tuples": 24,
          "runtime": { "start": 22105091307, "end": 22105091311},
          "source-locator": "/root/compiler/measurements/punch-list/p1-gate/original/p2/emit/transformed.dl [35:1-35:43]"
         }
        }
       },
       "runtime": { "start": 22105091298, "end": 22105091318}
      },
      "6": {
       "copytime": { "start": 22105091420, "end": 22105091421},
       "maxRSS": {
        "post": 12580,
        "pre": 12580
       },
       "num-tuples": 0,
       "recursive-rule": {
        "reach_bf(x,y) :- \n   sup_reach_bf_r1_2(x,y).": {
         "0": {
          "maxRSS": {
           "post": 12580,
           "pre": 12580
          },
          "num-tuples": 0,
          "runtime": { "start": 22105091376, "end": 22105091377},
          "source-locator": "/root/compiler/measurements/punch-list/p1-gate/original/p2/emit/transformed.dl [35:1-35:43]"
         }
        }
       },
       "runtime": { "start": 22105091376, "end": 22105091383}
      },
      "7": {
       "copytime": { "start": 22105091503, "end": 22105091504},
       "maxRSS": {
        "post": 12580,
        "pre": 12580
       },
       "num-tuples": 0,
       "recursive-rule": {
        "reach_bf(x,y) :- \n   sup_reach_bf_r1_2(x,y).": {
         "0": {
          "maxRSS": {
           "post": 12580,
           "pre": 12580
          },
          "num-tuples": 0,
          "runtime": { "start": 22105091431, "end": 22105091431},
          "source-locator": "/root/compiler/measurements/punch-list/p1-gate/original/p2/emit/transformed.dl [35:1-35:43]"
         }
        }
       },
       "runtime": { "start": 22105091430, "end": 22105091436}
      },
      "8": {
       "copytime": { "start": 22105091576, "end": 22105091580},
       "maxRSS": {
        "post": 12580,
        "pre": 12580
       },
       "num-tuples": 34,
       "recursive-rule": {
        "reach_bf(x,y) :- \n   sup_reach_bf_r1_2(x,y).": {
         "0": {
          "maxRSS": {
           "post": 12580,
           "pre": 12580
          },
          "num-tuples": 34,
          "runtime": { "start": 22105091518, "end": 22105091522},
          "source-locator": "/root/compiler/measurements/punch-list/p1-gate/original/p2/emit/transformed.dl [35:1-35:43]"
         }
        }
       },
       "runtime": { "start": 22105091518, "end": 22105091542}
      },
      "9": {
       "copytime": { "start": 22105091678, "end": 22105091678},
       "maxRSS": {
        "post": 12580,
        "pre": 12580
       },
       "num-tuples": 0,
       "recursive-rule": {
        "reach_bf(x,y) :- \n   sup_reach_bf_r1_2(x,y).": {
         "0": {
          "maxRSS": {
           "post": 12580,
           "pre": 12580
          },
          "num-tuples": 0,
          "runtime": { "start": 22105091610, "end": 22105091611},
          "source-locator": "/root/compiler/measurements/punch-list/p1-gate/original/p2/emit/transformed.dl [35:1-35:43]"
         }
        }
       },
       "runtime": { "start": 22105091601, "end": 22105091618}
      }
     },
     "maxRSS": {
      "post": 12580,
      "pre": 12580
     },
     "non-recursive-rule": {
      "reach_bf(x,y) :- \n   sup_reach_bf_r0_1(x,y).": {
       "atom-frequency": {
        "reach_bf(x,y) :- \n   sup_reach_bf_r0_1(x,y).": {
         "sup_reach_bf_r0_1": {
          "level": 0,
          "num-tuples": 0
         }
        }
       },
       "maxRSS": {
        "post": 12580,
        "pre": 12580
       },
       "num-tuples": 5,
       "runtime": { "start": 22105090933, "end": 22105090934},
       "source-locator": "/root/compiler/measurements/punch-list/p1-gate/original/p2/emit/transformed.dl [30:1-30:43]"
      }
     },
     "num-tuples": 5,
     "reads": 466,
     "runtime": { "start": 22105090933, "end": 22105090939},
     "source-locator": "/root/compiler/measurements/punch-list/p1-gate/original/p2/emit/transformed.dl [17:7-17:15]"
    },
    "sup_reach_bf_r0_1": {
     "maxRSS": {
      "post": 12580,
      "pre": 12452
     },
     "non-recursive-rule": {
      "sup_reach_bf_r0_1(x,y) :- \n   magic_reach_bf(x),\n   edge(x,y).": {
       "atom-frequency": {
        "sup_reach_bf_r0_1(x,y) :- \n   magic_reach_bf(x),\n   edge(x,y).": {
         "edge": {
          "level": 1,
          "num-tuples": 0
         },
         "magic_reach_bf": {
          "level": 0,
          "num-tuples": 0
         }
        }
       },
       "maxRSS": {
        "post": 12580,
        "pre": 12452
       },
       "num-tuples": 5,
       "runtime": { "start": 22105090911, "end": 22105090915},
       "source-locator": "/root/compiler/measurements/punch-list/p1-gate/original/p2/emit/transformed.dl [29:1-29:61]"
      }
     },
     "num-tuples": 5,
     "reads": 0,
     "runtime": { "start": 22105090911, "end": 22105090920},
     "source-locator": "/root/compiler/measurements/punch-list/p1-gate/original/p2/emit/transformed.dl [16:7-16:24]"
    },
    "sup_reach_bf_r1_1": {
     "iteration": {
      "0": {
       "copytime": { "start": 22105091026, "end": 22105091027},
       "maxRSS": {
        "post": 12580,
        "pre": 12580
       },
       "num-tuples": 5,
       "recursive-rule": {
        "sup_reach_bf_r1_1(x,z) :- \n   magic_reach_bf(x),\n   reach_bf(x,z).": {
         "0": {
          "atom-frequency": {
           "@new_sup_reach_bf_r1_1(x,z) :- \n   magic_reach_bf(x),\n   @delta_reach_bf(x,z).": {
            "@delta_reach_bf": {
             "level": 1,
             "num-tuples": 0
            },
            "magic_reach_bf": {
             "level": 0,
             "num-tuples": 0
            }
           }
          },
          "maxRSS": {
           "post": 12580,
           "pre": 12580
          },
          "num-tuples": 5,
          "runtime": { "start": 22105090961, "end": 22105090963},
          "source-locator": "/root/compiler/measurements/punch-list/p1-gate/original/p2/emit/transformed.dl [32:1-32:65]"
         }
        }
       },
       "runtime": { "start": 22105090961, "end": 22105090970}
      },
      "1": {
       "copytime": { "start": 22105091083, "end": 22105091083},
       "maxRSS": {
        "post": 12580,
        "pre": 12580
       },
       "num-tuples": 0,
       "recursive-rule": {
        "sup_reach_bf_r1_1(x,z) :- \n   magic_reach_bf(x),\n   reach_bf(x,z).": {
         "0": {
          "maxRSS": {
           "post": 12580,
           "pre": 12580
          },
          "num-tuples": 0,
          "runtime": { "start": 22105091048, "end": 22105091049},
          "source-locator": "/root/compiler/measurements/punch-list/p1-gate/original/p2/emit/transformed.dl [32:1-32:65]"
         }
        }
       },
       "runtime": { "start": 22105091048, "end": 22105091054}
      },
      "10": {
       "copytime": { "start": 22105091820, "end": 22105091829},
       "maxRSS": {
        "post": 12580,
        "pre": 12580
       },
       "num-tuples": 0,
       "recursive-rule": {
        "sup_reach_bf_r1_1(x,z) :- \n   magic_reach_bf(x),\n   reach_bf(x,z).": {
         "0": {
          "maxRSS": {
           "post": 12580,
           "pre": 12580
          },
          "num-tuples": 0,
          "runtime": { "start": 22105091715, "end": 22105091715},
          "source-locator": "/root/compiler/measurements/punch-list/p1-gate/original/p2/emit/transformed.dl [32:1-32:65]"
         }
        }
       },
       "runtime": { "start": 22105091714, "end": 22105091720}
      },
      "11": {
       "copytime": { "start": 22105091956, "end": 22105091966},
       "maxRSS": {
        "post": 12580,
        "pre": 12580
       },
       "num-tuples": 0,
       "recursive-rule": {
        "sup_reach_bf_r1_1(x,z) :- \n   magic_reach_bf(x),\n   reach_bf(x,z).": {
         "0": {
          "maxRSS": {
           "post": 12580,
           "pre": 12580
          },
          "num-tuples": 0,
          "runtime": { "start": 22105091877, "end": 22105091878},
          "source-locator": "/root/compiler/measurements/punch-list/p1-gate/original/p2/emit/transformed.dl [32:1-32:65]"
         }
        }
       },
       "runtime": { "start": 22105091868, "end": 22105091887}
      },
      "12": {
       "copytime": { "start": 22105092097, "end": 22105092100},
       "maxRSS": {
        "post": 12580,
        "pre": 12580
       },
       "num-tuples": 36,
       "recursive-rule": {
        "sup_reach_bf_r1_1(x,z) :- \n   magic_reach_bf(x),\n   reach_bf(x,z).": {
         "0": {
          "maxRSS": {
           "post": 12580,
           "pre": 12580
          },
          "num-tuples": 36,
          "runtime": { "start": 22105092015, "end": 22105092020},
          "source-locator": "/root/compiler/measurements/punch-list/p1-gate/original/p2/emit/transformed.dl [32:1-32:65]"
         }
        }
       },
       "runtime": { "start": 22105091998, "end": 22105092030}
      },
      "13": {
       "copytime": { "start": 22105092222, "end": 22105092223},
       "maxRSS": {
        "post": 12580,
        "pre": 12580
       },
       "num-tuples": 0,
       "recursive-rule": {
        "sup_reach_bf_r1_1(x,z) :- \n   magic_reach_bf(x),\n   reach_bf(x,z).": {
         "0": {
          "maxRSS": {
           "post": 12580,
           "pre": 12580
          },
          "num-tuples": 0,
          "runtime": { "start": 22105092139, "end": 22105092140},
          "source-locator": "/root/compiler/measurements/punch-list/p1-gate/original/p2/emit/transformed.dl [32:1-32:65]"
         }
        }
       },
       "runtime": { "start": 22105092130, "end": 22105092152}
      },
      "14": {
       "copytime": { "start": 22105092300, "end": 22105092309},
       "maxRSS": {
        "post": 12580,
        "pre": 12580
       },
       "num-tuples": 0,
       "recursive-rule": {
        "sup_reach_bf_r1_1(x,z) :- \n   magic_reach_bf(x),\n   reach_bf(x,z).": {
         "0": {
          "maxRSS": {
           "post": 12580,
           "pre": 12580
          },
          "num-tuples": 0,
          "runtime": { "start": 22105092258, "end": 22105092259},
          "source-locator": "/root/compiler/measurements/punch-list/p1-gate/original/p2/emit/transformed.dl [32:1-32:65]"
         }
        }
       },
       "runtime": { "start": 22105092249, "end": 22105092268}
      },
      "15": {
       "copytime": { "start": 22105092386, "end": 22105092388},
       "maxRSS": {
        "post": 12580,
        "pre": 12580
       },
       "num-tuples": 29,
       "recursive-rule": {
        "sup_reach_bf_r1_1(x,z) :- \n   magic_reach_bf(x),\n   reach_bf(x,z).": {
         "0": {
          "maxRSS": {
           "post": 12580,
           "pre": 12580
          },
          "num-tuples": 29,
          "runtime": { "start": 22105092332, "end": 22105092336},
          "source-locator": "/root/compiler/measurements/punch-list/p1-gate/original/p2/emit/transformed.dl [32:1-32:65]"
         }
        }
       },
       "runtime": { "start": 22105092332, "end": 22105092343}
      },
      "16": {
       "copytime": { "start": 22105092455, "end": 22105092458},
       "maxRSS": {
        "post": 12580,
        "pre": 12580
       },
       "num-tuples": 0,
       "recursive-rule": {
        "sup_reach_bf_r1_1(x,z) :- \n   magic_reach_bf(x),\n   reach_bf(x,z).": {
         "0": {
          "maxRSS": {
           "post": 12580,
           "pre": 12580
          },
          "num-tuples": 0,
          "runtime": { "start": 22105092404, "end": 22105092405},
          "source-locator": "/root/compiler/measurements/punch-list/p1-gate/original/p2/emit/transformed.dl [32:1-32:65]"
         }
        }
       },
       "runtime": { "start": 22105092404, "end": 22105092418}
      },
      "17": {
       "copytime": { "start": 22105092569, "end": 22105092570},
       "maxRSS": {
        "post": 12708,
        "pre": 12708
       },
       "num-tuples": 0,
       "recursive-rule": {
        "sup_reach_bf_r1_1(x,z) :- \n   magic_reach_bf(x),\n   reach_bf(x,z).": {
         "0": {
          "maxRSS": {
           "post": 12708,
           "pre": 12708
          },
          "num-tuples": 0,
          "runtime": { "start": 22105092524, "end": 22105092525},
          "source-locator": "/root/compiler/measurements/punch-list/p1-gate/original/p2/emit/transformed.dl [32:1-32:65]"
         }
        }
       },
       "runtime": { "start": 22105092515, "end": 22105092537}
      },
      "18": {
       "copytime": { "start": 22105092648, "end": 22105092651},
       "maxRSS": {
        "post": 12708,
        "pre": 12708
       },
       "num-tuples": 31,
       "recursive-rule": {
        "sup_reach_bf_r1_1(x,z) :- \n   magic_reach_bf(x),\n   reach_bf(x,z).": {
         "0": {
          "maxRSS": {
           "post": 12708,
           "pre": 12708
          },
          "num-tuples": 31,
          "runtime": { "start": 22105092586, "end": 22105092590},
          "source-locator": "/root/compiler/measurements/punch-list/p1-gate/original/p2/emit/transformed.dl [32:1-32:65]"
         }
        }
       },
       "runtime": { "start": 22105092585, "end": 22105092596}
      },
      "19": {
       "copytime": { "start": 22105092735, "end": 22105092736},
       "maxRSS": {
        "post": 12708,
        "pre": 12708
       },
       "num-tuples": 0,
       "recursive-rule": {
        "sup_reach_bf_r1_1(x,z) :- \n   magic_reach_bf(x),\n   reach_bf(x,z).": {
         "0": {
          "maxRSS": {
           "post": 12708,
           "pre": 12708
          },
          "num-tuples": 0,
          "runtime": { "start": 22105092680, "end": 22105092681},
          "source-locator": "/root/compiler/measurements/punch-list/p1-gate/original/p2/emit/transformed.dl [32:1-32:65]"
         }
        }
       },
       "runtime": { "start": 22105092672, "end": 22105092690}
      },
      "2": {
       "copytime": { "start": 22105091159, "end": 22105091168},
       "maxRSS": {
        "post": 12580,
        "pre": 12580
       },
       "num-tuples": 0,
       "recursive-rule": {
        "sup_reach_bf_r1_1(x,z) :- \n   magic_reach_bf(x),\n   reach_bf(x,z).": {
         "0": {
          "maxRSS": {
           "post": 12580,
           "pre": 12580
          },
          "num-tuples": 0,
          "runtime": { "start": 22105091100, "end": 22105091100},
          "source-locator": "/root/compiler/measurements/punch-list/p1-gate/original/p2/emit/transformed.dl [32:1-32:65]"
         }
        }
       },
       "runtime": { "start": 22105091100, "end": 22105091106}
      },
      "20": {
       "copytime": { "start": 22105092816, "end": 22105092817},
       "maxRSS": {
        "post": 12708,
        "pre": 12708
       },
       "num-tuples": 0,
       "recursive-rule": {
        "sup_reach_bf_r1_1(x,z) :- \n   magic_reach_bf(x),\n   reach_bf(x,z).": {
         "0": {
          "maxRSS": {
           "post": 12708,
           "pre": 12708
          },
          "num-tuples": 0,
          "runtime": { "start": 22105092758, "end": 22105092758},
          "source-locator": "/root/compiler/measurements/punch-list/p1-gate/original/p2/emit/transformed.dl [32:1-32:65]"
         }
        }
       },
       "runtime": { "start": 22105092757, "end": 22105092763}
      },
      "21": {
       "copytime": { "start": 22105092903, "end": 22105092905},
       "maxRSS": {
        "post": 12708,
        "pre": 12708
       },
       "num-tuples": 19,
       "recursive-rule": {
        "sup_reach_bf_r1_1(x,z) :- \n   magic_reach_bf(x),\n   reach_bf(x,z).": {
         "0": {
          "maxRSS": {
           "post": 12708,
           "pre": 12708
          },
          "num-tuples": 19,
          "runtime": { "start": 22105092849, "end": 22105092852},
          "source-locator": "/root/compiler/measurements/punch-list/p1-gate/original/p2/emit/transformed.dl [32:1-32:65]"
         }
        }
       },
       "runtime": { "start": 22105092849, "end": 22105092859}
      },
      "22": {
       "copytime": { "start": 22105092961, "end": 22105092962},
       "maxRSS": {
        "post": 12708,
        "pre": 12708
       },
       "num-tuples": 0,
       "recursive-rule": {
        "sup_reach_bf_r1_1(x,z) :- \n   magic_reach_bf(x),\n   reach_bf(x,z).": {
         "0": {
          "maxRSS": {
           "post": 12708,
           "pre": 12708
          },
          "num-tuples": 0,
          "runtime": { "start": 22105092921, "end": 22105092921},
          "source-locator": "/root/compiler/measurements/punch-list/p1-gate/original/p2/emit/transformed.dl [32:1-32:65]"
         }
        }
       },
       "runtime": { "start": 22105092921, "end": 22105092927}
      },
      "23": {
       "copytime": { "start": 22105093069, "end": 22105093069},
       "maxRSS": {
        "post": 12708,
        "pre": 12708
       },
       "num-tuples": 0,
       "recursive-rule": {
        "sup_reach_bf_r1_1(x,z) :- \n   magic_reach_bf(x),\n   reach_bf(x,z).": {
         "0": {
          "maxRSS": {
           "post": 12708,
           "pre": 12708
          },
          "num-tuples": 0,
          "runtime": { "start": 22105092991, "end": 22105092992},
          "source-locator": "/root/compiler/measurements/punch-list/p1-gate/original/p2/emit/transformed.dl [32:1-32:65]"
         }
        }
       },
       "runtime": { "start": 22105092982, "end": 22105093000}
      },
      "24": {
       "copytime": { "start": 22105093127, "end": 22105093129},
       "maxRSS": {
        "post": 12708,
        "pre": 12708
       },
       "num-tuples": 9,
       "recursive-rule": {
        "sup_reach_bf_r1_1(x,z) :- \n   magic_reach_bf(x),\n   reach_bf(x,z).": {
         "0": {
          "maxRSS": {
           "post": 12708,
           "pre": 12708
          },
          "num-tuples": 9,
          "runtime": { "start": 22105093087, "end": 22105093089},
          "source-locator": "/root/compiler/measurements/punch-list/p1-gate/original/p2/emit/transformed.dl [32:1-32:65]"
         }
        }
       },
       "runtime": { "start": 22105093087, "end": 22105093095}
      },
      "25": {
       "copytime": { "start": 22105093208, "end": 22105093208},
       "maxRSS": {
        "post": 12708,
        "pre": 12708
       },
       "num-tuples": 0,
       "recursive-rule": {
        "sup_reach_bf_r1_1(x,z) :- \n   magic_reach_bf(x),\n   reach_bf(x,z).": {
         "0": {
          "maxRSS": {
           "post": 12708,
           "pre": 12708
          },
          "num-tuples": 0,
          "runtime": { "start": 22105093145, "end": 22105093146},
          "source-locator": "/root/compiler/measurements/punch-list/p1-gate/original/p2/emit/transformed.dl [32:1-32:65]"
         }
        }
       },
       "runtime": { "start": 22105093144, "end": 22105093152}
      },
      "26": {
       "copytime": { "start": 22105093269, "end": 22105093269},
       "maxRSS": {
        "post": 12708,
        "pre": 12708
       },
       "num-tuples": 0,
       "recursive-rule": {
        "sup_reach_bf_r1_1(x,z) :- \n   magic_reach_bf(x),\n   reach_bf(x,z).": {
         "0": {
          "maxRSS": {
           "post": 12708,
           "pre": 12708
          },
          "num-tuples": 0,
          "runtime": { "start": 22105093229, "end": 22105093230},
          "source-locator": "/root/compiler/measurements/punch-list/p1-gate/original/p2/emit/transformed.dl [32:1-32:65]"
         }
        }
       },
       "runtime": { "start": 22105093229, "end": 22105093235}
      },
      "27": {
       "copytime": { "start": 22105093344, "end": 22105093345},
       "maxRSS": {
        "post": 12708,
        "pre": 12708
       },
       "num-tuples": 7,
       "recursive-rule": {
        "sup_reach_bf_r1_1(x,z) :- \n   magic_reach_bf(x),\n   reach_bf(x,z).": {
         "0": {
          "maxRSS": {
           "post": 12708,
           "pre": 12708
          },
          "num-tuples": 7,
          "runtime": { "start": 22105093285, "end": 22105093286},
          "source-locator": "/root/compiler/measurements/punch-list/p1-gate/original/p2/emit/transformed.dl [32:1-32:65]"
         }
        }
       },
       "runtime": { "start": 22105093284, "end": 22105093291}
      },
      "28": {
       "copytime": { "start": 22105093466, "end": 22105093475},
       "maxRSS": {
        "post": 12708,
        "pre": 12708
       },
       "num-tuples": 0,
       "recursive-rule": {
        "sup_reach_bf_r1_1(x,z) :- \n   magic_reach_bf(x),\n   reach_bf(x,z).": {
         "0": {
          "maxRSS": {
           "post": 12708,
           "pre": 12708
          },
          "num-tuples": 0,
          "runtime": { "start": 22105093385, "end": 22105093386},
          "source-locator": "/root/compiler/measurements/punch-list/p1-gate/original/p2/emit/transformed.dl [32:1-32:65]"
         }
        }
       },
       "runtime": { "start": 22105093376, "end": 22105093395}
      },
      "29": {
       "copytime": { "start": 22105093596, "end": 22105093605},
       "maxRSS": {
        "post": 12708,
        "pre": 12708
       },
       "num-tuples": 0,
       "recursive-rule": {
        "sup_reach_bf_r1_1(x,z) :- \n   magic_reach_bf(x),\n   reach_bf(x,z).": {
         "0": {
          "maxRSS": {
           "post": 12708,
           "pre": 12708
          },
          "num-tuples": 0,
          "runtime": { "start": 22105093517, "end": 22105093517},
          "source-locator": "/root/compiler/measurements/punch-list/p1-gate/original/p2/emit/transformed.dl [32:1-32:65]"
         }
        }
       },
       "runtime": { "start": 22105093508, "end": 22105093527}
      },
      "3": {
       "copytime": { "start": 22105091237, "end": 22105091238},
       "maxRSS": {
        "post": 12580,
        "pre": 12580
       },
       "num-tuples": 13,
       "recursive-rule": {
        "sup_reach_bf_r1_1(x,z) :- \n   magic_reach_bf(x),\n   reach_bf(x,z).": {
         "0": {
          "maxRSS": {
           "post": 12580,
           "pre": 12580
          },
          "num-tuples": 13,
          "runtime": { "start": 22105091199, "end": 22105091202},
          "source-locator": "/root/compiler/measurements/punch-list/p1-gate/original/p2/emit/transformed.dl [32:1-32:65]"
         }
        }
       },
       "runtime": { "start": 22105091191, "end": 22105091210}
      },
      "30": {
       "copytime": { "start": 22105093737, "end": 22105093747},
       "maxRSS": {
        "post": 12708,
        "pre": 12708
       },
       "num-tuples": 6,
       "recursive-rule": {
        "sup_reach_bf_r1_1(x,z) :- \n   magic_reach_bf(x),\n   reach_bf(x,z).": {
         "0": {
          "maxRSS": {
           "post": 12708,
           "pre": 12708
          },
          "num-tuples": 6,
          "runtime": { "start": 22105093646, "end": 22105093647},
          "source-locator": "/root/compiler/measurements/punch-list/p1-gate/original/p2/emit/transformed.dl [32:1-32:65]"
         }
        }
       },
       "runtime": { "start": 22105093636, "end": 22105093656}
      },
      "31": {
       "copytime": { "start": 22105093871, "end": 22105093880},
       "maxRSS": {
        "post": 12836,
        "pre": 12836
       },
       "num-tuples": 0,
       "recursive-rule": {
        "sup_reach_bf_r1_1(x,z) :- \n   magic_reach_bf(x),\n   reach_bf(x,z).": {
         "0": {
          "maxRSS": {
           "post": 12836,
           "pre": 12836
          },
          "num-tuples": 0,
          "runtime": { "start": 22105093790, "end": 22105093791},
          "source-locator": "/root/compiler/measurements/punch-list/p1-gate/original/p2/emit/transformed.dl [32:1-32:65]"
         }
        }
       },
       "runtime": { "start": 22105093781, "end": 22105093799}
      },
      "32": {
       "copytime": { "start": 22105093999, "end": 22105094008},
       "maxRSS": {
        "post": 12836,
        "pre": 12836
       },
       "num-tuples": 0,
       "recursive-rule": {
        "sup_reach_bf_r1_1(x,z) :- \n   magic_reach_bf(x),\n   reach_bf(x,z).": {
         "0": {
          "maxRSS": {
           "post": 12836,
           "pre": 12836
          },
          "num-tuples": 0,
          "runtime": { "start": 22105093921, "end": 22105093922},
          "source-locator": "/root/compiler/measurements/punch-list/p1-gate/original/p2/emit/transformed.dl [32:1-32:65]"
         }
        }
       },
       "runtime": { "start": 22105093912, "end": 22105093931}
      },
      "33": {
       "copytime": { "start": 22105094127, "end": 22105094137},
       "maxRSS": {
        "post": 12836,
        "pre": 12836
       },
       "num-tuples": 3,
       "recursive-rule": {
        "sup_reach_bf_r1_1(x,z) :- \n   magic_reach_bf(x),\n   reach_bf(x,z).": {
         "0": {
          "maxRSS": {
           "post": 12836,
           "pre": 12836
          },
          "num-tuples": 3,
          "runtime": { "start": 22105094049, "end": 22105094051},
          "source-locator": "/root/compiler/measurements/punch-list/p1-gate/original/p2/emit/transformed.dl [32:1-32:65]"
         }
        }
       },
       "runtime": { "start": 22105094040, "end": 22105094060}
      },
      "34": {
       "maxRSS": {
        "post": 12836,
        "pre": 12836
       },
       "num-tuples": 0,
       "recursive-rule": {
        "sup_reach_bf_r1_1(x,z) :- \n   magic_reach_bf(x),\n   reach_bf(x,z).": {
         "0": {
          "maxRSS": {
           "post": 12836,
           "pre": 12836
          },
          "num-tuples": 0,
          "runtime": { "start": 22105094180, "end": 22105094181},
          "source-locator": "/root/compiler/measurements/punch-list/p1-gate/original/p2/emit/transformed.dl [32:1-32:65]"
         }
        }
       },
       "runtime": { "start": 22105094168, "end": 22105094189}
      },
      "4": {
       "copytime": { "start": 22105091288, "end": 22105091290},
       "maxRSS": {
        "post": 12580,
        "pre": 12580
       },
       "num-tuples": 0,
       "recursive-rule": {
        "sup_reach_bf_r1_1(x,z) :- \n   magic_reach_bf(x),\n   reach_bf(x,z).": {
         "0": {
          "maxRSS": {
           "post": 12580,
           "pre": 12580
          },
          "num-tuples": 0,
          "runtime": { "start": 22105091253, "end": 22105091253},
          "source-locator": "/root/compiler/measurements/punch-list/p1-gate/original/p2/emit/transformed.dl [32:1-32:65]"
         }
        }
       },
       "runtime": { "start": 22105091253, "end": 22105091258}
      },
      "5": {
       "copytime": { "start": 22105091368, "end": 22105091369},
       "maxRSS": {
        "post": 12580,
        "pre": 12580
       },
       "num-tuples": 0,
       "recursive-rule": {
        "sup_reach_bf_r1_1(x,z) :- \n   magic_reach_bf(x),\n   reach_bf(x,z).": {
         "0": {
          "maxRSS": {
           "post": 12580,
           "pre": 12580
          },
          "num-tuples": 0,
          "runtime": { "start": 22105091331, "end": 22105091332},
          "source-locator": "/root/compiler/measurements/punch-list/p1-gate/original/p2/emit/transformed.dl [32:1-32:65]"
         }
        }
       },
       "runtime": { "start": 22105091322, "end": 22105091340}
      },
      "6": {
       "copytime": { "start": 22105091423, "end": 22105091425},
       "maxRSS": {
        "post": 12580,
        "pre": 12580
       },
       "num-tuples": 24,
       "recursive-rule": {
        "sup_reach_bf_r1_1(x,z) :- \n   magic_reach_bf(x),\n   reach_bf(x,z).": {
         "0": {
          "maxRSS": {
           "post": 12580,
           "pre": 12580
          },
          "num-tuples": 24,
          "runtime": { "start": 22105091386, "end": 22105091389},
          "source-locator": "/root/compiler/measurements/punch-list/p1-gate/original/p2/emit/transformed.dl [32:1-32:65]"
         }
        }
       },
       "runtime": { "start": 22105091386, "end": 22105091394}
      },
      "7": {
       "copytime": { "start": 22105091506, "end": 22105091509},
       "maxRSS": {
        "post": 12580,
        "pre": 12580
       },
       "num-tuples": 0,
       "recursive-rule": {
        "sup_reach_bf_r1_1(x,z) :- \n   magic_reach_bf(x),\n   reach_bf(x,z).": {
         "0": {
          "maxRSS": {
           "post": 12580,
           "pre": 12580
          },
          "num-tuples": 0,
          "runtime": { "start": 22105091439, "end": 22105091440},
          "source-locator": "/root/compiler/measurements/punch-list/p1-gate/original/p2/emit/transformed.dl [32:1-32:65]"
         }
        }
       },
       "runtime": { "start": 22105091438, "end": 22105091445}
      },
      "8": {
       "copytime": { "start": 22105091582, "end": 22105091591},
       "maxRSS": {
        "post": 12580,
        "pre": 12580
       },
       "num-tuples": 0,
       "recursive-rule": {
        "sup_reach_bf_r1_1(x,z) :- \n   magic_reach_bf(x),\n   reach_bf(x,z).": {
         "0": {
          "maxRSS": {
           "post": 12580,
           "pre": 12580
          },
          "num-tuples": 0,
          "runtime": { "start": 22105091546, "end": 22105091546},
          "source-locator": "/root/compiler/measurements/punch-list/p1-gate/original/p2/emit/transformed.dl [32:1-32:65]"
         }
        }
       },
       "runtime": { "start": 22105091545, "end": 22105091552}
      },
      "9": {
       "copytime": { "start": 22105091681, "end": 22105091685},
       "maxRSS": {
        "post": 12580,
        "pre": 12580
       },
       "num-tuples": 34,
       "recursive-rule": {
        "sup_reach_bf_r1_1(x,z) :- \n   magic_reach_bf(x),\n   reach_bf(x,z).": {
         "0": {
          "maxRSS": {
           "post": 12580,
           "pre": 12580
          },
          "num-tuples": 34,
          "runtime": { "start": 22105091626, "end": 22105091630},
          "source-locator": "/root/compiler/measurements/punch-list/p1-gate/original/p2/emit/transformed.dl [32:1-32:65]"
         }
        }
       },
       "runtime": { "start": 22105091624, "end": 22105091636}
      }
     },
     "num-tuples": 0,
     "reads": 216,
     "source-locator": "/root/compiler/measurements/punch-list/p1-gate/original/p2/emit/transformed.dl [19:7-19:24]"
    },
    "sup_reach_bf_r1_2": {
     "iteration": {
      "0": {
       "copytime": { "start": 22105091030, "end": 22105091030},
       "maxRSS": {
        "post": 12580,
        "pre": 12580
       },
       "num-tuples": 0,
       "recursive-rule": {
        "sup_reach_bf_r1_2(x,y) :- \n   sup_reach_bf_r1_1(x,z),\n   edge(z,y).": {
         "0": {
          "atom-frequency": {
           "@new_sup_reach_bf_r1_2(x,y) :- \n   @delta_sup_reach_bf_r1_1(x,z),\n   edge(z,y).": {
            "@delta_sup_reach_bf_r1_1": {
             "level": 0,
             "num-tuples": 0
            },
            "edge": {
             "level": 1,
             "num-tuples": 0
            }
           }
          },
          "maxRSS": {
           "post": 12580,
           "pre": 12580
          },
          "num-tuples": 0,
          "runtime": { "start": 22105090983, "end": 22105090984},
          "source-locator": "/root/compiler/measurements/punch-list/p1-gate/original/p2/emit/transformed.dl [33:1-33:64]"
         }
        }
       },
       "runtime": { "start": 22105090974, "end": 22105090993}
      },
      "1": {
       "copytime": { "start": 22105091086, "end": 22105091087},
       "maxRSS": {
        "post": 12580,
        "pre": 12580
       },
       "num-tuples": 13,
       "recursive-rule": {
        "sup_reach_bf_r1_2(x,y) :- \n   sup_reach_bf_r1_1(x,z),\n   edge(z,y).": {
         "0": {
          "maxRSS": {
           "post": 12580,
           "pre": 12580
          },
          "num-tuples": 13,
          "runtime": { "start": 22105091058, "end": 22105091061},
          "source-locator": "/root/compiler/measurements/punch-list/p1-gate/original/p2/emit/transformed.dl [33:1-33:64]"
         }
        }
       },
       "runtime": { "start": 22105091058, "end": 22105091067}
      },
      "10": {
       "copytime": { "start": 22105091834, "end": 22105091838},
       "maxRSS": {
        "post": 12580,
        "pre": 12580
       },
       "num-tuples": 36,
       "recursive-rule": {
        "sup_reach_bf_r1_2(x,y) :- \n   sup_reach_bf_r1_1(x,z),\n   edge(z,y).": {
         "0": {
          "maxRSS": {
           "post": 12580,
           "pre": 12580
          },
          "num-tuples": 36,
          "runtime": { "start": 22105091754, "end": 22105091767},
          "source-locator": "/root/compiler/measurements/punch-list/p1-gate/original/p2/emit/transformed.dl [33:1-33:64]"
         }
        }
       },
       "runtime": { "start": 22105091745, "end": 22105091775}
      },
      "11": {
       "copytime": { "start": 22105091971, "end": 22105091972},
       "maxRSS": {
        "post": 12580,
        "pre": 12580
       },
       "num-tuples": 0,
       "recursive-rule": {
        "sup_reach_bf_r1_2(x,y) :- \n   sup_reach_bf_r1_1(x,z),\n   edge(z,y).": {
         "0": {
          "maxRSS": {
           "post": 12580,
           "pre": 12580
          },
          "num-tuples": 0,
          "runtime": { "start": 22105091900, "end": 22105091901},
          "source-locator": "/root/compiler/measurements/punch-list/p1-gate/original/p2/emit/transformed.dl [33:1-33:64]"
         }
        }
       },
       "runtime": { "start": 22105091891, "end": 22105091911}
      },
      "12": {
       "copytime": { "start": 22105092103, "end": 22105092112},
       "maxRSS": {
        "post": 12580,
        "pre": 12580
       },
       "num-tuples": 0,
       "recursive-rule": {
        "sup_reach_bf_r1_2(x,y) :- \n   sup_reach_bf_r1_1(x,z),\n   edge(z,y).": {
         "0": {
          "maxRSS": {
           "post": 12580,
           "pre": 12580
          },
          "num-tuples": 0,
          "runtime": { "start": 22105092043, "end": 22105092044},
          "source-locator": "/root/compiler/measurements/punch-list/p1-gate/original/p2/emit/transformed.dl [33:1-33:64]"
         }
        }
       },
       "runtime": { "start": 22105092034, "end": 22105092053}
      },
      "13": {
       "copytime": { "start": 22105092226, "end": 22105092229},
       "maxRSS": {
        "post": 12580,
        "pre": 12580
       },
       "num-tuples": 29,
       "recursive-rule": {
        "sup_reach_bf_r1_2(x,y) :- \n   sup_reach_bf_r1_1(x,z),\n   edge(z,y).": {
         "0": {
          "maxRSS": {
           "post": 12580,
           "pre": 12580
          },
          "num-tuples": 29,
          "runtime": { "start": 22105092157, "end": 22105092181},
          "source-locator": "/root/compiler/measurements/punch-list/p1-gate/original/p2/emit/transformed.dl [33:1-33:64]"
         }
        }
       },
       "runtime": { "start": 22105092157, "end": 22105092192}
      },
      "14": {
       "copytime": { "start": 22105092316, "end": 22105092317},
       "maxRSS": {
        "post": 12580,
        "pre": 12580
       },
       "num-tuples": 0,
       "recursive-rule": {
        "sup_reach_bf_r1_2(x,y) :- \n   sup_reach_bf_r1_1(x,z),\n   edge(z,y).": {
         "0": {
          "maxRSS": {
           "post": 12580,
           "pre": 12580
          },
          "num-tuples": 0,
          "runtime": { "start": 22105092274, "end": 22105092274},
          "source-locator": "/root/compiler/measurements/punch-list/p1-gate/original/p2/emit/transformed.dl [33:1-33:64]"
         }
        }
       },
       "runtime": { "start": 22105092273, "end": 22105092279}
      },
      "15": {
       "copytime": { "start": 22105092391, "end": 22105092392},
       "maxRSS": {
        "post": 12580,
        "pre": 12580
       },
       "num-tuples": 0,
       "recursive-rule": {
        "sup_reach_bf_r1_2(x,y) :- \n   sup_reach_bf_r1_1(x,z),\n   edge(z,y).": {
         "0": {
          "maxRSS": {
           "post": 12580,
           "pre": 12580
          },
          "num-tuples": 0,
          "runtime": { "start": 22105092355, "end": 22105092356},
          "source-locator": "/root/compiler/measurements/punch-list/p1-gate/original/p2/emit/transformed.dl [33:1-33:64]"
         }
        }
       },
       "runtime": { "start": 22105092346, "end": 22105092364}
      },
      "16": {
       "copytime": { "start": 22105092461, "end": 22105092464},
       "maxRSS": {
        "post": 12580,
        "pre": 12580
       },
       "num-tuples": 31,
       "recursive-rule": {
        "sup_reach_bf_r1_2(x,y) :- \n   sup_reach_bf_r1_1(x,z),\n   edge(z,y).": {
         "0": {
          "maxRSS": {
           "post": 12580,
           "pre": 12580
          },
          "num-tuples": 31,
          "runtime": { "start": 22105092421, "end": 22105092434},
          "source-locator": "/root/compiler/measurements/punch-list/p1-gate/original/p2/emit/transformed.dl [33:1-33:64]"
         }
        }
       },
       "runtime": { "start": 22105092421, "end": 22105092440}
      },
      "17": {
       "copytime": { "start": 22105092572, "end": 22105092573},
       "maxRSS": {
        "post": 12708,
        "pre": 12708
       },
       "num-tuples": 0,
       "recursive-rule": {
        "sup_reach_bf_r1_2(x,y) :- \n   sup_reach_bf_r1_1(x,z),\n   edge(z,y).": {
         "0": {
          "maxRSS": {
           "post": 12708,
           "pre": 12708
          },
          "num-tuples": 0,
          "runtime": { "start": 22105092542, "end": 22105092542},
          "source-locator": "/root/compiler/measurements/punch-list/p1-gate/original/p2/emit/transformed.dl [33:1-33:64]"
         }
        }
       },
       "runtime": { "start": 22105092541, "end": 22105092547}
      },
      "18": {
       "copytime": { "start": 22105092655, "end": 22105092656},
       "maxRSS": {
        "post": 12708,
        "pre": 12708
       },
       "num-tuples": 0,
       "recursive-rule": {
        "sup_reach_bf_r1_2(x,y) :- \n   sup_reach_bf_r1_1(x,z),\n   edge(z,y).": {
         "0": {
          "maxRSS": {
           "post": 12708,
           "pre": 12708
          },
          "num-tuples": 0,
          "runtime": { "start": 22105092599, "end": 22105092599},
          "source-locator": "/root/compiler/measurements/punch-list/p1-gate/original/p2/emit/transformed.dl [33:1-33:64]"
         }
        }
       },
       "runtime": { "start": 22105092599, "end": 22105092605}
      },
      "19": {
       "copytime": { "start": 22105092738, "end": 22105092741},
       "maxRSS": {
        "post": 12708,
        "pre": 12708
       },
       "num-tuples": 21,
       "recursive-rule": {
        "sup_reach_bf_r1_2(x,y) :- \n   sup_reach_bf_r1_1(x,z),\n   edge(z,y).": {
         "0": {
          "maxRSS": {
           "post": 12708,
           "pre": 12708
          },
          "num-tuples": 21,
          "runtime": { "start": 22105092696, "end": 22105092711},
          "source-locator": "/root/compiler/measurements/punch-list/p1-gate/original/p2/emit/transformed.dl [33:1-33:64]"
         }
        }
       },
       "runtime": { "start": 22105092695, "end": 22105092717}
      },
      "2": {
       "copytime": { "start": 22105091173, "end": 22105091174},
       "maxRSS": {
        "post": 12580,
        "pre": 12580
       },
       "num-tuples": 0,
       "recursive-rule": {
        "sup_reach_bf_r1_2(x,y) :- \n   sup_reach_bf_r1_1(x,z),\n   edge(z,y).": {
         "0": {
          "maxRSS": {
           "post": 12580,
           "pre": 12580
          },
          "num-tuples": 0,
          "runtime": { "start": 22105091117, "end": 22105091118},
          "source-locator": "/root/compiler/measurements/punch-list/p1-gate/original/p2/emit/transformed.dl [33:1-33:64]"
         }
        }
       },
       "runtime": { "start": 22105091109, "end": 22105091126}
      },
      "20": {
       "copytime": { "start": 22105092820, "end": 22105092830},
       "maxRSS": {
        "post": 12708,
        "pre": 12708
       },
       "num-tuples": 0,
       "recursive-rule": {
        "sup_reach_bf_r1_2(x,y) :- \n   sup_reach_bf_r1_1(x,z),\n   edge(z,y).": {
         "0": {
          "maxRSS": {
           "post": 12708,
           "pre": 12708
          },
          "num-tuples": 0,
          "runtime": { "start": 22105092767, "end": 22105092768},
          "source-locator": "/root/compiler/measurements/punch-list/p1-gate/original/p2/emit/transformed.dl [33:1-33:64]"
         }
        }
       },
       "runtime": { "start": 22105092767, "end": 22105092773}
      },
      "21": {
       "copytime": { "start": 22105092908, "end": 22105092908},
       "maxRSS": {
        "post": 12708,
        "pre": 12708
       },
       "num-tuples": 0,
       "recursive-rule": {
        "sup_reach_bf_r1_2(x,y) :- \n   sup_reach_bf_r1_1(x,z),\n   edge(z,y).": {
         "0": {
          "maxRSS": {
           "post": 12708,
           "pre": 12708
          },
          "num-tuples": 0,
          "runtime": { "start": 22105092871, "end": 22105092872},
          "source-locator": "/root/compiler/measurements/punch-list/p1-gate/original/p2/emit/transformed.dl [33:1-33:64]"
         }
        }
       },
       "runtime": { "start": 22105092863, "end": 22105092881}
      },
      "22": {
       "copytime": { "start": 22105092964, "end": 22105092968},
       "maxRSS": {
        "post": 12708,
        "pre": 12708
       },
       "num-tuples": 9,
       "recursive-rule": {
        "sup_reach_bf_r1_2(x,y) :- \n   sup_reach_bf_r1_1(x,z),\n   edge(z,y).": {
         "0": {
          "maxRSS": {
           "post": 12708,
           "pre": 12708
          },
          "num-tuples": 9,
          "runtime": { "start": 22105092931, "end": 22105092939},
          "source-locator": "/root/compiler/measurements/punch-list/p1-gate/original/p2/emit/transformed.dl [33:1-33:64]"
         }
        }
       },
       "runtime": { "start": 22105092930, "end": 22105092945}
      },
      "23": {
       "copytime": { "start": 22105093072, "end": 22105093074},
       "maxRSS": {
        "post": 12708,
        "pre": 12708
       },
       "num-tuples": 0,
       "recursive-rule": {
        "sup_reach_bf_r1_2(x,y) :- \n   sup_reach_bf_r1_1(x,z),\n   edge(z,y).": {
         "0": {
          "maxRSS": {
           "post": 12708,
           "pre": 12708
          },
          "num-tuples": 0,
          "runtime": { "start": 22105093013, "end": 22105093014},
          "source-locator": "/root/compiler/measurements/punch-list/p1-gate/original/p2/emit/transformed.dl [33:1-33:64]"
         }
        }
       },
       "runtime": { "start": 22105093004, "end": 22105093037}
      },
      "24": {
       "copytime": { "start": 22105093131, "end": 22105093132},
       "maxRSS": {
        "post": 12708,
        "pre": 12708
       },
       "num-tuples": 0,
       "recursive-rule": {
        "sup_reach_bf_r1_2(x,y) :- \n   sup_reach_bf_r1_1(x,z),\n   edge(z,y).": {
         "0": {
          "maxRSS": {
           "post": 12708,
           "pre": 12708
          },
          "num-tuples": 0,
          "runtime": { "start": 22105093107, "end": 22105093107},
          "source-locator": "/root/compiler/measurements/punch-list/p1-gate/original/p2/emit/transformed.dl [33:1-33:64]"
         }
        }
       },
       "runtime": { "start": 22105093106, "end": 22105093112}
      },
      "25": {
       "copytime": { "start": 22105093211, "end": 22105093212},
       "maxRSS": {
        "post": 12708,
        "pre": 12708
       },
       "num-tuples": 7,
       "recursive-rule": {
        "sup_reach_bf_r1_2(x,y) :- \n   sup_reach_bf_r1_1(x,z),\n   edge(z,y).": {
         "0": {
          "maxRSS": {
           "post": 12708,
           "pre": 12708
          },
          "num-tuples": 7,
          "runtime": { "start": 22105093163, "end": 22105093168},
          "source-locator": "/root/compiler/measurements/punch-list/p1-gate/original/p2/emit/transformed.dl [33:1-33:64]"
         }
        }
       },
       "runtime": { "start": 22105093154, "end": 22105093177}
      },
      "26": {
       "copytime": { "start": 22105093272, "end": 22105093272},
       "maxRSS": {
        "post": 12708,
        "pre": 12708
       },
       "num-tuples": 0,
       "recursive-rule": {
        "sup_reach_bf_r1_2(x,y) :- \n   sup_reach_bf_r1_1(x,z),\n   edge(z,y).": {
         "0": {
          "maxRSS": {
           "post": 12708,
           "pre": 12708
          },
          "num-tuples": 0,
          "runtime": { "start": 22105093239, "end": 22105093239},
          "source-locator": "/root/compiler/measurements/punch-list/p1-gate/original/p2/emit/transformed.dl [33:1-33:64]"
         }
        }
       },
       "runtime": { "start": 22105093238, "end": 22105093253}
      },
      "27": {
       "copytime": { "start": 22105093348, "end": 22105093357},
       "maxRSS": {
        "post": 12708,
        "pre": 12708
       },
       "num-tuples": 0,
       "recursive-rule": {
        "sup_reach_bf_r1_2(x,y) :- \n   sup_reach_bf_r1_1(x,z),\n   edge(z,y).": {
         "0": {
          "maxRSS": {
           "post": 12708,
           "pre": 12708
          },
          "num-tuples": 0,
          "runtime": { "start": 22105093304, "end": 22105093305},
          "source-locator": "/root/compiler/measurements/punch-list/p1-gate/original/p2/emit/transformed.dl [33:1-33:64]"
         }
        }
       },
       "runtime": { "start": 22105093295, "end": 22105093313}
      },
      "28": {
       "copytime": { "start": 22105093480, "end": 22105093482},
       "maxRSS": {
        "post": 12708,
        "pre": 12708
       },
       "num-tuples": 6,
       "recursive-rule": {
        "sup_reach_bf_r1_2(x,y) :- \n   sup_reach_bf_r1_1(x,z),\n   edge(z,y).": {
         "0": {
          "maxRSS": {
           "post": 12708,
           "pre": 12708
          },
          "num-tuples": 6,
          "runtime": { "start": 22105093409, "end": 22105093413},
          "source-locator": "/root/compiler/measurements/punch-list/p1-gate/original/p2/emit/transformed.dl [33:1-33:64]"
         }
        }
       },
       "runtime": { "start": 22105093400, "end": 22105093422}
      },
      "29": {
       "copytime": { "start": 22105093610, "end": 22105093611},
       "maxRSS": {
        "post": 12708,
        "pre": 12708
       },
       "num-tuples": 0,
       "recursive-rule": {
        "sup_reach_bf_r1_2(x,y) :- \n   sup_reach_bf_r1_1(x,z),\n   edge(z,y).": {
         "0": {
          "maxRSS": {
           "post": 12708,
           "pre": 12708
          },
          "num-tuples": 0,
          "runtime": { "start": 22105093540, "end": 22105093541},
          "source-locator": "/root/compiler/measurements/punch-list/p1-gate/original/p2/emit/transformed.dl [33:1-33:64]"
         }
        }
       },
       "runtime": { "start": 22105093532, "end": 22105093551}
      },
      "3": {
       "copytime": { "start": 22105091241, "end": 22105091242},
       "maxRSS": {
        "post": 12580,
        "pre": 12580
       },
       "num-tuples": 0,
       "recursive-rule": {
        "sup_reach_bf_r1_2(x,y) :- \n   sup_reach_bf_r1_1(x,z),\n   edge(z,y).": {
         "0": {
          "maxRSS": {
           "post": 12580,
           "pre": 12580
          },
          "num-tuples": 0,
          "runtime": { "start": 22105091215, "end": 22105091215},
          "source-locator": "/root/compiler/measurements/punch-list/p1-gate/original/p2/emit/transformed.dl [33:1-33:64]"
         }
        }
       },
       "runtime": { "start": 22105091214, "end": 22105091220}
      },
      "30": {
       "copytime": { "start": 22105093752, "end": 22105093753},
       "maxRSS": {
        "post": 12836,
        "pre": 12708
       },
       "num-tuples": 0,
       "recursive-rule": {
        "sup_reach_bf_r1_2(x,y) :- \n   sup_reach_bf_r1_1(x,z),\n   edge(z,y).": {
         "0": {
          "maxRSS": {
           "post": 12708,
           "pre": 12708
          },
          "num-tuples": 0,
          "runtime": { "start": 22105093669, "end": 22105093670},
          "source-locator": "/root/compiler/measurements/punch-list/p1-gate/original/p2/emit/transformed.dl [33:1-33:64]"
         }
        }
       },
       "runtime": { "start": 22105093660, "end": 22105093693}
      },
      "31": {
       "copytime": { "start": 22105093885, "end": 22105093887},
       "maxRSS": {
        "post": 12836,
        "pre": 12836
       },
       "num-tuples": 3,
       "recursive-rule": {
        "sup_reach_bf_r1_2(x,y) :- \n   sup_reach_bf_r1_1(x,z),\n   edge(z,y).": {
         "0": {
          "maxRSS": {
           "post": 12836,
           "pre": 12836
          },
          "num-tuples": 3,
          "runtime": { "start": 22105093814, "end": 22105093817},
          "source-locator": "/root/compiler/measurements/punch-list/p1-gate/original/p2/emit/transformed.dl [33:1-33:64]"
         }
        }
       },
       "runtime": { "start": 22105093805, "end": 22105093826}
      },
      "32": {
       "copytime": { "start": 22105094013, "end": 22105094014},
       "maxRSS": {
        "post": 12836,
        "pre": 12836
       },
       "num-tuples": 0,
       "recursive-rule": {
        "sup_reach_bf_r1_2(x,y) :- \n   sup_reach_bf_r1_1(x,z),\n   edge(z,y).": {
         "0": {
          "maxRSS": {
           "post": 12836,
           "pre": 12836
          },
          "num-tuples": 0,
          "runtime": { "start": 22105093945, "end": 22105093946},
          "source-locator": "/root/compiler/measurements/punch-list/p1-gate/original/p2/emit/transformed.dl [33:1-33:64]"
         }
        }
       },
       "runtime": { "start": 22105093936, "end": 22105093954}
      },
      "33": {
       "copytime": { "start": 22105094142, "end": 22105094142},
       "maxRSS": {
        "post": 12836,
        "pre": 12836
       },
       "num-tuples": 0,
       "recursive-rule": {
        "sup_reach_bf_r1_2(x,y) :- \n   sup_reach_bf_r1_1(x,z),\n   edge(z,y).": {
         "0": {
          "maxRSS": {
           "post": 12836,
           "pre": 12836
          },
          "num-tuples": 0,
          "runtime": { "start": 22105094073, "end": 22105094074},
          "source-locator": "/root/compiler/measurements/punch-list/p1-gate/original/p2/emit/transformed.dl [33:1-33:64]"
         }
        }
       },
       "runtime": { "start": 22105094064, "end": 22105094084}
      },
      "34": {
       "maxRSS": {
        "post": 12836,
        "pre": 12836
       },
       "num-tuples": 0,
       "recursive-rule": {
        "sup_reach_bf_r1_2(x,y) :- \n   sup_reach_bf_r1_1(x,z),\n   edge(z,y).": {
         "0": {
          "maxRSS": {
           "post": 12836,
           "pre": 12836
          },
          "num-tuples": 0,
          "runtime": { "start": 22105094204, "end": 22105094206},
          "source-locator": "/root/compiler/measurements/punch-list/p1-gate/original/p2/emit/transformed.dl [33:1-33:64]"
         }
        }
       },
       "runtime": { "start": 22105094195, "end": 22105094215}
      },
      "4": {
       "copytime": { "start": 22105091293, "end": 22105091295},
       "maxRSS": {
        "post": 12580,
        "pre": 12580
       },
       "num-tuples": 26,
       "recursive-rule": {
        "sup_reach_bf_r1_2(x,y) :- \n   sup_reach_bf_r1_1(x,z),\n   edge(z,y).": {
         "0": {
          "maxRSS": {
           "post": 12580,
           "pre": 12580
          },
          "num-tuples": 26,
          "runtime": { "start": 22105091261, "end": 22105091268},
          "source-locator": "/root/compiler/measurements/punch-list/p1-gate/original/p2/emit/transformed.dl [33:1-33:64]"
         }
        }
       },
       "runtime": { "start": 22105091261, "end": 22105091272}
      },
      "5": {
       "copytime": { "start": 22105091371, "end": 22105091372},
       "maxRSS": {
        "post": 12580,
        "pre": 12580
       },
       "num-tuples": 0,
       "recursive-rule": {
        "sup_reach_bf_r1_2(x,y) :- \n   sup_reach_bf_r1_1(x,z),\n   edge(z,y).": {
         "0": {
          "maxRSS": {
           "post": 12580,
           "pre": 12580
          },
          "num-tuples": 0,
          "runtime": { "start": 22105091345, "end": 22105091345},
          "source-locator": "/root/compiler/measurements/punch-list/p1-gate/original/p2/emit/transformed.dl [33:1-33:64]"
         }
        }
       },
       "runtime": { "start": 22105091344, "end": 22105091350}
      },
      "6": {
       "copytime": { "start": 22105091427, "end": 22105091428},
       "maxRSS": {
        "post": 12580,
        "pre": 12580
       },
       "num-tuples": 0,
       "recursive-rule": {
        "sup_reach_bf_r1_2(x,y) :- \n   sup_reach_bf_r1_1(x,z),\n   edge(z,y).": {
         "0": {
          "maxRSS": {
           "post": 12580,
           "pre": 12580
          },
          "num-tuples": 0,
          "runtime": { "start": 22105091403, "end": 22105091403},
          "source-locator": "/root/compiler/measurements/punch-list/p1-gate/original/p2/emit/transformed.dl [33:1-33:64]"
         }
        }
       },
       "runtime": { "start": 22105091403, "end": 22105091408}
      },
      "7": {
       "copytime": { "start": 22105091512, "end": 22105091515},
       "maxRSS": {
        "post": 12580,
        "pre": 12580
       },
       "num-tuples": 35,
       "recursive-rule": {
        "sup_reach_bf_r1_2(x,y) :- \n   sup_reach_bf_r1_1(x,z),\n   edge(z,y).": {
         "0": {
          "maxRSS": {
           "post": 12580,
           "pre": 12580
          },
          "num-tuples": 35,
          "runtime": { "start": 22105091458, "end": 22105091468},
          "source-locator": "/root/compiler/measurements/punch-list/p1-gate/original/p2/emit/transformed.dl [33:1-33:64]"
         }
        }
       },
       "runtime": { "start": 22105091448, "end": 22105091477}
      },
      "8": {
       "copytime": { "start": 22105091596, "end": 22105091597},
       "maxRSS": {
        "post": 12580,
        "pre": 12580
       },
       "num-tuples": 0,
       "recursive-rule": {
        "sup_reach_bf_r1_2(x,y) :- \n   sup_reach_bf_r1_1(x,z),\n   edge(z,y).": {
         "0": {
          "maxRSS": {
           "post": 12580,
           "pre": 12580
          },
          "num-tuples": 0,
          "runtime": { "start": 22105091556, "end": 22105091556},
          "source-locator": "/root/compiler/measurements/punch-list/p1-gate/original/p2/emit/transformed.dl [33:1-33:64]"
         }
        }
       },
       "runtime": { "start": 22105091555, "end": 22105091561}
      },
      "9": {
       "copytime": { "start": 22105091688, "end": 22105091688},
       "maxRSS": {
        "post": 12580,
        "pre": 12580
       },
       "num-tuples": 0,
       "recursive-rule": {
        "sup_reach_bf_r1_2(x,y) :- \n   sup_reach_bf_r1_1(x,z),\n   edge(z,y).": {
         "0": {
          "maxRSS": {
           "post": 12580,
           "pre": 12580
          },
          "num-tuples": 0,
          "runtime": { "start": 22105091649, "end": 22105091649},
          "source-locator": "/root/compiler/measurements/punch-list/p1-gate/original/p2/emit/transformed.dl [33:1-33:64]"
         }
        }
       },
       "runtime": { "start": 22105091641, "end": 22105091659}
      }
     },
     "num-tuples": 0,
     "reads": 444,
     "source-locator": "/root/compiler/measurements/punch-list/p1-gate/original/p2/emit/transformed.dl [20:7-20:24]"
    },
    "sup_unreach_bf_r0_1": {
     "maxRSS": {
      "post": 12452,
      "pre": 12452
     },
     "non-recursive-rule": {
      "sup_unreach_bf_r0_1(x) :- \n   magic_unreach_bf(x),\n   node(x).": {
       "atom-frequency": {
        "sup_unreach_bf_r0_1(x) :- \n   magic_unreach_bf(x),\n   node(x).": {
         "magic_unreach_bf": {
          "level": 0,
          "num-tuples": 0
         }
        }
       },
       "maxRSS": {
        "post": 12452,
        "pre": 12452
       },
       "num-tuples": 1,
       "runtime": { "start": 22105090840, "end": 22105090843},
       "source-locator": "/root/compiler/measurements/punch-list/p1-gate/original/p2/emit/transformed.dl [23:1-23:59]"
      }
     },
     "num-tuples": 1,
     "reads": 0,
     "runtime": { "start": 22105090830, "end": 22105090852},
     "source-locator": "/root/compiler/measurements/punch-list/p1-gate/original/p2/emit/transformed.dl [10:7-10:26]"
    },
    "sup_unreach_bf_r0_2": {
     "maxRSS": {
      "post": 12452,
      "pre": 12452
     },
     "non-recursive-rule": {
      "sup_unreach_bf_r0_2(x,y) :- \n   sup_unreach_bf_r0_1(x),\n   node(y).": {
       "atom-frequency": {
        "sup_unreach_bf_r0_2(x,y) :- \n   sup_unreach_bf_r0_1(x),\n   node(y).": {
         "node": {
          "level": 1,
          "num-tuples": 0
         },
         "sup_unreach_bf_r0_1": {
          "level": 0,
          "num-tuples": 0
         }
        }
       },
       "maxRSS": {
        "post": 12452,
        "pre": 12452
       },
       "num-tuples": 250,
       "runtime": { "start": 22105090872, "end": 22105090882},
       "source-locator": "/root/compiler/measurements/punch-list/p1-gate/original/p2/emit/transformed.dl [24:1-24:62]"
      }
     },
     "num-tuples": 250,
     "reads": 0,
     "runtime": { "start": 22105090863, "end": 22105090890},
     "source-locator": "/root/compiler/measurements/punch-list/p1-gate/original/p2/emit/transformed.dl [11:7-11:26]"
    },
    "sup_unreach_bf_r0_3": {
     "maxRSS": {
      "post": 12836,
      "pre": 12836
     },
     "non-recursive-rule": {
      "sup_unreach_bf_r0_3(x,y) :- \n   sup_unreach_bf_r0_2(x,y),\n   !reach_bf(x,y).": {
       "atom-frequency": {
        "sup_unreach_bf_r0_3(x,y) :- \n   sup_unreach_bf_r0_2(x,y),\n   !reach_bf(x,y).": {
         "sup_unreach_bf_r0_2": {
          "level": 0,
          "num-tuples": 0
         }
        }
       },
       "maxRSS": {
        "post": 12836,
        "pre": 12836
       },
       "num-tuples": 34,
       "runtime": { "start": 22105094266, "end": 22105094282},
       "source-locator": "/root/compiler/measurements/punch-list/p1-gate/original/p2/emit/transformed.dl [25:1-25:73]"
      }
     },
     "num-tuples": 34,
     "reads": 0,
     "runtime": { "start": 22105094257, "end": 22105094291},
     "source-locator": "/root/compiler/measurements/punch-list/p1-gate/original/p2/emit/transformed.dl [12:7-12:26]"
    }
   },
   "runtime": { "start": 22105090526, "end": 22105095513},
   "starttime": { "time": 22105090493},
   "usage": {
    "timepoint": {
     "22105090599": {
      "maxRSS": 11872,
      "systemtime": 18479,
      "usertime": 3695
     },
     "22105090816": {
      "maxRSS": 12452,
      "systemtime": 18709,
      "usertime": 3741
     },
     "22105090845": {
      "maxRSS": 12452,
      "systemtime": 18775,
      "usertime": 3755
     },
     "22105090960": {
      "maxRSS": 12580,
      "systemtime": 18884,
      "usertime": 3776
     },
     "22105090989": {
      "maxRSS": 12580,
      "systemtime": 18911,
      "usertime": 3782
     },
     "22105091099": {
      "maxRSS": 12580,
      "systemtime": 19014,
      "usertime": 3802
     },
     "22105091120": {
      "maxRSS": 12580,
      "systemtime": 19039,
      "usertime": 3807
     },
     "22105091153": {
      "maxRSS": 12580,
      "systemtime": 19076,
      "usertime": 3815
     },
     "22105091173": {
      "maxRSS": 12580,
      "systemtime": 19102,
      "usertime": 3820
     },
     "22105091182": {
      "maxRSS": 12580,
      "systemtime": 19111,
      "usertime": 3822
     },
     "22105091279": {
      "maxRSS": 12580,
      "systemtime": 19202,
      "usertime": 3840
     },
     "22105091292": {
      "maxRSS": 12580,
      "systemtime": 19219,
      "usertime": 3843
     },
     "22105091313": {
      "maxRSS": 12580,
      "systemtime": 19239,
      "usertime": 3847
     },
     "22105091426": {
      "maxRSS": 12580,
      "systemtime": 19343,
      "usertime": 3868
     },
     "22105091441": {
      "maxRSS": 12580,
      "systemtime": 19366,
      "usertime": 3873
     },
     "22105091462": {
      "maxRSS": 12580,
      "systemtime": 19384,
      "usertime": 3876
     },
     "22105091563": {
      "maxRSS": 12580,
      "systemtime": 19478,
      "usertime": 3895
     },
     "22105091576": {
      "maxRSS": 12580,
      "systemtime": 19497,
      "usertime": 3899
     },
     "22105091597": {
      "maxRSS": 12580,
      "systemtime": 19519,
      "usertime": 3903
     },
     "22105091616": {
      "maxRSS": 12580,
      "systemtime": 19536,
      "usertime": 3907
     },
     "22105091628": {
      "maxRSS": 12580,
      "systemtime": 19556,
      "usertime": 3911
     },
     "22105091733": {
      "maxRSS": 12580,
      "systemtime": 19643,
      "usertime": 3928
     },
     "22105091761": {
      "maxRSS": 12580,
      "systemtime": 19679,
      "usertime": 3935
     },
     "22105091793": {
      "maxRSS": 12580,
      "systemtime": 19713,
      "usertime": 3942
     },
     "22105091812": {
      "maxRSS": 12580,
      "systemtime": 19733,
      "usertime": 3946
     },
     "22105091832": {
      "maxRSS": 12580,
      "systemtime": 19754,
      "usertime": 3950
     },
     "22105091853": {
      "maxRSS": 12580,
      "systemtime": 19780,
      "usertime": 3956
     },
     "22105091881": {
      "maxRSS": 12580,
      "systemtime": 19807,
      "usertime": 3961
     },
     "22105091904": {
      "maxRSS": 12580,
      "systemtime": 19830,
      "usertime": 3966
     },
     "22105091927": {
      "maxRSS": 12580,
      "systemtime": 19854,
      "usertime": 3970
     },
     "22105091946": {
      "maxRSS": 12580,
      "systemtime": 19874,
      "usertime": 3974
     },
     "22105091969": {
      "maxRSS": 12580,
      "systemtime": 19897,
      "usertime": 3979
     },
     "22105091987": {
      "maxRSS": 12580,
      "systemtime": 19919,
      "usertime": 3983
     },
     "22105092019": {
      "maxRSS": 12580,
      "systemtime": 19955,
      "usertime": 3986
     },
     "22105092048": {
      "maxRSS": 12580,
      "systemtime": 19990,
      "usertime": 3986
     },
     "22105092072": {
      "maxRSS": 12580,
      "systemtime": 20020,
      "usertime": 3986
     },
     "22105092096": {
      "maxRSS": 12580,
      "systemtime": 20052,
      "usertime": 3986
     },
     "22105092116": {
      "maxRSS": 12580,
      "systemtime": 20078,
      "usertime": 3986
     },
     "22105092150": {
      "maxRSS": 12580,
      "systemtime": 20119,
      "usertime": 3986
     },
     "22105092221": {
      "maxRSS": 12580,
      "systemtime": 20216,
      "usertime": 3986
     },
     "22105092243": {
      "maxRSS": 12580,
      "systemtime": 20246,
      "usertime": 3986
     },
     "22105092282": {
      "maxRSS": 12580,
      "systemtime": 20300,
      "usertime": 3986
     },
     "22105092292": {
      "maxRSS": 12580,
      "systemtime": 20322,
      "usertime": 3986
     },
     "22105092326": {
      "maxRSS": 12580,
      "systemtime": 20363,
      "usertime": 3986
     },
     "22105092443": {
      "maxRSS": 12580,
      "systemtime": 20502,
      "usertime": 3986
     },
     "22105092460": {
      "maxRSS": 12580,
      "systemtime": 20531,
      "usertime": 3986
     },
     "22105092483": {
      "maxRSS": 12580,
      "systemtime": 20560,
      "usertime": 3986
     },
     "22105092594": {
      "maxRSS": 12708,
      "systemtime": 20681,
      "usertime": 3986
     },
     "22105092624": {
      "maxRSS": 12708,
      "systemtime": 20726,
      "usertime": 3986
     },
     "22105092630": {
      "maxRSS": 12708,
      "systemtime": 20738,
      "usertime": 3986
     },
     "22105092648": {
      "maxRSS": 12708,
      "systemtime": 20757,
      "usertime": 3986
     },
     "22105092657": {
      "maxRSS": 12708,
      "systemtime": 20780,
      "usertime": 3986
     },
     "22105092661": {
      "maxRSS": 12708,
      "systemtime": 20789,
      "usertime": 3986
     },
     "22105092764": {
      "maxRSS": 12708,
      "systemtime": 20902,
      "usertime": 3986
     },
     "22105092788": {
      "maxRSS": 12708,
      "systemtime": 20935,
      "usertime": 3986
     },
     "22105092813": {
      "maxRSS": 12708,
      "systemtime": 20971,
      "usertime": 3986
     },
     "22105092842": {
      "maxRSS": 12708,
      "systemtime": 21005,
      "usertime": 3986
     },
     "22105092949": {
      "maxRSS": 12708,
      "systemtime": 21135,
      "usertime": 3986
     },
     "22105092960": {
      "maxRSS": 12708,
      "systemtime": 21156,
      "usertime": 3986
     },
     "22105092975": {
      "maxRSS": 12708,
      "systemtime": 21175,
      "usertime": 3986
     },
     "22105092997": {
      "maxRSS": 12708,
      "systemtime": 21200,
      "usertime": 3986
     },
     "22105093026": {
      "maxRSS": 12708,
      "systemtime": 21232,
      "usertime": 3986
     },
     "22105093133": {
      "maxRSS": 12708,
      "systemtime": 21365,
      "usertime": 3986
     },
     "22105093146": {
      "maxRSS": 12708,
      "systemtime": 21392,
      "usertime": 3986
     },
     "22105093172": {
      "maxRSS": 12708,
      "systemtime": 21421,
      "usertime": 3986
     },
     "22105093277": {
      "maxRSS": 12708,
      "systemtime": 21540,
      "usertime": 3986
     },
     "22105093285": {
      "maxRSS": 12708,
      "systemtime": 21558,
      "usertime": 3986
     },
     "22105093310": {
      "maxRSS": 12708,
      "systemtime": 21584,
      "usertime": 3986
     },
     "22105093339": {
      "maxRSS": 12708,
      "systemtime": 21626,
      "usertime": 3986
     },
     "22105093361": {
      "maxRSS": 12708,
      "systemtime": 21654,
      "usertime": 3986
     },
     "22105093389": {
      "maxRSS": 12708,
      "systemtime": 21693,
      "usertime": 3986
     },
     "22105093414": {
      "maxRSS": 12708,
      "systemtime": 21727,
      "usertime": 3986
     },
     "22105093441": {
      "maxRSS": 12708,
      "systemtime": 21757,
      "usertime": 3986
     },
     "22105093460": {
      "maxRSS": 12708,
      "systemtime": 21783,
      "usertime": 3986
     },
     "22105093480": {
      "maxRSS": 12708,
      "systemtime": 21809,
      "usertime": 3986
     },
     "22105093499": {
      "maxRSS": 12708,
      "systemtime": 21837,
      "usertime": 3986
     },
     "22105093521": {
      "maxRSS": 12708,
      "systemtime": 21866,
      "usertime": 3986
     },
     "22105093545": {
      "maxRSS": 12708,
      "systemtime": 21897,
      "usertime": 3986
     },
     "22105093569": {
      "maxRSS": 12708,
      "systemtime": 21927,
      "usertime": 3986
     },
     "22105093589": {
      "maxRSS": 12708,
      "systemtime": 21953,
      "usertime": 3986
     },
     "22105093609": {
      "maxRSS": 12708,
      "systemtime": 21980,
      "usertime": 3986
     },
     "22105093628": {
      "maxRSS": 12708,
      "systemtime": 22006,
      "usertime": 3986
     },
     "22105093650": {
      "maxRSS": 12708,
      "systemtime": 22037,
      "usertime": 3986
     },
     "22105093674": {
      "maxRSS": 12708,
      "systemtime": 22067,
      "usertime": 3986
     },
     "22105093712": {
      "maxRSS": 12836,
      "systemtime": 22110,
      "usertime": 3986
     },
     "22105093731": {
      "maxRSS": 12836,
      "systemtime": 22136,
      "usertime": 3986
     },
     "22105093751": {
      "maxRSS": 12836,
      "systemtime": 22164,
      "usertime": 3986
     },
     "22105093770": {
      "maxRSS": 12836,
      "systemtime": 22190,
      "usertime": 3986
     },
     "22105093794": {
      "maxRSS": 12836,
      "systemtime": 22222,
      "usertime": 3986
     },
     "22105093818": {
      "maxRSS": 12836,
      "systemtime": 22256,
      "usertime": 3986
     },
     "22105093844": {
      "maxRSS": 12836,
      "systemtime": 22285,
      "usertime": 3986
     },
     "22105093865": {
      "maxRSS": 12836,
      "systemtime": 22312,
      "usertime": 3986
     },
     "22105093884": {
      "maxRSS": 12836,
      "systemtime": 22338,
      "usertime": 3986
     },
     "22105093904": {
      "maxRSS": 12836,
      "systemtime": 22365,
      "usertime": 3986
     },
     "22105093926": {
      "maxRSS": 12836,
      "systemtime": 22393,
      "usertime": 3986
     },
     "22105093949": {
      "maxRSS": 12836,
      "systemtime": 22425,
      "usertime": 3986
     },
     "22105093973": {
      "maxRSS": 12836,
      "systemtime": 22455,
      "usertime": 3986
     },
     "22105093993": {
      "maxRSS": 12836,
      "systemtime": 22481,
      "usertime": 3986
     },
     "22105094013": {
      "maxRSS": 12836,
      "systemtime": 22508,
      "usertime": 3986
     },
     "22105094031": {
      "maxRSS": 12836,
      "systemtime": 22534,
      "usertime": 3986
     },
     "22105094054": {
      "maxRSS": 12836,
      "systemtime": 22564,
      "usertime": 3986
     },
     "22105094078": {
      "maxRSS": 12836,
      "systemtime": 22597,
      "usertime": 3986
     },
     "22105094102": {
      "maxRSS": 12836,
      "systemtime": 22627,
      "usertime": 3986
     },
     "22105094121": {
      "maxRSS": 12836,
      "systemtime": 22653,
      "usertime": 3986
     },
     "22105094141": {
      "maxRSS": 12836,
      "systemtime": 22680,
      "usertime": 3986
     },
     "22105094159": {
      "maxRSS": 12836,
      "systemtime": 22706,
      "usertime": 3986
     },
     "22105094185": {
      "maxRSS": 12836,
      "systemtime": 22738,
      "usertime": 3986
     },
     "22105094209": {
      "maxRSS": 12836,
      "systemtime": 22771,
      "usertime": 3986
     },
     "22105094233": {
      "maxRSS": 12836,
      "systemtime": 22800,
      "usertime": 3986
     },
     "22105094252": {
      "maxRSS": 12836,
      "systemtime": 22826,
      "usertime": 3986
     },
     "22105094271": {
      "maxRSS": 12836,
      "systemtime": 22852,
      "usertime": 3986
     },
     "22105094311": {
      "maxRSS": 12836,
      "systemtime": 22901,
      "usertime": 3986
     },
     "22105094336": {
      "maxRSS": 12836,
      "systemtime": 22922,
      "usertime": 3986
     },
     "22105095420": {
      "maxRSS": 12836,
      "systemtime": 22935,
      "usertime": 3986
     }
    }
   }
  }
 }
}
