{
 "root": {
  "program": {
   "configuration": {
    "": "/root/compiler/measurements/night03-t2/reachability_complement/n1000/emit/transformed.dl",
    "fact-dir": "/root/compiler/fixtures/p2-scale-1000",
    "include-dir": ".",
    "jobs": "1",
    "libraries": "functors",
    "library-dir": ".",
    "output-dir": "/root/compiler/measurements/night03-t2/reachability_complement/n1000/emitted",
    "profile": "prof.log",
    "relationCount": "5",
    "ruleCount": "6",
    "version": "2.5",
    "warn": "all",
    "wno": "none"
   },
   "relation": {
    "edge": {
     "loadtime": { "start": 1023674078, "end": 1023674567},
     "num-tuples": 2000,
     "reads": 0,
     "source-locator": "/root/compiler/measurements/night03-t2/reachability_complement/n1000/emit/transformed.dl [1:7-1:11]"
    },
    "node": {
     "loadtime": { "start": 1023674577, "end": 1023674696},
     "num-tuples": 1000,
     "reads": 0,
     "source-locator": "/root/compiler/measurements/night03-t2/reachability_complement/n1000/emit/transformed.dl [3:7-3:11]"
    },
    "q_unreach": {
     "maxRSS": {
      "post": 37188,
      "pre": 37188
     },
     "non-recursive-rule": {
      "q_unreach(y) :- \n   unreach(1,y).": {
       "atom-frequency": {
        "q_unreach(y) :- \n   unreach(1,y).": {
         "unreach": {
          "level": 0,
          "num-tuples": 0
         }
        }
       },
       "maxRSS": {
        "post": 37188,
        "pre": 37188
       },
       "num-tuples": 193,
       "runtime": { "start": 1024085656, "end": 1024085669},
       "source-locator": "/root/compiler/measurements/night03-t2/reachability_complement/n1000/emit/transformed.dl [12:1-12:31]"
      }
     },
     "num-tuples": 193,
     "reads": 0,
     "runtime": { "start": 1024085636, "end": 1024085682},
     "savetime": { "start": 1024085687, "end": 1024085848},
     "source-locator": "/root/compiler/measurements/night03-t2/reachability_complement/n1000/emit/transformed.dl [7:7-7:16]"
    },
    "reach": {
     "iteration": {
      "0": {
       "copytime": { "start": 1023675729, "end": 1023676065},
       "maxRSS": {
        "post": 18136,
        "pre": 18136
       },
       "num-tuples": 3911,
       "recursive-rule": {
        "reach(x,y) :- \n   reach(x,z),\n   edge(z,y).": {
         "0": {
          "atom-frequency": {
           "@new_reach(x,y) :- \n   @delta_reach(x,z),\n   edge(z,y).": {
            "@delta_reach": {
             "level": 0,
             "num-tuples": 0
            },
            "edge": {
             "level": 1,
             "num-tuples": 0
            }
           }
          },
          "maxRSS": {
           "post": 18136,
           "pre": 18136
          },
          "num-tuples": 3911,
          "runtime": { "start": 1023674915, "end": 1023675692},
          "source-locator": "/root/compiler/measurements/night03-t2/reachability_complement/n1000/emit/transformed.dl [10:1-10:40]"
         }
        }
       },
       "runtime": { "start": 1023674905, "end": 1023675703}
      },
      "1": {
       "copytime": { "start": 1023677791, "end": 1023678455},
       "maxRSS": {
        "post": 18136,
        "pre": 18136
       },
       "num-tuples": 7719,
       "recursive-rule": {
        "reach(x,y) :- \n   reach(x,z),\n   edge(z,y).": {
         "0": {
          "maxRSS": {
           "post": 18136,
           "pre": 18136
          },
          "num-tuples": 7719,
          "runtime": { "start": 1023676082, "end": 1023677755},
          "source-locator": "/root/compiler/measurements/night03-t2/reachability_complement/n1000/emit/transformed.dl [10:1-10:40]"
         }
        }
       },
       "runtime": { "start": 1023676072, "end": 1023677767}
      },
      "10": {
       "copytime": { "start": 1023963075, "end": 1023968113},
       "maxRSS": {
        "post": 30532,
        "pre": 30532
       },
       "num-tuples": 40802,
       "recursive-rule": {
        "reach(x,y) :- \n   reach(x,z),\n   edge(z,y).": {
         "0": {
          "maxRSS": {
           "post": 30532,
           "pre": 30532
          },
          "num-tuples": 40802,
          "runtime": { "start": 1023936228, "end": 1023963006},
          "source-locator": "/root/compiler/measurements/night03-t2/reachability_complement/n1000/emit/transformed.dl [10:1-10:40]"
         }
        }
       },
       "runtime": { "start": 1023936207, "end": 1023963032}
      },
      "11": {
       "copytime": { "start": 1023985079, "end": 1023988445},
       "maxRSS": {
        "post": 30532,
        "pre": 30532
       },
       "num-tuples": 23665,
       "recursive-rule": {
        "reach(x,y) :- \n   reach(x,z),\n   edge(z,y).": {
         "0": {
          "maxRSS": {
           "post": 30532,
           "pre": 30532
          },
          "num-tuples": 23665,
          "runtime": { "start": 1023968140, "end": 1023985028},
          "source-locator": "/root/compiler/measurements/night03-t2/reachability_complement/n1000/emit/transformed.dl [10:1-10:40]"
         }
        }
       },
       "runtime": { "start": 1023968125, "end": 1023985047}
      },
      "12": {
       "copytime": { "start": 1023998602, "end": 1024000830},
       "maxRSS": {
        "post": 30532,
        "pre": 30532
       },
       "num-tuples": 12997,
       "recursive-rule": {
        "reach(x,y) :- \n   reach(x,z),\n   edge(z,y).": {
         "0": {
          "maxRSS": {
           "post": 30532,
           "pre": 30532
          },
          "num-tuples": 12997,
          "runtime": { "start": 1023988473, "end": 1023998555},
          "source-locator": "/root/compiler/measurements/night03-t2/reachability_complement/n1000/emit/transformed.dl [10:1-10:40]"
         }
        }
       },
       "runtime": { "start": 1023988458, "end": 1023998572}
      },
      "13": {
       "copytime": { "start": 1024006636, "end": 1024008067},
       "maxRSS": {
        "post": 30532,
        "pre": 30532
       },
       "num-tuples": 6967,
       "recursive-rule": {
        "reach(x,y) :- \n   reach(x,z),\n   edge(z,y).": {
         "0": {
          "maxRSS": {
           "post": 30532,
           "pre": 30532
          },
          "num-tuples": 6967,
          "runtime": { "start": 1024000858, "end": 1024006589},
          "source-locator": "/root/compiler/measurements/night03-t2/reachability_complement/n1000/emit/transformed.dl [10:1-10:40]"
         }
        }
       },
       "runtime": { "start": 1024000841, "end": 1024006606}
      },
      "14": {
       "copytime": { "start": 1024011408, "end": 1024012139},
       "maxRSS": {
        "post": 30532,
        "pre": 30532
       },
       "num-tuples": 3542,
       "recursive-rule": {
        "reach(x,y) :- \n   reach(x,z),\n   edge(z,y).": {
         "0": {
          "maxRSS": {
           "post": 30532,
           "pre": 30532
          },
          "num-tuples": 3542,
          "runtime": { "start": 1024008092, "end": 1024011364},
          "source-locator": "/root/compiler/measurements/night03-t2/reachability_complement/n1000/emit/transformed.dl [10:1-10:40]"
         }
        }
       },
       "runtime": { "start": 1024008078, "end": 1024011379}
      },
      "15": {
       "copytime": { "start": 1024013847, "end": 1024014181},
       "maxRSS": {
        "post": 30532,
        "pre": 30532
       },
       "num-tuples": 1663,
       "recursive-rule": {
        "reach(x,y) :- \n   reach(x,z),\n   edge(z,y).": {
         "0": {
          "maxRSS": {
           "post": 30532,
           "pre": 30532
          },
          "num-tuples": 1663,
          "runtime": { "start": 1024012162, "end": 1024013804},
          "source-locator": "/root/compiler/measurements/night03-t2/reachability_complement/n1000/emit/transformed.dl [10:1-10:40]"
         }
        }
       },
       "runtime": { "start": 1024012147, "end": 1024013817}
      },
      "16": {
       "copytime": { "start": 1024015019, "end": 1024015179},
       "maxRSS": {
        "post": 30532,
        "pre": 30532
       },
       "num-tuples": 716,
       "recursive-rule": {
        "reach(x,y) :- \n   reach(x,z),\n   edge(z,y).": {
         "0": {
          "maxRSS": {
           "post": 30532,
           "pre": 30532
          },
          "num-tuples": 716,
          "runtime": { "start": 1024014203, "end": 1024014981},
          "source-locator": "/root/compiler/measurements/night03-t2/reachability_complement/n1000/emit/transformed.dl [10:1-10:40]"
         }
        }
       },
       "runtime": { "start": 1024014188, "end": 1024014993}
      },
      "17": {
       "copytime": { "start": 1024015554, "end": 1024015611},
       "maxRSS": {
        "post": 30532,
        "pre": 30532
       },
       "num-tuples": 288,
       "recursive-rule": {
        "reach(x,y) :- \n   reach(x,z),\n   edge(z,y).": {
         "0": {
          "maxRSS": {
           "post": 30532,
           "pre": 30532
          },
          "num-tuples": 288,
          "runtime": { "start": 1024015197, "end": 1024015516},
          "source-locator": "/root/compiler/measurements/night03-t2/reachability_complement/n1000/emit/transformed.dl [10:1-10:40]"
         }
        }
       },
       "runtime": { "start": 1024015186, "end": 1024015528}
      },
      "18": {
       "copytime": { "start": 1024015778, "end": 1024015797},
       "maxRSS": {
        "post": 30532,
        "pre": 30532
       },
       "num-tuples": 107,
       "recursive-rule": {
        "reach(x,y) :- \n   reach(x,z),\n   edge(z,y).": {
         "0": {
          "maxRSS": {
           "post": 30532,
           "pre": 30532
          },
          "num-tuples": 107,
          "runtime": { "start": 1024015627, "end": 1024015746},
          "source-locator": "/root/compiler/measurements/night03-t2/reachability_complement/n1000/emit/transformed.dl [10:1-10:40]"
         }
        }
       },
       "runtime": { "start": 1024015616, "end": 1024015756}
      },
      "19": {
       "copytime": { "start": 1024015887, "end": 1024015896},
       "maxRSS": {
        "post": 30532,
        "pre": 30532
       },
       "num-tuples": 41,
       "recursive-rule": {
        "reach(x,y) :- \n   reach(x,z),\n   edge(z,y).": {
         "0": {
          "maxRSS": {
           "post": 30532,
           "pre": 30532
          },
          "num-tuples": 41,
          "runtime": { "start": 1024015811, "end": 1024015857},
          "source-locator": "/root/compiler/measurements/night03-t2/reachability_complement/n1000/emit/transformed.dl [10:1-10:40]"
         }
        }
       },
       "runtime": { "start": 1024015801, "end": 1024015867}
      },
      "2": {
       "copytime": { "start": 1023682001, "end": 1023683309},
       "maxRSS": {
        "post": 18136,
        "pre": 18136
       },
       "num-tuples": 14927,
       "recursive-rule": {
        "reach(x,y) :- \n   reach(x,z),\n   edge(z,y).": {
         "0": {
          "maxRSS": {
           "post": 18136,
           "pre": 18136
          },
          "num-tuples": 14927,
          "runtime": { "start": 1023678472, "end": 1023681960},
          "source-locator": "/root/compiler/measurements/night03-t2/reachability_complement/n1000/emit/transformed.dl [10:1-10:40]"
         }
        }
       },
       "runtime": { "start": 1023678461, "end": 1023681973}
      },
      "20": {
       "copytime": { "start": 1024015954, "end": 1024015958},
       "maxRSS": {
        "post": 30532,
        "pre": 30532
       },
       "num-tuples": 11,
       "recursive-rule": {
        "reach(x,y) :- \n   reach(x,z),\n   edge(z,y).": {
         "0": {
          "maxRSS": {
           "post": 30532,
           "pre": 30532
          },
          "num-tuples": 11,
          "runtime": { "start": 1024015909, "end": 1024015926},
          "source-locator": "/root/compiler/measurements/night03-t2/reachability_complement/n1000/emit/transformed.dl [10:1-10:40]"
         }
        }
       },
       "runtime": { "start": 1024015900, "end": 1024015935}
      },
      "21": {
       "copytime": { "start": 1024016015, "end": 1024016017},
       "maxRSS": {
        "post": 30532,
        "pre": 30532
       },
       "num-tuples": 1,
       "recursive-rule": {
        "reach(x,y) :- \n   reach(x,z),\n   edge(z,y).": {
         "0": {
          "maxRSS": {
           "post": 30532,
           "pre": 30532
          },
          "num-tuples": 1,
          "runtime": { "start": 1024015971, "end": 1024015976},
          "source-locator": "/root/compiler/measurements/night03-t2/reachability_complement/n1000/emit/transformed.dl [10:1-10:40]"
         }
        }
       },
       "runtime": { "start": 1024015961, "end": 1024015984}
      },
      "22": {
       "maxRSS": {
        "post": 30532,
        "pre": 30532
       },
       "num-tuples": 0,
       "recursive-rule": {
        "reach(x,y) :- \n   reach(x,z),\n   edge(z,y).": {
         "0": {
          "maxRSS": {
           "post": 30532,
           "pre": 30532
          },
          "num-tuples": 0,
          "runtime": { "start": 1024016021, "end": 1024016022},
          "source-locator": "/root/compiler/measurements/night03-t2/reachability_complement/n1000/emit/transformed.dl [10:1-10:40]"
         }
        }
       },
       "runtime": { "start": 1024016021, "end": 1024016029}
      },
      "3": {
       "copytime": { "start": 1023690356, "end": 1023692860},
       "maxRSS": {
        "post": 18136,
        "pre": 18136
       },
       "num-tuples": 27799,
       "recursive-rule": {
        "reach(x,y) :- \n   reach(x,z),\n   edge(z,y).": {
         "0": {
          "maxRSS": {
           "post": 18136,
           "pre": 18136
          },
          "num-tuples": 27799,
          "runtime": { "start": 1023683330, "end": 1023690305},
          "source-locator": "/root/compiler/measurements/night03-t2/reachability_complement/n1000/emit/transformed.dl [10:1-10:40]"
         }
        }
       },
       "runtime": { "start": 1023683316, "end": 1023690323}
      },
      "4": {
       "copytime": { "start": 1023706314, "end": 1023710783},
       "maxRSS": {
        "post": 18136,
        "pre": 18136
       },
       "num-tuples": 47921,
       "recursive-rule": {
        "reach(x,y) :- \n   reach(x,z),\n   edge(z,y).": {
         "0": {
          "maxRSS": {
           "post": 18136,
           "pre": 18136
          },
          "num-tuples": 47921,
          "runtime": { "start": 1023692886, "end": 1023706255},
          "source-locator": "/root/compiler/measurements/night03-t2/reachability_complement/n1000/emit/transformed.dl [10:1-10:40]"
         }
        }
       },
       "runtime": { "start": 1023692870, "end": 1023706280}
      },
      "5": {
       "copytime": { "start": 1023733961, "end": 1023740883},
       "maxRSS": {
        "post": 18244,
        "pre": 18136
       },
       "num-tuples": 72962,
       "recursive-rule": {
        "reach(x,y) :- \n   reach(x,z),\n   edge(z,y).": {
         "0": {
          "maxRSS": {
           "post": 18244,
           "pre": 18136
          },
          "num-tuples": 72962,
          "runtime": { "start": 1023710814, "end": 1023733871},
          "source-locator": "/root/compiler/measurements/night03-t2/reachability_complement/n1000/emit/transformed.dl [10:1-10:40]"
         }
        }
       },
       "runtime": { "start": 1023710794, "end": 1023733906}
      },
      "6": {
       "copytime": { "start": 1023775804, "end": 1023785245},
       "maxRSS": {
        "post": 21444,
        "pre": 20164
       },
       "num-tuples": 93922,
       "recursive-rule": {
        "reach(x,y) :- \n   reach(x,z),\n   edge(z,y).": {
         "0": {
          "maxRSS": {
           "post": 21444,
           "pre": 20164
          },
          "num-tuples": 93922,
          "runtime": { "start": 1023740916, "end": 1023775687},
          "source-locator": "/root/compiler/measurements/night03-t2/reachability_complement/n1000/emit/transformed.dl [10:1-10:40]"
         }
        }
       },
       "runtime": { "start": 1023740897, "end": 1023775731}
      },
      "7": {
       "copytime": { "start": 1023828145, "end": 1023838606},
       "maxRSS": {
        "post": 24516,
        "pre": 23876
       },
       "num-tuples": 99416,
       "recursive-rule": {
        "reach(x,y) :- \n   reach(x,z),\n   edge(z,y).": {
         "0": {
          "maxRSS": {
           "post": 24516,
           "pre": 23876
          },
          "num-tuples": 99416,
          "runtime": { "start": 1023785276, "end": 1023828016},
          "source-locator": "/root/compiler/measurements/night03-t2/reachability_complement/n1000/emit/transformed.dl [10:1-10:40]"
         }
        }
       },
       "runtime": { "start": 1023785258, "end": 1023828071}
      },
      "8": {
       "copytime": { "start": 1023881747, "end": 1023891402},
       "maxRSS": {
        "post": 27332,
        "pre": 27204
       },
       "num-tuples": 86466,
       "recursive-rule": {
        "reach(x,y) :- \n   reach(x,z),\n   edge(z,y).": {
         "0": {
          "maxRSS": {
           "post": 27332,
           "pre": 27204
          },
          "num-tuples": 86466,
          "runtime": { "start": 1023838637, "end": 1023881642},
          "source-locator": "/root/compiler/measurements/night03-t2/reachability_complement/n1000/emit/transformed.dl [10:1-10:40]"
         }
        }
       },
       "runtime": { "start": 1023838618, "end": 1023881682}
      },
      "9": {
       "copytime": { "start": 1023928064, "end": 1023936194},
       "maxRSS": {
        "post": 29508,
        "pre": 29508
       },
       "num-tuples": 63576,
       "recursive-rule": {
        "reach(x,y) :- \n   reach(x,z),\n   edge(z,y).": {
         "0": {
          "maxRSS": {
           "post": 29508,
           "pre": 29508
          },
          "num-tuples": 63576,
          "runtime": { "start": 1023891434, "end": 1023927963},
          "source-locator": "/root/compiler/measurements/night03-t2/reachability_complement/n1000/emit/transformed.dl [10:1-10:40]"
         }
        }
       },
       "runtime": { "start": 1023891415, "end": 1023927995}
      }
     },
     "maxRSS": {
      "post": 18136,
      "pre": 18136
     },
     "non-recursive-rule": {
      "reach(x,y) :- \n   edge(x,y).": {
       "atom-frequency": {
        "reach(x,y) :- \n   edge(x,y).": {
         "edge": {
          "level": 0,
          "num-tuples": 0
         }
        }
       },
       "maxRSS": {
        "post": 18136,
        "pre": 18136
       },
       "num-tuples": 2000,
       "runtime": { "start": 1023674713, "end": 1023674809},
       "source-locator": "/root/compiler/measurements/night03-t2/reachability_complement/n1000/emit/transformed.dl [9:1-9:27]"
      }
     },
     "num-tuples": 2000,
     "reads": 2213398,
     "runtime": { "start": 1023674703, "end": 1023674818},
     "source-locator": "/root/compiler/measurements/night03-t2/reachability_complement/n1000/emit/transformed.dl [5:7-5:12]"
    },
    "unreach": {
     "maxRSS": {
      "post": 37188,
      "pre": 30532
     },
     "non-recursive-rule": {
      "unreach(x,y) :- \n   node(x),\n   node(y),\n   !reach(x,y).": {
       "atom-frequency": {
        "unreach(x,y) :- \n   node(x),\n   node(y),\n   !reach(x,y).": {
         "node": {
          "level": 0,
          "num-tuples": 0
         }
        }
       },
       "maxRSS": {
        "post": 37188,
        "pre": 30532
       },
       "num-tuples": 388581,
       "runtime": { "start": 1024016054, "end": 1024083663},
       "source-locator": "/root/compiler/measurements/night03-t2/reachability_complement/n1000/emit/transformed.dl [11:1-11:49]"
      }
     },
     "num-tuples": 388581,
     "reads": 0,
     "runtime": { "start": 1024016053, "end": 1024083854},
     "source-locator": "/root/compiler/measurements/night03-t2/reachability_complement/n1000/emit/transformed.dl [6:7-6:14]"
    }
   },
   "runtime": { "start": 1023674074, "end": 1024086547},
   "starttime": { "time": 1023674045},
   "usage": {
    "timepoint": {
     "1023674062": {
      "maxRSS": 18136,
      "systemtime": 0,
      "usertime": 2315
     },
     "1023674633": {
      "maxRSS": 18136,
      "systemtime": 0,
      "usertime": 4330
     },
     "1023674718": {
      "maxRSS": 18136,
      "systemtime": 0,
      "usertime": 4472
     },
     "1023674920": {
      "maxRSS": 18136,
      "systemtime": 0,
      "usertime": 4681
     },
     "1023675726": {
      "maxRSS": 18136,
      "systemtime": 0,
      "usertime": 5494
     },
     "1023676091": {
      "maxRSS": 18136,
      "systemtime": 0,
      "usertime": 5865
     },
     "1023677169": {
      "maxRSS": 18136,
      "systemtime": 0,
      "usertime": 5881
     },
     "1023677794": {
      "maxRSS": 18136,
      "systemtime": 0,
      "usertime": 7609
     },
     "1023678477": {
      "maxRSS": 18136,
      "systemtime": 0,
      "usertime": 8300
     },
     "1023679547": {
      "maxRSS": 18136,
      "systemtime": 0,
      "usertime": 8309
     },
     "1023680617": {
      "maxRSS": 18136,
      "systemtime": 0,
      "usertime": 9850
     },
     "1023681687": {
      "maxRSS": 18136,
      "systemtime": 0,
      "usertime": 9862
     },
     "1023681998": {
      "maxRSS": 18136,
      "systemtime": 0,
      "usertime": 11862
     },
     "1023682004": {
      "maxRSS": 18136,
      "systemtime": 0,
      "usertime": 11877
     },
     "1023683071": {
      "maxRSS": 18136,
      "systemtime": 0,
      "usertime": 11886
     },
     "1023683334": {
      "maxRSS": 18136,
      "systemtime": 0,
      "usertime": 13221
     },
     "1023684401": {
      "maxRSS": 18136,
      "systemtime": 0,
      "usertime": 13901
     },
     "1023685469": {
      "maxRSS": 18136,
      "systemtime": 0,
      "usertime": 13911
     },
     "1023686552": {
      "maxRSS": 18136,
      "systemtime": 0,
      "usertime": 13924
     },
     "1023687625": {
      "maxRSS": 18136,
      "systemtime": 0,
      "usertime": 13937
     },
     "1023688773": {
      "maxRSS": 18136,
      "systemtime": 0,
      "usertime": 17960
     },
     "1023689900": {
      "maxRSS": 18136,
      "systemtime": 0,
      "usertime": 17978
     },
     "1023690351": {
      "maxRSS": 18136,
      "systemtime": 0,
      "usertime": 20334
     },
     "1023690373": {
      "maxRSS": 18136,
      "systemtime": 0,
      "usertime": 20353
     },
     "1023691438": {
      "maxRSS": 18136,
      "systemtime": 0,
      "usertime": 20360
     },
     "1023692540": {
      "maxRSS": 18136,
      "systemtime": 0,
      "usertime": 22031
     },
     "1023692897": {
      "maxRSS": 18136,
      "systemtime": 0,
      "usertime": 22911
     },
     "1023693973": {
      "maxRSS": 18136,
      "systemtime": 0,
      "usertime": 22925
     },
     "1023695072": {
      "maxRSS": 18136,
      "systemtime": 0,
      "usertime": 22933
     },
     "1023696158": {
      "maxRSS": 18136,
      "systemtime": 0,
      "usertime": 26061
     },
     "1023697237": {
      "maxRSS": 18136,
      "systemtime": 0,
      "usertime": 26075
     },
     "1023698321": {
      "maxRSS": 18136,
      "systemtime": 0,
      "usertime": 26093
     },
     "1023699491": {
      "maxRSS": 18136,
      "systemtime": 0,
      "usertime": 26146
     },
     "1023700625": {
      "maxRSS": 18136,
      "systemtime": 0,
      "usertime": 30185
     },
     "1023701711": {
      "maxRSS": 18136,
      "systemtime": 0,
      "usertime": 30203
     },
     "1023702820": {
      "maxRSS": 18136,
      "systemtime": 0,
      "usertime": 30220
     },
     "1023703892": {
      "maxRSS": 18136,
      "systemtime": 0,
      "usertime": 30232
     },
     "1023704964": {
      "maxRSS": 18136,
      "systemtime": 0,
      "usertime": 34244
     },
     "1023706093": {
      "maxRSS": 18136,
      "systemtime": 0,
      "usertime": 34264
     },
     "1023706365": {
      "maxRSS": 18136,
      "systemtime": 0,
      "usertime": 36597
     },
     "1023707446": {
      "maxRSS": 18136,
      "systemtime": 0,
      "usertime": 36614
     },
     "1023708516": {
      "maxRSS": 18136,
      "systemtime": 0,
      "usertime": 38312
     },
     "1023709678": {
      "maxRSS": 18136,
      "systemtime": 0,
      "usertime": 38323
     },
     "1023710749": {
      "maxRSS": 18136,
      "systemtime": 0,
      "usertime": 38334
     },
     "1023710817": {
      "maxRSS": 18136,
      "systemtime": 0,
      "usertime": 41153
     },
     "1023711891": {
      "maxRSS": 18136,
      "systemtime": 0,
      "usertime": 41166
     },
     "1023712964": {
      "maxRSS": 18136,
      "systemtime": 0,
      "usertime": 42383
     },
     "1023714043": {
      "maxRSS": 18136,
      "systemtime": 0,
      "usertime": 42398
     },
     "1023715153": {
      "maxRSS": 18136,
      "systemtime": 0,
      "usertime": 42414
     },
     "1023716250": {
      "maxRSS": 18136,
      "systemtime": 0,
      "usertime": 46438
     },
     "1023717320": {
      "maxRSS": 18136,
      "systemtime": 0,
      "usertime": 46450
     },
     "1023718416": {
      "maxRSS": 18136,
      "systemtime": 0,
      "usertime": 46466
     },
     "1023719489": {
      "maxRSS": 18136,
      "systemtime": 0,
      "usertime": 46477
     },
     "1023720616": {
      "maxRSS": 18136,
      "systemtime": 0,
      "usertime": 50509
     },
     "1023721684": {
      "maxRSS": 18136,
      "systemtime": 0,
      "usertime": 50520
     },
     "1023722815": {
      "maxRSS": 18136,
      "systemtime": 0,
      "usertime": 50534
     },
     "1023723905": {
      "maxRSS": 18136,
      "systemtime": 0,
      "usertime": 50556
     },
     "1023725063": {
      "maxRSS": 18136,
      "systemtime": 0,
      "usertime": 54624
     },
     "1023726167": {
      "maxRSS": 18136,
      "systemtime": 0,
      "usertime": 54636
     },
     "1023727231": {
      "maxRSS": 18136,
      "systemtime": 0,
      "usertime": 54644
     },
     "1023728296": {
      "maxRSS": 18136,
      "systemtime": 0,
      "usertime": 58615
     },
     "1023729395": {
      "maxRSS": 18136,
      "systemtime": 0,
      "usertime": 58622
     },
     "1023730495": {
      "maxRSS": 18136,
      "systemtime": 0,
      "usertime": 58629
     },
     "1023731566": {
      "maxRSS": 18136,
      "systemtime": 0,
      "usertime": 58642
     },
     "1023732655": {
      "maxRSS": 18244,
      "systemtime": 0,
      "usertime": 62655
     },
     "1023733763": {
      "maxRSS": 18244,
      "systemtime": 0,
      "usertime": 62670
     },
     "1023733951": {
      "maxRSS": 18244,
      "systemtime": 0,
      "usertime": 64623
     },
     "1023733985": {
      "maxRSS": 18244,
      "systemtime": 0,
      "usertime": 64661
     },
     "1023735055": {
      "maxRSS": 18628,
      "systemtime": 0,
      "usertime": 64670
     },
     "1023736127": {
      "maxRSS": 18884,
      "systemtime": 0,
      "usertime": 66712
     },
     "1023737197": {
      "maxRSS": 19140,
      "systemtime": 0,
      "usertime": 66724
     },
     "1023738311": {
      "maxRSS": 19524,
      "systemtime": 0,
      "usertime": 66733
     },
     "1023739392": {
      "maxRSS": 19780,
      "systemtime": 0,
      "usertime": 66749
     },
     "1023740470": {
      "maxRSS": 20164,
      "systemtime": 0,
      "usertime": 70770
     },
     "1023740951": {
      "maxRSS": 20164,
      "systemtime": 0,
      "usertime": 71706
     },
     "1023742025": {
      "maxRSS": 20164,
      "systemtime": 0,
      "usertime": 71715
     },
     "1023743096": {
      "maxRSS": 20164,
      "systemtime": 0,
      "usertime": 71728
     },
     "1023744161": {
      "maxRSS": 20164,
      "systemtime": 0,
      "usertime": 74822
     },
     "1023745269": {
      "maxRSS": 20164,
      "systemtime": 0,
      "usertime": 74839
     },
     "1023746336": {
      "maxRSS": 20164,
      "systemtime": 0,
      "usertime": 74848
     },
     "1023747418": {
      "maxRSS": 20164,
      "systemtime": 0,
      "usertime": 74862
     },
     "1023748502": {
      "maxRSS": 20164,
      "systemtime": 0,
      "usertime": 78882
     },
     "1023749585": {
      "maxRSS": 20164,
      "systemtime": 0,
      "usertime": 78902
     },
     "1023750653": {
      "maxRSS": 20164,
      "systemtime": 0,
      "usertime": 78909
     },
     "1023751718": {
      "maxRSS": 20164,
      "systemtime": 0,
      "usertime": 78917
     },
     "1023752784": {
      "maxRSS": 20164,
      "systemtime": 0,
      "usertime": 82921
     },
     "1023753849": {
      "maxRSS": 20164,
      "systemtime": 0,
      "usertime": 82928
     },
     "1023754922": {
      "maxRSS": 20164,
      "systemtime": 0,
      "usertime": 82937
     },
     "1023756006": {
      "maxRSS": 20164,
      "systemtime": 0,
      "usertime": 86965
     },
     "1023757080": {
      "maxRSS": 20164,
      "systemtime": 0,
      "usertime": 86978
     },
     "1023758148": {
      "maxRSS": 20164,
      "systemtime": 0,
      "usertime": 86989
     },
     "1023759222": {
      "maxRSS": 20292,
      "systemtime": 0,
      "usertime": 86998
     },
     "1023760295": {
      "maxRSS": 20420,
      "systemtime": 0,
      "usertime": 91009
     },
     "1023761362": {
      "maxRSS": 20420,
      "systemtime": 0,
      "usertime": 91018
     },
     "1023762426": {
      "maxRSS": 20548,
      "systemtime": 0,
      "usertime": 91026
     },
     "1023763500": {
      "maxRSS": 20548,
      "systemtime": 0,
      "usertime": 91037
     },
     "1023764580": {
      "maxRSS": 20676,
      "systemtime": 0,
      "usertime": 95052
     },
     "1023765678": {
      "maxRSS": 20676,
      "systemtime": 0,
      "usertime": 95069
     },
     "1023766761": {
      "maxRSS": 20804,
      "systemtime": 0,
      "usertime": 95087
     },
     "1023767847": {
      "maxRSS": 20932,
      "systemtime": 0,
      "usertime": 95105
     },
     "1023768983": {
      "maxRSS": 20932,
      "systemtime": 0,
      "usertime": 99137
     },
     "1023770088": {
      "maxRSS": 21060,
      "systemtime": 0,
      "usertime": 99153
     },
     "1023771153": {
      "maxRSS": 21060,
      "systemtime": 0,
      "usertime": 99160
     },
     "1023772225": {
      "maxRSS": 21188,
      "systemtime": 0,
      "usertime": 103161
     },
     "1023773303": {
      "maxRSS": 21188,
      "systemtime": 0,
      "usertime": 103176
     },
     "1023774380": {
      "maxRSS": 21316,
      "systemtime": 0,
      "usertime": 103191
     },
     "1023775451": {
      "maxRSS": 21444,
      "systemtime": 0,
      "usertime": 103202
     },
     "1023775779": {
      "maxRSS": 21444,
      "systemtime": 0,
      "usertime": 106989
     },
     "1023775837": {
      "maxRSS": 21444,
      "systemtime": 0,
      "usertime": 107039
     },
     "1023776914": {
      "maxRSS": 21700,
      "systemtime": 0,
      "usertime": 107237
     },
     "1023777986": {
      "maxRSS": 21956,
      "systemtime": 0,
      "usertime": 107250
     },
     "1023779072": {
      "maxRSS": 22212,
      "systemtime": 0,
      "usertime": 107266
     },
     "1023780152": {
      "maxRSS": 22596,
      "systemtime": 0,
      "usertime": 111279
     },
     "1023781235": {
      "maxRSS": 22852,
      "systemtime": 0,
      "usertime": 111299
     },
     "1023782304": {
      "maxRSS": 23108,
      "systemtime": 0,
      "usertime": 111309
     },
     "1023783367": {
      "maxRSS": 23364,
      "systemtime": 0,
      "usertime": 111316
     },
     "1023784441": {
      "maxRSS": 23748,
      "systemtime": 0,
      "usertime": 115328
     },
     "1023785281": {
      "maxRSS": 23876,
      "systemtime": 0,
      "usertime": 116613
     },
     "1023786347": {
      "maxRSS": 23876,
      "systemtime": 0,
      "usertime": 116621
     },
     "1023787424": {
      "maxRSS": 23876,
      "systemtime": 0,
      "usertime": 116632
     },
     "1023788501": {
      "maxRSS": 23876,
      "systemtime": 0,
      "usertime": 119376
     },
     "1023789611": {
      "maxRSS": 23876,
      "systemtime": 0,
      "usertime": 119389
     },
     "1023790716": {
      "maxRSS": 23876,
      "systemtime": 0,
      "usertime": 119403
     },
     "1023791782": {
      "maxRSS": 23876,
      "systemtime": 0,
      "usertime": 119411
     },
     "1023792849": {
      "maxRSS": 23876,
      "systemtime": 0,
      "usertime": 123468
     },
     "1023793915": {
      "maxRSS": 23876,
      "systemtime": 0,
      "usertime": 123477
     },
     "1023794989": {
      "maxRSS": 23876,
      "systemtime": 0,
      "usertime": 123493
     },
     "1023796057": {
      "maxRSS": 23876,
      "systemtime": 0,
      "usertime": 127452
     },
     "1023797131": {
      "maxRSS": 23876,
      "systemtime": 0,
      "usertime": 127464
     },
     "1023798218": {
      "maxRSS": 23876,
      "systemtime": 0,
      "usertime": 127484
     },
     "1023799308": {
      "maxRSS": 23876,
      "systemtime": 0,
      "usertime": 127509
     },
     "1023800393": {
      "maxRSS": 23876,
      "systemtime": 0,
      "usertime": 131569
     },
     "1023801520": {
      "maxRSS": 23876,
      "systemtime": 0,
      "usertime": 131605
     },
     "1023802596": {
      "maxRSS": 23876,
      "systemtime": 0,
      "usertime": 131622
     },
     "1023803665": {
      "maxRSS": 23876,
      "systemtime": 0,
      "usertime": 131632
     },
     "1023804748": {
      "maxRSS": 23876,
      "systemtime": 0,
      "usertime": 135612
     },
     "1023805832": {
      "maxRSS": 23876,
      "systemtime": 0,
      "usertime": 135629
     },
     "1023806938": {
      "maxRSS": 23876,
      "systemtime": 0,
      "usertime": 135641
     },
     "1023808023": {
      "maxRSS": 23876,
      "systemtime": 0,
      "usertime": 139648
     },
     "1023809088": {
      "maxRSS": 23876,
      "systemtime": 0,
      "usertime": 139656
     },
     "1023810185": {
      "maxRSS": 23876,
      "systemtime": 0,
      "usertime": 139663
     },
     "1023811286": {
      "maxRSS": 23876,
      "systemtime": 0,
      "usertime": 139672
     },
     "1023812401": {
      "maxRSS": 23876,
      "systemtime": 0,
      "usertime": 143685
     },
     "1023813500": {
      "maxRSS": 23876,
      "systemtime": 0,
      "usertime": 143705
     },
     "1023814579": {
      "maxRSS": 23876,
      "systemtime": 0,
      "usertime": 143721
     },
     "1023815656": {
      "maxRSS": 23876,
      "systemtime": 0,
      "usertime": 143741
     },
     "1023816725": {
      "maxRSS": 23876,
      "systemtime": 0,
      "usertime": 147754
     },
     "1023817835": {
      "maxRSS": 23876,
      "systemtime": 0,
      "usertime": 147773
     },
     "1023818955": {
      "maxRSS": 24004,
      "systemtime": 0,
      "usertime": 147800
     },
     "1023820024": {
      "maxRSS": 24004,
      "systemtime": 0,
      "usertime": 151812
     },
     "1023821092": {
      "maxRSS": 24132,
      "systemtime": 0,
      "usertime": 151822
     },
     "1023822218": {
      "maxRSS": 24260,
      "systemtime": 0,
      "usertime": 151843
     },
     "1023823303": {
      "maxRSS": 24260,
      "systemtime": 0,
      "usertime": 151862
     },
     "1023824390": {
      "maxRSS": 24388,
      "systemtime": 0,
      "usertime": 155882
     },
     "1023825473": {
      "maxRSS": 24388,
      "systemtime": 0,
      "usertime": 155900
     },
     "1023826585": {
      "maxRSS": 24516,
      "systemtime": 0,
      "usertime": 155914
     },
     "1023827659": {
      "maxRSS": 24516,
      "systemtime": 0,
      "usertime": 155926
     },
     "1023828118": {
      "maxRSS": 24516,
      "systemtime": 0,
      "usertime": 160051
     },
     "1023828181": {
      "maxRSS": 24516,
      "systemtime": 0,
      "usertime": 160109
     },
     "1023829246": {
      "maxRSS": 24900,
      "systemtime": 0,
      "usertime": 160117
     },
     "1023830311": {
      "maxRSS": 25156,
      "systemtime": 0,
      "usertime": 160125
     },
     "1023831386": {
      "maxRSS": 25412,
      "systemtime": 0,
      "usertime": 160136
     },
     "1023832483": {
      "maxRSS": 25668,
      "systemtime": 0,
      "usertime": 164013
     },
     "1023833558": {
      "maxRSS": 26052,
      "systemtime": 0,
      "usertime": 164029
     },
     "1023834623": {
      "maxRSS": 26308,
      "systemtime": 0,
      "usertime": 164037
     },
     "1023835688": {
      "maxRSS": 26564,
      "systemtime": 0,
      "usertime": 164045
     },
     "1023836755": {
      "maxRSS": 26820,
      "systemtime": 0,
      "usertime": 168106
     },
     "1023837824": {
      "maxRSS": 27076,
      "systemtime": 0,
      "usertime": 168117
     },
     "1023838679": {
      "maxRSS": 27204,
      "systemtime": 0,
      "usertime": 170722
     },
     "1023839756": {
      "maxRSS": 27204,
      "systemtime": 0,
      "usertime": 170740
     },
     "1023840839": {
      "maxRSS": 27204,
      "systemtime": 0,
      "usertime": 172131
     },
     "1023841905": {
      "maxRSS": 27204,
      "systemtime": 0,
      "usertime": 172139
     },
     "1023842969": {
      "maxRSS": 27204,
      "systemtime": 0,
      "usertime": 172146
     },
     "1023844023": {
      "maxRSS": 27204,
      "systemtime": 0,
      "usertime": 176155
     },
     "1023845099": {
      "maxRSS": 27204,
      "systemtime": 0,
      "usertime": 176170
     },
     "1023846235": {
      "maxRSS": 27204,
      "systemtime": 0,
      "usertime": 176199
     },
     "1023847364": {
      "maxRSS": 27204,
      "systemtime": 0,
      "usertime": 176229
     },
     "1023848474": {
      "maxRSS": 27204,
      "systemtime": 0,
      "usertime": 180243
     },
     "1023849540": {
      "maxRSS": 27204,
      "systemtime": 0,
      "usertime": 180251
     },
     "1023850605": {
      "maxRSS": 27204,
      "systemtime": 0,
      "usertime": 180258
     },
     "1023851670": {
      "maxRSS": 27204,
      "systemtime": 0,
      "usertime": 180265
     },
     "1023852737": {
      "maxRSS": 27204,
      "systemtime": 0,
      "usertime": 184274
     },
     "1023853809": {
      "maxRSS": 27332,
      "systemtime": 0,
      "usertime": 184288
     },
     "1023854911": {
      "maxRSS": 27332,
      "systemtime": 0,
      "usertime": 184299
     },
     "1023855981": {
      "maxRSS": 27332,
      "systemtime": 0,
      "usertime": 184309
     },
     "1023857050": {
      "maxRSS": 27332,
      "systemtime": 0,
      "usertime": 188320
     },
     "1023858117": {
      "maxRSS": 27332,
      "systemtime": 0,
      "usertime": 188329
     },
     "1023859181": {
      "maxRSS": 27332,
      "systemtime": 0,
      "usertime": 188336
     },
     "1023860260": {
      "maxRSS": 27332,
      "systemtime": 0,
      "usertime": 192351
     },
     "1023861362": {
      "maxRSS": 27332,
      "systemtime": 0,
      "usertime": 192362
     },
     "1023862437": {
      "maxRSS": 27332,
      "systemtime": 0,
      "usertime": 192372
     },
     "1023863563": {
      "maxRSS": 27332,
      "systemtime": 0,
      "usertime": 192390
     },
     "1023864675": {
      "maxRSS": 27332,
      "systemtime": 0,
      "usertime": 196405
     },
     "1023865744": {
      "maxRSS": 27332,
      "systemtime": 0,
      "usertime": 196416
     },
     "1023866812": {
      "maxRSS": 27332,
      "systemtime": 0,
      "usertime": 196426
     },
     "1023867883": {
      "maxRSS": 27332,
      "systemtime": 0,
      "usertime": 196439
     },
     "1023868949": {
      "maxRSS": 27332,
      "systemtime": 0,
      "usertime": 200447
     },
     "1023870022": {
      "maxRSS": 27332,
      "systemtime": 0,
      "usertime": 200458
     },
     "1023871126": {
      "maxRSS": 27332,
      "systemtime": 0,
      "usertime": 200472
     },
     "1023872193": {
      "maxRSS": 27332,
      "systemtime": 0,
      "usertime": 204481
     },
     "1023873265": {
      "maxRSS": 27332,
      "systemtime": 0,
      "usertime": 204493
     },
     "1023874356": {
      "maxRSS": 27332,
      "systemtime": 0,
      "usertime": 204524
     },
     "1023875424": {
      "maxRSS": 27332,
      "systemtime": 0,
      "usertime": 204534
     },
     "1023876494": {
      "maxRSS": 27332,
      "systemtime": 0,
      "usertime": 208546
     },
     "1023877592": {
      "maxRSS": 27332,
      "systemtime": 0,
      "usertime": 208561
     },
     "1023878669": {
      "maxRSS": 27332,
      "systemtime": 0,
      "usertime": 208575
     },
     "1023879767": {
      "maxRSS": 27332,
      "systemtime": 0,
      "usertime": 208584
     },
     "1023880859": {
      "maxRSS": 27332,
      "systemtime": 0,
      "usertime": 212611
     },
     "1023881756": {
      "maxRSS": 27332,
      "systemtime": 0,
      "usertime": 214346
     },
     "1023882831": {
      "maxRSS": 27460,
      "systemtime": 0,
      "usertime": 214398
     },
     "1023883914": {
      "maxRSS": 27716,
      "systemtime": 0,
      "usertime": 214414
     },
     "1023884992": {
      "maxRSS": 27972,
      "systemtime": 0,
      "usertime": 216724
     },
     "1023886101": {
      "maxRSS": 28356,
      "systemtime": 0,
      "usertime": 216740
     },
     "1023887219": {
      "maxRSS": 28612,
      "systemtime": 0,
      "usertime": 216767
     },
     "1023888297": {
      "maxRSS": 28868,
      "systemtime": 0,
      "usertime": 220734
     },
     "1023889370": {
      "maxRSS": 29124,
      "systemtime": 0,
      "usertime": 220749
     },
     "1023890439": {
      "maxRSS": 29380,
      "systemtime": 0,
      "usertime": 220760
     },
     "1023891438": {
      "maxRSS": 29508,
      "systemtime": 0,
      "usertime": 224201
     },
     "1023892508": {
      "maxRSS": 29508,
      "systemtime": 0,
      "usertime": 224777
     },
     "1023893577": {
      "maxRSS": 29508,
      "systemtime": 0,
      "usertime": 224787
     },
     "1023894657": {
      "maxRSS": 29508,
      "systemtime": 0,
      "usertime": 224809
     },
     "1023895725": {
      "maxRSS": 29508,
      "systemtime": 0,
      "usertime": 224819
     },
     "1023896792": {
      "maxRSS": 29508,
      "systemtime": 0,
      "usertime": 228827
     },
     "1023897883": {
      "maxRSS": 29508,
      "systemtime": 0,
      "usertime": 228843
     },
     "1023898966": {
      "maxRSS": 29508,
      "systemtime": 0,
      "usertime": 228862
     },
     "1023900052": {
      "maxRSS": 29508,
      "systemtime": 0,
      "usertime": 232877
     },
     "1023901145": {
      "maxRSS": 29508,
      "systemtime": 0,
      "usertime": 232907
     },
     "1023902222": {
      "maxRSS": 29508,
      "systemtime": 0,
      "usertime": 232921
     },
     "1023903292": {
      "maxRSS": 29508,
      "systemtime": 0,
      "usertime": 232932
     },
     "1023904414": {
      "maxRSS": 29508,
      "systemtime": 0,
      "usertime": 236944
     },
     "1023905496": {
      "maxRSS": 29508,
      "systemtime": 0,
      "usertime": 236959
     },
     "1023906572": {
      "maxRSS": 29508,
      "systemtime": 0,
      "usertime": 236974
     },
     "1023907695": {
      "maxRSS": 29508,
      "systemtime": 0,
      "usertime": 237004
     },
     "1023908764": {
      "maxRSS": 29508,
      "systemtime": 0,
      "usertime": 241017
     },
     "1023909831": {
      "maxRSS": 29508,
      "systemtime": 0,
      "usertime": 241027
     },
     "1023910906": {
      "maxRSS": 29508,
      "systemtime": 0,
      "usertime": 241040
     },
     "1023912019": {
      "maxRSS": 29508,
      "systemtime": 0,
      "usertime": 245050
     },
     "1023913085": {
      "maxRSS": 29508,
      "systemtime": 0,
      "usertime": 245059
     },
     "1023914181": {
      "maxRSS": 29508,
      "systemtime": 0,
      "usertime": 245090
     },
     "1023915277": {
      "maxRSS": 29508,
      "systemtime": 0,
      "usertime": 245108
     },
     "1023916404": {
      "maxRSS": 29508,
      "systemtime": 0,
      "usertime": 249124
     },
     "1023917520": {
      "maxRSS": 29508,
      "systemtime": 0,
      "usertime": 249138
     },
     "1023918629": {
      "maxRSS": 29508,
      "systemtime": 0,
      "usertime": 249153
     },
     "1023919739": {
      "maxRSS": 29508,
      "systemtime": 0,
      "usertime": 249166
     },
     "1023920820": {
      "maxRSS": 29508,
      "systemtime": 0,
      "usertime": 253178
     },
     "1023921918": {
      "maxRSS": 29508,
      "systemtime": 0,
      "usertime": 253214
     },
     "1023922992": {
      "maxRSS": 29508,
      "systemtime": 0,
      "usertime": 253227
     },
     "1023924012": {
      "maxRSS": 29508,
      "systemtime": 0,
      "usertime": 257237
     },
     "1023925081": {
      "maxRSS": 29508,
      "systemtime": 0,
      "usertime": 257246
     },
     "1023926149": {
      "maxRSS": 29508,
      "systemtime": 0,
      "usertime": 257255
     },
     "1023927216": {
      "maxRSS": 29508,
      "systemtime": 0,
      "usertime": 257264
     },
     "1023928057": {
      "maxRSS": 29508,
      "systemtime": 0,
      "usertime": 261337
     },
     "1023928086": {
      "maxRSS": 29508,
      "systemtime": 0,
      "usertime": 261369
     },
     "1023929191": {
      "maxRSS": 29508,
      "systemtime": 0,
      "usertime": 261380
     },
     "1023930263": {
      "maxRSS": 29508,
      "systemtime": 0,
      "usertime": 261393
     },
     "1023931345": {
      "maxRSS": 29508,
      "systemtime": 0,
      "usertime": 261411
     },
     "1023932439": {
      "maxRSS": 29636,
      "systemtime": 0,
      "usertime": 265421
     },
     "1023933544": {
      "maxRSS": 29892,
      "systemtime": 0,
      "usertime": 265459
     },
     "1023934619": {
      "maxRSS": 30148,
      "systemtime": 0,
      "usertime": 265474
     },
     "1023935687": {
      "maxRSS": 30404,
      "systemtime": 0,
      "usertime": 265483
     },
     "1023936233": {
      "maxRSS": 30532,
      "systemtime": 0,
      "usertime": 269664
     },
     "1023937303": {
      "maxRSS": 30532,
      "systemtime": 0,
      "usertime": 269675
     },
     "1023938371": {
      "maxRSS": 30532,
      "systemtime": 0,
      "usertime": 269685
     },
     "1023939453": {
      "maxRSS": 30532,
      "systemtime": 0,
      "usertime": 269708
     },
     "1023940521": {
      "maxRSS": 30532,
      "systemtime": 0,
      "usertime": 273493
     },
     "1023941589": {
      "maxRSS": 30532,
      "systemtime": 0,
      "usertime": 273502
     },
     "1023942657": {
      "maxRSS": 30532,
      "systemtime": 0,
      "usertime": 273513
     },
     "1023943724": {
      "maxRSS": 30532,
      "systemtime": 0,
      "usertime": 273522
     },
     "1023944792": {
      "maxRSS": 30532,
      "systemtime": 0,
      "usertime": 277531
     },
     "1023945868": {
      "maxRSS": 30532,
      "systemtime": 0,
      "usertime": 277548
     },
     "1023946940": {
      "maxRSS": 30532,
      "systemtime": 0,
      "usertime": 277563
     },
     "1023948026": {
      "maxRSS": 30532,
      "systemtime": 0,
      "usertime": 281577
     },
     "1023949096": {
      "maxRSS": 30532,
      "systemtime": 0,
      "usertime": 281590
     },
     "1023950164": {
      "maxRSS": 30532,
      "systemtime": 0,
      "usertime": 281599
     },
     "1023951252": {
      "maxRSS": 30532,
      "systemtime": 0,
      "usertime": 281608
     },
     "1023952319": {
      "maxRSS": 30532,
      "systemtime": 0,
      "usertime": 285613
     },
     "1023953401": {
      "maxRSS": 30532,
      "systemtime": 0,
      "usertime": 285636
     },
     "1023954472": {
      "maxRSS": 30532,
      "systemtime": 0,
      "usertime": 285649
     },
     "1023955545": {
      "maxRSS": 30532,
      "systemtime": 0,
      "usertime": 285660
     },
     "1023956655": {
      "maxRSS": 30532,
      "systemtime": 0,
      "usertime": 289674
     },
     "1023957723": {
      "maxRSS": 30532,
      "systemtime": 0,
      "usertime": 289684
     },
     "1023958794": {
      "maxRSS": 30532,
      "systemtime": 0,
      "usertime": 289691
     },
     "1023959921": {
      "maxRSS": 30532,
      "systemtime": 0,
      "usertime": 289727
     },
     "1023961031": {
      "maxRSS": 30532,
      "systemtime": 0,
      "usertime": 293744
     },
     "1023962137": {
      "maxRSS": 30532,
      "systemtime": 0,
      "usertime": 293756
     },
     "1023963099": {
      "maxRSS": 30532,
      "systemtime": 0,
      "usertime": 296847
     },
     "1023964171": {
      "maxRSS": 30532,
      "systemtime": 0,
      "usertime": 297782
     },
     "1023965238": {
      "maxRSS": 30532,
      "systemtime": 0,
      "usertime": 297791
     },
     "1023966354": {
      "maxRSS": 30532,
      "systemtime": 0,
      "usertime": 297813
     },
     "1023967456": {
      "maxRSS": 30532,
      "systemtime": 0,
      "usertime": 297821
     },
     "1023968145": {
      "maxRSS": 30532,
      "systemtime": 0,
      "usertime": 301966
     },
     "1023969210": {
      "maxRSS": 30532,
      "systemtime": 0,
      "usertime": 301974
     },
     "1023970275": {
      "maxRSS": 30532,
      "systemtime": 0,
      "usertime": 301981
     },
     "1023971374": {
      "maxRSS": 30532,
      "systemtime": 0,
      "usertime": 301997
     },
     "1023972494": {
      "maxRSS": 30532,
      "systemtime": 0,
      "usertime": 305889
     },
     "1023973566": {
      "maxRSS": 30532,
      "systemtime": 0,
      "usertime": 305902
     },
     "1023974633": {
      "maxRSS": 30532,
      "systemtime": 0,
      "usertime": 305911
     },
     "1023975698": {
      "maxRSS": 30532,
      "systemtime": 0,
      "usertime": 305919
     },
     "1023976774": {
      "maxRSS": 30532,
      "systemtime": 0,
      "usertime": 309930
     },
     "1023977840": {
      "maxRSS": 30532,
      "systemtime": 0,
      "usertime": 309939
     },
     "1023978906": {
      "maxRSS": 30532,
      "systemtime": 0,
      "usertime": 309946
     },
     "1023979986": {
      "maxRSS": 30532,
      "systemtime": 0,
      "usertime": 309969
     },
     "1023981054": {
      "maxRSS": 30532,
      "systemtime": 0,
      "usertime": 313979
     },
     "1023982130": {
      "maxRSS": 30532,
      "systemtime": 0,
      "usertime": 313993
     },
     "1023983238": {
      "maxRSS": 30532,
      "systemtime": 0,
      "usertime": 314009
     },
     "1023984311": {
      "maxRSS": 30532,
      "systemtime": 0,
      "usertime": 318021
     },
     "1023985076": {
      "maxRSS": 30532,
      "systemtime": 0,
      "usertime": 319099
     },
     "1023986156": {
      "maxRSS": 30532,
      "systemtime": 0,
      "usertime": 319130
     },
     "1023987223": {
      "maxRSS": 30532,
      "systemtime": 0,
      "usertime": 319139
     },
     "1023988290": {
      "maxRSS": 30532,
      "systemtime": 0,
      "usertime": 322071
     },
     "1023988477": {
      "maxRSS": 30532,
      "systemtime": 0,
      "usertime": 322550
     },
     "1023989547": {
      "maxRSS": 30532,
      "systemtime": 0,
      "usertime": 322560
     },
     "1023990614": {
      "maxRSS": 30532,
      "systemtime": 0,
      "usertime": 322570
     },
     "1023991693": {
      "maxRSS": 30532,
      "systemtime": 0,
      "usertime": 322591
     },
     "1023992762": {
      "maxRSS": 30532,
      "systemtime": 0,
      "usertime": 326137
     },
     "1023993831": {
      "maxRSS": 30532,
      "systemtime": 0,
      "usertime": 326147
     },
     "1023994899": {
      "maxRSS": 30532,
      "systemtime": 0,
      "usertime": 326158
     },
     "1023995966": {
      "maxRSS": 30532,
      "systemtime": 0,
      "usertime": 326168
     },
     "1023997038": {
      "maxRSS": 30532,
      "systemtime": 0,
      "usertime": 330172
     },
     "1023998116": {
      "maxRSS": 30532,
      "systemtime": 0,
      "usertime": 330191
     },
     "1023998600": {
      "maxRSS": 30532,
      "systemtime": 0,
      "usertime": 332793
     },
     "1023999666": {
      "maxRSS": 30532,
      "systemtime": 0,
      "usertime": 332810
     },
     "1024000734": {
      "maxRSS": 30532,
      "systemtime": 0,
      "usertime": 334219
     },
     "1024000861": {
      "maxRSS": 30532,
      "systemtime": 0,
      "usertime": 335084
     },
     "1024001927": {
      "maxRSS": 30532,
      "systemtime": 0,
      "usertime": 335092
     },
     "1024002995": {
      "maxRSS": 30532,
      "systemtime": 0,
      "usertime": 335102
     },
     "1024004072": {
      "maxRSS": 30532,
      "systemtime": 0,
      "usertime": 338266
     },
     "1024005166": {
      "maxRSS": 30532,
      "systemtime": 0,
      "usertime": 338282
     },
     "1024006247": {
      "maxRSS": 30532,
      "systemtime": 0,
      "usertime": 338300
     },
     "1024006634": {
      "maxRSS": 30532,
      "systemtime": 0,
      "usertime": 340940
     },
     "1024007709": {
      "maxRSS": 30532,
      "systemtime": 0,
      "usertime": 340959
     },
     "1024008100": {
      "maxRSS": 30532,
      "systemtime": 0,
      "usertime": 342429
     },
     "1024009191": {
      "maxRSS": 30532,
      "systemtime": 0,
      "usertime": 342458
     },
     "1024010297": {
      "maxRSS": 30532,
      "systemtime": 0,
      "usertime": 342471
     },
     "1024011371": {
      "maxRSS": 30532,
      "systemtime": 0,
      "usertime": 345752
     },
     "1024011407": {
      "maxRSS": 30532,
      "systemtime": 0,
      "usertime": 345801
     },
     "1024012174": {
      "maxRSS": 30532,
      "systemtime": 0,
      "usertime": 346581
     },
     "1024013247": {
      "maxRSS": 30532,
      "systemtime": 0,
      "usertime": 346592
     },
     "1024013849": {
      "maxRSS": 30532,
      "systemtime": 0,
      "usertime": 348308
     },
     "1024014211": {
      "maxRSS": 30532,
      "systemtime": 0,
      "usertime": 348680
     },
     "1024015016": {
      "maxRSS": 30532,
      "systemtime": 0,
      "usertime": 349499
     },
     "1024015203": {
      "maxRSS": 30532,
      "systemtime": 0,
      "usertime": 349694
     },
     "1024015550": {
      "maxRSS": 30532,
      "systemtime": 0,
      "usertime": 350054
     },
     "1024015630": {
      "maxRSS": 30532,
      "systemtime": 0,
      "usertime": 350140
     },
     "1024015778": {
      "maxRSS": 30532,
      "systemtime": 0,
      "usertime": 350313
     },
     "1024015815": {
      "maxRSS": 30532,
      "systemtime": 0,
      "usertime": 350353
     },
     "1024015885": {
      "maxRSS": 30532,
      "systemtime": 0,
      "usertime": 350428
     },
     "1024015913": {
      "maxRSS": 30532,
      "systemtime": 0,
      "usertime": 350463
     },
     "1024015953": {
      "maxRSS": 30532,
      "systemtime": 0,
      "usertime": 350507
     },
     "1024015975": {
      "maxRSS": 30532,
      "systemtime": 0,
      "usertime": 350536
     },
     "1024016016": {
      "maxRSS": 30532,
      "systemtime": 0,
      "usertime": 350588
     },
     "1024016047": {
      "maxRSS": 30532,
      "systemtime": 0,
      "usertime": 350632
     },
     "1024016055": {
      "maxRSS": 30532,
      "systemtime": 0,
      "usertime": 350653
     },
     "1024017125": {
      "maxRSS": 30532,
      "systemtime": 0,
      "usertime": 350660
     },
     "1024018231": {
      "maxRSS": 30532,
      "systemtime": 0,
      "usertime": 350675
     },
     "1024019296": {
      "maxRSS": 30532,
      "systemtime": 0,
      "usertime": 350683
     },
     "1024020361": {
      "maxRSS": 30532,
      "systemtime": 0,
      "usertime": 354638
     },
     "1024021443": {
      "maxRSS": 30532,
      "systemtime": 0,
      "usertime": 354657
     },
     "1024022518": {
      "maxRSS": 30532,
      "systemtime": 0,
      "usertime": 354671
     },
     "1024023599": {
      "maxRSS": 30532,
      "systemtime": 0,
      "usertime": 354684
     },
     "1024024667": {
      "maxRSS": 30532,
      "systemtime": 0,
      "usertime": 358698
     },
     "1024025733": {
      "maxRSS": 30660,
      "systemtime": 0,
      "usertime": 358707
     },
     "1024026800": {
      "maxRSS": 30788,
      "systemtime": 0,
      "usertime": 358715
     },
     "1024027884": {
      "maxRSS": 30916,
      "systemtime": 0,
      "usertime": 358742
     },
     "1024028963": {
      "maxRSS": 31044,
      "systemtime": 0,
      "usertime": 362756
     },
     "1024030077": {
      "maxRSS": 31172,
      "systemtime": 0,
      "usertime": 362783
     },
     "1024031160": {
      "maxRSS": 31300,
      "systemtime": 0,
      "usertime": 362799
     },
     "1024032249": {
      "maxRSS": 31428,
      "systemtime": 0,
      "usertime": 366852
     },
     "1024033339": {
      "maxRSS": 31556,
      "systemtime": 0,
      "usertime": 366876
     },
     "1024034466": {
      "maxRSS": 31684,
      "systemtime": 0,
      "usertime": 366908
     },
     "1024035615": {
      "maxRSS": 31812,
      "systemtime": 0,
      "usertime": 366923
     },
     "1024036688": {
      "maxRSS": 31940,
      "systemtime": 0,
      "usertime": 370921
     },
     "1024037756": {
      "maxRSS": 31940,
      "systemtime": 0,
      "usertime": 370931
     },
     "1024038823": {
      "maxRSS": 32068,
      "systemtime": 0,
      "usertime": 370940
     },
     "1024039901": {
      "maxRSS": 32068,
      "systemtime": 0,
      "usertime": 370953
     },
     "1024040971": {
      "maxRSS": 32196,
      "systemtime": 0,
      "usertime": 374953
     },
     "1024042053": {
      "maxRSS": 32452,
      "systemtime": 0,
      "usertime": 374977
     },
     "1024043119": {
      "maxRSS": 32452,
      "systemtime": 0,
      "usertime": 374986
     },
     "1024044252": {
      "maxRSS": 32580,
      "systemtime": 0,
      "usertime": 379001
     },
     "1024045376": {
      "maxRSS": 32708,
      "systemtime": 0,
      "usertime": 379033
     },
     "1024046462": {
      "maxRSS": 32836,
      "systemtime": 0,
      "usertime": 379052
     },
     "1024047544": {
      "maxRSS": 32964,
      "systemtime": 0,
      "usertime": 379069
     },
     "1024048627": {
      "maxRSS": 33220,
      "systemtime": 0,
      "usertime": 383110
     },
     "1024049693": {
      "maxRSS": 33220,
      "systemtime": 0,
      "usertime": 383118
     },
     "1024050792": {
      "maxRSS": 33348,
      "systemtime": 0,
      "usertime": 383126
     },
     "1024051900": {
      "maxRSS": 33476,
      "systemtime": 0,
      "usertime": 383144
     },
     "1024053000": {
      "maxRSS": 33604,
      "systemtime": 0,
      "usertime": 387135
     },
     "1024054066": {
      "maxRSS": 33732,
      "systemtime": 0,
      "usertime": 387143
     },
     "1024055185": {
      "maxRSS": 33860,
      "systemtime": 0,
      "usertime": 387166
     },
     "1024056263": {
      "maxRSS": 33988,
      "systemtime": 0,
      "usertime": 391181
     },
     "1024057334": {
      "maxRSS": 34116,
      "systemtime": 0,
      "usertime": 391193
     },
     "1024058401": {
      "maxRSS": 34116,
      "systemtime": 0,
      "usertime": 391203
     },
     "1024059509": {
      "maxRSS": 34244,
      "systemtime": 0,
      "usertime": 391213
     },
     "1024060575": {
      "maxRSS": 34372,
      "systemtime": 0,
      "usertime": 395221
     },
     "1024061702": {
      "maxRSS": 34500,
      "systemtime": 0,
      "usertime": 395254
     },
     "1024062810": {
      "maxRSS": 34756,
      "systemtime": 0,
      "usertime": 395265
     },
     "1024063914": {
      "maxRSS": 34756,
      "systemtime": 0,
      "usertime": 395275
     },
     "1024064995": {
      "maxRSS": 35012,
      "systemtime": 0,
      "usertime": 399286
     },
     "1024066061": {
      "maxRSS": 35012,
      "systemtime": 0,
      "usertime": 399294
     },
     "1024067171": {
      "maxRSS": 35140,
      "systemtime": 0,
      "usertime": 399311
     },
     "1024068237": {
      "maxRSS": 35268,
      "systemtime": 0,
      "usertime": 403318
     },
     "1024069343": {
      "maxRSS": 35396,
      "systemtime": 0,
      "usertime": 403333
     },
     "1024070408": {
      "maxRSS": 35652,
      "systemtime": 0,
      "usertime": 403341
     },
     "1024071491": {
      "maxRSS": 35780,
      "systemtime": 0,
      "usertime": 403354
     },
     "1024072562": {
      "maxRSS": 35908,
      "systemtime": 0,
      "usertime": 407367
     },
     "1024073638": {
      "maxRSS": 36036,
      "systemtime": 0,
      "usertime": 407381
     },
     "1024074723": {
      "maxRSS": 36164,
      "systemtime": 0,
      "usertime": 407398
     },
     "1024075816": {
      "maxRSS": 36292,
      "systemtime": 0,
      "usertime": 407426
     },
     "1024076890": {
      "maxRSS": 36420,
      "systemtime": 0,
      "usertime": 411441
     },
     "1024077957": {
      "maxRSS": 36548,
      "systemtime": 0,
      "usertime": 411450
     },
     "1024079031": {
      "maxRSS": 36676,
      "systemtime": 0,
      "usertime": 411460
     },
     "1024080104": {
      "maxRSS": 36804,
      "systemtime": 0,
      "usertime": 415520
     },
     "1024081193": {
      "maxRSS": 36932,
      "systemtime": 0,
      "usertime": 415534
     },
     "1024082284": {
      "maxRSS": 37060,
      "systemtime": 0,
      "usertime": 415561
     },
     "1024083361": {
      "maxRSS": 37188,
      "systemtime": 0,
      "usertime": 415577
     },
     "1024084441": {
      "maxRSS": 37188,
      "systemtime": 0,
      "usertime": 419545
     },
     "1024085523": {
      "maxRSS": 37188,
      "systemtime": 0,
      "usertime": 419562
     },
     "1024085664": {
      "maxRSS": 37188,
      "systemtime": 0,
      "usertime": 421230
     },
     "1024085708": {
      "maxRSS": 37188,
      "systemtime": 0,
      "usertime": 421276
     }
    }
   }
  }
 }
}
