{
 "root": {
  "program": {
   "configuration": {
    "": "/root/souffle-src/tests/semantic/rel_nullary/rel_nullary.dl",
    "fact-dir": "/root/souffle-src/tests/semantic/rel_nullary/facts",
    "include-dir": ".",
    "jobs": "1",
    "libraries": "functors",
    "library-dir": ".",
    "output-dir": "/root/compiler/measurements/night01-t2/semantic__rel_nullary",
    "profile": "prof.log",
    "relationCount": "18",
    "ruleCount": "24",
    "version": "2.5",
    "warn": "all",
    "wno": "none"
   },
   "relation": {
    "+disconnected0": {
     "maxRSS": {
      "post": 12260,
      "pre": 12260
     },
     "non-recursive-rule": {
      "+disconnected0() :- \n   B(_).": {
       "maxRSS": {
        "post": 12260,
        "pre": 12260
       },
       "num-tuples": 1,
       "runtime": { "start": 21272573275, "end": 21272573276},
       "source-locator": "/root/souffle-src/tests/semantic/rel_nullary/rel_nullary.dl [14:1-14:13]"
      }
     },
     "num-tuples": 1,
     "reads": 0,
     "runtime": { "start": 21272573275, "end": 21272573283},
     "source-locator": " [1:1-1:1]"
    },
    "A": {
     "maxRSS": {
      "post": 12260,
      "pre": 12260
     },
     "non-recursive-rule": {
      "A() :- \n   +disconnected0().": {
       "maxRSS": {
        "post": 12260,
        "pre": 12260
       },
       "num-tuples": 1,
       "runtime": { "start": 21272573399, "end": 21272573400},
       "source-locator": "/root/souffle-src/tests/semantic/rel_nullary/rel_nullary.dl [14:1-14:13]"
      }
     },
     "num-tuples": 1,
     "reads": 0,
     "runtime": { "start": 21272573399, "end": 21272573405},
     "savetime": { "start": 21272573408, "end": 21272573418},
     "source-locator": "/root/souffle-src/tests/semantic/rel_nullary/rel_nullary.dl [12:7-12:8]"
    },
    "B": {
     "maxRSS": {
      "post": 11932,
      "pre": 11932
     },
     "non-recursive-rule": {
      "B(1).": {
       "maxRSS": {
        "post": 11932,
        "pre": 11932
       },
       "num-tuples": 1,
       "runtime": { "start": 21272572705, "end": 21272572710},
       "source-locator": "/root/souffle-src/tests/semantic/rel_nullary/rel_nullary.dl [10:1-10:6]"
      }
     },
     "num-tuples": 1,
     "reads": 1,
     "runtime": { "start": 21272572703, "end": 21272572718},
     "savetime": { "start": 21272572724, "end": 21272572793},
     "source-locator": "/root/souffle-src/tests/semantic/rel_nullary/rel_nullary.dl [8:7-8:8]"
    },
    "C": {
     "maxRSS": {
      "post": 12260,
      "pre": 12260
     },
     "non-recursive-rule": {
      "C() :- \n   B(2).": {
       "maxRSS": {
        "post": 12260,
        "pre": 12260
       },
       "num-tuples": 0,
       "runtime": { "start": 21272573287, "end": 21272573289},
       "source-locator": "/root/souffle-src/tests/semantic/rel_nullary/rel_nullary.dl [18:1-18:13]"
      }
     },
     "num-tuples": 0,
     "reads": 0,
     "runtime": { "start": 21272573287, "end": 21272573294},
     "savetime": { "start": 21272573297, "end": 21272573308},
     "source-locator": "/root/souffle-src/tests/semantic/rel_nullary/rel_nullary.dl [16:7-16:8]"
    },
    "Def": {
     "loadtime": { "start": 21272572796, "end": 21272572883},
     "num-tuples": 1,
     "reads": 0,
     "savetime": { "start": 21272572890, "end": 21272572922},
     "source-locator": "/root/souffle-src/tests/semantic/rel_nullary/rel_nullary.dl [22:7-22:10]"
    },
    "E": {
     "maxRSS": {
      "post": 12260,
      "pre": 12260
     },
     "non-recursive-rule": {
      "E().": {
       "maxRSS": {
        "post": 12260,
        "pre": 12260
       },
       "num-tuples": 1,
       "runtime": { "start": 21272572927, "end": 21272572928},
       "source-locator": "/root/souffle-src/tests/semantic/rel_nullary/rel_nullary.dl [32:1-32:5]"
      }
     },
     "num-tuples": 1,
     "reads": 0,
     "runtime": { "start": 21272572927, "end": 21272572936},
     "savetime": { "start": 21272572940, "end": 21272572955},
     "source-locator": "/root/souffle-src/tests/semantic/rel_nullary/rel_nullary.dl [30:7-30:8]"
    },
    "F": {
     "maxRSS": {
      "post": 12260,
      "pre": 12260
     },
     "non-recursive-rule": {
      "F().": {
       "maxRSS": {
        "post": 12260,
        "pre": 12260
       },
       "num-tuples": 1,
       "runtime": { "start": 21272572960, "end": 21272572960},
       "source-locator": "/root/souffle-src/tests/semantic/rel_nullary/rel_nullary.dl [36:1-36:5]"
      }
     },
     "num-tuples": 1,
     "reads": 0,
     "runtime": { "start": 21272572959, "end": 21272572966},
     "source-locator": "/root/souffle-src/tests/semantic/rel_nullary/rel_nullary.dl [35:7-35:8]"
    },
    "G": {
     "num-tuples": 0,
     "reads": 0,
     "savetime": { "start": 21272572972, "end": 21272572986},
     "source-locator": "/root/souffle-src/tests/semantic/rel_nullary/rel_nullary.dl [39:7-39:8]"
    },
    "H": {
     "maxRSS": {
      "post": 12260,
      "pre": 12260
     },
     "non-recursive-rule": {
      "H(1) :- \n   F().": {
       "maxRSS": {
        "post": 12260,
        "pre": 12260
       },
       "num-tuples": 1,
       "runtime": { "start": 21272573319, "end": 21272573320},
       "source-locator": "/root/souffle-src/tests/semantic/rel_nullary/rel_nullary.dl [45:1-45:13]"
      },
      "H(4).": {
       "maxRSS": {
        "post": 12260,
        "pre": 12260
       },
       "num-tuples": 1,
       "runtime": { "start": 21272573327, "end": 21272573328},
       "source-locator": "/root/souffle-src/tests/semantic/rel_nullary/rel_nullary.dl [48:1-48:14]"
      },
      "H(5) :- \n   F().": {
       "maxRSS": {
        "post": 12260,
        "pre": 12260
       },
       "num-tuples": 1,
       "runtime": { "start": 21272573333, "end": 21272573333},
       "source-locator": "/root/souffle-src/tests/semantic/rel_nullary/rel_nullary.dl [49:1-49:19]"
      }
     },
     "num-tuples": 3,
     "reads": 0,
     "runtime": { "start": 21272573310, "end": 21272573337},
     "savetime": { "start": 21272573341, "end": 21272573355},
     "source-locator": "/root/souffle-src/tests/semantic/rel_nullary/rel_nullary.dl [43:7-43:8]"
    },
    "I": {
     "maxRSS": {
      "post": 12260,
      "pre": 12260
     },
     "non-recursive-rule": {
      "I(1).": {
       "maxRSS": {
        "post": 12260,
        "pre": 12260
       },
       "num-tuples": 1,
       "runtime": { "start": 21272572990, "end": 21272572990},
       "source-locator": "/root/souffle-src/tests/semantic/rel_nullary/rel_nullary.dl [52:1-52:6]"
      },
      "I(2).": {
       "maxRSS": {
        "post": 12260,
        "pre": 12260
       },
       "num-tuples": 1,
       "runtime": { "start": 21272572996, "end": 21272572997},
       "source-locator": "/root/souffle-src/tests/semantic/rel_nullary/rel_nullary.dl [53:1-53:6]"
      }
     },
     "num-tuples": 2,
     "reads": 0,
     "runtime": { "start": 21272572989, "end": 21272573001},
     "source-locator": "/root/souffle-src/tests/semantic/rel_nullary/rel_nullary.dl [51:7-51:8]"
    },
    "J": {
     "maxRSS": {
      "post": 12260,
      "pre": 12260
     },
     "non-recursive-rule": {
      "J(10).": {
       "maxRSS": {
        "post": 12260,
        "pre": 12260
       },
       "num-tuples": 1,
       "runtime": { "start": 21272573005, "end": 21272573005},
       "source-locator": "/root/souffle-src/tests/semantic/rel_nullary/rel_nullary.dl [58:1-58:7]"
      },
      "J(20).": {
       "maxRSS": {
        "post": 12260,
        "pre": 12260
       },
       "num-tuples": 1,
       "runtime": { "start": 21272573009, "end": 21272573010},
       "source-locator": "/root/souffle-src/tests/semantic/rel_nullary/rel_nullary.dl [59:1-59:7]"
      },
      "J(30).": {
       "maxRSS": {
        "post": 12260,
        "pre": 12260
       },
       "num-tuples": 1,
       "runtime": { "start": 21272573013, "end": 21272573014},
       "source-locator": "/root/souffle-src/tests/semantic/rel_nullary/rel_nullary.dl [60:1-60:17]"
      }
     },
     "num-tuples": 3,
     "reads": 0,
     "runtime": { "start": 21272573004, "end": 21272573018},
     "source-locator": "/root/souffle-src/tests/semantic/rel_nullary/rel_nullary.dl [57:7-57:8]"
    },
    "L": {
     "maxRSS": {
      "post": 12260,
      "pre": 12260
     },
     "non-recursive-rule": {
      "L((x+y)) :- \n   I(x),\n   F(),\n   J(y).": {
       "atom-frequency": {
        "L((x+y)) :- \n   I(x),\n   F(),\n   J(y).": {
         "I": {
          "level": 1,
          "num-tuples": 0
         },
         "J": {
          "level": 2,
          "num-tuples": 0
         }
        }
       },
       "maxRSS": {
        "post": 12260,
        "pre": 12260
       },
       "num-tuples": 6,
       "runtime": { "start": 21272573367, "end": 21272573369},
       "source-locator": "/root/souffle-src/tests/semantic/rel_nullary/rel_nullary.dl [67:1-67:27]"
      }
     },
     "num-tuples": 6,
     "reads": 0,
     "runtime": { "start": 21272573358, "end": 21272573377},
     "savetime": { "start": 21272573383, "end": 21272573396},
     "source-locator": "/root/souffle-src/tests/semantic/rel_nullary/rel_nullary.dl [65:7-65:8]"
    },
    "M": {
     "num-tuples": 0,
     "reads": 0,
     "savetime": { "start": 21272573023, "end": 21272573036},
     "source-locator": "/root/souffle-src/tests/semantic/rel_nullary/rel_nullary.dl [71:7-71:8]"
    },
    "N": {
     "maxRSS": {
      "post": 12260,
      "pre": 12260
     },
     "non-recursive-rule": {
      "N().": {
       "maxRSS": {
        "post": 12260,
        "pre": 12260
       },
       "num-tuples": 1,
       "runtime": { "start": 21272573040, "end": 21272573041},
       "source-locator": "/root/souffle-src/tests/semantic/rel_nullary/rel_nullary.dl [77:1-77:5]"
      }
     },
     "num-tuples": 1,
     "reads": 0,
     "runtime": { "start": 21272573040, "end": 21272573047},
     "savetime": { "start": 21272573051, "end": 21272573075},
     "source-locator": "/root/souffle-src/tests/semantic/rel_nullary/rel_nullary.dl [75:7-75:8]"
    },
    "P": {
     "iteration": {
      "0": {
       "copytime": { "start": 21272573132, "end": 21272573133},
       "maxRSS": {
        "post": 12260,
        "pre": 12260
       },
       "num-tuples": 0,
       "recursive-rule": {
        "P() :- \n   Q().": {
         "0": {
          "maxRSS": {
           "post": 12260,
           "pre": 12260
          },
          "num-tuples": 0,
          "runtime": { "start": 21272573102, "end": 21272573103},
          "source-locator": "/root/souffle-src/tests/semantic/rel_nullary/rel_nullary.dl [83:1-83:12]"
         }
        }
       },
       "runtime": { "start": 21272573102, "end": 21272573113}
      },
      "1": {
       "maxRSS": {
        "post": 12260,
        "pre": 12260
       },
       "num-tuples": 0,
       "recursive-rule": {
        "P() :- \n   Q().": {
         "0": {
          "maxRSS": {
           "post": 12260,
           "pre": 12260
          },
          "num-tuples": 0,
          "runtime": { "start": 21272573139, "end": 21272573140},
          "source-locator": "/root/souffle-src/tests/semantic/rel_nullary/rel_nullary.dl [83:1-83:12]"
         }
        }
       },
       "runtime": { "start": 21272573139, "end": 21272573144}
      }
     },
     "maxRSS": {
      "post": 12260,
      "pre": 12260
     },
     "non-recursive-rule": {
      "P().": {
       "maxRSS": {
        "post": 12260,
        "pre": 12260
       },
       "num-tuples": 1,
       "runtime": { "start": 21272573087, "end": 21272573088},
       "source-locator": "/root/souffle-src/tests/semantic/rel_nullary/rel_nullary.dl [82:1-82:5]"
      }
     },
     "num-tuples": 1,
     "reads": 0,
     "runtime": { "start": 21272573078, "end": 21272573095},
     "savetime": { "start": 21272573160, "end": 21272573165},
     "source-locator": "/root/souffle-src/tests/semantic/rel_nullary/rel_nullary.dl [80:7-80:8]"
    },
    "Q": {
     "iteration": {
      "0": {
       "copytime": { "start": 21272573136, "end": 21272573136},
       "maxRSS": {
        "post": 12260,
        "pre": 12260
       },
       "num-tuples": 1,
       "recursive-rule": {
        "Q() :- \n   P().": {
         "0": {
          "maxRSS": {
           "post": 12260,
           "pre": 12260
          },
          "num-tuples": 1,
          "runtime": { "start": 21272573118, "end": 21272573118},
          "source-locator": "/root/souffle-src/tests/semantic/rel_nullary/rel_nullary.dl [87:1-87:12]"
         }
        }
       },
       "runtime": { "start": 21272573117, "end": 21272573123}
      },
      "1": {
       "maxRSS": {
        "post": 12260,
        "pre": 12260
       },
       "num-tuples": 0,
       "recursive-rule": {
        "Q() :- \n   P().": {
         "0": {
          "maxRSS": {
           "post": 12260,
           "pre": 12260
          },
          "num-tuples": 0,
          "runtime": { "start": 21272573147, "end": 21272573148},
          "source-locator": "/root/souffle-src/tests/semantic/rel_nullary/rel_nullary.dl [87:1-87:12]"
         }
        }
       },
       "runtime": { "start": 21272573147, "end": 21272573152}
      }
     },
     "num-tuples": 0,
     "reads": 0,
     "savetime": { "start": 21272573168, "end": 21272573188},
     "source-locator": "/root/souffle-src/tests/semantic/rel_nullary/rel_nullary.dl [85:7-85:8]"
    },
    "R": {
     "maxRSS": {
      "post": 12260,
      "pre": 12260
     },
     "non-recursive-rule": {
      "R(10).": {
       "maxRSS": {
        "post": 12260,
        "pre": 12260
       },
       "num-tuples": 1,
       "runtime": { "start": 21272573191, "end": 21272573191},
       "source-locator": "/root/souffle-src/tests/semantic/rel_nullary/rel_nullary.dl [91:1-91:7]"
      }
     },
     "num-tuples": 1,
     "reads": 0,
     "runtime": { "start": 21272573190, "end": 21272573196},
     "savetime": { "start": 21272573199, "end": 21272573224},
     "source-locator": "/root/souffle-src/tests/semantic/rel_nullary/rel_nullary.dl [89:7-89:8]"
    },
    "Undef": {
     "loadtime": { "start": 21272573228, "end": 21272573251},
     "num-tuples": 0,
     "reads": 0,
     "savetime": { "start": 21272573257, "end": 21272573271},
     "source-locator": "/root/souffle-src/tests/semantic/rel_nullary/rel_nullary.dl [25:7-25:12]"
    }
   },
   "runtime": { "start": 21272572698, "end": 21272573420},
   "starttime": { "time": 21272572664},
   "usage": {
    "timepoint": {
     "21272572694": {
      "maxRSS": 11932,
      "systemtime": 0,
      "usertime": 4061
     },
     "21272572921": {
      "maxRSS": 12260,
      "systemtime": 0,
      "usertime": 4929
     },
     "21272572960": {
      "maxRSS": 12260,
      "systemtime": 0,
      "usertime": 5011
     },
     "21272573010": {
      "maxRSS": 12260,
      "systemtime": 0,
      "usertime": 5067
     },
     "21272573053": {
      "maxRSS": 12260,
      "systemtime": 0,
      "usertime": 5119
     },
     "21272573187": {
      "maxRSS": 12260,
      "systemtime": 0,
      "usertime": 5249
     },
     "21272573223": {
      "maxRSS": 12260,
      "systemtime": 0,
      "usertime": 5292
     },
     "21272573297": {
      "maxRSS": 12260,
      "systemtime": 0,
      "usertime": 5409
     },
     "21272573343": {
      "maxRSS": 12260,
      "systemtime": 0,
      "usertime": 5469
     }
    }
   }
  }
 }
}
