{
 "root": {
  "program": {
   "configuration": {
    "": "/root/compiler/tests/corpus/BENCHMARK_FAMILY/reachability_complement.dl",
    "fact-dir": "/root/compiler/fixtures/p2-scale-1000",
    "include-dir": ".",
    "jobs": "1",
    "libraries": "functors",
    "library-dir": ".",
    "magic-transform": "*",
    "output-dir": "/root/compiler/measurements/m3-5-headline/family/reachability_complement/n1000/souffle",
    "profile": "prof.log",
    "relationCount": "4",
    "ruleCount": "7",
    "version": "2.5",
    "warn": "all",
    "wno": "none"
   },
   "relation": {
    "@magic.unreach.{bf}": {
     "maxRSS": {
      "post": 16368,
      "pre": 16368
     },
     "non-recursive-rule": {
      "@magic.unreach.{bf}(1).": {
       "maxRSS": {
        "post": 16368,
        "pre": 16368
       },
       "num-tuples": 1,
       "runtime": { "start": 29335370339, "end": 29335370346},
       "source-locator": " [1:1-1:1]"
      }
     },
     "num-tuples": 1,
     "runtime": { "start": 29335370336, "end": 29335370355},
     "source-locator": " [1:1-1:1]"
    },
    "@neglabel.reach": {
     "iteration": {
      "0": {
       "copytime": { "start": 29335371995, "end": 29335372351},
       "maxRSS": {
        "post": 16368,
        "pre": 16368
       },
       "num-tuples": 3911,
       "recursive-rule": {
        "@neglabel.reach(x,y) :- \n   @neglabel.reach(x,z),\n   edge(z,y).": {
         "0": {
          "atom-frequency": {
           "@new_@neglabel.reach(x,y) :- \n   @delta_@neglabel.reach(x,z),\n   edge(z,y).": {
            "@delta_@neglabel.reach": {
             "level": 0,
             "num-tuples": 0
            },
            "edge": {
             "level": 1,
             "num-tuples": 0
            }
           }
          },
          "maxRSS": {
           "post": 16368,
           "pre": 16368
          },
          "num-tuples": 3911,
          "runtime": { "start": 29335371217, "end": 29335371956},
          "source-locator": " [1:1-1:1]"
         }
        }
       },
       "runtime": { "start": 29335371207, "end": 29335371968}
      },
      "1": {
       "copytime": { "start": 29335374003, "end": 29335374684},
       "maxRSS": {
        "post": 16368,
        "pre": 16368
       },
       "num-tuples": 7719,
       "recursive-rule": {
        "@neglabel.reach(x,y) :- \n   @neglabel.reach(x,z),\n   edge(z,y).": {
         "0": {
          "maxRSS": {
           "post": 16368,
           "pre": 16368
          },
          "num-tuples": 7719,
          "runtime": { "start": 29335372370, "end": 29335373963},
          "source-locator": " [1:1-1:1]"
         }
        }
       },
       "runtime": { "start": 29335372358, "end": 29335373976}
      },
      "10": {
       "copytime": { "start": 29335649165, "end": 29335654220},
       "maxRSS": {
        "post": 30200,
        "pre": 30200
       },
       "num-tuples": 40802,
       "recursive-rule": {
        "@neglabel.reach(x,y) :- \n   @neglabel.reach(x,z),\n   edge(z,y).": {
         "0": {
          "maxRSS": {
           "post": 30200,
           "pre": 30200
          },
          "num-tuples": 40802,
          "runtime": { "start": 29335623826, "end": 29335649105},
          "source-locator": " [1:1-1:1]"
         }
        }
       },
       "runtime": { "start": 29335623810, "end": 29335649127}
      },
      "11": {
       "copytime": { "start": 29335670166, "end": 29335673486},
       "maxRSS": {
        "post": 30200,
        "pre": 30200
       },
       "num-tuples": 23665,
       "recursive-rule": {
        "@neglabel.reach(x,y) :- \n   @neglabel.reach(x,z),\n   edge(z,y).": {
         "0": {
          "maxRSS": {
           "post": 30200,
           "pre": 30200
          },
          "num-tuples": 23665,
          "runtime": { "start": 29335654248, "end": 29335670116},
          "source-locator": " [1:1-1:1]"
         }
        }
       },
       "runtime": { "start": 29335654232, "end": 29335670134}
      },
      "12": {
       "copytime": { "start": 29335683115, "end": 29335685209},
       "maxRSS": {
        "post": 30200,
        "pre": 30200
       },
       "num-tuples": 12997,
       "recursive-rule": {
        "@neglabel.reach(x,y) :- \n   @neglabel.reach(x,z),\n   edge(z,y).": {
         "0": {
          "maxRSS": {
           "post": 30200,
           "pre": 30200
          },
          "num-tuples": 12997,
          "runtime": { "start": 29335673514, "end": 29335683069},
          "source-locator": " [1:1-1:1]"
         }
        }
       },
       "runtime": { "start": 29335673496, "end": 29335683085}
      },
      "13": {
       "copytime": { "start": 29335690964, "end": 29335692544},
       "maxRSS": {
        "post": 30200,
        "pre": 30200
       },
       "num-tuples": 6967,
       "recursive-rule": {
        "@neglabel.reach(x,y) :- \n   @neglabel.reach(x,z),\n   edge(z,y).": {
         "0": {
          "maxRSS": {
           "post": 30200,
           "pre": 30200
          },
          "num-tuples": 6967,
          "runtime": { "start": 29335685233, "end": 29335690913},
          "source-locator": " [1:1-1:1]"
         }
        }
       },
       "runtime": { "start": 29335685220, "end": 29335690929}
      },
      "14": {
       "copytime": { "start": 29335696036, "end": 29335696818},
       "maxRSS": {
        "post": 30200,
        "pre": 30200
       },
       "num-tuples": 3542,
       "recursive-rule": {
        "@neglabel.reach(x,y) :- \n   @neglabel.reach(x,z),\n   edge(z,y).": {
         "0": {
          "maxRSS": {
           "post": 30200,
           "pre": 30200
          },
          "num-tuples": 3542,
          "runtime": { "start": 29335692570, "end": 29335695987},
          "source-locator": " [1:1-1:1]"
         }
        }
       },
       "runtime": { "start": 29335692555, "end": 29335696001}
      },
      "15": {
       "copytime": { "start": 29335698604, "end": 29335698987},
       "maxRSS": {
        "post": 30200,
        "pre": 30200
       },
       "num-tuples": 1663,
       "recursive-rule": {
        "@neglabel.reach(x,y) :- \n   @neglabel.reach(x,z),\n   edge(z,y).": {
         "0": {
          "maxRSS": {
           "post": 30200,
           "pre": 30200
          },
          "num-tuples": 1663,
          "runtime": { "start": 29335696844, "end": 29335698564},
          "source-locator": " [1:1-1:1]"
         }
        }
       },
       "runtime": { "start": 29335696826, "end": 29335698577}
      },
      "16": {
       "copytime": { "start": 29335699782, "end": 29335699933},
       "maxRSS": {
        "post": 30200,
        "pre": 30200
       },
       "num-tuples": 716,
       "recursive-rule": {
        "@neglabel.reach(x,y) :- \n   @neglabel.reach(x,z),\n   edge(z,y).": {
         "0": {
          "maxRSS": {
           "post": 30200,
           "pre": 30200
          },
          "num-tuples": 716,
          "runtime": { "start": 29335699009, "end": 29335699742},
          "source-locator": " [1:1-1:1]"
         }
        }
       },
       "runtime": { "start": 29335698994, "end": 29335699753}
      },
      "17": {
       "copytime": { "start": 29335700307, "end": 29335700362},
       "maxRSS": {
        "post": 30200,
        "pre": 30200
       },
       "num-tuples": 288,
       "recursive-rule": {
        "@neglabel.reach(x,y) :- \n   @neglabel.reach(x,z),\n   edge(z,y).": {
         "0": {
          "maxRSS": {
           "post": 30200,
           "pre": 30200
          },
          "num-tuples": 288,
          "runtime": { "start": 29335699953, "end": 29335700271},
          "source-locator": " [1:1-1:1]"
         }
        }
       },
       "runtime": { "start": 29335699939, "end": 29335700282}
      },
      "18": {
       "copytime": { "start": 29335700517, "end": 29335700535},
       "maxRSS": {
        "post": 30200,
        "pre": 30200
       },
       "num-tuples": 107,
       "recursive-rule": {
        "@neglabel.reach(x,y) :- \n   @neglabel.reach(x,z),\n   edge(z,y).": {
         "0": {
          "maxRSS": {
           "post": 30200,
           "pre": 30200
          },
          "num-tuples": 107,
          "runtime": { "start": 29335700376, "end": 29335700486},
          "source-locator": " [1:1-1:1]"
         }
        }
       },
       "runtime": { "start": 29335700366, "end": 29335700496}
      },
      "19": {
       "copytime": { "start": 29335700620, "end": 29335700629},
       "maxRSS": {
        "post": 30200,
        "pre": 30200
       },
       "num-tuples": 41,
       "recursive-rule": {
        "@neglabel.reach(x,y) :- \n   @neglabel.reach(x,z),\n   edge(z,y).": {
         "0": {
          "maxRSS": {
           "post": 30200,
           "pre": 30200
          },
          "num-tuples": 41,
          "runtime": { "start": 29335700548, "end": 29335700591},
          "source-locator": " [1:1-1:1]"
         }
        }
       },
       "runtime": { "start": 29335700539, "end": 29335700600}
      },
      "2": {
       "copytime": { "start": 29335378234, "end": 29335379525},
       "maxRSS": {
        "post": 16368,
        "pre": 16368
       },
       "num-tuples": 14927,
       "recursive-rule": {
        "@neglabel.reach(x,y) :- \n   @neglabel.reach(x,z),\n   edge(z,y).": {
         "0": {
          "maxRSS": {
           "post": 16368,
           "pre": 16368
          },
          "num-tuples": 14927,
          "runtime": { "start": 29335374705, "end": 29335378189},
          "source-locator": " [1:1-1:1]"
         }
        }
       },
       "runtime": { "start": 29335374691, "end": 29335378206}
      },
      "20": {
       "copytime": { "start": 29335700687, "end": 29335700690},
       "maxRSS": {
        "post": 30200,
        "pre": 30200
       },
       "num-tuples": 11,
       "recursive-rule": {
        "@neglabel.reach(x,y) :- \n   @neglabel.reach(x,z),\n   edge(z,y).": {
         "0": {
          "maxRSS": {
           "post": 30200,
           "pre": 30200
          },
          "num-tuples": 11,
          "runtime": { "start": 29335700643, "end": 29335700658},
          "source-locator": " [1:1-1:1]"
         }
        }
       },
       "runtime": { "start": 29335700633, "end": 29335700667}
      },
      "21": {
       "copytime": { "start": 29335700736, "end": 29335700737},
       "maxRSS": {
        "post": 30200,
        "pre": 30200
       },
       "num-tuples": 1,
       "recursive-rule": {
        "@neglabel.reach(x,y) :- \n   @neglabel.reach(x,z),\n   edge(z,y).": {
         "0": {
          "maxRSS": {
           "post": 30200,
           "pre": 30200
          },
          "num-tuples": 1,
          "runtime": { "start": 29335700703, "end": 29335700708},
          "source-locator": " [1:1-1:1]"
         }
        }
       },
       "runtime": { "start": 29335700694, "end": 29335700716}
      },
      "22": {
       "maxRSS": {
        "post": 30200,
        "pre": 30200
       },
       "num-tuples": 0,
       "recursive-rule": {
        "@neglabel.reach(x,y) :- \n   @neglabel.reach(x,z),\n   edge(z,y).": {
         "0": {
          "maxRSS": {
           "post": 30200,
           "pre": 30200
          },
          "num-tuples": 0,
          "runtime": { "start": 29335700742, "end": 29335700743},
          "source-locator": " [1:1-1:1]"
         }
        }
       },
       "runtime": { "start": 29335700741, "end": 29335700750}
      },
      "3": {
       "copytime": { "start": 29335386334, "end": 29335388824},
       "maxRSS": {
        "post": 16368,
        "pre": 16368
       },
       "num-tuples": 27799,
       "recursive-rule": {
        "@neglabel.reach(x,y) :- \n   @neglabel.reach(x,z),\n   edge(z,y).": {
         "0": {
          "maxRSS": {
           "post": 16368,
           "pre": 16368
          },
          "num-tuples": 27799,
          "runtime": { "start": 29335379554, "end": 29335386285},
          "source-locator": " [1:1-1:1]"
         }
        }
       },
       "runtime": { "start": 29335379542, "end": 29335386301}
      },
      "4": {
       "copytime": { "start": 29335401842, "end": 29335406337},
       "maxRSS": {
        "post": 16368,
        "pre": 16368
       },
       "num-tuples": 47921,
       "recursive-rule": {
        "@neglabel.reach(x,y) :- \n   @neglabel.reach(x,z),\n   edge(z,y).": {
         "0": {
          "maxRSS": {
           "post": 16368,
           "pre": 16368
          },
          "num-tuples": 47921,
          "runtime": { "start": 29335388847, "end": 29335401779},
          "source-locator": " [1:1-1:1]"
         }
        }
       },
       "runtime": { "start": 29335388833, "end": 29335401803}
      },
      "5": {
       "copytime": { "start": 29335428677, "end": 29335435577},
       "maxRSS": {
        "post": 18040,
        "pre": 16760
       },
       "num-tuples": 72962,
       "recursive-rule": {
        "@neglabel.reach(x,y) :- \n   @neglabel.reach(x,z),\n   edge(z,y).": {
         "0": {
          "maxRSS": {
           "post": 18040,
           "pre": 16760
          },
          "num-tuples": 72962,
          "runtime": { "start": 29335406364, "end": 29335428589},
          "source-locator": " [1:1-1:1]"
         }
        }
       },
       "runtime": { "start": 29335406347, "end": 29335428624}
      },
      "6": {
       "copytime": { "start": 29335468632, "end": 29335477828},
       "maxRSS": {
        "post": 21112,
        "pre": 19832
       },
       "num-tuples": 93922,
       "recursive-rule": {
        "@neglabel.reach(x,y) :- \n   @neglabel.reach(x,z),\n   edge(z,y).": {
         "0": {
          "maxRSS": {
           "post": 21112,
           "pre": 19832
          },
          "num-tuples": 93922,
          "runtime": { "start": 29335435611, "end": 29335468519},
          "source-locator": " [1:1-1:1]"
         }
        }
       },
       "runtime": { "start": 29335435593, "end": 29335468565}
      },
      "7": {
       "copytime": { "start": 29335518373, "end": 29335528946},
       "maxRSS": {
        "post": 24184,
        "pre": 23544
       },
       "num-tuples": 99416,
       "recursive-rule": {
        "@neglabel.reach(x,y) :- \n   @neglabel.reach(x,z),\n   edge(z,y).": {
         "0": {
          "maxRSS": {
           "post": 24184,
           "pre": 23544
          },
          "num-tuples": 99416,
          "runtime": { "start": 29335477859, "end": 29335518221},
          "source-locator": " [1:1-1:1]"
         }
        }
       },
       "runtime": { "start": 29335477841, "end": 29335518280}
      },
      "8": {
       "copytime": { "start": 29335570261, "end": 29335580364},
       "maxRSS": {
        "post": 27000,
        "pre": 26872
       },
       "num-tuples": 86466,
       "recursive-rule": {
        "@neglabel.reach(x,y) :- \n   @neglabel.reach(x,z),\n   edge(z,y).": {
         "0": {
          "maxRSS": {
           "post": 27000,
           "pre": 26872
          },
          "num-tuples": 86466,
          "runtime": { "start": 29335528980, "end": 29335570143},
          "source-locator": " [1:1-1:1]"
         }
        }
       },
       "runtime": { "start": 29335528959, "end": 29335570190}
      },
      "9": {
       "copytime": { "start": 29335616365, "end": 29335623798},
       "maxRSS": {
        "post": 29304,
        "pre": 29304
       },
       "num-tuples": 63576,
       "recursive-rule": {
        "@neglabel.reach(x,y) :- \n   @neglabel.reach(x,z),\n   edge(z,y).": {
         "0": {
          "maxRSS": {
           "post": 29304,
           "pre": 29304
          },
          "num-tuples": 63576,
          "runtime": { "start": 29335580393, "end": 29335616293},
          "source-locator": " [1:1-1:1]"
         }
        }
       },
       "runtime": { "start": 29335580377, "end": 29335616322}
      }
     },
     "maxRSS": {
      "post": 16368,
      "pre": 16368
     },
     "non-recursive-rule": {
      "@neglabel.reach(x,y) :- \n   edge(x,y).": {
       "atom-frequency": {
        "@neglabel.reach(x,y) :- \n   edge(x,y).": {
         "edge": {
          "level": 0,
          "num-tuples": 0
         }
        }
       },
       "maxRSS": {
        "post": 16368,
        "pre": 16368
       },
       "num-tuples": 2000,
       "runtime": { "start": 29335371012, "end": 29335371106},
       "source-locator": " [1:1-1:1]"
      }
     },
     "num-tuples": 2000,
     "runtime": { "start": 29335371003, "end": 29335371114},
     "source-locator": "/root/compiler/tests/corpus/BENCHMARK_FAMILY/reachability_complement.dl [21:7-21:12]"
    },
    "edge": {
     "loadtime": { "start": 29335370359, "end": 29335370868},
     "num-tuples": 2000,
     "reads": 0,
     "source-locator": "/root/compiler/tests/corpus/BENCHMARK_FAMILY/reachability_complement.dl [16:7-16:11]"
    },
    "node": {
     "loadtime": { "start": 29335370877, "end": 29335370997},
     "num-tuples": 1000,
     "reads": 1,
     "source-locator": "/root/compiler/tests/corpus/BENCHMARK_FAMILY/reachability_complement.dl [18:7-18:11]"
    },
    "q_unreach": {
     "maxRSS": {
      "post": 30200,
      "pre": 30200
     },
     "non-recursive-rule": {
      "q_unreach(y) :- \n   unreach.{bf}(@abdul0,y),\n   @abdul0 = 1.": {
       "atom-frequency": {
        "q_unreach(y) :- \n   unreach.{bf}(@abdul0,y),\n   @abdul0 = 1.": {
         "unreach.{bf}": {
          "level": 0,
          "num-tuples": 0
         }
        }
       },
       "maxRSS": {
        "post": 30200,
        "pre": 30200
       },
       "num-tuples": 193,
       "runtime": { "start": 29335702847, "end": 29335702858},
       "source-locator": " [1:1-1:1]"
      }
     },
     "num-tuples": 193,
     "reads": 0,
     "runtime": { "start": 29335702834, "end": 29335702870},
     "savetime": { "start": 29335702877, "end": 29335703526},
     "source-locator": "/root/compiler/tests/corpus/BENCHMARK_FAMILY/reachability_complement.dl [28:7-28:16]"
    },
    "unreach.{bf}": {
     "maxRSS": {
      "post": 30200,
      "pre": 30200
     },
     "non-recursive-rule": {
      "unreach.{bf}(x,y) :- \n   @magic.unreach.{bf}(x),\n   node(x),\n   node(y),\n   !@neglabel.reach(x,y).": {
       "atom-frequency": {
        "unreach.{bf}(x,y) :- \n   @magic.unreach.{bf}(x),\n   node(x),\n   node(y),\n   !@neglabel.reach(x,y).": {
         "@magic.unreach.{bf}": {
          "level": 0,
          "num-tuples": 0
         },
         "node": {
          "level": 2,
          "num-tuples": 0
         }
        }
       },
       "maxRSS": {
        "post": 30200,
        "pre": 30200
       },
       "num-tuples": 193,
       "runtime": { "start": 29335700778, "end": 29335700826},
       "source-locator": " [1:1-1:1]"
      }
     },
     "num-tuples": 193,
     "reads": 0,
     "runtime": { "start": 29335700769, "end": 29335700835},
     "source-locator": " [1:1-1:1]"
    }
   },
   "runtime": { "start": 29335370329, "end": 29335703535},
   "starttime": { "time": 29335370294},
   "usage": {
    "timepoint": {
     "29335370320": {
      "maxRSS": 16368,
      "systemtime": 0,
      "usertime": 2558
     },
     "29335370932": {
      "maxRSS": 16368,
      "systemtime": 0,
      "usertime": 5204
     },
     "29335371017": {
      "maxRSS": 16368,
      "systemtime": 0,
      "usertime": 5346
     },
     "29335371221": {
      "maxRSS": 16368,
      "systemtime": 0,
      "usertime": 5557
     },
     "29335372029": {
      "maxRSS": 16368,
      "systemtime": 43,
      "usertime": 6338
     },
     "29335372372": {
      "maxRSS": 16368,
      "systemtime": 420,
      "usertime": 6338
     },
     "29335373479": {
      "maxRSS": 16368,
      "systemtime": 442,
      "usertime": 6338
     },
     "29335374028": {
      "maxRSS": 16368,
      "systemtime": 2095,
      "usertime": 6338
     },
     "29335374715": {
      "maxRSS": 16368,
      "systemtime": 2812,
      "usertime": 6338
     },
     "29335375789": {
      "maxRSS": 16368,
      "systemtime": 2825,
      "usertime": 6338
     },
     "29335376863": {
      "maxRSS": 16368,
      "systemtime": 3491,
      "usertime": 6983
     },
     "29335377946": {
      "maxRSS": 16368,
      "systemtime": 3497,
      "usertime": 6995
     },
     "29335378244": {
      "maxRSS": 16368,
      "systemtime": 4248,
      "usertime": 8496
     },
     "29335379327": {
      "maxRSS": 16368,
      "systemtime": 4253,
      "usertime": 8507
     },
     "29335379558": {
      "maxRSS": 16368,
      "systemtime": 4698,
      "usertime": 9396
     },
     "29335380708": {
      "maxRSS": 16368,
      "systemtime": 4698,
      "usertime": 9858
     },
     "29335381784": {
      "maxRSS": 16368,
      "systemtime": 4698,
      "usertime": 9871
     },
     "29335382852": {
      "maxRSS": 16368,
      "systemtime": 4698,
      "usertime": 9881
     },
     "29335383915": {
      "maxRSS": 16368,
      "systemtime": 4698,
      "usertime": 9888
     },
     "29335385016": {
      "maxRSS": 16368,
      "systemtime": 4698,
      "usertime": 13897
     },
     "29335386106": {
      "maxRSS": 16368,
      "systemtime": 4698,
      "usertime": 13925
     },
     "29335386330": {
      "maxRSS": 16368,
      "systemtime": 4698,
      "usertime": 16255
     },
     "29335386350": {
      "maxRSS": 16368,
      "systemtime": 4698,
      "usertime": 16273
     },
     "29335387414": {
      "maxRSS": 16368,
      "systemtime": 4698,
      "usertime": 16280
     },
     "29335388490": {
      "maxRSS": 16368,
      "systemtime": 4698,
      "usertime": 17969
     },
     "29335388885": {
      "maxRSS": 16368,
      "systemtime": 4698,
      "usertime": 18827
     },
     "29335389996": {
      "maxRSS": 16368,
      "systemtime": 4698,
      "usertime": 18849
     },
     "29335391146": {
      "maxRSS": 16368,
      "systemtime": 4698,
      "usertime": 18884
     },
     "29335392219": {
      "maxRSS": 16368,
      "systemtime": 4698,
      "usertime": 22050
     },
     "29335393366": {
      "maxRSS": 16368,
      "systemtime": 4698,
      "usertime": 22131
     },
     "29335394443": {
      "maxRSS": 16368,
      "systemtime": 4698,
      "usertime": 22148
     },
     "29335395519": {
      "maxRSS": 16368,
      "systemtime": 4698,
      "usertime": 22164
     },
     "29335396724": {
      "maxRSS": 16368,
      "systemtime": 4698,
      "usertime": 26201
     },
     "29335397804": {
      "maxRSS": 16368,
      "systemtime": 4698,
      "usertime": 26217
     },
     "29335398881": {
      "maxRSS": 16368,
      "systemtime": 4698,
      "usertime": 26233
     },
     "29335399960": {
      "maxRSS": 16368,
      "systemtime": 4698,
      "usertime": 26247
     },
     "29335401072": {
      "maxRSS": 16368,
      "systemtime": 4698,
      "usertime": 30324
     },
     "29335401874": {
      "maxRSS": 16368,
      "systemtime": 4698,
      "usertime": 32151
     },
     "29335402957": {
      "maxRSS": 16368,
      "systemtime": 4698,
      "usertime": 32168
     },
     "29335404040": {
      "maxRSS": 16368,
      "systemtime": 4698,
      "usertime": 34341
     },
     "29335405149": {
      "maxRSS": 16504,
      "systemtime": 4698,
      "usertime": 34364
     },
     "29335406253": {
      "maxRSS": 16760,
      "systemtime": 4698,
      "usertime": 34375
     },
     "29335406368": {
      "maxRSS": 16760,
      "systemtime": 4698,
      "usertime": 36743
     },
     "29335407474": {
      "maxRSS": 16760,
      "systemtime": 4698,
      "usertime": 36756
     },
     "29335408559": {
      "maxRSS": 16760,
      "systemtime": 4698,
      "usertime": 38408
     },
     "29335409630": {
      "maxRSS": 16760,
      "systemtime": 4698,
      "usertime": 38422
     },
     "29335410727": {
      "maxRSS": 16760,
      "systemtime": 4698,
      "usertime": 38429
     },
     "29335411835": {
      "maxRSS": 16760,
      "systemtime": 4698,
      "usertime": 38439
     },
     "29335412943": {
      "maxRSS": 16760,
      "systemtime": 4698,
      "usertime": 42458
     },
     "29335414059": {
      "maxRSS": 16760,
      "systemtime": 4698,
      "usertime": 42486
     },
     "29335415161": {
      "maxRSS": 16888,
      "systemtime": 4698,
      "usertime": 42497
     },
     "29335416230": {
      "maxRSS": 17016,
      "systemtime": 4698,
      "usertime": 46507
     },
     "29335417328": {
      "maxRSS": 17016,
      "systemtime": 4698,
      "usertime": 46513
     },
     "29335418423": {
      "maxRSS": 17144,
      "systemtime": 4698,
      "usertime": 46520
     },
     "29335419495": {
      "maxRSS": 17272,
      "systemtime": 4698,
      "usertime": 46530
     },
     "29335420574": {
      "maxRSS": 17272,
      "systemtime": 4698,
      "usertime": 50563
     },
     "29335421652": {
      "maxRSS": 17400,
      "systemtime": 4698,
      "usertime": 50578
     },
     "29335422865": {
      "maxRSS": 17528,
      "systemtime": 4698,
      "usertime": 50599
     },
     "29335423980": {
      "maxRSS": 17656,
      "systemtime": 4698,
      "usertime": 50617
     },
     "29335425101": {
      "maxRSS": 17656,
      "systemtime": 4698,
      "usertime": 54619
     },
     "29335426316": {
      "maxRSS": 17784,
      "systemtime": 4698,
      "usertime": 54654
     },
     "29335427495": {
      "maxRSS": 17912,
      "systemtime": 4698,
      "usertime": 54666
     },
     "29335428568": {
      "maxRSS": 18040,
      "systemtime": 4698,
      "usertime": 59218
     },
     "29335428668": {
      "maxRSS": 18040,
      "systemtime": 4698,
      "usertime": 59356
     },
     "29335428701": {
      "maxRSS": 18040,
      "systemtime": 4698,
      "usertime": 59394
     },
     "29335429803": {
      "maxRSS": 18296,
      "systemtime": 4698,
      "usertime": 59401
     },
     "29335430900": {
      "maxRSS": 18552,
      "systemtime": 4698,
      "usertime": 59409
     },
     "29335432022": {
      "maxRSS": 18936,
      "systemtime": 4698,
      "usertime": 62742
     },
     "29335433126": {
      "maxRSS": 19192,
      "systemtime": 4698,
      "usertime": 62757
     },
     "29335434197": {
      "maxRSS": 19576,
      "systemtime": 4698,
      "usertime": 62771
     },
     "29335435304": {
      "maxRSS": 19832,
      "systemtime": 4698,
      "usertime": 62788
     },
     "29335435622": {
      "maxRSS": 19832,
      "systemtime": 4698,
      "usertime": 66404
     },
     "29335436755": {
      "maxRSS": 19832,
      "systemtime": 4698,
      "usertime": 66822
     },
     "29335437858": {
      "maxRSS": 19832,
      "systemtime": 4698,
      "usertime": 66831
     },
     "29335438990": {
      "maxRSS": 19832,
      "systemtime": 4698,
      "usertime": 66852
     },
     "29335440084": {
      "maxRSS": 19832,
      "systemtime": 4698,
      "usertime": 70879
     },
     "29335441174": {
      "maxRSS": 19832,
      "systemtime": 4698,
      "usertime": 70907
     },
     "29335442272": {
      "maxRSS": 19832,
      "systemtime": 4698,
      "usertime": 70921
     },
     "29335443359": {
      "maxRSS": 19832,
      "systemtime": 4698,
      "usertime": 70937
     },
     "29335444449": {
      "maxRSS": 19832,
      "systemtime": 4698,
      "usertime": 74962
     },
     "29335445526": {
      "maxRSS": 19832,
      "systemtime": 4698,
      "usertime": 74978
     },
     "29335446600": {
      "maxRSS": 19832,
      "systemtime": 4698,
      "usertime": 74993
     },
     "29335447674": {
      "maxRSS": 19832,
      "systemtime": 4698,
      "usertime": 75010
     },
     "29335448750": {
      "maxRSS": 19832,
      "systemtime": 4698,
      "usertime": 79031
     },
     "29335449825": {
      "maxRSS": 19832,
      "systemtime": 4698,
      "usertime": 79046
     },
     "29335450898": {
      "maxRSS": 19832,
      "systemtime": 4698,
      "usertime": 79060
     },
     "29335451967": {
      "maxRSS": 19832,
      "systemtime": 4698,
      "usertime": 79071
     },
     "29335453083": {
      "maxRSS": 19960,
      "systemtime": 4698,
      "usertime": 83069
     },
     "29335454194": {
      "maxRSS": 20088,
      "systemtime": 4698,
      "usertime": 83092
     },
     "29335455264": {
      "maxRSS": 20088,
      "systemtime": 4698,
      "usertime": 83104
     },
     "29335456335": {
      "maxRSS": 20216,
      "systemtime": 4698,
      "usertime": 87113
     },
     "29335457403": {
      "maxRSS": 20216,
      "systemtime": 4698,
      "usertime": 87123
     },
     "29335458551": {
      "maxRSS": 20344,
      "systemtime": 4698,
      "usertime": 87160
     },
     "29335459736": {
      "maxRSS": 20472,
      "systemtime": 4698,
      "usertime": 87198
     },
     "29335460903": {
      "maxRSS": 20472,
      "systemtime": 4698,
      "usertime": 91246
     },
     "29335461993": {
      "maxRSS": 20600,
      "systemtime": 4698,
      "usertime": 91266
     },
     "29335463087": {
      "maxRSS": 20728,
      "systemtime": 4698,
      "usertime": 91282
     },
     "29335464160": {
      "maxRSS": 20728,
      "systemtime": 7997,
      "usertime": 91971
     },
     "29335465263": {
      "maxRSS": 20856,
      "systemtime": 7998,
      "usertime": 91986
     },
     "29335466339": {
      "maxRSS": 20984,
      "systemtime": 8000,
      "usertime": 92001
     },
     "29335467455": {
      "maxRSS": 20984,
      "systemtime": 8002,
      "usertime": 92026
     },
     "29335468541": {
      "maxRSS": 21112,
      "systemtime": 8044,
      "usertime": 96536
     },
     "29335468607": {
      "maxRSS": 21112,
      "systemtime": 8050,
      "usertime": 96610
     },
     "29335468664": {
      "maxRSS": 21112,
      "systemtime": 8054,
      "usertime": 96657
     },
     "29335469761": {
      "maxRSS": 21368,
      "systemtime": 8055,
      "usertime": 96666
     },
     "29335470876": {
      "maxRSS": 21752,
      "systemtime": 8056,
      "usertime": 96680
     },
     "29335471977": {
      "maxRSS": 22008,
      "systemtime": 8057,
      "usertime": 96694
     },
     "29335473058": {
      "maxRSS": 22264,
      "systemtime": 8057,
      "usertime": 100069
     },
     "29335474132": {
      "maxRSS": 22648,
      "systemtime": 8057,
      "usertime": 100083
     },
     "29335475242": {
      "maxRSS": 22904,
      "systemtime": 8057,
      "usertime": 100107
     },
     "29335476330": {
      "maxRSS": 23160,
      "systemtime": 8057,
      "usertime": 104134
     },
     "29335477422": {
      "maxRSS": 23544,
      "systemtime": 8057,
      "usertime": 104160
     },
     "29335477884": {
      "maxRSS": 23544,
      "systemtime": 8149,
      "usertime": 105948
     },
     "29335479131": {
      "maxRSS": 23544,
      "systemtime": 8152,
      "usertime": 105976
     },
     "29335480210": {
      "maxRSS": 23544,
      "systemtime": 8152,
      "usertime": 108140
     },
     "29335481283": {
      "maxRSS": 23544,
      "systemtime": 8152,
      "usertime": 108155
     },
     "29335482380": {
      "maxRSS": 23544,
      "systemtime": 8152,
      "usertime": 108171
     },
     "29335483460": {
      "maxRSS": 23544,
      "systemtime": 8152,
      "usertime": 108189
     },
     "29335484549": {
      "maxRSS": 23544,
      "systemtime": 8152,
      "usertime": 112201
     },
     "29335485622": {
      "maxRSS": 23544,
      "systemtime": 8152,
      "usertime": 112215
     },
     "29335486702": {
      "maxRSS": 23544,
      "systemtime": 8152,
      "usertime": 112235
     },
     "29335487776": {
      "maxRSS": 23544,
      "systemtime": 8152,
      "usertime": 112249
     },
     "29335488865": {
      "maxRSS": 23544,
      "systemtime": 8152,
      "usertime": 116265
     },
     "29335489940": {
      "maxRSS": 23544,
      "systemtime": 8152,
      "usertime": 116278
     },
     "29335491013": {
      "maxRSS": 23544,
      "systemtime": 8152,
      "usertime": 116292
     },
     "29335492053": {
      "maxRSS": 23544,
      "systemtime": 8152,
      "usertime": 120311
     },
     "29335493151": {
      "maxRSS": 23544,
      "systemtime": 8152,
      "usertime": 120335
     },
     "29335494236": {
      "maxRSS": 23544,
      "systemtime": 8152,
      "usertime": 120349
     },
     "29335495361": {
      "maxRSS": 23544,
      "systemtime": 8152,
      "usertime": 120383
     },
     "29335496522": {
      "maxRSS": 23544,
      "systemtime": 8152,
      "usertime": 124400
     },
     "29335497619": {
      "maxRSS": 23544,
      "systemtime": 8152,
      "usertime": 124421
     },
     "29335498713": {
      "maxRSS": 23544,
      "systemtime": 8152,
      "usertime": 124446
     },
     "29335499796": {
      "maxRSS": 23544,
      "systemtime": 8152,
      "usertime": 124467
     },
     "29335500875": {
      "maxRSS": 23544,
      "systemtime": 8152,
      "usertime": 128482
     },
     "29335501958": {
      "maxRSS": 23544,
      "systemtime": 8152,
      "usertime": 128500
     },
     "29335503056": {
      "maxRSS": 23544,
      "systemtime": 8152,
      "usertime": 128518
     },
     "29335504137": {
      "maxRSS": 23544,
      "systemtime": 8152,
      "usertime": 132549
     },
     "29335505220": {
      "maxRSS": 23544,
      "systemtime": 8152,
      "usertime": 132565
     },
     "29335506339": {
      "maxRSS": 23544,
      "systemtime": 8152,
      "usertime": 132598
     },
     "29335507449": {
      "maxRSS": 23544,
      "systemtime": 8152,
      "usertime": 132618
     },
     "29335508527": {
      "maxRSS": 23672,
      "systemtime": 8152,
      "usertime": 136622
     },
     "29335509604": {
      "maxRSS": 23672,
      "systemtime": 8152,
      "usertime": 136637
     },
     "29335510680": {
      "maxRSS": 23800,
      "systemtime": 8152,
      "usertime": 136652
     },
     "29335511761": {
      "maxRSS": 23800,
      "systemtime": 8152,
      "usertime": 136668
     },
     "29335512837": {
      "maxRSS": 23928,
      "systemtime": 8152,
      "usertime": 140687
     },
     "29335513919": {
      "maxRSS": 23928,
      "systemtime": 8152,
      "usertime": 140705
     },
     "29335515011": {
      "maxRSS": 24056,
      "systemtime": 8152,
      "usertime": 140721
     },
     "29335516064": {
      "maxRSS": 24056,
      "systemtime": 8152,
      "usertime": 144732
     },
     "29335517158": {
      "maxRSS": 24184,
      "systemtime": 8152,
      "usertime": 144750
     },
     "29335518259": {
      "maxRSS": 24184,
      "systemtime": 8166,
      "usertime": 146995
     },
     "29335518345": {
      "maxRSS": 24184,
      "systemtime": 8172,
      "usertime": 147104
     },
     "29335518411": {
      "maxRSS": 24184,
      "systemtime": 8176,
      "usertime": 147172
     },
     "29335519480": {
      "maxRSS": 24568,
      "systemtime": 8176,
      "usertime": 147181
     },
     "29335520556": {
      "maxRSS": 24824,
      "systemtime": 8176,
      "usertime": 148805
     },
     "29335521646": {
      "maxRSS": 25080,
      "systemtime": 8176,
      "usertime": 148819
     },
     "29335522717": {
      "maxRSS": 25336,
      "systemtime": 8176,
      "usertime": 148833
     },
     "29335523783": {
      "maxRSS": 25720,
      "systemtime": 8176,
      "usertime": 148841
     },
     "29335524866": {
      "maxRSS": 25976,
      "systemtime": 8176,
      "usertime": 152872
     },
     "29335525955": {
      "maxRSS": 26232,
      "systemtime": 8176,
      "usertime": 152886
     },
     "29335527030": {
      "maxRSS": 26488,
      "systemtime": 8176,
      "usertime": 152901
     },
     "29335528107": {
      "maxRSS": 26744,
      "systemtime": 8176,
      "usertime": 156906
     },
     "29335528987": {
      "maxRSS": 26872,
      "systemtime": 8176,
      "usertime": 157895
     },
     "29335530094": {
      "maxRSS": 26872,
      "systemtime": 8176,
      "usertime": 157928
     },
     "29335531206": {
      "maxRSS": 26872,
      "systemtime": 8176,
      "usertime": 157947
     },
     "29335532276": {
      "maxRSS": 26872,
      "systemtime": 8176,
      "usertime": 160984
     },
     "29335533342": {
      "maxRSS": 26872,
      "systemtime": 8176,
      "usertime": 160993
     },
     "29335534438": {
      "maxRSS": 26872,
      "systemtime": 8176,
      "usertime": 161001
     },
     "29335535514": {
      "maxRSS": 26872,
      "systemtime": 8176,
      "usertime": 161011
     },
     "29335536604": {
      "maxRSS": 26872,
      "systemtime": 8176,
      "usertime": 165025
     },
     "29335537684": {
      "maxRSS": 26872,
      "systemtime": 8176,
      "usertime": 165040
     },
     "29335538781": {
      "maxRSS": 26872,
      "systemtime": 8176,
      "usertime": 165060
     },
     "29335539853": {
      "maxRSS": 26872,
      "systemtime": 8176,
      "usertime": 165074
     },
     "29335540923": {
      "maxRSS": 26872,
      "systemtime": 8176,
      "usertime": 169083
     },
     "29335542009": {
      "maxRSS": 26872,
      "systemtime": 8176,
      "usertime": 169095
     },
     "29335543087": {
      "maxRSS": 26872,
      "systemtime": 8176,
      "usertime": 169110
     },
     "29335544162": {
      "maxRSS": 26872,
      "systemtime": 8176,
      "usertime": 173126
     },
     "29335545260": {
      "maxRSS": 26872,
      "systemtime": 8176,
      "usertime": 173145
     },
     "29335546365": {
      "maxRSS": 26872,
      "systemtime": 8176,
      "usertime": 173159
     },
     "29335547442": {
      "maxRSS": 26872,
      "systemtime": 8176,
      "usertime": 173175
     },
     "29335548552": {
      "maxRSS": 26872,
      "systemtime": 8176,
      "usertime": 177196
     },
     "29335549682": {
      "maxRSS": 26872,
      "systemtime": 8176,
      "usertime": 177224
     },
     "29335550894": {
      "maxRSS": 26872,
      "systemtime": 8176,
      "usertime": 177253
     },
     "29335551976": {
      "maxRSS": 27000,
      "systemtime": 8176,
      "usertime": 177273
     },
     "29335553056": {
      "maxRSS": 27000,
      "systemtime": 8176,
      "usertime": 181289
     },
     "29335554128": {
      "maxRSS": 27000,
      "systemtime": 8176,
      "usertime": 181302
     },
     "29335555194": {
      "maxRSS": 27000,
      "systemtime": 8176,
      "usertime": 181311
     },
     "29335556266": {
      "maxRSS": 27000,
      "systemtime": 8176,
      "usertime": 185322
     },
     "29335557373": {
      "maxRSS": 27000,
      "systemtime": 8176,
      "usertime": 185334
     },
     "29335558492": {
      "maxRSS": 27000,
      "systemtime": 8176,
      "usertime": 185369
     },
     "29335559582": {
      "maxRSS": 27000,
      "systemtime": 8176,
      "usertime": 185383
     },
     "29335560657": {
      "maxRSS": 27000,
      "systemtime": 8176,
      "usertime": 189396
     },
     "29335561768": {
      "maxRSS": 27000,
      "systemtime": 8176,
      "usertime": 189421
     },
     "29335562851": {
      "maxRSS": 27000,
      "systemtime": 8176,
      "usertime": 189441
     },
     "29335563955": {
      "maxRSS": 27000,
      "systemtime": 8176,
      "usertime": 189457
     },
     "29335565079": {
      "maxRSS": 27000,
      "systemtime": 8176,
      "usertime": 193491
     },
     "29335566170": {
      "maxRSS": 27000,
      "systemtime": 8176,
      "usertime": 193520
     },
     "29335567237": {
      "maxRSS": 27000,
      "systemtime": 8176,
      "usertime": 193531
     },
     "29335568309": {
      "maxRSS": 27000,
      "systemtime": 8176,
      "usertime": 197538
     },
     "29335569384": {
      "maxRSS": 27000,
      "systemtime": 8176,
      "usertime": 197552
     },
     "29335570240": {
      "maxRSS": 27000,
      "systemtime": 8176,
      "usertime": 199795
     },
     "29335570297": {
      "maxRSS": 27000,
      "systemtime": 8176,
      "usertime": 199850
     },
     "29335571393": {
      "maxRSS": 27128,
      "systemtime": 8176,
      "usertime": 199882
     },
     "29335572479": {
      "maxRSS": 27384,
      "systemtime": 8176,
      "usertime": 201626
     },
     "29335573570": {
      "maxRSS": 27640,
      "systemtime": 8176,
      "usertime": 201643
     },
     "29335574670": {
      "maxRSS": 27896,
      "systemtime": 8176,
      "usertime": 201668
     },
     "29335575765": {
      "maxRSS": 28280,
      "systemtime": 8176,
      "usertime": 201690
     },
     "29335576884": {
      "maxRSS": 28536,
      "systemtime": 8176,
      "usertime": 205732
     },
     "29335577976": {
      "maxRSS": 28792,
      "systemtime": 8176,
      "usertime": 205760
     },
     "29335579081": {
      "maxRSS": 29048,
      "systemtime": 8176,
      "usertime": 205788
     },
     "29335580168": {
      "maxRSS": 29304,
      "systemtime": 8176,
      "usertime": 209825
     },
     "29335580401": {
      "maxRSS": 29304,
      "systemtime": 8176,
      "usertime": 210218
     },
     "29335581504": {
      "maxRSS": 29304,
      "systemtime": 8176,
      "usertime": 210244
     },
     "29335582695": {
      "maxRSS": 29304,
      "systemtime": 8176,
      "usertime": 210284
     },
     "29335583819": {
      "maxRSS": 29304,
      "systemtime": 8176,
      "usertime": 210327
     },
     "29335584915": {
      "maxRSS": 29304,
      "systemtime": 8176,
      "usertime": 214000
     },
     "29335585995": {
      "maxRSS": 29304,
      "systemtime": 8176,
      "usertime": 214016
     },
     "29335587141": {
      "maxRSS": 29304,
      "systemtime": 8176,
      "usertime": 214044
     },
     "29335588219": {
      "maxRSS": 29304,
      "systemtime": 8176,
      "usertime": 218036
     },
     "29335589320": {
      "maxRSS": 29304,
      "systemtime": 8176,
      "usertime": 218050
     },
     "29335590416": {
      "maxRSS": 29304,
      "systemtime": 8176,
      "usertime": 218074
     },
     "29335591513": {
      "maxRSS": 29304,
      "systemtime": 8176,
      "usertime": 218112
     },
     "29335592621": {
      "maxRSS": 29304,
      "systemtime": 8176,
      "usertime": 222121
     },
     "29335593698": {
      "maxRSS": 29304,
      "systemtime": 8176,
      "usertime": 222136
     },
     "29335594779": {
      "maxRSS": 29304,
      "systemtime": 8176,
      "usertime": 222151
     },
     "29335595849": {
      "maxRSS": 29304,
      "systemtime": 8176,
      "usertime": 222164
     },
     "29335596959": {
      "maxRSS": 29304,
      "systemtime": 8176,
      "usertime": 226196
     },
     "29335598090": {
      "maxRSS": 29304,
      "systemtime": 8176,
      "usertime": 226225
     },
     "29335599164": {
      "maxRSS": 29304,
      "systemtime": 8176,
      "usertime": 226238
     },
     "29335600236": {
      "maxRSS": 29304,
      "systemtime": 8176,
      "usertime": 230234
     },
     "29335601313": {
      "maxRSS": 29304,
      "systemtime": 8176,
      "usertime": 230250
     },
     "29335602390": {
      "maxRSS": 29304,
      "systemtime": 8176,
      "usertime": 230264
     },
     "29335603497": {
      "maxRSS": 29304,
      "systemtime": 8176,
      "usertime": 230290
     },
     "29335604597": {
      "maxRSS": 29304,
      "systemtime": 8176,
      "usertime": 234338
     },
     "29335605674": {
      "maxRSS": 29304,
      "systemtime": 8176,
      "usertime": 234353
     },
     "29335606772": {
      "maxRSS": 29304,
      "systemtime": 8176,
      "usertime": 234378
     },
     "29335607862": {
      "maxRSS": 29304,
      "systemtime": 8176,
      "usertime": 234409
     },
     "29335608934": {
      "maxRSS": 29304,
      "systemtime": 8176,
      "usertime": 238427
     },
     "29335610012": {
      "maxRSS": 29304,
      "systemtime": 8176,
      "usertime": 238441
     },
     "29335611102": {
      "maxRSS": 29304,
      "systemtime": 8176,
      "usertime": 238467
     },
     "29335612177": {
      "maxRSS": 29304,
      "systemtime": 8176,
      "usertime": 242467
     },
     "29335613246": {
      "maxRSS": 29304,
      "systemtime": 8176,
      "usertime": 242478
     },
     "29335614323": {
      "maxRSS": 29304,
      "systemtime": 8176,
      "usertime": 242485
     },
     "29335615409": {
      "maxRSS": 29304,
      "systemtime": 8176,
      "usertime": 242496
     },
     "29335616359": {
      "maxRSS": 29304,
      "systemtime": 8176,
      "usertime": 246857
     },
     "29335616386": {
      "maxRSS": 29304,
      "systemtime": 8176,
      "usertime": 246889
     },
     "29335617491": {
      "maxRSS": 29304,
      "systemtime": 8176,
      "usertime": 246911
     },
     "29335618577": {
      "maxRSS": 29304,
      "systemtime": 8176,
      "usertime": 246925
     },
     "29335619653": {
      "maxRSS": 29304,
      "systemtime": 8176,
      "usertime": 246939
     },
     "29335620764": {
      "maxRSS": 29432,
      "systemtime": 11844,
      "usertime": 246939
     },
     "29335621834": {
      "maxRSS": 29688,
      "systemtime": 11857,
      "usertime": 246939
     },
     "29335622924": {
      "maxRSS": 30072,
      "systemtime": 11869,
      "usertime": 246939
     },
     "29335623834": {
      "maxRSS": 30200,
      "systemtime": 12311,
      "usertime": 250334
     },
     "29335624955": {
      "maxRSS": 30200,
      "systemtime": 12311,
      "usertime": 250537
     },
     "29335626044": {
      "maxRSS": 30200,
      "systemtime": 12311,
      "usertime": 250565
     },
     "29335627134": {
      "maxRSS": 30200,
      "systemtime": 12311,
      "usertime": 250579
     },
     "29335628210": {
      "maxRSS": 30200,
      "systemtime": 12311,
      "usertime": 254593
     },
     "29335629319": {
      "maxRSS": 30200,
      "systemtime": 12311,
      "usertime": 254618
     },
     "29335630419": {
      "maxRSS": 30200,
      "systemtime": 12311,
      "usertime": 254646
     },
     "29335631495": {
      "maxRSS": 30200,
      "systemtime": 12311,
      "usertime": 254660
     },
     "29335632586": {
      "maxRSS": 30200,
      "systemtime": 12311,
      "usertime": 258674
     },
     "29335633672": {
      "maxRSS": 30200,
      "systemtime": 12311,
      "usertime": 258686
     },
     "29335634748": {
      "maxRSS": 30200,
      "systemtime": 12311,
      "usertime": 258701
     },
     "29335635847": {
      "maxRSS": 30200,
      "systemtime": 12311,
      "usertime": 258727
     },
     "29335636950": {
      "maxRSS": 30200,
      "systemtime": 12311,
      "usertime": 262767
     },
     "29335638041": {
      "maxRSS": 30200,
      "systemtime": 12311,
      "usertime": 262782
     },
     "29335639142": {
      "maxRSS": 30200,
      "systemtime": 12311,
      "usertime": 262798
     },
     "29335640231": {
      "maxRSS": 30200,
      "systemtime": 12311,
      "usertime": 266813
     },
     "29335641304": {
      "maxRSS": 30200,
      "systemtime": 12311,
      "usertime": 266826
     },
     "29335642378": {
      "maxRSS": 30200,
      "systemtime": 12311,
      "usertime": 266839
     },
     "29335643465": {
      "maxRSS": 30200,
      "systemtime": 12311,
      "usertime": 266862
     },
     "29335644570": {
      "maxRSS": 30200,
      "systemtime": 12311,
      "usertime": 270951
     },
     "29335645641": {
      "maxRSS": 30200,
      "systemtime": 12311,
      "usertime": 270965
     },
     "29335646708": {
      "maxRSS": 30200,
      "systemtime": 12311,
      "usertime": 270975
     },
     "29335647848": {
      "maxRSS": 30200,
      "systemtime": 12311,
      "usertime": 271006
     },
     "29335648927": {
      "maxRSS": 30200,
      "systemtime": 12311,
      "usertime": 274975
     },
     "29335649158": {
      "maxRSS": 30200,
      "systemtime": 12311,
      "usertime": 276134
     },
     "29335650246": {
      "maxRSS": 30200,
      "systemtime": 12311,
      "usertime": 276173
     },
     "29335651351": {
      "maxRSS": 30200,
      "systemtime": 12311,
      "usertime": 276186
     },
     "29335652441": {
      "maxRSS": 30200,
      "systemtime": 12311,
      "usertime": 279035
     },
     "29335653520": {
      "maxRSS": 30200,
      "systemtime": 12311,
      "usertime": 279050
     },
     "29335654256": {
      "maxRSS": 30200,
      "systemtime": 12311,
      "usertime": 281309
     },
     "29335655331": {
      "maxRSS": 30200,
      "systemtime": 12311,
      "usertime": 281324
     },
     "29335656422": {
      "maxRSS": 30200,
      "systemtime": 12311,
      "usertime": 283108
     },
     "29335657496": {
      "maxRSS": 30200,
      "systemtime": 12311,
      "usertime": 283122
     },
     "29335658565": {
      "maxRSS": 30200,
      "systemtime": 12311,
      "usertime": 283135
     },
     "29335659633": {
      "maxRSS": 30200,
      "systemtime": 12311,
      "usertime": 283145
     },
     "29335660750": {
      "maxRSS": 30200,
      "systemtime": 12311,
      "usertime": 287195
     },
     "29335661860": {
      "maxRSS": 30200,
      "systemtime": 12311,
      "usertime": 287218
     },
     "29335662952": {
      "maxRSS": 30200,
      "systemtime": 12311,
      "usertime": 287245
     },
     "29335664021": {
      "maxRSS": 30200,
      "systemtime": 12311,
      "usertime": 291233
     },
     "29335665095": {
      "maxRSS": 30200,
      "systemtime": 12311,
      "usertime": 291247
     },
     "29335666199": {
      "maxRSS": 30200,
      "systemtime": 12311,
      "usertime": 291261
     },
     "29335667269": {
      "maxRSS": 30200,
      "systemtime": 12311,
      "usertime": 291272
     },
     "29335668349": {
      "maxRSS": 30200,
      "systemtime": 12311,
      "usertime": 295285
     },
     "29335669439": {
      "maxRSS": 30200,
      "systemtime": 12311,
      "usertime": 295310
     },
     "29335670164": {
      "maxRSS": 30200,
      "systemtime": 12311,
      "usertime": 297492
     },
     "29335671264": {
      "maxRSS": 30200,
      "systemtime": 12311,
      "usertime": 297516
     },
     "29335672338": {
      "maxRSS": 30200,
      "systemtime": 12311,
      "usertime": 299368
     },
     "29335673418": {
      "maxRSS": 30200,
      "systemtime": 12311,
      "usertime": 299384
     },
     "29335673521": {
      "maxRSS": 30200,
      "systemtime": 12311,
      "usertime": 300910
     },
     "29335674598": {
      "maxRSS": 30200,
      "systemtime": 12311,
      "usertime": 300926
     },
     "29335675702": {
      "maxRSS": 30200,
      "systemtime": 12311,
      "usertime": 300954
     },
     "29335676783": {
      "maxRSS": 30200,
      "systemtime": 12311,
      "usertime": 303457
     },
     "29335677861": {
      "maxRSS": 30200,
      "systemtime": 12311,
      "usertime": 303473
     },
     "29335678958": {
      "maxRSS": 30200,
      "systemtime": 12311,
      "usertime": 303488
     },
     "29335680018": {
      "maxRSS": 30200,
      "systemtime": 12311,
      "usertime": 307501
     },
     "29335681131": {
      "maxRSS": 30200,
      "systemtime": 12311,
      "usertime": 307527
     },
     "29335682231": {
      "maxRSS": 30200,
      "systemtime": 12311,
      "usertime": 307565
     },
     "29335683114": {
      "maxRSS": 30200,
      "systemtime": 12311,
      "usertime": 310684
     },
     "29335684185": {
      "maxRSS": 30200,
      "systemtime": 12311,
      "usertime": 311593
     },
     "29335685242": {
      "maxRSS": 30200,
      "systemtime": 12311,
      "usertime": 312837
     },
     "29335686336": {
      "maxRSS": 30200,
      "systemtime": 12311,
      "usertime": 312869
     },
     "29335687478": {
      "maxRSS": 30200,
      "systemtime": 12311,
      "usertime": 312890
     },
     "29335688578": {
      "maxRSS": 30200,
      "systemtime": 12311,
      "usertime": 315702
     },
     "29335689657": {
      "maxRSS": 30200,
      "systemtime": 12311,
      "usertime": 315718
     },
     "29335690747": {
      "maxRSS": 30200,
      "systemtime": 12311,
      "usertime": 315733
     },
     "29335690969": {
      "maxRSS": 30200,
      "systemtime": 12311,
      "usertime": 318708
     },
     "29335692022": {
      "maxRSS": 30200,
      "systemtime": 12311,
      "usertime": 319764
     },
     "29335692578": {
      "maxRSS": 30200,
      "systemtime": 12311,
      "usertime": 320344
     },
     "29335693668": {
      "maxRSS": 30200,
      "systemtime": 12311,
      "usertime": 320373
     },
     "29335694749": {
      "maxRSS": 30200,
      "systemtime": 12311,
      "usertime": 320389
     },
     "29335695840": {
      "maxRSS": 30200,
      "systemtime": 12311,
      "usertime": 320403
     },
     "29335696043": {
      "maxRSS": 30200,
      "systemtime": 12311,
      "usertime": 323886
     },
     "29335696862": {
      "maxRSS": 30200,
      "systemtime": 12311,
      "usertime": 324712
     },
     "29335697934": {
      "maxRSS": 30200,
      "systemtime": 12311,
      "usertime": 324724
     },
     "29335698605": {
      "maxRSS": 30200,
      "systemtime": 12311,
      "usertime": 326497
     },
     "29335699013": {
      "maxRSS": 30200,
      "systemtime": 12311,
      "usertime": 326926
     },
     "29335699782": {
      "maxRSS": 30200,
      "systemtime": 12311,
      "usertime": 327716
     },
     "29335699959": {
      "maxRSS": 30200,
      "systemtime": 12311,
      "usertime": 327896
     },
     "29335700309": {
      "maxRSS": 30200,
      "systemtime": 12311,
      "usertime": 328261
     },
     "29335700383": {
      "maxRSS": 30200,
      "systemtime": 12311,
      "usertime": 328344
     },
     "29335700516": {
      "maxRSS": 30200,
      "systemtime": 12311,
      "usertime": 328486
     },
     "29335700554": {
      "maxRSS": 30200,
      "systemtime": 12311,
      "usertime": 328540
     },
     "29335700622": {
      "maxRSS": 30200,
      "systemtime": 12311,
      "usertime": 328622
     },
     "29335700647": {
      "maxRSS": 30200,
      "systemtime": 12311,
      "usertime": 328655
     },
     "29335700685": {
      "maxRSS": 30200,
      "systemtime": 12311,
      "usertime": 328700
     },
     "29335700707": {
      "maxRSS": 30200,
      "systemtime": 12311,
      "usertime": 328733
     },
     "29335700740": {
      "maxRSS": 30200,
      "systemtime": 12311,
      "usertime": 328774
     },
     "29335700758": {
      "maxRSS": 30200,
      "systemtime": 12311,
      "usertime": 328807
     },
     "29335700785": {
      "maxRSS": 30200,
      "systemtime": 12311,
      "usertime": 328838
     },
     "29335701861": {
      "maxRSS": 30200,
      "systemtime": 12311,
      "usertime": 328907
     },
     "29335702862": {
      "maxRSS": 30200,
      "systemtime": 12311,
      "usertime": 330949
     },
     "29335702909": {
      "maxRSS": 30200,
      "systemtime": 12311,
      "usertime": 330984
     }
    }
   }
  }
 }
}
