{
 "root": {
  "program": {
   "configuration": {
    "": "/root/compiler/tests/corpus/CONE_CORPUS/cc_sibling_emptycone.dl",
    "fact-dir": "/root/compiler/fixtures/cone_corpus/cc_sibling_emptycone/n20",
    "include-dir": ".",
    "jobs": "1",
    "libraries": "functors",
    "library-dir": ".",
    "output-dir": "/root/compiler/measurements/punch-list/p1-gate/cone_corpus/cc_sibling_emptycone/original",
    "profile": "prof.log",
    "relationCount": "10",
    "ruleCount": "15",
    "version": "2.5",
    "warn": "all",
    "wno": "none"
   },
   "relation": {
    "base": {
     "loadtime": { "start": 22105462186, "end": 22105462773},
     "num-tuples": 30,
     "reads": 0,
     "source-locator": "/root/compiler/tests/corpus/CONE_CORPUS/cc_sibling_emptycone.dl [16:7-16:11]"
    },
    "blocked": {
     "loadtime": { "start": 22105462783, "end": 22105463068},
     "num-tuples": 2,
     "reads": 199,
     "source-locator": "/root/compiler/tests/corpus/CONE_CORPUS/cc_sibling_emptycone.dl [18:7-18:14]"
    },
    "e": {
     "loadtime": { "start": 22105463077, "end": 22105463613},
     "num-tuples": 31,
     "reads": 0,
     "source-locator": "/root/compiler/tests/corpus/CONE_CORPUS/cc_sibling_emptycone.dl [17:7-17:8]"
    },
    "out": {
     "maxRSS": {
      "post": 12520,
      "pre": 12520
     },
     "non-recursive-rule": {
      "out(y) :- \n   p(1,y).": {
       "atom-frequency": {
        "out(y) :- \n   p(1,y).": {
         "p": {
          "level": 0,
          "num-tuples": 0
         }
        }
       },
       "maxRSS": {
        "post": 12520,
        "pre": 12520
       },
       "num-tuples": 1,
       "runtime": { "start": 22105465006, "end": 22105465008},
       "source-locator": "/root/compiler/tests/corpus/CONE_CORPUS/cc_sibling_emptycone.dl [33:1-33:18]"
      }
     },
     "num-tuples": 1,
     "reads": 0,
     "runtime": { "start": 22105465006, "end": 22105465015},
     "savetime": { "start": 22105465019, "end": 22105465333},
     "source-locator": "/root/compiler/tests/corpus/CONE_CORPUS/cc_sibling_emptycone.dl [32:7-32:10]"
    },
    "out2": {
     "maxRSS": {
      "post": 12392,
      "pre": 12392
     },
     "non-recursive-rule": {
      "out2(y) :- \n   tc(1,y).": {
       "atom-frequency": {
        "out2(y) :- \n   tc(1,y).": {
         "tc": {
          "level": 0,
          "num-tuples": 0
         }
        }
       },
       "maxRSS": {
        "post": 12392,
        "pre": 12392
       },
       "num-tuples": 13,
       "runtime": { "start": 22105464473, "end": 22105464475},
       "source-locator": "/root/compiler/tests/corpus/CONE_CORPUS/cc_sibling_emptycone.dl [40:1-40:20]"
      }
     },
     "num-tuples": 13,
     "reads": 0,
     "runtime": { "start": 22105464473, "end": 22105464481},
     "savetime": { "start": 22105464485, "end": 22105464863},
     "source-locator": "/root/compiler/tests/corpus/CONE_CORPUS/cc_sibling_emptycone.dl [39:7-39:11]"
    },
    "p": {
     "iteration": {
      "0": {
       "copytime": { "start": 22105464960, "end": 22105464962},
       "maxRSS": {
        "post": 12520,
        "pre": 12520
       },
       "num-tuples": 6,
       "recursive-rule": {
        "p(x,y) :- \n   p(x,z),\n   !s(z),\n   q(z,y).": {
         "0": {
          "atom-frequency": {
           "@new_p(x,y) :- \n   @delta_p(x,z),\n   !s(z),\n   q(z,y).": {
            "@delta_p": {
             "level": 0,
             "num-tuples": 0
            },
            "q": {
             "level": 1,
             "num-tuples": 0
            }
           }
          },
          "maxRSS": {
           "post": 12520,
           "pre": 12520
          },
          "num-tuples": 6,
          "runtime": { "start": 22105464927, "end": 22105464934},
          "source-locator": "/root/compiler/tests/corpus/CONE_CORPUS/cc_sibling_emptycone.dl [30:1-30:33]"
         }
        }
       },
       "runtime": { "start": 22105464927, "end": 22105464941}
      },
      "1": {
       "maxRSS": {
        "post": 12520,
        "pre": 12520
       },
       "num-tuples": 0,
       "recursive-rule": {
        "p(x,y) :- \n   p(x,z),\n   !s(z),\n   q(z,y).": {
         "0": {
          "maxRSS": {
           "post": 12520,
           "pre": 12520
          },
          "num-tuples": 0,
          "runtime": { "start": 22105464975, "end": 22105464978},
          "source-locator": "/root/compiler/tests/corpus/CONE_CORPUS/cc_sibling_emptycone.dl [30:1-30:33]"
         }
        }
       },
       "runtime": { "start": 22105464966, "end": 22105464986}
      }
     },
     "maxRSS": {
      "post": 12520,
      "pre": 12520
     },
     "non-recursive-rule": {
      "p(x,y) :- \n   e(x,y).": {
       "atom-frequency": {
        "p(x,y) :- \n   e(x,y).": {
         "e": {
          "level": 0,
          "num-tuples": 0
         }
        }
       },
       "maxRSS": {
        "post": 12520,
        "pre": 12520
       },
       "num-tuples": 31,
       "runtime": { "start": 22105464913, "end": 22105464916},
       "source-locator": "/root/compiler/tests/corpus/CONE_CORPUS/cc_sibling_emptycone.dl [29:1-29:18]"
      }
     },
     "num-tuples": 31,
     "reads": 9,
     "runtime": { "start": 22105464912, "end": 22105464922},
     "source-locator": "/root/compiler/tests/corpus/CONE_CORPUS/cc_sibling_emptycone.dl [28:7-28:8]"
    },
    "q": {
     "iteration": {
      "0": {
       "copytime": { "start": 22105463790, "end": 22105463795},
       "maxRSS": {
        "post": 12392,
        "pre": 12264
       },
       "num-tuples": 46,
       "recursive-rule": {
        "q(x,y) :- \n   q(x,z),\n   base(z,y).": {
         "0": {
          "atom-frequency": {
           "@new_q(x,y) :- \n   @delta_q(x,z),\n   base(z,y).": {
            "@delta_q": {
             "level": 0,
             "num-tuples": 0
            },
            "base": {
             "level": 1,
             "num-tuples": 0
            }
           }
          },
          "maxRSS": {
           "post": 12392,
           "pre": 12264
          },
          "num-tuples": 46,
          "runtime": { "start": 22105463746, "end": 22105463761},
          "source-locator": "/root/compiler/tests/corpus/CONE_CORPUS/cc_sibling_emptycone.dl [23:1-23:29]"
         }
        }
       },
       "runtime": { "start": 22105463736, "end": 22105463771}
      },
      "1": {
       "copytime": { "start": 22105463849, "end": 22105463854},
       "maxRSS": {
        "post": 12392,
        "pre": 12392
       },
       "num-tuples": 51,
       "recursive-rule": {
        "q(x,y) :- \n   q(x,z),\n   base(z,y).": {
         "0": {
          "maxRSS": {
           "post": 12392,
           "pre": 12392
          },
          "num-tuples": 51,
          "runtime": { "start": 22105463808, "end": 22105463822},
          "source-locator": "/root/compiler/tests/corpus/CONE_CORPUS/cc_sibling_emptycone.dl [23:1-23:29]"
         }
        }
       },
       "runtime": { "start": 22105463799, "end": 22105463830}
      },
      "2": {
       "copytime": { "start": 22105463906, "end": 22105463911},
       "maxRSS": {
        "post": 12392,
        "pre": 12392
       },
       "num-tuples": 44,
       "recursive-rule": {
        "q(x,y) :- \n   q(x,z),\n   base(z,y).": {
         "0": {
          "maxRSS": {
           "post": 12392,
           "pre": 12392
          },
          "num-tuples": 44,
          "runtime": { "start": 22105463866, "end": 22105463880},
          "source-locator": "/root/compiler/tests/corpus/CONE_CORPUS/cc_sibling_emptycone.dl [23:1-23:29]"
         }
        }
       },
       "runtime": { "start": 22105463857, "end": 22105463887}
      },
      "3": {
       "copytime": { "start": 22105463959, "end": 22105463962},
       "maxRSS": {
        "post": 12392,
        "pre": 12392
       },
       "num-tuples": 21,
       "recursive-rule": {
        "q(x,y) :- \n   q(x,z),\n   base(z,y).": {
         "0": {
          "maxRSS": {
           "post": 12392,
           "pre": 12392
          },
          "num-tuples": 21,
          "runtime": { "start": 22105463923, "end": 22105463933},
          "source-locator": "/root/compiler/tests/corpus/CONE_CORPUS/cc_sibling_emptycone.dl [23:1-23:29]"
         }
        }
       },
       "runtime": { "start": 22105463914, "end": 22105463940}
      },
      "4": {
       "copytime": { "start": 22105464012, "end": 22105464015},
       "maxRSS": {
        "post": 12392,
        "pre": 12392
       },
       "num-tuples": 6,
       "recursive-rule": {
        "q(x,y) :- \n   q(x,z),\n   base(z,y).": {
         "0": {
          "maxRSS": {
           "post": 12392,
           "pre": 12392
          },
          "num-tuples": 6,
          "runtime": { "start": 22105463974, "end": 22105463979},
          "source-locator": "/root/compiler/tests/corpus/CONE_CORPUS/cc_sibling_emptycone.dl [23:1-23:29]"
         }
        }
       },
       "runtime": { "start": 22105463965, "end": 22105463987}
      },
      "5": {
       "copytime": { "start": 22105464058, "end": 22105464059},
       "maxRSS": {
        "post": 12392,
        "pre": 12392
       },
       "num-tuples": 1,
       "recursive-rule": {
        "q(x,y) :- \n   q(x,z),\n   base(z,y).": {
         "0": {
          "maxRSS": {
           "post": 12392,
           "pre": 12392
          },
          "num-tuples": 1,
          "runtime": { "start": 22105464029, "end": 22105464031},
          "source-locator": "/root/compiler/tests/corpus/CONE_CORPUS/cc_sibling_emptycone.dl [23:1-23:29]"
         }
        }
       },
       "runtime": { "start": 22105464018, "end": 22105464039}
      },
      "6": {
       "maxRSS": {
        "post": 12392,
        "pre": 12392
       },
       "num-tuples": 0,
       "recursive-rule": {
        "q(x,y) :- \n   q(x,z),\n   base(z,y).": {
         "0": {
          "maxRSS": {
           "post": 12392,
           "pre": 12392
          },
          "num-tuples": 0,
          "runtime": { "start": 22105464071, "end": 22105464072},
          "source-locator": "/root/compiler/tests/corpus/CONE_CORPUS/cc_sibling_emptycone.dl [23:1-23:29]"
         }
        }
       },
       "runtime": { "start": 22105464063, "end": 22105464080}
      }
     },
     "maxRSS": {
      "post": 12264,
      "pre": 12136
     },
     "non-recursive-rule": {
      "q(x,y) :- \n   base(x,y).": {
       "atom-frequency": {
        "q(x,y) :- \n   base(x,y).": {
         "base": {
          "level": 0,
          "num-tuples": 0
         }
        }
       },
       "maxRSS": {
        "post": 12264,
        "pre": 12136
       },
       "num-tuples": 30,
       "runtime": { "start": 22105463712, "end": 22105463720},
       "source-locator": "/root/compiler/tests/corpus/CONE_CORPUS/cc_sibling_emptycone.dl [22:1-22:21]"
      }
     },
     "num-tuples": 30,
     "reads": 327,
     "runtime": { "start": 22105463702, "end": 22105463729},
     "source-locator": "/root/compiler/tests/corpus/CONE_CORPUS/cc_sibling_emptycone.dl [21:7-21:8]"
    },
    "s": {
     "maxRSS": {
      "post": 12520,
      "pre": 12520
     },
     "non-recursive-rule": {
      "s(x) :- \n   q(x,y),\n   blocked(y).": {
       "atom-frequency": {
        "s(x) :- \n   q(x,y),\n   blocked(y).": {
         "q": {
          "level": 0,
          "num-tuples": 0
         }
        }
       },
       "maxRSS": {
        "post": 12520,
        "pre": 12520
       },
       "num-tuples": 12,
       "runtime": { "start": 22105464889, "end": 22105464897},
       "source-locator": "/root/compiler/tests/corpus/CONE_CORPUS/cc_sibling_emptycone.dl [26:1-26:28]"
      }
     },
     "num-tuples": 12,
     "reads": 37,
     "runtime": { "start": 22105464871, "end": 22105464906},
     "source-locator": "/root/compiler/tests/corpus/CONE_CORPUS/cc_sibling_emptycone.dl [25:7-25:8]"
    },
    "sibling_edge": {
     "loadtime": { "start": 22105463622, "end": 22105463695},
     "num-tuples": 40,
     "reads": 0,
     "source-locator": "/root/compiler/tests/corpus/CONE_CORPUS/cc_sibling_emptycone.dl [19:7-19:19]"
    },
    "tc": {
     "iteration": {
      "0": {
       "copytime": { "start": 22105464153, "end": 22105464159},
       "maxRSS": {
        "post": 12392,
        "pre": 12392
       },
       "num-tuples": 63,
       "recursive-rule": {
        "tc(x,y) :- \n   tc(x,z),\n   sibling_edge(z,y).": {
         "0": {
          "atom-frequency": {
           "@new_tc(x,y) :- \n   @delta_tc(x,z),\n   sibling_edge(z,y).": {
            "@delta_tc": {
             "level": 0,
             "num-tuples": 0
            },
            "sibling_edge": {
             "level": 1,
             "num-tuples": 0
            }
           }
          },
          "maxRSS": {
           "post": 12392,
           "pre": 12392
          },
          "num-tuples": 63,
          "runtime": { "start": 22105464113, "end": 22105464126},
          "source-locator": "/root/compiler/tests/corpus/CONE_CORPUS/cc_sibling_emptycone.dl [37:1-37:39]"
         }
        }
       },
       "runtime": { "start": 22105464104, "end": 22105464134}
      },
      "1": {
       "copytime": { "start": 22105464216, "end": 22105464222},
       "maxRSS": {
        "post": 12392,
        "pre": 12392
       },
       "num-tuples": 65,
       "recursive-rule": {
        "tc(x,y) :- \n   tc(x,z),\n   sibling_edge(z,y).": {
         "0": {
          "maxRSS": {
           "post": 12392,
           "pre": 12392
          },
          "num-tuples": 65,
          "runtime": { "start": 22105464172, "end": 22105464189},
          "source-locator": "/root/compiler/tests/corpus/CONE_CORPUS/cc_sibling_emptycone.dl [37:1-37:39]"
         }
        }
       },
       "runtime": { "start": 22105464162, "end": 22105464197}
      },
      "2": {
       "copytime": { "start": 22105464278, "end": 22105464285},
       "maxRSS": {
        "post": 12392,
        "pre": 12392
       },
       "num-tuples": 48,
       "recursive-rule": {
        "tc(x,y) :- \n   tc(x,z),\n   sibling_edge(z,y).": {
         "0": {
          "maxRSS": {
           "post": 12392,
           "pre": 12392
          },
          "num-tuples": 48,
          "runtime": { "start": 22105464235, "end": 22105464252},
          "source-locator": "/root/compiler/tests/corpus/CONE_CORPUS/cc_sibling_emptycone.dl [37:1-37:39]"
         }
        }
       },
       "runtime": { "start": 22105464226, "end": 22105464259}
      },
      "3": {
       "copytime": { "start": 22105464335, "end": 22105464339},
       "maxRSS": {
        "post": 12392,
        "pre": 12392
       },
       "num-tuples": 20,
       "recursive-rule": {
        "tc(x,y) :- \n   tc(x,z),\n   sibling_edge(z,y).": {
         "0": {
          "maxRSS": {
           "post": 12392,
           "pre": 12392
          },
          "num-tuples": 20,
          "runtime": { "start": 22105464297, "end": 22105464309},
          "source-locator": "/root/compiler/tests/corpus/CONE_CORPUS/cc_sibling_emptycone.dl [37:1-37:39]"
         }
        }
       },
       "runtime": { "start": 22105464288, "end": 22105464317}
      },
      "4": {
       "copytime": { "start": 22105464384, "end": 22105464386},
       "maxRSS": {
        "post": 12392,
        "pre": 12392
       },
       "num-tuples": 9,
       "recursive-rule": {
        "tc(x,y) :- \n   tc(x,z),\n   sibling_edge(z,y).": {
         "0": {
          "maxRSS": {
           "post": 12392,
           "pre": 12392
          },
          "num-tuples": 9,
          "runtime": { "start": 22105464352, "end": 22105464358},
          "source-locator": "/root/compiler/tests/corpus/CONE_CORPUS/cc_sibling_emptycone.dl [37:1-37:39]"
         }
        }
       },
       "runtime": { "start": 22105464343, "end": 22105464366}
      },
      "5": {
       "copytime": { "start": 22105464429, "end": 22105464431},
       "maxRSS": {
        "post": 12392,
        "pre": 12392
       },
       "num-tuples": 7,
       "recursive-rule": {
        "tc(x,y) :- \n   tc(x,z),\n   sibling_edge(z,y).": {
         "0": {
          "maxRSS": {
           "post": 12392,
           "pre": 12392
          },
          "num-tuples": 7,
          "runtime": { "start": 22105464399, "end": 22105464402},
          "source-locator": "/root/compiler/tests/corpus/CONE_CORPUS/cc_sibling_emptycone.dl [37:1-37:39]"
         }
        }
       },
       "runtime": { "start": 22105464390, "end": 22105464410}
      },
      "6": {
       "maxRSS": {
        "post": 12392,
        "pre": 12392
       },
       "num-tuples": 0,
       "recursive-rule": {
        "tc(x,y) :- \n   tc(x,z),\n   sibling_edge(z,y).": {
         "0": {
          "maxRSS": {
           "post": 12392,
           "pre": 12392
          },
          "num-tuples": 0,
          "runtime": { "start": 22105464444, "end": 22105464446},
          "source-locator": "/root/compiler/tests/corpus/CONE_CORPUS/cc_sibling_emptycone.dl [37:1-37:39]"
         }
        }
       },
       "runtime": { "start": 22105464435, "end": 22105464453}
      }
     },
     "maxRSS": {
      "post": 12392,
      "pre": 12392
     },
     "non-recursive-rule": {
      "tc(x,y) :- \n   sibling_edge(x,y).": {
       "atom-frequency": {
        "tc(x,y) :- \n   sibling_edge(x,y).": {
         "sibling_edge": {
          "level": 0,
          "num-tuples": 0
         }
        }
       },
       "maxRSS": {
        "post": 12392,
        "pre": 12392
       },
       "num-tuples": 40,
       "runtime": { "start": 22105464089, "end": 22105464092},
       "source-locator": "/root/compiler/tests/corpus/CONE_CORPUS/cc_sibling_emptycone.dl [36:1-36:30]"
      }
     },
     "num-tuples": 40,
     "reads": 434,
     "runtime": { "start": 22105464089, "end": 22105464098},
     "source-locator": "/root/compiler/tests/corpus/CONE_CORPUS/cc_sibling_emptycone.dl [35:7-35:9]"
    }
   },
   "runtime": { "start": 22105462181, "end": 22105465339},
   "starttime": { "time": 22105462142},
   "usage": {
    "timepoint": {
     "22105462190": {
      "maxRSS": 11732,
      "systemtime": 0,
      "usertime": 5285
     },
     "22105462817": {
      "maxRSS": 12008,
      "systemtime": 0,
      "usertime": 5911
     },
     "22105463098": {
      "maxRSS": 12008,
      "systemtime": 0,
      "usertime": 6216
     },
     "22105463677": {
      "maxRSS": 12136,
      "systemtime": 0,
      "usertime": 6779
     },
     "22105463716": {
      "maxRSS": 12264,
      "systemtime": 0,
      "usertime": 6876
     },
     "22105463749": {
      "maxRSS": 12392,
      "systemtime": 0,
      "usertime": 6915
     },
     "22105463789": {
      "maxRSS": 12392,
      "systemtime": 0,
      "usertime": 6959
     },
     "22105463812": {
      "maxRSS": 12392,
      "systemtime": 0,
      "usertime": 6992
     },
     "22105463848": {
      "maxRSS": 12392,
      "systemtime": 0,
      "usertime": 7032
     },
     "22105463870": {
      "maxRSS": 12392,
      "systemtime": 0,
      "usertime": 7060
     },
     "22105463904": {
      "maxRSS": 12392,
      "systemtime": 0,
      "usertime": 7099
     },
     "22105463927": {
      "maxRSS": 12392,
      "systemtime": 0,
      "usertime": 7128
     },
     "22105463957": {
      "maxRSS": 12392,
      "systemtime": 0,
      "usertime": 7163
     },
     "22105463978": {
      "maxRSS": 12392,
      "systemtime": 0,
      "usertime": 7189
     },
     "22105464012": {
      "maxRSS": 12392,
      "systemtime": 0,
      "usertime": 7226
     },
     "22105464038": {
      "maxRSS": 12392,
      "systemtime": 0,
      "usertime": 7260
     },
     "22105464057": {
      "maxRSS": 12392,
      "systemtime": 0,
      "usertime": 7288
     },
     "22105464087": {
      "maxRSS": 12392,
      "systemtime": 0,
      "usertime": 7332
     },
     "22105464121": {
      "maxRSS": 12392,
      "systemtime": 0,
      "usertime": 7374
     },
     "22105464153": {
      "maxRSS": 12392,
      "systemtime": 0,
      "usertime": 7417
     },
     "22105464176": {
      "maxRSS": 12392,
      "systemtime": 0,
      "usertime": 7450
     },
     "22105464215": {
      "maxRSS": 12392,
      "systemtime": 0,
      "usertime": 7495
     },
     "22105464240": {
      "maxRSS": 12392,
      "systemtime": 0,
      "usertime": 7526
     },
     "22105464278": {
      "maxRSS": 12392,
      "systemtime": 0,
      "usertime": 7571
     },
     "22105464302": {
      "maxRSS": 12392,
      "systemtime": 0,
      "usertime": 7601
     },
     "22105464335": {
      "maxRSS": 12392,
      "systemtime": 0,
      "usertime": 7641
     },
     "22105464356": {
      "maxRSS": 12392,
      "systemtime": 0,
      "usertime": 7670
     },
     "22105464384": {
      "maxRSS": 12392,
      "systemtime": 0,
      "usertime": 7704
     },
     "22105464404": {
      "maxRSS": 12392,
      "systemtime": 0,
      "usertime": 7733
     },
     "22105464429": {
      "maxRSS": 12392,
      "systemtime": 0,
      "usertime": 7762
     },
     "22105464448": {
      "maxRSS": 12392,
      "systemtime": 0,
      "usertime": 7790
     },
     "22105464471": {
      "maxRSS": 12392,
      "systemtime": 0,
      "usertime": 7817
     },
     "22105464499": {
      "maxRSS": 12392,
      "systemtime": 0,
      "usertime": 7844
     },
     "22105464929": {
      "maxRSS": 12520,
      "systemtime": 0,
      "usertime": 8306
     },
     "22105464960": {
      "maxRSS": 12520,
      "systemtime": 0,
      "usertime": 8341
     },
     "22105464980": {
      "maxRSS": 12520,
      "systemtime": 0,
      "usertime": 8370
     },
     "22105465004": {
      "maxRSS": 12520,
      "systemtime": 0,
      "usertime": 8399
     },
     "22105465033": {
      "maxRSS": 12520,
      "systemtime": 0,
      "usertime": 8426
     }
    }
   }
  }
 }
}
