{
 "root": {
  "program": {
   "configuration": {
    "": "/root/souffle-src/tests/example/orbits/orbits.dl",
    "fact-dir": "/root/souffle-src/tests/example/orbits",
    "include-dir": ".",
    "jobs": "1",
    "libraries": "functors",
    "library-dir": ".",
    "magic-transform": "*",
    "output-dir": "/root/compiler/measurements/night01-t4/runs/example__orbits",
    "profile": "prof.log",
    "relationCount": "5",
    "ruleCount": "49",
    "version": "2.5",
    "warn": "all",
    "wno": "none"
   },
   "relation": {
    "@interm_out.intermediate.{ff}": {
     "maxRSS": {
      "post": 31352,
      "pre": 31352
     },
     "non-recursive-rule": {
      "@interm_out.intermediate.{ff}(X,Y) :- \n   @magic.@interm_out.intermediate.{ff}(),\n   @interm_out.orbits.{ff}(X,Z),\n   @interm_out.orbits.{bf}(Z,Y).": {
       "atom-frequency": {
        "@interm_out.intermediate.{ff}(X,Y) :- \n   @magic.@interm_out.intermediate.{ff}(),\n   @interm_out.orbits.{ff}(X,Z),\n   @interm_out.orbits.{bf}(Z,Y).": {
         "@interm_out.orbits.{bf}": {
          "level": 2,
          "num-tuples": 0
         },
         "@interm_out.orbits.{ff}": {
          "level": 1,
          "num-tuples": 0
         }
        }
       },
       "maxRSS": {
        "post": 31352,
        "pre": 31352
       },
       "num-tuples": 1,
       "runtime": { "start": 22989843447, "end": 22989843448},
       "source-locator": " [1:1-1:1]"
      }
     },
     "num-tuples": 1,
     "runtime": { "start": 22989843438, "end": 22989843457},
     "source-locator": " [1:1-1:1]"
    },
    "@interm_out.orbits.{bf}": {
     "iteration": {
      "0": {
       "copytime": { "start": 22989842860, "end": 22989842861},
       "maxRSS": {
        "post": 31352,
        "pre": 31352
       },
       "num-tuples": 0,
       "recursive-rule": {
        "@interm_out.orbits.{bf}(@abdul0,\"earth\") :- \n   @magic.@interm_out.orbits.{bf}(@abdul0),\n   @abdul0 = \"moon\".": {
         "0": {
          "atom-frequency": {
           "@new_@interm_out.orbits.{bf}(@abdul0,\"earth\") :- \n   @delta_@magic.@interm_out.orbits.{bf}(@abdul0),\n   @abdul0 = \"moon\".": {
            "@delta_@magic.@interm_out.orbits.{bf}": {
             "level": 0,
             "num-tuples": 0
            }
           }
          },
          "maxRSS": {
           "post": 31352,
           "pre": 31352
          },
          "num-tuples": 0,
          "runtime": { "start": 22989842746, "end": 22989842747},
          "source-locator": " [1:1-1:1]"
         }
        },
        "@interm_out.orbits.{bf}(@abdul0,\"sun\") :- \n   @magic.@interm_out.orbits.{bf}(@abdul0),\n   @abdul0 = \"earth\".": {
         "0": {
          "atom-frequency": {
           "@new_@interm_out.orbits.{bf}(@abdul0,\"sun\") :- \n   @delta_@magic.@interm_out.orbits.{bf}(@abdul0),\n   @abdul0 = \"earth\".": {
            "@delta_@magic.@interm_out.orbits.{bf}": {
             "level": 0,
             "num-tuples": 0
            }
           }
          },
          "maxRSS": {
           "post": 31352,
           "pre": 31352
          },
          "num-tuples": 0,
          "runtime": { "start": 22989842740, "end": 22989842740},
          "source-locator": " [1:1-1:1]"
         }
        },
        "@interm_out.orbits.{bf}(X,Y) :- \n   @magic.@interm_out.orbits.{bf}(X),\n   @interm_out.orbits.{bf}(X,Z),\n   @interm_out.orbits.{bf}(Z,Y).": {
         "0": {
          "atom-frequency": {
           "@new_@interm_out.orbits.{bf}(X,Y) :- \n   @delta_@magic.@interm_out.orbits.{bf}(X),\n   @interm_out.orbits.{bf}(X,Z),\n   @interm_out.orbits.{bf}(Z,Y).": {
            "@delta_@magic.@interm_out.orbits.{bf}": {
             "level": 0,
             "num-tuples": 0
            },
            "@interm_out.orbits.{bf}": {
             "level": 1,
             "num-tuples": 0
            }
           }
          },
          "maxRSS": {
           "post": 31352,
           "pre": 31352
          },
          "num-tuples": 0,
          "runtime": { "start": 22989842723, "end": 22989842724},
          "source-locator": " [1:1-1:1]"
         },
         "1": {
          "atom-frequency": {
           "@new_@interm_out.orbits.{bf}(X,Y) :- \n   @magic.@interm_out.orbits.{bf}(X),\n   @delta_@interm_out.orbits.{bf}(X,Z),\n   @interm_out.orbits.{bf}(Z,Y).": {
            "@delta_@interm_out.orbits.{bf}": {
             "level": 1,
             "num-tuples": 0
            },
            "@interm_out.orbits.{bf}": {
             "level": 2,
             "num-tuples": 0
            },
            "@magic.@interm_out.orbits.{bf}": {
             "level": 0,
             "num-tuples": 0
            }
           }
          },
          "maxRSS": {
           "post": 31352,
           "pre": 31352
          },
          "num-tuples": 0,
          "runtime": { "start": 22989842730, "end": 22989842731},
          "source-locator": " [1:1-1:1]"
         },
         "2": {
          "atom-frequency": {
           "@new_@interm_out.orbits.{bf}(X,Y) :- \n   @magic.@interm_out.orbits.{bf}(X),\n   @interm_out.orbits.{bf}(X,Z),\n   @delta_@interm_out.orbits.{bf}(Z,Y).": {
            "@delta_@interm_out.orbits.{bf}": {
             "level": 2,
             "num-tuples": 0
            },
            "@interm_out.orbits.{bf}": {
             "level": 1,
             "num-tuples": 0
            },
            "@magic.@interm_out.orbits.{bf}": {
             "level": 0,
             "num-tuples": 0
            }
           }
          },
          "maxRSS": {
           "post": 31352,
           "pre": 31352
          },
          "num-tuples": 0,
          "runtime": { "start": 22989842735, "end": 22989842736},
          "source-locator": " [1:1-1:1]"
         }
        }
       },
       "runtime": { "start": 22989842722, "end": 22989842751}
      },
      "1": {
       "copytime": { "start": 22989842999, "end": 22989843009},
       "maxRSS": {
        "post": 31352,
        "pre": 31352
       },
       "num-tuples": 1,
       "recursive-rule": {
        "@interm_out.orbits.{bf}(@abdul0,\"earth\") :- \n   @magic.@interm_out.orbits.{bf}(@abdul0),\n   @abdul0 = \"moon\".": {
         "0": {
          "maxRSS": {
           "post": 31352,
           "pre": 31352
          },
          "num-tuples": 0,
          "runtime": { "start": 22989842896, "end": 22989842897},
          "source-locator": " [1:1-1:1]"
         }
        },
        "@interm_out.orbits.{bf}(@abdul0,\"sun\") :- \n   @magic.@interm_out.orbits.{bf}(@abdul0),\n   @abdul0 = \"earth\".": {
         "0": {
          "maxRSS": {
           "post": 31352,
           "pre": 31352
          },
          "num-tuples": 1,
          "runtime": { "start": 22989842890, "end": 22989842891},
          "source-locator": " [1:1-1:1]"
         }
        },
        "@interm_out.orbits.{bf}(X,Y) :- \n   @magic.@interm_out.orbits.{bf}(X),\n   @interm_out.orbits.{bf}(X,Z),\n   @interm_out.orbits.{bf}(Z,Y).": {
         "0": {
          "maxRSS": {
           "post": 31352,
           "pre": 31352
          },
          "num-tuples": 0,
          "runtime": { "start": 22989842872, "end": 22989842872},
          "source-locator": " [1:1-1:1]"
         },
         "1": {
          "maxRSS": {
           "post": 31352,
           "pre": 31352
          },
          "num-tuples": 0,
          "runtime": { "start": 22989842880, "end": 22989842880},
          "source-locator": " [1:1-1:1]"
         },
         "2": {
          "maxRSS": {
           "post": 31352,
           "pre": 31352
          },
          "num-tuples": 0,
          "runtime": { "start": 22989842884, "end": 22989842885},
          "source-locator": " [1:1-1:1]"
         }
        }
       },
       "runtime": { "start": 22989842872, "end": 22989842902}
      },
      "2": {
       "copytime": { "start": 22989843197, "end": 22989843206},
       "maxRSS": {
        "post": 31352,
        "pre": 31352
       },
       "num-tuples": 0,
       "recursive-rule": {
        "@interm_out.orbits.{bf}(@abdul0,\"earth\") :- \n   @magic.@interm_out.orbits.{bf}(@abdul0),\n   @abdul0 = \"moon\".": {
         "0": {
          "maxRSS": {
           "post": 31352,
           "pre": 31352
          },
          "num-tuples": 0,
          "runtime": { "start": 22989843069, "end": 22989843078},
          "source-locator": " [1:1-1:1]"
         }
        },
        "@interm_out.orbits.{bf}(@abdul0,\"sun\") :- \n   @magic.@interm_out.orbits.{bf}(@abdul0),\n   @abdul0 = \"earth\".": {
         "0": {
          "maxRSS": {
           "post": 31352,
           "pre": 31352
          },
          "num-tuples": 0,
          "runtime": { "start": 22989843063, "end": 22989843063},
          "source-locator": " [1:1-1:1]"
         }
        },
        "@interm_out.orbits.{bf}(X,Y) :- \n   @magic.@interm_out.orbits.{bf}(X),\n   @interm_out.orbits.{bf}(X,Z),\n   @interm_out.orbits.{bf}(Z,Y).": {
         "0": {
          "maxRSS": {
           "post": 31352,
           "pre": 31352
          },
          "num-tuples": 0,
          "runtime": { "start": 22989843029, "end": 22989843030},
          "source-locator": " [1:1-1:1]"
         },
         "1": {
          "maxRSS": {
           "post": 31352,
           "pre": 31352
          },
          "num-tuples": 0,
          "runtime": { "start": 22989843037, "end": 22989843039},
          "source-locator": " [1:1-1:1]"
         },
         "2": {
          "maxRSS": {
           "post": 31352,
           "pre": 31352
          },
          "num-tuples": 0,
          "runtime": { "start": 22989843043, "end": 22989843054},
          "source-locator": " [1:1-1:1]"
         }
        }
       },
       "runtime": { "start": 22989843020, "end": 22989843090}
      },
      "3": {
       "maxRSS": {
        "post": 31352,
        "pre": 31352
       },
       "num-tuples": 0,
       "recursive-rule": {
        "@interm_out.orbits.{bf}(@abdul0,\"earth\") :- \n   @magic.@interm_out.orbits.{bf}(@abdul0),\n   @abdul0 = \"moon\".": {
         "0": {
          "maxRSS": {
           "post": 31352,
           "pre": 31352
          },
          "num-tuples": 0,
          "runtime": { "start": 22989843265, "end": 22989843275},
          "source-locator": " [1:1-1:1]"
         }
        },
        "@interm_out.orbits.{bf}(@abdul0,\"sun\") :- \n   @magic.@interm_out.orbits.{bf}(@abdul0),\n   @abdul0 = \"earth\".": {
         "0": {
          "maxRSS": {
           "post": 31352,
           "pre": 31352
          },
          "num-tuples": 0,
          "runtime": { "start": 22989843259, "end": 22989843259},
          "source-locator": " [1:1-1:1]"
         }
        },
        "@interm_out.orbits.{bf}(X,Y) :- \n   @magic.@interm_out.orbits.{bf}(X),\n   @interm_out.orbits.{bf}(X,Z),\n   @interm_out.orbits.{bf}(Z,Y).": {
         "0": {
          "maxRSS": {
           "post": 31352,
           "pre": 31352
          },
          "num-tuples": 0,
          "runtime": { "start": 22989843227, "end": 22989843228},
          "source-locator": " [1:1-1:1]"
         },
         "1": {
          "maxRSS": {
           "post": 31352,
           "pre": 31352
          },
          "num-tuples": 0,
          "runtime": { "start": 22989843235, "end": 22989843235},
          "source-locator": " [1:1-1:1]"
         },
         "2": {
          "maxRSS": {
           "post": 31352,
           "pre": 31352
          },
          "num-tuples": 0,
          "runtime": { "start": 22989843241, "end": 22989843251},
          "source-locator": " [1:1-1:1]"
         }
        }
       },
       "runtime": { "start": 22989843218, "end": 22989843298}
      }
     },
     "num-tuples": 0,
     "source-locator": " [1:1-1:1]"
    },
    "@interm_out.orbits.{ff}": {
     "iteration": {
      "0": {
       "copytime": { "start": 22989842865, "end": 22989842866},
       "maxRSS": {
        "post": 31352,
        "pre": 31352
       },
       "num-tuples": 0,
       "recursive-rule": {
        "@interm_out.orbits.{ff}(X,Y) :- \n   @magic.@interm_out.orbits.{ff}(),\n   @interm_out.orbits.{ff}(X,Z),\n   @interm_out.orbits.{bf}(Z,Y).": {
         "0": {
          "atom-frequency": {
           "@new_@interm_out.orbits.{ff}(X,Y) :- \n   @magic.@interm_out.orbits.{ff}(),\n   @delta_@interm_out.orbits.{ff}(X,Z),\n   @interm_out.orbits.{bf}(Z,Y).": {
            "@delta_@interm_out.orbits.{ff}": {
             "level": 1,
             "num-tuples": 0
            },
            "@interm_out.orbits.{bf}": {
             "level": 2,
             "num-tuples": 0
            }
           }
          },
          "maxRSS": {
           "post": 31352,
           "pre": 31352
          },
          "num-tuples": 0,
          "runtime": { "start": 22989842756, "end": 22989842756},
          "source-locator": " [1:1-1:1]"
         },
         "1": {
          "atom-frequency": {
           "@new_@interm_out.orbits.{ff}(X,Y) :- \n   @magic.@interm_out.orbits.{ff}(),\n   @interm_out.orbits.{ff}(X,Z),\n   @delta_@interm_out.orbits.{bf}(Z,Y).": {
            "@delta_@interm_out.orbits.{bf}": {
             "level": 2,
             "num-tuples": 0
            },
            "@interm_out.orbits.{ff}": {
             "level": 1,
             "num-tuples": 0
            }
           }
          },
          "maxRSS": {
           "post": 31352,
           "pre": 31352
          },
          "num-tuples": 0,
          "runtime": { "start": 22989842761, "end": 22989842762},
          "source-locator": " [1:1-1:1]"
         }
        }
       },
       "runtime": { "start": 22989842755, "end": 22989842767}
      },
      "1": {
       "copytime": { "start": 22989843013, "end": 22989843014},
       "maxRSS": {
        "post": 31352,
        "pre": 31352
       },
       "num-tuples": 0,
       "recursive-rule": {
        "@interm_out.orbits.{ff}(X,Y) :- \n   @magic.@interm_out.orbits.{ff}(),\n   @interm_out.orbits.{ff}(X,Z),\n   @interm_out.orbits.{bf}(Z,Y).": {
         "0": {
          "maxRSS": {
           "post": 31352,
           "pre": 31352
          },
          "num-tuples": 0,
          "runtime": { "start": 22989842906, "end": 22989842907},
          "source-locator": " [1:1-1:1]"
         },
         "1": {
          "maxRSS": {
           "post": 31352,
           "pre": 31352
          },
          "num-tuples": 0,
          "runtime": { "start": 22989842911, "end": 22989842920},
          "source-locator": " [1:1-1:1]"
         }
        }
       },
       "runtime": { "start": 22989842906, "end": 22989842928}
      },
      "2": {
       "copytime": { "start": 22989843211, "end": 22989843212},
       "maxRSS": {
        "post": 31352,
        "pre": 31352
       },
       "num-tuples": 1,
       "recursive-rule": {
        "@interm_out.orbits.{ff}(X,Y) :- \n   @magic.@interm_out.orbits.{ff}(),\n   @interm_out.orbits.{ff}(X,Z),\n   @interm_out.orbits.{bf}(Z,Y).": {
         "0": {
          "maxRSS": {
           "post": 31352,
           "pre": 31352
          },
          "num-tuples": 0,
          "runtime": { "start": 22989843103, "end": 22989843104},
          "source-locator": " [1:1-1:1]"
         },
         "1": {
          "maxRSS": {
           "post": 31352,
           "pre": 31352
          },
          "num-tuples": 1,
          "runtime": { "start": 22989843112, "end": 22989843113},
          "source-locator": " [1:1-1:1]"
         }
        }
       },
       "runtime": { "start": 22989843094, "end": 22989843119}
      },
      "3": {
       "maxRSS": {
        "post": 31352,
        "pre": 31352
       },
       "num-tuples": 0,
       "recursive-rule": {
        "@interm_out.orbits.{ff}(X,Y) :- \n   @magic.@interm_out.orbits.{ff}(),\n   @interm_out.orbits.{ff}(X,Z),\n   @interm_out.orbits.{bf}(Z,Y).": {
         "0": {
          "maxRSS": {
           "post": 31352,
           "pre": 31352
          },
          "num-tuples": 0,
          "runtime": { "start": 22989843305, "end": 22989843306},
          "source-locator": " [1:1-1:1]"
         },
         "1": {
          "maxRSS": {
           "post": 31352,
           "pre": 31352
          },
          "num-tuples": 0,
          "runtime": { "start": 22989843313, "end": 22989843322},
          "source-locator": " [1:1-1:1]"
         }
        }
       },
       "runtime": { "start": 22989843303, "end": 22989843332}
      }
     },
     "maxRSS": {
      "post": 31352,
      "pre": 31352
     },
     "non-recursive-rule": {
      "@interm_out.orbits.{ff}(\"earth\",\"sun\") :- \n   @magic.@interm_out.orbits.{ff}().": {
       "maxRSS": {
        "post": 31352,
        "pre": 31352
       },
       "num-tuples": 1,
       "runtime": { "start": 22989842691, "end": 22989842692},
       "source-locator": " [1:1-1:1]"
      },
      "@interm_out.orbits.{ff}(\"moon\",\"earth\") :- \n   @magic.@interm_out.orbits.{ff}().": {
       "maxRSS": {
        "post": 31352,
        "pre": 31352
       },
       "num-tuples": 1,
       "runtime": { "start": 22989842699, "end": 22989842700},
       "source-locator": " [1:1-1:1]"
      }
     },
     "num-tuples": 2,
     "runtime": { "start": 22989842679, "end": 22989842707},
     "source-locator": " [1:1-1:1]"
    },
    "@interm_out.star": {
     "maxRSS": {
      "post": 31352,
      "pre": 31352
     },
     "non-recursive-rule": {
      "@interm_out.star(\"sun\").": {
       "maxRSS": {
        "post": 31352,
        "pre": 31352
       },
       "num-tuples": 1,
       "runtime": { "start": 22989841885, "end": 22989841895},
       "source-locator": " [1:1-1:1]"
      }
     },
     "num-tuples": 1,
     "runtime": { "start": 22989841884, "end": 22989841903},
     "source-locator": "/root/souffle-src/tests/example/orbits/orbits.dl [7:7-7:11]"
    },
    "@magic.@interm_out.intermediate.{ff}": {
     "maxRSS": {
      "post": 31352,
      "pre": 31352
     },
     "non-recursive-rule": {
      "@magic.@interm_out.intermediate.{ff}().": {
       "maxRSS": {
        "post": 31352,
        "pre": 31352
       },
       "num-tuples": 1,
       "runtime": { "start": 22989841912, "end": 22989841913},
       "source-locator": " [1:1-1:1]"
      }
     },
     "num-tuples": 1,
     "runtime": { "start": 22989841910, "end": 22989841918},
     "source-locator": " [1:1-1:1]"
    },
    "@magic.@interm_out.orbits.{bf}": {
     "iteration": {
      "0": {
       "copytime": { "start": 22989842868, "end": 22989842869},
       "maxRSS": {
        "post": 31352,
        "pre": 31352
       },
       "num-tuples": 2,
       "recursive-rule": {
        "@magic.@interm_out.orbits.{bf}(Z) :- \n   @magic.@interm_out.intermediate.{ff}(),\n   @interm_out.orbits.{ff}(_,Z).": {
         "0": {
          "atom-frequency": {
           "@new_@magic.@interm_out.orbits.{bf}(Z) :- \n   @magic.@interm_out.intermediate.{ff}(),\n   @delta_@interm_out.orbits.{ff}(_,Z).": {
            "@delta_@interm_out.orbits.{ff}": {
             "level": 1,
             "num-tuples": 0
            }
           }
          },
          "maxRSS": {
           "post": 31352,
           "pre": 31352
          },
          "num-tuples": 2,
          "runtime": { "start": 22989842781, "end": 22989842782},
          "source-locator": " [1:1-1:1]"
         }
        },
        "@magic.@interm_out.orbits.{bf}(Z) :- \n   @magic.@interm_out.orbits.{bf}(X),\n   @interm_out.orbits.{bf}(X,Z).": {
         "0": {
          "atom-frequency": {
           "@new_@magic.@interm_out.orbits.{bf}(Z) :- \n   @delta_@magic.@interm_out.orbits.{bf}(X),\n   @interm_out.orbits.{bf}(X,Z).": {
            "@delta_@magic.@interm_out.orbits.{bf}": {
             "level": 0,
             "num-tuples": 0
            },
            "@interm_out.orbits.{bf}": {
             "level": 1,
             "num-tuples": 0
            }
           }
          },
          "maxRSS": {
           "post": 31352,
           "pre": 31352
          },
          "num-tuples": 0,
          "runtime": { "start": 22989842791, "end": 22989842791},
          "source-locator": " [1:1-1:1]"
         },
         "1": {
          "atom-frequency": {
           "@new_@magic.@interm_out.orbits.{bf}(Z) :- \n   @magic.@interm_out.orbits.{bf}(X),\n   @delta_@interm_out.orbits.{bf}(X,Z).": {
            "@delta_@interm_out.orbits.{bf}": {
             "level": 1,
             "num-tuples": 0
            },
            "@magic.@interm_out.orbits.{bf}": {
             "level": 0,
             "num-tuples": 0
            }
           }
          },
          "maxRSS": {
           "post": 31352,
           "pre": 31352
          },
          "num-tuples": 0,
          "runtime": { "start": 22989842798, "end": 22989842798},
          "source-locator": " [1:1-1:1]"
         }
        },
        "@magic.@interm_out.orbits.{bf}(Z) :- \n   @magic.@interm_out.orbits.{ff}(),\n   @interm_out.orbits.{ff}(_,Z).": {
         "0": {
          "atom-frequency": {
           "@new_@magic.@interm_out.orbits.{bf}(Z) :- \n   @magic.@interm_out.orbits.{ff}(),\n   @delta_@interm_out.orbits.{ff}(_,Z).": {
            "@delta_@interm_out.orbits.{ff}": {
             "level": 1,
             "num-tuples": 0
            }
           }
          },
          "maxRSS": {
           "post": 31352,
           "pre": 31352
          },
          "num-tuples": 0,
          "runtime": { "start": 22989842803, "end": 22989842813},
          "source-locator": " [1:1-1:1]"
         }
        }
       },
       "runtime": { "start": 22989842771, "end": 22989842822}
      },
      "1": {
       "copytime": { "start": 22989843016, "end": 22989843017},
       "maxRSS": {
        "post": 31352,
        "pre": 31352
       },
       "num-tuples": 0,
       "recursive-rule": {
        "@magic.@interm_out.orbits.{bf}(Z) :- \n   @magic.@interm_out.intermediate.{ff}(),\n   @interm_out.orbits.{ff}(_,Z).": {
         "0": {
          "maxRSS": {
           "post": 31352,
           "pre": 31352
          },
          "num-tuples": 0,
          "runtime": { "start": 22989842935, "end": 22989842935},
          "source-locator": " [1:1-1:1]"
         }
        },
        "@magic.@interm_out.orbits.{bf}(Z) :- \n   @magic.@interm_out.orbits.{bf}(X),\n   @interm_out.orbits.{bf}(X,Z).": {
         "0": {
          "maxRSS": {
           "post": 31352,
           "pre": 31352
          },
          "num-tuples": 0,
          "runtime": { "start": 22989842941, "end": 22989842942},
          "source-locator": " [1:1-1:1]"
         },
         "1": {
          "maxRSS": {
           "post": 31352,
           "pre": 31352
          },
          "num-tuples": 0,
          "runtime": { "start": 22989842948, "end": 22989842958},
          "source-locator": " [1:1-1:1]"
         }
        },
        "@magic.@interm_out.orbits.{bf}(Z) :- \n   @magic.@interm_out.orbits.{ff}(),\n   @interm_out.orbits.{ff}(_,Z).": {
         "0": {
          "maxRSS": {
           "post": 31352,
           "pre": 31352
          },
          "num-tuples": 0,
          "runtime": { "start": 22989842966, "end": 22989842966},
          "source-locator": " [1:1-1:1]"
         }
        }
       },
       "runtime": { "start": 22989842934, "end": 22989842972}
      },
      "2": {
       "copytime": { "start": 22989843214, "end": 22989843215},
       "maxRSS": {
        "post": 31352,
        "pre": 31352
       },
       "num-tuples": 0,
       "recursive-rule": {
        "@magic.@interm_out.orbits.{bf}(Z) :- \n   @magic.@interm_out.intermediate.{ff}(),\n   @interm_out.orbits.{ff}(_,Z).": {
         "0": {
          "maxRSS": {
           "post": 31352,
           "pre": 31352
          },
          "num-tuples": 0,
          "runtime": { "start": 22989843132, "end": 22989843133},
          "source-locator": " [1:1-1:1]"
         }
        },
        "@magic.@interm_out.orbits.{bf}(Z) :- \n   @magic.@interm_out.orbits.{bf}(X),\n   @interm_out.orbits.{bf}(X,Z).": {
         "0": {
          "maxRSS": {
           "post": 31352,
           "pre": 31352
          },
          "num-tuples": 0,
          "runtime": { "start": 22989843141, "end": 22989843141},
          "source-locator": " [1:1-1:1]"
         },
         "1": {
          "maxRSS": {
           "post": 31352,
           "pre": 31352
          },
          "num-tuples": 0,
          "runtime": { "start": 22989843147, "end": 22989843157},
          "source-locator": " [1:1-1:1]"
         }
        },
        "@magic.@interm_out.orbits.{bf}(Z) :- \n   @magic.@interm_out.orbits.{ff}(),\n   @interm_out.orbits.{ff}(_,Z).": {
         "0": {
          "maxRSS": {
           "post": 31352,
           "pre": 31352
          },
          "num-tuples": 0,
          "runtime": { "start": 22989843164, "end": 22989843165},
          "source-locator": " [1:1-1:1]"
         }
        }
       },
       "runtime": { "start": 22989843123, "end": 22989843171}
      },
      "3": {
       "maxRSS": {
        "post": 31352,
        "pre": 31352
       },
       "num-tuples": 0,
       "recursive-rule": {
        "@magic.@interm_out.orbits.{bf}(Z) :- \n   @magic.@interm_out.intermediate.{ff}(),\n   @interm_out.orbits.{ff}(_,Z).": {
         "0": {
          "maxRSS": {
           "post": 31352,
           "pre": 31352
          },
          "num-tuples": 0,
          "runtime": { "start": 22989843346, "end": 22989843347},
          "source-locator": " [1:1-1:1]"
         }
        },
        "@magic.@interm_out.orbits.{bf}(Z) :- \n   @magic.@interm_out.orbits.{bf}(X),\n   @interm_out.orbits.{bf}(X,Z).": {
         "0": {
          "maxRSS": {
           "post": 31352,
           "pre": 31352
          },
          "num-tuples": 0,
          "runtime": { "start": 22989843354, "end": 22989843355},
          "source-locator": " [1:1-1:1]"
         },
         "1": {
          "maxRSS": {
           "post": 31352,
           "pre": 31352
          },
          "num-tuples": 0,
          "runtime": { "start": 22989843361, "end": 22989843370},
          "source-locator": " [1:1-1:1]"
         }
        },
        "@magic.@interm_out.orbits.{bf}(Z) :- \n   @magic.@interm_out.orbits.{ff}(),\n   @interm_out.orbits.{ff}(_,Z).": {
         "0": {
          "maxRSS": {
           "post": 31352,
           "pre": 31352
          },
          "num-tuples": 0,
          "runtime": { "start": 22989843378, "end": 22989843379},
          "source-locator": " [1:1-1:1]"
         }
        }
       },
       "runtime": { "start": 22989843336, "end": 22989843387}
      }
     },
     "num-tuples": 0,
     "source-locator": " [1:1-1:1]"
    },
    "@magic.@interm_out.orbits.{ff}": {
     "maxRSS": {
      "post": 31352,
      "pre": 31352
     },
     "non-recursive-rule": {
      "@magic.@interm_out.orbits.{ff}() :- \n   @magic.@interm_out.intermediate.{ff}().": {
       "maxRSS": {
        "post": 31352,
        "pre": 31352
       },
       "num-tuples": 1,
       "runtime": { "start": 22989841932, "end": 22989841932},
       "source-locator": " [1:1-1:1]"
      },
      "@magic.@interm_out.orbits.{ff}().": {
       "maxRSS": {
        "post": 31352,
        "pre": 31352
       },
       "num-tuples": 0,
       "runtime": { "start": 22989841941, "end": 22989841942},
       "source-locator": " [1:1-1:1]"
      }
     },
     "num-tuples": 1,
     "runtime": { "start": 22989841922, "end": 22989841947},
     "source-locator": " [1:1-1:1]"
    },
    "@magic.@poscopy_1.@interm_out.orbits.{bf}": {
     "iteration": {
      "0": {
       "copytime": { "start": 22989842119, "end": 22989842120},
       "maxRSS": {
        "post": 31352,
        "pre": 31352
       },
       "num-tuples": 2,
       "recursive-rule": {
        "@magic.@poscopy_1.@interm_out.orbits.{bf}(Z) :- \n   @magic.@interm_out.intermediate.{ff}(),\n   @poscopy_1.@interm_out.orbits.{ff}(_,Z).": {
         "0": {
          "atom-frequency": {
           "@new_@magic.@poscopy_1.@interm_out.orbits.{bf}(Z) :- \n   @magic.@interm_out.intermediate.{ff}(),\n   @delta_@poscopy_1.@interm_out.orbits.{ff}(_,Z).": {
            "@delta_@poscopy_1.@interm_out.orbits.{ff}": {
             "level": 1,
             "num-tuples": 0
            }
           }
          },
          "maxRSS": {
           "post": 31352,
           "pre": 31352
          },
          "num-tuples": 0,
          "runtime": { "start": 22989842030, "end": 22989842031},
          "source-locator": " [1:1-1:1]"
         }
        },
        "@magic.@poscopy_1.@interm_out.orbits.{bf}(Z) :- \n   @magic.@poscopy_1.@interm_out.orbits.{bf}(X),\n   @poscopy_1.@interm_out.orbits.{bf}(X,Z).": {
         "0": {
          "atom-frequency": {
           "@new_@magic.@poscopy_1.@interm_out.orbits.{bf}(Z) :- \n   @delta_@magic.@poscopy_1.@interm_out.orbits.{bf}(X),\n   @poscopy_1.@interm_out.orbits.{bf}(X,Z).": {
            "@delta_@magic.@poscopy_1.@interm_out.orbits.{bf}": {
             "level": 0,
             "num-tuples": 0
            },
            "@poscopy_1.@interm_out.orbits.{bf}": {
             "level": 1,
             "num-tuples": 0
            }
           }
          },
          "maxRSS": {
           "post": 31352,
           "pre": 31352
          },
          "num-tuples": 0,
          "runtime": { "start": 22989842017, "end": 22989842019},
          "source-locator": " [1:1-1:1]"
         },
         "1": {
          "atom-frequency": {
           "@new_@magic.@poscopy_1.@interm_out.orbits.{bf}(Z) :- \n   @magic.@poscopy_1.@interm_out.orbits.{bf}(X),\n   @delta_@poscopy_1.@interm_out.orbits.{bf}(X,Z).": {
            "@delta_@poscopy_1.@interm_out.orbits.{bf}": {
             "level": 1,
             "num-tuples": 0
            },
            "@magic.@poscopy_1.@interm_out.orbits.{bf}": {
             "level": 0,
             "num-tuples": 0
            }
           }
          },
          "maxRSS": {
           "post": 31352,
           "pre": 31352
          },
          "num-tuples": 0,
          "runtime": { "start": 22989842025, "end": 22989842026},
          "source-locator": " [1:1-1:1]"
         }
        },
        "@magic.@poscopy_1.@interm_out.orbits.{bf}(Z) :- \n   @poscopy_1.@interm_out.orbits.{ff}(_,Z).": {
         "0": {
          "atom-frequency": {
           "@new_@magic.@poscopy_1.@interm_out.orbits.{bf}(Z) :- \n   @delta_@poscopy_1.@interm_out.orbits.{ff}(_,Z).": {
            "@delta_@poscopy_1.@interm_out.orbits.{ff}": {
             "level": 0,
             "num-tuples": 0
            }
           }
          },
          "maxRSS": {
           "post": 31352,
           "pre": 31352
          },
          "num-tuples": 2,
          "runtime": { "start": 22989842000, "end": 22989842005},
          "source-locator": " [1:1-1:1]"
         }
        }
       },
       "runtime": { "start": 22989841991, "end": 22989842036}
      },
      "1": {
       "copytime": { "start": 22989842285, "end": 22989842285},
       "maxRSS": {
        "post": 31352,
        "pre": 31352
       },
       "num-tuples": 0,
       "recursive-rule": {
        "@magic.@poscopy_1.@interm_out.orbits.{bf}(Z) :- \n   @magic.@interm_out.intermediate.{ff}(),\n   @poscopy_1.@interm_out.orbits.{ff}(_,Z).": {
         "0": {
          "maxRSS": {
           "post": 31352,
           "pre": 31352
          },
          "num-tuples": 0,
          "runtime": { "start": 22989842188, "end": 22989842188},
          "source-locator": " [1:1-1:1]"
         }
        },
        "@magic.@poscopy_1.@interm_out.orbits.{bf}(Z) :- \n   @magic.@poscopy_1.@interm_out.orbits.{bf}(X),\n   @poscopy_1.@interm_out.orbits.{bf}(X,Z).": {
         "0": {
          "maxRSS": {
           "post": 31352,
           "pre": 31352
          },
          "num-tuples": 0,
          "runtime": { "start": 22989842149, "end": 22989842159},
          "source-locator": " [1:1-1:1]"
         },
         "1": {
          "maxRSS": {
           "post": 31352,
           "pre": 31352
          },
          "num-tuples": 0,
          "runtime": { "start": 22989842170, "end": 22989842180},
          "source-locator": " [1:1-1:1]"
         }
        },
        "@magic.@poscopy_1.@interm_out.orbits.{bf}(Z) :- \n   @poscopy_1.@interm_out.orbits.{ff}(_,Z).": {
         "0": {
          "maxRSS": {
           "post": 31352,
           "pre": 31352
          },
          "num-tuples": 0,
          "runtime": { "start": 22989842142, "end": 22989842143},
          "source-locator": " [1:1-1:1]"
         }
        }
       },
       "runtime": { "start": 22989842142, "end": 22989842193}
      },
      "2": {
       "copytime": { "start": 22989842409, "end": 22989842410},
       "maxRSS": {
        "post": 31352,
        "pre": 31352
       },
       "num-tuples": 0,
       "recursive-rule": {
        "@magic.@poscopy_1.@interm_out.orbits.{bf}(Z) :- \n   @magic.@interm_out.intermediate.{ff}(),\n   @poscopy_1.@interm_out.orbits.{ff}(_,Z).": {
         "0": {
          "maxRSS": {
           "post": 31352,
           "pre": 31352
          },
          "num-tuples": 0,
          "runtime": { "start": 22989842328, "end": 22989842329},
          "source-locator": " [1:1-1:1]"
         }
        },
        "@magic.@poscopy_1.@interm_out.orbits.{bf}(Z) :- \n   @magic.@poscopy_1.@interm_out.orbits.{bf}(X),\n   @poscopy_1.@interm_out.orbits.{bf}(X,Z).": {
         "0": {
          "maxRSS": {
           "post": 31352,
           "pre": 31352
          },
          "num-tuples": 0,
          "runtime": { "start": 22989842304, "end": 22989842314},
          "source-locator": " [1:1-1:1]"
         },
         "1": {
          "maxRSS": {
           "post": 31352,
           "pre": 31352
          },
          "num-tuples": 0,
          "runtime": { "start": 22989842322, "end": 22989842323},
          "source-locator": " [1:1-1:1]"
         }
        },
        "@magic.@poscopy_1.@interm_out.orbits.{bf}(Z) :- \n   @poscopy_1.@interm_out.orbits.{ff}(_,Z).": {
         "0": {
          "maxRSS": {
           "post": 31352,
           "pre": 31352
          },
          "num-tuples": 0,
          "runtime": { "start": 22989842294, "end": 22989842294},
          "source-locator": " [1:1-1:1]"
         }
        }
       },
       "runtime": { "start": 22989842293, "end": 22989842335}
      },
      "3": {
       "maxRSS": {
        "post": 31352,
        "pre": 31352
       },
       "num-tuples": 0,
       "recursive-rule": {
        "@magic.@poscopy_1.@interm_out.orbits.{bf}(Z) :- \n   @magic.@interm_out.intermediate.{ff}(),\n   @poscopy_1.@interm_out.orbits.{ff}(_,Z).": {
         "0": {
          "maxRSS": {
           "post": 31352,
           "pre": 31352
          },
          "num-tuples": 0,
          "runtime": { "start": 22989842433, "end": 22989842434},
          "source-locator": " [1:1-1:1]"
         }
        },
        "@magic.@poscopy_1.@interm_out.orbits.{bf}(Z) :- \n   @magic.@poscopy_1.@interm_out.orbits.{bf}(X),\n   @poscopy_1.@interm_out.orbits.{bf}(X,Z).": {
         "0": {
          "maxRSS": {
           "post": 31352,
           "pre": 31352
          },
          "num-tuples": 0,
          "runtime": { "start": 22989842423, "end": 22989842424},
          "source-locator": " [1:1-1:1]"
         },
         "1": {
          "maxRSS": {
           "post": 31352,
           "pre": 31352
          },
          "num-tuples": 0,
          "runtime": { "start": 22989842428, "end": 22989842428},
          "source-locator": " [1:1-1:1]"
         }
        },
        "@magic.@poscopy_1.@interm_out.orbits.{bf}(Z) :- \n   @poscopy_1.@interm_out.orbits.{ff}(_,Z).": {
         "0": {
          "maxRSS": {
           "post": 31352,
           "pre": 31352
          },
          "num-tuples": 0,
          "runtime": { "start": 22989842418, "end": 22989842419},
          "source-locator": " [1:1-1:1]"
         }
        }
       },
       "runtime": { "start": 22989842417, "end": 22989842438}
      }
     },
     "num-tuples": 0,
     "source-locator": " [1:1-1:1]"
    },
    "@neglabel.@interm_out.intermediate": {
     "maxRSS": {
      "post": 31352,
      "pre": 31352
     },
     "non-recursive-rule": {
      "@neglabel.@interm_out.intermediate(X,Y) :- \n   @poscopy_1.@interm_out.orbits.{ff}(X,Z),\n   @poscopy_1.@interm_out.orbits.{bf}(Z,Y).": {
       "atom-frequency": {
        "@neglabel.@interm_out.intermediate(X,Y) :- \n   @poscopy_1.@interm_out.orbits.{ff}(X,Z),\n   @poscopy_1.@interm_out.orbits.{bf}(Z,Y).": {
         "@poscopy_1.@interm_out.orbits.{bf}": {
          "level": 1,
          "num-tuples": 0
         },
         "@poscopy_1.@interm_out.orbits.{ff}": {
          "level": 0,
          "num-tuples": 0
         }
        }
       },
       "maxRSS": {
        "post": 31352,
        "pre": 31352
       },
       "num-tuples": 1,
       "runtime": { "start": 22989843422, "end": 22989843424},
       "source-locator": " [1:1-1:1]"
      }
     },
     "num-tuples": 1,
     "runtime": { "start": 22989843413, "end": 22989843432},
     "source-locator": "/root/souffle-src/tests/example/orbits/orbits.dl [13:7-13:19]"
    },
    "@poscopy_1.@interm_out.orbits.{bf}": {
     "iteration": {
      "0": {
       "copytime": { "start": 22989842123, "end": 22989842133},
       "maxRSS": {
        "post": 31352,
        "pre": 31352
       },
       "num-tuples": 0,
       "recursive-rule": {
        "@poscopy_1.@interm_out.orbits.{bf}(@abdul0,\"earth\") :- \n   @magic.@poscopy_1.@interm_out.orbits.{bf}(@abdul0),\n   @abdul0 = \"moon\".": {
         "0": {
          "atom-frequency": {
           "@new_@poscopy_1.@interm_out.orbits.{bf}(@abdul0,\"earth\") :- \n   @delta_@magic.@poscopy_1.@interm_out.orbits.{bf}(@abdul0),\n   @abdul0 = \"moon\".": {
            "@delta_@magic.@poscopy_1.@interm_out.orbits.{bf}": {
             "level": 0,
             "num-tuples": 0
            }
           }
          },
          "maxRSS": {
           "post": 31352,
           "pre": 31352
          },
          "num-tuples": 0,
          "runtime": { "start": 22989842072, "end": 22989842073},
          "source-locator": " [1:1-1:1]"
         }
        },
        "@poscopy_1.@interm_out.orbits.{bf}(@abdul0,\"sun\") :- \n   @magic.@poscopy_1.@interm_out.orbits.{bf}(@abdul0),\n   @abdul0 = \"earth\".": {
         "0": {
          "atom-frequency": {
           "@new_@poscopy_1.@interm_out.orbits.{bf}(@abdul0,\"sun\") :- \n   @delta_@magic.@poscopy_1.@interm_out.orbits.{bf}(@abdul0),\n   @abdul0 = \"earth\".": {
            "@delta_@magic.@poscopy_1.@interm_out.orbits.{bf}": {
             "level": 0,
             "num-tuples": 0
            }
           }
          },
          "maxRSS": {
           "post": 31352,
           "pre": 31352
          },
          "num-tuples": 0,
          "runtime": { "start": 22989842067, "end": 22989842067},
          "source-locator": " [1:1-1:1]"
         }
        },
        "@poscopy_1.@interm_out.orbits.{bf}(X,Y) :- \n   @magic.@poscopy_1.@interm_out.orbits.{bf}(X),\n   @poscopy_1.@interm_out.orbits.{bf}(X,Z),\n   @poscopy_1.@interm_out.orbits.{bf}(Z,Y).": {
         "0": {
          "atom-frequency": {
           "@new_@poscopy_1.@interm_out.orbits.{bf}(X,Y) :- \n   @delta_@magic.@poscopy_1.@interm_out.orbits.{bf}(X),\n   @poscopy_1.@interm_out.orbits.{bf}(X,Z),\n   @poscopy_1.@interm_out.orbits.{bf}(Z,Y).": {
            "@delta_@magic.@poscopy_1.@interm_out.orbits.{bf}": {
             "level": 0,
             "num-tuples": 0
            },
            "@poscopy_1.@interm_out.orbits.{bf}": {
             "level": 1,
             "num-tuples": 0
            }
           }
          },
          "maxRSS": {
           "post": 31352,
           "pre": 31352
          },
          "num-tuples": 0,
          "runtime": { "start": 22989842051, "end": 22989842051},
          "source-locator": " [1:1-1:1]"
         },
         "1": {
          "atom-frequency": {
           "@new_@poscopy_1.@interm_out.orbits.{bf}(X,Y) :- \n   @magic.@poscopy_1.@interm_out.orbits.{bf}(X),\n   @delta_@poscopy_1.@interm_out.orbits.{bf}(X,Z),\n   @poscopy_1.@interm_out.orbits.{bf}(Z,Y).": {
            "@delta_@poscopy_1.@interm_out.orbits.{bf}": {
             "level": 1,
             "num-tuples": 0
            },
            "@magic.@poscopy_1.@interm_out.orbits.{bf}": {
             "level": 0,
             "num-tuples": 0
            },
            "@poscopy_1.@interm_out.orbits.{bf}": {
             "level": 2,
             "num-tuples": 0
            }
           }
          },
          "maxRSS": {
           "post": 31352,
           "pre": 31352
          },
          "num-tuples": 0,
          "runtime": { "start": 22989842057, "end": 22989842058},
          "source-locator": " [1:1-1:1]"
         },
         "2": {
          "atom-frequency": {
           "@new_@poscopy_1.@interm_out.orbits.{bf}(X,Y) :- \n   @magic.@poscopy_1.@interm_out.orbits.{bf}(X),\n   @poscopy_1.@interm_out.orbits.{bf}(X,Z),\n   @delta_@poscopy_1.@interm_out.orbits.{bf}(Z,Y).": {
            "@delta_@poscopy_1.@interm_out.orbits.{bf}": {
             "level": 2,
             "num-tuples": 0
            },
            "@magic.@poscopy_1.@interm_out.orbits.{bf}": {
             "level": 0,
             "num-tuples": 0
            },
            "@poscopy_1.@interm_out.orbits.{bf}": {
             "level": 1,
             "num-tuples": 0
            }
           }
          },
          "maxRSS": {
           "post": 31352,
           "pre": 31352
          },
          "num-tuples": 0,
          "runtime": { "start": 22989842062, "end": 22989842063},
          "source-locator": " [1:1-1:1]"
         }
        }
       },
       "runtime": { "start": 22989842050, "end": 22989842077}
      },
      "1": {
       "copytime": { "start": 22989842288, "end": 22989842288},
       "maxRSS": {
        "post": 31352,
        "pre": 31352
       },
       "num-tuples": 1,
       "recursive-rule": {
        "@poscopy_1.@interm_out.orbits.{bf}(@abdul0,\"earth\") :- \n   @magic.@poscopy_1.@interm_out.orbits.{bf}(@abdul0),\n   @abdul0 = \"moon\".": {
         "0": {
          "maxRSS": {
           "post": 31352,
           "pre": 31352
          },
          "num-tuples": 0,
          "runtime": { "start": 22989842240, "end": 22989842241},
          "source-locator": " [1:1-1:1]"
         }
        },
        "@poscopy_1.@interm_out.orbits.{bf}(@abdul0,\"sun\") :- \n   @magic.@poscopy_1.@interm_out.orbits.{bf}(@abdul0),\n   @abdul0 = \"earth\".": {
         "0": {
          "maxRSS": {
           "post": 31352,
           "pre": 31352
          },
          "num-tuples": 1,
          "runtime": { "start": 22989842232, "end": 22989842236},
          "source-locator": " [1:1-1:1]"
         }
        },
        "@poscopy_1.@interm_out.orbits.{bf}(X,Y) :- \n   @magic.@poscopy_1.@interm_out.orbits.{bf}(X),\n   @poscopy_1.@interm_out.orbits.{bf}(X,Z),\n   @poscopy_1.@interm_out.orbits.{bf}(Z,Y).": {
         "0": {
          "maxRSS": {
           "post": 31352,
           "pre": 31352
          },
          "num-tuples": 0,
          "runtime": { "start": 22989842208, "end": 22989842208},
          "source-locator": " [1:1-1:1]"
         },
         "1": {
          "maxRSS": {
           "post": 31352,
           "pre": 31352
          },
          "num-tuples": 0,
          "runtime": { "start": 22989842217, "end": 22989842217},
          "source-locator": " [1:1-1:1]"
         },
         "2": {
          "maxRSS": {
           "post": 31352,
           "pre": 31352
          },
          "num-tuples": 0,
          "runtime": { "start": 22989842222, "end": 22989842223},
          "source-locator": " [1:1-1:1]"
         }
        }
       },
       "runtime": { "start": 22989842198, "end": 22989842259}
      },
      "2": {
       "copytime": { "start": 22989842412, "end": 22989842413},
       "maxRSS": {
        "post": 31352,
        "pre": 31352
       },
       "num-tuples": 0,
       "recursive-rule": {
        "@poscopy_1.@interm_out.orbits.{bf}(@abdul0,\"earth\") :- \n   @magic.@poscopy_1.@interm_out.orbits.{bf}(@abdul0),\n   @abdul0 = \"moon\".": {
         "0": {
          "maxRSS": {
           "post": 31352,
           "pre": 31352
          },
          "num-tuples": 0,
          "runtime": { "start": 22989842377, "end": 22989842378},
          "source-locator": " [1:1-1:1]"
         }
        },
        "@poscopy_1.@interm_out.orbits.{bf}(@abdul0,\"sun\") :- \n   @magic.@poscopy_1.@interm_out.orbits.{bf}(@abdul0),\n   @abdul0 = \"earth\".": {
         "0": {
          "maxRSS": {
           "post": 31352,
           "pre": 31352
          },
          "num-tuples": 0,
          "runtime": { "start": 22989842371, "end": 22989842372},
          "source-locator": " [1:1-1:1]"
         }
        },
        "@poscopy_1.@interm_out.orbits.{bf}(X,Y) :- \n   @magic.@poscopy_1.@interm_out.orbits.{bf}(X),\n   @poscopy_1.@interm_out.orbits.{bf}(X,Z),\n   @poscopy_1.@interm_out.orbits.{bf}(Z,Y).": {
         "0": {
          "maxRSS": {
           "post": 31352,
           "pre": 31352
          },
          "num-tuples": 0,
          "runtime": { "start": 22989842348, "end": 22989842349},
          "source-locator": " [1:1-1:1]"
         },
         "1": {
          "maxRSS": {
           "post": 31352,
           "pre": 31352
          },
          "num-tuples": 0,
          "runtime": { "start": 22989842358, "end": 22989842360},
          "source-locator": " [1:1-1:1]"
         },
         "2": {
          "maxRSS": {
           "post": 31352,
           "pre": 31352
          },
          "num-tuples": 0,
          "runtime": { "start": 22989842365, "end": 22989842366},
          "source-locator": " [1:1-1:1]"
         }
        }
       },
       "runtime": { "start": 22989842339, "end": 22989842382}
      },
      "3": {
       "maxRSS": {
        "post": 31352,
        "pre": 31352
       },
       "num-tuples": 0,
       "recursive-rule": {
        "@poscopy_1.@interm_out.orbits.{bf}(@abdul0,\"earth\") :- \n   @magic.@poscopy_1.@interm_out.orbits.{bf}(@abdul0),\n   @abdul0 = \"moon\".": {
         "0": {
          "maxRSS": {
           "post": 31352,
           "pre": 31352
          },
          "num-tuples": 0,
          "runtime": { "start": 22989842460, "end": 22989842470},
          "source-locator": " [1:1-1:1]"
         }
        },
        "@poscopy_1.@interm_out.orbits.{bf}(@abdul0,\"sun\") :- \n   @magic.@poscopy_1.@interm_out.orbits.{bf}(@abdul0),\n   @abdul0 = \"earth\".": {
         "0": {
          "maxRSS": {
           "post": 31352,
           "pre": 31352
          },
          "num-tuples": 0,
          "runtime": { "start": 22989842455, "end": 22989842456},
          "source-locator": " [1:1-1:1]"
         }
        },
        "@poscopy_1.@interm_out.orbits.{bf}(X,Y) :- \n   @magic.@poscopy_1.@interm_out.orbits.{bf}(X),\n   @poscopy_1.@interm_out.orbits.{bf}(X,Z),\n   @poscopy_1.@interm_out.orbits.{bf}(Z,Y).": {
         "0": {
          "maxRSS": {
           "post": 31352,
           "pre": 31352
          },
          "num-tuples": 0,
          "runtime": { "start": 22989842441, "end": 22989842441},
          "source-locator": " [1:1-1:1]"
         },
         "1": {
          "maxRSS": {
           "post": 31352,
           "pre": 31352
          },
          "num-tuples": 0,
          "runtime": { "start": 22989842446, "end": 22989842447},
          "source-locator": " [1:1-1:1]"
         },
         "2": {
          "maxRSS": {
           "post": 31352,
           "pre": 31352
          },
          "num-tuples": 0,
          "runtime": { "start": 22989842451, "end": 22989842451},
          "source-locator": " [1:1-1:1]"
         }
        }
       },
       "runtime": { "start": 22989842440, "end": 22989842478}
      }
     },
     "num-tuples": 0,
     "source-locator": " [1:1-1:1]"
    },
    "@poscopy_1.@interm_out.orbits.{ff}": {
     "iteration": {
      "0": {
       "copytime": { "start": 22989842138, "end": 22989842138},
       "maxRSS": {
        "post": 31352,
        "pre": 31352
       },
       "num-tuples": 0,
       "recursive-rule": {
        "@poscopy_1.@interm_out.orbits.{ff}(X,Y) :- \n   @magic.@interm_out.intermediate.{ff}(),\n   @poscopy_1.@interm_out.orbits.{ff}(X,Z),\n   @poscopy_1.@interm_out.orbits.{bf}(Z,Y).": {
         "0": {
          "atom-frequency": {
           "@new_@poscopy_1.@interm_out.orbits.{ff}(X,Y) :- \n   @magic.@interm_out.intermediate.{ff}(),\n   @delta_@poscopy_1.@interm_out.orbits.{ff}(X,Z),\n   @poscopy_1.@interm_out.orbits.{bf}(Z,Y).": {
            "@delta_@poscopy_1.@interm_out.orbits.{ff}": {
             "level": 1,
             "num-tuples": 0
            },
            "@poscopy_1.@interm_out.orbits.{bf}": {
             "level": 2,
             "num-tuples": 0
            }
           }
          },
          "maxRSS": {
           "post": 31352,
           "pre": 31352
          },
          "num-tuples": 0,
          "runtime": { "start": 22989842080, "end": 22989842081},
          "source-locator": " [1:1-1:1]"
         },
         "1": {
          "atom-frequency": {
           "@new_@poscopy_1.@interm_out.orbits.{ff}(X,Y) :- \n   @magic.@interm_out.intermediate.{ff}(),\n   @poscopy_1.@interm_out.orbits.{ff}(X,Z),\n   @delta_@poscopy_1.@interm_out.orbits.{bf}(Z,Y).": {
            "@delta_@poscopy_1.@interm_out.orbits.{bf}": {
             "level": 2,
             "num-tuples": 0
            },
            "@poscopy_1.@interm_out.orbits.{ff}": {
             "level": 1,
             "num-tuples": 0
            }
           }
          },
          "maxRSS": {
           "post": 31352,
           "pre": 31352
          },
          "num-tuples": 0,
          "runtime": { "start": 22989842087, "end": 22989842088},
          "source-locator": " [1:1-1:1]"
         }
        }
       },
       "runtime": { "start": 22989842080, "end": 22989842092}
      },
      "1": {
       "copytime": { "start": 22989842290, "end": 22989842291},
       "maxRSS": {
        "post": 31352,
        "pre": 31352
       },
       "num-tuples": 0,
       "recursive-rule": {
        "@poscopy_1.@interm_out.orbits.{ff}(X,Y) :- \n   @magic.@interm_out.intermediate.{ff}(),\n   @poscopy_1.@interm_out.orbits.{ff}(X,Z),\n   @poscopy_1.@interm_out.orbits.{bf}(Z,Y).": {
         "0": {
          "maxRSS": {
           "post": 31352,
           "pre": 31352
          },
          "num-tuples": 0,
          "runtime": { "start": 22989842262, "end": 22989842263},
          "source-locator": " [1:1-1:1]"
         },
         "1": {
          "maxRSS": {
           "post": 31352,
           "pre": 31352
          },
          "num-tuples": 0,
          "runtime": { "start": 22989842267, "end": 22989842268},
          "source-locator": " [1:1-1:1]"
         }
        }
       },
       "runtime": { "start": 22989842262, "end": 22989842273}
      },
      "2": {
       "copytime": { "start": 22989842415, "end": 22989842415},
       "maxRSS": {
        "post": 31352,
        "pre": 31352
       },
       "num-tuples": 1,
       "recursive-rule": {
        "@poscopy_1.@interm_out.orbits.{ff}(X,Y) :- \n   @magic.@interm_out.intermediate.{ff}(),\n   @poscopy_1.@interm_out.orbits.{ff}(X,Z),\n   @poscopy_1.@interm_out.orbits.{bf}(Z,Y).": {
         "0": {
          "maxRSS": {
           "post": 31352,
           "pre": 31352
          },
          "num-tuples": 0,
          "runtime": { "start": 22989842386, "end": 22989842386},
          "source-locator": " [1:1-1:1]"
         },
         "1": {
          "maxRSS": {
           "post": 31352,
           "pre": 31352
          },
          "num-tuples": 1,
          "runtime": { "start": 22989842392, "end": 22989842393},
          "source-locator": " [1:1-1:1]"
         }
        }
       },
       "runtime": { "start": 22989842385, "end": 22989842397}
      },
      "3": {
       "maxRSS": {
        "post": 31352,
        "pre": 31352
       },
       "num-tuples": 0,
       "recursive-rule": {
        "@poscopy_1.@interm_out.orbits.{ff}(X,Y) :- \n   @magic.@interm_out.intermediate.{ff}(),\n   @poscopy_1.@interm_out.orbits.{ff}(X,Z),\n   @poscopy_1.@interm_out.orbits.{bf}(Z,Y).": {
         "0": {
          "maxRSS": {
           "post": 31352,
           "pre": 31352
          },
          "num-tuples": 0,
          "runtime": { "start": 22989842483, "end": 22989842485},
          "source-locator": " [1:1-1:1]"
         },
         "1": {
          "maxRSS": {
           "post": 31352,
           "pre": 31352
          },
          "num-tuples": 0,
          "runtime": { "start": 22989842492, "end": 22989842502},
          "source-locator": " [1:1-1:1]"
         }
        }
       },
       "runtime": { "start": 22989842483, "end": 22989842510}
      }
     },
     "maxRSS": {
      "post": 31352,
      "pre": 31352
     },
     "non-recursive-rule": {
      "@poscopy_1.@interm_out.orbits.{ff}(\"earth\",\"sun\") :- \n   @magic.@interm_out.intermediate.{ff}().": {
       "maxRSS": {
        "post": 31352,
        "pre": 31352
       },
       "num-tuples": 1,
       "runtime": { "start": 22989841965, "end": 22989841966},
       "source-locator": " [1:1-1:1]"
      },
      "@poscopy_1.@interm_out.orbits.{ff}(\"moon\",\"earth\") :- \n   @magic.@interm_out.intermediate.{ff}().": {
       "maxRSS": {
        "post": 31352,
        "pre": 31352
       },
       "num-tuples": 1,
       "runtime": { "start": 22989841980, "end": 22989841980},
       "source-locator": " [1:1-1:1]"
      }
     },
     "num-tuples": 2,
     "runtime": { "start": 22989841956, "end": 22989841985},
     "source-locator": " [1:1-1:1]"
    },
    "intermediate": {
     "maxRSS": {
      "post": 31352,
      "pre": 31352
     },
     "non-recursive-rule": {
      "intermediate(@query_x0,@query_x1) :- \n   @interm_out.intermediate.{ff}(@query_x0,@query_x1).": {
       "atom-frequency": {
        "intermediate(@query_x0,@query_x1) :- \n   @interm_out.intermediate.{ff}(@query_x0,@query_x1).": {
         "@interm_out.intermediate.{ff}": {
          "level": 0,
          "num-tuples": 0
         }
        }
       },
       "maxRSS": {
        "post": 31352,
        "pre": 31352
       },
       "num-tuples": 1,
       "runtime": { "start": 22989843669, "end": 22989843670},
       "source-locator": " [1:1-1:1]"
      }
     },
     "num-tuples": 1,
     "reads": 0,
     "runtime": { "start": 22989843659, "end": 22989843677},
     "savetime": { "start": 22989843681, "end": 22989843726},
     "source-locator": "/root/souffle-src/tests/example/orbits/orbits.dl [13:7-13:19]"
    },
    "orbits": {
     "maxRSS": {
      "post": 31352,
      "pre": 31352
     },
     "non-recursive-rule": {
      "orbits(@query_x0,@query_x1) :- \n   @interm_out.orbits.{ff}(@query_x0,@query_x1).": {
       "atom-frequency": {
        "orbits(@query_x0,@query_x1) :- \n   @interm_out.orbits.{ff}(@query_x0,@query_x1).": {
         "@interm_out.orbits.{ff}": {
          "level": 0,
          "num-tuples": 0
         }
        }
       },
       "maxRSS": {
        "post": 31352,
        "pre": 31352
       },
       "num-tuples": 3,
       "runtime": { "start": 22989843470, "end": 22989843471},
       "source-locator": " [1:1-1:1]"
      }
     },
     "num-tuples": 3,
     "reads": 0,
     "runtime": { "start": 22989843461, "end": 22989843481},
     "savetime": { "start": 22989843485, "end": 22989843531},
     "source-locator": "/root/souffle-src/tests/example/orbits/orbits.dl [9:7-9:13]"
    },
    "planet": {
     "maxRSS": {
      "post": 31352,
      "pre": 31352
     },
     "non-recursive-rule": {
      "planet(X) :- \n   @interm_out.orbits.{ff}(X,Y),\n   @interm_out.star(Y),\n   !@neglabel.@interm_out.intermediate(X,Y).": {
       "atom-frequency": {
        "planet(X) :- \n   @interm_out.orbits.{ff}(X,Y),\n   @interm_out.star(Y),\n   !@neglabel.@interm_out.intermediate(X,Y).": {
         "@interm_out.orbits.{ff}": {
          "level": 0,
          "num-tuples": 0
         }
        }
       },
       "maxRSS": {
        "post": 31352,
        "pre": 31352
       },
       "num-tuples": 1,
       "runtime": { "start": 22989843545, "end": 22989843547},
       "source-locator": " [1:1-1:1]"
      }
     },
     "num-tuples": 1,
     "reads": 0,
     "runtime": { "start": 22989843535, "end": 22989843555},
     "savetime": { "start": 22989843560, "end": 22989843604},
     "source-locator": "/root/souffle-src/tests/example/orbits/orbits.dl [11:7-11:13]"
    },
    "satellite": {
     "maxRSS": {
      "post": 31352,
      "pre": 31352
     },
     "non-recursive-rule": {
      "satellite(X,Y) :- \n   @interm_out.orbits.{ff}(X,Y),\n   !@neglabel.@interm_out.intermediate(X,Y),\n   !@interm_out.star(Y).": {
       "atom-frequency": {
        "satellite(X,Y) :- \n   @interm_out.orbits.{ff}(X,Y),\n   !@neglabel.@interm_out.intermediate(X,Y),\n   !@interm_out.star(Y).": {
         "@interm_out.orbits.{ff}": {
          "level": 0,
          "num-tuples": 0
         }
        }
       },
       "maxRSS": {
        "post": 31352,
        "pre": 31352
       },
       "num-tuples": 1,
       "runtime": { "start": 22989843618, "end": 22989843619},
       "source-locator": " [1:1-1:1]"
      }
     },
     "num-tuples": 1,
     "reads": 0,
     "runtime": { "start": 22989843608, "end": 22989843627},
     "savetime": { "start": 22989843631, "end": 22989843655},
     "source-locator": "/root/souffle-src/tests/example/orbits/orbits.dl [15:7-15:16]"
    },
    "star": {
     "maxRSS": {
      "post": 31352,
      "pre": 31352
     },
     "non-recursive-rule": {
      "star(@query_x0) :- \n   @interm_out.star(@query_x0).": {
       "atom-frequency": {
        "star(@query_x0) :- \n   @interm_out.star(@query_x0).": {
         "@interm_out.star": {
          "level": 0,
          "num-tuples": 0
         }
        }
       },
       "maxRSS": {
        "post": 31352,
        "pre": 31352
       },
       "num-tuples": 1,
       "runtime": { "start": 22989842542, "end": 22989842542},
       "source-locator": " [1:1-1:1]"
      }
     },
     "num-tuples": 1,
     "reads": 0,
     "runtime": { "start": 22989842541, "end": 22989842549},
     "savetime": { "start": 22989842553, "end": 22989842670},
     "source-locator": "/root/souffle-src/tests/example/orbits/orbits.dl [7:7-7:11]"
    }
   },
   "runtime": { "start": 22989841879, "end": 22989843730},
   "starttime": { "time": 22989841831},
   "usage": {
    "timepoint": {
     "22989841884": {
      "maxRSS": 31352,
      "systemtime": 0,
      "usertime": 7045
     },
     "22989841940": {
      "maxRSS": 31352,
      "systemtime": 0,
      "usertime": 7134
     },
     "22989841976": {
      "maxRSS": 31352,
      "systemtime": 0,
      "usertime": 7180
     },
     "22989842080": {
      "maxRSS": 31352,
      "systemtime": 0,
      "usertime": 7307
     },
     "22989842088": {
      "maxRSS": 31352,
      "systemtime": 0,
      "usertime": 7322
     },
     "22989842118": {
      "maxRSS": 31352,
      "systemtime": 0,
      "usertime": 7356
     },
     "22989842140": {
      "maxRSS": 31352,
      "systemtime": 0,
      "usertime": 7385
     },
     "22989842166": {
      "maxRSS": 31352,
      "systemtime": 0,
      "usertime": 7416
     },
     "22989842188": {
      "maxRSS": 31352,
      "systemtime": 0,
      "usertime": 7452
     },
     "22989842289": {
      "maxRSS": 31352,
      "systemtime": 0,
      "usertime": 7565
     },
     "22989842325": {
      "maxRSS": 31352,
      "systemtime": 0,
      "usertime": 7610
     },
     "22989842449": {
      "maxRSS": 31352,
      "systemtime": 0,
      "usertime": 7746
     },
     "22989842484": {
      "maxRSS": 31352,
      "systemtime": 0,
      "usertime": 7794
     },
     "22989842512": {
      "maxRSS": 31352,
      "systemtime": 0,
      "usertime": 7829
     },
     "22989842544": {
      "maxRSS": 31352,
      "systemtime": 0,
      "usertime": 7873
     },
     "22989842578": {
      "maxRSS": 31352,
      "systemtime": 0,
      "usertime": 7893
     },
     "22989842754": {
      "maxRSS": 31352,
      "systemtime": 0,
      "usertime": 8105
     },
     "22989842764": {
      "maxRSS": 31352,
      "systemtime": 0,
      "usertime": 8126
     },
     "22989842795": {
      "maxRSS": 31352,
      "systemtime": 0,
      "usertime": 8161
     },
     "22989842819": {
      "maxRSS": 31352,
      "systemtime": 0,
      "usertime": 8189
     },
     "22989842902": {
      "maxRSS": 31352,
      "systemtime": 0,
      "usertime": 8300
     },
     "22989842939": {
      "maxRSS": 31352,
      "systemtime": 0,
      "usertime": 8341
     },
     "22989842965": {
      "maxRSS": 31352,
      "systemtime": 0,
      "usertime": 8371
     },
     "22989842994": {
      "maxRSS": 31352,
      "systemtime": 0,
      "usertime": 8411
     },
     "22989843016": {
      "maxRSS": 31352,
      "systemtime": 0,
      "usertime": 8438
     },
     "22989843037": {
      "maxRSS": 31352,
      "systemtime": 0,
      "usertime": 8460
     },
     "22989843061": {
      "maxRSS": 31352,
      "systemtime": 0,
      "usertime": 8491
     },
     "22989843085": {
      "maxRSS": 31352,
      "systemtime": 0,
      "usertime": 8520
     },
     "22989843110": {
      "maxRSS": 31352,
      "systemtime": 0,
      "usertime": 8551
     },
     "22989843139": {
      "maxRSS": 31352,
      "systemtime": 0,
      "usertime": 8586
     },
     "22989843163": {
      "maxRSS": 31352,
      "systemtime": 0,
      "usertime": 8615
     },
     "22989843191": {
      "maxRSS": 31352,
      "systemtime": 0,
      "usertime": 8654
     },
     "22989843214": {
      "maxRSS": 31352,
      "systemtime": 0,
      "usertime": 8682
     },
     "22989843235": {
      "maxRSS": 31352,
      "systemtime": 0,
      "usertime": 8703
     },
     "22989843257": {
      "maxRSS": 31352,
      "systemtime": 0,
      "usertime": 8731
     },
     "22989843281": {
      "maxRSS": 31352,
      "systemtime": 0,
      "usertime": 8761
     },
     "22989843307": {
      "maxRSS": 31352,
      "systemtime": 0,
      "usertime": 8799
     },
     "22989843329": {
      "maxRSS": 31352,
      "systemtime": 0,
      "usertime": 8820
     },
     "22989843356": {
      "maxRSS": 31352,
      "systemtime": 0,
      "usertime": 8860
     },
     "22989843377": {
      "maxRSS": 31352,
      "systemtime": 0,
      "usertime": 8880
     },
     "22989843407": {
      "maxRSS": 31352,
      "systemtime": 0,
      "usertime": 8921
     },
     "22989843429": {
      "maxRSS": 31352,
      "systemtime": 0,
      "usertime": 8945
     },
     "22989843454": {
      "maxRSS": 31352,
      "systemtime": 0,
      "usertime": 8975
     },
     "22989843477": {
      "maxRSS": 31352,
      "systemtime": 0,
      "usertime": 9003
     },
     "22989843501": {
      "maxRSS": 31352,
      "systemtime": 0,
      "usertime": 9023
     },
     "22989843549": {
      "maxRSS": 31352,
      "systemtime": 0,
      "usertime": 9091
     },
     "22989843576": {
      "maxRSS": 31352,
      "systemtime": 0,
      "usertime": 9110
     },
     "22989843625": {
      "maxRSS": 31352,
      "systemtime": 0,
      "usertime": 9174
     },
     "22989843647": {
      "maxRSS": 31352,
      "systemtime": 0,
      "usertime": 9192
     },
     "22989843676": {
      "maxRSS": 31352,
      "systemtime": 0,
      "usertime": 9235
     },
     "22989843700": {
      "maxRSS": 31352,
      "systemtime": 0,
      "usertime": 9253
     }
    }
   }
  }
 }
}
