{
 "root": {
  "program": {
   "configuration": {
    "": "/root/compiler/tests/corpus/BENCHMARK_FAMILY/same_generation_negation.dl",
    "fact-dir": "/root/compiler/fixtures/benchmark-family/same_generation_negation/d4_b4",
    "include-dir": ".",
    "jobs": "1",
    "libraries": "functors",
    "library-dir": ".",
    "output-dir": "/root/compiler/measurements/m3-5-headline/family/same_generation_negation/d4_b4/none",
    "profile": "prof.log",
    "relationCount": "5",
    "ruleCount": "6",
    "version": "2.5",
    "warn": "all",
    "wno": "none"
   },
   "relation": {
    "notsg": {
     "maxRSS": {
      "post": 13504,
      "pre": 13504
     },
     "non-recursive-rule": {
      "notsg(x,y) :- \n   person(x),\n   person(y),\n   !sg(x,y).": {
       "atom-frequency": {
        "notsg(x,y) :- \n   person(x),\n   person(y),\n   !sg(x,y).": {
         "person": {
          "level": 0,
          "num-tuples": 0
         }
        }
       },
       "maxRSS": {
        "post": 13504,
        "pre": 13504
       },
       "num-tuples": 20620,
       "runtime": { "start": 29053159600, "end": 29053162321},
       "source-locator": "/root/compiler/tests/corpus/BENCHMARK_FAMILY/same_generation_negation.dl [31:1-31:46]"
      }
     },
     "num-tuples": 20620,
     "reads": 0,
     "runtime": { "start": 29053159597, "end": 29053162333},
     "source-locator": "/root/compiler/tests/corpus/BENCHMARK_FAMILY/same_generation_negation.dl [30:7-30:12]"
    },
    "parent": {
     "loadtime": { "start": 29053144636, "end": 29053144792},
     "num-tuples": 225,
     "reads": 0,
     "source-locator": "/root/compiler/tests/corpus/BENCHMARK_FAMILY/same_generation_negation.dl [20:7-20:13]"
    },
    "person": {
     "loadtime": { "start": 29053144801, "end": 29053144848},
     "num-tuples": 226,
     "reads": 0,
     "source-locator": "/root/compiler/tests/corpus/BENCHMARK_FAMILY/same_generation_negation.dl [23:7-23:13]"
    },
    "q_notsg": {
     "maxRSS": {
      "post": 13504,
      "pre": 13504
     },
     "non-recursive-rule": {
      "q_notsg(y) :- \n   notsg(0,y).": {
       "atom-frequency": {
        "q_notsg(y) :- \n   notsg(0,y).": {
         "notsg": {
          "level": 0,
          "num-tuples": 0
         }
        }
       },
       "maxRSS": {
        "post": 13504,
        "pre": 13504
       },
       "num-tuples": 225,
       "runtime": { "start": 29053162437, "end": 29053162455},
       "source-locator": "/root/compiler/tests/corpus/BENCHMARK_FAMILY/same_generation_negation.dl [35:1-35:26]"
      }
     },
     "num-tuples": 225,
     "reads": 0,
     "runtime": { "start": 29053162420, "end": 29053162465},
     "savetime": { "start": 29053162470, "end": 29053162592},
     "source-locator": "/root/compiler/tests/corpus/BENCHMARK_FAMILY/same_generation_negation.dl [33:7-33:14]"
    },
    "sg": {
     "iteration": {
      "0": {
       "copytime": { "start": 29053146665, "end": 29053146717},
       "maxRSS": {
        "post": 12352,
        "pre": 12224
       },
       "num-tuples": 706,
       "recursive-rule": {
        "sg(x,y) :- \n   parent(x,xp),\n   parent(y,yp),\n   sg(xp,yp),\n   x != y.": {
         "0": {
          "atom-frequency": {
           "@new_sg(x,y) :- \n   parent(x,xp),\n   parent(y,yp),\n   @delta_sg(xp,yp),\n   x != y.": {
            "parent": {
             "level": 0,
             "num-tuples": 0
            }
           }
          },
          "maxRSS": {
           "post": 12352,
           "pre": 12224
          },
          "num-tuples": 706,
          "runtime": { "start": 29053144910, "end": 29053146627},
          "source-locator": "/root/compiler/tests/corpus/BENCHMARK_FAMILY/same_generation_negation.dl [28:1-28:58]"
         }
        }
       },
       "runtime": { "start": 29053144901, "end": 29053146640}
      },
      "1": {
       "copytime": { "start": 29053148679, "end": 29053148869},
       "maxRSS": {
        "post": 12352,
        "pre": 12352
       },
       "num-tuples": 2564,
       "recursive-rule": {
        "sg(x,y) :- \n   parent(x,xp),\n   parent(y,yp),\n   sg(xp,yp),\n   x != y.": {
         "0": {
          "maxRSS": {
           "post": 12352,
           "pre": 12352
          },
          "num-tuples": 2564,
          "runtime": { "start": 29053146730, "end": 29053148648},
          "source-locator": "/root/compiler/tests/corpus/BENCHMARK_FAMILY/same_generation_negation.dl [28:1-28:58]"
         }
        }
       },
       "runtime": { "start": 29053146721, "end": 29053148658}
      },
      "2": {
       "copytime": { "start": 29053151649, "end": 29053152359},
       "maxRSS": {
        "post": 12608,
        "pre": 12352
       },
       "num-tuples": 8820,
       "recursive-rule": {
        "sg(x,y) :- \n   parent(x,xp),\n   parent(y,yp),\n   sg(xp,yp),\n   x != y.": {
         "0": {
          "maxRSS": {
           "post": 12608,
           "pre": 12352
          },
          "num-tuples": 8820,
          "runtime": { "start": 29053148885, "end": 29053151602},
          "source-locator": "/root/compiler/tests/corpus/BENCHMARK_FAMILY/same_generation_negation.dl [28:1-28:58]"
         }
        }
       },
       "runtime": { "start": 29053148874, "end": 29053151618}
      },
      "3": {
       "copytime": { "start": 29053156044, "end": 29053157368},
       "maxRSS": {
        "post": 13120,
        "pre": 12736
       },
       "num-tuples": 18140,
       "recursive-rule": {
        "sg(x,y) :- \n   parent(x,xp),\n   parent(y,yp),\n   sg(xp,yp),\n   x != y.": {
         "0": {
          "maxRSS": {
           "post": 13120,
           "pre": 12736
          },
          "num-tuples": 18140,
          "runtime": { "start": 29053152390, "end": 29053155975},
          "source-locator": "/root/compiler/tests/corpus/BENCHMARK_FAMILY/same_generation_negation.dl [28:1-28:58]"
         }
        }
       },
       "runtime": { "start": 29053152367, "end": 29053155990}
      },
      "4": {
       "maxRSS": {
        "post": 13504,
        "pre": 13504
       },
       "num-tuples": 0,
       "recursive-rule": {
        "sg(x,y) :- \n   parent(x,xp),\n   parent(y,yp),\n   sg(xp,yp),\n   x != y.": {
         "0": {
          "maxRSS": {
           "post": 13504,
           "pre": 13504
          },
          "num-tuples": 0,
          "runtime": { "start": 29053157390, "end": 29053159541},
          "source-locator": "/root/compiler/tests/corpus/BENCHMARK_FAMILY/same_generation_negation.dl [28:1-28:58]"
         }
        }
       },
       "runtime": { "start": 29053157376, "end": 29053159552}
      }
     },
     "maxRSS": {
      "post": 12224,
      "pre": 12096
     },
     "non-recursive-rule": {
      "sg(x,x) :- \n   person(x).": {
       "atom-frequency": {
        "sg(x,x) :- \n   person(x).": {
         "person": {
          "level": 0,
          "num-tuples": 0
         }
        }
       },
       "maxRSS": {
        "post": 12224,
        "pre": 12096
       },
       "num-tuples": 226,
       "runtime": { "start": 29053144865, "end": 29053144879},
       "source-locator": "/root/compiler/tests/corpus/BENCHMARK_FAMILY/same_generation_negation.dl [27:1-27:22]"
      }
     },
     "num-tuples": 226,
     "reads": 81306,
     "runtime": { "start": 29053144855, "end": 29053144888},
     "source-locator": "/root/compiler/tests/corpus/BENCHMARK_FAMILY/same_generation_negation.dl [26:7-26:9]"
    }
   },
   "runtime": { "start": 29053144630, "end": 29053162625},
   "starttime": { "time": 29053144600},
   "usage": {
    "timepoint": {
     "29053144622": {
      "maxRSS": 11444,
      "systemtime": 0,
      "usertime": 3668
     },
     "29053144823": {
      "maxRSS": 12096,
      "systemtime": 0,
      "usertime": 4499
     },
     "29053144870": {
      "maxRSS": 12224,
      "systemtime": 0,
      "usertime": 4574
     },
     "29053144916": {
      "maxRSS": 12224,
      "systemtime": 0,
      "usertime": 4626
     },
     "29053146016": {
      "maxRSS": 12352,
      "systemtime": 0,
      "usertime": 4634
     },
     "29053146704": {
      "maxRSS": 12352,
      "systemtime": 0,
      "usertime": 6408
     },
     "29053146736": {
      "maxRSS": 12352,
      "systemtime": 0,
      "usertime": 6481
     },
     "29053147837": {
      "maxRSS": 12352,
      "systemtime": 0,
      "usertime": 6492
     },
     "29053148714": {
      "maxRSS": 12352,
      "systemtime": 0,
      "usertime": 8460
     },
     "29053148890": {
      "maxRSS": 12352,
      "systemtime": 0,
      "usertime": 8674
     },
     "29053149971": {
      "maxRSS": 12480,
      "systemtime": 0,
      "usertime": 8686
     },
     "29053151055": {
      "maxRSS": 12480,
      "systemtime": 0,
      "usertime": 8706
     },
     "29053151658": {
      "maxRSS": 12608,
      "systemtime": 0,
      "usertime": 11488
     },
     "29053152405": {
      "maxRSS": 12736,
      "systemtime": 0,
      "usertime": 12246
     },
     "29053153548": {
      "maxRSS": 12864,
      "systemtime": 0,
      "usertime": 12271
     },
     "29053154645": {
      "maxRSS": 12992,
      "systemtime": 0,
      "usertime": 12290
     },
     "29053155830": {
      "maxRSS": 13120,
      "systemtime": 0,
      "usertime": 12314
     },
     "29053156038": {
      "maxRSS": 13120,
      "systemtime": 38,
      "usertime": 15933
     },
     "29053157162": {
      "maxRSS": 13376,
      "systemtime": 76,
      "usertime": 15933
     },
     "29053157396": {
      "maxRSS": 13504,
      "systemtime": 1450,
      "usertime": 15933
     },
     "29053158474": {
      "maxRSS": 13504,
      "systemtime": 1468,
      "usertime": 15933
     },
     "29053159549": {
      "maxRSS": 13504,
      "systemtime": 3260,
      "usertime": 16300
     },
     "29053159590": {
      "maxRSS": 13504,
      "systemtime": 3266,
      "usertime": 16330
     },
     "29053159602": {
      "maxRSS": 13504,
      "systemtime": 3273,
      "usertime": 16365
     },
     "29053160703": {
      "maxRSS": 13504,
      "systemtime": 3273,
      "usertime": 16780
     },
     "29053161768": {
      "maxRSS": 13504,
      "systemtime": 3273,
      "usertime": 16787
     },
     "29053162476": {
      "maxRSS": 13504,
      "systemtime": 3273,
      "usertime": 19281
     }
    }
   }
  }
 }
}
