{
 "root": {
  "program": {
   "configuration": {
    "": "/root/compiler/measurements/m3-5-headline-m4/family/ancestor_nonancestor/n1000/emit_guarded/transformed.dl",
    "fact-dir": "/root/compiler/fixtures/benchmark-family/ancestor_nonancestor/n1000",
    "include-dir": ".",
    "jobs": "1",
    "libraries": "functors",
    "library-dir": ".",
    "output-dir": "/root/compiler/measurements/m3-5-headline-m4/family/ancestor_nonancestor/n1000/dlc",
    "profile": "prof.log",
    "relationCount": "11",
    "ruleCount": "19",
    "version": "2.5",
    "warn": "all",
    "wno": "none"
   },
   "relation": {
    "ancestor_bf": {
     "iteration": {
      "0": {
       "copytime": { "start": 17192914636, "end": 17192914646},
       "maxRSS": {
        "post": 14780,
        "pre": 14780
       },
       "num-tuples": 0,
       "recursive-rule": {
        "ancestor_bf(x,y) :- \n   sup_ancestor_bf_r1_2(x,y).": {
         "0": {
          "atom-frequency": {
           "@new_ancestor_bf(x,y) :- \n   @delta_sup_ancestor_bf_r1_2(x,y).": {
            "@delta_sup_ancestor_bf_r1_2": {
             "level": 0,
             "num-tuples": 0
            }
           }
          },
          "maxRSS": {
           "post": 14780,
           "pre": 14780
          },
          "num-tuples": 0,
          "runtime": { "start": 17192914511, "end": 17192914512},
          "source-locator": "/root/compiler/measurements/m3-5-headline-m4/family/ancestor_nonancestor/n1000/emit_guarded/transformed.dl [35:1-35:49]"
         }
        }
       },
       "runtime": { "start": 17192914502, "end": 17192914521}
      },
      "1": {
       "copytime": { "start": 17192914781, "end": 17192914809},
       "maxRSS": {
        "post": 14780,
        "pre": 14780
       },
       "num-tuples": 401,
       "recursive-rule": {
        "ancestor_bf(x,y) :- \n   sup_ancestor_bf_r1_2(x,y).": {
         "0": {
          "maxRSS": {
           "post": 14780,
           "pre": 14780
          },
          "num-tuples": 401,
          "runtime": { "start": 17192914685, "end": 17192914725},
          "source-locator": "/root/compiler/measurements/m3-5-headline-m4/family/ancestor_nonancestor/n1000/emit_guarded/transformed.dl [35:1-35:49]"
         }
        }
       },
       "runtime": { "start": 17192914675, "end": 17192914734}
      },
      "10": {
       "copytime": { "start": 17192916722, "end": 17192916732},
       "maxRSS": {
        "post": 14780,
        "pre": 14780
       },
       "num-tuples": 0,
       "recursive-rule": {
        "ancestor_bf(x,y) :- \n   sup_ancestor_bf_r1_2(x,y).": {
         "0": {
          "maxRSS": {
           "post": 14780,
           "pre": 14780
          },
          "num-tuples": 0,
          "runtime": { "start": 17192916630, "end": 17192916631},
          "source-locator": "/root/compiler/measurements/m3-5-headline-m4/family/ancestor_nonancestor/n1000/emit_guarded/transformed.dl [35:1-35:49]"
         }
        }
       },
       "runtime": { "start": 17192916630, "end": 17192916639}
      },
      "11": {
       "copytime": { "start": 17192916806, "end": 17192916809},
       "maxRSS": {
        "post": 14780,
        "pre": 14780
       },
       "num-tuples": 20,
       "recursive-rule": {
        "ancestor_bf(x,y) :- \n   sup_ancestor_bf_r1_2(x,y).": {
         "0": {
          "maxRSS": {
           "post": 14780,
           "pre": 14780
          },
          "num-tuples": 20,
          "runtime": { "start": 17192916746, "end": 17192916750},
          "source-locator": "/root/compiler/measurements/m3-5-headline-m4/family/ancestor_nonancestor/n1000/emit_guarded/transformed.dl [35:1-35:49]"
         }
        }
       },
       "runtime": { "start": 17192916745, "end": 17192916758}
      },
      "12": {
       "copytime": { "start": 17192916898, "end": 17192916907},
       "maxRSS": {
        "post": 14780,
        "pre": 14780
       },
       "num-tuples": 0,
       "recursive-rule": {
        "ancestor_bf(x,y) :- \n   sup_ancestor_bf_r1_2(x,y).": {
         "0": {
          "maxRSS": {
           "post": 14780,
           "pre": 14780
          },
          "num-tuples": 0,
          "runtime": { "start": 17192916828, "end": 17192916829},
          "source-locator": "/root/compiler/measurements/m3-5-headline-m4/family/ancestor_nonancestor/n1000/emit_guarded/transformed.dl [35:1-35:49]"
         }
        }
       },
       "runtime": { "start": 17192916828, "end": 17192916836}
      },
      "13": {
       "copytime": { "start": 17192916980, "end": 17192916989},
       "maxRSS": {
        "post": 14780,
        "pre": 14780
       },
       "num-tuples": 4,
       "recursive-rule": {
        "ancestor_bf(x,y) :- \n   sup_ancestor_bf_r1_2(x,y).": {
         "0": {
          "maxRSS": {
           "post": 14780,
           "pre": 14780
          },
          "num-tuples": 4,
          "runtime": { "start": 17192916919, "end": 17192916921},
          "source-locator": "/root/compiler/measurements/m3-5-headline-m4/family/ancestor_nonancestor/n1000/emit_guarded/transformed.dl [35:1-35:49]"
         }
        }
       },
       "runtime": { "start": 17192916918, "end": 17192916928}
      },
      "14": {
       "copytime": { "start": 17192917072, "end": 17192917082},
       "maxRSS": {
        "post": 14780,
        "pre": 14780
       },
       "num-tuples": 0,
       "recursive-rule": {
        "ancestor_bf(x,y) :- \n   sup_ancestor_bf_r1_2(x,y).": {
         "0": {
          "maxRSS": {
           "post": 14780,
           "pre": 14780
          },
          "num-tuples": 0,
          "runtime": { "start": 17192917008, "end": 17192917009},
          "source-locator": "/root/compiler/measurements/m3-5-headline-m4/family/ancestor_nonancestor/n1000/emit_guarded/transformed.dl [35:1-35:49]"
         }
        }
       },
       "runtime": { "start": 17192916999, "end": 17192917018}
      },
      "15": {
       "copytime": { "start": 17192917160, "end": 17192917169},
       "maxRSS": {
        "post": 14780,
        "pre": 14780
       },
       "num-tuples": 1,
       "recursive-rule": {
        "ancestor_bf(x,y) :- \n   sup_ancestor_bf_r1_2(x,y).": {
         "0": {
          "maxRSS": {
           "post": 14780,
           "pre": 14780
          },
          "num-tuples": 1,
          "runtime": { "start": 17192917101, "end": 17192917102},
          "source-locator": "/root/compiler/measurements/m3-5-headline-m4/family/ancestor_nonancestor/n1000/emit_guarded/transformed.dl [35:1-35:49]"
         }
        }
       },
       "runtime": { "start": 17192917092, "end": 17192917112}
      },
      "16": {
       "maxRSS": {
        "post": 14780,
        "pre": 14780
       },
       "num-tuples": 0,
       "recursive-rule": {
        "ancestor_bf(x,y) :- \n   sup_ancestor_bf_r1_2(x,y).": {
         "0": {
          "maxRSS": {
           "post": 14780,
           "pre": 14780
          },
          "num-tuples": 0,
          "runtime": { "start": 17192917188, "end": 17192917189},
          "source-locator": "/root/compiler/measurements/m3-5-headline-m4/family/ancestor_nonancestor/n1000/emit_guarded/transformed.dl [35:1-35:49]"
         }
        }
       },
       "runtime": { "start": 17192917180, "end": 17192917197}
      },
      "2": {
       "copytime": { "start": 17192915034, "end": 17192915035},
       "maxRSS": {
        "post": 14780,
        "pre": 14780
       },
       "num-tuples": 0,
       "recursive-rule": {
        "ancestor_bf(x,y) :- \n   sup_ancestor_bf_r1_2(x,y).": {
         "0": {
          "maxRSS": {
           "post": 14780,
           "pre": 14780
          },
          "num-tuples": 0,
          "runtime": { "start": 17192914829, "end": 17192914829},
          "source-locator": "/root/compiler/measurements/m3-5-headline-m4/family/ancestor_nonancestor/n1000/emit_guarded/transformed.dl [35:1-35:49]"
         }
        }
       },
       "runtime": { "start": 17192914828, "end": 17192914837}
      },
      "3": {
       "copytime": { "start": 17192915245, "end": 17192915312},
       "maxRSS": {
        "post": 14780,
        "pre": 14780
       },
       "num-tuples": 659,
       "recursive-rule": {
        "ancestor_bf(x,y) :- \n   sup_ancestor_bf_r1_2(x,y).": {
         "0": {
          "maxRSS": {
           "post": 14780,
           "pre": 14780
          },
          "num-tuples": 659,
          "runtime": { "start": 17192915107, "end": 17192915186},
          "source-locator": "/root/compiler/measurements/m3-5-headline-m4/family/ancestor_nonancestor/n1000/emit_guarded/transformed.dl [35:1-35:49]"
         }
        }
       },
       "runtime": { "start": 17192915098, "end": 17192915196}
      },
      "4": {
       "copytime": { "start": 17192915581, "end": 17192915583},
       "maxRSS": {
        "post": 14780,
        "pre": 14780
       },
       "num-tuples": 0,
       "recursive-rule": {
        "ancestor_bf(x,y) :- \n   sup_ancestor_bf_r1_2(x,y).": {
         "0": {
          "maxRSS": {
           "post": 14780,
           "pre": 14780
          },
          "num-tuples": 0,
          "runtime": { "start": 17192915333, "end": 17192915334},
          "source-locator": "/root/compiler/measurements/m3-5-headline-m4/family/ancestor_nonancestor/n1000/emit_guarded/transformed.dl [35:1-35:49]"
         }
        }
       },
       "runtime": { "start": 17192915332, "end": 17192915341}
      },
      "5": {
       "copytime": { "start": 17192915793, "end": 17192915846},
       "maxRSS": {
        "post": 14780,
        "pre": 14780
       },
       "num-tuples": 579,
       "recursive-rule": {
        "ancestor_bf(x,y) :- \n   sup_ancestor_bf_r1_2(x,y).": {
         "0": {
          "maxRSS": {
           "post": 14780,
           "pre": 14780
          },
          "num-tuples": 579,
          "runtime": { "start": 17192915661, "end": 17192915734},
          "source-locator": "/root/compiler/measurements/m3-5-headline-m4/family/ancestor_nonancestor/n1000/emit_guarded/transformed.dl [35:1-35:49]"
         }
        }
       },
       "runtime": { "start": 17192915651, "end": 17192915743}
      },
      "6": {
       "copytime": { "start": 17192916118, "end": 17192916120},
       "maxRSS": {
        "post": 14780,
        "pre": 14780
       },
       "num-tuples": 0,
       "recursive-rule": {
        "ancestor_bf(x,y) :- \n   sup_ancestor_bf_r1_2(x,y).": {
         "0": {
          "maxRSS": {
           "post": 14780,
           "pre": 14780
          },
          "num-tuples": 0,
          "runtime": { "start": 17192915866, "end": 17192915867},
          "source-locator": "/root/compiler/measurements/m3-5-headline-m4/family/ancestor_nonancestor/n1000/emit_guarded/transformed.dl [35:1-35:49]"
         }
        }
       },
       "runtime": { "start": 17192915866, "end": 17192915875}
      },
      "7": {
       "copytime": { "start": 17192916280, "end": 17192916322},
       "maxRSS": {
        "post": 14780,
        "pre": 14780
       },
       "num-tuples": 303,
       "recursive-rule": {
        "ancestor_bf(x,y) :- \n   sup_ancestor_bf_r1_2(x,y).": {
         "0": {
          "maxRSS": {
           "post": 14780,
           "pre": 14780
          },
          "num-tuples": 303,
          "runtime": { "start": 17192916178, "end": 17192916220},
          "source-locator": "/root/compiler/measurements/m3-5-headline-m4/family/ancestor_nonancestor/n1000/emit_guarded/transformed.dl [35:1-35:49]"
         }
        }
       },
       "runtime": { "start": 17192916169, "end": 17192916230}
      },
      "8": {
       "copytime": { "start": 17192916487, "end": 17192916488},
       "maxRSS": {
        "post": 14780,
        "pre": 14780
       },
       "num-tuples": 0,
       "recursive-rule": {
        "ancestor_bf(x,y) :- \n   sup_ancestor_bf_r1_2(x,y).": {
         "0": {
          "maxRSS": {
           "post": 14780,
           "pre": 14780
          },
          "num-tuples": 0,
          "runtime": { "start": 17192916343, "end": 17192916344},
          "source-locator": "/root/compiler/measurements/m3-5-headline-m4/family/ancestor_nonancestor/n1000/emit_guarded/transformed.dl [35:1-35:49]"
         }
        }
       },
       "runtime": { "start": 17192916343, "end": 17192916351}
      },
      "9": {
       "copytime": { "start": 17192916586, "end": 17192916610},
       "maxRSS": {
        "post": 14780,
        "pre": 14780
       },
       "num-tuples": 86,
       "recursive-rule": {
        "ancestor_bf(x,y) :- \n   sup_ancestor_bf_r1_2(x,y).": {
         "0": {
          "maxRSS": {
           "post": 14780,
           "pre": 14780
          },
          "num-tuples": 86,
          "runtime": { "start": 17192916526, "end": 17192916540},
          "source-locator": "/root/compiler/measurements/m3-5-headline-m4/family/ancestor_nonancestor/n1000/emit_guarded/transformed.dl [35:1-35:49]"
         }
        }
       },
       "runtime": { "start": 17192916516, "end": 17192916548}
      }
     },
     "maxRSS": {
      "post": 14780,
      "pre": 14780
     },
     "non-recursive-rule": {
      "ancestor_bf(x,y) :- \n   sup_ancestor_bf_r0_1(x,y).": {
       "atom-frequency": {
        "ancestor_bf(x,y) :- \n   sup_ancestor_bf_r0_1(x,y).": {
         "sup_ancestor_bf_r0_1": {
          "level": 0,
          "num-tuples": 0
         }
        }
       },
       "maxRSS": {
        "post": 14780,
        "pre": 14780
       },
       "num-tuples": 149,
       "runtime": { "start": 17192914472, "end": 17192914479},
       "source-locator": "/root/compiler/measurements/m3-5-headline-m4/family/ancestor_nonancestor/n1000/emit_guarded/transformed.dl [30:1-30:49]"
      }
     },
     "num-tuples": 149,
     "reads": 3200,
     "runtime": { "start": 17192914463, "end": 17192914488},
     "source-locator": "/root/compiler/measurements/m3-5-headline-m4/family/ancestor_nonancestor/n1000/emit_guarded/transformed.dl [17:7-17:18]"
    },
    "magic_ancestor_bf": {
     "iteration": {
      "0": {
       "copytime": { "start": 17192913798, "end": 17192913799},
       "maxRSS": {
        "post": 14780,
        "pre": 14780
       },
       "num-tuples": 0,
       "recursive-rule": {
        "magic_ancestor_bf(z) :- \n   sup_ancestor_bf_r0_1(_,z).": {
         "0": {
          "atom-frequency": {
           "@new_magic_ancestor_bf(z) :- \n   @delta_sup_ancestor_bf_r0_1(_,z).": {
            "@delta_sup_ancestor_bf_r0_1": {
             "level": 0,
             "num-tuples": 0
            }
           }
          },
          "maxRSS": {
           "post": 14780,
           "pre": 14780
          },
          "num-tuples": 0,
          "runtime": { "start": 17192913746, "end": 17192913747},
          "source-locator": "/root/compiler/measurements/m3-5-headline-m4/family/ancestor_nonancestor/n1000/emit_guarded/transformed.dl [34:1-34:52]"
         }
        }
       },
       "runtime": { "start": 17192913736, "end": 17192913757}
      },
      "1": {
       "copytime": { "start": 17192913876, "end": 17192913885},
       "maxRSS": {
        "post": 14780,
        "pre": 14780
       },
       "num-tuples": 5,
       "recursive-rule": {
        "magic_ancestor_bf(z) :- \n   sup_ancestor_bf_r0_1(_,z).": {
         "0": {
          "maxRSS": {
           "post": 14780,
           "pre": 14780
          },
          "num-tuples": 5,
          "runtime": { "start": 17192913819, "end": 17192913820},
          "source-locator": "/root/compiler/measurements/m3-5-headline-m4/family/ancestor_nonancestor/n1000/emit_guarded/transformed.dl [34:1-34:52]"
         }
        }
       },
       "runtime": { "start": 17192913818, "end": 17192913828}
      },
      "2": {
       "copytime": { "start": 17192913965, "end": 17192913965},
       "maxRSS": {
        "post": 14780,
        "pre": 14780
       },
       "num-tuples": 0,
       "recursive-rule": {
        "magic_ancestor_bf(z) :- \n   sup_ancestor_bf_r0_1(_,z).": {
         "0": {
          "maxRSS": {
           "post": 14780,
           "pre": 14780
          },
          "num-tuples": 0,
          "runtime": { "start": 17192913904, "end": 17192913905},
          "source-locator": "/root/compiler/measurements/m3-5-headline-m4/family/ancestor_nonancestor/n1000/emit_guarded/transformed.dl [34:1-34:52]"
         }
        }
       },
       "runtime": { "start": 17192913895, "end": 17192913913}
      },
      "3": {
       "copytime": { "start": 17192914042, "end": 17192914052},
       "maxRSS": {
        "post": 14780,
        "pre": 14780
       },
       "num-tuples": 19,
       "recursive-rule": {
        "magic_ancestor_bf(z) :- \n   sup_ancestor_bf_r0_1(_,z).": {
         "0": {
          "maxRSS": {
           "post": 14780,
           "pre": 14780
          },
          "num-tuples": 19,
          "runtime": { "start": 17192913985, "end": 17192913988},
          "source-locator": "/root/compiler/measurements/m3-5-headline-m4/family/ancestor_nonancestor/n1000/emit_guarded/transformed.dl [34:1-34:52]"
         }
        }
       },
       "runtime": { "start": 17192913985, "end": 17192913995}
      },
      "4": {
       "copytime": { "start": 17192914124, "end": 17192914134},
       "maxRSS": {
        "post": 14780,
        "pre": 14780
       },
       "num-tuples": 0,
       "recursive-rule": {
        "magic_ancestor_bf(z) :- \n   sup_ancestor_bf_r0_1(_,z).": {
         "0": {
          "maxRSS": {
           "post": 14780,
           "pre": 14780
          },
          "num-tuples": 0,
          "runtime": { "start": 17192914062, "end": 17192914063},
          "source-locator": "/root/compiler/measurements/m3-5-headline-m4/family/ancestor_nonancestor/n1000/emit_guarded/transformed.dl [34:1-34:52]"
         }
        }
       },
       "runtime": { "start": 17192914062, "end": 17192914069}
      },
      "5": {
       "copytime": { "start": 17192914191, "end": 17192914194},
       "maxRSS": {
        "post": 14780,
        "pre": 14780
       },
       "num-tuples": 20,
       "recursive-rule": {
        "magic_ancestor_bf(z) :- \n   sup_ancestor_bf_r0_1(_,z).": {
         "0": {
          "maxRSS": {
           "post": 14780,
           "pre": 14780
          },
          "num-tuples": 20,
          "runtime": { "start": 17192914156, "end": 17192914162},
          "source-locator": "/root/compiler/measurements/m3-5-headline-m4/family/ancestor_nonancestor/n1000/emit_guarded/transformed.dl [34:1-34:52]"
         }
        }
       },
       "runtime": { "start": 17192914147, "end": 17192914170}
      },
      "6": {
       "copytime": { "start": 17192914259, "end": 17192914260},
       "maxRSS": {
        "post": 14780,
        "pre": 14780
       },
       "num-tuples": 0,
       "recursive-rule": {
        "magic_ancestor_bf(z) :- \n   sup_ancestor_bf_r0_1(_,z).": {
         "0": {
          "maxRSS": {
           "post": 14780,
           "pre": 14780
          },
          "num-tuples": 0,
          "runtime": { "start": 17192914201, "end": 17192914201},
          "source-locator": "/root/compiler/measurements/m3-5-headline-m4/family/ancestor_nonancestor/n1000/emit_guarded/transformed.dl [34:1-34:52]"
         }
        }
       },
       "runtime": { "start": 17192914200, "end": 17192914206}
      },
      "7": {
       "copytime": { "start": 17192914344, "end": 17192914345},
       "maxRSS": {
        "post": 14780,
        "pre": 14780
       },
       "num-tuples": 5,
       "recursive-rule": {
        "magic_ancestor_bf(z) :- \n   sup_ancestor_bf_r0_1(_,z).": {
         "0": {
          "maxRSS": {
           "post": 14780,
           "pre": 14780
          },
          "num-tuples": 5,
          "runtime": { "start": 17192914284, "end": 17192914289},
          "source-locator": "/root/compiler/measurements/m3-5-headline-m4/family/ancestor_nonancestor/n1000/emit_guarded/transformed.dl [34:1-34:52]"
         }
        }
       },
       "runtime": { "start": 17192914283, "end": 17192914296}
      },
      "8": {
       "copytime": { "start": 17192914381, "end": 17192914382},
       "maxRSS": {
        "post": 14780,
        "pre": 14780
       },
       "num-tuples": 0,
       "recursive-rule": {
        "magic_ancestor_bf(z) :- \n   sup_ancestor_bf_r0_1(_,z).": {
         "0": {
          "maxRSS": {
           "post": 14780,
           "pre": 14780
          },
          "num-tuples": 0,
          "runtime": { "start": 17192914352, "end": 17192914353},
          "source-locator": "/root/compiler/measurements/m3-5-headline-m4/family/ancestor_nonancestor/n1000/emit_guarded/transformed.dl [34:1-34:52]"
         }
        }
       },
       "runtime": { "start": 17192914352, "end": 17192914359}
      },
      "9": {
       "maxRSS": {
        "post": 14780,
        "pre": 14780
       },
       "num-tuples": 0,
       "recursive-rule": {
        "magic_ancestor_bf(z) :- \n   sup_ancestor_bf_r0_1(_,z).": {
         "0": {
          "maxRSS": {
           "post": 14780,
           "pre": 14780
          },
          "num-tuples": 0,
          "runtime": { "start": 17192914398, "end": 17192914399},
          "source-locator": "/root/compiler/measurements/m3-5-headline-m4/family/ancestor_nonancestor/n1000/emit_guarded/transformed.dl [34:1-34:52]"
         }
        }
       },
       "runtime": { "start": 17192914389, "end": 17192914408}
      }
     },
     "maxRSS": {
      "post": 14780,
      "pre": 14780
     },
     "non-recursive-rule": {
      "magic_ancestor_bf(x) :- \n   sup_nonancestor_bf_r0_2(x,_).": {
       "atom-frequency": {
        "magic_ancestor_bf(x) :- \n   sup_nonancestor_bf_r0_2(x,_).": {
         "sup_nonancestor_bf_r0_2": {
          "level": 0,
          "num-tuples": 0
         }
        }
       },
       "maxRSS": {
        "post": 14780,
        "pre": 14780
       },
       "num-tuples": 1,
       "runtime": { "start": 17192913706, "end": 17192913720},
       "source-locator": "/root/compiler/measurements/m3-5-headline-m4/family/ancestor_nonancestor/n1000/emit_guarded/transformed.dl [26:1-26:55]"
      }
     },
     "num-tuples": 1,
     "reads": 149,
     "runtime": { "start": 17192913697, "end": 17192913728},
     "source-locator": "/root/compiler/measurements/m3-5-headline-m4/family/ancestor_nonancestor/n1000/emit_guarded/transformed.dl [13:7-13:24]"
    },
    "magic_nonancestor_bf": {
     "maxRSS": {
      "post": 14780,
      "pre": 14780
     },
     "non-recursive-rule": {
      "magic_nonancestor_bf(1).": {
       "maxRSS": {
        "post": 14780,
        "pre": 14780
       },
       "num-tuples": 1,
       "runtime": { "start": 17192912959, "end": 17192912964},
       "source-locator": "/root/compiler/measurements/m3-5-headline-m4/family/ancestor_nonancestor/n1000/emit_guarded/transformed.dl [36:1-36:25]"
      }
     },
     "num-tuples": 1,
     "reads": 0,
     "runtime": { "start": 17192912958, "end": 17192912973},
     "source-locator": "/root/compiler/measurements/m3-5-headline-m4/family/ancestor_nonancestor/n1000/emit_guarded/transformed.dl [21:7-21:27]"
    },
    "parent": {
     "loadtime": { "start": 17192912978, "end": 17192913487},
     "num-tuples": 2000,
     "reads": 0,
     "source-locator": "/root/compiler/measurements/m3-5-headline-m4/family/ancestor_nonancestor/n1000/emit_guarded/transformed.dl [1:7-1:13]"
    },
    "person": {
     "loadtime": { "start": 17192913495, "end": 17192913610},
     "num-tuples": 1000,
     "reads": 1,
     "source-locator": "/root/compiler/measurements/m3-5-headline-m4/family/ancestor_nonancestor/n1000/emit_guarded/transformed.dl [3:7-3:13]"
    },
    "q_nonancestor": {
     "maxRSS": {
      "post": 14780,
      "pre": 14780
     },
     "non-recursive-rule": {
      "q_nonancestor(y) :- \n   sup_nonancestor_bf_r0_3(1,y).": {
       "atom-frequency": {
        "q_nonancestor(y) :- \n   sup_nonancestor_bf_r0_3(1,y).": {
         "sup_nonancestor_bf_r0_3": {
          "level": 0,
          "num-tuples": 0
         }
        }
       },
       "maxRSS": {
        "post": 14780,
        "pre": 14780
       },
       "num-tuples": 950,
       "runtime": { "start": 17192917367, "end": 17192917396},
       "source-locator": "/root/compiler/measurements/m3-5-headline-m4/family/ancestor_nonancestor/n1000/emit_guarded/transformed.dl [37:1-37:42]"
      }
     },
     "num-tuples": 950,
     "reads": 0,
     "runtime": { "start": 17192917358, "end": 17192917404},
     "savetime": { "start": 17192917409, "end": 17192917529},
     "source-locator": "/root/compiler/measurements/m3-5-headline-m4/family/ancestor_nonancestor/n1000/emit_guarded/transformed.dl [7:7-7:20]"
    },
    "sup_ancestor_bf_r0_1": {
     "iteration": {
      "0": {
       "copytime": { "start": 17192913803, "end": 17192913813},
       "maxRSS": {
        "post": 14780,
        "pre": 14780
       },
       "num-tuples": 5,
       "recursive-rule": {
        "sup_ancestor_bf_r0_1(x,y) :- \n   magic_ancestor_bf(x),\n   parent(x,y).": {
         "0": {
          "atom-frequency": {
           "@new_sup_ancestor_bf_r0_1(x,y) :- \n   @delta_magic_ancestor_bf(x),\n   parent(x,y).": {
            "@delta_magic_ancestor_bf": {
             "level": 0,
             "num-tuples": 0
            },
            "parent": {
             "level": 1,
             "num-tuples": 0
            }
           }
          },
          "maxRSS": {
           "post": 14780,
           "pre": 14780
          },
          "num-tuples": 5,
          "runtime": { "start": 17192913763, "end": 17192913769},
          "source-locator": "/root/compiler/measurements/m3-5-headline-m4/family/ancestor_nonancestor/n1000/emit_guarded/transformed.dl [29:1-29:69]"
         }
        }
       },
       "runtime": { "start": 17192913763, "end": 17192913775}
      },
      "1": {
       "copytime": { "start": 17192913891, "end": 17192913891},
       "maxRSS": {
        "post": 14780,
        "pre": 14780
       },
       "num-tuples": 0,
       "recursive-rule": {
        "sup_ancestor_bf_r0_1(x,y) :- \n   magic_ancestor_bf(x),\n   parent(x,y).": {
         "0": {
          "maxRSS": {
           "post": 14780,
           "pre": 14780
          },
          "num-tuples": 0,
          "runtime": { "start": 17192913842, "end": 17192913843},
          "source-locator": "/root/compiler/measurements/m3-5-headline-m4/family/ancestor_nonancestor/n1000/emit_guarded/transformed.dl [29:1-29:69]"
         }
        }
       },
       "runtime": { "start": 17192913833, "end": 17192913851}
      },
      "2": {
       "copytime": { "start": 17192913969, "end": 17192913979},
       "maxRSS": {
        "post": 14780,
        "pre": 14780
       },
       "num-tuples": 22,
       "recursive-rule": {
        "sup_ancestor_bf_r0_1(x,y) :- \n   magic_ancestor_bf(x),\n   parent(x,y).": {
         "0": {
          "maxRSS": {
           "post": 14780,
           "pre": 14780
          },
          "num-tuples": 22,
          "runtime": { "start": 17192913927, "end": 17192913932},
          "source-locator": "/root/compiler/measurements/m3-5-headline-m4/family/ancestor_nonancestor/n1000/emit_guarded/transformed.dl [29:1-29:69]"
         }
        }
       },
       "runtime": { "start": 17192913918, "end": 17192913940}
      },
      "3": {
       "copytime": { "start": 17192914057, "end": 17192914058},
       "maxRSS": {
        "post": 14780,
        "pre": 14780
       },
       "num-tuples": 0,
       "recursive-rule": {
        "sup_ancestor_bf_r0_1(x,y) :- \n   magic_ancestor_bf(x),\n   parent(x,y).": {
         "0": {
          "maxRSS": {
           "post": 14780,
           "pre": 14780
          },
          "num-tuples": 0,
          "runtime": { "start": 17192914008, "end": 17192914009},
          "source-locator": "/root/compiler/measurements/m3-5-headline-m4/family/ancestor_nonancestor/n1000/emit_guarded/transformed.dl [29:1-29:69]"
         }
        }
       },
       "runtime": { "start": 17192913999, "end": 17192914018}
      },
      "4": {
       "copytime": { "start": 17192914139, "end": 17192914143},
       "maxRSS": {
        "post": 14780,
        "pre": 14780
       },
       "num-tuples": 53,
       "recursive-rule": {
        "sup_ancestor_bf_r0_1(x,y) :- \n   magic_ancestor_bf(x),\n   parent(x,y).": {
         "0": {
          "maxRSS": {
           "post": 14780,
           "pre": 14780
          },
          "num-tuples": 53,
          "runtime": { "start": 17192914083, "end": 17192914092},
          "source-locator": "/root/compiler/measurements/m3-5-headline-m4/family/ancestor_nonancestor/n1000/emit_guarded/transformed.dl [29:1-29:69]"
         }
        }
       },
       "runtime": { "start": 17192914074, "end": 17192914100}
      },
      "5": {
       "copytime": { "start": 17192914197, "end": 17192914197},
       "maxRSS": {
        "post": 14780,
        "pre": 14780
       },
       "num-tuples": 0,
       "recursive-rule": {
        "sup_ancestor_bf_r0_1(x,y) :- \n   magic_ancestor_bf(x),\n   parent(x,y).": {
         "0": {
          "maxRSS": {
           "post": 14780,
           "pre": 14780
          },
          "num-tuples": 0,
          "runtime": { "start": 17192914175, "end": 17192914176},
          "source-locator": "/root/compiler/measurements/m3-5-headline-m4/family/ancestor_nonancestor/n1000/emit_guarded/transformed.dl [29:1-29:69]"
         }
        }
       },
       "runtime": { "start": 17192914175, "end": 17192914181}
      },
      "6": {
       "copytime": { "start": 17192914263, "end": 17192914278},
       "maxRSS": {
        "post": 14780,
        "pre": 14780
       },
       "num-tuples": 62,
       "recursive-rule": {
        "sup_ancestor_bf_r0_1(x,y) :- \n   magic_ancestor_bf(x),\n   parent(x,y).": {
         "0": {
          "maxRSS": {
           "post": 14780,
           "pre": 14780
          },
          "num-tuples": 62,
          "runtime": { "start": 17192914218, "end": 17192914228},
          "source-locator": "/root/compiler/measurements/m3-5-headline-m4/family/ancestor_nonancestor/n1000/emit_guarded/transformed.dl [29:1-29:69]"
         }
        }
       },
       "runtime": { "start": 17192914209, "end": 17192914235}
      },
      "7": {
       "copytime": { "start": 17192914348, "end": 17192914349},
       "maxRSS": {
        "post": 14780,
        "pre": 14780
       },
       "num-tuples": 0,
       "recursive-rule": {
        "sup_ancestor_bf_r0_1(x,y) :- \n   magic_ancestor_bf(x),\n   parent(x,y).": {
         "0": {
          "maxRSS": {
           "post": 14780,
           "pre": 14780
          },
          "num-tuples": 0,
          "runtime": { "start": 17192914310, "end": 17192914311},
          "source-locator": "/root/compiler/measurements/m3-5-headline-m4/family/ancestor_nonancestor/n1000/emit_guarded/transformed.dl [29:1-29:69]"
         }
        }
       },
       "runtime": { "start": 17192914301, "end": 17192914319}
      },
      "8": {
       "copytime": { "start": 17192914385, "end": 17192914386},
       "maxRSS": {
        "post": 14780,
        "pre": 14780
       },
       "num-tuples": 7,
       "recursive-rule": {
        "sup_ancestor_bf_r0_1(x,y) :- \n   magic_ancestor_bf(x),\n   parent(x,y).": {
         "0": {
          "maxRSS": {
           "post": 14780,
           "pre": 14780
          },
          "num-tuples": 7,
          "runtime": { "start": 17192914363, "end": 17192914366},
          "source-locator": "/root/compiler/measurements/m3-5-headline-m4/family/ancestor_nonancestor/n1000/emit_guarded/transformed.dl [29:1-29:69]"
         }
        }
       },
       "runtime": { "start": 17192914362, "end": 17192914371}
      },
      "9": {
       "maxRSS": {
        "post": 14780,
        "pre": 14780
       },
       "num-tuples": 0,
       "recursive-rule": {
        "sup_ancestor_bf_r0_1(x,y) :- \n   magic_ancestor_bf(x),\n   parent(x,y).": {
         "0": {
          "maxRSS": {
           "post": 14780,
           "pre": 14780
          },
          "num-tuples": 0,
          "runtime": { "start": 17192914422, "end": 17192914422},
          "source-locator": "/root/compiler/measurements/m3-5-headline-m4/family/ancestor_nonancestor/n1000/emit_guarded/transformed.dl [29:1-29:69]"
         }
        }
       },
       "runtime": { "start": 17192914413, "end": 17192914432}
      }
     },
     "num-tuples": 0,
     "reads": 149,
     "source-locator": "/root/compiler/measurements/m3-5-headline-m4/family/ancestor_nonancestor/n1000/emit_guarded/transformed.dl [16:7-16:27]"
    },
    "sup_ancestor_bf_r1_2": {
     "iteration": {
      "0": {
       "copytime": { "start": 17192914651, "end": 17192914671},
       "maxRSS": {
        "post": 14780,
        "pre": 14780
       },
       "num-tuples": 419,
       "recursive-rule": {
        "sup_ancestor_bf_r1_2(x,y) :- \n   sup_ancestor_bf_r0_1(x,z),\n   ancestor_bf(z,y).": {
         "0": {
          "atom-frequency": {
           "@new_sup_ancestor_bf_r1_2(x,y) :- \n   sup_ancestor_bf_r0_1(x,z),\n   @delta_ancestor_bf(z,y).": {
            "@delta_ancestor_bf": {
             "level": 1,
             "num-tuples": 0
            },
            "sup_ancestor_bf_r0_1": {
             "level": 0,
             "num-tuples": 0
            }
           }
          },
          "maxRSS": {
           "post": 14780,
           "pre": 14780
          },
          "num-tuples": 419,
          "runtime": { "start": 17192914535, "end": 17192914601},
          "source-locator": "/root/compiler/measurements/m3-5-headline-m4/family/ancestor_nonancestor/n1000/emit_guarded/transformed.dl [33:1-33:77]"
         }
        }
       },
       "runtime": { "start": 17192914526, "end": 17192914610}
      },
      "1": {
       "copytime": { "start": 17192914813, "end": 17192914822},
       "maxRSS": {
        "post": 14780,
        "pre": 14780
       },
       "num-tuples": 0,
       "recursive-rule": {
        "sup_ancestor_bf_r1_2(x,y) :- \n   sup_ancestor_bf_r0_1(x,z),\n   ancestor_bf(z,y).": {
         "0": {
          "maxRSS": {
           "post": 14780,
           "pre": 14780
          },
          "num-tuples": 0,
          "runtime": { "start": 17192914748, "end": 17192914748},
          "source-locator": "/root/compiler/measurements/m3-5-headline-m4/family/ancestor_nonancestor/n1000/emit_guarded/transformed.dl [33:1-33:77]"
         }
        }
       },
       "runtime": { "start": 17192914739, "end": 17192914757}
      },
      "10": {
       "copytime": { "start": 17192916738, "end": 17192916741},
       "maxRSS": {
        "post": 14780,
        "pre": 14780
       },
       "num-tuples": 21,
       "recursive-rule": {
        "sup_ancestor_bf_r1_2(x,y) :- \n   sup_ancestor_bf_r0_1(x,z),\n   ancestor_bf(z,y).": {
         "0": {
          "maxRSS": {
           "post": 14780,
           "pre": 14780
          },
          "num-tuples": 21,
          "runtime": { "start": 17192916654, "end": 17192916688},
          "source-locator": "/root/compiler/measurements/m3-5-headline-m4/family/ancestor_nonancestor/n1000/emit_guarded/transformed.dl [33:1-33:77]"
         }
        }
       },
       "runtime": { "start": 17192916644, "end": 17192916697}
      },
      "11": {
       "copytime": { "start": 17192916813, "end": 17192916822},
       "maxRSS": {
        "post": 14780,
        "pre": 14780
       },
       "num-tuples": 0,
       "recursive-rule": {
        "sup_ancestor_bf_r1_2(x,y) :- \n   sup_ancestor_bf_r0_1(x,z),\n   ancestor_bf(z,y).": {
         "0": {
          "maxRSS": {
           "post": 14780,
           "pre": 14780
          },
          "num-tuples": 0,
          "runtime": { "start": 17192916772, "end": 17192916772},
          "source-locator": "/root/compiler/measurements/m3-5-headline-m4/family/ancestor_nonancestor/n1000/emit_guarded/transformed.dl [33:1-33:77]"
         }
        }
       },
       "runtime": { "start": 17192916763, "end": 17192916781}
      },
      "12": {
       "copytime": { "start": 17192916912, "end": 17192916914},
       "maxRSS": {
        "post": 14780,
        "pre": 14780
       },
       "num-tuples": 4,
       "recursive-rule": {
        "sup_ancestor_bf_r1_2(x,y) :- \n   sup_ancestor_bf_r0_1(x,z),\n   ancestor_bf(z,y).": {
         "0": {
          "maxRSS": {
           "post": 14780,
           "pre": 14780
          },
          "num-tuples": 4,
          "runtime": { "start": 17192916851, "end": 17192916865},
          "source-locator": "/root/compiler/measurements/m3-5-headline-m4/family/ancestor_nonancestor/n1000/emit_guarded/transformed.dl [33:1-33:77]"
         }
        }
       },
       "runtime": { "start": 17192916842, "end": 17192916874}
      },
      "13": {
       "copytime": { "start": 17192916995, "end": 17192916995},
       "maxRSS": {
        "post": 14780,
        "pre": 14780
       },
       "num-tuples": 0,
       "recursive-rule": {
        "sup_ancestor_bf_r1_2(x,y) :- \n   sup_ancestor_bf_r0_1(x,z),\n   ancestor_bf(z,y).": {
         "0": {
          "maxRSS": {
           "post": 14780,
           "pre": 14780
          },
          "num-tuples": 0,
          "runtime": { "start": 17192916941, "end": 17192916942},
          "source-locator": "/root/compiler/measurements/m3-5-headline-m4/family/ancestor_nonancestor/n1000/emit_guarded/transformed.dl [33:1-33:77]"
         }
        }
       },
       "runtime": { "start": 17192916932, "end": 17192916955}
      },
      "14": {
       "copytime": { "start": 17192917087, "end": 17192917088},
       "maxRSS": {
        "post": 14780,
        "pre": 14780
       },
       "num-tuples": 1,
       "recursive-rule": {
        "sup_ancestor_bf_r1_2(x,y) :- \n   sup_ancestor_bf_r0_1(x,z),\n   ancestor_bf(z,y).": {
         "0": {
          "maxRSS": {
           "post": 14780,
           "pre": 14780
          },
          "num-tuples": 1,
          "runtime": { "start": 17192917032, "end": 17192917039},
          "source-locator": "/root/compiler/measurements/m3-5-headline-m4/family/ancestor_nonancestor/n1000/emit_guarded/transformed.dl [33:1-33:77]"
         }
        }
       },
       "runtime": { "start": 17192917023, "end": 17192917048}
      },
      "15": {
       "copytime": { "start": 17192917175, "end": 17192917175},
       "maxRSS": {
        "post": 14780,
        "pre": 14780
       },
       "num-tuples": 0,
       "recursive-rule": {
        "sup_ancestor_bf_r1_2(x,y) :- \n   sup_ancestor_bf_r0_1(x,z),\n   ancestor_bf(z,y).": {
         "0": {
          "maxRSS": {
           "post": 14780,
           "pre": 14780
          },
          "num-tuples": 0,
          "runtime": { "start": 17192917125, "end": 17192917126},
          "source-locator": "/root/compiler/measurements/m3-5-headline-m4/family/ancestor_nonancestor/n1000/emit_guarded/transformed.dl [33:1-33:77]"
         }
        }
       },
       "runtime": { "start": 17192917116, "end": 17192917136}
      },
      "16": {
       "maxRSS": {
        "post": 14780,
        "pre": 14780
       },
       "num-tuples": 0,
       "recursive-rule": {
        "sup_ancestor_bf_r1_2(x,y) :- \n   sup_ancestor_bf_r0_1(x,z),\n   ancestor_bf(z,y).": {
         "0": {
          "maxRSS": {
           "post": 14780,
           "pre": 14780
          },
          "num-tuples": 0,
          "runtime": { "start": 17192917212, "end": 17192917216},
          "source-locator": "/root/compiler/measurements/m3-5-headline-m4/family/ancestor_nonancestor/n1000/emit_guarded/transformed.dl [33:1-33:77]"
         }
        }
       },
       "runtime": { "start": 17192917203, "end": 17192917225}
      },
      "2": {
       "copytime": { "start": 17192915038, "end": 17192915094},
       "maxRSS": {
        "post": 14780,
        "pre": 14780
       },
       "num-tuples": 748,
       "recursive-rule": {
        "sup_ancestor_bf_r1_2(x,y) :- \n   sup_ancestor_bf_r0_1(x,z),\n   ancestor_bf(z,y).": {
         "0": {
          "maxRSS": {
           "post": 14780,
           "pre": 14780
          },
          "num-tuples": 748,
          "runtime": { "start": 17192914850, "end": 17192914997},
          "source-locator": "/root/compiler/measurements/m3-5-headline-m4/family/ancestor_nonancestor/n1000/emit_guarded/transformed.dl [33:1-33:77]"
         }
        }
       },
       "runtime": { "start": 17192914841, "end": 17192915008}
      },
      "3": {
       "copytime": { "start": 17192915316, "end": 17192915327},
       "maxRSS": {
        "post": 14780,
        "pre": 14780
       },
       "num-tuples": 0,
       "recursive-rule": {
        "sup_ancestor_bf_r1_2(x,y) :- \n   sup_ancestor_bf_r0_1(x,z),\n   ancestor_bf(z,y).": {
         "0": {
          "maxRSS": {
           "post": 14780,
           "pre": 14780
          },
          "num-tuples": 0,
          "runtime": { "start": 17192915210, "end": 17192915210},
          "source-locator": "/root/compiler/measurements/m3-5-headline-m4/family/ancestor_nonancestor/n1000/emit_guarded/transformed.dl [33:1-33:77]"
         }
        }
       },
       "runtime": { "start": 17192915201, "end": 17192915220}
      },
      "4": {
       "copytime": { "start": 17192915586, "end": 17192915645},
       "maxRSS": {
        "post": 14780,
        "pre": 14780
       },
       "num-tuples": 607,
       "recursive-rule": {
        "sup_ancestor_bf_r1_2(x,y) :- \n   sup_ancestor_bf_r0_1(x,z),\n   ancestor_bf(z,y).": {
         "0": {
          "maxRSS": {
           "post": 14780,
           "pre": 14780
          },
          "num-tuples": 607,
          "runtime": { "start": 17192915354, "end": 17192915543},
          "source-locator": "/root/compiler/measurements/m3-5-headline-m4/family/ancestor_nonancestor/n1000/emit_guarded/transformed.dl [33:1-33:77]"
         }
        }
       },
       "runtime": { "start": 17192915345, "end": 17192915553}
      },
      "5": {
       "copytime": { "start": 17192915850, "end": 17192915860},
       "maxRSS": {
        "post": 14780,
        "pre": 14780
       },
       "num-tuples": 0,
       "recursive-rule": {
        "sup_ancestor_bf_r1_2(x,y) :- \n   sup_ancestor_bf_r0_1(x,z),\n   ancestor_bf(z,y).": {
         "0": {
          "maxRSS": {
           "post": 14780,
           "pre": 14780
          },
          "num-tuples": 0,
          "runtime": { "start": 17192915757, "end": 17192915758},
          "source-locator": "/root/compiler/measurements/m3-5-headline-m4/family/ancestor_nonancestor/n1000/emit_guarded/transformed.dl [33:1-33:77]"
         }
        }
       },
       "runtime": { "start": 17192915748, "end": 17192915768}
      },
      "6": {
       "copytime": { "start": 17192916123, "end": 17192916163},
       "maxRSS": {
        "post": 14780,
        "pre": 14780
       },
       "num-tuples": 313,
       "recursive-rule": {
        "sup_ancestor_bf_r1_2(x,y) :- \n   sup_ancestor_bf_r0_1(x,z),\n   ancestor_bf(z,y).": {
         "0": {
          "maxRSS": {
           "post": 14780,
           "pre": 14780
          },
          "num-tuples": 313,
          "runtime": { "start": 17192915889, "end": 17192916082},
          "source-locator": "/root/compiler/measurements/m3-5-headline-m4/family/ancestor_nonancestor/n1000/emit_guarded/transformed.dl [33:1-33:77]"
         }
        }
       },
       "runtime": { "start": 17192915879, "end": 17192916092}
      },
      "7": {
       "copytime": { "start": 17192916327, "end": 17192916337},
       "maxRSS": {
        "post": 14780,
        "pre": 14780
       },
       "num-tuples": 0,
       "recursive-rule": {
        "sup_ancestor_bf_r1_2(x,y) :- \n   sup_ancestor_bf_r0_1(x,z),\n   ancestor_bf(z,y).": {
         "0": {
          "maxRSS": {
           "post": 14780,
           "pre": 14780
          },
          "num-tuples": 0,
          "runtime": { "start": 17192916244, "end": 17192916245},
          "source-locator": "/root/compiler/measurements/m3-5-headline-m4/family/ancestor_nonancestor/n1000/emit_guarded/transformed.dl [33:1-33:77]"
         }
        }
       },
       "runtime": { "start": 17192916235, "end": 17192916255}
      },
      "8": {
       "copytime": { "start": 17192916491, "end": 17192916511},
       "maxRSS": {
        "post": 14780,
        "pre": 14780
       },
       "num-tuples": 87,
       "recursive-rule": {
        "sup_ancestor_bf_r1_2(x,y) :- \n   sup_ancestor_bf_r0_1(x,z),\n   ancestor_bf(z,y).": {
         "0": {
          "maxRSS": {
           "post": 14780,
           "pre": 14780
          },
          "num-tuples": 87,
          "runtime": { "start": 17192916364, "end": 17192916451},
          "source-locator": "/root/compiler/measurements/m3-5-headline-m4/family/ancestor_nonancestor/n1000/emit_guarded/transformed.dl [33:1-33:77]"
         }
        }
       },
       "runtime": { "start": 17192916355, "end": 17192916461}
      },
      "9": {
       "copytime": { "start": 17192916615, "end": 17192916624},
       "maxRSS": {
        "post": 14780,
        "pre": 14780
       },
       "num-tuples": 0,
       "recursive-rule": {
        "sup_ancestor_bf_r1_2(x,y) :- \n   sup_ancestor_bf_r0_1(x,z),\n   ancestor_bf(z,y).": {
         "0": {
          "maxRSS": {
           "post": 14780,
           "pre": 14780
          },
          "num-tuples": 0,
          "runtime": { "start": 17192916553, "end": 17192916554},
          "source-locator": "/root/compiler/measurements/m3-5-headline-m4/family/ancestor_nonancestor/n1000/emit_guarded/transformed.dl [33:1-33:77]"
         }
        }
       },
       "runtime": { "start": 17192916553, "end": 17192916560}
      }
     },
     "num-tuples": 0,
     "reads": 6357,
     "source-locator": "/root/compiler/measurements/m3-5-headline-m4/family/ancestor_nonancestor/n1000/emit_guarded/transformed.dl [20:7-20:27]"
    },
    "sup_nonancestor_bf_r0_1": {
     "maxRSS": {
      "post": 14780,
      "pre": 14780
     },
     "non-recursive-rule": {
      "sup_nonancestor_bf_r0_1(x) :- \n   magic_nonancestor_bf(x),\n   person(x).": {
       "atom-frequency": {
        "sup_nonancestor_bf_r0_1(x) :- \n   magic_nonancestor_bf(x),\n   person(x).": {
         "magic_nonancestor_bf": {
          "level": 0,
          "num-tuples": 0
         }
        }
       },
       "maxRSS": {
        "post": 14780,
        "pre": 14780
       },
       "num-tuples": 1,
       "runtime": { "start": 17192913628, "end": 17192913633},
       "source-locator": "/root/compiler/measurements/m3-5-headline-m4/family/ancestor_nonancestor/n1000/emit_guarded/transformed.dl [23:1-23:69]"
      }
     },
     "num-tuples": 1,
     "reads": 0,
     "runtime": { "start": 17192913617, "end": 17192913642},
     "source-locator": "/root/compiler/measurements/m3-5-headline-m4/family/ancestor_nonancestor/n1000/emit_guarded/transformed.dl [10:7-10:30]"
    },
    "sup_nonancestor_bf_r0_2": {
     "maxRSS": {
      "post": 14780,
      "pre": 14780
     },
     "non-recursive-rule": {
      "sup_nonancestor_bf_r0_2(x,y) :- \n   sup_nonancestor_bf_r0_1(x),\n   person(y).": {
       "atom-frequency": {
        "sup_nonancestor_bf_r0_2(x,y) :- \n   sup_nonancestor_bf_r0_1(x),\n   person(y).": {
         "person": {
          "level": 1,
          "num-tuples": 0
         },
         "sup_nonancestor_bf_r0_1": {
          "level": 0,
          "num-tuples": 0
         }
        }
       },
       "maxRSS": {
        "post": 14780,
        "pre": 14780
       },
       "num-tuples": 1000,
       "runtime": { "start": 17192913648, "end": 17192913686},
       "source-locator": "/root/compiler/measurements/m3-5-headline-m4/family/ancestor_nonancestor/n1000/emit_guarded/transformed.dl [24:1-24:72]"
      }
     },
     "num-tuples": 1000,
     "reads": 0,
     "runtime": { "start": 17192913647, "end": 17192913692},
     "source-locator": "/root/compiler/measurements/m3-5-headline-m4/family/ancestor_nonancestor/n1000/emit_guarded/transformed.dl [11:7-11:30]"
    },
    "sup_nonancestor_bf_r0_3": {
     "maxRSS": {
      "post": 14780,
      "pre": 14780
     },
     "non-recursive-rule": {
      "sup_nonancestor_bf_r0_3(x,y) :- \n   sup_nonancestor_bf_r0_2(x,y),\n   !ancestor_bf(x,y).": {
       "atom-frequency": {
        "sup_nonancestor_bf_r0_3(x,y) :- \n   sup_nonancestor_bf_r0_2(x,y),\n   !ancestor_bf(x,y).": {
         "sup_nonancestor_bf_r0_2": {
          "level": 0,
          "num-tuples": 0
         }
        }
       },
       "maxRSS": {
        "post": 14780,
        "pre": 14780
       },
       "num-tuples": 950,
       "runtime": { "start": 17192917266, "end": 17192917338},
       "source-locator": "/root/compiler/measurements/m3-5-headline-m4/family/ancestor_nonancestor/n1000/emit_guarded/transformed.dl [25:1-25:84]"
      }
     },
     "num-tuples": 950,
     "reads": 0,
     "runtime": { "start": 17192917256, "end": 17192917347},
     "source-locator": "/root/compiler/measurements/m3-5-headline-m4/family/ancestor_nonancestor/n1000/emit_guarded/transformed.dl [12:7-12:30]"
    }
   },
   "runtime": { "start": 17192912949, "end": 17192917536},
   "starttime": { "time": 17192912911},
   "usage": {
    "timepoint": {
     "17192912924": {
      "maxRSS": 14780,
      "systemtime": 2206,
      "usertime": 2206
     },
     "17192912959": {
      "maxRSS": 14780,
      "systemtime": 2687,
      "usertime": 2687
     },
     "17192912997": {
      "maxRSS": 14780,
      "systemtime": 2702,
      "usertime": 2702
     },
     "17192913518": {
      "maxRSS": 14780,
      "systemtime": 2968,
      "usertime": 2968
     },
     "17192913650": {
      "maxRSS": 14780,
      "systemtime": 3052,
      "usertime": 3052
     },
     "17192913715": {
      "maxRSS": 14780,
      "systemtime": 3092,
      "usertime": 3092
     },
     "17192913755": {
      "maxRSS": 14780,
      "systemtime": 3117,
      "usertime": 3117
     },
     "17192913766": {
      "maxRSS": 14780,
      "systemtime": 3131,
      "usertime": 3131
     },
     "17192913794": {
      "maxRSS": 14780,
      "systemtime": 3150,
      "usertime": 3150
     },
     "17192913816": {
      "maxRSS": 14780,
      "systemtime": 3163,
      "usertime": 3163
     },
     "17192913850": {
      "maxRSS": 14780,
      "systemtime": 3182,
      "usertime": 3182
     },
     "17192913870": {
      "maxRSS": 14780,
      "systemtime": 3197,
      "usertime": 3197
     },
     "17192913890": {
      "maxRSS": 14780,
      "systemtime": 3210,
      "usertime": 3210
     },
     "17192913909": {
      "maxRSS": 14780,
      "systemtime": 3223,
      "usertime": 3223
     },
     "17192913932": {
      "maxRSS": 14780,
      "systemtime": 3241,
      "usertime": 3241
     },
     "17192913961": {
      "maxRSS": 14780,
      "systemtime": 3260,
      "usertime": 3260
     },
     "17192913982": {
      "maxRSS": 14780,
      "systemtime": 3273,
      "usertime": 3273
     },
     "17192914012": {
      "maxRSS": 14780,
      "systemtime": 3291,
      "usertime": 3291
     },
     "17192914036": {
      "maxRSS": 14780,
      "systemtime": 3306,
      "usertime": 3306
     },
     "17192914061": {
      "maxRSS": 14780,
      "systemtime": 3324,
      "usertime": 3324
     },
     "17192914088": {
      "maxRSS": 14780,
      "systemtime": 3341,
      "usertime": 3341
     },
     "17192914119": {
      "maxRSS": 14780,
      "systemtime": 3360,
      "usertime": 3360
     },
     "17192914138": {
      "maxRSS": 14780,
      "systemtime": 3373,
      "usertime": 3373
     },
     "17192914186": {
      "maxRSS": 14780,
      "systemtime": 3408,
      "usertime": 3408
     },
     "17192914225": {
      "maxRSS": 14780,
      "systemtime": 3435,
      "usertime": 3435
     },
     "17192914252": {
      "maxRSS": 14780,
      "systemtime": 3454,
      "usertime": 3454
     },
     "17192914259": {
      "maxRSS": 14780,
      "systemtime": 3463,
      "usertime": 3463
     },
     "17192914279": {
      "maxRSS": 14780,
      "systemtime": 3475,
      "usertime": 3475
     },
     "17192914315": {
      "maxRSS": 14780,
      "systemtime": 3496,
      "usertime": 3496
     },
     "17192914360": {
      "maxRSS": 14780,
      "systemtime": 3528,
      "usertime": 3528
     },
     "17192914379": {
      "maxRSS": 14780,
      "systemtime": 3547,
      "usertime": 3547
     },
     "17192914403": {
      "maxRSS": 14780,
      "systemtime": 3562,
      "usertime": 3562
     },
     "17192914426": {
      "maxRSS": 14780,
      "systemtime": 3578,
      "usertime": 3578
     },
     "17192914451": {
      "maxRSS": 14780,
      "systemtime": 3593,
      "usertime": 3593
     },
     "17192914477": {
      "maxRSS": 14780,
      "systemtime": 3610,
      "usertime": 3610
     },
     "17192914516": {
      "maxRSS": 14780,
      "systemtime": 3633,
      "usertime": 3633
     },
     "17192914540": {
      "maxRSS": 14780,
      "systemtime": 3648,
      "usertime": 3648
     },
     "17192914630": {
      "maxRSS": 14780,
      "systemtime": 3696,
      "usertime": 3696
     },
     "17192914651": {
      "maxRSS": 14780,
      "systemtime": 3711,
      "usertime": 3711
     },
     "17192914691": {
      "maxRSS": 14780,
      "systemtime": 3734,
      "usertime": 3734
     },
     "17192914753": {
      "maxRSS": 14780,
      "systemtime": 3770,
      "usertime": 3770
     },
     "17192914779": {
      "maxRSS": 14780,
      "systemtime": 3788,
      "usertime": 3788
     },
     "17192914828": {
      "maxRSS": 14780,
      "systemtime": 3819,
      "usertime": 3819
     },
     "17192914854": {
      "maxRSS": 14780,
      "systemtime": 3833,
      "usertime": 3833
     },
     "17192915050": {
      "maxRSS": 14780,
      "systemtime": 3935,
      "usertime": 3935
     },
     "17192915111": {
      "maxRSS": 14780,
      "systemtime": 3981,
      "usertime": 3981
     },
     "17192915214": {
      "maxRSS": 14780,
      "systemtime": 4035,
      "usertime": 4035
     },
     "17192915239": {
      "maxRSS": 14780,
      "systemtime": 4049,
      "usertime": 4049
     },
     "17192915281": {
      "maxRSS": 14780,
      "systemtime": 4064,
      "usertime": 4064
     },
     "17192915332": {
      "maxRSS": 14780,
      "systemtime": 4119,
      "usertime": 4119
     },
     "17192915358": {
      "maxRSS": 14780,
      "systemtime": 4133,
      "usertime": 4133
     },
     "17192915575": {
      "maxRSS": 14780,
      "systemtime": 4248,
      "usertime": 4248
     },
     "17192915581": {
      "maxRSS": 14780,
      "systemtime": 4254,
      "usertime": 4254
     },
     "17192915604": {
      "maxRSS": 14780,
      "systemtime": 4260,
      "usertime": 4260
     },
     "17192915680": {
      "maxRSS": 14780,
      "systemtime": 4301,
      "usertime": 4301
     },
     "17192915763": {
      "maxRSS": 14780,
      "systemtime": 4353,
      "usertime": 4353
     },
     "17192915801": {
      "maxRSS": 14780,
      "systemtime": 4377,
      "usertime": 4377
     },
     "17192915863": {
      "maxRSS": 14780,
      "systemtime": 4422,
      "usertime": 4422
     },
     "17192915893": {
      "maxRSS": 14780,
      "systemtime": 4439,
      "usertime": 4439
     },
     "17192916115": {
      "maxRSS": 14780,
      "systemtime": 4439,
      "usertime": 4663
     },
     "17192916137": {
      "maxRSS": 14780,
      "systemtime": 4439,
      "usertime": 4680
     },
     "17192916183": {
      "maxRSS": 14780,
      "systemtime": 4439,
      "usertime": 4741
     },
     "17192916249": {
      "maxRSS": 14780,
      "systemtime": 4439,
      "usertime": 4815
     },
     "17192916274": {
      "maxRSS": 14780,
      "systemtime": 4439,
      "usertime": 4851
     },
     "17192916294": {
      "maxRSS": 14780,
      "systemtime": 4439,
      "usertime": 4869
     },
     "17192916341": {
      "maxRSS": 14780,
      "systemtime": 4439,
      "usertime": 4933
     },
     "17192916369": {
      "maxRSS": 14780,
      "systemtime": 4439,
      "usertime": 4967
     },
     "17192916483": {
      "maxRSS": 14780,
      "systemtime": 4439,
      "usertime": 5094
     },
     "17192916507": {
      "maxRSS": 14780,
      "systemtime": 4439,
      "usertime": 5114
     },
     "17192916538": {
      "maxRSS": 14780,
      "systemtime": 4439,
      "usertime": 5163
     },
     "17192916580": {
      "maxRSS": 14780,
      "systemtime": 4439,
      "usertime": 5230
     },
     "17192916604": {
      "maxRSS": 14780,
      "systemtime": 4439,
      "usertime": 5251
     },
     "17192916629": {
      "maxRSS": 14780,
      "systemtime": 4439,
      "usertime": 5295
     },
     "17192916663": {
      "maxRSS": 14780,
      "systemtime": 4439,
      "usertime": 5334
     },
     "17192916717": {
      "maxRSS": 14780,
      "systemtime": 4439,
      "usertime": 5408
     },
     "17192916739": {
      "maxRSS": 14780,
      "systemtime": 4439,
      "usertime": 5438
     },
     "17192916778": {
      "maxRSS": 14780,
      "systemtime": 4439,
      "usertime": 5487
     },
     "17192916806": {
      "maxRSS": 14780,
      "systemtime": 4439,
      "usertime": 5526
     },
     "17192916827": {
      "maxRSS": 14780,
      "systemtime": 4439,
      "usertime": 5555
     },
     "17192916856": {
      "maxRSS": 14780,
      "systemtime": 4439,
      "usertime": 5590
     },
     "17192916892": {
      "maxRSS": 14780,
      "systemtime": 4439,
      "usertime": 5633
     },
     "17192916912": {
      "maxRSS": 14780,
      "systemtime": 4439,
      "usertime": 5660
     },
     "17192916920": {
      "maxRSS": 14780,
      "systemtime": 4439,
      "usertime": 5680
     },
     "17192916946": {
      "maxRSS": 14780,
      "systemtime": 4439,
      "usertime": 5709
     },
     "17192916974": {
      "maxRSS": 14780,
      "systemtime": 4439,
      "usertime": 5742
     },
     "17192916994": {
      "maxRSS": 14780,
      "systemtime": 4439,
      "usertime": 5769
     },
     "17192917013": {
      "maxRSS": 14780,
      "systemtime": 4439,
      "usertime": 5796
     },
     "17192917037": {
      "maxRSS": 14780,
      "systemtime": 4439,
      "usertime": 5826
     },
     "17192917066": {
      "maxRSS": 14780,
      "systemtime": 4439,
      "usertime": 5862
     },
     "17192917086": {
      "maxRSS": 14780,
      "systemtime": 4439,
      "usertime": 5889
     },
     "17192917106": {
      "maxRSS": 14780,
      "systemtime": 4439,
      "usertime": 5917
     },
     "17192917130": {
      "maxRSS": 14780,
      "systemtime": 4439,
      "usertime": 5947
     },
     "17192917154": {
      "maxRSS": 14780,
      "systemtime": 4439,
      "usertime": 5978
     },
     "17192917174": {
      "maxRSS": 14780,
      "systemtime": 4439,
      "usertime": 6004
     },
     "17192917193": {
      "maxRSS": 14780,
      "systemtime": 4439,
      "usertime": 6031
     },
     "17192917217": {
      "maxRSS": 14780,
      "systemtime": 4439,
      "usertime": 6066
     },
     "17192917244": {
      "maxRSS": 14780,
      "systemtime": 4439,
      "usertime": 6095
     },
     "17192917270": {
      "maxRSS": 14780,
      "systemtime": 4439,
      "usertime": 6129
     },
     "17192917373": {
      "maxRSS": 14780,
      "systemtime": 4439,
      "usertime": 6238
     },
     "17192917423": {
      "maxRSS": 14780,
      "systemtime": 4439,
      "usertime": 6286
     }
    }
   }
  }
 }
}
