{
 "root": {
  "program": {
   "configuration": {
    "": "/root/compiler/tests/corpus/BENCHMARK_FAMILY/reachability_complement.dl",
    "fact-dir": "/root/compiler/fixtures/p2-scale-1000",
    "include-dir": ".",
    "jobs": "1",
    "libraries": "functors",
    "library-dir": ".",
    "output-dir": "/root/compiler/measurements/m3-5-headline-m4/family/reachability_complement/n1000/none",
    "profile": "prof.log",
    "relationCount": "5",
    "ruleCount": "6",
    "version": "2.5",
    "warn": "all",
    "wno": "none"
   },
   "relation": {
    "edge": {
     "loadtime": { "start": 22227402118, "end": 22227403457},
     "num-tuples": 2000,
     "reads": 0,
     "source-locator": "/root/compiler/tests/corpus/BENCHMARK_FAMILY/reachability_complement.dl [16:7-16:11]"
    },
    "node": {
     "loadtime": { "start": 22227403469, "end": 22227403904},
     "num-tuples": 1000,
     "reads": 0,
     "source-locator": "/root/compiler/tests/corpus/BENCHMARK_FAMILY/reachability_complement.dl [18:7-18:11]"
    },
    "q_unreach": {
     "maxRSS": {
      "post": 36928,
      "pre": 36928
     },
     "non-recursive-rule": {
      "q_unreach(y) :- \n   unreach(1,y).": {
       "atom-frequency": {
        "q_unreach(y) :- \n   unreach(1,y).": {
         "unreach": {
          "level": 0,
          "num-tuples": 0
         }
        }
       },
       "maxRSS": {
        "post": 36928,
        "pre": 36928
       },
       "num-tuples": 193,
       "runtime": { "start": 22227809923, "end": 22227809936},
       "source-locator": "/root/compiler/tests/corpus/BENCHMARK_FAMILY/reachability_complement.dl [30:1-30:30]"
      }
     },
     "num-tuples": 193,
     "reads": 0,
     "runtime": { "start": 22227809895, "end": 22227809947},
     "savetime": { "start": 22227809953, "end": 22227812789},
     "source-locator": "/root/compiler/tests/corpus/BENCHMARK_FAMILY/reachability_complement.dl [28:7-28:16]"
    },
    "reach": {
     "iteration": {
      "0": {
       "copytime": { "start": 22227404978, "end": 22227405308},
       "maxRSS": {
        "post": 16112,
        "pre": 16112
       },
       "num-tuples": 3911,
       "recursive-rule": {
        "reach(x,y) :- \n   reach(x,z),\n   edge(z,y).": {
         "0": {
          "atom-frequency": {
           "@new_reach(x,y) :- \n   @delta_reach(x,z),\n   edge(z,y).": {
            "@delta_reach": {
             "level": 0,
             "num-tuples": 0
            },
            "edge": {
             "level": 1,
             "num-tuples": 0
            }
           }
          },
          "maxRSS": {
           "post": 16112,
           "pre": 16112
          },
          "num-tuples": 3911,
          "runtime": { "start": 22227404155, "end": 22227404943},
          "source-locator": "/root/compiler/tests/corpus/BENCHMARK_FAMILY/reachability_complement.dl [23:1-23:37]"
         }
        }
       },
       "runtime": { "start": 22227404146, "end": 22227404955}
      },
      "1": {
       "copytime": { "start": 22227407056, "end": 22227407735},
       "maxRSS": {
        "post": 16112,
        "pre": 16112
       },
       "num-tuples": 7719,
       "recursive-rule": {
        "reach(x,y) :- \n   reach(x,z),\n   edge(z,y).": {
         "0": {
          "maxRSS": {
           "post": 16112,
           "pre": 16112
          },
          "num-tuples": 7719,
          "runtime": { "start": 22227405323, "end": 22227407021},
          "source-locator": "/root/compiler/tests/corpus/BENCHMARK_FAMILY/reachability_complement.dl [23:1-23:37]"
         }
        }
       },
       "runtime": { "start": 22227405313, "end": 22227407033}
      },
      "10": {
       "copytime": { "start": 22227691309, "end": 22227696309},
       "maxRSS": {
        "post": 30272,
        "pre": 30272
       },
       "num-tuples": 40802,
       "recursive-rule": {
        "reach(x,y) :- \n   reach(x,z),\n   edge(z,y).": {
         "0": {
          "maxRSS": {
           "post": 30272,
           "pre": 30272
          },
          "num-tuples": 40802,
          "runtime": { "start": 22227664416, "end": 22227691248},
          "source-locator": "/root/compiler/tests/corpus/BENCHMARK_FAMILY/reachability_complement.dl [23:1-23:37]"
         }
        }
       },
       "runtime": { "start": 22227664398, "end": 22227691269}
      },
      "11": {
       "copytime": { "start": 22227713034, "end": 22227716281},
       "maxRSS": {
        "post": 30272,
        "pre": 30272
       },
       "num-tuples": 23665,
       "recursive-rule": {
        "reach(x,y) :- \n   reach(x,z),\n   edge(z,y).": {
         "0": {
          "maxRSS": {
           "post": 30272,
           "pre": 30272
          },
          "num-tuples": 23665,
          "runtime": { "start": 22227696334, "end": 22227712987},
          "source-locator": "/root/compiler/tests/corpus/BENCHMARK_FAMILY/reachability_complement.dl [23:1-23:37]"
         }
        }
       },
       "runtime": { "start": 22227696319, "end": 22227713004}
      },
      "12": {
       "copytime": { "start": 22227726166, "end": 22227728205},
       "maxRSS": {
        "post": 30272,
        "pre": 30272
       },
       "num-tuples": 12997,
       "recursive-rule": {
        "reach(x,y) :- \n   reach(x,z),\n   edge(z,y).": {
         "0": {
          "maxRSS": {
           "post": 30272,
           "pre": 30272
          },
          "num-tuples": 12997,
          "runtime": { "start": 22227716306, "end": 22227726120},
          "source-locator": "/root/compiler/tests/corpus/BENCHMARK_FAMILY/reachability_complement.dl [23:1-23:37]"
         }
        }
       },
       "runtime": { "start": 22227716291, "end": 22227726136}
      },
      "13": {
       "copytime": { "start": 22227733905, "end": 22227735076},
       "maxRSS": {
        "post": 30272,
        "pre": 30272
       },
       "num-tuples": 6967,
       "recursive-rule": {
        "reach(x,y) :- \n   reach(x,z),\n   edge(z,y).": {
         "0": {
          "maxRSS": {
           "post": 30272,
           "pre": 30272
          },
          "num-tuples": 6967,
          "runtime": { "start": 22227728229, "end": 22227733863},
          "source-locator": "/root/compiler/tests/corpus/BENCHMARK_FAMILY/reachability_complement.dl [23:1-23:37]"
         }
        }
       },
       "runtime": { "start": 22227728214, "end": 22227733878}
      },
      "14": {
       "copytime": { "start": 22227738260, "end": 22227738940},
       "maxRSS": {
        "post": 30272,
        "pre": 30272
       },
       "num-tuples": 3542,
       "recursive-rule": {
        "reach(x,y) :- \n   reach(x,z),\n   edge(z,y).": {
         "0": {
          "maxRSS": {
           "post": 30272,
           "pre": 30272
          },
          "num-tuples": 3542,
          "runtime": { "start": 22227735101, "end": 22227738217},
          "source-locator": "/root/compiler/tests/corpus/BENCHMARK_FAMILY/reachability_complement.dl [23:1-23:37]"
         }
        }
       },
       "runtime": { "start": 22227735084, "end": 22227738232}
      },
      "15": {
       "copytime": { "start": 22227740583, "end": 22227740892},
       "maxRSS": {
        "post": 30272,
        "pre": 30272
       },
       "num-tuples": 1663,
       "recursive-rule": {
        "reach(x,y) :- \n   reach(x,z),\n   edge(z,y).": {
         "0": {
          "maxRSS": {
           "post": 30272,
           "pre": 30272
          },
          "num-tuples": 1663,
          "runtime": { "start": 22227738964, "end": 22227740543},
          "source-locator": "/root/compiler/tests/corpus/BENCHMARK_FAMILY/reachability_complement.dl [23:1-23:37]"
         }
        }
       },
       "runtime": { "start": 22227738946, "end": 22227740555}
      },
      "16": {
       "copytime": { "start": 22227741685, "end": 22227741816},
       "maxRSS": {
        "post": 30272,
        "pre": 30272
       },
       "num-tuples": 716,
       "recursive-rule": {
        "reach(x,y) :- \n   reach(x,z),\n   edge(z,y).": {
         "0": {
          "maxRSS": {
           "post": 30272,
           "pre": 30272
          },
          "num-tuples": 716,
          "runtime": { "start": 22227740914, "end": 22227741647},
          "source-locator": "/root/compiler/tests/corpus/BENCHMARK_FAMILY/reachability_complement.dl [23:1-23:37]"
         }
        }
       },
       "runtime": { "start": 22227740898, "end": 22227741659}
      },
      "17": {
       "copytime": { "start": 22227742162, "end": 22227742218},
       "maxRSS": {
        "post": 30272,
        "pre": 30272
       },
       "num-tuples": 288,
       "recursive-rule": {
        "reach(x,y) :- \n   reach(x,z),\n   edge(z,y).": {
         "0": {
          "maxRSS": {
           "post": 30272,
           "pre": 30272
          },
          "num-tuples": 288,
          "runtime": { "start": 22227741834, "end": 22227742127},
          "source-locator": "/root/compiler/tests/corpus/BENCHMARK_FAMILY/reachability_complement.dl [23:1-23:37]"
         }
        }
       },
       "runtime": { "start": 22227741821, "end": 22227742139}
      },
      "18": {
       "copytime": { "start": 22227742379, "end": 22227742398},
       "maxRSS": {
        "post": 30272,
        "pre": 30272
       },
       "num-tuples": 107,
       "recursive-rule": {
        "reach(x,y) :- \n   reach(x,z),\n   edge(z,y).": {
         "0": {
          "maxRSS": {
           "post": 30272,
           "pre": 30272
          },
          "num-tuples": 107,
          "runtime": { "start": 22227742233, "end": 22227742347},
          "source-locator": "/root/compiler/tests/corpus/BENCHMARK_FAMILY/reachability_complement.dl [23:1-23:37]"
         }
        }
       },
       "runtime": { "start": 22227742222, "end": 22227742357}
      },
      "19": {
       "copytime": { "start": 22227742486, "end": 22227742495},
       "maxRSS": {
        "post": 30272,
        "pre": 30272
       },
       "num-tuples": 41,
       "recursive-rule": {
        "reach(x,y) :- \n   reach(x,z),\n   edge(z,y).": {
         "0": {
          "maxRSS": {
           "post": 30272,
           "pre": 30272
          },
          "num-tuples": 41,
          "runtime": { "start": 22227742411, "end": 22227742456},
          "source-locator": "/root/compiler/tests/corpus/BENCHMARK_FAMILY/reachability_complement.dl [23:1-23:37]"
         }
        }
       },
       "runtime": { "start": 22227742402, "end": 22227742466}
      },
      "2": {
       "copytime": { "start": 22227411288, "end": 22227412908},
       "maxRSS": {
        "post": 16112,
        "pre": 16112
       },
       "num-tuples": 14927,
       "recursive-rule": {
        "reach(x,y) :- \n   reach(x,z),\n   edge(z,y).": {
         "0": {
          "maxRSS": {
           "post": 16112,
           "pre": 16112
          },
          "num-tuples": 14927,
          "runtime": { "start": 22227407755, "end": 22227411243},
          "source-locator": "/root/compiler/tests/corpus/BENCHMARK_FAMILY/reachability_complement.dl [23:1-23:37]"
         }
        }
       },
       "runtime": { "start": 22227407742, "end": 22227411258}
      },
      "20": {
       "copytime": { "start": 22227742555, "end": 22227742558},
       "maxRSS": {
        "post": 30272,
        "pre": 30272
       },
       "num-tuples": 11,
       "recursive-rule": {
        "reach(x,y) :- \n   reach(x,z),\n   edge(z,y).": {
         "0": {
          "maxRSS": {
           "post": 30272,
           "pre": 30272
          },
          "num-tuples": 11,
          "runtime": { "start": 22227742508, "end": 22227742525},
          "source-locator": "/root/compiler/tests/corpus/BENCHMARK_FAMILY/reachability_complement.dl [23:1-23:37]"
         }
        }
       },
       "runtime": { "start": 22227742499, "end": 22227742535}
      },
      "21": {
       "copytime": { "start": 22227742606, "end": 22227742607},
       "maxRSS": {
        "post": 30272,
        "pre": 30272
       },
       "num-tuples": 1,
       "recursive-rule": {
        "reach(x,y) :- \n   reach(x,z),\n   edge(z,y).": {
         "0": {
          "maxRSS": {
           "post": 30272,
           "pre": 30272
          },
          "num-tuples": 1,
          "runtime": { "start": 22227742572, "end": 22227742576},
          "source-locator": "/root/compiler/tests/corpus/BENCHMARK_FAMILY/reachability_complement.dl [23:1-23:37]"
         }
        }
       },
       "runtime": { "start": 22227742562, "end": 22227742586}
      },
      "22": {
       "maxRSS": {
        "post": 30272,
        "pre": 30272
       },
       "num-tuples": 0,
       "recursive-rule": {
        "reach(x,y) :- \n   reach(x,z),\n   edge(z,y).": {
         "0": {
          "maxRSS": {
           "post": 30272,
           "pre": 30272
          },
          "num-tuples": 0,
          "runtime": { "start": 22227742619, "end": 22227742621},
          "source-locator": "/root/compiler/tests/corpus/BENCHMARK_FAMILY/reachability_complement.dl [23:1-23:37]"
         }
        }
       },
       "runtime": { "start": 22227742610, "end": 22227742630}
      },
      "3": {
       "copytime": { "start": 22227420044, "end": 22227422477},
       "maxRSS": {
        "post": 16112,
        "pre": 16112
       },
       "num-tuples": 27799,
       "recursive-rule": {
        "reach(x,y) :- \n   reach(x,z),\n   edge(z,y).": {
         "0": {
          "maxRSS": {
           "post": 16112,
           "pre": 16112
          },
          "num-tuples": 27799,
          "runtime": { "start": 22227412936, "end": 22227419981},
          "source-locator": "/root/compiler/tests/corpus/BENCHMARK_FAMILY/reachability_complement.dl [23:1-23:37]"
         }
        }
       },
       "runtime": { "start": 22227412918, "end": 22227419997}
      },
      "4": {
       "copytime": { "start": 22227436194, "end": 22227440579},
       "maxRSS": {
        "post": 16112,
        "pre": 16112
       },
       "num-tuples": 47921,
       "recursive-rule": {
        "reach(x,y) :- \n   reach(x,z),\n   edge(z,y).": {
         "0": {
          "maxRSS": {
           "post": 16112,
           "pre": 16112
          },
          "num-tuples": 47921,
          "runtime": { "start": 22227422500, "end": 22227436130},
          "source-locator": "/root/compiler/tests/corpus/BENCHMARK_FAMILY/reachability_complement.dl [23:1-23:37]"
         }
        }
       },
       "runtime": { "start": 22227422485, "end": 22227436158}
      },
      "5": {
       "copytime": { "start": 22227463837, "end": 22227470663},
       "maxRSS": {
        "post": 17984,
        "pre": 16832
       },
       "num-tuples": 72962,
       "recursive-rule": {
        "reach(x,y) :- \n   reach(x,z),\n   edge(z,y).": {
         "0": {
          "maxRSS": {
           "post": 17984,
           "pre": 16832
          },
          "num-tuples": 72962,
          "runtime": { "start": 22227440604, "end": 22227463758},
          "source-locator": "/root/compiler/tests/corpus/BENCHMARK_FAMILY/reachability_complement.dl [23:1-23:37]"
         }
        }
       },
       "runtime": { "start": 22227440588, "end": 22227463785}
      },
      "6": {
       "copytime": { "start": 22227504165, "end": 22227513734},
       "maxRSS": {
        "post": 21184,
        "pre": 19904
       },
       "num-tuples": 93922,
       "recursive-rule": {
        "reach(x,y) :- \n   reach(x,z),\n   edge(z,y).": {
         "0": {
          "maxRSS": {
           "post": 21184,
           "pre": 19904
          },
          "num-tuples": 93922,
          "runtime": { "start": 22227470690, "end": 22227504050},
          "source-locator": "/root/compiler/tests/corpus/BENCHMARK_FAMILY/reachability_complement.dl [23:1-23:37]"
         }
        }
       },
       "runtime": { "start": 22227470672, "end": 22227504085}
      },
      "7": {
       "copytime": { "start": 22227556320, "end": 22227566857},
       "maxRSS": {
        "post": 24256,
        "pre": 23616
       },
       "num-tuples": 99416,
       "recursive-rule": {
        "reach(x,y) :- \n   reach(x,z),\n   edge(z,y).": {
         "0": {
          "maxRSS": {
           "post": 24256,
           "pre": 23616
          },
          "num-tuples": 99416,
          "runtime": { "start": 22227513767, "end": 22227556214},
          "source-locator": "/root/compiler/tests/corpus/BENCHMARK_FAMILY/reachability_complement.dl [23:1-23:37]"
         }
        }
       },
       "runtime": { "start": 22227513747, "end": 22227556251}
      },
      "8": {
       "copytime": { "start": 22227610479, "end": 22227619758},
       "maxRSS": {
        "post": 27072,
        "pre": 26944
       },
       "num-tuples": 86466,
       "recursive-rule": {
        "reach(x,y) :- \n   reach(x,z),\n   edge(z,y).": {
         "0": {
          "maxRSS": {
           "post": 27072,
           "pre": 26944
          },
          "num-tuples": 86466,
          "runtime": { "start": 22227566885, "end": 22227610388},
          "source-locator": "/root/compiler/tests/corpus/BENCHMARK_FAMILY/reachability_complement.dl [23:1-23:37]"
         }
        }
       },
       "runtime": { "start": 22227566868, "end": 22227610419}
      },
      "9": {
       "copytime": { "start": 22227656933, "end": 22227664386},
       "maxRSS": {
        "post": 29248,
        "pre": 29248
       },
       "num-tuples": 63576,
       "recursive-rule": {
        "reach(x,y) :- \n   reach(x,z),\n   edge(z,y).": {
         "0": {
          "maxRSS": {
           "post": 29248,
           "pre": 29248
          },
          "num-tuples": 63576,
          "runtime": { "start": 22227619785, "end": 22227656861},
          "source-locator": "/root/compiler/tests/corpus/BENCHMARK_FAMILY/reachability_complement.dl [23:1-23:37]"
         }
        }
       },
       "runtime": { "start": 22227619768, "end": 22227656891}
      }
     },
     "maxRSS": {
      "post": 16112,
      "pre": 16112
     },
     "non-recursive-rule": {
      "reach(x,y) :- \n   edge(x,y).": {
       "atom-frequency": {
        "reach(x,y) :- \n   edge(x,y).": {
         "edge": {
          "level": 0,
          "num-tuples": 0
         }
        }
       },
       "maxRSS": {
        "post": 16112,
        "pre": 16112
       },
       "num-tuples": 2000,
       "runtime": { "start": 22227403927, "end": 22227404047},
       "source-locator": "/root/compiler/tests/corpus/BENCHMARK_FAMILY/reachability_complement.dl [22:1-22:25]"
      }
     },
     "num-tuples": 2000,
     "reads": 2213398,
     "runtime": { "start": 22227403914, "end": 22227404057},
     "source-locator": "/root/compiler/tests/corpus/BENCHMARK_FAMILY/reachability_complement.dl [21:7-21:12]"
    },
    "unreach": {
     "maxRSS": {
      "post": 36928,
      "pre": 30272
     },
     "non-recursive-rule": {
      "unreach(x,y) :- \n   node(x),\n   node(y),\n   !reach(x,y).": {
       "atom-frequency": {
        "unreach(x,y) :- \n   node(x),\n   node(y),\n   !reach(x,y).": {
         "node": {
          "level": 0,
          "num-tuples": 0
         }
        }
       },
       "maxRSS": {
        "post": 36928,
        "pre": 30272
       },
       "num-tuples": 388581,
       "runtime": { "start": 22227742665, "end": 22227807555},
       "source-locator": "/root/compiler/tests/corpus/BENCHMARK_FAMILY/reachability_complement.dl [26:1-26:47]"
      }
     },
     "num-tuples": 388581,
     "reads": 0,
     "runtime": { "start": 22227742656, "end": 22227807744},
     "source-locator": "/root/compiler/tests/corpus/BENCHMARK_FAMILY/reachability_complement.dl [25:7-25:14]"
    }
   },
   "runtime": { "start": 22227402113, "end": 22227813400},
   "starttime": { "time": 22227402083},
   "usage": {
    "timepoint": {
     "22227402148": {
      "maxRSS": 16112,
      "systemtime": 0,
      "usertime": 3991
     },
     "22227403336": {
      "maxRSS": 16112,
      "systemtime": 0,
      "usertime": 4643
     },
     "22227403516": {
      "maxRSS": 16112,
      "systemtime": 0,
      "usertime": 5107
     },
     "22227403984": {
      "maxRSS": 16112,
      "systemtime": 0,
      "usertime": 5443
     },
     "22227404172": {
      "maxRSS": 16112,
      "systemtime": 0,
      "usertime": 5687
     },
     "22227405076": {
      "maxRSS": 16112,
      "systemtime": 0,
      "usertime": 6527
     },
     "22227405382": {
      "maxRSS": 16112,
      "systemtime": 0,
      "usertime": 6888
     },
     "22227406563": {
      "maxRSS": 16112,
      "systemtime": 0,
      "usertime": 6908
     },
     "22227407058": {
      "maxRSS": 16112,
      "systemtime": 0,
      "usertime": 8654
     },
     "22227407863": {
      "maxRSS": 16112,
      "systemtime": 0,
      "usertime": 9368
     },
     "22227409039": {
      "maxRSS": 16112,
      "systemtime": 0,
      "usertime": 9632
     },
     "22227410216": {
      "maxRSS": 16112,
      "systemtime": 0,
      "usertime": 9648
     },
     "22227411292": {
      "maxRSS": 16112,
      "systemtime": 0,
      "usertime": 12950
     },
     "22227412417": {
      "maxRSS": 16112,
      "systemtime": 787,
      "usertime": 12950
     },
     "22227413016": {
      "maxRSS": 16112,
      "systemtime": 1684,
      "usertime": 12950
     },
     "22227414125": {
      "maxRSS": 16112,
      "systemtime": 1697,
      "usertime": 12950
     },
     "22227415215": {
      "maxRSS": 16112,
      "systemtime": 1705,
      "usertime": 12950
     },
     "22227416279": {
      "maxRSS": 16112,
      "systemtime": 4446,
      "usertime": 13338
     },
     "22227417343": {
      "maxRSS": 16112,
      "systemtime": 4447,
      "usertime": 13343
     },
     "22227418442": {
      "maxRSS": 16112,
      "systemtime": 4450,
      "usertime": 13350
     },
     "22227419543": {
      "maxRSS": 16112,
      "systemtime": 4452,
      "usertime": 13358
     },
     "22227420743": {
      "maxRSS": 16112,
      "systemtime": 5437,
      "usertime": 16368
     },
     "22227421842": {
      "maxRSS": 16112,
      "systemtime": 5437,
      "usertime": 16376
     },
     "22227422504": {
      "maxRSS": 16112,
      "systemtime": 5437,
      "usertime": 18838
     },
     "22227423599": {
      "maxRSS": 16112,
      "systemtime": 5437,
      "usertime": 18845
     },
     "22227424707": {
      "maxRSS": 16112,
      "systemtime": 5437,
      "usertime": 20368
     },
     "22227425809": {
      "maxRSS": 16112,
      "systemtime": 5437,
      "usertime": 20380
     },
     "22227426909": {
      "maxRSS": 16112,
      "systemtime": 5437,
      "usertime": 20389
     },
     "22227427981": {
      "maxRSS": 16112,
      "systemtime": 5437,
      "usertime": 20400
     },
     "22227429064": {
      "maxRSS": 16112,
      "systemtime": 5437,
      "usertime": 24443
     },
     "22227430155": {
      "maxRSS": 16112,
      "systemtime": 5437,
      "usertime": 24461
     },
     "22227431273": {
      "maxRSS": 16112,
      "systemtime": 5437,
      "usertime": 24474
     },
     "22227432347": {
      "maxRSS": 16112,
      "systemtime": 5437,
      "usertime": 28466
     },
     "22227433446": {
      "maxRSS": 16112,
      "systemtime": 5437,
      "usertime": 28474
     },
     "22227434551": {
      "maxRSS": 16112,
      "systemtime": 5437,
      "usertime": 28482
     },
     "22227435651": {
      "maxRSS": 16112,
      "systemtime": 5437,
      "usertime": 28492
     },
     "22227436192": {
      "maxRSS": 16112,
      "systemtime": 5437,
      "usertime": 32675
     },
     "22227436200": {
      "maxRSS": 16112,
      "systemtime": 5437,
      "usertime": 32698
     },
     "22227437269": {
      "maxRSS": 16112,
      "systemtime": 5437,
      "usertime": 32708
     },
     "22227438346": {
      "maxRSS": 16192,
      "systemtime": 5437,
      "usertime": 32716
     },
     "22227439445": {
      "maxRSS": 16576,
      "systemtime": 5437,
      "usertime": 32725
     },
     "22227440550": {
      "maxRSS": 16832,
      "systemtime": 5437,
      "usertime": 36547
     },
     "22227440607": {
      "maxRSS": 16832,
      "systemtime": 5437,
      "usertime": 37156
     },
     "22227441705": {
      "maxRSS": 16832,
      "systemtime": 5437,
      "usertime": 37163
     },
     "22227442778": {
      "maxRSS": 16832,
      "systemtime": 5437,
      "usertime": 37179
     },
     "22227443904": {
      "maxRSS": 16832,
      "systemtime": 5437,
      "usertime": 37215
     },
     "22227444985": {
      "maxRSS": 16832,
      "systemtime": 5437,
      "usertime": 40630
     },
     "22227446086": {
      "maxRSS": 16832,
      "systemtime": 5437,
      "usertime": 40643
     },
     "22227447185": {
      "maxRSS": 16832,
      "systemtime": 5437,
      "usertime": 40653
     },
     "22227448248": {
      "maxRSS": 16832,
      "systemtime": 5437,
      "usertime": 44666
     },
     "22227449355": {
      "maxRSS": 16832,
      "systemtime": 5437,
      "usertime": 44677
     },
     "22227450421": {
      "maxRSS": 16960,
      "systemtime": 5437,
      "usertime": 44686
     },
     "22227451515": {
      "maxRSS": 17088,
      "systemtime": 5437,
      "usertime": 44693
     },
     "22227452609": {
      "maxRSS": 17088,
      "systemtime": 5437,
      "usertime": 48698
     },
     "22227453716": {
      "maxRSS": 17216,
      "systemtime": 5437,
      "usertime": 48714
     },
     "22227454815": {
      "maxRSS": 17344,
      "systemtime": 5437,
      "usertime": 48722
     },
     "22227455910": {
      "maxRSS": 17344,
      "systemtime": 5437,
      "usertime": 48729
     },
     "22227457011": {
      "maxRSS": 17472,
      "systemtime": 5437,
      "usertime": 52741
     },
     "22227458111": {
      "maxRSS": 17600,
      "systemtime": 5437,
      "usertime": 52752
     },
     "22227459174": {
      "maxRSS": 17728,
      "systemtime": 5437,
      "usertime": 52758
     },
     "22227460270": {
      "maxRSS": 17728,
      "systemtime": 5437,
      "usertime": 56768
     },
     "22227461450": {
      "maxRSS": 17856,
      "systemtime": 5437,
      "usertime": 56783
     },
     "22227462548": {
      "maxRSS": 17984,
      "systemtime": 5437,
      "usertime": 56792
     },
     "22227463614": {
      "maxRSS": 17984,
      "systemtime": 5437,
      "usertime": 56802
     },
     "22227463821": {
      "maxRSS": 17984,
      "systemtime": 5437,
      "usertime": 60623
     },
     "22227463865": {
      "maxRSS": 17984,
      "systemtime": 5437,
      "usertime": 60656
     },
     "22227464961": {
      "maxRSS": 18368,
      "systemtime": 5611,
      "usertime": 60656
     },
     "22227466024": {
      "maxRSS": 18624,
      "systemtime": 5618,
      "usertime": 60656
     },
     "22227467119": {
      "maxRSS": 19008,
      "systemtime": 5624,
      "usertime": 60656
     },
     "22227468185": {
      "maxRSS": 19264,
      "systemtime": 8268,
      "usertime": 62012
     },
     "22227469252": {
      "maxRSS": 19520,
      "systemtime": 8269,
      "usertime": 62021
     },
     "22227470351": {
      "maxRSS": 19904,
      "systemtime": 8270,
      "usertime": 62030
     },
     "22227470726": {
      "maxRSS": 19904,
      "systemtime": 8588,
      "usertime": 64417
     },
     "22227471791": {
      "maxRSS": 19904,
      "systemtime": 8589,
      "usertime": 64424
     },
     "22227472865": {
      "maxRSS": 19904,
      "systemtime": 8589,
      "usertime": 65748
     },
     "22227473965": {
      "maxRSS": 19904,
      "systemtime": 8589,
      "usertime": 65758
     },
     "22227475065": {
      "maxRSS": 19904,
      "systemtime": 8589,
      "usertime": 65768
     },
     "22227476129": {
      "maxRSS": 19904,
      "systemtime": 8589,
      "usertime": 69775
     },
     "22227477218": {
      "maxRSS": 19904,
      "systemtime": 8589,
      "usertime": 69789
     },
     "22227478302": {
      "maxRSS": 19904,
      "systemtime": 8589,
      "usertime": 69806
     },
     "22227479445": {
      "maxRSS": 19904,
      "systemtime": 8589,
      "usertime": 69823
     },
     "22227480577": {
      "maxRSS": 19904,
      "systemtime": 8589,
      "usertime": 73842
     },
     "22227481680": {
      "maxRSS": 19904,
      "systemtime": 8589,
      "usertime": 73855
     },
     "22227482776": {
      "maxRSS": 19904,
      "systemtime": 8589,
      "usertime": 73862
     },
     "22227483877": {
      "maxRSS": 19904,
      "systemtime": 8589,
      "usertime": 73873
     },
     "22227484976": {
      "maxRSS": 19904,
      "systemtime": 8589,
      "usertime": 77881
     },
     "22227486070": {
      "maxRSS": 19904,
      "systemtime": 8589,
      "usertime": 77888
     },
     "22227487165": {
      "maxRSS": 19904,
      "systemtime": 8589,
      "usertime": 77894
     },
     "22227488231": {
      "maxRSS": 20032,
      "systemtime": 8589,
      "usertime": 81902
     },
     "22227489328": {
      "maxRSS": 20032,
      "systemtime": 8589,
      "usertime": 81909
     },
     "22227490424": {
      "maxRSS": 20160,
      "systemtime": 8589,
      "usertime": 81915
     },
     "22227491518": {
      "maxRSS": 20288,
      "systemtime": 8589,
      "usertime": 81922
     },
     "22227492670": {
      "maxRSS": 20288,
      "systemtime": 8589,
      "usertime": 85936
     },
     "22227493771": {
      "maxRSS": 20416,
      "systemtime": 8589,
      "usertime": 85954
     },
     "22227494871": {
      "maxRSS": 20544,
      "systemtime": 8589,
      "usertime": 85965
     },
     "22227495940": {
      "maxRSS": 20544,
      "systemtime": 8589,
      "usertime": 85975
     },
     "22227497038": {
      "maxRSS": 20672,
      "systemtime": 8589,
      "usertime": 89983
     },
     "22227498137": {
      "maxRSS": 20672,
      "systemtime": 8589,
      "usertime": 89994
     },
     "22227499230": {
      "maxRSS": 20800,
      "systemtime": 8589,
      "usertime": 90000
     },
     "22227500295": {
      "maxRSS": 20928,
      "systemtime": 8589,
      "usertime": 94006
     },
     "22227501393": {
      "maxRSS": 20928,
      "systemtime": 8589,
      "usertime": 94015
     },
     "22227502458": {
      "maxRSS": 21056,
      "systemtime": 8589,
      "usertime": 94023
     },
     "22227503559": {
      "maxRSS": 21184,
      "systemtime": 8589,
      "usertime": 94034
     },
     "22227504133": {
      "maxRSS": 21184,
      "systemtime": 8589,
      "usertime": 98168
     },
     "22227504198": {
      "maxRSS": 21184,
      "systemtime": 8589,
      "usertime": 98227
     },
     "22227505293": {
      "maxRSS": 21440,
      "systemtime": 8589,
      "usertime": 98234
     },
     "22227506369": {
      "maxRSS": 21824,
      "systemtime": 8589,
      "usertime": 98245
     },
     "22227507507": {
      "maxRSS": 22080,
      "systemtime": 8589,
      "usertime": 98268
     },
     "22227508604": {
      "maxRSS": 22336,
      "systemtime": 8589,
      "usertime": 102112
     },
     "22227509765": {
      "maxRSS": 22592,
      "systemtime": 8589,
      "usertime": 102132
     },
     "22227510869": {
      "maxRSS": 22848,
      "systemtime": 8589,
      "usertime": 102145
     },
     "22227511969": {
      "maxRSS": 23232,
      "systemtime": 8589,
      "usertime": 102153
     },
     "22227513065": {
      "maxRSS": 23488,
      "systemtime": 8589,
      "usertime": 106172
     },
     "22227513772": {
      "maxRSS": 23616,
      "systemtime": 8589,
      "usertime": 107958
     },
     "22227514875": {
      "maxRSS": 23616,
      "systemtime": 8589,
      "usertime": 107969
     },
     "22227515945": {
      "maxRSS": 23616,
      "systemtime": 8589,
      "usertime": 107979
     },
     "22227517043": {
      "maxRSS": 23616,
      "systemtime": 8589,
      "usertime": 110226
     },
     "22227518123": {
      "maxRSS": 23616,
      "systemtime": 8589,
      "usertime": 110240
     },
     "22227519227": {
      "maxRSS": 23616,
      "systemtime": 8589,
      "usertime": 110251
     },
     "22227520365": {
      "maxRSS": 23616,
      "systemtime": 8589,
      "usertime": 114324
     },
     "22227521494": {
      "maxRSS": 23616,
      "systemtime": 8589,
      "usertime": 114347
     },
     "22227522696": {
      "maxRSS": 23616,
      "systemtime": 8589,
      "usertime": 114373
     },
     "22227523811": {
      "maxRSS": 23616,
      "systemtime": 8589,
      "usertime": 114392
     },
     "22227524895": {
      "maxRSS": 23616,
      "systemtime": 8589,
      "usertime": 118350
     },
     "22227525991": {
      "maxRSS": 23616,
      "systemtime": 8589,
      "usertime": 118371
     },
     "22227527219": {
      "maxRSS": 23616,
      "systemtime": 8589,
      "usertime": 118390
     },
     "22227528363": {
      "maxRSS": 23616,
      "systemtime": 8589,
      "usertime": 122429
     },
     "22227529546": {
      "maxRSS": 23616,
      "systemtime": 8589,
      "usertime": 122445
     },
     "22227530659": {
      "maxRSS": 23616,
      "systemtime": 8589,
      "usertime": 122458
     },
     "22227531760": {
      "maxRSS": 23616,
      "systemtime": 8589,
      "usertime": 122469
     },
     "22227532844": {
      "maxRSS": 23616,
      "systemtime": 8589,
      "usertime": 126471
     },
     "22227533945": {
      "maxRSS": 23616,
      "systemtime": 8589,
      "usertime": 126480
     },
     "22227535155": {
      "maxRSS": 23616,
      "systemtime": 8589,
      "usertime": 126505
     },
     "22227536232": {
      "maxRSS": 23616,
      "systemtime": 8589,
      "usertime": 130521
     },
     "22227537400": {
      "maxRSS": 23616,
      "systemtime": 8589,
      "usertime": 130536
     },
     "22227538586": {
      "maxRSS": 23616,
      "systemtime": 8589,
      "usertime": 130553
     },
     "22227539765": {
      "maxRSS": 23616,
      "systemtime": 8589,
      "usertime": 130569
     },
     "22227540942": {
      "maxRSS": 23616,
      "systemtime": 8589,
      "usertime": 134587
     },
     "22227542086": {
      "maxRSS": 23616,
      "systemtime": 8589,
      "usertime": 134611
     },
     "22227543269": {
      "maxRSS": 23616,
      "systemtime": 8589,
      "usertime": 134628
     },
     "22227544397": {
      "maxRSS": 23616,
      "systemtime": 8589,
      "usertime": 138709
     },
     "22227545570": {
      "maxRSS": 23616,
      "systemtime": 8589,
      "usertime": 138729
     },
     "22227546746": {
      "maxRSS": 23744,
      "systemtime": 8589,
      "usertime": 138745
     },
     "22227547918": {
      "maxRSS": 23744,
      "systemtime": 8589,
      "usertime": 138761
     },
     "22227549084": {
      "maxRSS": 23872,
      "systemtime": 8589,
      "usertime": 142715
     },
     "22227550260": {
      "maxRSS": 23872,
      "systemtime": 8589,
      "usertime": 142735
     },
     "22227551421": {
      "maxRSS": 24000,
      "systemtime": 8589,
      "usertime": 142751
     },
     "22227552589": {
      "maxRSS": 24128,
      "systemtime": 8589,
      "usertime": 146767
     },
     "22227553749": {
      "maxRSS": 24128,
      "systemtime": 8589,
      "usertime": 146783
     },
     "22227554921": {
      "maxRSS": 24256,
      "systemtime": 8589,
      "usertime": 146799
     },
     "22227556105": {
      "maxRSS": 24256,
      "systemtime": 8589,
      "usertime": 150812
     },
     "22227556348": {
      "maxRSS": 24256,
      "systemtime": 8589,
      "usertime": 151166
     },
     "22227557432": {
      "maxRSS": 24512,
      "systemtime": 8589,
      "usertime": 151182
     },
     "22227558518": {
      "maxRSS": 24896,
      "systemtime": 8589,
      "usertime": 151199
     },
     "22227559678": {
      "maxRSS": 25152,
      "systemtime": 8589,
      "usertime": 151236
     },
     "22227560788": {
      "maxRSS": 25408,
      "systemtime": 8589,
      "usertime": 154920
     },
     "22227561890": {
      "maxRSS": 25792,
      "systemtime": 8589,
      "usertime": 154931
     },
     "22227563063": {
      "maxRSS": 26048,
      "systemtime": 8589,
      "usertime": 154951
     },
     "22227564112": {
      "maxRSS": 26304,
      "systemtime": 8589,
      "usertime": 158964
     },
     "22227565273": {
      "maxRSS": 26688,
      "systemtime": 8589,
      "usertime": 158980
     },
     "22227566441": {
      "maxRSS": 26944,
      "systemtime": 8589,
      "usertime": 158996
     },
     "22227566985": {
      "maxRSS": 26944,
      "systemtime": 8589,
      "usertime": 161894
     },
     "22227568121": {
      "maxRSS": 26944,
      "systemtime": 8589,
      "usertime": 163027
     },
     "22227569295": {
      "maxRSS": 26944,
      "systemtime": 8589,
      "usertime": 163047
     },
     "22227570464": {
      "maxRSS": 26944,
      "systemtime": 8589,
      "usertime": 163063
     },
     "22227571640": {
      "maxRSS": 26944,
      "systemtime": 8589,
      "usertime": 163081
     },
     "22227572771": {
      "maxRSS": 26944,
      "systemtime": 8589,
      "usertime": 167098
     },
     "22227574043": {
      "maxRSS": 26944,
      "systemtime": 8589,
      "usertime": 167119
     },
     "22227575127": {
      "maxRSS": 26944,
      "systemtime": 8589,
      "usertime": 167137
     },
     "22227576195": {
      "maxRSS": 26944,
      "systemtime": 8589,
      "usertime": 171148
     },
     "22227577265": {
      "maxRSS": 26944,
      "systemtime": 8589,
      "usertime": 171161
     },
     "22227578366": {
      "maxRSS": 26944,
      "systemtime": 8589,
      "usertime": 171173
     },
     "22227579463": {
      "maxRSS": 26944,
      "systemtime": 8589,
      "usertime": 171179
     },
     "22227580527": {
      "maxRSS": 26944,
      "systemtime": 8589,
      "usertime": 175185
     },
     "22227581626": {
      "maxRSS": 26944,
      "systemtime": 8589,
      "usertime": 175192
     },
     "22227582722": {
      "maxRSS": 26944,
      "systemtime": 8589,
      "usertime": 175199
     },
     "22227583823": {
      "maxRSS": 26944,
      "systemtime": 8589,
      "usertime": 175211
     },
     "22227584886": {
      "maxRSS": 26944,
      "systemtime": 8589,
      "usertime": 179217
     },
     "22227585982": {
      "maxRSS": 26944,
      "systemtime": 8589,
      "usertime": 179224
     },
     "22227587078": {
      "maxRSS": 26944,
      "systemtime": 8589,
      "usertime": 179232
     },
     "22227588142": {
      "maxRSS": 26944,
      "systemtime": 8589,
      "usertime": 183238
     },
     "22227589282": {
      "maxRSS": 26944,
      "systemtime": 8589,
      "usertime": 183251
     },
     "22227590504": {
      "maxRSS": 27072,
      "systemtime": 8589,
      "usertime": 183285
     },
     "22227591602": {
      "maxRSS": 27072,
      "systemtime": 8589,
      "usertime": 183295
     },
     "22227592700": {
      "maxRSS": 27072,
      "systemtime": 8589,
      "usertime": 187305
     },
     "22227593794": {
      "maxRSS": 27072,
      "systemtime": 8589,
      "usertime": 187312
     },
     "22227594888": {
      "maxRSS": 27072,
      "systemtime": 8589,
      "usertime": 187319
     },
     "22227595985": {
      "maxRSS": 27072,
      "systemtime": 8589,
      "usertime": 187326
     },
     "22227597084": {
      "maxRSS": 27072,
      "systemtime": 8589,
      "usertime": 191333
     },
     "22227598184": {
      "maxRSS": 27072,
      "systemtime": 8589,
      "usertime": 191343
     },
     "22227599278": {
      "maxRSS": 27072,
      "systemtime": 8589,
      "usertime": 191350
     },
     "22227600372": {
      "maxRSS": 27072,
      "systemtime": 8589,
      "usertime": 195357
     },
     "22227601531": {
      "maxRSS": 27072,
      "systemtime": 8589,
      "usertime": 195370
     },
     "22227602712": {
      "maxRSS": 27072,
      "systemtime": 8589,
      "usertime": 195388
     },
     "22227603886": {
      "maxRSS": 27072,
      "systemtime": 8589,
      "usertime": 195406
     },
     "22227605171": {
      "maxRSS": 27072,
      "systemtime": 8589,
      "usertime": 199491
     },
     "22227606261": {
      "maxRSS": 27072,
      "systemtime": 8589,
      "usertime": 199507
     },
     "22227607386": {
      "maxRSS": 27072,
      "systemtime": 8589,
      "usertime": 199524
     },
     "22227608559": {
      "maxRSS": 27072,
      "systemtime": 8589,
      "usertime": 203486
     },
     "22227609723": {
      "maxRSS": 27072,
      "systemtime": 8589,
      "usertime": 203502
     },
     "22227610566": {
      "maxRSS": 27072,
      "systemtime": 8589,
      "usertime": 206001
     },
     "22227611760": {
      "maxRSS": 27200,
      "systemtime": 8589,
      "usertime": 206035
     },
     "22227612936": {
      "maxRSS": 27584,
      "systemtime": 8589,
      "usertime": 207564
     },
     "22227614111": {
      "maxRSS": 27840,
      "systemtime": 8589,
      "usertime": 207580
     },
     "22227615236": {
      "maxRSS": 28224,
      "systemtime": 8589,
      "usertime": 207596
     },
     "22227616362": {
      "maxRSS": 28480,
      "systemtime": 12233,
      "usertime": 207970
     },
     "22227617485": {
      "maxRSS": 28864,
      "systemtime": 12234,
      "usertime": 207985
     },
     "22227618664": {
      "maxRSS": 29120,
      "systemtime": 12235,
      "usertime": 208010
     },
     "22227619831": {
      "maxRSS": 29248,
      "systemtime": 12446,
      "usertime": 211598
     },
     "22227621033": {
      "maxRSS": 29248,
      "systemtime": 12446,
      "usertime": 211834
     },
     "22227622118": {
      "maxRSS": 29248,
      "systemtime": 12446,
      "usertime": 211851
     },
     "22227623393": {
      "maxRSS": 29248,
      "systemtime": 12446,
      "usertime": 211868
     },
     "22227624520": {
      "maxRSS": 29248,
      "systemtime": 12446,
      "usertime": 215951
     },
     "22227625727": {
      "maxRSS": 29248,
      "systemtime": 12446,
      "usertime": 215991
     },
     "22227626900": {
      "maxRSS": 29248,
      "systemtime": 12446,
      "usertime": 216008
     },
     "22227627977": {
      "maxRSS": 29248,
      "systemtime": 12446,
      "usertime": 216023
     },
     "22227629144": {
      "maxRSS": 29248,
      "systemtime": 12446,
      "usertime": 220032
     },
     "22227630229": {
      "maxRSS": 29248,
      "systemtime": 12446,
      "usertime": 220048
     },
     "22227631344": {
      "maxRSS": 29248,
      "systemtime": 12446,
      "usertime": 220065
     },
     "22227632508": {
      "maxRSS": 29248,
      "systemtime": 12446,
      "usertime": 224025
     },
     "22227633683": {
      "maxRSS": 29248,
      "systemtime": 12446,
      "usertime": 224054
     },
     "22227634859": {
      "maxRSS": 29248,
      "systemtime": 12446,
      "usertime": 224072
     },
     "22227635970": {
      "maxRSS": 29248,
      "systemtime": 12446,
      "usertime": 224089
     },
     "22227637041": {
      "maxRSS": 29248,
      "systemtime": 12446,
      "usertime": 228102
     },
     "22227638161": {
      "maxRSS": 29248,
      "systemtime": 12446,
      "usertime": 228116
     },
     "22227639431": {
      "maxRSS": 29248,
      "systemtime": 12446,
      "usertime": 228134
     },
     "22227640557": {
      "maxRSS": 29248,
      "systemtime": 12446,
      "usertime": 232169
     },
     "22227641658": {
      "maxRSS": 29248,
      "systemtime": 12446,
      "usertime": 232180
     },
     "22227642755": {
      "maxRSS": 29248,
      "systemtime": 12446,
      "usertime": 232187
     },
     "22227643853": {
      "maxRSS": 29248,
      "systemtime": 12446,
      "usertime": 232195
     },
     "22227644950": {
      "maxRSS": 29248,
      "systemtime": 12446,
      "usertime": 236205
     },
     "22227646044": {
      "maxRSS": 29248,
      "systemtime": 12446,
      "usertime": 236211
     },
     "22227647120": {
      "maxRSS": 29248,
      "systemtime": 12446,
      "usertime": 236229
     },
     "22227648184": {
      "maxRSS": 29248,
      "systemtime": 12446,
      "usertime": 240236
     },
     "22227649284": {
      "maxRSS": 29248,
      "systemtime": 12446,
      "usertime": 240245
     },
     "22227650347": {
      "maxRSS": 29248,
      "systemtime": 12446,
      "usertime": 240252
     },
     "22227651451": {
      "maxRSS": 29248,
      "systemtime": 12446,
      "usertime": 240265
     },
     "22227652546": {
      "maxRSS": 29248,
      "systemtime": 12446,
      "usertime": 244273
     },
     "22227653628": {
      "maxRSS": 29248,
      "systemtime": 12446,
      "usertime": 244290
     },
     "22227654733": {
      "maxRSS": 29248,
      "systemtime": 12446,
      "usertime": 244301
     },
     "22227655833": {
      "maxRSS": 29248,
      "systemtime": 12446,
      "usertime": 244309
     },
     "22227656935": {
      "maxRSS": 29248,
      "systemtime": 12446,
      "usertime": 249233
     },
     "22227656944": {
      "maxRSS": 29248,
      "systemtime": 12446,
      "usertime": 249261
     },
     "22227658041": {
      "maxRSS": 29248,
      "systemtime": 12446,
      "usertime": 249267
     },
     "22227659136": {
      "maxRSS": 29248,
      "systemtime": 12446,
      "usertime": 249274
     },
     "22227660210": {
      "maxRSS": 29248,
      "systemtime": 12446,
      "usertime": 252356
     },
     "22227661305": {
      "maxRSS": 29504,
      "systemtime": 12446,
      "usertime": 252364
     },
     "22227662412": {
      "maxRSS": 29760,
      "systemtime": 12446,
      "usertime": 252373
     },
     "22227663509": {
      "maxRSS": 30144,
      "systemtime": 12446,
      "usertime": 252380
     },
     "22227664444": {
      "maxRSS": 30272,
      "systemtime": 12446,
      "usertime": 256810
     },
     "22227665554": {
      "maxRSS": 30272,
      "systemtime": 12446,
      "usertime": 256829
     },
     "22227666664": {
      "maxRSS": 30272,
      "systemtime": 12446,
      "usertime": 256841
     },
     "22227667727": {
      "maxRSS": 30272,
      "systemtime": 12446,
      "usertime": 256847
     },
     "22227668794": {
      "maxRSS": 30272,
      "systemtime": 12446,
      "usertime": 260445
     },
     "22227669889": {
      "maxRSS": 30272,
      "systemtime": 12446,
      "usertime": 260452
     },
     "22227670954": {
      "maxRSS": 30272,
      "systemtime": 12446,
      "usertime": 260460
     },
     "22227672047": {
      "maxRSS": 30272,
      "systemtime": 12446,
      "usertime": 264466
     },
     "22227673150": {
      "maxRSS": 30272,
      "systemtime": 12446,
      "usertime": 264479
     },
     "22227674230": {
      "maxRSS": 30272,
      "systemtime": 12446,
      "usertime": 264493
     },
     "22227675641": {
      "maxRSS": 30272,
      "systemtime": 12446,
      "usertime": 264509
     },
     "22227676708": {
      "maxRSS": 30272,
      "systemtime": 12446,
      "usertime": 268519
     },
     "22227677804": {
      "maxRSS": 30272,
      "systemtime": 12446,
      "usertime": 268526
     },
     "22227678905": {
      "maxRSS": 30272,
      "systemtime": 12446,
      "usertime": 268533
     },
     "22227680027": {
      "maxRSS": 30272,
      "systemtime": 12446,
      "usertime": 272548
     },
     "22227681122": {
      "maxRSS": 30272,
      "systemtime": 12446,
      "usertime": 272554
     },
     "22227682218": {
      "maxRSS": 30272,
      "systemtime": 12446,
      "usertime": 272561
     },
     "22227683313": {
      "maxRSS": 30272,
      "systemtime": 12446,
      "usertime": 272568
     },
     "22227684491": {
      "maxRSS": 30272,
      "systemtime": 12446,
      "usertime": 276581
     },
     "22227685659": {
      "maxRSS": 30272,
      "systemtime": 12446,
      "usertime": 276598
     },
     "22227686878": {
      "maxRSS": 30272,
      "systemtime": 12446,
      "usertime": 276634
     },
     "22227688123": {
      "maxRSS": 30272,
      "systemtime": 12446,
      "usertime": 280739
     },
     "22227689235": {
      "maxRSS": 30272,
      "systemtime": 12446,
      "usertime": 280756
     },
     "22227690432": {
      "maxRSS": 30272,
      "systemtime": 12446,
      "usertime": 280784
     },
     "22227691360": {
      "maxRSS": 30272,
      "systemtime": 12446,
      "usertime": 284038
     },
     "22227692549": {
      "maxRSS": 30272,
      "systemtime": 12446,
      "usertime": 284746
     },
     "22227693730": {
      "maxRSS": 30272,
      "systemtime": 12446,
      "usertime": 284762
     },
     "22227694913": {
      "maxRSS": 30272,
      "systemtime": 12446,
      "usertime": 284793
     },
     "22227695996": {
      "maxRSS": 30272,
      "systemtime": 12446,
      "usertime": 284809
     },
     "22227696444": {
      "maxRSS": 30272,
      "systemtime": 12446,
      "usertime": 289179
     },
     "22227697606": {
      "maxRSS": 30272,
      "systemtime": 12446,
      "usertime": 289195
     },
     "22227698690": {
      "maxRSS": 30272,
      "systemtime": 12446,
      "usertime": 289211
     },
     "22227699862": {
      "maxRSS": 30272,
      "systemtime": 12446,
      "usertime": 289232
     },
     "22227701069": {
      "maxRSS": 30272,
      "systemtime": 12446,
      "usertime": 292932
     },
     "22227702341": {
      "maxRSS": 30272,
      "systemtime": 12446,
      "usertime": 292962
     },
     "22227703460": {
      "maxRSS": 30272,
      "systemtime": 12446,
      "usertime": 292973
     },
     "22227704636": {
      "maxRSS": 30272,
      "systemtime": 12446,
      "usertime": 296986
     },
     "22227705813": {
      "maxRSS": 30272,
      "systemtime": 12446,
      "usertime": 297003
     },
     "22227706975": {
      "maxRSS": 30272,
      "systemtime": 12446,
      "usertime": 297019
     },
     "22227708108": {
      "maxRSS": 30272,
      "systemtime": 12446,
      "usertime": 301043
     },
     "22227709270": {
      "maxRSS": 30272,
      "systemtime": 12446,
      "usertime": 301059
     },
     "22227710439": {
      "maxRSS": 30272,
      "systemtime": 12446,
      "usertime": 301075
     },
     "22227711570": {
      "maxRSS": 30272,
      "systemtime": 12446,
      "usertime": 301092
     },
     "22227712748": {
      "maxRSS": 30272,
      "systemtime": 12446,
      "usertime": 305109
     },
     "22227713108": {
      "maxRSS": 30272,
      "systemtime": 12446,
      "usertime": 306160
     },
     "22227714352": {
      "maxRSS": 30272,
      "systemtime": 12446,
      "usertime": 306192
     },
     "22227715488": {
      "maxRSS": 30272,
      "systemtime": 12446,
      "usertime": 306208
     },
     "22227716361": {
      "maxRSS": 30272,
      "systemtime": 12446,
      "usertime": 309494
     },
     "22227717441": {
      "maxRSS": 30272,
      "systemtime": 12446,
      "usertime": 309510
     },
     "22227718514": {
      "maxRSS": 30272,
      "systemtime": 12446,
      "usertime": 309524
     },
     "22227719595": {
      "maxRSS": 30272,
      "systemtime": 12446,
      "usertime": 309538
     },
     "22227720698": {
      "maxRSS": 30272,
      "systemtime": 12446,
      "usertime": 313250
     },
     "22227721815": {
      "maxRSS": 30272,
      "systemtime": 12446,
      "usertime": 313275
     },
     "22227722880": {
      "maxRSS": 30272,
      "systemtime": 12446,
      "usertime": 313282
     },
     "22227723977": {
      "maxRSS": 30272,
      "systemtime": 12446,
      "usertime": 313289
     },
     "22227725105": {
      "maxRSS": 30272,
      "systemtime": 12446,
      "usertime": 317302
     },
     "22227726201": {
      "maxRSS": 30272,
      "systemtime": 12446,
      "usertime": 319475
     },
     "22227727310": {
      "maxRSS": 30272,
      "systemtime": 12446,
      "usertime": 319487
     },
     "22227728236": {
      "maxRSS": 30272,
      "systemtime": 12446,
      "usertime": 321578
     },
     "22227729338": {
      "maxRSS": 30272,
      "systemtime": 12446,
      "usertime": 321590
     },
     "22227730448": {
      "maxRSS": 30272,
      "systemtime": 12446,
      "usertime": 321608
     },
     "22227731550": {
      "maxRSS": 30272,
      "systemtime": 12446,
      "usertime": 321616
     },
     "22227732652": {
      "maxRSS": 30272,
      "systemtime": 12446,
      "usertime": 325399
     },
     "22227733771": {
      "maxRSS": 30272,
      "systemtime": 12446,
      "usertime": 325415
     },
     "22227733908": {
      "maxRSS": 30272,
      "systemtime": 12446,
      "usertime": 327366
     },
     "22227734976": {
      "maxRSS": 30272,
      "systemtime": 12446,
      "usertime": 327376
     },
     "22227735104": {
      "maxRSS": 30272,
      "systemtime": 12446,
      "usertime": 328577
     },
     "22227736167": {
      "maxRSS": 30272,
      "systemtime": 12446,
      "usertime": 329486
     },
     "22227737263": {
      "maxRSS": 30272,
      "systemtime": 12446,
      "usertime": 329495
     },
     "22227738261": {
      "maxRSS": 30272,
      "systemtime": 12446,
      "usertime": 331763
     },
     "22227739002": {
      "maxRSS": 30272,
      "systemtime": 12446,
      "usertime": 332507
     },
     "22227740049": {
      "maxRSS": 30272,
      "systemtime": 12446,
      "usertime": 333558
     },
     "22227740606": {
      "maxRSS": 30272,
      "systemtime": 12446,
      "usertime": 334143
     },
     "22227740948": {
      "maxRSS": 30272,
      "systemtime": 12446,
      "usertime": 334490
     },
     "22227741684": {
      "maxRSS": 30272,
      "systemtime": 12446,
      "usertime": 335262
     },
     "22227741838": {
      "maxRSS": 30272,
      "systemtime": 12446,
      "usertime": 335425
     },
     "22227742160": {
      "maxRSS": 30272,
      "systemtime": 12446,
      "usertime": 335754
     },
     "22227742237": {
      "maxRSS": 30272,
      "systemtime": 12446,
      "usertime": 335848
     },
     "22227742378": {
      "maxRSS": 30272,
      "systemtime": 12446,
      "usertime": 335995
     },
     "22227742416": {
      "maxRSS": 30272,
      "systemtime": 12446,
      "usertime": 336041
     },
     "22227742485": {
      "maxRSS": 30272,
      "systemtime": 12446,
      "usertime": 336116
     },
     "22227742513": {
      "maxRSS": 30272,
      "systemtime": 12446,
      "usertime": 336152
     },
     "22227742554": {
      "maxRSS": 30272,
      "systemtime": 12446,
      "usertime": 336199
     },
     "22227742576": {
      "maxRSS": 30272,
      "systemtime": 12446,
      "usertime": 336236
     },
     "22227742604": {
      "maxRSS": 30272,
      "systemtime": 12446,
      "usertime": 336267
     },
     "22227742624": {
      "maxRSS": 30272,
      "systemtime": 12446,
      "usertime": 336295
     },
     "22227742648": {
      "maxRSS": 30272,
      "systemtime": 12446,
      "usertime": 336324
     },
     "22227742670": {
      "maxRSS": 30272,
      "systemtime": 12446,
      "usertime": 336353
     },
     "22227743769": {
      "maxRSS": 30272,
      "systemtime": 12446,
      "usertime": 336360
     },
     "22227744836": {
      "maxRSS": 30272,
      "systemtime": 12446,
      "usertime": 337708
     },
     "22227745935": {
      "maxRSS": 30272,
      "systemtime": 12446,
      "usertime": 337718
     },
     "22227747034": {
      "maxRSS": 30272,
      "systemtime": 12446,
      "usertime": 337728
     },
     "22227748099": {
      "maxRSS": 30272,
      "systemtime": 12446,
      "usertime": 341734
     },
     "22227749163": {
      "maxRSS": 30272,
      "systemtime": 12446,
      "usertime": 341741
     },
     "22227750245": {
      "maxRSS": 30272,
      "systemtime": 12446,
      "usertime": 341757
     },
     "22227751357": {
      "maxRSS": 30272,
      "systemtime": 12446,
      "usertime": 341802
     },
     "22227752508": {
      "maxRSS": 30400,
      "systemtime": 12446,
      "usertime": 345831
     },
     "22227753675": {
      "maxRSS": 30528,
      "systemtime": 12446,
      "usertime": 345851
     },
     "22227754957": {
      "maxRSS": 30784,
      "systemtime": 12446,
      "usertime": 345869
     },
     "22227756132": {
      "maxRSS": 30912,
      "systemtime": 12446,
      "usertime": 349883
     },
     "22227757223": {
      "maxRSS": 31040,
      "systemtime": 12446,
      "usertime": 349900
     },
     "22227758496": {
      "maxRSS": 31168,
      "systemtime": 12446,
      "usertime": 349917
     },
     "22227759682": {
      "maxRSS": 31296,
      "systemtime": 12446,
      "usertime": 349953
     },
     "22227760857": {
      "maxRSS": 31552,
      "systemtime": 12446,
      "usertime": 353971
     },
     "22227762027": {
      "maxRSS": 31680,
      "systemtime": 12446,
      "usertime": 353987
     },
     "22227763204": {
      "maxRSS": 31680,
      "systemtime": 12446,
      "usertime": 354004
     },
     "22227764337": {
      "maxRSS": 31808,
      "systemtime": 12446,
      "usertime": 358021
     },
     "22227765445": {
      "maxRSS": 31936,
      "systemtime": 12446,
      "usertime": 358039
     },
     "22227766689": {
      "maxRSS": 32064,
      "systemtime": 12446,
      "usertime": 358070
     },
     "22227767894": {
      "maxRSS": 32192,
      "systemtime": 12446,
      "usertime": 358087
     },
     "22227769065": {
      "maxRSS": 32320,
      "systemtime": 12446,
      "usertime": 362110
     },
     "22227770155": {
      "maxRSS": 32448,
      "systemtime": 12446,
      "usertime": 362126
     },
     "22227771340": {
      "maxRSS": 32576,
      "systemtime": 12446,
      "usertime": 362148
     },
     "22227772495": {
      "maxRSS": 32704,
      "systemtime": 12446,
      "usertime": 366160
     },
     "22227773721": {
      "maxRSS": 32832,
      "systemtime": 12446,
      "usertime": 366187
     },
     "22227774854": {
      "maxRSS": 32960,
      "systemtime": 12446,
      "usertime": 366205
     },
     "22227776039": {
      "maxRSS": 33088,
      "systemtime": 12446,
      "usertime": 370222
     },
     "22227777134": {
      "maxRSS": 33216,
      "systemtime": 12446,
      "usertime": 370240
     },
     "22227778241": {
      "maxRSS": 33344,
      "systemtime": 12446,
      "usertime": 370261
     },
     "22227779505": {
      "maxRSS": 33472,
      "systemtime": 12446,
      "usertime": 370279
     },
     "22227780605": {
      "maxRSS": 33600,
      "systemtime": 12446,
      "usertime": 374311
     },
     "22227781688": {
      "maxRSS": 33728,
      "systemtime": 12446,
      "usertime": 374327
     },
     "22227782791": {
      "maxRSS": 33728,
      "systemtime": 12446,
      "usertime": 374340
     },
     "22227783903": {
      "maxRSS": 33856,
      "systemtime": 12446,
      "usertime": 374356
     },
     "22227785000": {
      "maxRSS": 34112,
      "systemtime": 12446,
      "usertime": 378362
     },
     "22227786097": {
      "maxRSS": 34240,
      "systemtime": 12446,
      "usertime": 378369
     },
     "22227787195": {
      "maxRSS": 34368,
      "systemtime": 12446,
      "usertime": 378376
     },
     "22227788272": {
      "maxRSS": 34496,
      "systemtime": 12446,
      "usertime": 382395
     },
     "22227789371": {
      "maxRSS": 34624,
      "systemtime": 12446,
      "usertime": 382402
     },
     "22227790435": {
      "maxRSS": 34752,
      "systemtime": 12446,
      "usertime": 382409
     },
     "22227791529": {
      "maxRSS": 34880,
      "systemtime": 12446,
      "usertime": 382416
     },
     "22227792593": {
      "maxRSS": 35008,
      "systemtime": 12446,
      "usertime": 386421
     },
     "22227793687": {
      "maxRSS": 35136,
      "systemtime": 12446,
      "usertime": 386428
     },
     "22227794791": {
      "maxRSS": 35392,
      "systemtime": 12446,
      "usertime": 386444
     },
     "22227795886": {
      "maxRSS": 35520,
      "systemtime": 12446,
      "usertime": 386451
     },
     "22227796991": {
      "maxRSS": 35648,
      "systemtime": 12446,
      "usertime": 390461
     },
     "22227798088": {
      "maxRSS": 35776,
      "systemtime": 12446,
      "usertime": 390468
     },
     "22227799151": {
      "maxRSS": 35904,
      "systemtime": 12446,
      "usertime": 390475
     },
     "22227800217": {
      "maxRSS": 36032,
      "systemtime": 12446,
      "usertime": 394482
     },
     "22227801312": {
      "maxRSS": 36288,
      "systemtime": 12446,
      "usertime": 394500
     },
     "22227802508": {
      "maxRSS": 36416,
      "systemtime": 12446,
      "usertime": 394516
     },
     "22227803605": {
      "maxRSS": 36544,
      "systemtime": 12446,
      "usertime": 394526
     },
     "22227804701": {
      "maxRSS": 36672,
      "systemtime": 12446,
      "usertime": 398536
     },
     "22227805797": {
      "maxRSS": 36800,
      "systemtime": 12446,
      "usertime": 398544
     },
     "22227806896": {
      "maxRSS": 36800,
      "systemtime": 12446,
      "usertime": 398552
     },
     "22227808018": {
      "maxRSS": 36928,
      "systemtime": 12446,
      "usertime": 402585
     },
     "22227809118": {
      "maxRSS": 36928,
      "systemtime": 12446,
      "usertime": 402593
     },
     "22227809958": {
      "maxRSS": 36928,
      "systemtime": 12446,
      "usertime": 404557
     },
     "22227811061": {
      "maxRSS": 36928,
      "systemtime": 12446,
      "usertime": 404566
     },
     "22227812128": {
      "maxRSS": 36928,
      "systemtime": 12446,
      "usertime": 404573
     },
     "22227813225": {
      "maxRSS": 36928,
      "systemtime": 15288,
      "usertime": 404573
     }
    }
   }
  }
 }
}
