{
 "root": {
  "program": {
   "configuration": {
    "": "/root/compiler/measurements/m3-5-headline/family/same_generation_negation/d7_b4/emit_guarded/transformed.dl",
    "fact-dir": "/root/compiler/fixtures/benchmark-family/same_generation_negation/d7_b4",
    "include-dir": ".",
    "jobs": "1",
    "libraries": "functors",
    "library-dir": ".",
    "output-dir": "/root/compiler/measurements/m3-5-headline/family/same_generation_negation/d7_b4/dlc",
    "profile": "prof.log",
    "relationCount": "15",
    "ruleCount": "27",
    "version": "2.5",
    "warn": "all",
    "wno": "none"
   },
   "relation": {
    "magic_notsg_bf": {
     "maxRSS": {
      "post": 15896,
      "pre": 15896
     },
     "non-recursive-rule": {
      "magic_notsg_bf(0).": {
       "maxRSS": {
        "post": 15896,
        "pre": 15896
       },
       "num-tuples": 1,
       "runtime": { "start": 29277458825, "end": 29277459147},
       "source-locator": "/root/compiler/measurements/m3-5-headline/family/same_generation_negation/d7_b4/emit_guarded/transformed.dl [40:1-40:19]"
      }
     },
     "num-tuples": 1,
     "reads": 0,
     "runtime": { "start": 29277458823, "end": 29277459167},
     "source-locator": "/root/compiler/measurements/m3-5-headline/family/same_generation_negation/d7_b4/emit_guarded/transformed.dl [23:7-23:21]"
    },
    "magic_sg_bb": {
     "iteration": {
      "0": {
       "maxRSS": {
        "post": 15896,
        "pre": 15896
       },
       "num-tuples": 0,
       "recursive-rule": {
        "magic_sg_bb(xp,yp) :- \n   sup_sg_bb_r1_2(_,_,xp,yp).": {
         "0": {
          "atom-frequency": {
           "@new_magic_sg_bb(xp,yp) :- \n   @delta_sup_sg_bb_r1_2(_,_,xp,yp).": {
            "@delta_sup_sg_bb_r1_2": {
             "level": 0,
             "num-tuples": 0
            }
           }
          },
          "maxRSS": {
           "post": 15896,
           "pre": 15896
          },
          "num-tuples": 0,
          "runtime": { "start": 29277465626, "end": 29277465627},
          "source-locator": "/root/compiler/measurements/m3-5-headline/family/same_generation_negation/d7_b4/emit_guarded/transformed.dl [38:1-38:53]"
         }
        }
       },
       "runtime": { "start": 29277465612, "end": 29277465640}
      }
     },
     "maxRSS": {
      "post": 15896,
      "pre": 15896
     },
     "non-recursive-rule": {
      "magic_sg_bb(x,y) :- \n   sup_notsg_bf_r0_2(x,y).": {
       "atom-frequency": {
        "magic_sg_bb(x,y) :- \n   sup_notsg_bf_r0_2(x,y).": {
         "sup_notsg_bf_r0_2": {
          "level": 0,
          "num-tuples": 0
         }
        }
       },
       "maxRSS": {
        "post": 15896,
        "pre": 15896
       },
       "num-tuples": 14567,
       "runtime": { "start": 29277464075, "end": 29277464792},
       "source-locator": "/root/compiler/measurements/m3-5-headline/family/same_generation_negation/d7_b4/emit_guarded/transformed.dl [28:1-28:46]"
      }
     },
     "num-tuples": 14567,
     "reads": 0,
     "runtime": { "start": 29277464065, "end": 29277464806},
     "source-locator": "/root/compiler/measurements/m3-5-headline/family/same_generation_negation/d7_b4/emit_guarded/transformed.dl [13:7-13:18]"
    },
    "parent": {
     "loadtime": { "start": 29277459173, "end": 29277461504},
     "num-tuples": 14566,
     "reads": 0,
     "source-locator": "/root/compiler/measurements/m3-5-headline/family/same_generation_negation/d7_b4/emit_guarded/transformed.dl [1:7-1:13]"
    },
    "person": {
     "loadtime": { "start": 29277461515, "end": 29277463037},
     "num-tuples": 14567,
     "reads": 2,
     "source-locator": "/root/compiler/measurements/m3-5-headline/family/same_generation_negation/d7_b4/emit_guarded/transformed.dl [3:7-3:13]"
    },
    "q_notsg": {
     "maxRSS": {
      "post": 15896,
      "pre": 15896
     },
     "non-recursive-rule": {
      "q_notsg(y) :- \n   sup_notsg_bf_r0_3(0,y).": {
       "atom-frequency": {
        "q_notsg(y) :- \n   sup_notsg_bf_r0_3(0,y).": {
         "sup_notsg_bf_r0_3": {
          "level": 0,
          "num-tuples": 0
         }
        }
       },
       "maxRSS": {
        "post": 15896,
        "pre": 15896
       },
       "num-tuples": 14566,
       "runtime": { "start": 29277467855, "end": 29277468360},
       "source-locator": "/root/compiler/measurements/m3-5-headline/family/same_generation_negation/d7_b4/emit_guarded/transformed.dl [41:1-41:30]"
      }
     },
     "num-tuples": 14566,
     "reads": 0,
     "runtime": { "start": 29277467845, "end": 29277468372},
     "savetime": { "start": 29277468378, "end": 29277469718},
     "source-locator": "/root/compiler/measurements/m3-5-headline/family/same_generation_negation/d7_b4/emit_guarded/transformed.dl [7:7-7:14]"
    },
    "sg_bb": {
     "iteration": {
      "0": {
       "maxRSS": {
        "post": 15896,
        "pre": 15896
       },
       "num-tuples": 0,
       "recursive-rule": {
        "sg_bb(x,y) :- \n   sup_sg_bb_r1_4(x,y).": {
         "0": {
          "atom-frequency": {
           "@new_sg_bb(x,y) :- \n   @delta_sup_sg_bb_r1_4(x,y).": {
            "@delta_sup_sg_bb_r1_4": {
             "level": 0,
             "num-tuples": 0
            }
           }
          },
          "maxRSS": {
           "post": 15896,
           "pre": 15896
          },
          "num-tuples": 0,
          "runtime": { "start": 29277466663, "end": 29277466664},
          "source-locator": "/root/compiler/measurements/m3-5-headline/family/same_generation_negation/d7_b4/emit_guarded/transformed.dl [39:1-39:37]"
         }
        }
       },
       "runtime": { "start": 29277466649, "end": 29277466673}
      }
     },
     "maxRSS": {
      "post": 15896,
      "pre": 15896
     },
     "non-recursive-rule": {
      "sg_bb(x,x) :- \n   sup_sg_bb_r0_1(x).": {
       "atom-frequency": {
        "sg_bb(x,x) :- \n   sup_sg_bb_r0_1(x).": {
         "sup_sg_bb_r0_1": {
          "level": 0,
          "num-tuples": 0
         }
        }
       },
       "maxRSS": {
        "post": 15896,
        "pre": 15896
       },
       "num-tuples": 1,
       "runtime": { "start": 29277466629, "end": 29277466630},
       "source-locator": "/root/compiler/measurements/m3-5-headline/family/same_generation_negation/d7_b4/emit_guarded/transformed.dl [32:1-32:34]"
      }
     },
     "num-tuples": 1,
     "reads": 14567,
     "runtime": { "start": 29277466620, "end": 29277466639},
     "source-locator": "/root/compiler/measurements/m3-5-headline/family/same_generation_negation/d7_b4/emit_guarded/transformed.dl [17:7-17:12]"
    },
    "sup_notsg_bf_r0_1": {
     "maxRSS": {
      "post": 15896,
      "pre": 15896
     },
     "non-recursive-rule": {
      "sup_notsg_bf_r0_1(x) :- \n   magic_notsg_bf(x),\n   person(x).": {
       "atom-frequency": {
        "sup_notsg_bf_r0_1(x) :- \n   magic_notsg_bf(x),\n   person(x).": {
         "magic_notsg_bf": {
          "level": 0,
          "num-tuples": 0
         }
        }
       },
       "maxRSS": {
        "post": 15896,
        "pre": 15896
       },
       "num-tuples": 1,
       "runtime": { "start": 29277463061, "end": 29277463265},
       "source-locator": "/root/compiler/measurements/m3-5-headline/family/same_generation_negation/d7_b4/emit_guarded/transformed.dl [25:1-25:57]"
      }
     },
     "num-tuples": 1,
     "reads": 0,
     "runtime": { "start": 29277463049, "end": 29277463276},
     "source-locator": "/root/compiler/measurements/m3-5-headline/family/same_generation_negation/d7_b4/emit_guarded/transformed.dl [10:7-10:24]"
    },
    "sup_notsg_bf_r0_2": {
     "maxRSS": {
      "post": 15896,
      "pre": 15896
     },
     "non-recursive-rule": {
      "sup_notsg_bf_r0_2(x,y) :- \n   sup_notsg_bf_r0_1(x),\n   person(y).": {
       "atom-frequency": {
        "sup_notsg_bf_r0_2(x,y) :- \n   sup_notsg_bf_r0_1(x),\n   person(y).": {
         "person": {
          "level": 1,
          "num-tuples": 0
         },
         "sup_notsg_bf_r0_1": {
          "level": 0,
          "num-tuples": 0
         }
        }
       },
       "maxRSS": {
        "post": 15896,
        "pre": 15896
       },
       "num-tuples": 14567,
       "runtime": { "start": 29277463292, "end": 29277463989},
       "source-locator": "/root/compiler/measurements/m3-5-headline/family/same_generation_negation/d7_b4/emit_guarded/transformed.dl [26:1-26:60]"
      }
     },
     "num-tuples": 14567,
     "reads": 0,
     "runtime": { "start": 29277463281, "end": 29277464056},
     "source-locator": "/root/compiler/measurements/m3-5-headline/family/same_generation_negation/d7_b4/emit_guarded/transformed.dl [11:7-11:24]"
    },
    "sup_notsg_bf_r0_3": {
     "maxRSS": {
      "post": 15896,
      "pre": 15896
     },
     "non-recursive-rule": {
      "sup_notsg_bf_r0_3(x,y) :- \n   sup_notsg_bf_r0_2(x,y),\n   !sg_bb(x,y).": {
       "atom-frequency": {
        "sup_notsg_bf_r0_3(x,y) :- \n   sup_notsg_bf_r0_2(x,y),\n   !sg_bb(x,y).": {
         "sup_notsg_bf_r0_2": {
          "level": 0,
          "num-tuples": 0
         }
        }
       },
       "maxRSS": {
        "post": 15896,
        "pre": 15896
       },
       "num-tuples": 14566,
       "runtime": { "start": 29277466737, "end": 29277467812},
       "source-locator": "/root/compiler/measurements/m3-5-headline/family/same_generation_negation/d7_b4/emit_guarded/transformed.dl [27:1-27:66]"
      }
     },
     "num-tuples": 14566,
     "reads": 0,
     "runtime": { "start": 29277466737, "end": 29277467822},
     "source-locator": "/root/compiler/measurements/m3-5-headline/family/same_generation_negation/d7_b4/emit_guarded/transformed.dl [12:7-12:24]"
    },
    "sup_sg_bb_r0_0": {
     "maxRSS": {
      "post": 15896,
      "pre": 15896
     },
     "non-recursive-rule": {
      "sup_sg_bb_r0_0(x) :- \n   magic_sg_bb(x,x).": {
       "atom-frequency": {
        "sup_sg_bb_r0_0(x) :- \n   magic_sg_bb(x,x).": {
         "magic_sg_bb": {
          "level": 0,
          "num-tuples": 0
         }
        }
       },
       "maxRSS": {
        "post": 15896,
        "pre": 15896
       },
       "num-tuples": 1,
       "runtime": { "start": 29277466310, "end": 29277466546},
       "source-locator": "/root/compiler/measurements/m3-5-headline/family/same_generation_negation/d7_b4/emit_guarded/transformed.dl [30:1-30:40]"
      }
     },
     "num-tuples": 1,
     "reads": 0,
     "runtime": { "start": 29277466301, "end": 29277466556},
     "source-locator": "/root/compiler/measurements/m3-5-headline/family/same_generation_negation/d7_b4/emit_guarded/transformed.dl [15:7-15:21]"
    },
    "sup_sg_bb_r0_1": {
     "maxRSS": {
      "post": 15896,
      "pre": 15896
     },
     "non-recursive-rule": {
      "sup_sg_bb_r0_1(x) :- \n   sup_sg_bb_r0_0(x),\n   person(x).": {
       "atom-frequency": {
        "sup_sg_bb_r0_1(x) :- \n   sup_sg_bb_r0_0(x),\n   person(x).": {
         "sup_sg_bb_r0_0": {
          "level": 0,
          "num-tuples": 0
         }
        }
       },
       "maxRSS": {
        "post": 15896,
        "pre": 15896
       },
       "num-tuples": 1,
       "runtime": { "start": 29277466593, "end": 29277466596},
       "source-locator": "/root/compiler/measurements/m3-5-headline/family/same_generation_negation/d7_b4/emit_guarded/transformed.dl [31:1-31:51]"
      }
     },
     "num-tuples": 1,
     "reads": 0,
     "runtime": { "start": 29277466583, "end": 29277466605},
     "source-locator": "/root/compiler/measurements/m3-5-headline/family/same_generation_negation/d7_b4/emit_guarded/transformed.dl [16:7-16:21]"
    },
    "sup_sg_bb_r1_1": {
     "iteration": {
      "0": {
       "maxRSS": {
        "post": 15896,
        "pre": 15896
       },
       "num-tuples": 0,
       "recursive-rule": {
        "sup_sg_bb_r1_1(x,y,xp) :- \n   magic_sg_bb(x,y),\n   parent(x,xp).": {
         "0": {
          "atom-frequency": {
           "@new_sup_sg_bb_r1_1(x,y,xp) :- \n   @delta_magic_sg_bb(x,y),\n   parent(x,xp).": {
            "@delta_magic_sg_bb": {
             "level": 0,
             "num-tuples": 0
            },
            "parent": {
             "level": 1,
             "num-tuples": 0
            }
           }
          },
          "maxRSS": {
           "post": 15896,
           "pre": 15896
          },
          "num-tuples": 0,
          "runtime": { "start": 29277465656, "end": 29277466182},
          "source-locator": "/root/compiler/measurements/m3-5-headline/family/same_generation_negation/d7_b4/emit_guarded/transformed.dl [34:1-34:65]"
         }
        }
       },
       "runtime": { "start": 29277465646, "end": 29277466192}
      }
     },
     "num-tuples": 0,
     "reads": 0,
     "source-locator": "/root/compiler/measurements/m3-5-headline/family/same_generation_negation/d7_b4/emit_guarded/transformed.dl [19:7-19:21]"
    },
    "sup_sg_bb_r1_2": {
     "iteration": {
      "0": {
       "maxRSS": {
        "post": 15896,
        "pre": 15896
       },
       "num-tuples": 0,
       "recursive-rule": {
        "sup_sg_bb_r1_2(x,y,xp,yp) :- \n   sup_sg_bb_r1_1(x,y,xp),\n   parent(y,yp).": {
         "0": {
          "atom-frequency": {
           "@new_sup_sg_bb_r1_2(x,y,xp,yp) :- \n   @delta_sup_sg_bb_r1_1(x,y,xp),\n   parent(y,yp).": {
            "@delta_sup_sg_bb_r1_1": {
             "level": 0,
             "num-tuples": 0
            },
            "parent": {
             "level": 1,
             "num-tuples": 0
            }
           }
          },
          "maxRSS": {
           "post": 15896,
           "pre": 15896
          },
          "num-tuples": 0,
          "runtime": { "start": 29277466209, "end": 29277466210},
          "source-locator": "/root/compiler/measurements/m3-5-headline/family/same_generation_negation/d7_b4/emit_guarded/transformed.dl [35:1-35:73]"
         }
        }
       },
       "runtime": { "start": 29277466197, "end": 29277466220}
      }
     },
     "num-tuples": 0,
     "reads": 0,
     "source-locator": "/root/compiler/measurements/m3-5-headline/family/same_generation_negation/d7_b4/emit_guarded/transformed.dl [20:7-20:21]"
    },
    "sup_sg_bb_r1_3": {
     "iteration": {
      "0": {
       "maxRSS": {
        "post": 15896,
        "pre": 15896
       },
       "num-tuples": 0,
       "recursive-rule": {
        "sup_sg_bb_r1_3(x,y) :- \n   sup_sg_bb_r1_2(x,y,xp,yp),\n   sg_bb(xp,yp).": {
         "0": {
          "atom-frequency": {
           "@new_sup_sg_bb_r1_3(x,y) :- \n   sup_sg_bb_r1_2(x,y,xp,yp),\n   @delta_sg_bb(xp,yp).": {
            "sup_sg_bb_r1_2": {
             "level": 0,
             "num-tuples": 0
            }
           }
          },
          "maxRSS": {
           "post": 15896,
           "pre": 15896
          },
          "num-tuples": 0,
          "runtime": { "start": 29277466688, "end": 29277466688},
          "source-locator": "/root/compiler/measurements/m3-5-headline/family/same_generation_negation/d7_b4/emit_guarded/transformed.dl [36:1-36:69]"
         }
        }
       },
       "runtime": { "start": 29277466678, "end": 29277466697}
      }
     },
     "num-tuples": 0,
     "reads": 0,
     "source-locator": "/root/compiler/measurements/m3-5-headline/family/same_generation_negation/d7_b4/emit_guarded/transformed.dl [21:7-21:21]"
    },
    "sup_sg_bb_r1_4": {
     "iteration": {
      "0": {
       "maxRSS": {
        "post": 15896,
        "pre": 15896
       },
       "num-tuples": 0,
       "recursive-rule": {
        "sup_sg_bb_r1_4(x,y) :- \n   sup_sg_bb_r1_3(x,y),\n   x != y.": {
         "0": {
          "atom-frequency": {
           "@new_sup_sg_bb_r1_4(x,y) :- \n   @delta_sup_sg_bb_r1_3(x,y),\n   x != y.": {
            "@delta_sup_sg_bb_r1_3": {
             "level": 0,
             "num-tuples": 0
            }
           }
          },
          "maxRSS": {
           "post": 15896,
           "pre": 15896
          },
          "num-tuples": 0,
          "runtime": { "start": 29277466711, "end": 29277466712},
          "source-locator": "/root/compiler/measurements/m3-5-headline/family/same_generation_negation/d7_b4/emit_guarded/transformed.dl [37:1-37:54]"
         }
        }
       },
       "runtime": { "start": 29277466702, "end": 29277466721}
      }
     },
     "num-tuples": 0,
     "reads": 0,
     "source-locator": "/root/compiler/measurements/m3-5-headline/family/same_generation_negation/d7_b4/emit_guarded/transformed.dl [22:7-22:21]"
    }
   },
   "runtime": { "start": 29277458807, "end": 29277469746},
   "starttime": { "time": 29277458763},
   "usage": {
    "timepoint": {
     "29277458785": {
      "maxRSS": 15896,
      "systemtime": 0,
      "usertime": 9231
     },
     "29277458828": {
      "maxRSS": 15896,
      "systemtime": 0,
      "usertime": 12067
     },
     "29277459236": {
      "maxRSS": 15896,
      "systemtime": 0,
      "usertime": 12441
     },
     "29277460322": {
      "maxRSS": 15896,
      "systemtime": 0,
      "usertime": 13303
     },
     "29277461444": {
      "maxRSS": 15896,
      "systemtime": 0,
      "usertime": 13318
     },
     "29277461537": {
      "maxRSS": 15896,
      "systemtime": 0,
      "usertime": 14837
     },
     "29277462648": {
      "maxRSS": 15896,
      "systemtime": 0,
      "usertime": 14851
     },
     "29277463117": {
      "maxRSS": 15896,
      "systemtime": 0,
      "usertime": 16437
     },
     "29277463327": {
      "maxRSS": 15896,
      "systemtime": 0,
      "usertime": 16688
     },
     "29277464083": {
      "maxRSS": 15896,
      "systemtime": 93,
      "usertime": 17389
     },
     "29277465154": {
      "maxRSS": 15896,
      "systemtime": 835,
      "usertime": 17389
     },
     "29277465630": {
      "maxRSS": 15896,
      "systemtime": 1667,
      "usertime": 17389
     },
     "29277465660": {
      "maxRSS": 15896,
      "systemtime": 1703,
      "usertime": 17389
     },
     "29277466216": {
      "maxRSS": 15896,
      "systemtime": 2266,
      "usertime": 17389
     },
     "29277466238": {
      "maxRSS": 15896,
      "systemtime": 2301,
      "usertime": 17389
     },
     "29277466258": {
      "maxRSS": 15896,
      "systemtime": 2327,
      "usertime": 17389
     },
     "29277466314": {
      "maxRSS": 15896,
      "systemtime": 2391,
      "usertime": 17389
     },
     "29277466602": {
      "maxRSS": 15896,
      "systemtime": 2685,
      "usertime": 17389
     },
     "29277466634": {
      "maxRSS": 15896,
      "systemtime": 2727,
      "usertime": 17389
     },
     "29277466667": {
      "maxRSS": 15896,
      "systemtime": 2767,
      "usertime": 17389
     },
     "29277466692": {
      "maxRSS": 15896,
      "systemtime": 2801,
      "usertime": 17389
     },
     "29277466746": {
      "maxRSS": 15896,
      "systemtime": 2874,
      "usertime": 17389
     },
     "29277467832": {
      "maxRSS": 15896,
      "systemtime": 3981,
      "usertime": 17389
     },
     "29277467863": {
      "maxRSS": 15896,
      "systemtime": 4028,
      "usertime": 17389
     },
     "29277468399": {
      "maxRSS": 15896,
      "systemtime": 4028,
      "usertime": 17924
     },
     "29277469501": {
      "maxRSS": 15896,
      "systemtime": 4028,
      "usertime": 17936
     }
    }
   }
  }
 }
}
