{
 "root": {
  "program": {
   "configuration": {
    "": "/root/souffle-src/tests/semantic/rel_nullary/rel_nullary.dl",
    "fact-dir": "/root/souffle-src/tests/semantic/rel_nullary/facts",
    "include-dir": ".",
    "jobs": "1",
    "libraries": "functors",
    "library-dir": ".",
    "magic-transform": "*",
    "output-dir": "/root/compiler/measurements/night01-t4/runs/semantic__rel_nullary",
    "profile": "prof.log",
    "relationCount": "17",
    "ruleCount": "23",
    "version": "2.5",
    "warn": "all",
    "wno": "none"
   },
   "relation": {
    "+disconnected0": {
     "maxRSS": {
      "post": 23160,
      "pre": 23160
     },
     "non-recursive-rule": {
      "+disconnected0() :- \n   @interm_out.B(_).": {
       "maxRSS": {
        "post": 23160,
        "pre": 23160
       },
       "num-tuples": 1,
       "runtime": { "start": 23167786198, "end": 23167786199},
       "source-locator": " [1:1-1:1]"
      }
     },
     "num-tuples": 1,
     "reads": 0,
     "runtime": { "start": 23167786189, "end": 23167786207},
     "source-locator": " [1:1-1:1]"
    },
    "@interm_out.B": {
     "maxRSS": {
      "post": 23160,
      "pre": 23160
     },
     "non-recursive-rule": {
      "@interm_out.B(1).": {
       "maxRSS": {
        "post": 23160,
        "pre": 23160
       },
       "num-tuples": 1,
       "runtime": { "start": 23167785485, "end": 23167785491},
       "source-locator": " [1:1-1:1]"
      }
     },
     "num-tuples": 1,
     "runtime": { "start": 23167785482, "end": 23167785500},
     "source-locator": "/root/souffle-src/tests/semantic/rel_nullary/rel_nullary.dl [8:7-8:8]"
    },
    "@interm_out.H.{f}": {
     "maxRSS": {
      "post": 23160,
      "pre": 23160
     },
     "non-recursive-rule": {
      "@interm_out.H.{f}(1) :- \n   @interm_out.P().": {
       "maxRSS": {
        "post": 23160,
        "pre": 23160
       },
       "num-tuples": 1,
       "runtime": { "start": 23167786220, "end": 23167786221},
       "source-locator": " [1:1-1:1]"
      },
      "@interm_out.H.{f}(4) :- \n   @interm_out.P().": {
       "maxRSS": {
        "post": 23160,
        "pre": 23160
       },
       "num-tuples": 1,
       "runtime": { "start": 23167786228, "end": 23167786229},
       "source-locator": " [1:1-1:1]"
      },
      "@interm_out.H.{f}(5) :- \n   @interm_out.P().": {
       "maxRSS": {
        "post": 23160,
        "pre": 23160
       },
       "num-tuples": 1,
       "runtime": { "start": 23167786233, "end": 23167786243},
       "source-locator": " [1:1-1:1]"
      }
     },
     "num-tuples": 3,
     "runtime": { "start": 23167786211, "end": 23167786249},
     "source-locator": " [1:1-1:1]"
    },
    "@interm_out.P": {
     "maxRSS": {
      "post": 23160,
      "pre": 23160
     },
     "non-recursive-rule": {
      "@interm_out.P().": {
       "maxRSS": {
        "post": 23160,
        "pre": 23160
       },
       "num-tuples": 1,
       "runtime": { "start": 23167785519, "end": 23167785520},
       "source-locator": " [1:1-1:1]"
      }
     },
     "num-tuples": 1,
     "runtime": { "start": 23167785505, "end": 23167785527},
     "source-locator": "/root/souffle-src/tests/semantic/rel_nullary/rel_nullary.dl [80:7-80:8]"
    },
    "@split_in.Def": {
     "loadtime": { "start": 23167785532, "end": 23167785895},
     "num-tuples": 1,
     "source-locator": " [1:1-1:1]"
    },
    "@split_in.Undef": {
     "loadtime": { "start": 23167785902, "end": 23167785933},
     "num-tuples": 0,
     "source-locator": " [1:1-1:1]"
    },
    "A": {
     "maxRSS": {
      "post": 23160,
      "pre": 23160
     },
     "non-recursive-rule": {
      "A() :- \n   +disconnected0().": {
       "maxRSS": {
        "post": 23160,
        "pre": 23160
       },
       "num-tuples": 1,
       "runtime": { "start": 23167786534, "end": 23167786535},
       "source-locator": " [1:1-1:1]"
      }
     },
     "num-tuples": 1,
     "reads": 0,
     "runtime": { "start": 23167786525, "end": 23167786542},
     "savetime": { "start": 23167786546, "end": 23167786580},
     "source-locator": "/root/souffle-src/tests/semantic/rel_nullary/rel_nullary.dl [12:7-12:8]"
    },
    "B": {
     "maxRSS": {
      "post": 23160,
      "pre": 23160
     },
     "non-recursive-rule": {
      "B(@query_x0) :- \n   @interm_out.B(@query_x0).": {
       "atom-frequency": {
        "B(@query_x0) :- \n   @interm_out.B(@query_x0).": {
         "@interm_out.B": {
          "level": 0,
          "num-tuples": 0
         }
        }
       },
       "maxRSS": {
        "post": 23160,
        "pre": 23160
       },
       "num-tuples": 1,
       "runtime": { "start": 23167786263, "end": 23167786264},
       "source-locator": " [1:1-1:1]"
      }
     },
     "num-tuples": 1,
     "reads": 0,
     "runtime": { "start": 23167786254, "end": 23167786272},
     "savetime": { "start": 23167786276, "end": 23167786303},
     "source-locator": "/root/souffle-src/tests/semantic/rel_nullary/rel_nullary.dl [8:7-8:8]"
    },
    "C": {
     "maxRSS": {
      "post": 23160,
      "pre": 23160
     },
     "non-recursive-rule": {
      "C() :- \n   @interm_out.B(@abdul0),\n   @abdul0 = 2.": {
       "maxRSS": {
        "post": 23160,
        "pre": 23160
       },
       "num-tuples": 0,
       "runtime": { "start": 23167786315, "end": 23167786317},
       "source-locator": " [1:1-1:1]"
      }
     },
     "num-tuples": 0,
     "reads": 0,
     "runtime": { "start": 23167786306, "end": 23167786324},
     "savetime": { "start": 23167786328, "end": 23167786348},
     "source-locator": "/root/souffle-src/tests/semantic/rel_nullary/rel_nullary.dl [16:7-16:8]"
    },
    "Def": {
     "maxRSS": {
      "post": 23160,
      "pre": 23160
     },
     "non-recursive-rule": {
      "Def() :- \n   @split_in.Def().": {
       "maxRSS": {
        "post": 23160,
        "pre": 23160
       },
       "num-tuples": 1,
       "runtime": { "start": 23167786361, "end": 23167786362},
       "source-locator": " [1:1-1:1]"
      }
     },
     "num-tuples": 1,
     "reads": 0,
     "runtime": { "start": 23167786352, "end": 23167786369},
     "savetime": { "start": 23167786373, "end": 23167786378},
     "source-locator": "/root/souffle-src/tests/semantic/rel_nullary/rel_nullary.dl [22:7-22:10]"
    },
    "E": {
     "maxRSS": {
      "post": 23160,
      "pre": 23160
     },
     "non-recursive-rule": {
      "E().": {
       "maxRSS": {
        "post": 23160,
        "pre": 23160
       },
       "num-tuples": 1,
       "runtime": { "start": 23167785957, "end": 23167785959},
       "source-locator": " [1:1-1:1]"
      }
     },
     "num-tuples": 1,
     "reads": 0,
     "runtime": { "start": 23167785948, "end": 23167785966},
     "savetime": { "start": 23167785970, "end": 23167785988},
     "source-locator": "/root/souffle-src/tests/semantic/rel_nullary/rel_nullary.dl [30:7-30:8]"
    },
    "G": {
     "num-tuples": 0,
     "reads": 0,
     "savetime": { "start": 23167785994, "end": 23167786008},
     "source-locator": "/root/souffle-src/tests/semantic/rel_nullary/rel_nullary.dl [39:7-39:8]"
    },
    "H": {
     "maxRSS": {
      "post": 23160,
      "pre": 23160
     },
     "non-recursive-rule": {
      "H(@query_x0) :- \n   @interm_out.H.{f}(@query_x0).": {
       "atom-frequency": {
        "H(@query_x0) :- \n   @interm_out.H.{f}(@query_x0).": {
         "@interm_out.H.{f}": {
          "level": 0,
          "num-tuples": 0
         }
        }
       },
       "maxRSS": {
        "post": 23160,
        "pre": 23160
       },
       "num-tuples": 3,
       "runtime": { "start": 23167786597, "end": 23167786598},
       "source-locator": " [1:1-1:1]"
      }
     },
     "num-tuples": 3,
     "reads": 0,
     "runtime": { "start": 23167786584, "end": 23167786605},
     "savetime": { "start": 23167786609, "end": 23167786623},
     "source-locator": "/root/souffle-src/tests/semantic/rel_nullary/rel_nullary.dl [43:7-43:8]"
    },
    "I": {
     "maxRSS": {
      "post": 23160,
      "pre": 23160
     },
     "non-recursive-rule": {
      "I(1).": {
       "maxRSS": {
        "post": 23160,
        "pre": 23160
       },
       "num-tuples": 1,
       "runtime": { "start": 23167786012, "end": 23167786013},
       "source-locator": " [1:1-1:1]"
      },
      "I(2).": {
       "maxRSS": {
        "post": 23160,
        "pre": 23160
       },
       "num-tuples": 1,
       "runtime": { "start": 23167786018, "end": 23167786029},
       "source-locator": " [1:1-1:1]"
      }
     },
     "num-tuples": 2,
     "reads": 0,
     "runtime": { "start": 23167786012, "end": 23167786035},
     "source-locator": "/root/souffle-src/tests/semantic/rel_nullary/rel_nullary.dl [51:7-51:8]"
    },
    "J": {
     "maxRSS": {
      "post": 23160,
      "pre": 23160
     },
     "non-recursive-rule": {
      "J(10).": {
       "maxRSS": {
        "post": 23160,
        "pre": 23160
       },
       "num-tuples": 1,
       "runtime": { "start": 23167786049, "end": 23167786050},
       "source-locator": " [1:1-1:1]"
      },
      "J(20).": {
       "maxRSS": {
        "post": 23160,
        "pre": 23160
       },
       "num-tuples": 1,
       "runtime": { "start": 23167786056, "end": 23167786056},
       "source-locator": " [1:1-1:1]"
      },
      "J(30).": {
       "maxRSS": {
        "post": 23160,
        "pre": 23160
       },
       "num-tuples": 1,
       "runtime": { "start": 23167786060, "end": 23167786061},
       "source-locator": " [1:1-1:1]"
      }
     },
     "num-tuples": 3,
     "reads": 0,
     "runtime": { "start": 23167786039, "end": 23167786064},
     "source-locator": "/root/souffle-src/tests/semantic/rel_nullary/rel_nullary.dl [57:7-57:8]"
    },
    "L": {
     "maxRSS": {
      "post": 23160,
      "pre": 23160
     },
     "non-recursive-rule": {
      "L((x+y)) :- \n   I(x),\n   @interm_out.P(),\n   J(y).": {
       "atom-frequency": {
        "L((x+y)) :- \n   I(x),\n   @interm_out.P(),\n   J(y).": {
         "I": {
          "level": 1,
          "num-tuples": 0
         },
         "J": {
          "level": 2,
          "num-tuples": 0
         }
        }
       },
       "maxRSS": {
        "post": 23160,
        "pre": 23160
       },
       "num-tuples": 6,
       "runtime": { "start": 23167786390, "end": 23167786394},
       "source-locator": " [1:1-1:1]"
      }
     },
     "num-tuples": 6,
     "reads": 0,
     "runtime": { "start": 23167786381, "end": 23167786402},
     "savetime": { "start": 23167786406, "end": 23167786420},
     "source-locator": "/root/souffle-src/tests/semantic/rel_nullary/rel_nullary.dl [65:7-65:8]"
    },
    "M": {
     "num-tuples": 0,
     "reads": 0,
     "savetime": { "start": 23167786069, "end": 23167786082},
     "source-locator": "/root/souffle-src/tests/semantic/rel_nullary/rel_nullary.dl [71:7-71:8]"
    },
    "N": {
     "maxRSS": {
      "post": 23160,
      "pre": 23160
     },
     "non-recursive-rule": {
      "N().": {
       "maxRSS": {
        "post": 23160,
        "pre": 23160
       },
       "num-tuples": 1,
       "runtime": { "start": 23167786086, "end": 23167786087},
       "source-locator": " [1:1-1:1]"
      }
     },
     "num-tuples": 1,
     "reads": 0,
     "runtime": { "start": 23167786086, "end": 23167786092},
     "savetime": { "start": 23167786096, "end": 23167786142},
     "source-locator": "/root/souffle-src/tests/semantic/rel_nullary/rel_nullary.dl [75:7-75:8]"
    },
    "P": {
     "maxRSS": {
      "post": 23160,
      "pre": 23160
     },
     "non-recursive-rule": {
      "P() :- \n   @interm_out.P().": {
       "maxRSS": {
        "post": 23160,
        "pre": 23160
       },
       "num-tuples": 1,
       "runtime": { "start": 23167786432, "end": 23167786433},
       "source-locator": " [1:1-1:1]"
      }
     },
     "num-tuples": 1,
     "reads": 0,
     "runtime": { "start": 23167786423, "end": 23167786440},
     "savetime": { "start": 23167786444, "end": 23167786457},
     "source-locator": "/root/souffle-src/tests/semantic/rel_nullary/rel_nullary.dl [80:7-80:8]"
    },
    "Q": {
     "maxRSS": {
      "post": 23160,
      "pre": 23160
     },
     "non-recursive-rule": {
      "Q() :- \n   @interm_out.P().": {
       "maxRSS": {
        "post": 23160,
        "pre": 23160
       },
       "num-tuples": 1,
       "runtime": { "start": 23167786461, "end": 23167786462},
       "source-locator": " [1:1-1:1]"
      }
     },
     "num-tuples": 1,
     "reads": 0,
     "runtime": { "start": 23167786460, "end": 23167786468},
     "savetime": { "start": 23167786471, "end": 23167786493},
     "source-locator": "/root/souffle-src/tests/semantic/rel_nullary/rel_nullary.dl [85:7-85:8]"
    },
    "R": {
     "maxRSS": {
      "post": 23160,
      "pre": 23160
     },
     "non-recursive-rule": {
      "R(10).": {
       "maxRSS": {
        "post": 23160,
        "pre": 23160
       },
       "num-tuples": 1,
       "runtime": { "start": 23167786157, "end": 23167786157},
       "source-locator": " [1:1-1:1]"
      }
     },
     "num-tuples": 1,
     "reads": 0,
     "runtime": { "start": 23167786147, "end": 23167786165},
     "savetime": { "start": 23167786169, "end": 23167786186},
     "source-locator": "/root/souffle-src/tests/semantic/rel_nullary/rel_nullary.dl [89:7-89:8]"
    },
    "Undef": {
     "maxRSS": {
      "post": 23160,
      "pre": 23160
     },
     "non-recursive-rule": {
      "Undef() :- \n   @split_in.Undef().": {
       "maxRSS": {
        "post": 23160,
        "pre": 23160
       },
       "num-tuples": 0,
       "runtime": { "start": 23167786505, "end": 23167786506},
       "source-locator": " [1:1-1:1]"
      }
     },
     "num-tuples": 0,
     "reads": 0,
     "runtime": { "start": 23167786496, "end": 23167786513},
     "savetime": { "start": 23167786518, "end": 23167786522},
     "source-locator": "/root/souffle-src/tests/semantic/rel_nullary/rel_nullary.dl [25:7-25:12]"
    }
   },
   "runtime": { "start": 23167785466, "end": 23167786626},
   "starttime": { "time": 23167785428},
   "usage": {
    "timepoint": {
     "23167785443": {
      "maxRSS": 23160,
      "systemtime": 3082,
      "usertime": 3082
     },
     "23167785489": {
      "maxRSS": 23160,
      "systemtime": 3826,
      "usertime": 3826
     },
     "23167785538": {
      "maxRSS": 23160,
      "systemtime": 3856,
      "usertime": 3856
     },
     "23167785923": {
      "maxRSS": 23160,
      "systemtime": 3924,
      "usertime": 3924
     },
     "23167785965": {
      "maxRSS": 23160,
      "systemtime": 3956,
      "usertime": 3956
     },
     "23167785987": {
      "maxRSS": 23160,
      "systemtime": 3974,
      "usertime": 3974
     },
     "23167786011": {
      "maxRSS": 23160,
      "systemtime": 3987,
      "usertime": 3987
     },
     "23167786035": {
      "maxRSS": 23160,
      "systemtime": 4005,
      "usertime": 4005
     },
     "23167786057": {
      "maxRSS": 23160,
      "systemtime": 4019,
      "usertime": 4019
     },
     "23167786086": {
      "maxRSS": 23160,
      "systemtime": 4037,
      "usertime": 4037
     },
     "23167786113": {
      "maxRSS": 23160,
      "systemtime": 4045,
      "usertime": 4045
     },
     "23167786168": {
      "maxRSS": 23160,
      "systemtime": 4083,
      "usertime": 4083
     },
     "23167786206": {
      "maxRSS": 23160,
      "systemtime": 4103,
      "usertime": 4103
     },
     "23167786227": {
      "maxRSS": 23160,
      "systemtime": 4117,
      "usertime": 4117
     },
     "23167786250": {
      "maxRSS": 23160,
      "systemtime": 4136,
      "usertime": 4136
     },
     "23167786271": {
      "maxRSS": 23160,
      "systemtime": 4147,
      "usertime": 4147
     },
     "23167786295": {
      "maxRSS": 23160,
      "systemtime": 4156,
      "usertime": 4156
     },
     "23167786323": {
      "maxRSS": 23160,
      "systemtime": 4179,
      "usertime": 4179
     },
     "23167786345": {
      "maxRSS": 23160,
      "systemtime": 4189,
      "usertime": 4189
     },
     "23167786369": {
      "maxRSS": 23160,
      "systemtime": 4209,
      "usertime": 4209
     },
     "23167786374": {
      "maxRSS": 23160,
      "systemtime": 4217,
      "usertime": 4217
     },
     "23167786412": {
      "maxRSS": 23160,
      "systemtime": 4236,
      "usertime": 4236
     },
     "23167786439": {
      "maxRSS": 23160,
      "systemtime": 4253,
      "usertime": 4253
     },
     "23167786461": {
      "maxRSS": 23160,
      "systemtime": 4270,
      "usertime": 4270
     },
     "23167786488": {
      "maxRSS": 23160,
      "systemtime": 4279,
      "usertime": 4279
     },
     "23167786513": {
      "maxRSS": 23160,
      "systemtime": 4303,
      "usertime": 4303
     },
     "23167786541": {
      "maxRSS": 23160,
      "systemtime": 4321,
      "usertime": 4321
     },
     "23167786551": {
      "maxRSS": 23160,
      "systemtime": 4327,
      "usertime": 4327
     },
     "23167786605": {
      "maxRSS": 23160,
      "systemtime": 4359,
      "usertime": 4359
     },
     "23167786611": {
      "maxRSS": 23160,
      "systemtime": 4364,
      "usertime": 4364
     }
    }
   }
  }
 }
}
