{
 "root": {
  "program": {
   "configuration": {
    "": "/root/compiler/tests/corpus/CONE_CORPUS/cc_cone_only.dl",
    "fact-dir": "/root/compiler/fixtures/cone_corpus/cc_cone_only/n20",
    "include-dir": ".",
    "jobs": "1",
    "libraries": "functors",
    "library-dir": ".",
    "output-dir": "/root/compiler/measurements/punch-list/p1-gate-b/cc_cone_only/original",
    "profile": "prof.log",
    "relationCount": "10",
    "ruleCount": "14",
    "version": "2.5",
    "warn": "all",
    "wno": "none"
   },
   "relation": {
    "base": {
     "loadtime": { "start": 21860172590, "end": 21860172688},
     "num-tuples": 30,
     "reads": 0,
     "source-locator": "/root/compiler/tests/corpus/CONE_CORPUS/cc_cone_only.dl [42:7-42:11]"
    },
    "blocked": {
     "loadtime": { "start": 21860172696, "end": 21860172725},
     "num-tuples": 2,
     "reads": 199,
     "source-locator": "/root/compiler/tests/corpus/CONE_CORPUS/cc_cone_only.dl [44:7-44:14]"
    },
    "e": {
     "loadtime": { "start": 21860172731, "end": 21860172766},
     "num-tuples": 31,
     "reads": 0,
     "source-locator": "/root/compiler/tests/corpus/CONE_CORPUS/cc_cone_only.dl [43:7-43:8]"
    },
    "gate": {
     "iteration": {
      "0": {
       "copytime": { "start": 21860172909, "end": 21860172910},
       "maxRSS": {
        "post": 12356,
        "pre": 12228
       },
       "num-tuples": 5,
       "recursive-rule": {
        "gate(x) :- \n   gate(y),\n   gate_edge(y,x).": {
         "0": {
          "atom-frequency": {
           "@new_gate(x) :- \n   @delta_gate(y),\n   gate_edge(y,x).": {
            "@delta_gate": {
             "level": 0,
             "num-tuples": 0
            },
            "gate_edge": {
             "level": 1,
             "num-tuples": 0
            }
           }
          },
          "maxRSS": {
           "post": 12356,
           "pre": 12228
          },
          "num-tuples": 5,
          "runtime": { "start": 21860172871, "end": 21860172880},
          "source-locator": "/root/compiler/tests/corpus/CONE_CORPUS/cc_cone_only.dl [54:1-54:36]"
         }
        }
       },
       "runtime": { "start": 21860172862, "end": 21860172889}
      },
      "1": {
       "copytime": { "start": 21860172952, "end": 21860172953},
       "maxRSS": {
        "post": 12356,
        "pre": 12356
       },
       "num-tuples": 2,
       "recursive-rule": {
        "gate(x) :- \n   gate(y),\n   gate_edge(y,x).": {
         "0": {
          "maxRSS": {
           "post": 12356,
           "pre": 12356
          },
          "num-tuples": 2,
          "runtime": { "start": 21860172923, "end": 21860172925},
          "source-locator": "/root/compiler/tests/corpus/CONE_CORPUS/cc_cone_only.dl [54:1-54:36]"
         }
        }
       },
       "runtime": { "start": 21860172914, "end": 21860172933}
      },
      "2": {
       "copytime": { "start": 21860172993, "end": 21860172994},
       "maxRSS": {
        "post": 12356,
        "pre": 12356
       },
       "num-tuples": 2,
       "recursive-rule": {
        "gate(x) :- \n   gate(y),\n   gate_edge(y,x).": {
         "0": {
          "maxRSS": {
           "post": 12356,
           "pre": 12356
          },
          "num-tuples": 2,
          "runtime": { "start": 21860172965, "end": 21860172967},
          "source-locator": "/root/compiler/tests/corpus/CONE_CORPUS/cc_cone_only.dl [54:1-54:36]"
         }
        }
       },
       "runtime": { "start": 21860172956, "end": 21860172975}
      },
      "3": {
       "copytime": { "start": 21860173034, "end": 21860173035},
       "maxRSS": {
        "post": 12356,
        "pre": 12356
       },
       "num-tuples": 1,
       "recursive-rule": {
        "gate(x) :- \n   gate(y),\n   gate_edge(y,x).": {
         "0": {
          "maxRSS": {
           "post": 12356,
           "pre": 12356
          },
          "num-tuples": 1,
          "runtime": { "start": 21860173006, "end": 21860173008},
          "source-locator": "/root/compiler/tests/corpus/CONE_CORPUS/cc_cone_only.dl [54:1-54:36]"
         }
        }
       },
       "runtime": { "start": 21860172997, "end": 21860173016}
      },
      "4": {
       "copytime": { "start": 21860173076, "end": 21860173077},
       "maxRSS": {
        "post": 12356,
        "pre": 12356
       },
       "num-tuples": 1,
       "recursive-rule": {
        "gate(x) :- \n   gate(y),\n   gate_edge(y,x).": {
         "0": {
          "maxRSS": {
           "post": 12356,
           "pre": 12356
          },
          "num-tuples": 1,
          "runtime": { "start": 21860173047, "end": 21860173049},
          "source-locator": "/root/compiler/tests/corpus/CONE_CORPUS/cc_cone_only.dl [54:1-54:36]"
         }
        }
       },
       "runtime": { "start": 21860173038, "end": 21860173057}
      },
      "5": {
       "copytime": { "start": 21860173117, "end": 21860173118},
       "maxRSS": {
        "post": 12356,
        "pre": 12356
       },
       "num-tuples": 1,
       "recursive-rule": {
        "gate(x) :- \n   gate(y),\n   gate_edge(y,x).": {
         "0": {
          "maxRSS": {
           "post": 12356,
           "pre": 12356
          },
          "num-tuples": 1,
          "runtime": { "start": 21860173089, "end": 21860173091},
          "source-locator": "/root/compiler/tests/corpus/CONE_CORPUS/cc_cone_only.dl [54:1-54:36]"
         }
        }
       },
       "runtime": { "start": 21860173080, "end": 21860173098}
      },
      "6": {
       "maxRSS": {
        "post": 12356,
        "pre": 12356
       },
       "num-tuples": 0,
       "recursive-rule": {
        "gate(x) :- \n   gate(y),\n   gate_edge(y,x).": {
         "0": {
          "maxRSS": {
           "post": 12356,
           "pre": 12356
          },
          "num-tuples": 0,
          "runtime": { "start": 21860173130, "end": 21860173131},
          "source-locator": "/root/compiler/tests/corpus/CONE_CORPUS/cc_cone_only.dl [54:1-54:36]"
         }
        }
       },
       "runtime": { "start": 21860173121, "end": 21860173138}
      }
     },
     "maxRSS": {
      "post": 12228,
      "pre": 12100
     },
     "non-recursive-rule": {
      "gate(x) :- \n   gate_seed(x).": {
       "atom-frequency": {
        "gate(x) :- \n   gate_seed(x).": {
         "gate_seed": {
          "level": 0,
          "num-tuples": 0
         }
        }
       },
       "maxRSS": {
        "post": 12228,
        "pre": 12100
       },
       "num-tuples": 3,
       "runtime": { "start": 21860172844, "end": 21860172848},
       "source-locator": "/root/compiler/tests/corpus/CONE_CORPUS/cc_cone_only.dl [53:1-53:25]"
      }
     },
     "num-tuples": 3,
     "reads": 47,
     "runtime": { "start": 21860172835, "end": 21860172857},
     "source-locator": "/root/compiler/tests/corpus/CONE_CORPUS/cc_cone_only.dl [52:7-52:11]"
    },
    "gate_edge": {
     "loadtime": { "start": 21860172772, "end": 21860172805},
     "num-tuples": 20,
     "reads": 0,
     "source-locator": "/root/compiler/tests/corpus/CONE_CORPUS/cc_cone_only.dl [46:7-46:16]"
    },
    "gate_seed": {
     "loadtime": { "start": 21860172810, "end": 21860172829},
     "num-tuples": 3,
     "reads": 0,
     "source-locator": "/root/compiler/tests/corpus/CONE_CORPUS/cc_cone_only.dl [45:7-45:16]"
    },
    "out": {
     "maxRSS": {
      "post": 12484,
      "pre": 12484
     },
     "non-recursive-rule": {
      "out(y) :- \n   p(1,y).": {
       "atom-frequency": {
        "out(y) :- \n   p(1,y).": {
         "p": {
          "level": 0,
          "num-tuples": 0
         }
        }
       },
       "maxRSS": {
        "post": 12484,
        "pre": 12484
       },
       "num-tuples": 1,
       "runtime": { "start": 21860173623, "end": 21860173624},
       "source-locator": "/root/compiler/tests/corpus/CONE_CORPUS/cc_cone_only.dl [64:1-64:18]"
      }
     },
     "num-tuples": 1,
     "reads": 0,
     "runtime": { "start": 21860173623, "end": 21860173632},
     "savetime": { "start": 21860173635, "end": 21860173694},
     "source-locator": "/root/compiler/tests/corpus/CONE_CORPUS/cc_cone_only.dl [63:7-63:10]"
    },
    "p": {
     "iteration": {
      "0": {
       "copytime": { "start": 21860173580, "end": 21860173581},
       "maxRSS": {
        "post": 12484,
        "pre": 12484
       },
       "num-tuples": 5,
       "recursive-rule": {
        "p(x,y) :- \n   p(x,z),\n   !s(z),\n   q(z,y).": {
         "0": {
          "atom-frequency": {
           "@new_p(x,y) :- \n   @delta_p(x,z),\n   !s(z),\n   q(z,y).": {
            "@delta_p": {
             "level": 0,
             "num-tuples": 0
            },
            "q": {
             "level": 1,
             "num-tuples": 0
            }
           }
          },
          "maxRSS": {
           "post": 12484,
           "pre": 12484
          },
          "num-tuples": 5,
          "runtime": { "start": 21860173548, "end": 21860173553},
          "source-locator": "/root/compiler/tests/corpus/CONE_CORPUS/cc_cone_only.dl [61:1-61:33]"
         }
        }
       },
       "runtime": { "start": 21860173539, "end": 21860173561}
      },
      "1": {
       "maxRSS": {
        "post": 12484,
        "pre": 12484
       },
       "num-tuples": 0,
       "recursive-rule": {
        "p(x,y) :- \n   p(x,z),\n   !s(z),\n   q(z,y).": {
         "0": {
          "maxRSS": {
           "post": 12484,
           "pre": 12484
          },
          "num-tuples": 0,
          "runtime": { "start": 21860173593, "end": 21860173595},
          "source-locator": "/root/compiler/tests/corpus/CONE_CORPUS/cc_cone_only.dl [61:1-61:33]"
         }
        }
       },
       "runtime": { "start": 21860173584, "end": 21860173603}
      }
     },
     "maxRSS": {
      "post": 12484,
      "pre": 12484
     },
     "non-recursive-rule": {
      "p(x,y) :- \n   e(x,y),\n   gate(x).": {
       "atom-frequency": {
        "p(x,y) :- \n   e(x,y),\n   gate(x).": {
         "e": {
          "level": 0,
          "num-tuples": 0
         }
        }
       },
       "maxRSS": {
        "post": 12484,
        "pre": 12484
       },
       "num-tuples": 23,
       "runtime": { "start": 21860173523, "end": 21860173526},
       "source-locator": "/root/compiler/tests/corpus/CONE_CORPUS/cc_cone_only.dl [60:1-60:27]"
      }
     },
     "num-tuples": 23,
     "reads": 8,
     "runtime": { "start": 21860173514, "end": 21860173534},
     "source-locator": "/root/compiler/tests/corpus/CONE_CORPUS/cc_cone_only.dl [59:7-59:8]"
    },
    "q": {
     "iteration": {
      "0": {
       "copytime": { "start": 21860173218, "end": 21860173223},
       "maxRSS": {
        "post": 12356,
        "pre": 12356
       },
       "num-tuples": 46,
       "recursive-rule": {
        "q(x,y) :- \n   q(x,z),\n   base(z,y).": {
         "0": {
          "atom-frequency": {
           "@new_q(x,y) :- \n   @delta_q(x,z),\n   base(z,y).": {
            "@delta_q": {
             "level": 0,
             "num-tuples": 0
            },
            "base": {
             "level": 1,
             "num-tuples": 0
            }
           }
          },
          "maxRSS": {
           "post": 12356,
           "pre": 12356
          },
          "num-tuples": 46,
          "runtime": { "start": 21860173181, "end": 21860173192},
          "source-locator": "/root/compiler/tests/corpus/CONE_CORPUS/cc_cone_only.dl [50:1-50:29]"
         }
        }
       },
       "runtime": { "start": 21860173173, "end": 21860173200}
      },
      "1": {
       "copytime": { "start": 21860173275, "end": 21860173281},
       "maxRSS": {
        "post": 12356,
        "pre": 12356
       },
       "num-tuples": 51,
       "recursive-rule": {
        "q(x,y) :- \n   q(x,z),\n   base(z,y).": {
         "0": {
          "maxRSS": {
           "post": 12356,
           "pre": 12356
          },
          "num-tuples": 51,
          "runtime": { "start": 21860173235, "end": 21860173249},
          "source-locator": "/root/compiler/tests/corpus/CONE_CORPUS/cc_cone_only.dl [50:1-50:29]"
         }
        }
       },
       "runtime": { "start": 21860173226, "end": 21860173257}
      },
      "2": {
       "copytime": { "start": 21860173332, "end": 21860173337},
       "maxRSS": {
        "post": 12356,
        "pre": 12356
       },
       "num-tuples": 44,
       "recursive-rule": {
        "q(x,y) :- \n   q(x,z),\n   base(z,y).": {
         "0": {
          "maxRSS": {
           "post": 12356,
           "pre": 12356
          },
          "num-tuples": 44,
          "runtime": { "start": 21860173293, "end": 21860173306},
          "source-locator": "/root/compiler/tests/corpus/CONE_CORPUS/cc_cone_only.dl [50:1-50:29]"
         }
        }
       },
       "runtime": { "start": 21860173284, "end": 21860173314}
      },
      "3": {
       "copytime": { "start": 21860173386, "end": 21860173389},
       "maxRSS": {
        "post": 12356,
        "pre": 12356
       },
       "num-tuples": 21,
       "recursive-rule": {
        "q(x,y) :- \n   q(x,z),\n   base(z,y).": {
         "0": {
          "maxRSS": {
           "post": 12356,
           "pre": 12356
          },
          "num-tuples": 21,
          "runtime": { "start": 21860173349, "end": 21860173359},
          "source-locator": "/root/compiler/tests/corpus/CONE_CORPUS/cc_cone_only.dl [50:1-50:29]"
         }
        }
       },
       "runtime": { "start": 21860173340, "end": 21860173367}
      },
      "4": {
       "copytime": { "start": 21860173432, "end": 21860173436},
       "maxRSS": {
        "post": 12356,
        "pre": 12356
       },
       "num-tuples": 6,
       "recursive-rule": {
        "q(x,y) :- \n   q(x,z),\n   base(z,y).": {
         "0": {
          "maxRSS": {
           "post": 12356,
           "pre": 12356
          },
          "num-tuples": 6,
          "runtime": { "start": 21860173393, "end": 21860173398},
          "source-locator": "/root/compiler/tests/corpus/CONE_CORPUS/cc_cone_only.dl [50:1-50:29]"
         }
        }
       },
       "runtime": { "start": 21860173392, "end": 21860173404}
      },
      "5": {
       "copytime": { "start": 21860173466, "end": 21860173467},
       "maxRSS": {
        "post": 12484,
        "pre": 12484
       },
       "num-tuples": 1,
       "recursive-rule": {
        "q(x,y) :- \n   q(x,z),\n   base(z,y).": {
         "0": {
          "maxRSS": {
           "post": 12484,
           "pre": 12484
          },
          "num-tuples": 1,
          "runtime": { "start": 21860173440, "end": 21860173442},
          "source-locator": "/root/compiler/tests/corpus/CONE_CORPUS/cc_cone_only.dl [50:1-50:29]"
         }
        }
       },
       "runtime": { "start": 21860173440, "end": 21860173448}
      },
      "6": {
       "maxRSS": {
        "post": 12484,
        "pre": 12484
       },
       "num-tuples": 0,
       "recursive-rule": {
        "q(x,y) :- \n   q(x,z),\n   base(z,y).": {
         "0": {
          "maxRSS": {
           "post": 12484,
           "pre": 12484
          },
          "num-tuples": 0,
          "runtime": { "start": 21860173471, "end": 21860173472},
          "source-locator": "/root/compiler/tests/corpus/CONE_CORPUS/cc_cone_only.dl [50:1-50:29]"
         }
        }
       },
       "runtime": { "start": 21860173470, "end": 21860173478}
      }
     },
     "maxRSS": {
      "post": 12356,
      "pre": 12356
     },
     "non-recursive-rule": {
      "q(x,y) :- \n   base(x,y).": {
       "atom-frequency": {
        "q(x,y) :- \n   base(x,y).": {
         "base": {
          "level": 0,
          "num-tuples": 0
         }
        }
       },
       "maxRSS": {
        "post": 12356,
        "pre": 12356
       },
       "num-tuples": 30,
       "runtime": { "start": 21860173158, "end": 21860173161},
       "source-locator": "/root/compiler/tests/corpus/CONE_CORPUS/cc_cone_only.dl [49:1-49:21]"
      }
     },
     "num-tuples": 30,
     "reads": 327,
     "runtime": { "start": 21860173158, "end": 21860173168},
     "source-locator": "/root/compiler/tests/corpus/CONE_CORPUS/cc_cone_only.dl [48:7-48:8]"
    },
    "s": {
     "maxRSS": {
      "post": 12484,
      "pre": 12484
     },
     "non-recursive-rule": {
      "s(x) :- \n   q(x,y),\n   blocked(y).": {
       "atom-frequency": {
        "s(x) :- \n   q(x,y),\n   blocked(y).": {
         "q": {
          "level": 0,
          "num-tuples": 0
         }
        }
       },
       "maxRSS": {
        "post": 12484,
        "pre": 12484
       },
       "num-tuples": 12,
       "runtime": { "start": 21860173497, "end": 21860173504},
       "source-locator": "/root/compiler/tests/corpus/CONE_CORPUS/cc_cone_only.dl [57:1-57:28]"
      }
     },
     "num-tuples": 12,
     "reads": 28,
     "runtime": { "start": 21860173496, "end": 21860173510},
     "source-locator": "/root/compiler/tests/corpus/CONE_CORPUS/cc_cone_only.dl [56:7-56:8]"
    }
   },
   "runtime": { "start": 21860172585, "end": 21860173698},
   "starttime": { "time": 21860172550},
   "usage": {
    "timepoint": {
     "21860172577": {
      "maxRSS": 11576,
      "systemtime": 2054,
      "usertime": 2054
     },
     "21860172717": {
      "maxRSS": 12100,
      "systemtime": 2389,
      "usertime": 2389
     },
     "21860172745": {
      "maxRSS": 12100,
      "systemtime": 2409,
      "usertime": 2409
     },
     "21860172786": {
      "maxRSS": 12100,
      "systemtime": 2433,
      "usertime": 2433
     },
     "21860172823": {
      "maxRSS": 12100,
      "systemtime": 2455,
      "usertime": 2455
     },
     "21860172848": {
      "maxRSS": 12228,
      "systemtime": 2477,
      "usertime": 2477
     },
     "21860172875": {
      "maxRSS": 12356,
      "systemtime": 2492,
      "usertime": 2492
     },
     "21860172907": {
      "maxRSS": 12356,
      "systemtime": 2512,
      "usertime": 2512
     },
     "21860172927": {
      "maxRSS": 12356,
      "systemtime": 2526,
      "usertime": 2526
     },
     "21860172951": {
      "maxRSS": 12356,
      "systemtime": 2540,
      "usertime": 2540
     },
     "21860172969": {
      "maxRSS": 12356,
      "systemtime": 2553,
      "usertime": 2553
     },
     "21860172992": {
      "maxRSS": 12356,
      "systemtime": 2567,
      "usertime": 2567
     },
     "21860173011": {
      "maxRSS": 12356,
      "systemtime": 2580,
      "usertime": 2580
     },
     "21860173033": {
      "maxRSS": 12356,
      "systemtime": 2594,
      "usertime": 2594
     },
     "21860173051": {
      "maxRSS": 12356,
      "systemtime": 2608,
      "usertime": 2608
     },
     "21860173075": {
      "maxRSS": 12356,
      "systemtime": 2622,
      "usertime": 2622
     },
     "21860173093": {
      "maxRSS": 12356,
      "systemtime": 2635,
      "usertime": 2635
     },
     "21860173115": {
      "maxRSS": 12356,
      "systemtime": 2648,
      "usertime": 2648
     },
     "21860173134": {
      "maxRSS": 12356,
      "systemtime": 2661,
      "usertime": 2661
     },
     "21860173155": {
      "maxRSS": 12356,
      "systemtime": 2675,
      "usertime": 2675
     },
     "21860173186": {
      "maxRSS": 12356,
      "systemtime": 2694,
      "usertime": 2694
     },
     "21860173218": {
      "maxRSS": 12356,
      "systemtime": 2713,
      "usertime": 2713
     },
     "21860173239": {
      "maxRSS": 12356,
      "systemtime": 2727,
      "usertime": 2727
     },
     "21860173274": {
      "maxRSS": 12356,
      "systemtime": 2747,
      "usertime": 2747
     },
     "21860173297": {
      "maxRSS": 12356,
      "systemtime": 2762,
      "usertime": 2762
     },
     "21860173330": {
      "maxRSS": 12356,
      "systemtime": 2782,
      "usertime": 2782
     },
     "21860173353": {
      "maxRSS": 12356,
      "systemtime": 2802,
      "usertime": 2802
     },
     "21860173390": {
      "maxRSS": 12356,
      "systemtime": 2827,
      "usertime": 2827
     },
     "21860173440": {
      "maxRSS": 12484,
      "systemtime": 2858,
      "usertime": 2858
     },
     "21860173468": {
      "maxRSS": 12484,
      "systemtime": 2878,
      "usertime": 2878
     },
     "21860173495": {
      "maxRSS": 12484,
      "systemtime": 2893,
      "usertime": 2893
     },
     "21860173527": {
      "maxRSS": 12484,
      "systemtime": 2915,
      "usertime": 2915
     },
     "21860173553": {
      "maxRSS": 12484,
      "systemtime": 2930,
      "usertime": 2930
     },
     "21860173578": {
      "maxRSS": 12484,
      "systemtime": 2946,
      "usertime": 2946
     },
     "21860173597": {
      "maxRSS": 12484,
      "systemtime": 2960,
      "usertime": 2960
     },
     "21860173620": {
      "maxRSS": 12484,
      "systemtime": 2973,
      "usertime": 2973
     },
     "21860173649": {
      "maxRSS": 12484,
      "systemtime": 2986,
      "usertime": 2986
     }
    }
   }
  }
 }
}
