{
 "root": {
  "program": {
   "configuration": {
    "": "/root/compiler/measurements/night04-b-cone/cc_both/n100/emit_guarded/transformed.dl",
    "fact-dir": "/root/compiler/fixtures/cone_corpus/cc_both/n100",
    "include-dir": ".",
    "jobs": "1",
    "libraries": "functors",
    "library-dir": ".",
    "output-dir": "/root/compiler/measurements/night04-b-cone/cc_both/n100/dlc",
    "profile": "prof.log",
    "relationCount": "17",
    "ruleCount": "27",
    "version": "2.5",
    "warn": "all",
    "wno": "none"
   },
   "relation": {
    "base": {
     "loadtime": { "start": 21905547895, "end": 21905548095},
     "num-tuples": 150,
     "reads": 0,
     "source-locator": "/root/compiler/measurements/night04-b-cone/cc_both/n100/emit_guarded/transformed.dl [1:7-1:11]"
    },
    "blocked": {
     "loadtime": { "start": 21905548106, "end": 21905548153},
     "num-tuples": 28,
     "reads": 3746,
     "source-locator": "/root/compiler/measurements/night04-b-cone/cc_both/n100/emit_guarded/transformed.dl [5:7-5:14]"
    },
    "e": {
     "loadtime": { "start": 21905548160, "end": 21905548208},
     "num-tuples": 150,
     "reads": 0,
     "source-locator": "/root/compiler/measurements/night04-b-cone/cc_both/n100/emit_guarded/transformed.dl [3:7-3:8]"
    },
    "gate": {
     "iteration": {
      "0": {
       "copytime": { "start": 21905548427, "end": 21905548429},
       "maxRSS": {
        "post": 12688,
        "pre": 12560
       },
       "num-tuples": 4,
       "recursive-rule": {
        "gate(x) :- \n   gate(y),\n   gate_edge(y,x).": {
         "0": {
          "atom-frequency": {
           "@new_gate(x) :- \n   @delta_gate(y),\n   gate_edge(y,x).": {
            "@delta_gate": {
             "level": 0,
             "num-tuples": 0
            },
            "gate_edge": {
             "level": 1,
             "num-tuples": 0
            }
           }
          },
          "maxRSS": {
           "post": 12688,
           "pre": 12560
          },
          "num-tuples": 4,
          "runtime": { "start": 21905548386, "end": 21905548397},
          "source-locator": "/root/compiler/measurements/night04-b-cone/cc_both/n100/emit_guarded/transformed.dl [30:1-30:37]"
         }
        }
       },
       "runtime": { "start": 21905548377, "end": 21905548406}
      },
      "1": {
       "maxRSS": {
        "post": 12688,
        "pre": 12688
       },
       "num-tuples": 0,
       "recursive-rule": {
        "gate(x) :- \n   gate(y),\n   gate_edge(y,x).": {
         "0": {
          "maxRSS": {
           "post": 12688,
           "pre": 12688
          },
          "num-tuples": 0,
          "runtime": { "start": 21905548443, "end": 21905548444},
          "source-locator": "/root/compiler/measurements/night04-b-cone/cc_both/n100/emit_guarded/transformed.dl [30:1-30:37]"
         }
        }
       },
       "runtime": { "start": 21905548433, "end": 21905548452}
      }
     },
     "maxRSS": {
      "post": 12560,
      "pre": 12560
     },
     "non-recursive-rule": {
      "gate(x) :- \n   gate_seed(x).": {
       "atom-frequency": {
        "gate(x) :- \n   gate_seed(x).": {
         "gate_seed": {
          "level": 0,
          "num-tuples": 0
         }
        }
       },
       "maxRSS": {
        "post": 12560,
        "pre": 12560
       },
       "num-tuples": 18,
       "runtime": { "start": 21905548362, "end": 21905548364},
       "source-locator": "/root/compiler/measurements/night04-b-cone/cc_both/n100/emit_guarded/transformed.dl [29:1-29:25]"
      }
     },
     "num-tuples": 18,
     "reads": 155,
     "runtime": { "start": 21905548353, "end": 21905548371},
     "source-locator": "/root/compiler/measurements/night04-b-cone/cc_both/n100/emit_guarded/transformed.dl [14:7-14:11]"
    },
    "gate_edge": {
     "loadtime": { "start": 21905548215, "end": 21905548251},
     "num-tuples": 20,
     "reads": 0,
     "source-locator": "/root/compiler/measurements/night04-b-cone/cc_both/n100/emit_guarded/transformed.dl [9:7-9:16]"
    },
    "gate_seed": {
     "loadtime": { "start": 21905548257, "end": 21905548281},
     "num-tuples": 18,
     "reads": 0,
     "source-locator": "/root/compiler/measurements/night04-b-cone/cc_both/n100/emit_guarded/transformed.dl [7:7-7:16]"
    },
    "magic_tc_bf": {
     "maxRSS": {
      "post": 12560,
      "pre": 12432
     },
     "non-recursive-rule": {
      "magic_tc_bf(1).": {
       "maxRSS": {
        "post": 12560,
        "pre": 12432
       },
       "num-tuples": 1,
       "runtime": { "start": 21905548297, "end": 21905548301},
       "source-locator": "/root/compiler/measurements/night04-b-cone/cc_both/n100/emit_guarded/transformed.dl [45:1-45:16]"
      }
     },
     "num-tuples": 1,
     "reads": 0,
     "runtime": { "start": 21905548288, "end": 21905548310},
     "source-locator": "/root/compiler/measurements/night04-b-cone/cc_both/n100/emit_guarded/transformed.dl [28:7-28:18]"
    },
    "out": {
     "maxRSS": {
      "post": 12944,
      "pre": 12944
     },
     "non-recursive-rule": {
      "out(y) :- \n   p(1,y).": {
       "atom-frequency": {
        "out(y) :- \n   p(1,y).": {
         "p": {
          "level": 0,
          "num-tuples": 0
         }
        }
       },
       "maxRSS": {
        "post": 12944,
        "pre": 12944
       },
       "num-tuples": 0,
       "runtime": { "start": 21905551197, "end": 21905551197},
       "source-locator": "/root/compiler/measurements/night04-b-cone/cc_both/n100/emit_guarded/transformed.dl [44:1-44:19]"
      }
     },
     "num-tuples": 0,
     "reads": 0,
     "runtime": { "start": 21905551196, "end": 21905551204},
     "savetime": { "start": 21905551208, "end": 21905551234},
     "source-locator": "/root/compiler/measurements/night04-b-cone/cc_both/n100/emit_guarded/transformed.dl [17:7-17:10]"
    },
    "out2": {
     "maxRSS": {
      "post": 12944,
      "pre": 12944
     },
     "non-recursive-rule": {
      "out2(y) :- \n   tc_bf(1,y).": {
       "atom-frequency": {
        "out2(y) :- \n   tc_bf(1,y).": {
         "tc_bf": {
          "level": 0,
          "num-tuples": 0
         }
        }
       },
       "maxRSS": {
        "post": 12944,
        "pre": 12944
       },
       "num-tuples": 1,
       "runtime": { "start": 21905551020, "end": 21905551021},
       "source-locator": "/root/compiler/measurements/night04-b-cone/cc_both/n100/emit_guarded/transformed.dl [46:1-46:24]"
      }
     },
     "num-tuples": 1,
     "reads": 0,
     "runtime": { "start": 21905551019, "end": 21905551026},
     "savetime": { "start": 21905551030, "end": 21905551096},
     "source-locator": "/root/compiler/measurements/night04-b-cone/cc_both/n100/emit_guarded/transformed.dl [20:7-20:11]"
    },
    "p": {
     "iteration": {
      "0": {
       "copytime": { "start": 21905551165, "end": 21905551166},
       "maxRSS": {
        "post": 12944,
        "pre": 12944
       },
       "num-tuples": 2,
       "recursive-rule": {
        "p(x,y) :- \n   p(x,z),\n   !s(z),\n   q(z,y).": {
         "0": {
          "atom-frequency": {
           "@new_p(x,y) :- \n   @delta_p(x,z),\n   !s(z),\n   q(z,y).": {
            "@delta_p": {
             "level": 0,
             "num-tuples": 0
            },
            "q": {
             "level": 1,
             "num-tuples": 0
            }
           }
          },
          "maxRSS": {
           "post": 12944,
           "pre": 12944
          },
          "num-tuples": 2,
          "runtime": { "start": 21905551141, "end": 21905551147},
          "source-locator": "/root/compiler/measurements/night04-b-cone/cc_both/n100/emit_guarded/transformed.dl [32:1-32:36]"
         }
        }
       },
       "runtime": { "start": 21905551132, "end": 21905551157}
      },
      "1": {
       "maxRSS": {
        "post": 12944,
        "pre": 12944
       },
       "num-tuples": 0,
       "recursive-rule": {
        "p(x,y) :- \n   p(x,z),\n   !s(z),\n   q(z,y).": {
         "0": {
          "maxRSS": {
           "post": 12944,
           "pre": 12944
          },
          "num-tuples": 0,
          "runtime": { "start": 21905551169, "end": 21905551171},
          "source-locator": "/root/compiler/measurements/night04-b-cone/cc_both/n100/emit_guarded/transformed.dl [32:1-32:36]"
         }
        }
       },
       "runtime": { "start": 21905551169, "end": 21905551176}
      }
     },
     "maxRSS": {
      "post": 12944,
      "pre": 12944
     },
     "non-recursive-rule": {
      "p(x,y) :- \n   e(x,y),\n   gate(x).": {
       "atom-frequency": {
        "p(x,y) :- \n   e(x,y),\n   gate(x).": {
         "e": {
          "level": 0,
          "num-tuples": 0
         }
        }
       },
       "maxRSS": {
        "post": 12944,
        "pre": 12944
       },
       "num-tuples": 31,
       "runtime": { "start": 21905551109, "end": 21905551119},
       "source-locator": "/root/compiler/measurements/night04-b-cone/cc_both/n100/emit_guarded/transformed.dl [31:1-31:29]"
      }
     },
     "num-tuples": 31,
     "reads": 6,
     "runtime": { "start": 21905551100, "end": 21905551126},
     "source-locator": "/root/compiler/measurements/night04-b-cone/cc_both/n100/emit_guarded/transformed.dl [16:7-16:8]"
    },
    "q": {
     "iteration": {
      "0": {
       "copytime": { "start": 21905548583, "end": 21905548602},
       "maxRSS": {
        "post": 12816,
        "pre": 12688
       },
       "num-tuples": 220,
       "recursive-rule": {
        "q(x,y) :- \n   q(x,z),\n   base(z,y).": {
         "0": {
          "atom-frequency": {
           "@new_q(x,y) :- \n   @delta_q(x,z),\n   base(z,y).": {
            "@delta_q": {
             "level": 0,
             "num-tuples": 0
            },
            "base": {
             "level": 1,
             "num-tuples": 0
            }
           }
          },
          "maxRSS": {
           "post": 12816,
           "pre": 12688
          },
          "num-tuples": 220,
          "runtime": { "start": 21905548507, "end": 21905548554},
          "source-locator": "/root/compiler/measurements/night04-b-cone/cc_both/n100/emit_guarded/transformed.dl [34:1-34:32]"
         }
        }
       },
       "runtime": { "start": 21905548498, "end": 21905548564}
      },
      "1": {
       "copytime": { "start": 21905548706, "end": 21905548730},
       "maxRSS": {
        "post": 12816,
        "pre": 12816
       },
       "num-tuples": 285,
       "recursive-rule": {
        "q(x,y) :- \n   q(x,z),\n   base(z,y).": {
         "0": {
          "maxRSS": {
           "post": 12816,
           "pre": 12816
          },
          "num-tuples": 285,
          "runtime": { "start": 21905548615, "end": 21905548676},
          "source-locator": "/root/compiler/measurements/night04-b-cone/cc_both/n100/emit_guarded/transformed.dl [34:1-34:32]"
         }
        }
       },
       "runtime": { "start": 21905548606, "end": 21905548685}
      },
      "10": {
       "copytime": { "start": 21905550008, "end": 21905550027},
       "maxRSS": {
        "post": 12816,
        "pre": 12816
       },
       "num-tuples": 122,
       "recursive-rule": {
        "q(x,y) :- \n   q(x,z),\n   base(z,y).": {
         "0": {
          "maxRSS": {
           "post": 12816,
           "pre": 12816
          },
          "num-tuples": 122,
          "runtime": { "start": 21905549937, "end": 21905549981},
          "source-locator": "/root/compiler/measurements/night04-b-cone/cc_both/n100/emit_guarded/transformed.dl [34:1-34:32]"
         }
        }
       },
       "runtime": { "start": 21905549928, "end": 21905549989}
      },
      "11": {
       "copytime": { "start": 21905550103, "end": 21905550117},
       "maxRSS": {
        "post": 12816,
        "pre": 12816
       },
       "num-tuples": 107,
       "recursive-rule": {
        "q(x,y) :- \n   q(x,z),\n   base(z,y).": {
         "0": {
          "maxRSS": {
           "post": 12816,
           "pre": 12816
          },
          "num-tuples": 107,
          "runtime": { "start": 21905550040, "end": 21905550075},
          "source-locator": "/root/compiler/measurements/night04-b-cone/cc_both/n100/emit_guarded/transformed.dl [34:1-34:32]"
         }
        }
       },
       "runtime": { "start": 21905550031, "end": 21905550083}
      },
      "12": {
       "copytime": { "start": 21905550192, "end": 21905550204},
       "maxRSS": {
        "post": 12816,
        "pre": 12816
       },
       "num-tuples": 88,
       "recursive-rule": {
        "q(x,y) :- \n   q(x,z),\n   base(z,y).": {
         "0": {
          "maxRSS": {
           "post": 12816,
           "pre": 12816
          },
          "num-tuples": 88,
          "runtime": { "start": 21905550129, "end": 21905550161},
          "source-locator": "/root/compiler/measurements/night04-b-cone/cc_both/n100/emit_guarded/transformed.dl [34:1-34:32]"
         }
        }
       },
       "runtime": { "start": 21905550120, "end": 21905550170}
      },
      "13": {
       "copytime": { "start": 21905550262, "end": 21905550271},
       "maxRSS": {
        "post": 12816,
        "pre": 12816
       },
       "num-tuples": 73,
       "recursive-rule": {
        "q(x,y) :- \n   q(x,z),\n   base(z,y).": {
         "0": {
          "maxRSS": {
           "post": 12816,
           "pre": 12816
          },
          "num-tuples": 73,
          "runtime": { "start": 21905550208, "end": 21905550235},
          "source-locator": "/root/compiler/measurements/night04-b-cone/cc_both/n100/emit_guarded/transformed.dl [34:1-34:32]"
         }
        }
       },
       "runtime": { "start": 21905550208, "end": 21905550244}
      },
      "14": {
       "copytime": { "start": 21905550335, "end": 21905550343},
       "maxRSS": {
        "post": 12816,
        "pre": 12816
       },
       "num-tuples": 55,
       "recursive-rule": {
        "q(x,y) :- \n   q(x,z),\n   base(z,y).": {
         "0": {
          "maxRSS": {
           "post": 12816,
           "pre": 12816
          },
          "num-tuples": 55,
          "runtime": { "start": 21905550285, "end": 21905550307},
          "source-locator": "/root/compiler/measurements/night04-b-cone/cc_both/n100/emit_guarded/transformed.dl [34:1-34:32]"
         }
        }
       },
       "runtime": { "start": 21905550275, "end": 21905550316}
      },
      "15": {
       "copytime": { "start": 21905550390, "end": 21905550397},
       "maxRSS": {
        "post": 12816,
        "pre": 12816
       },
       "num-tuples": 50,
       "recursive-rule": {
        "q(x,y) :- \n   q(x,z),\n   base(z,y).": {
         "0": {
          "maxRSS": {
           "post": 12816,
           "pre": 12816
          },
          "num-tuples": 50,
          "runtime": { "start": 21905550347, "end": 21905550364},
          "source-locator": "/root/compiler/measurements/night04-b-cone/cc_both/n100/emit_guarded/transformed.dl [34:1-34:32]"
         }
        }
       },
       "runtime": { "start": 21905550346, "end": 21905550372}
      },
      "16": {
       "copytime": { "start": 21905550432, "end": 21905550438},
       "maxRSS": {
        "post": 12816,
        "pre": 12816
       },
       "num-tuples": 44,
       "recursive-rule": {
        "q(x,y) :- \n   q(x,z),\n   base(z,y).": {
         "0": {
          "maxRSS": {
           "post": 12816,
           "pre": 12816
          },
          "num-tuples": 44,
          "runtime": { "start": 21905550402, "end": 21905550416},
          "source-locator": "/root/compiler/measurements/night04-b-cone/cc_both/n100/emit_guarded/transformed.dl [34:1-34:32]"
         }
        }
       },
       "runtime": { "start": 21905550401, "end": 21905550424}
      },
      "17": {
       "copytime": { "start": 21905550475, "end": 21905550481},
       "maxRSS": {
        "post": 12816,
        "pre": 12816
       },
       "num-tuples": 37,
       "recursive-rule": {
        "q(x,y) :- \n   q(x,z),\n   base(z,y).": {
         "0": {
          "maxRSS": {
           "post": 12816,
           "pre": 12816
          },
          "num-tuples": 37,
          "runtime": { "start": 21905550441, "end": 21905550452},
          "source-locator": "/root/compiler/measurements/night04-b-cone/cc_both/n100/emit_guarded/transformed.dl [34:1-34:32]"
         }
        }
       },
       "runtime": { "start": 21905550441, "end": 21905550457}
      },
      "18": {
       "copytime": { "start": 21905550533, "end": 21905550538},
       "maxRSS": {
        "post": 12816,
        "pre": 12816
       },
       "num-tuples": 31,
       "recursive-rule": {
        "q(x,y) :- \n   q(x,z),\n   base(z,y).": {
         "0": {
          "maxRSS": {
           "post": 12816,
           "pre": 12816
          },
          "num-tuples": 31,
          "runtime": { "start": 21905550494, "end": 21905550505},
          "source-locator": "/root/compiler/measurements/night04-b-cone/cc_both/n100/emit_guarded/transformed.dl [34:1-34:32]"
         }
        }
       },
       "runtime": { "start": 21905550484, "end": 21905550513}
      },
      "19": {
       "copytime": { "start": 21905550565, "end": 21905550569},
       "maxRSS": {
        "post": 12816,
        "pre": 12816
       },
       "num-tuples": 19,
       "recursive-rule": {
        "q(x,y) :- \n   q(x,z),\n   base(z,y).": {
         "0": {
          "maxRSS": {
           "post": 12816,
           "pre": 12816
          },
          "num-tuples": 19,
          "runtime": { "start": 21905550542, "end": 21905550551},
          "source-locator": "/root/compiler/measurements/night04-b-cone/cc_both/n100/emit_guarded/transformed.dl [34:1-34:32]"
         }
        }
       },
       "runtime": { "start": 21905550541, "end": 21905550558}
      },
      "2": {
       "copytime": { "start": 21905548841, "end": 21905548871},
       "maxRSS": {
        "post": 12816,
        "pre": 12816
       },
       "num-tuples": 333,
       "recursive-rule": {
        "q(x,y) :- \n   q(x,z),\n   base(z,y).": {
         "0": {
          "maxRSS": {
           "post": 12816,
           "pre": 12816
          },
          "num-tuples": 333,
          "runtime": { "start": 21905548743, "end": 21905548813},
          "source-locator": "/root/compiler/measurements/night04-b-cone/cc_both/n100/emit_guarded/transformed.dl [34:1-34:32]"
         }
        }
       },
       "runtime": { "start": 21905548734, "end": 21905548821}
      },
      "20": {
       "copytime": { "start": 21905550588, "end": 21905550590},
       "maxRSS": {
        "post": 12816,
        "pre": 12816
       },
       "num-tuples": 13,
       "recursive-rule": {
        "q(x,y) :- \n   q(x,z),\n   base(z,y).": {
         "0": {
          "maxRSS": {
           "post": 12816,
           "pre": 12816
          },
          "num-tuples": 13,
          "runtime": { "start": 21905550572, "end": 21905550577},
          "source-locator": "/root/compiler/measurements/night04-b-cone/cc_both/n100/emit_guarded/transformed.dl [34:1-34:32]"
         }
        }
       },
       "runtime": { "start": 21905550571, "end": 21905550582}
      },
      "21": {
       "copytime": { "start": 21905550619, "end": 21905550620},
       "maxRSS": {
        "post": 12816,
        "pre": 12816
       },
       "num-tuples": 4,
       "recursive-rule": {
        "q(x,y) :- \n   q(x,z),\n   base(z,y).": {
         "0": {
          "maxRSS": {
           "post": 12816,
           "pre": 12816
          },
          "num-tuples": 4,
          "runtime": { "start": 21905550593, "end": 21905550596},
          "source-locator": "/root/compiler/measurements/night04-b-cone/cc_both/n100/emit_guarded/transformed.dl [34:1-34:32]"
         }
        }
       },
       "runtime": { "start": 21905550592, "end": 21905550602}
      },
      "22": {
       "copytime": { "start": 21905550662, "end": 21905550663},
       "maxRSS": {
        "post": 12816,
        "pre": 12816
       },
       "num-tuples": 2,
       "recursive-rule": {
        "q(x,y) :- \n   q(x,z),\n   base(z,y).": {
         "0": {
          "maxRSS": {
           "post": 12816,
           "pre": 12816
          },
          "num-tuples": 2,
          "runtime": { "start": 21905550632, "end": 21905550635},
          "source-locator": "/root/compiler/measurements/night04-b-cone/cc_both/n100/emit_guarded/transformed.dl [34:1-34:32]"
         }
        }
       },
       "runtime": { "start": 21905550624, "end": 21905550643}
      },
      "23": {
       "maxRSS": {
        "post": 12816,
        "pre": 12816
       },
       "num-tuples": 0,
       "recursive-rule": {
        "q(x,y) :- \n   q(x,z),\n   base(z,y).": {
         "0": {
          "maxRSS": {
           "post": 12816,
           "pre": 12816
          },
          "num-tuples": 0,
          "runtime": { "start": 21905550667, "end": 21905550668},
          "source-locator": "/root/compiler/measurements/night04-b-cone/cc_both/n100/emit_guarded/transformed.dl [34:1-34:32]"
         }
        }
       },
       "runtime": { "start": 21905550667, "end": 21905550674}
      },
      "3": {
       "copytime": { "start": 21905548982, "end": 21905549016},
       "maxRSS": {
        "post": 12816,
        "pre": 12816
       },
       "num-tuples": 361,
       "recursive-rule": {
        "q(x,y) :- \n   q(x,z),\n   base(z,y).": {
         "0": {
          "maxRSS": {
           "post": 12816,
           "pre": 12816
          },
          "num-tuples": 361,
          "runtime": { "start": 21905548876, "end": 21905548957},
          "source-locator": "/root/compiler/measurements/night04-b-cone/cc_both/n100/emit_guarded/transformed.dl [34:1-34:32]"
         }
        }
       },
       "runtime": { "start": 21905548875, "end": 21905548964}
      },
      "4": {
       "copytime": { "start": 21905549144, "end": 21905549182},
       "maxRSS": {
        "post": 12816,
        "pre": 12816
       },
       "num-tuples": 394,
       "recursive-rule": {
        "q(x,y) :- \n   q(x,z),\n   base(z,y).": {
         "0": {
          "maxRSS": {
           "post": 12816,
           "pre": 12816
          },
          "num-tuples": 394,
          "runtime": { "start": 21905549027, "end": 21905549117},
          "source-locator": "/root/compiler/measurements/night04-b-cone/cc_both/n100/emit_guarded/transformed.dl [34:1-34:32]"
         }
        }
       },
       "runtime": { "start": 21905549019, "end": 21905549125}
      },
      "5": {
       "copytime": { "start": 21905549313, "end": 21905549353},
       "maxRSS": {
        "post": 12816,
        "pre": 12816
       },
       "num-tuples": 371,
       "recursive-rule": {
        "q(x,y) :- \n   q(x,z),\n   base(z,y).": {
         "0": {
          "maxRSS": {
           "post": 12816,
           "pre": 12816
          },
          "num-tuples": 371,
          "runtime": { "start": 21905549193, "end": 21905549287},
          "source-locator": "/root/compiler/measurements/night04-b-cone/cc_both/n100/emit_guarded/transformed.dl [34:1-34:32]"
         }
        }
       },
       "runtime": { "start": 21905549185, "end": 21905549295}
      },
      "6": {
       "copytime": { "start": 21905549475, "end": 21905549514},
       "maxRSS": {
        "post": 12816,
        "pre": 12816
       },
       "num-tuples": 333,
       "recursive-rule": {
        "q(x,y) :- \n   q(x,z),\n   base(z,y).": {
         "0": {
          "maxRSS": {
           "post": 12816,
           "pre": 12816
          },
          "num-tuples": 333,
          "runtime": { "start": 21905549357, "end": 21905549448},
          "source-locator": "/root/compiler/measurements/night04-b-cone/cc_both/n100/emit_guarded/transformed.dl [34:1-34:32]"
         }
        }
       },
       "runtime": { "start": 21905549356, "end": 21905549456}
      },
      "7": {
       "copytime": { "start": 21905549628, "end": 21905549663},
       "maxRSS": {
        "post": 12816,
        "pre": 12816
       },
       "num-tuples": 279,
       "recursive-rule": {
        "q(x,y) :- \n   q(x,z),\n   base(z,y).": {
         "0": {
          "maxRSS": {
           "post": 12816,
           "pre": 12816
          },
          "num-tuples": 279,
          "runtime": { "start": 21905549518, "end": 21905549602},
          "source-locator": "/root/compiler/measurements/night04-b-cone/cc_both/n100/emit_guarded/transformed.dl [34:1-34:32]"
         }
        }
       },
       "runtime": { "start": 21905549518, "end": 21905549609}
      },
      "8": {
       "copytime": { "start": 21905549784, "end": 21905549812},
       "maxRSS": {
        "post": 12816,
        "pre": 12816
       },
       "num-tuples": 214,
       "recursive-rule": {
        "q(x,y) :- \n   q(x,z),\n   base(z,y).": {
         "0": {
          "maxRSS": {
           "post": 12816,
           "pre": 12816
          },
          "num-tuples": 214,
          "runtime": { "start": 21905549676, "end": 21905549745},
          "source-locator": "/root/compiler/measurements/night04-b-cone/cc_both/n100/emit_guarded/transformed.dl [34:1-34:32]"
         }
        }
       },
       "runtime": { "start": 21905549667, "end": 21905549764}
      },
      "9": {
       "copytime": { "start": 21905549905, "end": 21905549925},
       "maxRSS": {
        "post": 12816,
        "pre": 12816
       },
       "num-tuples": 161,
       "recursive-rule": {
        "q(x,y) :- \n   q(x,z),\n   base(z,y).": {
         "0": {
          "maxRSS": {
           "post": 12816,
           "pre": 12816
          },
          "num-tuples": 161,
          "runtime": { "start": 21905549824, "end": 21905549878},
          "source-locator": "/root/compiler/measurements/night04-b-cone/cc_both/n100/emit_guarded/transformed.dl [34:1-34:32]"
         }
        }
       },
       "runtime": { "start": 21905549815, "end": 21905549886}
      }
     },
     "maxRSS": {
      "post": 12688,
      "pre": 12688
     },
     "non-recursive-rule": {
      "q(x,y) :- \n   base(x,y).": {
       "atom-frequency": {
        "q(x,y) :- \n   base(x,y).": {
         "base": {
          "level": 0,
          "num-tuples": 0
         }
        }
       },
       "maxRSS": {
        "post": 12688,
        "pre": 12688
       },
       "num-tuples": 150,
       "runtime": { "start": 21905548473, "end": 21905548481},
       "source-locator": "/root/compiler/measurements/night04-b-cone/cc_both/n100/emit_guarded/transformed.dl [33:1-33:23]"
      }
     },
     "num-tuples": 150,
     "reads": 5283,
     "runtime": { "start": 21905548472, "end": 21905548488},
     "source-locator": "/root/compiler/measurements/night04-b-cone/cc_both/n100/emit_guarded/transformed.dl [13:7-13:8]"
    },
    "s": {
     "maxRSS": {
      "post": 12816,
      "pre": 12816
     },
     "non-recursive-rule": {
      "s(x) :- \n   q(x,y),\n   blocked(y).": {
       "atom-frequency": {
        "s(x) :- \n   q(x,y),\n   blocked(y).": {
         "q": {
          "level": 0,
          "num-tuples": 0
         }
        }
       },
       "maxRSS": {
        "post": 12816,
        "pre": 12816
       },
       "num-tuples": 65,
       "runtime": { "start": 21905550696, "end": 21905550837},
       "source-locator": "/root/compiler/measurements/night04-b-cone/cc_both/n100/emit_guarded/transformed.dl [35:1-35:29]"
      }
     },
     "num-tuples": 65,
     "reads": 33,
     "runtime": { "start": 21905550696, "end": 21905550844},
     "source-locator": "/root/compiler/measurements/night04-b-cone/cc_both/n100/emit_guarded/transformed.dl [15:7-15:8]"
    },
    "sibling_edge": {
     "loadtime": { "start": 21905548316, "end": 21905548346},
     "num-tuples": 40,
     "reads": 0,
     "source-locator": "/root/compiler/measurements/night04-b-cone/cc_both/n100/emit_guarded/transformed.dl [11:7-11:19]"
    },
    "sup_tc_bf_r0_1": {
     "maxRSS": {
      "post": 12816,
      "pre": 12816
     },
     "non-recursive-rule": {
      "sup_tc_bf_r0_1(x,y) :- \n   magic_tc_bf(x),\n   sibling_edge(x,y).": {
       "atom-frequency": {
        "sup_tc_bf_r0_1(x,y) :- \n   magic_tc_bf(x),\n   sibling_edge(x,y).": {
         "magic_tc_bf": {
          "level": 0,
          "num-tuples": 0
         },
         "sibling_edge": {
          "level": 1,
          "num-tuples": 0
         }
        }
       },
       "maxRSS": {
        "post": 12816,
        "pre": 12816
       },
       "num-tuples": 1,
       "runtime": { "start": 21905550683, "end": 21905550684},
       "source-locator": "/root/compiler/measurements/night04-b-cone/cc_both/n100/emit_guarded/transformed.dl [37:1-37:63]"
      }
     },
     "num-tuples": 1,
     "reads": 0,
     "runtime": { "start": 21905550683, "end": 21905550691},
     "source-locator": "/root/compiler/measurements/night04-b-cone/cc_both/n100/emit_guarded/transformed.dl [23:7-23:21]"
    },
    "sup_tc_bf_r1_1": {
     "iteration": {
      "0": {
       "copytime": { "start": 21905550950, "end": 21905550953},
       "maxRSS": {
        "post": 12816,
        "pre": 12816
       },
       "num-tuples": 1,
       "recursive-rule": {
        "sup_tc_bf_r1_1(x,z) :- \n   magic_tc_bf(x),\n   tc_bf(x,z).": {
         "0": {
          "atom-frequency": {
           "@new_sup_tc_bf_r1_1(x,z) :- \n   magic_tc_bf(x),\n   @delta_tc_bf(x,z).": {
            "@delta_tc_bf": {
             "level": 1,
             "num-tuples": 0
            },
            "magic_tc_bf": {
             "level": 0,
             "num-tuples": 0
            }
           }
          },
          "maxRSS": {
           "post": 12816,
           "pre": 12816
          },
          "num-tuples": 1,
          "runtime": { "start": 21905550885, "end": 21905550887},
          "source-locator": "/root/compiler/measurements/night04-b-cone/cc_both/n100/emit_guarded/transformed.dl [40:1-40:56]"
         }
        }
       },
       "runtime": { "start": 21905550876, "end": 21905550897}
      },
      "1": {
       "maxRSS": {
        "post": 12816,
        "pre": 12816
       },
       "num-tuples": 0,
       "recursive-rule": {
        "sup_tc_bf_r1_1(x,z) :- \n   magic_tc_bf(x),\n   tc_bf(x,z).": {
         "0": {
          "maxRSS": {
           "post": 12816,
           "pre": 12816
          },
          "num-tuples": 0,
          "runtime": { "start": 21905550962, "end": 21905550963},
          "source-locator": "/root/compiler/measurements/night04-b-cone/cc_both/n100/emit_guarded/transformed.dl [40:1-40:56]"
         }
        }
       },
       "runtime": { "start": 21905550962, "end": 21905550968}
      }
     },
     "num-tuples": 0,
     "reads": 1,
     "source-locator": "/root/compiler/measurements/night04-b-cone/cc_both/n100/emit_guarded/transformed.dl [26:7-26:21]"
    },
    "sup_tc_bf_r1_2": {
     "iteration": {
      "0": {
       "copytime": { "start": 21905550956, "end": 21905550956},
       "maxRSS": {
        "post": 12816,
        "pre": 12816
       },
       "num-tuples": 0,
       "recursive-rule": {
        "sup_tc_bf_r1_2(x,y) :- \n   sup_tc_bf_r1_1(x,z),\n   sibling_edge(z,y).": {
         "0": {
          "atom-frequency": {
           "@new_sup_tc_bf_r1_2(x,y) :- \n   @delta_sup_tc_bf_r1_1(x,z),\n   sibling_edge(z,y).": {
            "@delta_sup_tc_bf_r1_1": {
             "level": 0,
             "num-tuples": 0
            },
            "sibling_edge": {
             "level": 1,
             "num-tuples": 0
            }
           }
          },
          "maxRSS": {
           "post": 12816,
           "pre": 12816
          },
          "num-tuples": 0,
          "runtime": { "start": 21905550910, "end": 21905550911},
          "source-locator": "/root/compiler/measurements/night04-b-cone/cc_both/n100/emit_guarded/transformed.dl [41:1-41:66]"
         }
        }
       },
       "runtime": { "start": 21905550901, "end": 21905550919}
      },
      "1": {
       "maxRSS": {
        "post": 12816,
        "pre": 12816
       },
       "num-tuples": 0,
       "recursive-rule": {
        "sup_tc_bf_r1_2(x,y) :- \n   sup_tc_bf_r1_1(x,z),\n   sibling_edge(z,y).": {
         "0": {
          "maxRSS": {
           "post": 12816,
           "pre": 12816
          },
          "num-tuples": 0,
          "runtime": { "start": 21905550981, "end": 21905550982},
          "source-locator": "/root/compiler/measurements/night04-b-cone/cc_both/n100/emit_guarded/transformed.dl [41:1-41:66]"
         }
        }
       },
       "runtime": { "start": 21905550971, "end": 21905550991}
      }
     },
     "num-tuples": 0,
     "reads": 0,
     "source-locator": "/root/compiler/measurements/night04-b-cone/cc_both/n100/emit_guarded/transformed.dl [27:7-27:21]"
    },
    "tc_bf": {
     "iteration": {
      "0": {
       "copytime": { "start": 21905550958, "end": 21905550959},
       "maxRSS": {
        "post": 12816,
        "pre": 12816
       },
       "num-tuples": 0,
       "recursive-rule": {
        "tc_bf(x,y) :- \n   sup_tc_bf_r1_2(x,y).": {
         "0": {
          "atom-frequency": {
           "@new_tc_bf(x,y) :- \n   @delta_sup_tc_bf_r1_2(x,y).": {
            "@delta_sup_tc_bf_r1_2": {
             "level": 0,
             "num-tuples": 0
            }
           }
          },
          "maxRSS": {
           "post": 12816,
           "pre": 12816
          },
          "num-tuples": 0,
          "runtime": { "start": 21905550926, "end": 21905550926},
          "source-locator": "/root/compiler/measurements/night04-b-cone/cc_both/n100/emit_guarded/transformed.dl [43:1-43:37]"
         }
        }
       },
       "runtime": { "start": 21905550925, "end": 21905550932}
      },
      "1": {
       "maxRSS": {
        "post": 12816,
        "pre": 12816
       },
       "num-tuples": 0,
       "recursive-rule": {
        "tc_bf(x,y) :- \n   sup_tc_bf_r1_2(x,y).": {
         "0": {
          "maxRSS": {
           "post": 12816,
           "pre": 12816
          },
          "num-tuples": 0,
          "runtime": { "start": 21905550996, "end": 21905550996},
          "source-locator": "/root/compiler/measurements/night04-b-cone/cc_both/n100/emit_guarded/transformed.dl [43:1-43:37]"
         }
        }
       },
       "runtime": { "start": 21905550995, "end": 21905551002}
      }
     },
     "maxRSS": {
      "post": 12816,
      "pre": 12816
     },
     "non-recursive-rule": {
      "tc_bf(x,y) :- \n   sup_tc_bf_r0_1(x,y).": {
       "atom-frequency": {
        "tc_bf(x,y) :- \n   sup_tc_bf_r0_1(x,y).": {
         "sup_tc_bf_r0_1": {
          "level": 0,
          "num-tuples": 0
         }
        }
       },
       "maxRSS": {
        "post": 12816,
        "pre": 12816
       },
       "num-tuples": 1,
       "runtime": { "start": 21905550861, "end": 21905550861},
       "source-locator": "/root/compiler/measurements/night04-b-cone/cc_both/n100/emit_guarded/transformed.dl [38:1-38:37]"
      }
     },
     "num-tuples": 1,
     "reads": 0,
     "runtime": { "start": 21905550852, "end": 21905550871},
     "source-locator": "/root/compiler/measurements/night04-b-cone/cc_both/n100/emit_guarded/transformed.dl [24:7-24:12]"
    }
   },
   "runtime": { "start": 21905547889, "end": 21905551239},
   "starttime": { "time": 21905547846},
   "usage": {
    "timepoint": {
     "21905547917": {
      "maxRSS": 12148,
      "systemtime": 3643,
      "usertime": 3643
     },
     "21905548127": {
      "maxRSS": 12432,
      "systemtime": 3643,
      "usertime": 3887
     },
     "21905548174": {
      "maxRSS": 12432,
      "systemtime": 3643,
      "usertime": 3948
     },
     "21905548229": {
      "maxRSS": 12432,
      "systemtime": 3643,
      "usertime": 4010
     },
     "21905548273": {
      "maxRSS": 12432,
      "systemtime": 3643,
      "usertime": 4059
     },
     "21905548302": {
      "maxRSS": 12560,
      "systemtime": 3643,
      "usertime": 4109
     },
     "21905548330": {
      "maxRSS": 12560,
      "systemtime": 3643,
      "usertime": 4131
     },
     "21905548366": {
      "maxRSS": 12560,
      "systemtime": 3643,
      "usertime": 4187
     },
     "21905548391": {
      "maxRSS": 12688,
      "systemtime": 3643,
      "usertime": 4216
     },
     "21905548426": {
      "maxRSS": 12688,
      "systemtime": 3643,
      "usertime": 4258
     },
     "21905548448": {
      "maxRSS": 12688,
      "systemtime": 3643,
      "usertime": 4287
     },
     "21905548470": {
      "maxRSS": 12688,
      "systemtime": 3643,
      "usertime": 4316
     },
     "21905548512": {
      "maxRSS": 12688,
      "systemtime": 3643,
      "usertime": 4364
     },
     "21905548582": {
      "maxRSS": 12816,
      "systemtime": 3643,
      "usertime": 4441
     },
     "21905548620": {
      "maxRSS": 12816,
      "systemtime": 3643,
      "usertime": 4487
     },
     "21905548705": {
      "maxRSS": 12816,
      "systemtime": 3643,
      "usertime": 4579
     },
     "21905548748": {
      "maxRSS": 12816,
      "systemtime": 3643,
      "usertime": 4629
     },
     "21905548950": {
      "maxRSS": 12816,
      "systemtime": 3643,
      "usertime": 4774
     },
     "21905548983": {
      "maxRSS": 12816,
      "systemtime": 3643,
      "usertime": 4893
     },
     "21905549105": {
      "maxRSS": 12816,
      "systemtime": 3643,
      "usertime": 4952
     },
     "21905549152": {
      "maxRSS": 12816,
      "systemtime": 3643,
      "usertime": 5087
     },
     "21905549257": {
      "maxRSS": 12816,
      "systemtime": 3643,
      "usertime": 5150
     },
     "21905549379": {
      "maxRSS": 12816,
      "systemtime": 3643,
      "usertime": 5330
     },
     "21905549512": {
      "maxRSS": 12816,
      "systemtime": 3643,
      "usertime": 5468
     },
     "21905549628": {
      "maxRSS": 12816,
      "systemtime": 3643,
      "usertime": 5626
     },
     "21905549681": {
      "maxRSS": 12816,
      "systemtime": 3643,
      "usertime": 5686
     },
     "21905549784": {
      "maxRSS": 12816,
      "systemtime": 3643,
      "usertime": 5799
     },
     "21905549829": {
      "maxRSS": 12816,
      "systemtime": 3643,
      "usertime": 5852
     },
     "21905549905": {
      "maxRSS": 12816,
      "systemtime": 3643,
      "usertime": 5934
     },
     "21905549942": {
      "maxRSS": 12816,
      "systemtime": 3643,
      "usertime": 5978
     },
     "21905550008": {
      "maxRSS": 12816,
      "systemtime": 3643,
      "usertime": 6050
     },
     "21905550045": {
      "maxRSS": 12816,
      "systemtime": 3643,
      "usertime": 6094
     },
     "21905550108": {
      "maxRSS": 12816,
      "systemtime": 3643,
      "usertime": 6166
     },
     "21905550137": {
      "maxRSS": 12816,
      "systemtime": 3643,
      "usertime": 6199
     },
     "21905550201": {
      "maxRSS": 12816,
      "systemtime": 3643,
      "usertime": 6274
     },
     "21905550209": {
      "maxRSS": 12816,
      "systemtime": 3643,
      "usertime": 6299
     },
     "21905550260": {
      "maxRSS": 12816,
      "systemtime": 3643,
      "usertime": 6353
     },
     "21905550288": {
      "maxRSS": 12816,
      "systemtime": 3643,
      "usertime": 6388
     },
     "21905550340": {
      "maxRSS": 12816,
      "systemtime": 3643,
      "usertime": 6454
     },
     "21905550347": {
      "maxRSS": 12816,
      "systemtime": 3643,
      "usertime": 6472
     },
     "21905550444": {
      "maxRSS": 12816,
      "systemtime": 3643,
      "usertime": 6578
     },
     "21905550476": {
      "maxRSS": 12816,
      "systemtime": 3643,
      "usertime": 6624
     },
     "21905550504": {
      "maxRSS": 12816,
      "systemtime": 3643,
      "usertime": 6653
     },
     "21905550587": {
      "maxRSS": 12816,
      "systemtime": 3643,
      "usertime": 6755
     },
     "21905550593": {
      "maxRSS": 12816,
      "systemtime": 3643,
      "usertime": 6769
     },
     "21905550618": {
      "maxRSS": 12816,
      "systemtime": 3643,
      "usertime": 6798
     },
     "21905550640": {
      "maxRSS": 12816,
      "systemtime": 3643,
      "usertime": 6830
     },
     "21905550688": {
      "maxRSS": 12816,
      "systemtime": 3643,
      "usertime": 6895
     },
     "21905550866": {
      "maxRSS": 12816,
      "systemtime": 3643,
      "usertime": 7085
     },
     "21905550889": {
      "maxRSS": 12816,
      "systemtime": 3643,
      "usertime": 7117
     },
     "21905550926": {
      "maxRSS": 12816,
      "systemtime": 3643,
      "usertime": 7171
     },
     "21905550947": {
      "maxRSS": 12816,
      "systemtime": 3643,
      "usertime": 7206
     },
     "21905550961": {
      "maxRSS": 12816,
      "systemtime": 3643,
      "usertime": 7224
     },
     "21905551062": {
      "maxRSS": 12944,
      "systemtime": 3650,
      "usertime": 7300
     },
     "21905551113": {
      "maxRSS": 12944,
      "systemtime": 3680,
      "usertime": 7360
     },
     "21905551169": {
      "maxRSS": 12944,
      "systemtime": 3703,
      "usertime": 7407
     },
     "21905551184": {
      "maxRSS": 12944,
      "systemtime": 3711,
      "usertime": 7422
     },
     "21905551222": {
      "maxRSS": 12944,
      "systemtime": 3725,
      "usertime": 7450
     }
    }
   }
  }
 }
}
