{
 "root": {
  "program": {
   "configuration": {
    "": "/root/compiler/tests/corpus/BENCHMARK_FAMILY/ancestor_nonancestor.dl",
    "fact-dir": "/root/compiler/fixtures/benchmark-family/ancestor_nonancestor/n500",
    "include-dir": ".",
    "jobs": "1",
    "libraries": "functors",
    "library-dir": ".",
    "magic-transform": "*",
    "output-dir": "/root/compiler/measurements/m3-5-headline-m4/family/ancestor_nonancestor/n500/souffle",
    "profile": "prof.log",
    "relationCount": "4",
    "ruleCount": "7",
    "version": "2.5",
    "warn": "all",
    "wno": "none"
   },
   "relation": {
    "@magic.nonancestor.{bf}": {
     "maxRSS": {
      "post": 14648,
      "pre": 14648
     },
     "non-recursive-rule": {
      "@magic.nonancestor.{bf}(1).": {
       "maxRSS": {
        "post": 14648,
        "pre": 14648
       },
       "num-tuples": 1,
       "runtime": { "start": 22195148837, "end": 22195148842},
       "source-locator": " [1:1-1:1]"
      }
     },
     "num-tuples": 1,
     "runtime": { "start": 22195148836, "end": 22195148849},
     "source-locator": " [1:1-1:1]"
    },
    "@neglabel.ancestor": {
     "iteration": {
      "0": {
       "copytime": { "start": 22195149705, "end": 22195149877},
       "maxRSS": {
        "post": 14648,
        "pre": 14648
       },
       "num-tuples": 2208,
       "recursive-rule": {
        "@neglabel.ancestor(x,y) :- \n   parent(x,z),\n   @neglabel.ancestor(z,y).": {
         "0": {
          "atom-frequency": {
           "@new_@neglabel.ancestor(x,y) :- \n   parent(x,z),\n   @delta_@neglabel.ancestor(z,y).": {
            "@delta_@neglabel.ancestor": {
             "level": 1,
             "num-tuples": 0
            },
            "parent": {
             "level": 0,
             "num-tuples": 0
            }
           }
          },
          "maxRSS": {
           "post": 14648,
           "pre": 14648
          },
          "num-tuples": 2208,
          "runtime": { "start": 22195149322, "end": 22195149675},
          "source-locator": " [1:1-1:1]"
         }
        }
       },
       "runtime": { "start": 22195149313, "end": 22195149685}
      },
      "1": {
       "copytime": { "start": 22195150644, "end": 22195151003},
       "maxRSS": {
        "post": 14648,
        "pre": 14648
       },
       "num-tuples": 4475,
       "recursive-rule": {
        "@neglabel.ancestor(x,y) :- \n   parent(x,z),\n   @neglabel.ancestor(z,y).": {
         "0": {
          "maxRSS": {
           "post": 14648,
           "pre": 14648
          },
          "num-tuples": 4475,
          "runtime": { "start": 22195149893, "end": 22195150612},
          "source-locator": " [1:1-1:1]"
         }
        }
       },
       "runtime": { "start": 22195149883, "end": 22195150622}
      },
      "10": {
       "copytime": { "start": 22195172809, "end": 22195173468},
       "maxRSS": {
        "post": 14848,
        "pre": 14848
       },
       "num-tuples": 6207,
       "recursive-rule": {
        "@neglabel.ancestor(x,y) :- \n   parent(x,z),\n   @neglabel.ancestor(z,y).": {
         "0": {
          "maxRSS": {
           "post": 14848,
           "pre": 14848
          },
          "num-tuples": 6207,
          "runtime": { "start": 22195171340, "end": 22195172774},
          "source-locator": " [1:1-1:1]"
         }
        }
       },
       "runtime": { "start": 22195171327, "end": 22195172786}
      },
      "11": {
       "copytime": { "start": 22195174791, "end": 22195175365},
       "maxRSS": {
        "post": 14976,
        "pre": 14976
       },
       "num-tuples": 4794,
       "recursive-rule": {
        "@neglabel.ancestor(x,y) :- \n   parent(x,z),\n   @neglabel.ancestor(z,y).": {
         "0": {
          "maxRSS": {
           "post": 14976,
           "pre": 14976
          },
          "num-tuples": 4794,
          "runtime": { "start": 22195173486, "end": 22195174753},
          "source-locator": " [1:1-1:1]"
         }
        }
       },
       "runtime": { "start": 22195173474, "end": 22195174767}
      },
      "12": {
       "copytime": { "start": 22195176490, "end": 22195176902},
       "maxRSS": {
        "post": 15104,
        "pre": 15104
       },
       "num-tuples": 3491,
       "recursive-rule": {
        "@neglabel.ancestor(x,y) :- \n   parent(x,z),\n   @neglabel.ancestor(z,y).": {
         "0": {
          "maxRSS": {
           "post": 15104,
           "pre": 15104
          },
          "num-tuples": 3491,
          "runtime": { "start": 22195175383, "end": 22195176449},
          "source-locator": " [1:1-1:1]"
         }
        }
       },
       "runtime": { "start": 22195175372, "end": 22195176461}
      },
      "13": {
       "copytime": { "start": 22195177685, "end": 22195177966},
       "maxRSS": {
        "post": 15104,
        "pre": 15104
       },
       "num-tuples": 2292,
       "recursive-rule": {
        "@neglabel.ancestor(x,y) :- \n   parent(x,z),\n   @neglabel.ancestor(z,y).": {
         "0": {
          "maxRSS": {
           "post": 15104,
           "pre": 15104
          },
          "num-tuples": 2292,
          "runtime": { "start": 22195176921, "end": 22195177652},
          "source-locator": " [1:1-1:1]"
         }
        }
       },
       "runtime": { "start": 22195176908, "end": 22195177662}
      },
      "14": {
       "copytime": { "start": 22195178550, "end": 22195178769},
       "maxRSS": {
        "post": 15104,
        "pre": 15104
       },
       "num-tuples": 1451,
       "recursive-rule": {
        "@neglabel.ancestor(x,y) :- \n   parent(x,z),\n   @neglabel.ancestor(z,y).": {
         "0": {
          "maxRSS": {
           "post": 15104,
           "pre": 15104
          },
          "num-tuples": 1451,
          "runtime": { "start": 22195177983, "end": 22195178517},
          "source-locator": " [1:1-1:1]"
         }
        }
       },
       "runtime": { "start": 22195177972, "end": 22195178527}
      },
      "15": {
       "copytime": { "start": 22195179187, "end": 22195179334},
       "maxRSS": {
        "post": 15104,
        "pre": 15104
       },
       "num-tuples": 938,
       "recursive-rule": {
        "@neglabel.ancestor(x,y) :- \n   parent(x,z),\n   @neglabel.ancestor(z,y).": {
         "0": {
          "maxRSS": {
           "post": 15104,
           "pre": 15104
          },
          "num-tuples": 938,
          "runtime": { "start": 22195178786, "end": 22195179154},
          "source-locator": " [1:1-1:1]"
         }
        }
       },
       "runtime": { "start": 22195178775, "end": 22195179165}
      },
      "16": {
       "copytime": { "start": 22195179668, "end": 22195179755},
       "maxRSS": {
        "post": 15104,
        "pre": 15104
       },
       "num-tuples": 590,
       "recursive-rule": {
        "@neglabel.ancestor(x,y) :- \n   parent(x,z),\n   @neglabel.ancestor(z,y).": {
         "0": {
          "maxRSS": {
           "post": 15104,
           "pre": 15104
          },
          "num-tuples": 590,
          "runtime": { "start": 22195179350, "end": 22195179637},
          "source-locator": " [1:1-1:1]"
         }
        }
       },
       "runtime": { "start": 22195179339, "end": 22195179647}
      },
      "17": {
       "copytime": { "start": 22195179998, "end": 22195180048},
       "maxRSS": {
        "post": 15104,
        "pre": 15104
       },
       "num-tuples": 310,
       "recursive-rule": {
        "@neglabel.ancestor(x,y) :- \n   parent(x,z),\n   @neglabel.ancestor(z,y).": {
         "0": {
          "maxRSS": {
           "post": 15104,
           "pre": 15104
          },
          "num-tuples": 310,
          "runtime": { "start": 22195179770, "end": 22195179967},
          "source-locator": " [1:1-1:1]"
         }
        }
       },
       "runtime": { "start": 22195179760, "end": 22195179977}
      },
      "18": {
       "copytime": { "start": 22195180225, "end": 22195180260},
       "maxRSS": {
        "post": 15104,
        "pre": 15104
       },
       "num-tuples": 142,
       "recursive-rule": {
        "@neglabel.ancestor(x,y) :- \n   parent(x,z),\n   @neglabel.ancestor(z,y).": {
         "0": {
          "maxRSS": {
           "post": 15104,
           "pre": 15104
          },
          "num-tuples": 142,
          "runtime": { "start": 22195180054, "end": 22195180197},
          "source-locator": " [1:1-1:1]"
         }
        }
       },
       "runtime": { "start": 22195180053, "end": 22195180205}
      },
      "19": {
       "copytime": { "start": 22195180407, "end": 22195180417},
       "maxRSS": {
        "post": 15104,
        "pre": 15104
       },
       "num-tuples": 62,
       "recursive-rule": {
        "@neglabel.ancestor(x,y) :- \n   parent(x,z),\n   @neglabel.ancestor(z,y).": {
         "0": {
          "maxRSS": {
           "post": 15104,
           "pre": 15104
          },
          "num-tuples": 62,
          "runtime": { "start": 22195180273, "end": 22195180378},
          "source-locator": " [1:1-1:1]"
         }
        }
       },
       "runtime": { "start": 22195180264, "end": 22195180387}
      },
      "2": {
       "copytime": { "start": 22195152240, "end": 22195153031},
       "maxRSS": {
        "post": 14648,
        "pre": 14648
       },
       "num-tuples": 7388,
       "recursive-rule": {
        "@neglabel.ancestor(x,y) :- \n   parent(x,z),\n   @neglabel.ancestor(z,y).": {
         "0": {
          "maxRSS": {
           "post": 14648,
           "pre": 14648
          },
          "num-tuples": 7388,
          "runtime": { "start": 22195151018, "end": 22195152200},
          "source-locator": " [1:1-1:1]"
         }
        }
       },
       "runtime": { "start": 22195151008, "end": 22195152213}
      },
      "20": {
       "copytime": { "start": 22195180506, "end": 22195180509},
       "maxRSS": {
        "post": 15104,
        "pre": 15104
       },
       "num-tuples": 12,
       "recursive-rule": {
        "@neglabel.ancestor(x,y) :- \n   parent(x,z),\n   @neglabel.ancestor(z,y).": {
         "0": {
          "maxRSS": {
           "post": 15104,
           "pre": 15104
          },
          "num-tuples": 12,
          "runtime": { "start": 22195180422, "end": 22195180477},
          "source-locator": " [1:1-1:1]"
         }
        }
       },
       "runtime": { "start": 22195180421, "end": 22195180486}
      },
      "21": {
       "copytime": { "start": 22195180582, "end": 22195180583},
       "maxRSS": {
        "post": 15104,
        "pre": 15104
       },
       "num-tuples": 2,
       "recursive-rule": {
        "@neglabel.ancestor(x,y) :- \n   parent(x,z),\n   @neglabel.ancestor(z,y).": {
         "0": {
          "maxRSS": {
           "post": 15104,
           "pre": 15104
          },
          "num-tuples": 2,
          "runtime": { "start": 22195180523, "end": 22195180552},
          "source-locator": " [1:1-1:1]"
         }
        }
       },
       "runtime": { "start": 22195180513, "end": 22195180560}
      },
      "22": {
       "maxRSS": {
        "post": 15104,
        "pre": 15104
       },
       "num-tuples": 0,
       "recursive-rule": {
        "@neglabel.ancestor(x,y) :- \n   parent(x,z),\n   @neglabel.ancestor(z,y).": {
         "0": {
          "maxRSS": {
           "post": 15104,
           "pre": 15104
          },
          "num-tuples": 0,
          "runtime": { "start": 22195180587, "end": 22195180606},
          "source-locator": " [1:1-1:1]"
         }
        }
       },
       "runtime": { "start": 22195180587, "end": 22195180612}
      },
      "3": {
       "copytime": { "start": 22195154660, "end": 22195155478},
       "maxRSS": {
        "post": 14648,
        "pre": 14648
       },
       "num-tuples": 9498,
       "recursive-rule": {
        "@neglabel.ancestor(x,y) :- \n   parent(x,z),\n   @neglabel.ancestor(z,y).": {
         "0": {
          "maxRSS": {
           "post": 14648,
           "pre": 14648
          },
          "num-tuples": 9498,
          "runtime": { "start": 22195153050, "end": 22195154626},
          "source-locator": " [1:1-1:1]"
         }
        }
       },
       "runtime": { "start": 22195153039, "end": 22195154637}
      },
      "4": {
       "copytime": { "start": 22195157285, "end": 22195158184},
       "maxRSS": {
        "post": 14648,
        "pre": 14648
       },
       "num-tuples": 9918,
       "recursive-rule": {
        "@neglabel.ancestor(x,y) :- \n   parent(x,z),\n   @neglabel.ancestor(z,y).": {
         "0": {
          "maxRSS": {
           "post": 14648,
           "pre": 14648
          },
          "num-tuples": 9918,
          "runtime": { "start": 22195155507, "end": 22195157247},
          "source-locator": " [1:1-1:1]"
         }
        }
       },
       "runtime": { "start": 22195155484, "end": 22195157259}
      },
      "5": {
       "copytime": { "start": 22195159932, "end": 22195160860},
       "maxRSS": {
        "post": 14648,
        "pre": 14648
       },
       "num-tuples": 9643,
       "recursive-rule": {
        "@neglabel.ancestor(x,y) :- \n   parent(x,z),\n   @neglabel.ancestor(z,y).": {
         "0": {
          "maxRSS": {
           "post": 14648,
           "pre": 14648
          },
          "num-tuples": 9643,
          "runtime": { "start": 22195158203, "end": 22195159894},
          "source-locator": " [1:1-1:1]"
         }
        }
       },
       "runtime": { "start": 22195158191, "end": 22195159907}
      },
      "6": {
       "copytime": { "start": 22195162559, "end": 22195163466},
       "maxRSS": {
        "post": 14648,
        "pre": 14648
       },
       "num-tuples": 9541,
       "recursive-rule": {
        "@neglabel.ancestor(x,y) :- \n   parent(x,z),\n   @neglabel.ancestor(z,y).": {
         "0": {
          "maxRSS": {
           "post": 14648,
           "pre": 14648
          },
          "num-tuples": 9541,
          "runtime": { "start": 22195160881, "end": 22195162523},
          "source-locator": " [1:1-1:1]"
         }
        }
       },
       "runtime": { "start": 22195160868, "end": 22195162534}
      },
      "7": {
       "copytime": { "start": 22195165198, "end": 22195166139},
       "maxRSS": {
        "post": 14648,
        "pre": 14648
       },
       "num-tuples": 9570,
       "recursive-rule": {
        "@neglabel.ancestor(x,y) :- \n   parent(x,z),\n   @neglabel.ancestor(z,y).": {
         "0": {
          "maxRSS": {
           "post": 14648,
           "pre": 14648
          },
          "num-tuples": 9570,
          "runtime": { "start": 22195163485, "end": 22195165164},
          "source-locator": " [1:1-1:1]"
         }
        }
       },
       "runtime": { "start": 22195163473, "end": 22195165175}
      },
      "8": {
       "copytime": { "start": 22195167841, "end": 22195168896},
       "maxRSS": {
        "post": 14648,
        "pre": 14648
       },
       "num-tuples": 8972,
       "recursive-rule": {
        "@neglabel.ancestor(x,y) :- \n   parent(x,z),\n   @neglabel.ancestor(z,y).": {
         "0": {
          "maxRSS": {
           "post": 14648,
           "pre": 14648
          },
          "num-tuples": 8972,
          "runtime": { "start": 22195166165, "end": 22195167807},
          "source-locator": " [1:1-1:1]"
         }
        }
       },
       "runtime": { "start": 22195166145, "end": 22195167818}
      },
      "9": {
       "copytime": { "start": 22195170513, "end": 22195171321},
       "maxRSS": {
        "post": 14720,
        "pre": 14720
       },
       "num-tuples": 7845,
       "recursive-rule": {
        "@neglabel.ancestor(x,y) :- \n   parent(x,z),\n   @neglabel.ancestor(z,y).": {
         "0": {
          "maxRSS": {
           "post": 14720,
           "pre": 14720
          },
          "num-tuples": 7845,
          "runtime": { "start": 22195168916, "end": 22195170468},
          "source-locator": " [1:1-1:1]"
         }
        }
       },
       "runtime": { "start": 22195168904, "end": 22195170490}
      }
     },
     "maxRSS": {
      "post": 14648,
      "pre": 14648
     },
     "non-recursive-rule": {
      "@neglabel.ancestor(x,y) :- \n   parent(x,y).": {
       "atom-frequency": {
        "@neglabel.ancestor(x,y) :- \n   parent(x,y).": {
         "parent": {
          "level": 0,
          "num-tuples": 0
         }
        }
       },
       "maxRSS": {
        "post": 14648,
        "pre": 14648
       },
       "num-tuples": 1000,
       "runtime": { "start": 22195149210, "end": 22195149257},
       "source-locator": " [1:1-1:1]"
      }
     },
     "num-tuples": 1000,
     "runtime": { "start": 22195149207, "end": 22195149264},
     "source-locator": "/root/compiler/tests/corpus/BENCHMARK_FAMILY/ancestor_nonancestor.dl [20:7-20:15]"
    },
    "nonancestor.{bf}": {
     "maxRSS": {
      "post": 15104,
      "pre": 15104
     },
     "non-recursive-rule": {
      "nonancestor.{bf}(x,y) :- \n   @magic.nonancestor.{bf}(x),\n   person(x),\n   person(y),\n   !@neglabel.ancestor(x,y).": {
       "atom-frequency": {
        "nonancestor.{bf}(x,y) :- \n   @magic.nonancestor.{bf}(x),\n   person(x),\n   person(y),\n   !@neglabel.ancestor(x,y).": {
         "@magic.nonancestor.{bf}": {
          "level": 0,
          "num-tuples": 0
         },
         "person": {
          "level": 2,
          "num-tuples": 0
         }
        }
       },
       "maxRSS": {
        "post": 15104,
        "pre": 15104
       },
       "num-tuples": 450,
       "runtime": { "start": 22195180623, "end": 22195180664},
       "source-locator": " [1:1-1:1]"
      }
     },
     "num-tuples": 450,
     "reads": 0,
     "runtime": { "start": 22195180623, "end": 22195180670},
     "source-locator": " [1:1-1:1]"
    },
    "parent": {
     "loadtime": { "start": 22195148854, "end": 22195149127},
     "num-tuples": 1000,
     "reads": 0,
     "source-locator": "/root/compiler/tests/corpus/BENCHMARK_FAMILY/ancestor_nonancestor.dl [15:7-15:13]"
    },
    "person": {
     "loadtime": { "start": 22195149134, "end": 22195149201},
     "num-tuples": 500,
     "reads": 1,
     "source-locator": "/root/compiler/tests/corpus/BENCHMARK_FAMILY/ancestor_nonancestor.dl [17:7-17:13]"
    },
    "q_nonancestor": {
     "maxRSS": {
      "post": 15104,
      "pre": 15104
     },
     "non-recursive-rule": {
      "q_nonancestor(y) :- \n   nonancestor.{bf}(@abdul0,y),\n   @abdul0 = 1.": {
       "atom-frequency": {
        "q_nonancestor(y) :- \n   nonancestor.{bf}(@abdul0,y),\n   @abdul0 = 1.": {
         "nonancestor.{bf}": {
          "level": 0,
          "num-tuples": 0
         }
        }
       },
       "maxRSS": {
        "post": 15104,
        "pre": 15104
       },
       "num-tuples": 450,
       "runtime": { "start": 22195180887, "end": 22195180902},
       "source-locator": " [1:1-1:1]"
      }
     },
     "num-tuples": 450,
     "reads": 0,
     "runtime": { "start": 22195180874, "end": 22195180912},
     "savetime": { "start": 22195180917, "end": 22195181076},
     "source-locator": "/root/compiler/tests/corpus/BENCHMARK_FAMILY/ancestor_nonancestor.dl [27:7-27:20]"
    }
   },
   "runtime": { "start": 22195148832, "end": 22195181091},
   "starttime": { "time": 22195148805},
   "usage": {
    "timepoint": {
     "22195148923": {
      "maxRSS": 14648,
      "systemtime": 2260,
      "usertime": 2260
     },
     "22195149199": {
      "maxRSS": 14648,
      "systemtime": 2416,
      "usertime": 2416
     },
     "22195149213": {
      "maxRSS": 14648,
      "systemtime": 2459,
      "usertime": 2459
     },
     "22195149373": {
      "maxRSS": 14648,
      "systemtime": 2520,
      "usertime": 2520
     },
     "22195149795": {
      "maxRSS": 14648,
      "systemtime": 2720,
      "usertime": 2720
     },
     "22195149947": {
      "maxRSS": 14648,
      "systemtime": 2822,
      "usertime": 2822
     },
     "22195150693": {
      "maxRSS": 14648,
      "systemtime": 3205,
      "usertime": 3205
     },
     "22195151115": {
      "maxRSS": 14648,
      "systemtime": 3402,
      "usertime": 3402
     },
     "22195152189": {
      "maxRSS": 14648,
      "systemtime": 3402,
      "usertime": 4400
     },
     "22195152253": {
      "maxRSS": 14648,
      "systemtime": 3402,
      "usertime": 4655
     },
     "22195153106": {
      "maxRSS": 14648,
      "systemtime": 3402,
      "usertime": 5481
     },
     "22195154238": {
      "maxRSS": 14648,
      "systemtime": 3402,
      "usertime": 5496
     },
     "22195154752": {
      "maxRSS": 14648,
      "systemtime": 3508,
      "usertime": 7017
     },
     "22195155593": {
      "maxRSS": 14648,
      "systemtime": 3796,
      "usertime": 7593
     },
     "22195156681": {
      "maxRSS": 14648,
      "systemtime": 3796,
      "usertime": 8108
     },
     "22195157381": {
      "maxRSS": 14648,
      "systemtime": 3796,
      "usertime": 9407
     },
     "22195158304": {
      "maxRSS": 14648,
      "systemtime": 3796,
      "usertime": 10341
     },
     "22195159475": {
      "maxRSS": 14648,
      "systemtime": 3796,
      "usertime": 10357
     },
     "22195160045": {
      "maxRSS": 14648,
      "systemtime": 3972,
      "usertime": 11997
     },
     "22195160979": {
      "maxRSS": 14648,
      "systemtime": 3972,
      "usertime": 12894
     },
     "22195162157": {
      "maxRSS": 14648,
      "systemtime": 3972,
      "usertime": 12913
     },
     "22195162648": {
      "maxRSS": 14648,
      "systemtime": 3972,
      "usertime": 14608
     },
     "22195163582": {
      "maxRSS": 14648,
      "systemtime": 3972,
      "usertime": 15549
     },
     "22195164828": {
      "maxRSS": 14648,
      "systemtime": 3972,
      "usertime": 16080
     },
     "22195165275": {
      "maxRSS": 14648,
      "systemtime": 3972,
      "usertime": 17294
     },
     "22195166275": {
      "maxRSS": 14648,
      "systemtime": 3972,
      "usertime": 18277
     },
     "22195167476": {
      "maxRSS": 14648,
      "systemtime": 3972,
      "usertime": 18303
     },
     "22195167936": {
      "maxRSS": 14648,
      "systemtime": 3994,
      "usertime": 19974
     },
     "22195168938": {
      "maxRSS": 14720,
      "systemtime": 3994,
      "usertime": 21065
     },
     "22195170111": {
      "maxRSS": 14720,
      "systemtime": 3994,
      "usertime": 21083
     },
     "22195170600": {
      "maxRSS": 14720,
      "systemtime": 3994,
      "usertime": 22701
     },
     "22195171437": {
      "maxRSS": 14848,
      "systemtime": 3994,
      "usertime": 23545
     },
     "22195172642": {
      "maxRSS": 14848,
      "systemtime": 3994,
      "usertime": 24226
     },
     "22195172860": {
      "maxRSS": 14848,
      "systemtime": 3994,
      "usertime": 25050
     },
     "22195173584": {
      "maxRSS": 14976,
      "systemtime": 3994,
      "usertime": 25744
     },
     "22195174757": {
      "maxRSS": 14976,
      "systemtime": 3994,
      "usertime": 27031
     },
     "22195174829": {
      "maxRSS": 14976,
      "systemtime": 3994,
      "usertime": 27103
     },
     "22195175401": {
      "maxRSS": 15104,
      "systemtime": 3994,
      "usertime": 27713
     },
     "22195176576": {
      "maxRSS": 15104,
      "systemtime": 3994,
      "usertime": 28840
     },
     "22195177015": {
      "maxRSS": 15104,
      "systemtime": 3994,
      "usertime": 29288
     },
     "22195177775": {
      "maxRSS": 15104,
      "systemtime": 3994,
      "usertime": 30069
     },
     "22195178046": {
      "maxRSS": 15104,
      "systemtime": 3994,
      "usertime": 30383
     },
     "22195178641": {
      "maxRSS": 15104,
      "systemtime": 3994,
      "usertime": 30967
     },
     "22195178843": {
      "maxRSS": 15104,
      "systemtime": 3994,
      "usertime": 31220
     },
     "22195179279": {
      "maxRSS": 15104,
      "systemtime": 3994,
      "usertime": 31638
     },
     "22195179403": {
      "maxRSS": 15104,
      "systemtime": 3994,
      "usertime": 31819
     },
     "22195179715": {
      "maxRSS": 15104,
      "systemtime": 4016,
      "usertime": 32131
     },
     "22195179842": {
      "maxRSS": 15104,
      "systemtime": 4031,
      "usertime": 32251
     },
     "22195180084": {
      "maxRSS": 15104,
      "systemtime": 4057,
      "usertime": 32522
     },
     "22195180233": {
      "maxRSS": 15104,
      "systemtime": 4057,
      "usertime": 32707
     },
     "22195180354": {
      "maxRSS": 15104,
      "systemtime": 4057,
      "usertime": 32772
     },
     "22195180475": {
      "maxRSS": 15104,
      "systemtime": 4057,
      "usertime": 32941
     },
     "22195180507": {
      "maxRSS": 15104,
      "systemtime": 4057,
      "usertime": 33037
     },
     "22195180538": {
      "maxRSS": 15104,
      "systemtime": 4057,
      "usertime": 33064
     },
     "22195180633": {
      "maxRSS": 15104,
      "systemtime": 4057,
      "usertime": 33179
     },
     "22195181004": {
      "maxRSS": 15104,
      "systemtime": 4057,
      "usertime": 33491
     }
    }
   }
  }
 }
}
