{
 "root": {
  "program": {
   "configuration": {
    "": "/root/compiler/tests/corpus/BENCHMARK_FAMILY/reachability_complement.dl",
    "fact-dir": "/root/compiler/fixtures/p2-scale-250",
    "include-dir": ".",
    "jobs": "1",
    "libraries": "functors",
    "library-dir": ".",
    "output-dir": "/root/compiler/measurements/m3-5-headline/family/reachability_complement/n250/none",
    "profile": "prof.log",
    "relationCount": "5",
    "ruleCount": "6",
    "version": "2.5",
    "warn": "all",
    "wno": "none"
   },
   "relation": {
    "edge": {
     "loadtime": { "start": 29334591800, "end": 29334592028},
     "num-tuples": 500,
     "reads": 0,
     "source-locator": "/root/compiler/tests/corpus/BENCHMARK_FAMILY/reachability_complement.dl [16:7-16:11]"
    },
    "node": {
     "loadtime": { "start": 29334592038, "end": 29334592312},
     "num-tuples": 250,
     "reads": 0,
     "source-locator": "/root/compiler/tests/corpus/BENCHMARK_FAMILY/reachability_complement.dl [18:7-18:11]"
    },
    "q_unreach": {
     "maxRSS": {
      "post": 16368,
      "pre": 16368
     },
     "non-recursive-rule": {
      "q_unreach(y) :- \n   unreach(1,y).": {
       "atom-frequency": {
        "q_unreach(y) :- \n   unreach(1,y).": {
         "unreach": {
          "level": 0,
          "num-tuples": 0
         }
        }
       },
       "maxRSS": {
        "post": 16368,
        "pre": 16368
       },
       "num-tuples": 34,
       "runtime": { "start": 29334622252, "end": 29334622267},
       "source-locator": "/root/compiler/tests/corpus/BENCHMARK_FAMILY/reachability_complement.dl [30:1-30:30]"
      }
     },
     "num-tuples": 34,
     "reads": 0,
     "runtime": { "start": 29334622227, "end": 29334622277},
     "savetime": { "start": 29334622282, "end": 29334622446},
     "source-locator": "/root/compiler/tests/corpus/BENCHMARK_FAMILY/reachability_complement.dl [28:7-28:16]"
    },
    "reach": {
     "iteration": {
      "0": {
       "copytime": { "start": 29334592639, "end": 29334592729},
       "maxRSS": {
        "post": 16368,
        "pre": 16368
       },
       "num-tuples": 1012,
       "recursive-rule": {
        "reach(x,y) :- \n   reach(x,z),\n   edge(z,y).": {
         "0": {
          "atom-frequency": {
           "@new_reach(x,y) :- \n   @delta_reach(x,z),\n   edge(z,y).": {
            "@delta_reach": {
             "level": 0,
             "num-tuples": 0
            },
            "edge": {
             "level": 1,
             "num-tuples": 0
            }
           }
          },
          "maxRSS": {
           "post": 16368,
           "pre": 16368
          },
          "num-tuples": 1012,
          "runtime": { "start": 29334592406, "end": 29334592608},
          "source-locator": "/root/compiler/tests/corpus/BENCHMARK_FAMILY/reachability_complement.dl [23:1-23:37]"
         }
        }
       },
       "runtime": { "start": 29334592397, "end": 29334592618}
      },
      "1": {
       "copytime": { "start": 29334593170, "end": 29334593325},
       "maxRSS": {
        "post": 16368,
        "pre": 16368
       },
       "num-tuples": 1843,
       "recursive-rule": {
        "reach(x,y) :- \n   reach(x,z),\n   edge(z,y).": {
         "0": {
          "maxRSS": {
           "post": 16368,
           "pre": 16368
          },
          "num-tuples": 1843,
          "runtime": { "start": 29334592744, "end": 29334593143},
          "source-locator": "/root/compiler/tests/corpus/BENCHMARK_FAMILY/reachability_complement.dl [23:1-23:37]"
         }
        }
       },
       "runtime": { "start": 29334592735, "end": 29334593151}
      },
      "10": {
       "copytime": { "start": 29334612732, "end": 29334613045},
       "maxRSS": {
        "post": 16368,
        "pre": 16368
       },
       "num-tuples": 2002,
       "recursive-rule": {
        "reach(x,y) :- \n   reach(x,z),\n   edge(z,y).": {
         "0": {
          "maxRSS": {
           "post": 16368,
           "pre": 16368
          },
          "num-tuples": 2002,
          "runtime": { "start": 29334611561, "end": 29334612698},
          "source-locator": "/root/compiler/tests/corpus/BENCHMARK_FAMILY/reachability_complement.dl [23:1-23:37]"
         }
        }
       },
       "runtime": { "start": 29334611551, "end": 29334612710}
      },
      "11": {
       "copytime": { "start": 29334614015, "end": 29334614213},
       "maxRSS": {
        "post": 16368,
        "pre": 16368
       },
       "num-tuples": 1511,
       "recursive-rule": {
        "reach(x,y) :- \n   reach(x,z),\n   edge(z,y).": {
         "0": {
          "maxRSS": {
           "post": 16368,
           "pre": 16368
          },
          "num-tuples": 1511,
          "runtime": { "start": 29334613062, "end": 29334613983},
          "source-locator": "/root/compiler/tests/corpus/BENCHMARK_FAMILY/reachability_complement.dl [23:1-23:37]"
         }
        }
       },
       "runtime": { "start": 29334613052, "end": 29334613994}
      },
      "12": {
       "copytime": { "start": 29334614938, "end": 29334615108},
       "maxRSS": {
        "post": 16368,
        "pre": 16368
       },
       "num-tuples": 1138,
       "recursive-rule": {
        "reach(x,y) :- \n   reach(x,z),\n   edge(z,y).": {
         "0": {
          "maxRSS": {
           "post": 16368,
           "pre": 16368
          },
          "num-tuples": 1138,
          "runtime": { "start": 29334614240, "end": 29334614906},
          "source-locator": "/root/compiler/tests/corpus/BENCHMARK_FAMILY/reachability_complement.dl [23:1-23:37]"
         }
        }
       },
       "runtime": { "start": 29334614219, "end": 29334614917}
      },
      "13": {
       "copytime": { "start": 29334615696, "end": 29334615797},
       "maxRSS": {
        "post": 16368,
        "pre": 16368
       },
       "num-tuples": 818,
       "recursive-rule": {
        "reach(x,y) :- \n   reach(x,z),\n   edge(z,y).": {
         "0": {
          "maxRSS": {
           "post": 16368,
           "pre": 16368
          },
          "num-tuples": 818,
          "runtime": { "start": 29334615123, "end": 29334615666},
          "source-locator": "/root/compiler/tests/corpus/BENCHMARK_FAMILY/reachability_complement.dl [23:1-23:37]"
         }
        }
       },
       "runtime": { "start": 29334615114, "end": 29334615676}
      },
      "14": {
       "copytime": { "start": 29334616266, "end": 29334616339},
       "maxRSS": {
        "post": 16368,
        "pre": 16368
       },
       "num-tuples": 551,
       "recursive-rule": {
        "reach(x,y) :- \n   reach(x,z),\n   edge(z,y).": {
         "0": {
          "maxRSS": {
           "post": 16368,
           "pre": 16368
          },
          "num-tuples": 551,
          "runtime": { "start": 29334615812, "end": 29334616223},
          "source-locator": "/root/compiler/tests/corpus/BENCHMARK_FAMILY/reachability_complement.dl [23:1-23:37]"
         }
        }
       },
       "runtime": { "start": 29334615802, "end": 29334616234}
      },
      "15": {
       "copytime": { "start": 29334616636, "end": 29334616683},
       "maxRSS": {
        "post": 16368,
        "pre": 16368
       },
       "num-tuples": 339,
       "recursive-rule": {
        "reach(x,y) :- \n   reach(x,z),\n   edge(z,y).": {
         "0": {
          "maxRSS": {
           "post": 16368,
           "pre": 16368
          },
          "num-tuples": 339,
          "runtime": { "start": 29334616352, "end": 29334616607},
          "source-locator": "/root/compiler/tests/corpus/BENCHMARK_FAMILY/reachability_complement.dl [23:1-23:37]"
         }
        }
       },
       "runtime": { "start": 29334616343, "end": 29334616617}
      },
      "16": {
       "copytime": { "start": 29334616880, "end": 29334616926},
       "maxRSS": {
        "post": 16368,
        "pre": 16368
       },
       "num-tuples": 220,
       "recursive-rule": {
        "reach(x,y) :- \n   reach(x,z),\n   edge(z,y).": {
         "0": {
          "maxRSS": {
           "post": 16368,
           "pre": 16368
          },
          "num-tuples": 220,
          "runtime": { "start": 29334616696, "end": 29334616850},
          "source-locator": "/root/compiler/tests/corpus/BENCHMARK_FAMILY/reachability_complement.dl [23:1-23:37]"
         }
        }
       },
       "runtime": { "start": 29334616687, "end": 29334616860}
      },
      "17": {
       "copytime": { "start": 29334617059, "end": 29334617090},
       "maxRSS": {
        "post": 16368,
        "pre": 16368
       },
       "num-tuples": 129,
       "recursive-rule": {
        "reach(x,y) :- \n   reach(x,z),\n   edge(z,y).": {
         "0": {
          "maxRSS": {
           "post": 16368,
           "pre": 16368
          },
          "num-tuples": 129,
          "runtime": { "start": 29334616940, "end": 29334617030},
          "source-locator": "/root/compiler/tests/corpus/BENCHMARK_FAMILY/reachability_complement.dl [23:1-23:37]"
         }
        }
       },
       "runtime": { "start": 29334616931, "end": 29334617039}
      },
      "18": {
       "copytime": { "start": 29334617179, "end": 29334617190},
       "maxRSS": {
        "post": 16368,
        "pre": 16368
       },
       "num-tuples": 69,
       "recursive-rule": {
        "reach(x,y) :- \n   reach(x,z),\n   edge(z,y).": {
         "0": {
          "maxRSS": {
           "post": 16368,
           "pre": 16368
          },
          "num-tuples": 69,
          "runtime": { "start": 29334617104, "end": 29334617152},
          "source-locator": "/root/compiler/tests/corpus/BENCHMARK_FAMILY/reachability_complement.dl [23:1-23:37]"
         }
        }
       },
       "runtime": { "start": 29334617095, "end": 29334617160}
      },
      "19": {
       "copytime": { "start": 29334617257, "end": 29334617263},
       "maxRSS": {
        "post": 16368,
        "pre": 16368
       },
       "num-tuples": 38,
       "recursive-rule": {
        "reach(x,y) :- \n   reach(x,z),\n   edge(z,y).": {
         "0": {
          "maxRSS": {
           "post": 16368,
           "pre": 16368
          },
          "num-tuples": 38,
          "runtime": { "start": 29334617203, "end": 29334617229},
          "source-locator": "/root/compiler/tests/corpus/BENCHMARK_FAMILY/reachability_complement.dl [23:1-23:37]"
         }
        }
       },
       "runtime": { "start": 29334617194, "end": 29334617238}
      },
      "2": {
       "copytime": { "start": 29334594135, "end": 29334594419},
       "maxRSS": {
        "post": 16368,
        "pre": 16368
       },
       "num-tuples": 3066,
       "recursive-rule": {
        "reach(x,y) :- \n   reach(x,z),\n   edge(z,y).": {
         "0": {
          "maxRSS": {
           "post": 16368,
           "pre": 16368
          },
          "num-tuples": 3066,
          "runtime": { "start": 29334593340, "end": 29334594095},
          "source-locator": "/root/compiler/tests/corpus/BENCHMARK_FAMILY/reachability_complement.dl [23:1-23:37]"
         }
        }
       },
       "runtime": { "start": 29334593329, "end": 29334594105}
      },
      "20": {
       "copytime": { "start": 29334617320, "end": 29334617323},
       "maxRSS": {
        "post": 16368,
        "pre": 16368
       },
       "num-tuples": 17,
       "recursive-rule": {
        "reach(x,y) :- \n   reach(x,z),\n   edge(z,y).": {
         "0": {
          "maxRSS": {
           "post": 16368,
           "pre": 16368
          },
          "num-tuples": 17,
          "runtime": { "start": 29334617277, "end": 29334617291},
          "source-locator": "/root/compiler/tests/corpus/BENCHMARK_FAMILY/reachability_complement.dl [23:1-23:37]"
         }
        }
       },
       "runtime": { "start": 29334617267, "end": 29334617299}
      },
      "21": {
       "copytime": { "start": 29334617419, "end": 29334617423},
       "maxRSS": {
        "post": 16368,
        "pre": 16368
       },
       "num-tuples": 11,
       "recursive-rule": {
        "reach(x,y) :- \n   reach(x,z),\n   edge(z,y).": {
         "0": {
          "maxRSS": {
           "post": 16368,
           "pre": 16368
          },
          "num-tuples": 11,
          "runtime": { "start": 29334617336, "end": 29334617344},
          "source-locator": "/root/compiler/tests/corpus/BENCHMARK_FAMILY/reachability_complement.dl [23:1-23:37]"
         }
        }
       },
       "runtime": { "start": 29334617327, "end": 29334617352}
      },
      "22": {
       "copytime": { "start": 29334617470, "end": 29334617471},
       "maxRSS": {
        "post": 16368,
        "pre": 16368
       },
       "num-tuples": 6,
       "recursive-rule": {
        "reach(x,y) :- \n   reach(x,z),\n   edge(z,y).": {
         "0": {
          "maxRSS": {
           "post": 16368,
           "pre": 16368
          },
          "num-tuples": 6,
          "runtime": { "start": 29334617436, "end": 29334617441},
          "source-locator": "/root/compiler/tests/corpus/BENCHMARK_FAMILY/reachability_complement.dl [23:1-23:37]"
         }
        }
       },
       "runtime": { "start": 29334617426, "end": 29334617450}
      },
      "23": {
       "copytime": { "start": 29334617521, "end": 29334617523},
       "maxRSS": {
        "post": 16368,
        "pre": 16368
       },
       "num-tuples": 3,
       "recursive-rule": {
        "reach(x,y) :- \n   reach(x,z),\n   edge(z,y).": {
         "0": {
          "maxRSS": {
           "post": 16368,
           "pre": 16368
          },
          "num-tuples": 3,
          "runtime": { "start": 29334617475, "end": 29334617479},
          "source-locator": "/root/compiler/tests/corpus/BENCHMARK_FAMILY/reachability_complement.dl [23:1-23:37]"
         }
        }
       },
       "runtime": { "start": 29334617475, "end": 29334617502}
      },
      "24": {
       "copytime": { "start": 29334617555, "end": 29334617556},
       "maxRSS": {
        "post": 16368,
        "pre": 16368
       },
       "num-tuples": 1,
       "recursive-rule": {
        "reach(x,y) :- \n   reach(x,z),\n   edge(z,y).": {
         "0": {
          "maxRSS": {
           "post": 16368,
           "pre": 16368
          },
          "num-tuples": 1,
          "runtime": { "start": 29334617527, "end": 29334617530},
          "source-locator": "/root/compiler/tests/corpus/BENCHMARK_FAMILY/reachability_complement.dl [23:1-23:37]"
         }
        }
       },
       "runtime": { "start": 29334617527, "end": 29334617536}
      },
      "25": {
       "maxRSS": {
        "post": 16368,
        "pre": 16368
       },
       "num-tuples": 0,
       "recursive-rule": {
        "reach(x,y) :- \n   reach(x,z),\n   edge(z,y).": {
         "0": {
          "maxRSS": {
           "post": 16368,
           "pre": 16368
          },
          "num-tuples": 0,
          "runtime": { "start": 29334617570, "end": 29334617572},
          "source-locator": "/root/compiler/tests/corpus/BENCHMARK_FAMILY/reachability_complement.dl [23:1-23:37]"
         }
        }
       },
       "runtime": { "start": 29334617561, "end": 29334617593}
      },
      "3": {
       "copytime": { "start": 29334595674, "end": 29334596134},
       "maxRSS": {
        "post": 16368,
        "pre": 16368
       },
       "num-tuples": 4465,
       "recursive-rule": {
        "reach(x,y) :- \n   reach(x,z),\n   edge(z,y).": {
         "0": {
          "maxRSS": {
           "post": 16368,
           "pre": 16368
          },
          "num-tuples": 4465,
          "runtime": { "start": 29334594447, "end": 29334595616},
          "source-locator": "/root/compiler/tests/corpus/BENCHMARK_FAMILY/reachability_complement.dl [23:1-23:37]"
         }
        }
       },
       "runtime": { "start": 29334594424, "end": 29334595638}
      },
      "4": {
       "copytime": { "start": 29334598053, "end": 29334598604},
       "maxRSS": {
        "post": 16368,
        "pre": 16368
       },
       "num-tuples": 5486,
       "recursive-rule": {
        "reach(x,y) :- \n   reach(x,z),\n   edge(z,y).": {
         "0": {
          "maxRSS": {
           "post": 16368,
           "pre": 16368
          },
          "num-tuples": 5486,
          "runtime": { "start": 29334596152, "end": 29334598014},
          "source-locator": "/root/compiler/tests/corpus/BENCHMARK_FAMILY/reachability_complement.dl [23:1-23:37]"
         }
        }
       },
       "runtime": { "start": 29334596140, "end": 29334598029}
      },
      "5": {
       "copytime": { "start": 29334600925, "end": 29334601517},
       "maxRSS": {
        "post": 16368,
        "pre": 16368
       },
       "num-tuples": 5793,
       "recursive-rule": {
        "reach(x,y) :- \n   reach(x,z),\n   edge(z,y).": {
         "0": {
          "maxRSS": {
           "post": 16368,
           "pre": 16368
          },
          "num-tuples": 5793,
          "runtime": { "start": 29334598622, "end": 29334600888},
          "source-locator": "/root/compiler/tests/corpus/BENCHMARK_FAMILY/reachability_complement.dl [23:1-23:37]"
         }
        }
       },
       "runtime": { "start": 29334598612, "end": 29334600901}
      },
      "6": {
       "copytime": { "start": 29334603960, "end": 29334604622},
       "maxRSS": {
        "post": 16368,
        "pre": 16368
       },
       "num-tuples": 5318,
       "recursive-rule": {
        "reach(x,y) :- \n   reach(x,z),\n   edge(z,y).": {
         "0": {
          "maxRSS": {
           "post": 16368,
           "pre": 16368
          },
          "num-tuples": 5318,
          "runtime": { "start": 29334601535, "end": 29334603905},
          "source-locator": "/root/compiler/tests/corpus/BENCHMARK_FAMILY/reachability_complement.dl [23:1-23:37]"
         }
        }
       },
       "runtime": { "start": 29334601525, "end": 29334603933}
      },
      "7": {
       "copytime": { "start": 29334606815, "end": 29334607330},
       "maxRSS": {
        "post": 16368,
        "pre": 16368
       },
       "num-tuples": 4364,
       "recursive-rule": {
        "reach(x,y) :- \n   reach(x,z),\n   edge(z,y).": {
         "0": {
          "maxRSS": {
           "post": 16368,
           "pre": 16368
          },
          "num-tuples": 4364,
          "runtime": { "start": 29334604645, "end": 29334606777},
          "source-locator": "/root/compiler/tests/corpus/BENCHMARK_FAMILY/reachability_complement.dl [23:1-23:37]"
         }
        }
       },
       "runtime": { "start": 29334604633, "end": 29334606790}
      },
      "8": {
       "copytime": { "start": 29334609186, "end": 29334609607},
       "maxRSS": {
        "post": 16368,
        "pre": 16368
       },
       "num-tuples": 3408,
       "recursive-rule": {
        "reach(x,y) :- \n   reach(x,z),\n   edge(z,y).": {
         "0": {
          "maxRSS": {
           "post": 16368,
           "pre": 16368
          },
          "num-tuples": 3408,
          "runtime": { "start": 29334607353, "end": 29334609153},
          "source-locator": "/root/compiler/tests/corpus/BENCHMARK_FAMILY/reachability_complement.dl [23:1-23:37]"
         }
        }
       },
       "runtime": { "start": 29334607337, "end": 29334609164}
      },
      "9": {
       "copytime": { "start": 29334611191, "end": 29334611545},
       "maxRSS": {
        "post": 16368,
        "pre": 16368
       },
       "num-tuples": 2634,
       "recursive-rule": {
        "reach(x,y) :- \n   reach(x,z),\n   edge(z,y).": {
         "0": {
          "maxRSS": {
           "post": 16368,
           "pre": 16368
          },
          "num-tuples": 2634,
          "runtime": { "start": 29334609637, "end": 29334611157},
          "source-locator": "/root/compiler/tests/corpus/BENCHMARK_FAMILY/reachability_complement.dl [23:1-23:37]"
         }
        }
       },
       "runtime": { "start": 29334609628, "end": 29334611168}
      }
     },
     "maxRSS": {
      "post": 16368,
      "pre": 16368
     },
     "non-recursive-rule": {
      "reach(x,y) :- \n   edge(x,y).": {
       "atom-frequency": {
        "reach(x,y) :- \n   edge(x,y).": {
         "edge": {
          "level": 0,
          "num-tuples": 0
         }
        }
       },
       "maxRSS": {
        "post": 16368,
        "pre": 16368
       },
       "num-tuples": 500,
       "runtime": { "start": 29334592332, "end": 29334592362},
       "source-locator": "/root/compiler/tests/corpus/BENCHMARK_FAMILY/reachability_complement.dl [22:1-22:25]"
      }
     },
     "num-tuples": 500,
     "reads": 154445,
     "runtime": { "start": 29334592321, "end": 29334592371},
     "source-locator": "/root/compiler/tests/corpus/BENCHMARK_FAMILY/reachability_complement.dl [21:7-21:12]"
    },
    "unreach": {
     "maxRSS": {
      "post": 16368,
      "pre": 16368
     },
     "non-recursive-rule": {
      "unreach(x,y) :- \n   node(x),\n   node(y),\n   !reach(x,y).": {
       "atom-frequency": {
        "unreach(x,y) :- \n   node(x),\n   node(y),\n   !reach(x,y).": {
         "node": {
          "level": 0,
          "num-tuples": 0
         }
        }
       },
       "maxRSS": {
        "post": 16368,
        "pre": 16368
       },
       "num-tuples": 17758,
       "runtime": { "start": 29334617616, "end": 29334622095},
       "source-locator": "/root/compiler/tests/corpus/BENCHMARK_FAMILY/reachability_complement.dl [26:1-26:47]"
      }
     },
     "num-tuples": 17758,
     "reads": 0,
     "runtime": { "start": 29334617615, "end": 29334622108},
     "source-locator": "/root/compiler/tests/corpus/BENCHMARK_FAMILY/reachability_complement.dl [25:7-25:14]"
    }
   },
   "runtime": { "start": 29334591770, "end": 29334622479},
   "starttime": { "time": 29334591743},
   "usage": {
    "timepoint": {
     "29334591760": {
      "maxRSS": 16368,
      "systemtime": 3877,
      "usertime": 0
     },
     "29334591807": {
      "maxRSS": 16368,
      "systemtime": 4089,
      "usertime": 0
     },
     "29334592055": {
      "maxRSS": 16368,
      "systemtime": 4281,
      "usertime": 43
     },
     "29334592337": {
      "maxRSS": 16368,
      "systemtime": 4281,
      "usertime": 329
     },
     "29334592411": {
      "maxRSS": 16368,
      "systemtime": 4281,
      "usertime": 410
     },
     "29334592639": {
      "maxRSS": 16368,
      "systemtime": 4281,
      "usertime": 644
     },
     "29334592749": {
      "maxRSS": 16368,
      "systemtime": 4281,
      "usertime": 749
     },
     "29334593170": {
      "maxRSS": 16368,
      "systemtime": 4281,
      "usertime": 1157
     },
     "29334593354": {
      "maxRSS": 16368,
      "systemtime": 4281,
      "usertime": 1339
     },
     "29334594134": {
      "maxRSS": 16368,
      "systemtime": 4281,
      "usertime": 2115
     },
     "29334594440": {
      "maxRSS": 16368,
      "systemtime": 4281,
      "usertime": 2419
     },
     "29334594466": {
      "maxRSS": 16368,
      "systemtime": 4281,
      "usertime": 2432
     },
     "29334595571": {
      "maxRSS": 16368,
      "systemtime": 4281,
      "usertime": 3466
     },
     "29334595660": {
      "maxRSS": 16368,
      "systemtime": 4281,
      "usertime": 3623
     },
     "29334595688": {
      "maxRSS": 16368,
      "systemtime": 4281,
      "usertime": 3641
     },
     "29334596164": {
      "maxRSS": 16368,
      "systemtime": 4281,
      "usertime": 4115
     },
     "29334597242": {
      "maxRSS": 16368,
      "systemtime": 4281,
      "usertime": 5174
     },
     "29334598053": {
      "maxRSS": 16368,
      "systemtime": 4281,
      "usertime": 5952
     },
     "29334598627": {
      "maxRSS": 16368,
      "systemtime": 4281,
      "usertime": 6511
     },
     "29334599694": {
      "maxRSS": 16368,
      "systemtime": 4281,
      "usertime": 7451
     },
     "29334600850": {
      "maxRSS": 16368,
      "systemtime": 4281,
      "usertime": 8634
     },
     "29334600924": {
      "maxRSS": 16368,
      "systemtime": 4281,
      "usertime": 8734
     },
     "29334601540": {
      "maxRSS": 16368,
      "systemtime": 4281,
      "usertime": 9331
     },
     "29334602616": {
      "maxRSS": 16368,
      "systemtime": 4281,
      "usertime": 10321
     },
     "29334603698": {
      "maxRSS": 16368,
      "systemtime": 4281,
      "usertime": 11379
     },
     "29334603956": {
      "maxRSS": 16368,
      "systemtime": 4281,
      "usertime": 11646
     },
     "29334604703": {
      "maxRSS": 16368,
      "systemtime": 4281,
      "usertime": 12329
     },
     "29334605844": {
      "maxRSS": 16368,
      "systemtime": 4281,
      "usertime": 13425
     },
     "29334606860": {
      "maxRSS": 16368,
      "systemtime": 4281,
      "usertime": 14416
     },
     "29334607364": {
      "maxRSS": 16368,
      "systemtime": 4281,
      "usertime": 14944
     },
     "29334608439": {
      "maxRSS": 16368,
      "systemtime": 4281,
      "usertime": 15774
     },
     "29334609185": {
      "maxRSS": 16368,
      "systemtime": 4281,
      "usertime": 16692
     },
     "29334609642": {
      "maxRSS": 16368,
      "systemtime": 4281,
      "usertime": 17106
     },
     "29334610721": {
      "maxRSS": 16368,
      "systemtime": 4281,
      "usertime": 18071
     },
     "29334611194": {
      "maxRSS": 16368,
      "systemtime": 4281,
      "usertime": 18562
     },
     "29334611567": {
      "maxRSS": 16368,
      "systemtime": 4281,
      "usertime": 18919
     },
     "29334612660": {
      "maxRSS": 16368,
      "systemtime": 4281,
      "usertime": 19773
     },
     "29334612731": {
      "maxRSS": 16368,
      "systemtime": 4281,
      "usertime": 19998
     },
     "29334613074": {
      "maxRSS": 16368,
      "systemtime": 4281,
      "usertime": 20317
     },
     "29334614023": {
      "maxRSS": 16368,
      "systemtime": 4281,
      "usertime": 21162
     },
     "29334614235": {
      "maxRSS": 16368,
      "systemtime": 4281,
      "usertime": 21367
     },
     "29334614255": {
      "maxRSS": 16368,
      "systemtime": 4281,
      "usertime": 21375
     },
     "29334614941": {
      "maxRSS": 16368,
      "systemtime": 4281,
      "usertime": 22017
     },
     "29334615129": {
      "maxRSS": 16368,
      "systemtime": 4281,
      "usertime": 22183
     },
     "29334615696": {
      "maxRSS": 16368,
      "systemtime": 4281,
      "usertime": 22682
     },
     "29334615819": {
      "maxRSS": 16368,
      "systemtime": 4281,
      "usertime": 22810
     },
     "29334616281": {
      "maxRSS": 16368,
      "systemtime": 4281,
      "usertime": 23195
     },
     "29334616357": {
      "maxRSS": 16368,
      "systemtime": 4281,
      "usertime": 23301
     },
     "29334616665": {
      "maxRSS": 16368,
      "systemtime": 4281,
      "usertime": 23576
     },
     "29334616706": {
      "maxRSS": 16368,
      "systemtime": 4281,
      "usertime": 23659
     },
     "29334616882": {
      "maxRSS": 16368,
      "systemtime": 4281,
      "usertime": 23835
     },
     "29334616949": {
      "maxRSS": 16368,
      "systemtime": 4281,
      "usertime": 23899
     },
     "29334617061": {
      "maxRSS": 16368,
      "systemtime": 4281,
      "usertime": 24019
     },
     "29334617112": {
      "maxRSS": 16368,
      "systemtime": 4281,
      "usertime": 24066
     },
     "29334617179": {
      "maxRSS": 16368,
      "systemtime": 4281,
      "usertime": 24142
     },
     "29334617208": {
      "maxRSS": 16368,
      "systemtime": 4281,
      "usertime": 24179
     },
     "29334617257": {
      "maxRSS": 16368,
      "systemtime": 4281,
      "usertime": 24234
     },
     "29334617281": {
      "maxRSS": 16368,
      "systemtime": 4281,
      "usertime": 24269
     },
     "29334617319": {
      "maxRSS": 16368,
      "systemtime": 4281,
      "usertime": 24314
     },
     "29334617341": {
      "maxRSS": 16368,
      "systemtime": 4281,
      "usertime": 24342
     },
     "29334617419": {
      "maxRSS": 16368,
      "systemtime": 4281,
      "usertime": 24382
     },
     "29334617444": {
      "maxRSS": 16368,
      "systemtime": 4281,
      "usertime": 24419
     },
     "29334617469": {
      "maxRSS": 16368,
      "systemtime": 4281,
      "usertime": 24452
     },
     "29334617522": {
      "maxRSS": 16368,
      "systemtime": 4281,
      "usertime": 24512
     },
     "29334617555": {
      "maxRSS": 16368,
      "systemtime": 4281,
      "usertime": 24550
     },
     "29334617575": {
      "maxRSS": 16368,
      "systemtime": 4281,
      "usertime": 24579
     },
     "29334617612": {
      "maxRSS": 16368,
      "systemtime": 4281,
      "usertime": 24611
     },
     "29334617617": {
      "maxRSS": 16368,
      "systemtime": 4281,
      "usertime": 24624
     },
     "29334618734": {
      "maxRSS": 16368,
      "systemtime": 4281,
      "usertime": 25436
     },
     "29334619896": {
      "maxRSS": 16368,
      "systemtime": 4370,
      "usertime": 26223
     },
     "29334621015": {
      "maxRSS": 16368,
      "systemtime": 4370,
      "usertime": 27655
     },
     "29334622141": {
      "maxRSS": 16368,
      "systemtime": 4370,
      "usertime": 28715
     },
     "29334622244": {
      "maxRSS": 16368,
      "systemtime": 4370,
      "usertime": 28830
     },
     "29334622267": {
      "maxRSS": 16368,
      "systemtime": 4370,
      "usertime": 28852
     },
     "29334622300": {
      "maxRSS": 16368,
      "systemtime": 4370,
      "usertime": 28877
     }
    }
   }
  }
 }
}
