{
 "root": {
  "program": {
   "configuration": {
    "": "/root/compiler/tests/corpus/BENCHMARK_FAMILY/same_generation_negation.dl",
    "fact-dir": "/root/compiler/fixtures/benchmark-family/same_generation_negation/d5_b4",
    "include-dir": ".",
    "jobs": "1",
    "libraries": "functors",
    "library-dir": ".",
    "magic-transform": "*",
    "output-dir": "/root/compiler/measurements/m3-5-headline-m4/family/same_generation_negation/d5_b4/souffle",
    "profile": "prof.log",
    "relationCount": "4",
    "ruleCount": "7",
    "version": "2.5",
    "warn": "all",
    "wno": "none"
   },
   "relation": {
    "@magic.notsg.{bf}": {
     "maxRSS": {
      "post": 11608,
      "pre": 11480
     },
     "non-recursive-rule": {
      "@magic.notsg.{bf}(0).": {
       "maxRSS": {
        "post": 11608,
        "pre": 11480
       },
       "num-tuples": 1,
       "runtime": { "start": 16935494947, "end": 16935494952},
       "source-locator": " [1:1-1:1]"
      }
     },
     "num-tuples": 1,
     "runtime": { "start": 16935494944, "end": 16935494961},
     "source-locator": " [1:1-1:1]"
    },
    "@neglabel.sg": {
     "iteration": {
      "0": {
       "copytime": { "start": 16935518884, "end": 16935519109},
       "maxRSS": {
        "post": 12128,
        "pre": 12128
       },
       "num-tuples": 2612,
       "recursive-rule": {
        "@neglabel.sg(x,y) :- \n   parent(x,xp),\n   parent(y,yp),\n   @neglabel.sg(xp,yp),\n   x != y.": {
         "0": {
          "atom-frequency": {
           "@new_@neglabel.sg(x,y) :- \n   parent(x,xp),\n   parent(y,yp),\n   @delta_@neglabel.sg(xp,yp),\n   x != y.": {
            "parent": {
             "level": 0,
             "num-tuples": 0
            }
           }
          },
          "maxRSS": {
           "post": 12128,
           "pre": 12128
          },
          "num-tuples": 2612,
          "runtime": { "start": 16935495366, "end": 16935518837},
          "source-locator": " [1:1-1:1]"
         }
        }
       },
       "runtime": { "start": 16935495365, "end": 16935518853}
      },
      "1": {
       "copytime": { "start": 16935542738, "end": 16935543481},
       "maxRSS": {
        "post": 12384,
        "pre": 12256
       },
       "num-tuples": 10080,
       "recursive-rule": {
        "@neglabel.sg(x,y) :- \n   parent(x,xp),\n   parent(y,yp),\n   @neglabel.sg(xp,yp),\n   x != y.": {
         "0": {
          "maxRSS": {
           "post": 12384,
           "pre": 12256
          },
          "num-tuples": 10080,
          "runtime": { "start": 16935519128, "end": 16935542691},
          "source-locator": " [1:1-1:1]"
         }
        }
       },
       "runtime": { "start": 16935519115, "end": 16935542706}
      },
      "2": {
       "copytime": { "start": 16935569426, "end": 16935572391},
       "maxRSS": {
        "post": 13280,
        "pre": 12640
       },
       "num-tuples": 39650,
       "recursive-rule": {
        "@neglabel.sg(x,y) :- \n   parent(x,xp),\n   parent(y,yp),\n   @neglabel.sg(xp,yp),\n   x != y.": {
         "0": {
          "maxRSS": {
           "post": 13280,
           "pre": 12640
          },
          "num-tuples": 39650,
          "runtime": { "start": 16935543503, "end": 16935569372},
          "source-locator": " [1:1-1:1]"
         }
        }
       },
       "runtime": { "start": 16935543487, "end": 16935569394}
      },
      "3": {
       "copytime": { "start": 16935605550, "end": 16935613165},
       "maxRSS": {
        "post": 16224,
        "pre": 14304
       },
       "num-tuples": 108938,
       "recursive-rule": {
        "@neglabel.sg(x,y) :- \n   parent(x,xp),\n   parent(y,yp),\n   @neglabel.sg(xp,yp),\n   x != y.": {
         "0": {
          "maxRSS": {
           "post": 16224,
           "pre": 14304
          },
          "num-tuples": 108938,
          "runtime": { "start": 16935572417, "end": 16935605431},
          "source-locator": " [1:1-1:1]"
         }
        }
       },
       "runtime": { "start": 16935572402, "end": 16935605472}
      },
      "4": {
       "copytime": { "start": 16935663508, "end": 16935682423},
       "maxRSS": {
        "post": 22880,
        "pre": 18656
       },
       "num-tuples": 257764,
       "recursive-rule": {
        "@neglabel.sg(x,y) :- \n   parent(x,xp),\n   parent(y,yp),\n   @neglabel.sg(xp,yp),\n   x != y.": {
         "0": {
          "maxRSS": {
           "post": 22880,
           "pre": 18656
          },
          "num-tuples": 257764,
          "runtime": { "start": 16935613197, "end": 16935663314},
          "source-locator": " [1:1-1:1]"
         }
        }
       },
       "runtime": { "start": 16935613178, "end": 16935663388}
      },
      "5": {
       "maxRSS": {
        "post": 28384,
        "pre": 28256
       },
       "num-tuples": 0,
       "recursive-rule": {
        "@neglabel.sg(x,y) :- \n   parent(x,xp),\n   parent(y,yp),\n   @neglabel.sg(xp,yp),\n   x != y.": {
         "0": {
          "maxRSS": {
           "post": 28384,
           "pre": 28256
          },
          "num-tuples": 0,
          "runtime": { "start": 16935682460, "end": 16935718253},
          "source-locator": " [1:1-1:1]"
         }
        }
       },
       "runtime": { "start": 16935682435, "end": 16935718270}
      }
     },
     "maxRSS": {
      "post": 12128,
      "pre": 12128
     },
     "non-recursive-rule": {
      "@neglabel.sg(x,x) :- \n   person(x).": {
       "atom-frequency": {
        "@neglabel.sg(x,x) :- \n   person(x).": {
         "person": {
          "level": 0,
          "num-tuples": 0
         }
        }
       },
       "maxRSS": {
        "post": 12128,
        "pre": 12128
       },
       "num-tuples": 840,
       "runtime": { "start": 16935495290, "end": 16935495323},
       "source-locator": " [1:1-1:1]"
      }
     },
     "num-tuples": 840,
     "runtime": { "start": 16935495280, "end": 16935495331},
     "source-locator": "/root/compiler/tests/corpus/BENCHMARK_FAMILY/same_generation_negation.dl [26:7-26:9]"
    },
    "notsg.{bf}": {
     "maxRSS": {
      "post": 28384,
      "pre": 28384
     },
     "non-recursive-rule": {
      "notsg.{bf}(x,y) :- \n   @magic.notsg.{bf}(x),\n   person(x),\n   person(y),\n   !@neglabel.sg(x,y).": {
       "atom-frequency": {
        "notsg.{bf}(x,y) :- \n   @magic.notsg.{bf}(x),\n   person(x),\n   person(y),\n   !@neglabel.sg(x,y).": {
         "@magic.notsg.{bf}": {
          "level": 0,
          "num-tuples": 0
         },
         "person": {
          "level": 2,
          "num-tuples": 0
         }
        }
       },
       "maxRSS": {
        "post": 28384,
        "pre": 28384
       },
       "num-tuples": 839,
       "runtime": { "start": 16935718705, "end": 16935718762},
       "source-locator": " [1:1-1:1]"
      }
     },
     "num-tuples": 839,
     "reads": 0,
     "runtime": { "start": 16935718684, "end": 16935718772},
     "source-locator": " [1:1-1:1]"
    },
    "parent": {
     "loadtime": { "start": 16935494965, "end": 16935495168},
     "num-tuples": 839,
     "reads": 0,
     "source-locator": "/root/compiler/tests/corpus/BENCHMARK_FAMILY/same_generation_negation.dl [20:7-20:13]"
    },
    "person": {
     "loadtime": { "start": 16935495175, "end": 16935495274},
     "num-tuples": 840,
     "reads": 1,
     "source-locator": "/root/compiler/tests/corpus/BENCHMARK_FAMILY/same_generation_negation.dl [23:7-23:13]"
    },
    "q_notsg": {
     "maxRSS": {
      "post": 28384,
      "pre": 28384
     },
     "non-recursive-rule": {
      "q_notsg(y) :- \n   notsg.{bf}(@abdul0,y),\n   @abdul0 = 0.": {
       "atom-frequency": {
        "q_notsg(y) :- \n   notsg.{bf}(@abdul0,y),\n   @abdul0 = 0.": {
         "notsg.{bf}": {
          "level": 0,
          "num-tuples": 0
         }
        }
       },
       "maxRSS": {
        "post": 28384,
        "pre": 28384
       },
       "num-tuples": 839,
       "runtime": { "start": 16935719717, "end": 16935719757},
       "source-locator": " [1:1-1:1]"
      }
     },
     "num-tuples": 839,
     "reads": 0,
     "runtime": { "start": 16935719695, "end": 16935719768},
     "savetime": { "start": 16935719774, "end": 16935719923},
     "source-locator": "/root/compiler/tests/corpus/BENCHMARK_FAMILY/same_generation_negation.dl [33:7-33:14]"
    }
   },
   "runtime": { "start": 16935494938, "end": 16935719930},
   "starttime": { "time": 16935494908},
   "usage": {
    "timepoint": {
     "16935494990": {
      "maxRSS": 11864,
      "systemtime": 0,
      "usertime": 4411
     },
     "16935495224": {
      "maxRSS": 12128,
      "systemtime": 0,
      "usertime": 4669
     },
     "16935495374": {
      "maxRSS": 12128,
      "systemtime": 0,
      "usertime": 4875
     },
     "16935496513": {
      "maxRSS": 12128,
      "systemtime": 0,
      "usertime": 5557
     },
     "16935497657": {
      "maxRSS": 12128,
      "systemtime": 0,
      "usertime": 5577
     },
     "16935498771": {
      "maxRSS": 12128,
      "systemtime": 0,
      "usertime": 5592
     },
     "16935499901": {
      "maxRSS": 12128,
      "systemtime": 0,
      "usertime": 5614
     },
     "16935501049": {
      "maxRSS": 12128,
      "systemtime": 0,
      "usertime": 9614
     },
     "16935502133": {
      "maxRSS": 12128,
      "systemtime": 0,
      "usertime": 9631
     },
     "16935503270": {
      "maxRSS": 12128,
      "systemtime": 0,
      "usertime": 9660
     },
     "16935504354": {
      "maxRSS": 12128,
      "systemtime": 0,
      "usertime": 13683
     },
     "16935505553": {
      "maxRSS": 12128,
      "systemtime": 0,
      "usertime": 13697
     },
     "16935506725": {
      "maxRSS": 12128,
      "systemtime": 0,
      "usertime": 13714
     },
     "16935507921": {
      "maxRSS": 12128,
      "systemtime": 0,
      "usertime": 13749
     },
     "16935509046": {
      "maxRSS": 12128,
      "systemtime": 0,
      "usertime": 17781
     },
     "16935510170": {
      "maxRSS": 12128,
      "systemtime": 0,
      "usertime": 17820
     },
     "16935511309": {
      "maxRSS": 12128,
      "systemtime": 0,
      "usertime": 17864
     },
     "16935512404": {
      "maxRSS": 12128,
      "systemtime": 0,
      "usertime": 21942
     },
     "16935513508": {
      "maxRSS": 12128,
      "systemtime": 0,
      "usertime": 21962
     },
     "16935514601": {
      "maxRSS": 12128,
      "systemtime": 0,
      "usertime": 21982
     },
     "16935515737": {
      "maxRSS": 12128,
      "systemtime": 0,
      "usertime": 22024
     },
     "16935516907": {
      "maxRSS": 12128,
      "systemtime": 0,
      "usertime": 26015
     },
     "16935518130": {
      "maxRSS": 12128,
      "systemtime": 0,
      "usertime": 26047
     },
     "16935518897": {
      "maxRSS": 12128,
      "systemtime": 0,
      "usertime": 28948
     },
     "16935519143": {
      "maxRSS": 12256,
      "systemtime": 0,
      "usertime": 29211
     },
     "16935520230": {
      "maxRSS": 12256,
      "systemtime": 0,
      "usertime": 30105
     },
     "16935521340": {
      "maxRSS": 12256,
      "systemtime": 0,
      "usertime": 30125
     },
     "16935522467": {
      "maxRSS": 12256,
      "systemtime": 0,
      "usertime": 30139
     },
     "16935523550": {
      "maxRSS": 12256,
      "systemtime": 0,
      "usertime": 30153
     },
     "16935524653": {
      "maxRSS": 12256,
      "systemtime": 0,
      "usertime": 34178
     },
     "16935526042": {
      "maxRSS": 12256,
      "systemtime": 0,
      "usertime": 34207
     },
     "16935527237": {
      "maxRSS": 12256,
      "systemtime": 0,
      "usertime": 34228
     },
     "16935528369": {
      "maxRSS": 12256,
      "systemtime": 0,
      "usertime": 38312
     },
     "16935529551": {
      "maxRSS": 12256,
      "systemtime": 0,
      "usertime": 38329
     },
     "16935530638": {
      "maxRSS": 12256,
      "systemtime": 0,
      "usertime": 38345
     },
     "16935531759": {
      "maxRSS": 12256,
      "systemtime": 0,
      "usertime": 38369
     },
     "16935532835": {
      "maxRSS": 12256,
      "systemtime": 0,
      "usertime": 42324
     },
     "16935533954": {
      "maxRSS": 12256,
      "systemtime": 0,
      "usertime": 42339
     },
     "16935535072": {
      "maxRSS": 12384,
      "systemtime": 0,
      "usertime": 42356
     },
     "16935536152": {
      "maxRSS": 12384,
      "systemtime": 0,
      "usertime": 46371
     },
     "16935537326": {
      "maxRSS": 12384,
      "systemtime": 0,
      "usertime": 46388
     },
     "16935538579": {
      "maxRSS": 12384,
      "systemtime": 0,
      "usertime": 46422
     },
     "16935539664": {
      "maxRSS": 12384,
      "systemtime": 0,
      "usertime": 46439
     },
     "16935540871": {
      "maxRSS": 12384,
      "systemtime": 0,
      "usertime": 50460
     },
     "16935541975": {
      "maxRSS": 12384,
      "systemtime": 0,
      "usertime": 50472
     },
     "16935542770": {
      "maxRSS": 12384,
      "systemtime": 0,
      "usertime": 53229
     },
     "16935543539": {
      "maxRSS": 12640,
      "systemtime": 0,
      "usertime": 54009
     },
     "16935544646": {
      "maxRSS": 12640,
      "systemtime": 0,
      "usertime": 54517
     },
     "16935545745": {
      "maxRSS": 12640,
      "systemtime": 0,
      "usertime": 54524
     },
     "16935546843": {
      "maxRSS": 12640,
      "systemtime": 0,
      "usertime": 54531
     },
     "16935547938": {
      "maxRSS": 12640,
      "systemtime": 0,
      "usertime": 54540
     },
     "16935549047": {
      "maxRSS": 12640,
      "systemtime": 0,
      "usertime": 58551
     },
     "16935550112": {
      "maxRSS": 12768,
      "systemtime": 0,
      "usertime": 58558
     },
     "16935551178": {
      "maxRSS": 12768,
      "systemtime": 0,
      "usertime": 58565
     },
     "16935552248": {
      "maxRSS": 12768,
      "systemtime": 0,
      "usertime": 62573
     },
     "16935553346": {
      "maxRSS": 12896,
      "systemtime": 0,
      "usertime": 62580
     },
     "16935554444": {
      "maxRSS": 12896,
      "systemtime": 0,
      "usertime": 62591
     },
     "16935555544": {
      "maxRSS": 12896,
      "systemtime": 0,
      "usertime": 62604
     },
     "16935556644": {
      "maxRSS": 12896,
      "systemtime": 0,
      "usertime": 66618
     },
     "16935557931": {
      "maxRSS": 13024,
      "systemtime": 0,
      "usertime": 66638
     },
     "16935559103": {
      "maxRSS": 13024,
      "systemtime": 0,
      "usertime": 66657
     },
     "16935560167": {
      "maxRSS": 13024,
      "systemtime": 0,
      "usertime": 70673
     },
     "16935561328": {
      "maxRSS": 13152,
      "systemtime": 0,
      "usertime": 70692
     },
     "16935562505": {
      "maxRSS": 13152,
      "systemtime": 0,
      "usertime": 70715
     },
     "16935563671": {
      "maxRSS": 13152,
      "systemtime": 0,
      "usertime": 70732
     },
     "16935564840": {
      "maxRSS": 13152,
      "systemtime": 0,
      "usertime": 74748
     },
     "16935566015": {
      "maxRSS": 13280,
      "systemtime": 0,
      "usertime": 74765
     },
     "16935567178": {
      "maxRSS": 13280,
      "systemtime": 0,
      "usertime": 74782
     },
     "16935568307": {
      "maxRSS": 13280,
      "systemtime": 0,
      "usertime": 78801
     },
     "16935569466": {
      "maxRSS": 13408,
      "systemtime": 0,
      "usertime": 80244
     },
     "16935570636": {
      "maxRSS": 13792,
      "systemtime": 0,
      "usertime": 80267
     },
     "16935571720": {
      "maxRSS": 14176,
      "systemtime": 0,
      "usertime": 80283
     },
     "16935572486": {
      "maxRSS": 14304,
      "systemtime": 0,
      "usertime": 83301
     },
     "16935573589": {
      "maxRSS": 14304,
      "systemtime": 0,
      "usertime": 83319
     },
     "16935574692": {
      "maxRSS": 14304,
      "systemtime": 0,
      "usertime": 83331
     },
     "16935575772": {
      "maxRSS": 14304,
      "systemtime": 0,
      "usertime": 83351
     },
     "16935576860": {
      "maxRSS": 14304,
      "systemtime": 0,
      "usertime": 86957
     },
     "16935577948": {
      "maxRSS": 14304,
      "systemtime": 0,
      "usertime": 86973
     },
     "16935579087": {
      "maxRSS": 14432,
      "systemtime": 0,
      "usertime": 86990
     },
     "16935580175": {
      "maxRSS": 14432,
      "systemtime": 0,
      "usertime": 91020
     },
     "16935581260": {
      "maxRSS": 14560,
      "systemtime": 0,
      "usertime": 91038
     },
     "16935582349": {
      "maxRSS": 14560,
      "systemtime": 0,
      "usertime": 91057
     },
     "16935583441": {
      "maxRSS": 14688,
      "systemtime": 0,
      "usertime": 91080
     },
     "16935584544": {
      "maxRSS": 14688,
      "systemtime": 0,
      "usertime": 95080
     },
     "16935585645": {
      "maxRSS": 14816,
      "systemtime": 0,
      "usertime": 95090
     },
     "16935586709": {
      "maxRSS": 14816,
      "systemtime": 0,
      "usertime": 95097
     },
     "16935587793": {
      "maxRSS": 14944,
      "systemtime": 0,
      "usertime": 95112
     },
     "16935588888": {
      "maxRSS": 15072,
      "systemtime": 0,
      "usertime": 99124
     },
     "16935590024": {
      "maxRSS": 15072,
      "systemtime": 0,
      "usertime": 99143
     },
     "16935591145": {
      "maxRSS": 15200,
      "systemtime": 0,
      "usertime": 99157
     },
     "16935592214": {
      "maxRSS": 15328,
      "systemtime": 0,
      "usertime": 103166
     },
     "16935593321": {
      "maxRSS": 15328,
      "systemtime": 0,
      "usertime": 103178
     },
     "16935594423": {
      "maxRSS": 15456,
      "systemtime": 0,
      "usertime": 103188
     },
     "16935595500": {
      "maxRSS": 15584,
      "systemtime": 0,
      "usertime": 103201
     },
     "16935596572": {
      "maxRSS": 15712,
      "systemtime": 0,
      "usertime": 107214
     },
     "16935597675": {
      "maxRSS": 15712,
      "systemtime": 0,
      "usertime": 107228
     },
     "16935598773": {
      "maxRSS": 15840,
      "systemtime": 0,
      "usertime": 107235
     },
     "16935599876": {
      "maxRSS": 15968,
      "systemtime": 0,
      "usertime": 107245
     },
     "16935600975": {
      "maxRSS": 15968,
      "systemtime": 0,
      "usertime": 111254
     },
     "16935602079": {
      "maxRSS": 16096,
      "systemtime": 0,
      "usertime": 111260
     },
     "16935603179": {
      "maxRSS": 16096,
      "systemtime": 0,
      "usertime": 111270
     },
     "16935604256": {
      "maxRSS": 16224,
      "systemtime": 0,
      "usertime": 115285
     },
     "16935605403": {
      "maxRSS": 16224,
      "systemtime": 0,
      "usertime": 116682
     },
     "16935605603": {
      "maxRSS": 16224,
      "systemtime": 0,
      "usertime": 116880
     },
     "16935606836": {
      "maxRSS": 16736,
      "systemtime": 0,
      "usertime": 116897
     },
     "16935607938": {
      "maxRSS": 16992,
      "systemtime": 0,
      "usertime": 116913
     },
     "16935609082": {
      "maxRSS": 17376,
      "systemtime": 0,
      "usertime": 119372
     },
     "16935610260": {
      "maxRSS": 17760,
      "systemtime": 0,
      "usertime": 119393
     },
     "16935611433": {
      "maxRSS": 18144,
      "systemtime": 0,
      "usertime": 119410
     },
     "16935612612": {
      "maxRSS": 18528,
      "systemtime": 0,
      "usertime": 123426
     },
     "16935613293": {
      "maxRSS": 18656,
      "systemtime": 0,
      "usertime": 124637
     },
     "16935614465": {
      "maxRSS": 18656,
      "systemtime": 0,
      "usertime": 124653
     },
     "16935615655": {
      "maxRSS": 18656,
      "systemtime": 0,
      "usertime": 124669
     },
     "16935616839": {
      "maxRSS": 18656,
      "systemtime": 0,
      "usertime": 127496
     },
     "16935618040": {
      "maxRSS": 18656,
      "systemtime": 0,
      "usertime": 127513
     },
     "16935619371": {
      "maxRSS": 18656,
      "systemtime": 0,
      "usertime": 127536
     },
     "16935620474": {
      "maxRSS": 18656,
      "systemtime": 0,
      "usertime": 131562
     },
     "16935621570": {
      "maxRSS": 18656,
      "systemtime": 0,
      "usertime": 131580
     },
     "16935622743": {
      "maxRSS": 18656,
      "systemtime": 0,
      "usertime": 131597
     },
     "16935623918": {
      "maxRSS": 18656,
      "systemtime": 0,
      "usertime": 131614
     },
     "16935625034": {
      "maxRSS": 18656,
      "systemtime": 0,
      "usertime": 135635
     },
     "16935626123": {
      "maxRSS": 18656,
      "systemtime": 0,
      "usertime": 135652
     },
     "16935627247": {
      "maxRSS": 18656,
      "systemtime": 0,
      "usertime": 135674
     },
     "16935628383": {
      "maxRSS": 18656,
      "systemtime": 0,
      "usertime": 139692
     },
     "16935629556": {
      "maxRSS": 18784,
      "systemtime": 0,
      "usertime": 139708
     },
     "16935630726": {
      "maxRSS": 18912,
      "systemtime": 0,
      "usertime": 139725
     },
     "16935631903": {
      "maxRSS": 19040,
      "systemtime": 0,
      "usertime": 139746
     },
     "16935633080": {
      "maxRSS": 19296,
      "systemtime": 0,
      "usertime": 143763
     },
     "16935634256": {
      "maxRSS": 19424,
      "systemtime": 0,
      "usertime": 143779
     },
     "16935635406": {
      "maxRSS": 19552,
      "systemtime": 0,
      "usertime": 143804
     },
     "16935636602": {
      "maxRSS": 19680,
      "systemtime": 0,
      "usertime": 147838
     },
     "16935637695": {
      "maxRSS": 19808,
      "systemtime": 0,
      "usertime": 147856
     },
     "16935638915": {
      "maxRSS": 19936,
      "systemtime": 0,
      "usertime": 147880
     },
     "16935640111": {
      "maxRSS": 20064,
      "systemtime": 0,
      "usertime": 151896
     },
     "16935641276": {
      "maxRSS": 20192,
      "systemtime": 0,
      "usertime": 151913
     },
     "16935642414": {
      "maxRSS": 20320,
      "systemtime": 0,
      "usertime": 151931
     },
     "16935643624": {
      "maxRSS": 20448,
      "systemtime": 0,
      "usertime": 151958
     },
     "16935644723": {
      "maxRSS": 20576,
      "systemtime": 0,
      "usertime": 155969
     },
     "16935645827": {
      "maxRSS": 20704,
      "systemtime": 0,
      "usertime": 155981
     },
     "16935646927": {
      "maxRSS": 20832,
      "systemtime": 0,
      "usertime": 155988
     },
     "16935648022": {
      "maxRSS": 20960,
      "systemtime": 0,
      "usertime": 159995
     },
     "16935649118": {
      "maxRSS": 21088,
      "systemtime": 0,
      "usertime": 160002
     },
     "16935650297": {
      "maxRSS": 21216,
      "systemtime": 0,
      "usertime": 160016
     },
     "16935651434": {
      "maxRSS": 21344,
      "systemtime": 0,
      "usertime": 160059
     },
     "16935652610": {
      "maxRSS": 21472,
      "systemtime": 0,
      "usertime": 164157
     },
     "16935653801": {
      "maxRSS": 21600,
      "systemtime": 0,
      "usertime": 164180
     },
     "16935654967": {
      "maxRSS": 21728,
      "systemtime": 0,
      "usertime": 164198
     },
     "16935656133": {
      "maxRSS": 21984,
      "systemtime": 0,
      "usertime": 168140
     },
     "16935657304": {
      "maxRSS": 22112,
      "systemtime": 0,
      "usertime": 168156
     },
     "16935658473": {
      "maxRSS": 22240,
      "systemtime": 0,
      "usertime": 168173
     },
     "16935659689": {
      "maxRSS": 22368,
      "systemtime": 0,
      "usertime": 168191
     },
     "16935660763": {
      "maxRSS": 22624,
      "systemtime": 0,
      "usertime": 172208
     },
     "16935661826": {
      "maxRSS": 22752,
      "systemtime": 0,
      "usertime": 172215
     },
     "16935662906": {
      "maxRSS": 22880,
      "systemtime": 0,
      "usertime": 172231
     },
     "16935663483": {
      "maxRSS": 22880,
      "systemtime": 0,
      "usertime": 175722
     },
     "16935663563": {
      "maxRSS": 22880,
      "systemtime": 0,
      "usertime": 175815
     },
     "16935664660": {
      "maxRSS": 23264,
      "systemtime": 0,
      "usertime": 176281
     },
     "16935665726": {
      "maxRSS": 23520,
      "systemtime": 0,
      "usertime": 176290
     },
     "16935666789": {
      "maxRSS": 23904,
      "systemtime": 0,
      "usertime": 176297
     },
     "16935667861": {
      "maxRSS": 24160,
      "systemtime": 0,
      "usertime": 176306
     },
     "16935668973": {
      "maxRSS": 24544,
      "systemtime": 0,
      "usertime": 180377
     },
     "16935670043": {
      "maxRSS": 24800,
      "systemtime": 0,
      "usertime": 180387
     },
     "16935671141": {
      "maxRSS": 25184,
      "systemtime": 0,
      "usertime": 180396
     },
     "16935672290": {
      "maxRSS": 25568,
      "systemtime": 0,
      "usertime": 184348
     },
     "16935673389": {
      "maxRSS": 25824,
      "systemtime": 0,
      "usertime": 184358
     },
     "16935674472": {
      "maxRSS": 26208,
      "systemtime": 0,
      "usertime": 184372
     },
     "16935675660": {
      "maxRSS": 26464,
      "systemtime": 0,
      "usertime": 184390
     },
     "16935676843": {
      "maxRSS": 26848,
      "systemtime": 0,
      "usertime": 188413
     },
     "16935677927": {
      "maxRSS": 27104,
      "systemtime": 0,
      "usertime": 188430
     },
     "16935679015": {
      "maxRSS": 27360,
      "systemtime": 0,
      "usertime": 188447
     },
     "16935680051": {
      "maxRSS": 27744,
      "systemtime": 0,
      "usertime": 192464
     },
     "16935681200": {
      "maxRSS": 28000,
      "systemtime": 0,
      "usertime": 192482
     },
     "16935682307": {
      "maxRSS": 28256,
      "systemtime": 0,
      "usertime": 194793
     },
     "16935682464": {
      "maxRSS": 28256,
      "systemtime": 0,
      "usertime": 194959
     },
     "16935683713": {
      "maxRSS": 28256,
      "systemtime": 0,
      "usertime": 194974
     },
     "16935684827": {
      "maxRSS": 28256,
      "systemtime": 0,
      "usertime": 196536
     },
     "16935685938": {
      "maxRSS": 28256,
      "systemtime": 0,
      "usertime": 196554
     },
     "16935687034": {
      "maxRSS": 28256,
      "systemtime": 0,
      "usertime": 196561
     },
     "16935688047": {
      "maxRSS": 28256,
      "systemtime": 0,
      "usertime": 200564
     },
     "16935689138": {
      "maxRSS": 28256,
      "systemtime": 0,
      "usertime": 200575
     },
     "16935690217": {
      "maxRSS": 28256,
      "systemtime": 0,
      "usertime": 200589
     },
     "16935691340": {
      "maxRSS": 28256,
      "systemtime": 0,
      "usertime": 200604
     },
     "16935692498": {
      "maxRSS": 28384,
      "systemtime": 0,
      "usertime": 204723
     },
     "16935693581": {
      "maxRSS": 28384,
      "systemtime": 0,
      "usertime": 204739
     },
     "16935694688": {
      "maxRSS": 28384,
      "systemtime": 0,
      "usertime": 204752
     },
     "16935695824": {
      "maxRSS": 28384,
      "systemtime": 0,
      "usertime": 204767
     },
     "16935696930": {
      "maxRSS": 28384,
      "systemtime": 0,
      "usertime": 208729
     },
     "16935698027": {
      "maxRSS": 28384,
      "systemtime": 0,
      "usertime": 208737
     },
     "16935699135": {
      "maxRSS": 28384,
      "systemtime": 0,
      "usertime": 208754
     },
     "16935700214": {
      "maxRSS": 28384,
      "systemtime": 0,
      "usertime": 212768
     },
     "16935701325": {
      "maxRSS": 28384,
      "systemtime": 0,
      "usertime": 212781
     },
     "16935702418": {
      "maxRSS": 28384,
      "systemtime": 0,
      "usertime": 212803
     },
     "16935703524": {
      "maxRSS": 28384,
      "systemtime": 0,
      "usertime": 212827
     },
     "16935704614": {
      "maxRSS": 28384,
      "systemtime": 0,
      "usertime": 216844
     },
     "16935705700": {
      "maxRSS": 28384,
      "systemtime": 0,
      "usertime": 216861
     },
     "16935706812": {
      "maxRSS": 28384,
      "systemtime": 0,
      "usertime": 216887
     },
     "16935707911": {
      "maxRSS": 28384,
      "systemtime": 0,
      "usertime": 216899
     },
     "16935709012": {
      "maxRSS": 28384,
      "systemtime": 0,
      "usertime": 220907
     },
     "16935710107": {
      "maxRSS": 28384,
      "systemtime": 0,
      "usertime": 220914
     },
     "16935711204": {
      "maxRSS": 28384,
      "systemtime": 0,
      "usertime": 220920
     },
     "16935712268": {
      "maxRSS": 28384,
      "systemtime": 0,
      "usertime": 224927
     },
     "16935713383": {
      "maxRSS": 28384,
      "systemtime": 0,
      "usertime": 224954
     },
     "16935714572": {
      "maxRSS": 28384,
      "systemtime": 0,
      "usertime": 224968
     },
     "16935715665": {
      "maxRSS": 28384,
      "systemtime": 0,
      "usertime": 224987
     },
     "16935716862": {
      "maxRSS": 28384,
      "systemtime": 0,
      "usertime": 229006
     },
     "16935717944": {
      "maxRSS": 28384,
      "systemtime": 0,
      "usertime": 229021
     },
     "16935718298": {
      "maxRSS": 28384,
      "systemtime": 0,
      "usertime": 231322
     },
     "16935718739": {
      "maxRSS": 28384,
      "systemtime": 0,
      "usertime": 231764
     },
     "16935719751": {
      "maxRSS": 28384,
      "systemtime": 0,
      "usertime": 232791
     },
     "16935719787": {
      "maxRSS": 28384,
      "systemtime": 0,
      "usertime": 232854
     }
    }
   }
  }
 }
}
