{
 "root": {
  "program": {
   "configuration": {
    "": "/root/souffle-src/tests/example/circuit_records/circuit_records.dl",
    "fact-dir": "/root/souffle-src/tests/example/circuit_records/facts",
    "include-dir": ".",
    "jobs": "1",
    "libraries": "functors",
    "library-dir": ".",
    "magic-transform": "*",
    "output-dir": "/root/compiler/measurements/night01-t4/runs/example__circuit_records",
    "profile": "prof.log",
    "relationCount": "7",
    "ruleCount": "32",
    "version": "2.5",
    "warn": "all",
    "wno": "none"
   },
   "relation": {
    "@neglabel.leg": {
     "maxRSS": {
      "post": 15140,
      "pre": 15140
     },
     "non-recursive-rule": {
      "@neglabel.leg(x,z) :- \n   @poscopy_1.less(x,y),\n   @poscopy_1.less(y,z).": {
       "atom-frequency": {
        "@neglabel.leg(x,z) :- \n   @poscopy_1.less(x,y),\n   @poscopy_1.less(y,z).": {
         "@poscopy_1.less": {
          "level": 0,
          "num-tuples": 0
         }
        }
       },
       "maxRSS": {
        "post": 15140,
        "pre": 15140
       },
       "num-tuples": 1,
       "runtime": { "start": 22625236543, "end": 22625236549},
       "source-locator": "/root/souffle-src/tests/example/circuit_records/circuit_records.dl [47:1-47:35]"
      }
     },
     "num-tuples": 1,
     "runtime": { "start": 22625236533, "end": 22625236557},
     "source-locator": "/root/souffle-src/tests/example/circuit_records/circuit_records.dl [46:7-46:10]"
    },
    "@neglabel.less": {
     "maxRSS": {
      "post": 15140,
      "pre": 15140
     },
     "non-recursive-rule": {
      "@neglabel.less(x,y) :- \n   in(x),\n   in(y),\n   ord(x) < ord(y).": {
       "atom-frequency": {
        "@neglabel.less(x,y) :- \n   in(x),\n   in(y),\n   ord(x) < ord(y).": {
         "in": {
          "level": 0,
          "num-tuples": 0
         }
        }
       },
       "maxRSS": {
        "post": 15140,
        "pre": 15140
       },
       "num-tuples": 3,
       "runtime": { "start": 22625236336, "end": 22625236344},
       "source-locator": "/root/souffle-src/tests/example/circuit_records/circuit_records.dl [44:1-44:45]"
      }
     },
     "num-tuples": 3,
     "runtime": { "start": 22625236327, "end": 22625236353},
     "source-locator": "/root/souffle-src/tests/example/circuit_records/circuit_records.dl [43:7-43:11]"
    },
    "@neglabel.sat_print": {
     "maxRSS": {
      "post": 15140,
      "pre": 15140
     },
     "non-recursive-rule": {
      "@neglabel.sat_print(var,val,conf) :- \n   @poscopy_1.satisfy(conf,_),\n   @poscopy_2.get_by_key(var,val,_,conf).": {
       "atom-frequency": {
        "@neglabel.sat_print(var,val,conf) :- \n   @poscopy_1.satisfy(conf,_),\n   @poscopy_2.get_by_key(var,val,_,conf).": {
         "@poscopy_1.satisfy": {
          "level": 0,
          "num-tuples": 0
         },
         "@poscopy_2.get_by_key": {
          "level": 1,
          "num-tuples": 0
         }
        }
       },
       "maxRSS": {
        "post": 15140,
        "pre": 15140
       },
       "num-tuples": 9,
       "runtime": { "start": 22625237516, "end": 22625237520},
       "source-locator": "/root/souffle-src/tests/example/circuit_records/circuit_records.dl [128:1-129:49]"
      }
     },
     "num-tuples": 9,
     "runtime": { "start": 22625237507, "end": 22625237529},
     "source-locator": "/root/souffle-src/tests/example/circuit_records/circuit_records.dl [127:7-127:16]"
    },
    "@poscopy_1.evaluate": {
     "iteration": {
      "0": {
       "copytime": { "start": 22625237175, "end": 22625237177},
       "maxRSS": {
        "post": 15140,
        "pre": 15140
       },
       "num-tuples": 8,
       "recursive-rule": {
        "@poscopy_1.evaluate(cs,[k,!(av)]) :- \n   circuit_not(k,a),\n   @poscopy_1.evaluate(cs,[a,av]).": {
         "0": {
          "atom-frequency": {
           "@new_@poscopy_1.evaluate(cs,[k,!(av)]) :- \n   circuit_not(k,a),\n   @delta_@poscopy_1.evaluate(cs,[a,av]).": {
            "@delta_@poscopy_1.evaluate": {
             "level": 1,
             "num-tuples": 0
            },
            "circuit_not": {
             "level": 0,
             "num-tuples": 0
            }
           }
          },
          "maxRSS": {
           "post": 15140,
           "pre": 15140
          },
          "num-tuples": 0,
          "runtime": { "start": 22625237134, "end": 22625237146},
          "source-locator": "/root/souffle-src/tests/example/circuit_records/circuit_records.dl [117:1-119:24]"
         }
        },
        "@poscopy_1.evaluate(cs,[k,(av&bv)]) :- \n   circuit_and(k,a,b),\n   @poscopy_1.evaluate(cs,[a,av]),\n   @poscopy_1.evaluate(cs,[b,bv]).": {
         "0": {
          "atom-frequency": {
           "@new_@poscopy_1.evaluate(cs,[k,(av&bv)]) :- \n   circuit_and(k,a,b),\n   @delta_@poscopy_1.evaluate(cs,[a,av]),\n   @poscopy_1.evaluate(cs,[b,bv]).": {
            "@delta_@poscopy_1.evaluate": {
             "level": 1,
             "num-tuples": 0
            },
            "@poscopy_1.evaluate": {
             "level": 3,
             "num-tuples": 0
            },
            "circuit_and": {
             "level": 0,
             "num-tuples": 0
            }
           }
          },
          "maxRSS": {
           "post": 15140,
           "pre": 15140
          },
          "num-tuples": 0,
          "runtime": { "start": 22625237071, "end": 22625237080},
          "source-locator": "/root/souffle-src/tests/example/circuit_records/circuit_records.dl [109:1-112:24]"
         },
         "1": {
          "atom-frequency": {
           "@new_@poscopy_1.evaluate(cs,[k,(av&bv)]) :- \n   circuit_and(k,a,b),\n   @poscopy_1.evaluate(cs,[a,av]),\n   @delta_@poscopy_1.evaluate(cs,[b,bv]).": {
            "@delta_@poscopy_1.evaluate": {
             "level": 3,
             "num-tuples": 0
            },
            "@poscopy_1.evaluate": {
             "level": 1,
             "num-tuples": 0
            },
            "circuit_and": {
             "level": 0,
             "num-tuples": 0
            }
           }
          },
          "maxRSS": {
           "post": 15140,
           "pre": 15140
          },
          "num-tuples": 8,
          "runtime": { "start": 22625237089, "end": 22625237096},
          "source-locator": "/root/souffle-src/tests/example/circuit_records/circuit_records.dl [109:1-112:24]"
         }
        },
        "@poscopy_1.evaluate(cs,[k,(av|bv)]) :- \n   circuit_or(k,a,b),\n   @poscopy_1.evaluate(cs,[a,av]),\n   @poscopy_1.evaluate(cs,[b,bv]).": {
         "0": {
          "atom-frequency": {
           "@new_@poscopy_1.evaluate(cs,[k,(av|bv)]) :- \n   circuit_or(k,a,b),\n   @delta_@poscopy_1.evaluate(cs,[a,av]),\n   @poscopy_1.evaluate(cs,[b,bv]).": {
            "@delta_@poscopy_1.evaluate": {
             "level": 1,
             "num-tuples": 0
            },
            "@poscopy_1.evaluate": {
             "level": 3,
             "num-tuples": 0
            },
            "circuit_or": {
             "level": 0,
             "num-tuples": 0
            }
           }
          },
          "maxRSS": {
           "post": 15140,
           "pre": 15140
          },
          "num-tuples": 0,
          "runtime": { "start": 22625237102, "end": 22625237116},
          "source-locator": "/root/souffle-src/tests/example/circuit_records/circuit_records.dl [113:1-116:24]"
         },
         "1": {
          "atom-frequency": {
           "@new_@poscopy_1.evaluate(cs,[k,(av|bv)]) :- \n   circuit_or(k,a,b),\n   @poscopy_1.evaluate(cs,[a,av]),\n   @delta_@poscopy_1.evaluate(cs,[b,bv]).": {
            "@delta_@poscopy_1.evaluate": {
             "level": 3,
             "num-tuples": 0
            },
            "@poscopy_1.evaluate": {
             "level": 1,
             "num-tuples": 0
            },
            "circuit_or": {
             "level": 0,
             "num-tuples": 0
            }
           }
          },
          "maxRSS": {
           "post": 15140,
           "pre": 15140
          },
          "num-tuples": 0,
          "runtime": { "start": 22625237125, "end": 22625237129},
          "source-locator": "/root/souffle-src/tests/example/circuit_records/circuit_records.dl [113:1-116:24]"
         }
        }
       },
       "runtime": { "start": 22625237061, "end": 22625237154}
      },
      "1": {
       "copytime": { "start": 22625237287, "end": 22625237289},
       "maxRSS": {
        "post": 15140,
        "pre": 15140
       },
       "num-tuples": 8,
       "recursive-rule": {
        "@poscopy_1.evaluate(cs,[k,!(av)]) :- \n   circuit_not(k,a),\n   @poscopy_1.evaluate(cs,[a,av]).": {
         "0": {
          "maxRSS": {
           "post": 15140,
           "pre": 15140
          },
          "num-tuples": 0,
          "runtime": { "start": 22625237248, "end": 22625237259},
          "source-locator": "/root/souffle-src/tests/example/circuit_records/circuit_records.dl [117:1-119:24]"
         }
        },
        "@poscopy_1.evaluate(cs,[k,(av&bv)]) :- \n   circuit_and(k,a,b),\n   @poscopy_1.evaluate(cs,[a,av]),\n   @poscopy_1.evaluate(cs,[b,bv]).": {
         "0": {
          "maxRSS": {
           "post": 15140,
           "pre": 15140
          },
          "num-tuples": 0,
          "runtime": { "start": 22625237182, "end": 22625237184},
          "source-locator": "/root/souffle-src/tests/example/circuit_records/circuit_records.dl [109:1-112:24]"
         },
         "1": {
          "maxRSS": {
           "post": 15140,
           "pre": 15140
          },
          "num-tuples": 0,
          "runtime": { "start": 22625237190, "end": 22625237204},
          "source-locator": "/root/souffle-src/tests/example/circuit_records/circuit_records.dl [109:1-112:24]"
         }
        },
        "@poscopy_1.evaluate(cs,[k,(av|bv)]) :- \n   circuit_or(k,a,b),\n   @poscopy_1.evaluate(cs,[a,av]),\n   @poscopy_1.evaluate(cs,[b,bv]).": {
         "0": {
          "maxRSS": {
           "post": 15140,
           "pre": 15140
          },
          "num-tuples": 0,
          "runtime": { "start": 22625237212, "end": 22625237223},
          "source-locator": "/root/souffle-src/tests/example/circuit_records/circuit_records.dl [113:1-116:24]"
         },
         "1": {
          "maxRSS": {
           "post": 15140,
           "pre": 15140
          },
          "num-tuples": 8,
          "runtime": { "start": 22625237232, "end": 22625237243},
          "source-locator": "/root/souffle-src/tests/example/circuit_records/circuit_records.dl [113:1-116:24]"
         }
        }
       },
       "runtime": { "start": 22625237181, "end": 22625237267}
      },
      "2": {
       "copytime": { "start": 22625237407, "end": 22625237409},
       "maxRSS": {
        "post": 15140,
        "pre": 15140
       },
       "num-tuples": 8,
       "recursive-rule": {
        "@poscopy_1.evaluate(cs,[k,!(av)]) :- \n   circuit_not(k,a),\n   @poscopy_1.evaluate(cs,[a,av]).": {
         "0": {
          "maxRSS": {
           "post": 15140,
           "pre": 15140
          },
          "num-tuples": 8,
          "runtime": { "start": 22625237378, "end": 22625237391},
          "source-locator": "/root/souffle-src/tests/example/circuit_records/circuit_records.dl [117:1-119:24]"
         }
        },
        "@poscopy_1.evaluate(cs,[k,(av&bv)]) :- \n   circuit_and(k,a,b),\n   @poscopy_1.evaluate(cs,[a,av]),\n   @poscopy_1.evaluate(cs,[b,bv]).": {
         "0": {
          "maxRSS": {
           "post": 15140,
           "pre": 15140
          },
          "num-tuples": 0,
          "runtime": { "start": 22625237293, "end": 22625237295},
          "source-locator": "/root/souffle-src/tests/example/circuit_records/circuit_records.dl [109:1-112:24]"
         },
         "1": {
          "maxRSS": {
           "post": 15140,
           "pre": 15140
          },
          "num-tuples": 0,
          "runtime": { "start": 22625237302, "end": 22625237340},
          "source-locator": "/root/souffle-src/tests/example/circuit_records/circuit_records.dl [109:1-112:24]"
         }
        },
        "@poscopy_1.evaluate(cs,[k,(av|bv)]) :- \n   circuit_or(k,a,b),\n   @poscopy_1.evaluate(cs,[a,av]),\n   @poscopy_1.evaluate(cs,[b,bv]).": {
         "0": {
          "maxRSS": {
           "post": 15140,
           "pre": 15140
          },
          "num-tuples": 0,
          "runtime": { "start": 22625237349, "end": 22625237359},
          "source-locator": "/root/souffle-src/tests/example/circuit_records/circuit_records.dl [113:1-116:24]"
         },
         "1": {
          "maxRSS": {
           "post": 15140,
           "pre": 15140
          },
          "num-tuples": 0,
          "runtime": { "start": 22625237368, "end": 22625237373},
          "source-locator": "/root/souffle-src/tests/example/circuit_records/circuit_records.dl [113:1-116:24]"
         }
        }
       },
       "runtime": { "start": 22625237292, "end": 22625237399}
      },
      "3": {
       "maxRSS": {
        "post": 15140,
        "pre": 15140
       },
       "num-tuples": 0,
       "recursive-rule": {
        "@poscopy_1.evaluate(cs,[k,!(av)]) :- \n   circuit_not(k,a),\n   @poscopy_1.evaluate(cs,[a,av]).": {
         "0": {
          "maxRSS": {
           "post": 15140,
           "pre": 15140
          },
          "num-tuples": 0,
          "runtime": { "start": 22625237461, "end": 22625237462},
          "source-locator": "/root/souffle-src/tests/example/circuit_records/circuit_records.dl [117:1-119:24]"
         }
        },
        "@poscopy_1.evaluate(cs,[k,(av&bv)]) :- \n   circuit_and(k,a,b),\n   @poscopy_1.evaluate(cs,[a,av]),\n   @poscopy_1.evaluate(cs,[b,bv]).": {
         "0": {
          "maxRSS": {
           "post": 15140,
           "pre": 15140
          },
          "num-tuples": 0,
          "runtime": { "start": 22625237412, "end": 22625237414},
          "source-locator": "/root/souffle-src/tests/example/circuit_records/circuit_records.dl [109:1-112:24]"
         },
         "1": {
          "maxRSS": {
           "post": 15140,
           "pre": 15140
          },
          "num-tuples": 0,
          "runtime": { "start": 22625237420, "end": 22625237425},
          "source-locator": "/root/souffle-src/tests/example/circuit_records/circuit_records.dl [109:1-112:24]"
         }
        },
        "@poscopy_1.evaluate(cs,[k,(av|bv)]) :- \n   circuit_or(k,a,b),\n   @poscopy_1.evaluate(cs,[a,av]),\n   @poscopy_1.evaluate(cs,[b,bv]).": {
         "0": {
          "maxRSS": {
           "post": 15140,
           "pre": 15140
          },
          "num-tuples": 0,
          "runtime": { "start": 22625237434, "end": 22625237435},
          "source-locator": "/root/souffle-src/tests/example/circuit_records/circuit_records.dl [113:1-116:24]"
         },
         "1": {
          "maxRSS": {
           "post": 15140,
           "pre": 15140
          },
          "num-tuples": 0,
          "runtime": { "start": 22625237439, "end": 22625237453},
          "source-locator": "/root/souffle-src/tests/example/circuit_records/circuit_records.dl [113:1-116:24]"
         }
        }
       },
       "runtime": { "start": 22625237412, "end": 22625237469}
      }
     },
     "maxRSS": {
      "post": 15140,
      "pre": 15140
     },
     "non-recursive-rule": {
      "@poscopy_1.evaluate(cs,[k,v]) :- \n   @poscopy_2.get_by_key(k,v,_,cs).": {
       "atom-frequency": {
        "@poscopy_1.evaluate(cs,[k,v]) :- \n   @poscopy_2.get_by_key(k,v,_,cs).": {
         "@poscopy_2.get_by_key": {
          "level": 0,
          "num-tuples": 0
         }
        }
       },
       "maxRSS": {
        "post": 15140,
        "pre": 15140
       },
       "num-tuples": 24,
       "runtime": { "start": 22625237042, "end": 22625237048},
       "source-locator": "/root/souffle-src/tests/example/circuit_records/circuit_records.dl [107:1-108:25]"
      }
     },
     "num-tuples": 24,
     "runtime": { "start": 22625237042, "end": 22625237054},
     "source-locator": "/root/souffle-src/tests/example/circuit_records/circuit_records.dl [106:7-106:15]"
    },
    "@poscopy_1.less": {
     "maxRSS": {
      "post": 15140,
      "pre": 15140
     },
     "non-recursive-rule": {
      "@poscopy_1.less(x,y) :- \n   in(x),\n   in(y),\n   ord(x) < ord(y).": {
       "atom-frequency": {
        "@poscopy_1.less(x,y) :- \n   in(x),\n   in(y),\n   ord(x) < ord(y).": {
         "in": {
          "level": 0,
          "num-tuples": 0
         }
        }
       },
       "maxRSS": {
        "post": 15140,
        "pre": 15140
       },
       "num-tuples": 3,
       "runtime": { "start": 22625236367, "end": 22625236369},
       "source-locator": "/root/souffle-src/tests/example/circuit_records/circuit_records.dl [44:1-44:45]"
      }
     },
     "num-tuples": 3,
     "runtime": { "start": 22625236358, "end": 22625236377},
     "source-locator": "/root/souffle-src/tests/example/circuit_records/circuit_records.dl [43:7-43:11]"
    },
    "@poscopy_1.required_out": {
     "maxRSS": {
      "post": 15140,
      "pre": 15140
     },
     "non-recursive-rule": {
      "@poscopy_1.required_out([w,v]) :- \n   required_out_fi(w,v).": {
       "atom-frequency": {
        "@poscopy_1.required_out([w,v]) :- \n   required_out_fi(w,v).": {
         "required_out_fi": {
          "level": 0,
          "num-tuples": 0
         }
        }
       },
       "maxRSS": {
        "post": 15140,
        "pre": 15140
       },
       "num-tuples": 1,
       "runtime": { "start": 22625236476, "end": 22625236481},
       "source-locator": "/root/souffle-src/tests/example/circuit_records/circuit_records.dl [93:1-93:47]"
      }
     },
     "num-tuples": 1,
     "runtime": { "start": 22625236381, "end": 22625236499},
     "source-locator": "/root/souffle-src/tests/example/circuit_records/circuit_records.dl [92:7-92:19]"
    },
    "@poscopy_1.satisfy": {
     "maxRSS": {
      "post": 15140,
      "pre": 15140
     },
     "non-recursive-rule": {
      "@poscopy_1.satisfy(conf,[var,val]) :- \n   @poscopy_1.required_out([var,val]),\n   @poscopy_1.evaluate(conf,[var,val]).": {
       "atom-frequency": {
        "@poscopy_1.satisfy(conf,[var,val]) :- \n   @poscopy_1.required_out([var,val]),\n   @poscopy_1.evaluate(conf,[var,val]).": {
         "@poscopy_1.evaluate": {
          "level": 2,
          "num-tuples": 0
         },
         "@poscopy_1.required_out": {
          "level": 0,
          "num-tuples": 0
         }
        }
       },
       "maxRSS": {
        "post": 15140,
        "pre": 15140
       },
       "num-tuples": 3,
       "runtime": { "start": 22625237490, "end": 22625237495},
       "source-locator": "/root/souffle-src/tests/example/circuit_records/circuit_records.dl [122:1-124:29]"
      }
     },
     "num-tuples": 3,
     "runtime": { "start": 22625237490, "end": 22625237502},
     "source-locator": "/root/souffle-src/tests/example/circuit_records/circuit_records.dl [121:7-121:14]"
    },
    "@poscopy_2.get_by_key": {
     "iteration": {
      "0": {
       "copytime": { "start": 22625236928, "end": 22625236930},
       "maxRSS": {
        "post": 15140,
        "pre": 15140
       },
       "num-tuples": 8,
       "recursive-rule": {
        "@poscopy_2.get_by_key(k,v,tail,conf) :- \n   in(k),\n   bin(v),\n   @poscopy_2.get_by_key(_,_,[[k,v],tail],conf).": {
         "0": {
          "atom-frequency": {
           "@new_@poscopy_2.get_by_key(k,v,tail,conf) :- \n   in(k),\n   bin(v),\n   @delta_@poscopy_2.get_by_key(_,_,[[k,v],tail],conf).": {
            "@delta_@poscopy_2.get_by_key": {
             "level": 2,
             "num-tuples": 0
            },
            "bin": {
             "level": 1,
             "num-tuples": 0
            },
            "in": {
             "level": 0,
             "num-tuples": 0
            }
           }
          },
          "maxRSS": {
           "post": 15140,
           "pre": 15140
          },
          "num-tuples": 8,
          "runtime": { "start": 22625236878, "end": 22625236899},
          "source-locator": "/root/souffle-src/tests/example/circuit_records/circuit_records.dl [89:1-90:56]"
         }
        }
       },
       "runtime": { "start": 22625236843, "end": 22625236908}
      },
      "1": {
       "copytime": { "start": 22625236999, "end": 22625237014},
       "maxRSS": {
        "post": 15140,
        "pre": 15140
       },
       "num-tuples": 8,
       "recursive-rule": {
        "@poscopy_2.get_by_key(k,v,tail,conf) :- \n   in(k),\n   bin(v),\n   @poscopy_2.get_by_key(_,_,[[k,v],tail],conf).": {
         "0": {
          "maxRSS": {
           "post": 15140,
           "pre": 15140
          },
          "num-tuples": 8,
          "runtime": { "start": 22625236935, "end": 22625236945},
          "source-locator": "/root/souffle-src/tests/example/circuit_records/circuit_records.dl [89:1-90:56]"
         }
        }
       },
       "runtime": { "start": 22625236934, "end": 22625236952}
      },
      "2": {
       "maxRSS": {
        "post": 15140,
        "pre": 15140
       },
       "num-tuples": 0,
       "recursive-rule": {
        "@poscopy_2.get_by_key(k,v,tail,conf) :- \n   in(k),\n   bin(v),\n   @poscopy_2.get_by_key(_,_,[[k,v],tail],conf).": {
         "0": {
          "maxRSS": {
           "post": 15140,
           "pre": 15140
          },
          "num-tuples": 0,
          "runtime": { "start": 22625237021, "end": 22625237023},
          "source-locator": "/root/souffle-src/tests/example/circuit_records/circuit_records.dl [89:1-90:56]"
         }
        }
       },
       "runtime": { "start": 22625237021, "end": 22625237032}
      }
     },
     "maxRSS": {
      "post": 15140,
      "pre": 15140
     },
     "non-recursive-rule": {
      "@poscopy_2.get_by_key(k,v,tail,[[k,v],tail]) :- \n   in(k),\n   bin(v),\n   @poscopy_3.gen_wire_states([[k,v],tail]),\n   @poscopy_3.last(k).": {
       "atom-frequency": {
        "@poscopy_2.get_by_key(k,v,tail,[[k,v],tail]) :- \n   in(k),\n   bin(v),\n   @poscopy_3.gen_wire_states([[k,v],tail]),\n   @poscopy_3.last(k).": {
         "@poscopy_3.gen_wire_states": {
          "level": 3,
          "num-tuples": 0
         },
         "bin": {
          "level": 2,
          "num-tuples": 0
         },
         "in": {
          "level": 0,
          "num-tuples": 0
         }
        }
       },
       "maxRSS": {
        "post": 15140,
        "pre": 15140
       },
       "num-tuples": 8,
       "runtime": { "start": 22625236819, "end": 22625236830},
       "source-locator": "/root/souffle-src/tests/example/circuit_records/circuit_records.dl [87:1-88:70]"
      }
     },
     "num-tuples": 8,
     "runtime": { "start": 22625236816, "end": 22625236837},
     "source-locator": "/root/souffle-src/tests/example/circuit_records/circuit_records.dl [86:7-86:17]"
    },
    "@poscopy_3.gen_wire_states": {
     "iteration": {
      "0": {
       "copytime": { "start": 22625236735, "end": 22625236736},
       "maxRSS": {
        "post": 15140,
        "pre": 15140
       },
       "num-tuples": 4,
       "recursive-rule": {
        "@poscopy_3.gen_wire_states([[y,v],[[x,xv],tail]]) :- \n   @poscopy_3.gen_wire_states([[x,xv],tail]),\n   @poscopy_4.succ(x,y),\n   bin(v).": {
         "0": {
          "atom-frequency": {
           "@new_@poscopy_3.gen_wire_states([[y,v],[[x,xv],tail]]) :- \n   @delta_@poscopy_3.gen_wire_states([[x,xv],tail]),\n   @poscopy_4.succ(x,y),\n   bin(v).": {
            "@delta_@poscopy_3.gen_wire_states": {
             "level": 0,
             "num-tuples": 0
            },
            "@poscopy_4.succ": {
             "level": 3,
             "num-tuples": 0
            },
            "bin": {
             "level": 4,
             "num-tuples": 0
            }
           }
          },
          "maxRSS": {
           "post": 15140,
           "pre": 15140
          },
          "num-tuples": 4,
          "runtime": { "start": 22625236691, "end": 22625236702},
          "source-locator": "/root/souffle-src/tests/example/circuit_records/circuit_records.dl [72:1-76:23]"
         }
        }
       },
       "runtime": { "start": 22625236681, "end": 22625236713}
      },
      "1": {
       "copytime": { "start": 22625236794, "end": 22625236795},
       "maxRSS": {
        "post": 15140,
        "pre": 15140
       },
       "num-tuples": 8,
       "recursive-rule": {
        "@poscopy_3.gen_wire_states([[y,v],[[x,xv],tail]]) :- \n   @poscopy_3.gen_wire_states([[x,xv],tail]),\n   @poscopy_4.succ(x,y),\n   bin(v).": {
         "0": {
          "maxRSS": {
           "post": 15140,
           "pre": 15140
          },
          "num-tuples": 8,
          "runtime": { "start": 22625236741, "end": 22625236749},
          "source-locator": "/root/souffle-src/tests/example/circuit_records/circuit_records.dl [72:1-76:23]"
         }
        }
       },
       "runtime": { "start": 22625236741, "end": 22625236774}
      },
      "2": {
       "maxRSS": {
        "post": 15140,
        "pre": 15140
       },
       "num-tuples": 0,
       "recursive-rule": {
        "@poscopy_3.gen_wire_states([[y,v],[[x,xv],tail]]) :- \n   @poscopy_3.gen_wire_states([[x,xv],tail]),\n   @poscopy_4.succ(x,y),\n   bin(v).": {
         "0": {
          "maxRSS": {
           "post": 15140,
           "pre": 15140
          },
          "num-tuples": 0,
          "runtime": { "start": 22625236799, "end": 22625236801},
          "source-locator": "/root/souffle-src/tests/example/circuit_records/circuit_records.dl [72:1-76:23]"
         }
        }
       },
       "runtime": { "start": 22625236799, "end": 22625236808}
      }
     },
     "maxRSS": {
      "post": 15140,
      "pre": 15140
     },
     "non-recursive-rule": {
      "@poscopy_3.gen_wire_states([[x,v],nil]) :- \n   @poscopy_4.first(x),\n   bin(v).": {
       "atom-frequency": {
        "@poscopy_3.gen_wire_states([[x,v],nil]) :- \n   @poscopy_4.first(x),\n   bin(v).": {
         "@poscopy_4.first": {
          "level": 0,
          "num-tuples": 0
         },
         "bin": {
          "level": 1,
          "num-tuples": 0
         }
        }
       },
       "maxRSS": {
        "post": 15140,
        "pre": 15140
       },
       "num-tuples": 2,
       "runtime": { "start": 22625236661, "end": 22625236665},
       "source-locator": "/root/souffle-src/tests/example/circuit_records/circuit_records.dl [68:1-70:12]"
      }
     },
     "num-tuples": 2,
     "runtime": { "start": 22625236634, "end": 22625236674},
     "source-locator": "/root/souffle-src/tests/example/circuit_records/circuit_records.dl [67:7-67:22]"
    },
    "@poscopy_3.last": {
     "maxRSS": {
      "post": 15140,
      "pre": 15140
     },
     "non-recursive-rule": {
      "@poscopy_3.last(a) :- \n   in(a),\n   !@neglabel.less(a,_).": {
       "atom-frequency": {
        "@poscopy_3.last(a) :- \n   in(a),\n   !@neglabel.less(a,_).": {
         "in": {
          "level": 0,
          "num-tuples": 0
         }
        }
       },
       "maxRSS": {
        "post": 15140,
        "pre": 15140
       },
       "num-tuples": 1,
       "runtime": { "start": 22625236563, "end": 22625236564},
       "source-locator": "/root/souffle-src/tests/example/circuit_records/circuit_records.dl [59:1-59:30]"
      }
     },
     "num-tuples": 1,
     "runtime": { "start": 22625236562, "end": 22625236570},
     "source-locator": "/root/souffle-src/tests/example/circuit_records/circuit_records.dl [58:7-58:11]"
    },
    "@poscopy_4.first": {
     "maxRSS": {
      "post": 15140,
      "pre": 15140
     },
     "non-recursive-rule": {
      "@poscopy_4.first(a) :- \n   in(a),\n   !@neglabel.less(_,a).": {
       "atom-frequency": {
        "@poscopy_4.first(a) :- \n   in(a),\n   !@neglabel.less(_,a).": {
         "in": {
          "level": 0,
          "num-tuples": 0
         }
        }
       },
       "maxRSS": {
        "post": 15140,
        "pre": 15140
       },
       "num-tuples": 1,
       "runtime": { "start": 22625236574, "end": 22625236575},
       "source-locator": "/root/souffle-src/tests/example/circuit_records/circuit_records.dl [55:1-55:31]"
      }
     },
     "num-tuples": 1,
     "runtime": { "start": 22625236573, "end": 22625236581},
     "source-locator": "/root/souffle-src/tests/example/circuit_records/circuit_records.dl [54:7-54:12]"
    },
    "@poscopy_4.succ": {
     "maxRSS": {
      "post": 15140,
      "pre": 15140
     },
     "non-recursive-rule": {
      "@poscopy_4.succ(x,y) :- \n   @poscopy_5.less(x,y),\n   !@neglabel.leg(x,y).": {
       "atom-frequency": {
        "@poscopy_4.succ(x,y) :- \n   @poscopy_5.less(x,y),\n   !@neglabel.leg(x,y).": {
         "@poscopy_5.less": {
          "level": 0,
          "num-tuples": 0
         }
        }
       },
       "maxRSS": {
        "post": 15140,
        "pre": 15140
       },
       "num-tuples": 2,
       "runtime": { "start": 22625236595, "end": 22625236597},
       "source-locator": "/root/souffle-src/tests/example/circuit_records/circuit_records.dl [51:1-51:37]"
      }
     },
     "num-tuples": 2,
     "runtime": { "start": 22625236585, "end": 22625236605},
     "source-locator": "/root/souffle-src/tests/example/circuit_records/circuit_records.dl [50:7-50:11]"
    },
    "@poscopy_5.less": {
     "maxRSS": {
      "post": 15140,
      "pre": 15140
     },
     "non-recursive-rule": {
      "@poscopy_5.less(x,y) :- \n   in(x),\n   in(y),\n   ord(x) < ord(y).": {
       "atom-frequency": {
        "@poscopy_5.less(x,y) :- \n   in(x),\n   in(y),\n   ord(x) < ord(y).": {
         "in": {
          "level": 0,
          "num-tuples": 0
         }
        }
       },
       "maxRSS": {
        "post": 15140,
        "pre": 15140
       },
       "num-tuples": 3,
       "runtime": { "start": 22625236517, "end": 22625236519},
       "source-locator": "/root/souffle-src/tests/example/circuit_records/circuit_records.dl [44:1-44:45]"
      }
     },
     "num-tuples": 3,
     "runtime": { "start": 22625236505, "end": 22625236528},
     "source-locator": "/root/souffle-src/tests/example/circuit_records/circuit_records.dl [43:7-43:11]"
    },
    "bin": {
     "maxRSS": {
      "post": 15140,
      "pre": 15140
     },
     "non-recursive-rule": {
      "bin(0).": {
       "maxRSS": {
        "post": 15140,
        "pre": 15140
       },
       "num-tuples": 1,
       "runtime": { "start": 22625235286, "end": 22625235290},
       "source-locator": "/root/souffle-src/tests/example/circuit_records/circuit_records.dl [63:1-63:8]"
      },
      "bin(1).": {
       "maxRSS": {
        "post": 15140,
        "pre": 15140
       },
       "num-tuples": 1,
       "runtime": { "start": 22625235298, "end": 22625235309},
       "source-locator": "/root/souffle-src/tests/example/circuit_records/circuit_records.dl [64:1-64:8]"
      }
     },
     "num-tuples": 2,
     "reads": 0,
     "runtime": { "start": 22625235285, "end": 22625235315},
     "source-locator": "/root/souffle-src/tests/example/circuit_records/circuit_records.dl [62:7-62:10]"
    },
    "circuit_and": {
     "loadtime": { "start": 22625235321, "end": 22625235690},
     "num-tuples": 1,
     "reads": 0,
     "source-locator": "/root/souffle-src/tests/example/circuit_records/circuit_records.dl [98:7-98:18]"
    },
    "circuit_not": {
     "loadtime": { "start": 22625235700, "end": 22625235924},
     "num-tuples": 1,
     "reads": 0,
     "source-locator": "/root/souffle-src/tests/example/circuit_records/circuit_records.dl [102:7-102:18]"
    },
    "circuit_or": {
     "loadtime": { "start": 22625235931, "end": 22625236114},
     "num-tuples": 1,
     "reads": 0,
     "source-locator": "/root/souffle-src/tests/example/circuit_records/circuit_records.dl [100:7-100:17]"
    },
    "in": {
     "maxRSS": {
      "post": 15140,
      "pre": 15140
     },
     "non-recursive-rule": {
      "in(\"a\").": {
       "maxRSS": {
        "post": 15140,
        "pre": 15140
       },
       "num-tuples": 1,
       "runtime": { "start": 22625236133, "end": 22625236134},
       "source-locator": "/root/souffle-src/tests/example/circuit_records/circuit_records.dl [38:1-38:9]"
      },
      "in(\"b\").": {
       "maxRSS": {
        "post": 15140,
        "pre": 15140
       },
       "num-tuples": 1,
       "runtime": { "start": 22625236142, "end": 22625236143},
       "source-locator": "/root/souffle-src/tests/example/circuit_records/circuit_records.dl [39:1-39:9]"
      },
      "in(\"c\").": {
       "maxRSS": {
        "post": 15140,
        "pre": 15140
       },
       "num-tuples": 1,
       "runtime": { "start": 22625236146, "end": 22625236147},
       "source-locator": "/root/souffle-src/tests/example/circuit_records/circuit_records.dl [40:1-40:9]"
      }
     },
     "num-tuples": 3,
     "reads": 0,
     "runtime": { "start": 22625236122, "end": 22625236151},
     "source-locator": "/root/souffle-src/tests/example/circuit_records/circuit_records.dl [37:7-37:9]"
    },
    "print_states": {
     "maxRSS": {
      "post": 15140,
      "pre": 15140
     },
     "non-recursive-rule": {
      "print_states(@generator_0) :- \n   @generator_0 = count : { @neglabel.sat_print(+underscore_3,+underscore_4,+underscore_5) }.": {
       "maxRSS": {
        "post": 15140,
        "pre": 15140
       },
       "num-tuples": 1,
       "runtime": { "start": 22625237536, "end": 22625237542},
       "source-locator": " [1:1-1:1]"
      }
     },
     "num-tuples": 1,
     "reads": 0,
     "runtime": { "start": 22625237534, "end": 22625237549},
     "savetime": { "start": 22625237553, "end": 22625237673},
     "source-locator": "/root/souffle-src/tests/example/circuit_records/circuit_records.dl [132:7-132:19]"
    },
    "required_out_fi": {
     "loadtime": { "start": 22625236155, "end": 22625236320},
     "num-tuples": 1,
     "reads": 0,
     "source-locator": "/root/souffle-src/tests/example/circuit_records/circuit_records.dl [95:7-95:22]"
    }
   },
   "runtime": { "start": 22625235280, "end": 22625237678},
   "starttime": { "time": 22625235228},
   "usage": {
    "timepoint": {
     "22625235254": {
      "maxRSS": 15140,
      "systemtime": 2480,
      "usertime": 4960
     },
     "22625235285": {
      "maxRSS": 15140,
      "systemtime": 3582,
      "usertime": 7165
     },
     "22625235319": {
      "maxRSS": 15140,
      "systemtime": 3596,
      "usertime": 7193
     },
     "22625235725": {
      "maxRSS": 15140,
      "systemtime": 3641,
      "usertime": 7282
     },
     "22625235950": {
      "maxRSS": 15140,
      "systemtime": 3664,
      "usertime": 7329
     },
     "22625236143": {
      "maxRSS": 15140,
      "systemtime": 3698,
      "usertime": 7396
     },
     "22625236172": {
      "maxRSS": 15140,
      "systemtime": 3705,
      "usertime": 7411
     },
     "22625236344": {
      "maxRSS": 15140,
      "systemtime": 3730,
      "usertime": 7460
     },
     "22625236374": {
      "maxRSS": 15140,
      "systemtime": 3740,
      "usertime": 7481
     },
     "22625236396": {
      "maxRSS": 15140,
      "systemtime": 3773,
      "usertime": 7547
     },
     "22625236522": {
      "maxRSS": 15140,
      "systemtime": 3822,
      "usertime": 7644
     },
     "22625236567": {
      "maxRSS": 15140,
      "systemtime": 3842,
      "usertime": 7684
     },
     "22625236604": {
      "maxRSS": 15140,
      "systemtime": 3856,
      "usertime": 7713
     },
     "22625236660": {
      "maxRSS": 15140,
      "systemtime": 3873,
      "usertime": 7746
     },
     "22625236707": {
      "maxRSS": 15140,
      "systemtime": 3901,
      "usertime": 7803
     },
     "22625236759": {
      "maxRSS": 15140,
      "systemtime": 3925,
      "usertime": 7851
     },
     "22625236805": {
      "maxRSS": 15140,
      "systemtime": 3950,
      "usertime": 7901
     },
     "22625236824": {
      "maxRSS": 15140,
      "systemtime": 3962,
      "usertime": 7924
     },
     "22625236861": {
      "maxRSS": 15140,
      "systemtime": 3978,
      "usertime": 7957
     },
     "22625236941": {
      "maxRSS": 15140,
      "systemtime": 4013,
      "usertime": 8027
     },
     "22625236968": {
      "maxRSS": 15140,
      "systemtime": 4031,
      "usertime": 8063
     },
     "22625237045": {
      "maxRSS": 15140,
      "systemtime": 4065,
      "usertime": 8130
     },
     "22625237089": {
      "maxRSS": 15140,
      "systemtime": 4086,
      "usertime": 8173
     },
     "22625237121": {
      "maxRSS": 15140,
      "systemtime": 4099,
      "usertime": 8198
     },
     "22625237151": {
      "maxRSS": 15140,
      "systemtime": 4111,
      "usertime": 8223
     },
     "22625237176": {
      "maxRSS": 15140,
      "systemtime": 4123,
      "usertime": 8247
     },
     "22625237184": {
      "maxRSS": 15140,
      "systemtime": 4129,
      "usertime": 8258
     },
     "22625237207": {
      "maxRSS": 15140,
      "systemtime": 4137,
      "usertime": 8274
     },
     "22625237229": {
      "maxRSS": 15140,
      "systemtime": 4146,
      "usertime": 8292
     },
     "22625237265": {
      "maxRSS": 15140,
      "systemtime": 4160,
      "usertime": 8320
     },
     "22625237289": {
      "maxRSS": 15140,
      "systemtime": 4172,
      "usertime": 8345
     },
     "22625237294": {
      "maxRSS": 15140,
      "systemtime": 4176,
      "usertime": 8352
     },
     "22625237331": {
      "maxRSS": 15140,
      "systemtime": 4185,
      "usertime": 8371
     },
     "22625237366": {
      "maxRSS": 15140,
      "systemtime": 4203,
      "usertime": 8406
     },
     "22625237408": {
      "maxRSS": 15140,
      "systemtime": 4224,
      "usertime": 8448
     },
     "22625237432": {
      "maxRSS": 15140,
      "systemtime": 4233,
      "usertime": 8467
     },
     "22625237458": {
      "maxRSS": 15140,
      "systemtime": 4245,
      "usertime": 8491
     },
     "22625237490": {
      "maxRSS": 15140,
      "systemtime": 4260,
      "usertime": 8521
     },
     "22625237525": {
      "maxRSS": 15140,
      "systemtime": 4273,
      "usertime": 8546
     },
     "22625237544": {
      "maxRSS": 15140,
      "systemtime": 4284,
      "usertime": 8569
     },
     "22625237570": {
      "maxRSS": 15140,
      "systemtime": 4290,
      "usertime": 8581
     }
    }
   }
  }
 }
}
