{
 "root": {
  "program": {
   "configuration": {
    "": "/root/souffle-src/tests/syntactic/ordered_constraints/ordered_constraints.dl",
    "fact-dir": "/root/souffle-src/tests/syntactic/ordered_constraints",
    "include-dir": ".",
    "jobs": "1",
    "libraries": "functors",
    "library-dir": ".",
    "magic-transform": "*",
    "output-dir": "/root/compiler/measurements/night01-t4/runs/syntactic__ordered_constraints",
    "profile": "prof.log",
    "relationCount": "0",
    "ruleCount": "0",
    "version": "2.5",
    "warn": "all",
    "wno": "none"
   },
   "starttime": { "time": 23168081705}
  }
 }
}
