{
 "root": {
  "program": {
   "configuration": {
    "": "/root/compiler/tests/corpus/BENCHMARK_FAMILY/ancestor_nonancestor.dl",
    "fact-dir": "/root/compiler/fixtures/benchmark-family/ancestor_nonancestor/n1000",
    "include-dir": ".",
    "jobs": "1",
    "libraries": "functors",
    "library-dir": ".",
    "output-dir": "/root/compiler/measurements/m3-5-headline/family/ancestor_nonancestor/n1000/none",
    "profile": "prof.log",
    "relationCount": "5",
    "ruleCount": "6",
    "version": "2.5",
    "warn": "all",
    "wno": "none"
   },
   "relation": {
    "ancestor": {
     "iteration": {
      "0": {
       "copytime": { "start": 29301551748, "end": 29301552137},
       "maxRSS": {
        "post": 14692,
        "pre": 14692
       },
       "num-tuples": 4347,
       "recursive-rule": {
        "ancestor(x,y) :- \n   parent(x,z),\n   ancestor(z,y).": {
         "0": {
          "atom-frequency": {
           "@new_ancestor(x,y) :- \n   parent(x,z),\n   @delta_ancestor(z,y).": {
            "@delta_ancestor": {
             "level": 1,
             "num-tuples": 0
            },
            "parent": {
             "level": 0,
             "num-tuples": 0
            }
           }
          },
          "maxRSS": {
           "post": 14692,
           "pre": 14692
          },
          "num-tuples": 4347,
          "runtime": { "start": 29301550931, "end": 29301551709},
          "source-locator": "/root/compiler/tests/corpus/BENCHMARK_FAMILY/ancestor_nonancestor.dl [22:1-22:45]"
         }
        }
       },
       "runtime": { "start": 29301550921, "end": 29301551725}
      },
      "1": {
       "copytime": { "start": 29301553710, "end": 29301554467},
       "maxRSS": {
        "post": 14692,
        "pre": 14692
       },
       "num-tuples": 8970,
       "recursive-rule": {
        "ancestor(x,y) :- \n   parent(x,z),\n   ancestor(z,y).": {
         "0": {
          "maxRSS": {
           "post": 14692,
           "pre": 14692
          },
          "num-tuples": 8970,
          "runtime": { "start": 29301552153, "end": 29301553675},
          "source-locator": "/root/compiler/tests/corpus/BENCHMARK_FAMILY/ancestor_nonancestor.dl [22:1-22:45]"
         }
        }
       },
       "runtime": { "start": 29301552143, "end": 29301553686}
      },
      "10": {
       "copytime": { "start": 29301604245, "end": 29301607214},
       "maxRSS": {
        "post": 18148,
        "pre": 18020
       },
       "num-tuples": 27619,
       "recursive-rule": {
        "ancestor(x,y) :- \n   parent(x,z),\n   ancestor(z,y).": {
         "0": {
          "maxRSS": {
           "post": 18148,
           "pre": 18020
          },
          "num-tuples": 27619,
          "runtime": { "start": 29301599029, "end": 29301604197},
          "source-locator": "/root/compiler/tests/corpus/BENCHMARK_FAMILY/ancestor_nonancestor.dl [22:1-22:45]"
         }
        }
       },
       "runtime": { "start": 29301599014, "end": 29301604215}
      },
      "11": {
       "copytime": { "start": 29301612420, "end": 29301615340},
       "maxRSS": {
        "post": 18916,
        "pre": 18916
       },
       "num-tuples": 26754,
       "recursive-rule": {
        "ancestor(x,y) :- \n   parent(x,z),\n   ancestor(z,y).": {
         "0": {
          "maxRSS": {
           "post": 18916,
           "pre": 18916
          },
          "num-tuples": 26754,
          "runtime": { "start": 29301607237, "end": 29301612376},
          "source-locator": "/root/compiler/tests/corpus/BENCHMARK_FAMILY/ancestor_nonancestor.dl [22:1-22:45]"
         }
        }
       },
       "runtime": { "start": 29301607222, "end": 29301612391}
      },
      "12": {
       "copytime": { "start": 29301620695, "end": 29301623397},
       "maxRSS": {
        "post": 19556,
        "pre": 19556
       },
       "num-tuples": 24222,
       "recursive-rule": {
        "ancestor(x,y) :- \n   parent(x,z),\n   ancestor(z,y).": {
         "0": {
          "maxRSS": {
           "post": 19556,
           "pre": 19556
          },
          "num-tuples": 24222,
          "runtime": { "start": 29301615365, "end": 29301620645},
          "source-locator": "/root/compiler/tests/corpus/BENCHMARK_FAMILY/ancestor_nonancestor.dl [22:1-22:45]"
         }
        }
       },
       "runtime": { "start": 29301615348, "end": 29301620662}
      },
      "13": {
       "copytime": { "start": 29301627996, "end": 29301630457},
       "maxRSS": {
        "post": 20196,
        "pre": 20196
       },
       "num-tuples": 20872,
       "recursive-rule": {
        "ancestor(x,y) :- \n   parent(x,z),\n   ancestor(z,y).": {
         "0": {
          "maxRSS": {
           "post": 20196,
           "pre": 20196
          },
          "num-tuples": 20872,
          "runtime": { "start": 29301623423, "end": 29301627948},
          "source-locator": "/root/compiler/tests/corpus/BENCHMARK_FAMILY/ancestor_nonancestor.dl [22:1-22:45]"
         }
        }
       },
       "runtime": { "start": 29301623406, "end": 29301627965}
      },
      "14": {
       "copytime": { "start": 29301634668, "end": 29301636839},
       "maxRSS": {
        "post": 20708,
        "pre": 20708
       },
       "num-tuples": 17186,
       "recursive-rule": {
        "ancestor(x,y) :- \n   parent(x,z),\n   ancestor(z,y).": {
         "0": {
          "maxRSS": {
           "post": 20708,
           "pre": 20708
          },
          "num-tuples": 17186,
          "runtime": { "start": 29301630483, "end": 29301634620},
          "source-locator": "/root/compiler/tests/corpus/BENCHMARK_FAMILY/ancestor_nonancestor.dl [22:1-22:45]"
         }
        }
       },
       "runtime": { "start": 29301630467, "end": 29301634638}
      },
      "15": {
       "copytime": { "start": 29301640337, "end": 29301642061},
       "maxRSS": {
        "post": 21092,
        "pre": 21092
       },
       "num-tuples": 13243,
       "recursive-rule": {
        "ancestor(x,y) :- \n   parent(x,z),\n   ancestor(z,y).": {
         "0": {
          "maxRSS": {
           "post": 21092,
           "pre": 21092
          },
          "num-tuples": 13243,
          "runtime": { "start": 29301636866, "end": 29301640296},
          "source-locator": "/root/compiler/tests/corpus/BENCHMARK_FAMILY/ancestor_nonancestor.dl [22:1-22:45]"
         }
        }
       },
       "runtime": { "start": 29301636850, "end": 29301640311}
      },
      "16": {
       "copytime": { "start": 29301644784, "end": 29301645958},
       "maxRSS": {
        "post": 21220,
        "pre": 21220
       },
       "num-tuples": 9440,
       "recursive-rule": {
        "ancestor(x,y) :- \n   parent(x,z),\n   ancestor(z,y).": {
         "0": {
          "maxRSS": {
           "post": 21220,
           "pre": 21220
          },
          "num-tuples": 9440,
          "runtime": { "start": 29301642084, "end": 29301644739},
          "source-locator": "/root/compiler/tests/corpus/BENCHMARK_FAMILY/ancestor_nonancestor.dl [22:1-22:45]"
         }
        }
       },
       "runtime": { "start": 29301642070, "end": 29301644753}
      },
      "17": {
       "copytime": { "start": 29301647944, "end": 29301648780},
       "maxRSS": {
        "post": 21348,
        "pre": 21348
       },
       "num-tuples": 6240,
       "recursive-rule": {
        "ancestor(x,y) :- \n   parent(x,z),\n   ancestor(z,y).": {
         "0": {
          "maxRSS": {
           "post": 21348,
           "pre": 21348
          },
          "num-tuples": 6240,
          "runtime": { "start": 29301645981, "end": 29301647900},
          "source-locator": "/root/compiler/tests/corpus/BENCHMARK_FAMILY/ancestor_nonancestor.dl [22:1-22:45]"
         }
        }
       },
       "runtime": { "start": 29301645966, "end": 29301647915}
      },
      "18": {
       "copytime": { "start": 29301650245, "end": 29301650764},
       "maxRSS": {
        "post": 21476,
        "pre": 21476
       },
       "num-tuples": 3781,
       "recursive-rule": {
        "ancestor(x,y) :- \n   parent(x,z),\n   ancestor(z,y).": {
         "0": {
          "maxRSS": {
           "post": 21476,
           "pre": 21476
          },
          "num-tuples": 3781,
          "runtime": { "start": 29301648804, "end": 29301650205},
          "source-locator": "/root/compiler/tests/corpus/BENCHMARK_FAMILY/ancestor_nonancestor.dl [22:1-22:45]"
         }
        }
       },
       "runtime": { "start": 29301648790, "end": 29301650219}
      },
      "19": {
       "copytime": { "start": 29301651709, "end": 29301652010},
       "maxRSS": {
        "post": 21476,
        "pre": 21476
       },
       "num-tuples": 2087,
       "recursive-rule": {
        "ancestor(x,y) :- \n   parent(x,z),\n   ancestor(z,y).": {
         "0": {
          "maxRSS": {
           "post": 21476,
           "pre": 21476
          },
          "num-tuples": 2087,
          "runtime": { "start": 29301650786, "end": 29301651671},
          "source-locator": "/root/compiler/tests/corpus/BENCHMARK_FAMILY/ancestor_nonancestor.dl [22:1-22:45]"
         }
        }
       },
       "runtime": { "start": 29301650770, "end": 29301651683}
      },
      "2": {
       "copytime": { "start": 29301557154, "end": 29301558554},
       "maxRSS": {
        "post": 14692,
        "pre": 14692
       },
       "num-tuples": 14554,
       "recursive-rule": {
        "ancestor(x,y) :- \n   parent(x,z),\n   ancestor(z,y).": {
         "0": {
          "maxRSS": {
           "post": 14692,
           "pre": 14692
          },
          "num-tuples": 14554,
          "runtime": { "start": 29301554484, "end": 29301557115},
          "source-locator": "/root/compiler/tests/corpus/BENCHMARK_FAMILY/ancestor_nonancestor.dl [22:1-22:45]"
         }
        }
       },
       "runtime": { "start": 29301554474, "end": 29301557128}
      },
      "20": {
       "copytime": { "start": 29301652657, "end": 29301652819},
       "maxRSS": {
        "post": 21476,
        "pre": 21476
       },
       "num-tuples": 1106,
       "recursive-rule": {
        "ancestor(x,y) :- \n   parent(x,z),\n   ancestor(z,y).": {
         "0": {
          "maxRSS": {
           "post": 21476,
           "pre": 21476
          },
          "num-tuples": 1106,
          "runtime": { "start": 29301652029, "end": 29301652614},
          "source-locator": "/root/compiler/tests/corpus/BENCHMARK_FAMILY/ancestor_nonancestor.dl [22:1-22:45]"
         }
        }
       },
       "runtime": { "start": 29301652018, "end": 29301652626}
      },
      "21": {
       "copytime": { "start": 29301653233, "end": 29301653315},
       "maxRSS": {
        "post": 21476,
        "pre": 21476
       },
       "num-tuples": 521,
       "recursive-rule": {
        "ancestor(x,y) :- \n   parent(x,z),\n   ancestor(z,y).": {
         "0": {
          "maxRSS": {
           "post": 21476,
           "pre": 21476
          },
          "num-tuples": 521,
          "runtime": { "start": 29301652839, "end": 29301653197},
          "source-locator": "/root/compiler/tests/corpus/BENCHMARK_FAMILY/ancestor_nonancestor.dl [22:1-22:45]"
         }
        }
       },
       "runtime": { "start": 29301652825, "end": 29301653208}
      },
      "22": {
       "copytime": { "start": 29301653615, "end": 29301653652},
       "maxRSS": {
        "post": 21476,
        "pre": 21476
       },
       "num-tuples": 232,
       "recursive-rule": {
        "ancestor(x,y) :- \n   parent(x,z),\n   ancestor(z,y).": {
         "0": {
          "maxRSS": {
           "post": 21476,
           "pre": 21476
          },
          "num-tuples": 232,
          "runtime": { "start": 29301653331, "end": 29301653581},
          "source-locator": "/root/compiler/tests/corpus/BENCHMARK_FAMILY/ancestor_nonancestor.dl [22:1-22:45]"
         }
        }
       },
       "runtime": { "start": 29301653320, "end": 29301653592}
      },
      "23": {
       "copytime": { "start": 29301653842, "end": 29301653856},
       "maxRSS": {
        "post": 21476,
        "pre": 21476
       },
       "num-tuples": 89,
       "recursive-rule": {
        "ancestor(x,y) :- \n   parent(x,z),\n   ancestor(z,y).": {
         "0": {
          "maxRSS": {
           "post": 21476,
           "pre": 21476
          },
          "num-tuples": 89,
          "runtime": { "start": 29301653666, "end": 29301653812},
          "source-locator": "/root/compiler/tests/corpus/BENCHMARK_FAMILY/ancestor_nonancestor.dl [22:1-22:45]"
         }
        }
       },
       "runtime": { "start": 29301653657, "end": 29301653821}
      },
      "24": {
       "copytime": { "start": 29301654001, "end": 29301654007},
       "maxRSS": {
        "post": 21476,
        "pre": 21476
       },
       "num-tuples": 30,
       "recursive-rule": {
        "ancestor(x,y) :- \n   parent(x,z),\n   ancestor(z,y).": {
         "0": {
          "maxRSS": {
           "post": 21476,
           "pre": 21476
          },
          "num-tuples": 30,
          "runtime": { "start": 29301653869, "end": 29301653973},
          "source-locator": "/root/compiler/tests/corpus/BENCHMARK_FAMILY/ancestor_nonancestor.dl [22:1-22:45]"
         }
        }
       },
       "runtime": { "start": 29301653860, "end": 29301653981}
      },
      "25": {
       "copytime": { "start": 29301654131, "end": 29301654133},
       "maxRSS": {
        "post": 21476,
        "pre": 21476
       },
       "num-tuples": 4,
       "recursive-rule": {
        "ancestor(x,y) :- \n   parent(x,z),\n   ancestor(z,y).": {
         "0": {
          "maxRSS": {
           "post": 21476,
           "pre": 21476
          },
          "num-tuples": 4,
          "runtime": { "start": 29301654020, "end": 29301654102},
          "source-locator": "/root/compiler/tests/corpus/BENCHMARK_FAMILY/ancestor_nonancestor.dl [22:1-22:45]"
         }
        }
       },
       "runtime": { "start": 29301654010, "end": 29301654111}
      },
      "26": {
       "maxRSS": {
        "post": 21476,
        "pre": 21476
       },
       "num-tuples": 0,
       "recursive-rule": {
        "ancestor(x,y) :- \n   parent(x,z),\n   ancestor(z,y).": {
         "0": {
          "maxRSS": {
           "post": 21476,
           "pre": 21476
          },
          "num-tuples": 0,
          "runtime": { "start": 29301654146, "end": 29301654195},
          "source-locator": "/root/compiler/tests/corpus/BENCHMARK_FAMILY/ancestor_nonancestor.dl [22:1-22:45]"
         }
        }
       },
       "runtime": { "start": 29301654136, "end": 29301654204}
      },
      "3": {
       "copytime": { "start": 29301562121, "end": 29301563709},
       "maxRSS": {
        "post": 14692,
        "pre": 14692
       },
       "num-tuples": 16572,
       "recursive-rule": {
        "ancestor(x,y) :- \n   parent(x,z),\n   ancestor(z,y).": {
         "0": {
          "maxRSS": {
           "post": 14692,
           "pre": 14692
          },
          "num-tuples": 16572,
          "runtime": { "start": 29301558578, "end": 29301562074},
          "source-locator": "/root/compiler/tests/corpus/BENCHMARK_FAMILY/ancestor_nonancestor.dl [22:1-22:45]"
         }
        }
       },
       "runtime": { "start": 29301558563, "end": 29301562090}
      },
      "4": {
       "copytime": { "start": 29301567044, "end": 29301568588},
       "maxRSS": {
        "post": 14692,
        "pre": 14692
       },
       "num-tuples": 15526,
       "recursive-rule": {
        "ancestor(x,y) :- \n   parent(x,z),\n   ancestor(z,y).": {
         "0": {
          "maxRSS": {
           "post": 14692,
           "pre": 14692
          },
          "num-tuples": 15526,
          "runtime": { "start": 29301563730, "end": 29301567002},
          "source-locator": "/root/compiler/tests/corpus/BENCHMARK_FAMILY/ancestor_nonancestor.dl [22:1-22:45]"
         }
        }
       },
       "runtime": { "start": 29301563717, "end": 29301567016}
      },
      "5": {
       "copytime": { "start": 29301571672, "end": 29301573195},
       "maxRSS": {
        "post": 14692,
        "pre": 14692
       },
       "num-tuples": 15481,
       "recursive-rule": {
        "ancestor(x,y) :- \n   parent(x,z),\n   ancestor(z,y).": {
         "0": {
          "maxRSS": {
           "post": 14692,
           "pre": 14692
          },
          "num-tuples": 15481,
          "runtime": { "start": 29301568622, "end": 29301571633},
          "source-locator": "/root/compiler/tests/corpus/BENCHMARK_FAMILY/ancestor_nonancestor.dl [22:1-22:45]"
         }
        }
       },
       "runtime": { "start": 29301568609, "end": 29301571645}
      },
      "6": {
       "copytime": { "start": 29301576759, "end": 29301578521},
       "maxRSS": {
        "post": 15204,
        "pre": 15204
       },
       "num-tuples": 17608,
       "recursive-rule": {
        "ancestor(x,y) :- \n   parent(x,z),\n   ancestor(z,y).": {
         "0": {
          "maxRSS": {
           "post": 15204,
           "pre": 15204
          },
          "num-tuples": 17608,
          "runtime": { "start": 29301573217, "end": 29301576710},
          "source-locator": "/root/compiler/tests/corpus/BENCHMARK_FAMILY/ancestor_nonancestor.dl [22:1-22:45]"
         }
        }
       },
       "runtime": { "start": 29301573202, "end": 29301576728}
      },
      "7": {
       "copytime": { "start": 29301582230, "end": 29301584355},
       "maxRSS": {
        "post": 15844,
        "pre": 15716
       },
       "num-tuples": 20875,
       "recursive-rule": {
        "ancestor(x,y) :- \n   parent(x,z),\n   ancestor(z,y).": {
         "0": {
          "maxRSS": {
           "post": 15844,
           "pre": 15716
          },
          "num-tuples": 20875,
          "runtime": { "start": 29301578546, "end": 29301582183},
          "source-locator": "/root/compiler/tests/corpus/BENCHMARK_FAMILY/ancestor_nonancestor.dl [22:1-22:45]"
         }
        }
       },
       "runtime": { "start": 29301578530, "end": 29301582198}
      },
      "8": {
       "copytime": { "start": 29301588606, "end": 29301591425},
       "maxRSS": {
        "post": 16484,
        "pre": 16356
       },
       "num-tuples": 24293,
       "recursive-rule": {
        "ancestor(x,y) :- \n   parent(x,z),\n   ancestor(z,y).": {
         "0": {
          "maxRSS": {
           "post": 16484,
           "pre": 16356
          },
          "num-tuples": 24293,
          "runtime": { "start": 29301584382, "end": 29301588560},
          "source-locator": "/root/compiler/tests/corpus/BENCHMARK_FAMILY/ancestor_nonancestor.dl [22:1-22:45]"
         }
        }
       },
       "runtime": { "start": 29301584366, "end": 29301588578}
      },
      "9": {
       "copytime": { "start": 29301596216, "end": 29301599005},
       "maxRSS": {
        "post": 17252,
        "pre": 17124
       },
       "num-tuples": 26753,
       "recursive-rule": {
        "ancestor(x,y) :- \n   parent(x,z),\n   ancestor(z,y).": {
         "0": {
          "maxRSS": {
           "post": 17252,
           "pre": 17124
          },
          "num-tuples": 26753,
          "runtime": { "start": 29301591454, "end": 29301596173},
          "source-locator": "/root/compiler/tests/corpus/BENCHMARK_FAMILY/ancestor_nonancestor.dl [22:1-22:45]"
         }
        }
       },
       "runtime": { "start": 29301591437, "end": 29301596190}
      }
     },
     "maxRSS": {
      "post": 14692,
      "pre": 14692
     },
     "non-recursive-rule": {
      "ancestor(x,y) :- \n   parent(x,y).": {
       "atom-frequency": {
        "ancestor(x,y) :- \n   parent(x,y).": {
         "parent": {
          "level": 0,
          "num-tuples": 0
         }
        }
       },
       "maxRSS": {
        "post": 14692,
        "pre": 14692
       },
       "num-tuples": 2000,
       "runtime": { "start": 29301550721, "end": 29301550823},
       "source-locator": "/root/compiler/tests/corpus/BENCHMARK_FAMILY/ancestor_nonancestor.dl [21:1-21:30]"
      }
     },
     "num-tuples": 2000,
     "reads": 1491487,
     "runtime": { "start": 29301550711, "end": 29301550832},
     "source-locator": "/root/compiler/tests/corpus/BENCHMARK_FAMILY/ancestor_nonancestor.dl [20:7-20:15]"
    },
    "nonancestor": {
     "maxRSS": {
      "post": 34788,
      "pre": 21476
     },
     "non-recursive-rule": {
      "nonancestor(x,y) :- \n   person(x),\n   person(y),\n   !ancestor(x,y).": {
       "atom-frequency": {
        "nonancestor(x,y) :- \n   person(x),\n   person(y),\n   !ancestor(x,y).": {
         "person": {
          "level": 0,
          "num-tuples": 0
         }
        }
       },
       "maxRSS": {
        "post": 34788,
        "pre": 21476
       },
       "num-tuples": 679595,
       "runtime": { "start": 29301654239, "end": 29301734909},
       "source-locator": "/root/compiler/tests/corpus/BENCHMARK_FAMILY/ancestor_nonancestor.dl [25:1-25:58]"
      }
     },
     "num-tuples": 679595,
     "reads": 0,
     "runtime": { "start": 29301654230, "end": 29301735316},
     "source-locator": "/root/compiler/tests/corpus/BENCHMARK_FAMILY/ancestor_nonancestor.dl [24:7-24:18]"
    },
    "parent": {
     "loadtime": { "start": 29301549039, "end": 29301550269},
     "num-tuples": 2000,
     "reads": 0,
     "source-locator": "/root/compiler/tests/corpus/BENCHMARK_FAMILY/ancestor_nonancestor.dl [15:7-15:13]"
    },
    "person": {
     "loadtime": { "start": 29301550282, "end": 29301550702},
     "num-tuples": 1000,
     "reads": 0,
     "source-locator": "/root/compiler/tests/corpus/BENCHMARK_FAMILY/ancestor_nonancestor.dl [17:7-17:13]"
    },
    "q_nonancestor": {
     "maxRSS": {
      "post": 34788,
      "pre": 34788
     },
     "non-recursive-rule": {
      "q_nonancestor(y) :- \n   nonancestor(1,y).": {
       "atom-frequency": {
        "q_nonancestor(y) :- \n   nonancestor(1,y).": {
         "nonancestor": {
          "level": 0,
          "num-tuples": 0
         }
        }
       },
       "maxRSS": {
        "post": 34788,
        "pre": 34788
       },
       "num-tuples": 950,
       "runtime": { "start": 29301736409, "end": 29301736449},
       "source-locator": "/root/compiler/tests/corpus/BENCHMARK_FAMILY/ancestor_nonancestor.dl [29:1-29:38]"
      }
     },
     "num-tuples": 950,
     "reads": 0,
     "runtime": { "start": 29301736389, "end": 29301736461},
     "savetime": { "start": 29301736467, "end": 29301736617},
     "source-locator": "/root/compiler/tests/corpus/BENCHMARK_FAMILY/ancestor_nonancestor.dl [27:7-27:20]"
    }
   },
   "runtime": { "start": 29301549034, "end": 29301737765},
   "starttime": { "time": 29301549002},
   "usage": {
    "timepoint": {
     "29301549019": {
      "maxRSS": 14692,
      "systemtime": 1444,
      "usertime": 1444
     },
     "29301549044": {
      "maxRSS": 14692,
      "systemtime": 1966,
      "usertime": 1966
     },
     "29301550112": {
      "maxRSS": 14692,
      "systemtime": 2133,
      "usertime": 2133
     },
     "29301550303": {
      "maxRSS": 14692,
      "systemtime": 2379,
      "usertime": 2379
     },
     "29301550731": {
      "maxRSS": 14692,
      "systemtime": 2547,
      "usertime": 2547
     },
     "29301550963": {
      "maxRSS": 14692,
      "systemtime": 2665,
      "usertime": 2665
     },
     "29301551749": {
      "maxRSS": 14692,
      "systemtime": 3084,
      "usertime": 3084
     },
     "29301552161": {
      "maxRSS": 14692,
      "systemtime": 3084,
      "usertime": 3507
     },
     "29301553248": {
      "maxRSS": 14692,
      "systemtime": 3084,
      "usertime": 3521
     },
     "29301553710": {
      "maxRSS": 14692,
      "systemtime": 3084,
      "usertime": 5083
     },
     "29301554492": {
      "maxRSS": 14692,
      "systemtime": 3084,
      "usertime": 5877
     },
     "29301555582": {
      "maxRSS": 14692,
      "systemtime": 3084,
      "usertime": 5906
     },
     "29301556695": {
      "maxRSS": 14692,
      "systemtime": 3084,
      "usertime": 7457
     },
     "29301557160": {
      "maxRSS": 14692,
      "systemtime": 3084,
      "usertime": 8638
     },
     "29301558248": {
      "maxRSS": 14692,
      "systemtime": 3084,
      "usertime": 8658
     },
     "29301558612": {
      "maxRSS": 14692,
      "systemtime": 3298,
      "usertime": 9895
     },
     "29301559704": {
      "maxRSS": 14692,
      "systemtime": 3306,
      "usertime": 9918
     },
     "29301560779": {
      "maxRSS": 14692,
      "systemtime": 3306,
      "usertime": 11409
     },
     "29301561889": {
      "maxRSS": 14692,
      "systemtime": 3306,
      "usertime": 11435
     },
     "29301562121": {
      "maxRSS": 14692,
      "systemtime": 3365,
      "usertime": 13463
     },
     "29301563212": {
      "maxRSS": 14692,
      "systemtime": 3371,
      "usertime": 13484
     },
     "29301563736": {
      "maxRSS": 14692,
      "systemtime": 3695,
      "usertime": 14780
     },
     "29301564810": {
      "maxRSS": 14692,
      "systemtime": 3695,
      "usertime": 15063
     },
     "29301565900": {
      "maxRSS": 14692,
      "systemtime": 3695,
      "usertime": 15079
     },
     "29301566990": {
      "maxRSS": 14692,
      "systemtime": 3695,
      "usertime": 15095
     },
     "29301567041": {
      "maxRSS": 14692,
      "systemtime": 3695,
      "usertime": 18139
     },
     "29301568117": {
      "maxRSS": 14692,
      "systemtime": 4665,
      "usertime": 18148
     },
     "29301568632": {
      "maxRSS": 14692,
      "systemtime": 5301,
      "usertime": 18148
     },
     "29301569721": {
      "maxRSS": 14692,
      "systemtime": 5314,
      "usertime": 18148
     },
     "29301570792": {
      "maxRSS": 14692,
      "systemtime": 5326,
      "usertime": 18148
     },
     "29301571672": {
      "maxRSS": 14692,
      "systemtime": 7579,
      "usertime": 18949
     },
     "29301572784": {
      "maxRSS": 15076,
      "systemtime": 7582,
      "usertime": 19304
     },
     "29301573224": {
      "maxRSS": 15204,
      "systemtime": 7582,
      "usertime": 20535
     },
     "29301574308": {
      "maxRSS": 15204,
      "systemtime": 7582,
      "usertime": 20553
     },
     "29301575392": {
      "maxRSS": 15204,
      "systemtime": 7582,
      "usertime": 20571
     },
     "29301576474": {
      "maxRSS": 15204,
      "systemtime": 7582,
      "usertime": 23405
     },
     "29301576756": {
      "maxRSS": 15204,
      "systemtime": 7582,
      "usertime": 24138
     },
     "29301576762": {
      "maxRSS": 15204,
      "systemtime": 7582,
      "usertime": 24151
     },
     "29301577874": {
      "maxRSS": 15460,
      "systemtime": 7582,
      "usertime": 24175
     },
     "29301578575": {
      "maxRSS": 15716,
      "systemtime": 7582,
      "usertime": 25997
     },
     "29301579700": {
      "maxRSS": 15716,
      "systemtime": 7582,
      "usertime": 26035
     },
     "29301580785": {
      "maxRSS": 15716,
      "systemtime": 7582,
      "usertime": 27522
     },
     "29301581868": {
      "maxRSS": 15716,
      "systemtime": 7582,
      "usertime": 27543
     },
     "29301582231": {
      "maxRSS": 15844,
      "systemtime": 7582,
      "usertime": 29769
     },
     "29301583309": {
      "maxRSS": 16100,
      "systemtime": 7582,
      "usertime": 29792
     },
     "29301584395": {
      "maxRSS": 16356,
      "systemtime": 7582,
      "usertime": 31965
     },
     "29301585473": {
      "maxRSS": 16356,
      "systemtime": 7582,
      "usertime": 31981
     },
     "29301586568": {
      "maxRSS": 16356,
      "systemtime": 7582,
      "usertime": 31999
     },
     "29301587642": {
      "maxRSS": 16356,
      "systemtime": 7582,
      "usertime": 32015
     },
     "29301588607": {
      "maxRSS": 16484,
      "systemtime": 7582,
      "usertime": 36246
     },
     "29301589711": {
      "maxRSS": 16740,
      "systemtime": 7582,
      "usertime": 36271
     },
     "29301590826": {
      "maxRSS": 16996,
      "systemtime": 7582,
      "usertime": 36291
     },
     "29301591492": {
      "maxRSS": 17124,
      "systemtime": 7789,
      "usertime": 38945
     },
     "29301592566": {
      "maxRSS": 17124,
      "systemtime": 7789,
      "usertime": 39508
     },
     "29301593638": {
      "maxRSS": 17124,
      "systemtime": 7789,
      "usertime": 39521
     },
     "29301594712": {
      "maxRSS": 17124,
      "systemtime": 7789,
      "usertime": 39535
     },
     "29301595799": {
      "maxRSS": 17252,
      "systemtime": 7789,
      "usertime": 39550
     },
     "29301596217": {
      "maxRSS": 17252,
      "systemtime": 7789,
      "usertime": 43773
     },
     "29301597310": {
      "maxRSS": 17636,
      "systemtime": 7789,
      "usertime": 43795
     },
     "29301598409": {
      "maxRSS": 17892,
      "systemtime": 7789,
      "usertime": 43819
     },
     "29301599058": {
      "maxRSS": 18020,
      "systemtime": 7789,
      "usertime": 46668
     },
     "29301600147": {
      "maxRSS": 18020,
      "systemtime": 7789,
      "usertime": 47696
     },
     "29301601252": {
      "maxRSS": 18020,
      "systemtime": 7789,
      "usertime": 47711
     },
     "29301602351": {
      "maxRSS": 18020,
      "systemtime": 7789,
      "usertime": 47732
     },
     "29301603427": {
      "maxRSS": 18020,
      "systemtime": 7789,
      "usertime": 47745
     },
     "29301604245": {
      "maxRSS": 18148,
      "systemtime": 7789,
      "usertime": 51965
     },
     "29301605335": {
      "maxRSS": 18404,
      "systemtime": 7789,
      "usertime": 51989
     },
     "29301606435": {
      "maxRSS": 18660,
      "systemtime": 7789,
      "usertime": 52010
     },
     "29301607244": {
      "maxRSS": 18916,
      "systemtime": 7852,
      "usertime": 54965
     },
     "29301608321": {
      "maxRSS": 18916,
      "systemtime": 7852,
      "usertime": 55744
     },
     "29301609405": {
      "maxRSS": 18916,
      "systemtime": 7852,
      "usertime": 55764
     },
     "29301610503": {
      "maxRSS": 18916,
      "systemtime": 7852,
      "usertime": 55779
     },
     "29301611577": {
      "maxRSS": 18916,
      "systemtime": 7852,
      "usertime": 55794
     },
     "29301612450": {
      "maxRSS": 18916,
      "systemtime": 7852,
      "usertime": 60230
     },
     "29301613544": {
      "maxRSS": 19172,
      "systemtime": 7852,
      "usertime": 60244
     },
     "29301614636": {
      "maxRSS": 19428,
      "systemtime": 7852,
      "usertime": 60258
     },
     "29301615371": {
      "maxRSS": 19556,
      "systemtime": 7897,
      "usertime": 63177
     },
     "29301616447": {
      "maxRSS": 19556,
      "systemtime": 7897,
      "usertime": 63854
     },
     "29301617565": {
      "maxRSS": 19556,
      "systemtime": 7897,
      "usertime": 63876
     },
     "29301618693": {
      "maxRSS": 19556,
      "systemtime": 7897,
      "usertime": 63911
     },
     "29301619782": {
      "maxRSS": 19556,
      "systemtime": 7897,
      "usertime": 63938
     },
     "29301620695": {
      "maxRSS": 19556,
      "systemtime": 7897,
      "usertime": 68613
     },
     "29301621779": {
      "maxRSS": 19812,
      "systemtime": 7897,
      "usertime": 68643
     },
     "29301622854": {
      "maxRSS": 20068,
      "systemtime": 7897,
      "usertime": 68658
     },
     "29301623437": {
      "maxRSS": 20196,
      "systemtime": 7929,
      "usertime": 71365
     },
     "29301624542": {
      "maxRSS": 20196,
      "systemtime": 7929,
      "usertime": 71987
     },
     "29301625642": {
      "maxRSS": 20196,
      "systemtime": 7929,
      "usertime": 72010
     },
     "29301626721": {
      "maxRSS": 20196,
      "systemtime": 7929,
      "usertime": 72026
     },
     "29301627845": {
      "maxRSS": 20196,
      "systemtime": 7929,
      "usertime": 72059
     },
     "29301627995": {
      "maxRSS": 20196,
      "systemtime": 7998,
      "usertime": 75985
     },
     "29301629078": {
      "maxRSS": 20324,
      "systemtime": 7999,
      "usertime": 76023
     },
     "29301630153": {
      "maxRSS": 20580,
      "systemtime": 7999,
      "usertime": 76038
     },
     "29301630490": {
      "maxRSS": 20708,
      "systemtime": 7999,
      "usertime": 78531
     },
     "29301631563": {
      "maxRSS": 20708,
      "systemtime": 7999,
      "usertime": 78544
     },
     "29301632674": {
      "maxRSS": 20708,
      "systemtime": 7999,
      "usertime": 80085
     },
     "29301633791": {
      "maxRSS": 20708,
      "systemtime": 7999,
      "usertime": 80114
     },
     "29301634671": {
      "maxRSS": 20708,
      "systemtime": 7999,
      "usertime": 82796
     },
     "29301635799": {
      "maxRSS": 20836,
      "systemtime": 7999,
      "usertime": 82820
     },
     "29301636875": {
      "maxRSS": 21092,
      "systemtime": 7999,
      "usertime": 85040
     },
     "29301637984": {
      "maxRSS": 21092,
      "systemtime": 7999,
      "usertime": 85065
     },
     "29301639082": {
      "maxRSS": 21092,
      "systemtime": 7999,
      "usertime": 85089
     },
     "29301640167": {
      "maxRSS": 21092,
      "systemtime": 7999,
      "usertime": 88250
     },
     "29301640339": {
      "maxRSS": 21092,
      "systemtime": 7999,
      "usertime": 88600
     },
     "29301641439": {
      "maxRSS": 21220,
      "systemtime": 7999,
      "usertime": 88614
     },
     "29301642139": {
      "maxRSS": 21220,
      "systemtime": 7999,
      "usertime": 90376
     },
     "29301643216": {
      "maxRSS": 21220,
      "systemtime": 7999,
      "usertime": 90391
     },
     "29301644298": {
      "maxRSS": 21220,
      "systemtime": 7999,
      "usertime": 92328
     },
     "29301644816": {
      "maxRSS": 21220,
      "systemtime": 7999,
      "usertime": 93135
     },
     "29301645917": {
      "maxRSS": 21348,
      "systemtime": 7999,
      "usertime": 93144
     },
     "29301645985": {
      "maxRSS": 21348,
      "systemtime": 7999,
      "usertime": 94347
     },
     "29301647087": {
      "maxRSS": 21348,
      "systemtime": 7999,
      "usertime": 94356
     },
     "29301647965": {
      "maxRSS": 21348,
      "systemtime": 7999,
      "usertime": 96338
     },
     "29301648813": {
      "maxRSS": 21476,
      "systemtime": 7999,
      "usertime": 97230
     },
     "29301649898": {
      "maxRSS": 21476,
      "systemtime": 7999,
      "usertime": 97250
     },
     "29301650248": {
      "maxRSS": 21476,
      "systemtime": 7999,
      "usertime": 98707
     },
     "29301650818": {
      "maxRSS": 21476,
      "systemtime": 7999,
      "usertime": 99272
     },
     "29301651712": {
      "maxRSS": 21476,
      "systemtime": 7999,
      "usertime": 100223
     },
     "29301652063": {
      "maxRSS": 21476,
      "systemtime": 7999,
      "usertime": 100565
     },
     "29301652691": {
      "maxRSS": 21476,
      "systemtime": 7999,
      "usertime": 101226
     },
     "29301652847": {
      "maxRSS": 21476,
      "systemtime": 7999,
      "usertime": 101421
     },
     "29301653236": {
      "maxRSS": 21476,
      "systemtime": 7999,
      "usertime": 101836
     },
     "29301653339": {
      "maxRSS": 21476,
      "systemtime": 7999,
      "usertime": 101947
     },
     "29301653616": {
      "maxRSS": 21476,
      "systemtime": 7999,
      "usertime": 102246
     },
     "29301653676": {
      "maxRSS": 21476,
      "systemtime": 7999,
      "usertime": 102312
     },
     "29301653841": {
      "maxRSS": 21476,
      "systemtime": 7999,
      "usertime": 102493
     },
     "29301653874": {
      "maxRSS": 21476,
      "systemtime": 7999,
      "usertime": 102535
     },
     "29301654000": {
      "maxRSS": 21476,
      "systemtime": 7999,
      "usertime": 102672
     },
     "29301654027": {
      "maxRSS": 21476,
      "systemtime": 7999,
      "usertime": 102707
     },
     "29301654131": {
      "maxRSS": 21476,
      "systemtime": 7999,
      "usertime": 102829
     },
     "29301654150": {
      "maxRSS": 21476,
      "systemtime": 7999,
      "usertime": 102852
     },
     "29301654222": {
      "maxRSS": 21476,
      "systemtime": 7999,
      "usertime": 102930
     },
     "29301654243": {
      "maxRSS": 21476,
      "systemtime": 7999,
      "usertime": 102959
     },
     "29301655330": {
      "maxRSS": 21604,
      "systemtime": 7999,
      "usertime": 102971
     },
     "29301656401": {
      "maxRSS": 21860,
      "systemtime": 7999,
      "usertime": 104747
     },
     "29301657485": {
      "maxRSS": 22116,
      "systemtime": 7999,
      "usertime": 104759
     },
     "29301658569": {
      "maxRSS": 22372,
      "systemtime": 7999,
      "usertime": 104774
     },
     "29301659669": {
      "maxRSS": 22628,
      "systemtime": 7999,
      "usertime": 104788
     },
     "29301660782": {
      "maxRSS": 22756,
      "systemtime": 7999,
      "usertime": 108817
     },
     "29301661876": {
      "maxRSS": 23012,
      "systemtime": 7999,
      "usertime": 108853
     },
     "29301662949": {
      "maxRSS": 23140,
      "systemtime": 7999,
      "usertime": 108866
     },
     "29301664023": {
      "maxRSS": 23268,
      "systemtime": 7999,
      "usertime": 112877
     },
     "29301665100": {
      "maxRSS": 23524,
      "systemtime": 7999,
      "usertime": 112892
     },
     "29301666193": {
      "maxRSS": 23652,
      "systemtime": 7999,
      "usertime": 112907
     },
     "29301667287": {
      "maxRSS": 23908,
      "systemtime": 7999,
      "usertime": 112924
     },
     "29301668373": {
      "maxRSS": 24036,
      "systemtime": 7999,
      "usertime": 116943
     },
     "29301669473": {
      "maxRSS": 24292,
      "systemtime": 7999,
      "usertime": 116965
     },
     "29301670556": {
      "maxRSS": 24420,
      "systemtime": 7999,
      "usertime": 116983
     },
     "29301671640": {
      "maxRSS": 24548,
      "systemtime": 7999,
      "usertime": 117001
     },
     "29301672776": {
      "maxRSS": 24804,
      "systemtime": 7999,
      "usertime": 121021
     },
     "29301673854": {
      "maxRSS": 24932,
      "systemtime": 7999,
      "usertime": 121036
     },
     "29301674946": {
      "maxRSS": 25060,
      "systemtime": 7999,
      "usertime": 121052
     },
     "29301676071": {
      "maxRSS": 25316,
      "systemtime": 7999,
      "usertime": 125097
     },
     "29301677187": {
      "maxRSS": 25444,
      "systemtime": 7999,
      "usertime": 125120
     },
     "29301678260": {
      "maxRSS": 25572,
      "systemtime": 7999,
      "usertime": 125134
     },
     "29301679347": {
      "maxRSS": 25828,
      "systemtime": 7999,
      "usertime": 125147
     },
     "29301680437": {
      "maxRSS": 25956,
      "systemtime": 7999,
      "usertime": 129140
     },
     "29301681546": {
      "maxRSS": 26084,
      "systemtime": 7999,
      "usertime": 129154
     },
     "29301682627": {
      "maxRSS": 26212,
      "systemtime": 7999,
      "usertime": 129173
     },
     "29301683740": {
      "maxRSS": 26468,
      "systemtime": 7999,
      "usertime": 129191
     },
     "29301684814": {
      "maxRSS": 26596,
      "systemtime": 7999,
      "usertime": 133219
     },
     "29301685887": {
      "maxRSS": 26724,
      "systemtime": 7999,
      "usertime": 133233
     },
     "29301686965": {
      "maxRSS": 26852,
      "systemtime": 7999,
      "usertime": 133248
     },
     "29301688084": {
      "maxRSS": 27108,
      "systemtime": 7999,
      "usertime": 137274
     },
     "29301689172": {
      "maxRSS": 27236,
      "systemtime": 7999,
      "usertime": 137293
     },
     "29301690263": {
      "maxRSS": 27364,
      "systemtime": 7999,
      "usertime": 137308
     },
     "29301691346": {
      "maxRSS": 27620,
      "systemtime": 7999,
      "usertime": 137325
     },
     "29301692417": {
      "maxRSS": 27748,
      "systemtime": 7999,
      "usertime": 141338
     },
     "29301693518": {
      "maxRSS": 27876,
      "systemtime": 7999,
      "usertime": 141350
     },
     "29301694608": {
      "maxRSS": 28004,
      "systemtime": 7999,
      "usertime": 141367
     },
     "29301695696": {
      "maxRSS": 28260,
      "systemtime": 7999,
      "usertime": 141381
     },
     "29301696789": {
      "maxRSS": 28388,
      "systemtime": 7999,
      "usertime": 145401
     },
     "29301697883": {
      "maxRSS": 28644,
      "systemtime": 7999,
      "usertime": 145415
     },
     "29301698972": {
      "maxRSS": 28772,
      "systemtime": 7999,
      "usertime": 145431
     },
     "29301700030": {
      "maxRSS": 28900,
      "systemtime": 7999,
      "usertime": 149457
     },
     "29301701133": {
      "maxRSS": 29156,
      "systemtime": 7999,
      "usertime": 149473
     },
     "29301702223": {
      "maxRSS": 29284,
      "systemtime": 7999,
      "usertime": 149488
     },
     "29301703318": {
      "maxRSS": 29540,
      "systemtime": 7999,
      "usertime": 149507
     },
     "29301704390": {
      "maxRSS": 29796,
      "systemtime": 7999,
      "usertime": 153510
     },
     "29301705468": {
      "maxRSS": 29924,
      "systemtime": 7999,
      "usertime": 153524
     },
     "29301706547": {
      "maxRSS": 30052,
      "systemtime": 7999,
      "usertime": 153541
     },
     "29301707645": {
      "maxRSS": 30308,
      "systemtime": 7999,
      "usertime": 153556
     },
     "29301708757": {
      "maxRSS": 30436,
      "systemtime": 7999,
      "usertime": 157582
     },
     "29301709857": {
      "maxRSS": 30564,
      "systemtime": 7999,
      "usertime": 157616
     },
     "29301710929": {
      "maxRSS": 30820,
      "systemtime": 7999,
      "usertime": 157629
     },
     "29301712008": {
      "maxRSS": 30948,
      "systemtime": 7999,
      "usertime": 161649
     },
     "29301713099": {
      "maxRSS": 31204,
      "systemtime": 7999,
      "usertime": 161663
     },
     "29301714170": {
      "maxRSS": 31332,
      "systemtime": 7999,
      "usertime": 161677
     },
     "29301715241": {
      "maxRSS": 31588,
      "systemtime": 7999,
      "usertime": 161689
     },
     "29301716326": {
      "maxRSS": 31716,
      "systemtime": 7999,
      "usertime": 165721
     },
     "29301717427": {
      "maxRSS": 31844,
      "systemtime": 7999,
      "usertime": 165745
     },
     "29301718518": {
      "maxRSS": 32100,
      "systemtime": 7999,
      "usertime": 165773
     },
     "29301719597": {
      "maxRSS": 32228,
      "systemtime": 7999,
      "usertime": 165788
     },
     "29301720672": {
      "maxRSS": 32356,
      "systemtime": 7999,
      "usertime": 169803
     },
     "29301721751": {
      "maxRSS": 32612,
      "systemtime": 7999,
      "usertime": 169818
     },
     "29301722852": {
      "maxRSS": 32740,
      "systemtime": 7999,
      "usertime": 169832
     },
     "29301723960": {
      "maxRSS": 32996,
      "systemtime": 7999,
      "usertime": 169847
     },
     "29301725047": {
      "maxRSS": 33124,
      "systemtime": 7999,
      "usertime": 173851
     },
     "29301726123": {
      "maxRSS": 33380,
      "systemtime": 7999,
      "usertime": 173867
     },
     "29301727198": {
      "maxRSS": 33508,
      "systemtime": 7999,
      "usertime": 173882
     },
     "29301728275": {
      "maxRSS": 33764,
      "systemtime": 7999,
      "usertime": 177895
     },
     "29301729364": {
      "maxRSS": 33892,
      "systemtime": 7999,
      "usertime": 177910
     },
     "29301730469": {
      "maxRSS": 34020,
      "systemtime": 7999,
      "usertime": 177938
     },
     "29301731560": {
      "maxRSS": 34276,
      "systemtime": 7999,
      "usertime": 177953
     },
     "29301732640": {
      "maxRSS": 34404,
      "systemtime": 7999,
      "usertime": 181981
     },
     "29301733724": {
      "maxRSS": 34660,
      "systemtime": 7999,
      "usertime": 181997
     },
     "29301734820": {
      "maxRSS": 34788,
      "systemtime": 7999,
      "usertime": 184516
     },
     "29301735930": {
      "maxRSS": 34788,
      "systemtime": 7999,
      "usertime": 184951
     },
     "29301736415": {
      "maxRSS": 34788,
      "systemtime": 7999,
      "usertime": 186470
     },
     "29301736483": {
      "maxRSS": 34788,
      "systemtime": 7999,
      "usertime": 186538
     },
     "29301737586": {
      "maxRSS": 34788,
      "systemtime": 7999,
      "usertime": 186712
     }
    }
   }
  }
 }
}
