{
 "root": {
  "program": {
   "configuration": {
    "": "/root/compiler/measurements/night03-t2/culprit_cycle/n20/emit/transformed.dl",
    "fact-dir": "/root/compiler/fixtures/benchmark-family/culprit_cycle/n20",
    "include-dir": ".",
    "jobs": "1",
    "libraries": "functors",
    "library-dir": ".",
    "output-dir": "/root/compiler/measurements/night03-t2/culprit_cycle/n20/emitted",
    "profile": "prof.log",
    "relationCount": "7",
    "ruleCount": "10",
    "version": "2.5",
    "warn": "all",
    "wno": "none"
   },
   "relation": {
    "base": {
     "loadtime": { "start": 1022755120, "end": 1022755223},
     "num-tuples": 30,
     "reads": 0,
     "source-locator": "/root/compiler/measurements/night03-t2/culprit_cycle/n20/emit/transformed.dl [1:7-1:11]"
    },
    "blocked": {
     "loadtime": { "start": 1022755231, "end": 1022755261},
     "num-tuples": 4,
     "reads": 236,
     "source-locator": "/root/compiler/measurements/night03-t2/culprit_cycle/n20/emit/transformed.dl [5:7-5:14]"
    },
    "e": {
     "loadtime": { "start": 1022755268, "end": 1022755294},
     "num-tuples": 31,
     "reads": 0,
     "source-locator": "/root/compiler/measurements/night03-t2/culprit_cycle/n20/emit/transformed.dl [3:7-3:8]"
    },
    "out": {
     "maxRSS": {
      "post": 18136,
      "pre": 18136
     },
     "non-recursive-rule": {
      "out(y) :- \n   p(1,y).": {
       "atom-frequency": {
        "out(y) :- \n   p(1,y).": {
         "p": {
          "level": 0,
          "num-tuples": 0
         }
        }
       },
       "maxRSS": {
        "post": 18136,
        "pre": 18136
       },
       "num-tuples": 1,
       "runtime": { "start": 1022755845, "end": 1022755846},
       "source-locator": "/root/compiler/measurements/night03-t2/culprit_cycle/n20/emit/transformed.dl [17:1-17:19]"
      }
     },
     "num-tuples": 1,
     "reads": 0,
     "runtime": { "start": 1022755844, "end": 1022755854},
     "savetime": { "start": 1022755858, "end": 1022755938},
     "source-locator": "/root/compiler/measurements/night03-t2/culprit_cycle/n20/emit/transformed.dl [10:7-10:10]"
    },
    "p": {
     "iteration": {
      "0": {
       "maxRSS": {
        "post": 18136,
        "pre": 18136
       },
       "num-tuples": 0,
       "recursive-rule": {
        "p(x,y) :- \n   p(x,z),\n   !s(z),\n   q(z,y).": {
         "0": {
          "atom-frequency": {
           "@new_p(x,y) :- \n   @delta_p(x,z),\n   !s(z),\n   q(z,y).": {
            "@delta_p": {
             "level": 0,
             "num-tuples": 0
            },
            "q": {
             "level": 1,
             "num-tuples": 0
            }
           }
          },
          "maxRSS": {
           "post": 18136,
           "pre": 18136
          },
          "num-tuples": 0,
          "runtime": { "start": 1022755812, "end": 1022755816},
          "source-locator": "/root/compiler/measurements/night03-t2/culprit_cycle/n20/emit/transformed.dl [16:1-16:36]"
         }
        }
       },
       "runtime": { "start": 1022755802, "end": 1022755824}
      }
     },
     "maxRSS": {
      "post": 18136,
      "pre": 18136
     },
     "non-recursive-rule": {
      "p(x,y) :- \n   e(x,y).": {
       "atom-frequency": {
        "p(x,y) :- \n   e(x,y).": {
         "e": {
          "level": 0,
          "num-tuples": 0
         }
        }
       },
       "maxRSS": {
        "post": 18136,
        "pre": 18136
       },
       "num-tuples": 31,
       "runtime": { "start": 1022755786, "end": 1022755789},
       "source-locator": "/root/compiler/measurements/night03-t2/culprit_cycle/n20/emit/transformed.dl [15:1-15:20]"
      }
     },
     "num-tuples": 31,
     "reads": 0,
     "runtime": { "start": 1022755776, "end": 1022755796},
     "source-locator": "/root/compiler/measurements/night03-t2/culprit_cycle/n20/emit/transformed.dl [9:7-9:8]"
    },
    "q": {
     "iteration": {
      "0": {
       "copytime": { "start": 1022755384, "end": 1022755389},
       "maxRSS": {
        "post": 18136,
        "pre": 18136
       },
       "num-tuples": 40,
       "recursive-rule": {
        "q(x,y) :- \n   q(x,z),\n   base(z,y).": {
         "0": {
          "atom-frequency": {
           "@new_q(x,y) :- \n   @delta_q(x,z),\n   base(z,y).": {
            "@delta_q": {
             "level": 0,
             "num-tuples": 0
            },
            "base": {
             "level": 1,
             "num-tuples": 0
            }
           }
          },
          "maxRSS": {
           "post": 18136,
           "pre": 18136
          },
          "num-tuples": 40,
          "runtime": { "start": 1022755340, "end": 1022755356},
          "source-locator": "/root/compiler/measurements/night03-t2/culprit_cycle/n20/emit/transformed.dl [13:1-13:32]"
         }
        }
       },
       "runtime": { "start": 1022755331, "end": 1022755365}
      },
      "1": {
       "copytime": { "start": 1022755442, "end": 1022755447},
       "maxRSS": {
        "post": 18136,
        "pre": 18136
       },
       "num-tuples": 48,
       "recursive-rule": {
        "q(x,y) :- \n   q(x,z),\n   base(z,y).": {
         "0": {
          "maxRSS": {
           "post": 18136,
           "pre": 18136
          },
          "num-tuples": 48,
          "runtime": { "start": 1022755404, "end": 1022755416},
          "source-locator": "/root/compiler/measurements/night03-t2/culprit_cycle/n20/emit/transformed.dl [13:1-13:32]"
         }
        }
       },
       "runtime": { "start": 1022755394, "end": 1022755423}
      },
      "2": {
       "copytime": { "start": 1022755478, "end": 1022755481},
       "maxRSS": {
        "post": 18136,
        "pre": 18136
       },
       "num-tuples": 37,
       "recursive-rule": {
        "q(x,y) :- \n   q(x,z),\n   base(z,y).": {
         "0": {
          "maxRSS": {
           "post": 18136,
           "pre": 18136
          },
          "num-tuples": 37,
          "runtime": { "start": 1022755452, "end": 1022755464},
          "source-locator": "/root/compiler/measurements/night03-t2/culprit_cycle/n20/emit/transformed.dl [13:1-13:32]"
         }
        }
       },
       "runtime": { "start": 1022755450, "end": 1022755471}
      },
      "3": {
       "copytime": { "start": 1022755502, "end": 1022755506},
       "maxRSS": {
        "post": 18136,
        "pre": 18136
       },
       "num-tuples": 26,
       "recursive-rule": {
        "q(x,y) :- \n   q(x,z),\n   base(z,y).": {
         "0": {
          "maxRSS": {
           "post": 18136,
           "pre": 18136
          },
          "num-tuples": 26,
          "runtime": { "start": 1022755484, "end": 1022755492},
          "source-locator": "/root/compiler/measurements/night03-t2/culprit_cycle/n20/emit/transformed.dl [13:1-13:32]"
         }
        }
       },
       "runtime": { "start": 1022755484, "end": 1022755497}
      },
      "4": {
       "copytime": { "start": 1022755524, "end": 1022755537},
       "maxRSS": {
        "post": 18136,
        "pre": 18136
       },
       "num-tuples": 20,
       "recursive-rule": {
        "q(x,y) :- \n   q(x,z),\n   base(z,y).": {
         "0": {
          "maxRSS": {
           "post": 18136,
           "pre": 18136
          },
          "num-tuples": 20,
          "runtime": { "start": 1022755508, "end": 1022755514},
          "source-locator": "/root/compiler/measurements/night03-t2/culprit_cycle/n20/emit/transformed.dl [13:1-13:32]"
         }
        }
       },
       "runtime": { "start": 1022755508, "end": 1022755519}
      },
      "5": {
       "copytime": { "start": 1022755616, "end": 1022755619},
       "maxRSS": {
        "post": 18136,
        "pre": 18136
       },
       "num-tuples": 15,
       "recursive-rule": {
        "q(x,y) :- \n   q(x,z),\n   base(z,y).": {
         "0": {
          "maxRSS": {
           "post": 18136,
           "pre": 18136
          },
          "num-tuples": 15,
          "runtime": { "start": 1022755542, "end": 1022755589},
          "source-locator": "/root/compiler/measurements/night03-t2/culprit_cycle/n20/emit/transformed.dl [13:1-13:32]"
         }
        }
       },
       "runtime": { "start": 1022755542, "end": 1022755598}
      },
      "6": {
       "copytime": { "start": 1022755655, "end": 1022755660},
       "maxRSS": {
        "post": 18136,
        "pre": 18136
       },
       "num-tuples": 15,
       "recursive-rule": {
        "q(x,y) :- \n   q(x,z),\n   base(z,y).": {
         "0": {
          "maxRSS": {
           "post": 18136,
           "pre": 18136
          },
          "num-tuples": 15,
          "runtime": { "start": 1022755633, "end": 1022755639},
          "source-locator": "/root/compiler/measurements/night03-t2/culprit_cycle/n20/emit/transformed.dl [13:1-13:32]"
         }
        }
       },
       "runtime": { "start": 1022755623, "end": 1022755647}
      },
      "7": {
       "copytime": { "start": 1022755696, "end": 1022755698},
       "maxRSS": {
        "post": 18136,
        "pre": 18136
       },
       "num-tuples": 5,
       "recursive-rule": {
        "q(x,y) :- \n   q(x,z),\n   base(z,y).": {
         "0": {
          "maxRSS": {
           "post": 18136,
           "pre": 18136
          },
          "num-tuples": 5,
          "runtime": { "start": 1022755673, "end": 1022755678},
          "source-locator": "/root/compiler/measurements/night03-t2/culprit_cycle/n20/emit/transformed.dl [13:1-13:32]"
         }
        }
       },
       "runtime": { "start": 1022755663, "end": 1022755686}
      },
      "8": {
       "maxRSS": {
        "post": 18136,
        "pre": 18136
       },
       "num-tuples": 0,
       "recursive-rule": {
        "q(x,y) :- \n   q(x,z),\n   base(z,y).": {
         "0": {
          "maxRSS": {
           "post": 18136,
           "pre": 18136
          },
          "num-tuples": 0,
          "runtime": { "start": 1022755710, "end": 1022755713},
          "source-locator": "/root/compiler/measurements/night03-t2/culprit_cycle/n20/emit/transformed.dl [13:1-13:32]"
         }
        }
       },
       "runtime": { "start": 1022755701, "end": 1022755721}
      }
     },
     "maxRSS": {
      "post": 18136,
      "pre": 18136
     },
     "non-recursive-rule": {
      "q(x,y) :- \n   base(x,y).": {
       "atom-frequency": {
        "q(x,y) :- \n   base(x,y).": {
         "base": {
          "level": 0,
          "num-tuples": 0
         }
        }
       },
       "maxRSS": {
        "post": 18136,
        "pre": 18136
       },
       "num-tuples": 30,
       "runtime": { "start": 1022755310, "end": 1022755315},
       "source-locator": "/root/compiler/measurements/night03-t2/culprit_cycle/n20/emit/transformed.dl [12:1-12:23]"
      }
     },
     "num-tuples": 30,
     "reads": 345,
     "runtime": { "start": 1022755300, "end": 1022755324},
     "source-locator": "/root/compiler/measurements/night03-t2/culprit_cycle/n20/emit/transformed.dl [7:7-7:8]"
    },
    "s": {
     "maxRSS": {
      "post": 18136,
      "pre": 18136
     },
     "non-recursive-rule": {
      "s(x) :- \n   q(x,y),\n   blocked(y).": {
       "atom-frequency": {
        "s(x) :- \n   q(x,y),\n   blocked(y).": {
         "q": {
          "level": 0,
          "num-tuples": 0
         }
        }
       },
       "maxRSS": {
        "post": 18136,
        "pre": 18136
       },
       "num-tuples": 18,
       "runtime": { "start": 1022755750, "end": 1022755761},
       "source-locator": "/root/compiler/measurements/night03-t2/culprit_cycle/n20/emit/transformed.dl [14:1-14:29]"
      }
     },
     "num-tuples": 18,
     "reads": 31,
     "runtime": { "start": 1022755739, "end": 1022755771},
     "source-locator": "/root/compiler/measurements/night03-t2/culprit_cycle/n20/emit/transformed.dl [8:7-8:8]"
    }
   },
   "runtime": { "start": 1022755115, "end": 1022755943},
   "starttime": { "time": 1022755086},
   "usage": {
    "timepoint": {
     "1022755124": {
      "maxRSS": 18136,
      "systemtime": 4374,
      "usertime": 0
     },
     "1022755252": {
      "maxRSS": 18136,
      "systemtime": 4514,
      "usertime": 0
     },
     "1022755282": {
      "maxRSS": 18136,
      "systemtime": 4556,
      "usertime": 0
     },
     "1022755315": {
      "maxRSS": 18136,
      "systemtime": 4604,
      "usertime": 0
     },
     "1022755345": {
      "maxRSS": 18136,
      "systemtime": 4640,
      "usertime": 0
     },
     "1022755384": {
      "maxRSS": 18136,
      "systemtime": 4683,
      "usertime": 0
     },
     "1022755408": {
      "maxRSS": 18136,
      "systemtime": 4714,
      "usertime": 0
     },
     "1022755441": {
      "maxRSS": 18136,
      "systemtime": 4753,
      "usertime": 0
     },
     "1022755520": {
      "maxRSS": 18136,
      "systemtime": 4841,
      "usertime": 0
     },
     "1022755540": {
      "maxRSS": 18136,
      "systemtime": 4865,
      "usertime": 0
     },
     "1022755616": {
      "maxRSS": 18136,
      "systemtime": 4950,
      "usertime": 0
     },
     "1022755646": {
      "maxRSS": 18136,
      "systemtime": 4989,
      "usertime": 0
     },
     "1022755659": {
      "maxRSS": 18136,
      "systemtime": 5008,
      "usertime": 0
     },
     "1022755685": {
      "maxRSS": 18136,
      "systemtime": 5038,
      "usertime": 0
     },
     "1022755697": {
      "maxRSS": 18136,
      "systemtime": 5068,
      "usertime": 0
     },
     "1022755718": {
      "maxRSS": 18136,
      "systemtime": 5090,
      "usertime": 0
     },
     "1022755764": {
      "maxRSS": 18136,
      "systemtime": 5154,
      "usertime": 0
     },
     "1022755793": {
      "maxRSS": 18136,
      "systemtime": 5192,
      "usertime": 0
     },
     "1022755817": {
      "maxRSS": 18136,
      "systemtime": 5229,
      "usertime": 0
     },
     "1022755842": {
      "maxRSS": 18136,
      "systemtime": 5256,
      "usertime": 0
     },
     "1022755871": {
      "maxRSS": 18136,
      "systemtime": 5285,
      "usertime": 0
     }
    }
   }
  }
 }
}
