{
 "root": {
  "program": {
   "configuration": {
    "": "/root/compiler/measurements/m3-5-headline-m4/family/transitive_closure_bound/n2000/emit_guarded/transformed.dl",
    "fact-dir": "/root/compiler/fixtures/benchmark-family/transitive_closure_bound/n2000",
    "include-dir": ".",
    "jobs": "1",
    "libraries": "functors",
    "library-dir": ".",
    "output-dir": "/root/compiler/measurements/m3-5-headline-m4/family/transitive_closure_bound/n2000/dlc",
    "profile": "prof.log",
    "relationCount": "7",
    "ruleCount": "13",
    "version": "2.5",
    "warn": "all",
    "wno": "none"
   },
   "relation": {
    "edge": {
     "loadtime": { "start": 22172738931, "end": 22172739900},
     "num-tuples": 4000,
     "reads": 0,
     "source-locator": "/root/compiler/measurements/m3-5-headline-m4/family/transitive_closure_bound/n2000/emit_guarded/transformed.dl [1:7-1:11]"
    },
    "magic_tc_bf": {
     "maxRSS": {
      "post": 14092,
      "pre": 14092
     },
     "non-recursive-rule": {
      "magic_tc_bf(1).": {
       "maxRSS": {
        "post": 14092,
        "pre": 14092
       },
       "num-tuples": 1,
       "runtime": { "start": 22172739926, "end": 22172739929},
       "source-locator": "/root/compiler/measurements/m3-5-headline-m4/family/transitive_closure_bound/n2000/emit_guarded/transformed.dl [21:1-21:16]"
      }
     },
     "num-tuples": 1,
     "reads": 0,
     "runtime": { "start": 22172739911, "end": 22172739938},
     "source-locator": "/root/compiler/measurements/m3-5-headline-m4/family/transitive_closure_bound/n2000/emit_guarded/transformed.dl [12:7-12:18]"
    },
    "q_tc": {
     "maxRSS": {
      "post": 14092,
      "pre": 14092
     },
     "non-recursive-rule": {
      "q_tc(y) :- \n   tc_bf(1,y).": {
       "atom-frequency": {
        "q_tc(y) :- \n   tc_bf(1,y).": {
         "tc_bf": {
          "level": 0,
          "num-tuples": 0
         }
        }
       },
       "maxRSS": {
        "post": 14092,
        "pre": 14092
       },
       "num-tuples": 50,
       "runtime": { "start": 22172741822, "end": 22172741826},
       "source-locator": "/root/compiler/measurements/m3-5-headline-m4/family/transitive_closure_bound/n2000/emit_guarded/transformed.dl [22:1-22:24]"
      }
     },
     "num-tuples": 50,
     "reads": 0,
     "runtime": { "start": 22172741813, "end": 22172741836},
     "savetime": { "start": 22172741840, "end": 22172742141},
     "source-locator": "/root/compiler/measurements/m3-5-headline-m4/family/transitive_closure_bound/n2000/emit_guarded/transformed.dl [4:7-4:11]"
    },
    "sup_tc_bf_r0_1": {
     "maxRSS": {
      "post": 14092,
      "pre": 14092
     },
     "non-recursive-rule": {
      "sup_tc_bf_r0_1(x,y) :- \n   magic_tc_bf(x),\n   edge(x,y).": {
       "atom-frequency": {
        "sup_tc_bf_r0_1(x,y) :- \n   magic_tc_bf(x),\n   edge(x,y).": {
         "edge": {
          "level": 1,
          "num-tuples": 0
         },
         "magic_tc_bf": {
          "level": 0,
          "num-tuples": 0
         }
        }
       },
       "maxRSS": {
        "post": 14092,
        "pre": 14092
       },
       "num-tuples": 4,
       "runtime": { "start": 22172739944, "end": 22172739949},
       "source-locator": "/root/compiler/measurements/m3-5-headline-m4/family/transitive_closure_bound/n2000/emit_guarded/transformed.dl [14:1-14:55]"
      }
     },
     "num-tuples": 4,
     "reads": 0,
     "runtime": { "start": 22172739943, "end": 22172739955},
     "source-locator": "/root/compiler/measurements/m3-5-headline-m4/family/transitive_closure_bound/n2000/emit_guarded/transformed.dl [7:7-7:21]"
    },
    "sup_tc_bf_r1_1": {
     "iteration": {
      "0": {
       "copytime": { "start": 22172740118, "end": 22172740120},
       "maxRSS": {
        "post": 14092,
        "pre": 14092
       },
       "num-tuples": 4,
       "recursive-rule": {
        "sup_tc_bf_r1_1(x,z) :- \n   magic_tc_bf(x),\n   tc_bf(x,z).": {
         "0": {
          "atom-frequency": {
           "@new_sup_tc_bf_r1_1(x,z) :- \n   magic_tc_bf(x),\n   @delta_tc_bf(x,z).": {
            "@delta_tc_bf": {
             "level": 1,
             "num-tuples": 0
            },
            "magic_tc_bf": {
             "level": 0,
             "num-tuples": 0
            }
           }
          },
          "maxRSS": {
           "post": 14092,
           "pre": 14092
          },
          "num-tuples": 4,
          "runtime": { "start": 22172739998, "end": 22172740014},
          "source-locator": "/root/compiler/measurements/m3-5-headline-m4/family/transitive_closure_bound/n2000/emit_guarded/transformed.dl [17:1-17:56]"
         }
        }
       },
       "runtime": { "start": 22172739989, "end": 22172740024}
      },
      "1": {
       "copytime": { "start": 22172740272, "end": 22172740284},
       "maxRSS": {
        "post": 14092,
        "pre": 14092
       },
       "num-tuples": 0,
       "recursive-rule": {
        "sup_tc_bf_r1_1(x,z) :- \n   magic_tc_bf(x),\n   tc_bf(x,z).": {
         "0": {
          "maxRSS": {
           "post": 14092,
           "pre": 14092
          },
          "num-tuples": 0,
          "runtime": { "start": 22172740151, "end": 22172740152},
          "source-locator": "/root/compiler/measurements/m3-5-headline-m4/family/transitive_closure_bound/n2000/emit_guarded/transformed.dl [17:1-17:56]"
         }
        }
       },
       "runtime": { "start": 22172740151, "end": 22172740161}
      },
      "10": {
       "copytime": { "start": 22172741439, "end": 22172741439},
       "maxRSS": {
        "post": 14092,
        "pre": 14092
       },
       "num-tuples": 0,
       "recursive-rule": {
        "sup_tc_bf_r1_1(x,z) :- \n   magic_tc_bf(x),\n   tc_bf(x,z).": {
         "0": {
          "maxRSS": {
           "post": 14092,
           "pre": 14092
          },
          "num-tuples": 0,
          "runtime": { "start": 22172741336, "end": 22172741337},
          "source-locator": "/root/compiler/measurements/m3-5-headline-m4/family/transitive_closure_bound/n2000/emit_guarded/transformed.dl [17:1-17:56]"
         }
        }
       },
       "runtime": { "start": 22172741327, "end": 22172741347}
      },
      "11": {
       "copytime": { "start": 22172741566, "end": 22172741567},
       "maxRSS": {
        "post": 14092,
        "pre": 14092
       },
       "num-tuples": 0,
       "recursive-rule": {
        "sup_tc_bf_r1_1(x,z) :- \n   magic_tc_bf(x),\n   tc_bf(x,z).": {
         "0": {
          "maxRSS": {
           "post": 14092,
           "pre": 14092
          },
          "num-tuples": 0,
          "runtime": { "start": 22172741472, "end": 22172741473},
          "source-locator": "/root/compiler/measurements/m3-5-headline-m4/family/transitive_closure_bound/n2000/emit_guarded/transformed.dl [17:1-17:56]"
         }
        }
       },
       "runtime": { "start": 22172741463, "end": 22172741481}
      },
      "12": {
       "copytime": { "start": 22172741670, "end": 22172741670},
       "maxRSS": {
        "post": 14092,
        "pre": 14092
       },
       "num-tuples": 3,
       "recursive-rule": {
        "sup_tc_bf_r1_1(x,z) :- \n   magic_tc_bf(x),\n   tc_bf(x,z).": {
         "0": {
          "maxRSS": {
           "post": 14092,
           "pre": 14092
          },
          "num-tuples": 3,
          "runtime": { "start": 22172741599, "end": 22172741601},
          "source-locator": "/root/compiler/measurements/m3-5-headline-m4/family/transitive_closure_bound/n2000/emit_guarded/transformed.dl [17:1-17:56]"
         }
        }
       },
       "runtime": { "start": 22172741591, "end": 22172741610}
      },
      "13": {
       "maxRSS": {
        "post": 14092,
        "pre": 14092
       },
       "num-tuples": 0,
       "recursive-rule": {
        "sup_tc_bf_r1_1(x,z) :- \n   magic_tc_bf(x),\n   tc_bf(x,z).": {
         "0": {
          "maxRSS": {
           "post": 14092,
           "pre": 14092
          },
          "num-tuples": 0,
          "runtime": { "start": 22172741702, "end": 22172741703},
          "source-locator": "/root/compiler/measurements/m3-5-headline-m4/family/transitive_closure_bound/n2000/emit_guarded/transformed.dl [17:1-17:56]"
         }
        }
       },
       "runtime": { "start": 22172741693, "end": 22172741712}
      },
      "2": {
       "copytime": { "start": 22172740439, "end": 22172740441},
       "maxRSS": {
        "post": 14092,
        "pre": 14092
       },
       "num-tuples": 0,
       "recursive-rule": {
        "sup_tc_bf_r1_1(x,z) :- \n   magic_tc_bf(x),\n   tc_bf(x,z).": {
         "0": {
          "maxRSS": {
           "post": 14092,
           "pre": 14092
          },
          "num-tuples": 0,
          "runtime": { "start": 22172740327, "end": 22172740328},
          "source-locator": "/root/compiler/measurements/m3-5-headline-m4/family/transitive_closure_bound/n2000/emit_guarded/transformed.dl [17:1-17:56]"
         }
        }
       },
       "runtime": { "start": 22172740316, "end": 22172740339}
      },
      "3": {
       "copytime": { "start": 22172740575, "end": 22172740585},
       "maxRSS": {
        "post": 14092,
        "pre": 14092
       },
       "num-tuples": 8,
       "recursive-rule": {
        "sup_tc_bf_r1_1(x,z) :- \n   magic_tc_bf(x),\n   tc_bf(x,z).": {
         "0": {
          "maxRSS": {
           "post": 14092,
           "pre": 14092
          },
          "num-tuples": 8,
          "runtime": { "start": 22172740475, "end": 22172740478},
          "source-locator": "/root/compiler/measurements/m3-5-headline-m4/family/transitive_closure_bound/n2000/emit_guarded/transformed.dl [17:1-17:56]"
         }
        }
       },
       "runtime": { "start": 22172740466, "end": 22172740486}
      },
      "4": {
       "copytime": { "start": 22172740705, "end": 22172740706},
       "maxRSS": {
        "post": 14092,
        "pre": 14092
       },
       "num-tuples": 0,
       "recursive-rule": {
        "sup_tc_bf_r1_1(x,z) :- \n   magic_tc_bf(x),\n   tc_bf(x,z).": {
         "0": {
          "maxRSS": {
           "post": 14092,
           "pre": 14092
          },
          "num-tuples": 0,
          "runtime": { "start": 22172740609, "end": 22172740610},
          "source-locator": "/root/compiler/measurements/m3-5-headline-m4/family/transitive_closure_bound/n2000/emit_guarded/transformed.dl [17:1-17:56]"
         }
        }
       },
       "runtime": { "start": 22172740608, "end": 22172740617}
      },
      "5": {
       "copytime": { "start": 22172740834, "end": 22172740835},
       "maxRSS": {
        "post": 14092,
        "pre": 14092
       },
       "num-tuples": 0,
       "recursive-rule": {
        "sup_tc_bf_r1_1(x,z) :- \n   magic_tc_bf(x),\n   tc_bf(x,z).": {
         "0": {
          "maxRSS": {
           "post": 14092,
           "pre": 14092
          },
          "num-tuples": 0,
          "runtime": { "start": 22172740739, "end": 22172740740},
          "source-locator": "/root/compiler/measurements/m3-5-headline-m4/family/transitive_closure_bound/n2000/emit_guarded/transformed.dl [17:1-17:56]"
         }
        }
       },
       "runtime": { "start": 22172740730, "end": 22172740748}
      },
      "6": {
       "copytime": { "start": 22172740924, "end": 22172740926},
       "maxRSS": {
        "post": 14092,
        "pre": 14092
       },
       "num-tuples": 18,
       "recursive-rule": {
        "sup_tc_bf_r1_1(x,z) :- \n   magic_tc_bf(x),\n   tc_bf(x,z).": {
         "0": {
          "maxRSS": {
           "post": 14092,
           "pre": 14092
          },
          "num-tuples": 18,
          "runtime": { "start": 22172740860, "end": 22172740863},
          "source-locator": "/root/compiler/measurements/m3-5-headline-m4/family/transitive_closure_bound/n2000/emit_guarded/transformed.dl [17:1-17:56]"
         }
        }
       },
       "runtime": { "start": 22172740859, "end": 22172740870}
      },
      "7": {
       "copytime": { "start": 22172741058, "end": 22172741059},
       "maxRSS": {
        "post": 14092,
        "pre": 14092
       },
       "num-tuples": 0,
       "recursive-rule": {
        "sup_tc_bf_r1_1(x,z) :- \n   magic_tc_bf(x),\n   tc_bf(x,z).": {
         "0": {
          "maxRSS": {
           "post": 14092,
           "pre": 14092
          },
          "num-tuples": 0,
          "runtime": { "start": 22172740958, "end": 22172740958},
          "source-locator": "/root/compiler/measurements/m3-5-headline-m4/family/transitive_closure_bound/n2000/emit_guarded/transformed.dl [17:1-17:56]"
         }
        }
       },
       "runtime": { "start": 22172740949, "end": 22172740966}
      },
      "8": {
       "copytime": { "start": 22172741181, "end": 22172741182},
       "maxRSS": {
        "post": 14092,
        "pre": 14092
       },
       "num-tuples": 0,
       "recursive-rule": {
        "sup_tc_bf_r1_1(x,z) :- \n   magic_tc_bf(x),\n   tc_bf(x,z).": {
         "0": {
          "maxRSS": {
           "post": 14092,
           "pre": 14092
          },
          "num-tuples": 0,
          "runtime": { "start": 22172741092, "end": 22172741093},
          "source-locator": "/root/compiler/measurements/m3-5-headline-m4/family/transitive_closure_bound/n2000/emit_guarded/transformed.dl [17:1-17:56]"
         }
        }
       },
       "runtime": { "start": 22172741083, "end": 22172741101}
      },
      "9": {
       "copytime": { "start": 22172741302, "end": 22172741304},
       "maxRSS": {
        "post": 14092,
        "pre": 14092
       },
       "num-tuples": 17,
       "recursive-rule": {
        "sup_tc_bf_r1_1(x,z) :- \n   magic_tc_bf(x),\n   tc_bf(x,z).": {
         "0": {
          "maxRSS": {
           "post": 14092,
           "pre": 14092
          },
          "num-tuples": 17,
          "runtime": { "start": 22172741208, "end": 22172741211},
          "source-locator": "/root/compiler/measurements/m3-5-headline-m4/family/transitive_closure_bound/n2000/emit_guarded/transformed.dl [17:1-17:56]"
         }
        }
       },
       "runtime": { "start": 22172741208, "end": 22172741218}
      }
     },
     "num-tuples": 0,
     "reads": 50,
     "source-locator": "/root/compiler/measurements/m3-5-headline-m4/family/transitive_closure_bound/n2000/emit_guarded/transformed.dl [10:7-10:21]"
    },
    "sup_tc_bf_r1_2": {
     "iteration": {
      "0": {
       "copytime": { "start": 22172740125, "end": 22172740126},
       "maxRSS": {
        "post": 14092,
        "pre": 14092
       },
       "num-tuples": 0,
       "recursive-rule": {
        "sup_tc_bf_r1_2(x,y) :- \n   sup_tc_bf_r1_1(x,z),\n   edge(z,y).": {
         "0": {
          "atom-frequency": {
           "@new_sup_tc_bf_r1_2(x,y) :- \n   @delta_sup_tc_bf_r1_1(x,z),\n   edge(z,y).": {
            "@delta_sup_tc_bf_r1_1": {
             "level": 0,
             "num-tuples": 0
            },
            "edge": {
             "level": 1,
             "num-tuples": 0
            }
           }
          },
          "maxRSS": {
           "post": 14092,
           "pre": 14092
          },
          "num-tuples": 0,
          "runtime": { "start": 22172740040, "end": 22172740041},
          "source-locator": "/root/compiler/measurements/m3-5-headline-m4/family/transitive_closure_bound/n2000/emit_guarded/transformed.dl [18:1-18:58]"
         }
        }
       },
       "runtime": { "start": 22172740039, "end": 22172740049}
      },
      "1": {
       "copytime": { "start": 22172740291, "end": 22172740303},
       "maxRSS": {
        "post": 14092,
        "pre": 14092
       },
       "num-tuples": 8,
       "recursive-rule": {
        "sup_tc_bf_r1_2(x,y) :- \n   sup_tc_bf_r1_1(x,z),\n   edge(z,y).": {
         "0": {
          "maxRSS": {
           "post": 14092,
           "pre": 14092
          },
          "num-tuples": 8,
          "runtime": { "start": 22172740177, "end": 22172740182},
          "source-locator": "/root/compiler/measurements/m3-5-headline-m4/family/transitive_closure_bound/n2000/emit_guarded/transformed.dl [18:1-18:58]"
         }
        }
       },
       "runtime": { "start": 22172740166, "end": 22172740192}
      },
      "10": {
       "copytime": { "start": 22172741443, "end": 22172741453},
       "maxRSS": {
        "post": 14092,
        "pre": 14092
       },
       "num-tuples": 3,
       "recursive-rule": {
        "sup_tc_bf_r1_2(x,y) :- \n   sup_tc_bf_r1_1(x,z),\n   edge(z,y).": {
         "0": {
          "maxRSS": {
           "post": 14092,
           "pre": 14092
          },
          "num-tuples": 3,
          "runtime": { "start": 22172741360, "end": 22172741368},
          "source-locator": "/root/compiler/measurements/m3-5-headline-m4/family/transitive_closure_bound/n2000/emit_guarded/transformed.dl [18:1-18:58]"
         }
        }
       },
       "runtime": { "start": 22172741351, "end": 22172741377}
      },
      "11": {
       "copytime": { "start": 22172741571, "end": 22172741580},
       "maxRSS": {
        "post": 14092,
        "pre": 14092
       },
       "num-tuples": 0,
       "recursive-rule": {
        "sup_tc_bf_r1_2(x,y) :- \n   sup_tc_bf_r1_1(x,z),\n   edge(z,y).": {
         "0": {
          "maxRSS": {
           "post": 14092,
           "pre": 14092
          },
          "num-tuples": 0,
          "runtime": { "start": 22172741494, "end": 22172741495},
          "source-locator": "/root/compiler/measurements/m3-5-headline-m4/family/transitive_closure_bound/n2000/emit_guarded/transformed.dl [18:1-18:58]"
         }
        }
       },
       "runtime": { "start": 22172741485, "end": 22172741504}
      },
      "12": {
       "copytime": { "start": 22172741673, "end": 22172741683},
       "maxRSS": {
        "post": 14092,
        "pre": 14092
       },
       "num-tuples": 0,
       "recursive-rule": {
        "sup_tc_bf_r1_2(x,y) :- \n   sup_tc_bf_r1_1(x,z),\n   edge(z,y).": {
         "0": {
          "maxRSS": {
           "post": 14092,
           "pre": 14092
          },
          "num-tuples": 0,
          "runtime": { "start": 22172741623, "end": 22172741624},
          "source-locator": "/root/compiler/measurements/m3-5-headline-m4/family/transitive_closure_bound/n2000/emit_guarded/transformed.dl [18:1-18:58]"
         }
        }
       },
       "runtime": { "start": 22172741615, "end": 22172741633}
      },
      "13": {
       "maxRSS": {
        "post": 14092,
        "pre": 14092
       },
       "num-tuples": 0,
       "recursive-rule": {
        "sup_tc_bf_r1_2(x,y) :- \n   sup_tc_bf_r1_1(x,z),\n   edge(z,y).": {
         "0": {
          "maxRSS": {
           "post": 14092,
           "pre": 14092
          },
          "num-tuples": 0,
          "runtime": { "start": 22172741725, "end": 22172741727},
          "source-locator": "/root/compiler/measurements/m3-5-headline-m4/family/transitive_closure_bound/n2000/emit_guarded/transformed.dl [18:1-18:58]"
         }
        }
       },
       "runtime": { "start": 22172741716, "end": 22172741735}
      },
      "2": {
       "copytime": { "start": 22172740446, "end": 22172740456},
       "maxRSS": {
        "post": 14092,
        "pre": 14092
       },
       "num-tuples": 0,
       "recursive-rule": {
        "sup_tc_bf_r1_2(x,y) :- \n   sup_tc_bf_r1_1(x,z),\n   edge(z,y).": {
         "0": {
          "maxRSS": {
           "post": 14092,
           "pre": 14092
          },
          "num-tuples": 0,
          "runtime": { "start": 22172740356, "end": 22172740356},
          "source-locator": "/root/compiler/measurements/m3-5-headline-m4/family/transitive_closure_bound/n2000/emit_guarded/transformed.dl [18:1-18:58]"
         }
        }
       },
       "runtime": { "start": 22172740344, "end": 22172740367}
      },
      "3": {
       "copytime": { "start": 22172740590, "end": 22172740590},
       "maxRSS": {
        "post": 14092,
        "pre": 14092
       },
       "num-tuples": 0,
       "recursive-rule": {
        "sup_tc_bf_r1_2(x,y) :- \n   sup_tc_bf_r1_1(x,z),\n   edge(z,y).": {
         "0": {
          "maxRSS": {
           "post": 14092,
           "pre": 14092
          },
          "num-tuples": 0,
          "runtime": { "start": 22172740499, "end": 22172740500},
          "source-locator": "/root/compiler/measurements/m3-5-headline-m4/family/transitive_closure_bound/n2000/emit_guarded/transformed.dl [18:1-18:58]"
         }
        }
       },
       "runtime": { "start": 22172740490, "end": 22172740508}
      },
      "4": {
       "copytime": { "start": 22172740710, "end": 22172740721},
       "maxRSS": {
        "post": 14092,
        "pre": 14092
       },
       "num-tuples": 22,
       "recursive-rule": {
        "sup_tc_bf_r1_2(x,y) :- \n   sup_tc_bf_r1_1(x,z),\n   edge(z,y).": {
         "0": {
          "maxRSS": {
           "post": 14092,
           "pre": 14092
          },
          "num-tuples": 22,
          "runtime": { "start": 22172740630, "end": 22172740637},
          "source-locator": "/root/compiler/measurements/m3-5-headline-m4/family/transitive_closure_bound/n2000/emit_guarded/transformed.dl [18:1-18:58]"
         }
        }
       },
       "runtime": { "start": 22172740621, "end": 22172740645}
      },
      "5": {
       "copytime": { "start": 22172740838, "end": 22172740848},
       "maxRSS": {
        "post": 14092,
        "pre": 14092
       },
       "num-tuples": 0,
       "recursive-rule": {
        "sup_tc_bf_r1_2(x,y) :- \n   sup_tc_bf_r1_1(x,z),\n   edge(z,y).": {
         "0": {
          "maxRSS": {
           "post": 14092,
           "pre": 14092
          },
          "num-tuples": 0,
          "runtime": { "start": 22172740761, "end": 22172740762},
          "source-locator": "/root/compiler/measurements/m3-5-headline-m4/family/transitive_closure_bound/n2000/emit_guarded/transformed.dl [18:1-18:58]"
         }
        }
       },
       "runtime": { "start": 22172740752, "end": 22172740771}
      },
      "6": {
       "copytime": { "start": 22172740930, "end": 22172740939},
       "maxRSS": {
        "post": 14092,
        "pre": 14092
       },
       "num-tuples": 0,
       "recursive-rule": {
        "sup_tc_bf_r1_2(x,y) :- \n   sup_tc_bf_r1_1(x,z),\n   edge(z,y).": {
         "0": {
          "maxRSS": {
           "post": 14092,
           "pre": 14092
          },
          "num-tuples": 0,
          "runtime": { "start": 22172740874, "end": 22172740874},
          "source-locator": "/root/compiler/measurements/m3-5-headline-m4/family/transitive_closure_bound/n2000/emit_guarded/transformed.dl [18:1-18:58]"
         }
        }
       },
       "runtime": { "start": 22172740874, "end": 22172740879}
      },
      "7": {
       "copytime": { "start": 22172741063, "end": 22172741074},
       "maxRSS": {
        "post": 14092,
        "pre": 14092
       },
       "num-tuples": 17,
       "recursive-rule": {
        "sup_tc_bf_r1_2(x,y) :- \n   sup_tc_bf_r1_1(x,z),\n   edge(z,y).": {
         "0": {
          "maxRSS": {
           "post": 14092,
           "pre": 14092
          },
          "num-tuples": 17,
          "runtime": { "start": 22172740980, "end": 22172740990},
          "source-locator": "/root/compiler/measurements/m3-5-headline-m4/family/transitive_closure_bound/n2000/emit_guarded/transformed.dl [18:1-18:58]"
         }
        }
       },
       "runtime": { "start": 22172740971, "end": 22172740998}
      },
      "8": {
       "copytime": { "start": 22172741186, "end": 22172741196},
       "maxRSS": {
        "post": 14092,
        "pre": 14092
       },
       "num-tuples": 0,
       "recursive-rule": {
        "sup_tc_bf_r1_2(x,y) :- \n   sup_tc_bf_r1_1(x,z),\n   edge(z,y).": {
         "0": {
          "maxRSS": {
           "post": 14092,
           "pre": 14092
          },
          "num-tuples": 0,
          "runtime": { "start": 22172741115, "end": 22172741115},
          "source-locator": "/root/compiler/measurements/m3-5-headline-m4/family/transitive_closure_bound/n2000/emit_guarded/transformed.dl [18:1-18:58]"
         }
        }
       },
       "runtime": { "start": 22172741106, "end": 22172741129}
      },
      "9": {
       "copytime": { "start": 22172741309, "end": 22172741318},
       "maxRSS": {
        "post": 14092,
        "pre": 14092
       },
       "num-tuples": 0,
       "recursive-rule": {
        "sup_tc_bf_r1_2(x,y) :- \n   sup_tc_bf_r1_1(x,z),\n   edge(z,y).": {
         "0": {
          "maxRSS": {
           "post": 14092,
           "pre": 14092
          },
          "num-tuples": 0,
          "runtime": { "start": 22172741232, "end": 22172741232},
          "source-locator": "/root/compiler/measurements/m3-5-headline-m4/family/transitive_closure_bound/n2000/emit_guarded/transformed.dl [18:1-18:58]"
         }
        }
       },
       "runtime": { "start": 22172741223, "end": 22172741241}
      }
     },
     "num-tuples": 0,
     "reads": 149,
     "source-locator": "/root/compiler/measurements/m3-5-headline-m4/family/transitive_closure_bound/n2000/emit_guarded/transformed.dl [11:7-11:21]"
    },
    "tc_bf": {
     "iteration": {
      "0": {
       "copytime": { "start": 22172740130, "end": 22172740144},
       "maxRSS": {
        "post": 14092,
        "pre": 14092
       },
       "num-tuples": 0,
       "recursive-rule": {
        "tc_bf(x,y) :- \n   sup_tc_bf_r1_2(x,y).": {
         "0": {
          "atom-frequency": {
           "@new_tc_bf(x,y) :- \n   @delta_sup_tc_bf_r1_2(x,y).": {
            "@delta_sup_tc_bf_r1_2": {
             "level": 0,
             "num-tuples": 0
            }
           }
          },
          "maxRSS": {
           "post": 14092,
           "pre": 14092
          },
          "num-tuples": 0,
          "runtime": { "start": 22172740067, "end": 22172740068},
          "source-locator": "/root/compiler/measurements/m3-5-headline-m4/family/transitive_closure_bound/n2000/emit_guarded/transformed.dl [20:1-20:37]"
         }
        }
       },
       "runtime": { "start": 22172740054, "end": 22172740079}
      },
      "1": {
       "copytime": { "start": 22172740310, "end": 22172740311},
       "maxRSS": {
        "post": 14092,
        "pre": 14092
       },
       "num-tuples": 0,
       "recursive-rule": {
        "tc_bf(x,y) :- \n   sup_tc_bf_r1_2(x,y).": {
         "0": {
          "maxRSS": {
           "post": 14092,
           "pre": 14092
          },
          "num-tuples": 0,
          "runtime": { "start": 22172740209, "end": 22172740210},
          "source-locator": "/root/compiler/measurements/m3-5-headline-m4/family/transitive_closure_bound/n2000/emit_guarded/transformed.dl [20:1-20:37]"
         }
        }
       },
       "runtime": { "start": 22172740198, "end": 22172740221}
      },
      "10": {
       "copytime": { "start": 22172741458, "end": 22172741459},
       "maxRSS": {
        "post": 14092,
        "pre": 14092
       },
       "num-tuples": 0,
       "recursive-rule": {
        "tc_bf(x,y) :- \n   sup_tc_bf_r1_2(x,y).": {
         "0": {
          "maxRSS": {
           "post": 14092,
           "pre": 14092
          },
          "num-tuples": 0,
          "runtime": { "start": 22172741391, "end": 22172741392},
          "source-locator": "/root/compiler/measurements/m3-5-headline-m4/family/transitive_closure_bound/n2000/emit_guarded/transformed.dl [20:1-20:37]"
         }
        }
       },
       "runtime": { "start": 22172741382, "end": 22172741400}
      },
      "11": {
       "copytime": { "start": 22172741586, "end": 22172741587},
       "maxRSS": {
        "post": 14092,
        "pre": 14092
       },
       "num-tuples": 3,
       "recursive-rule": {
        "tc_bf(x,y) :- \n   sup_tc_bf_r1_2(x,y).": {
         "0": {
          "maxRSS": {
           "post": 14092,
           "pre": 14092
          },
          "num-tuples": 3,
          "runtime": { "start": 22172741518, "end": 22172741519},
          "source-locator": "/root/compiler/measurements/m3-5-headline-m4/family/transitive_closure_bound/n2000/emit_guarded/transformed.dl [20:1-20:37]"
         }
        }
       },
       "runtime": { "start": 22172741509, "end": 22172741528}
      },
      "12": {
       "copytime": { "start": 22172741688, "end": 22172741688},
       "maxRSS": {
        "post": 14092,
        "pre": 14092
       },
       "num-tuples": 0,
       "recursive-rule": {
        "tc_bf(x,y) :- \n   sup_tc_bf_r1_2(x,y).": {
         "0": {
          "maxRSS": {
           "post": 14092,
           "pre": 14092
          },
          "num-tuples": 0,
          "runtime": { "start": 22172741637, "end": 22172741639},
          "source-locator": "/root/compiler/measurements/m3-5-headline-m4/family/transitive_closure_bound/n2000/emit_guarded/transformed.dl [20:1-20:37]"
         }
        }
       },
       "runtime": { "start": 22172741637, "end": 22172741645}
      },
      "13": {
       "maxRSS": {
        "post": 14092,
        "pre": 14092
       },
       "num-tuples": 0,
       "recursive-rule": {
        "tc_bf(x,y) :- \n   sup_tc_bf_r1_2(x,y).": {
         "0": {
          "maxRSS": {
           "post": 14092,
           "pre": 14092
          },
          "num-tuples": 0,
          "runtime": { "start": 22172741749, "end": 22172741749},
          "source-locator": "/root/compiler/measurements/m3-5-headline-m4/family/transitive_closure_bound/n2000/emit_guarded/transformed.dl [20:1-20:37]"
         }
        }
       },
       "runtime": { "start": 22172741740, "end": 22172741758}
      },
      "2": {
       "copytime": { "start": 22172740461, "end": 22172740462},
       "maxRSS": {
        "post": 14092,
        "pre": 14092
       },
       "num-tuples": 8,
       "recursive-rule": {
        "tc_bf(x,y) :- \n   sup_tc_bf_r1_2(x,y).": {
         "0": {
          "maxRSS": {
           "post": 14092,
           "pre": 14092
          },
          "num-tuples": 8,
          "runtime": { "start": 22172740383, "end": 22172740386},
          "source-locator": "/root/compiler/measurements/m3-5-headline-m4/family/transitive_closure_bound/n2000/emit_guarded/transformed.dl [20:1-20:37]"
         }
        }
       },
       "runtime": { "start": 22172740372, "end": 22172740395}
      },
      "3": {
       "copytime": { "start": 22172740594, "end": 22172740603},
       "maxRSS": {
        "post": 14092,
        "pre": 14092
       },
       "num-tuples": 0,
       "recursive-rule": {
        "tc_bf(x,y) :- \n   sup_tc_bf_r1_2(x,y).": {
         "0": {
          "maxRSS": {
           "post": 14092,
           "pre": 14092
          },
          "num-tuples": 0,
          "runtime": { "start": 22172740522, "end": 22172740522},
          "source-locator": "/root/compiler/measurements/m3-5-headline-m4/family/transitive_closure_bound/n2000/emit_guarded/transformed.dl [20:1-20:37]"
         }
        }
       },
       "runtime": { "start": 22172740513, "end": 22172740530}
      },
      "4": {
       "copytime": { "start": 22172740726, "end": 22172740727},
       "maxRSS": {
        "post": 14092,
        "pre": 14092
       },
       "num-tuples": 0,
       "recursive-rule": {
        "tc_bf(x,y) :- \n   sup_tc_bf_r1_2(x,y).": {
         "0": {
          "maxRSS": {
           "post": 14092,
           "pre": 14092
          },
          "num-tuples": 0,
          "runtime": { "start": 22172740658, "end": 22172740659},
          "source-locator": "/root/compiler/measurements/m3-5-headline-m4/family/transitive_closure_bound/n2000/emit_guarded/transformed.dl [20:1-20:37]"
         }
        }
       },
       "runtime": { "start": 22172740650, "end": 22172740667}
      },
      "5": {
       "copytime": { "start": 22172740853, "end": 22172740855},
       "maxRSS": {
        "post": 14092,
        "pre": 14092
       },
       "num-tuples": 18,
       "recursive-rule": {
        "tc_bf(x,y) :- \n   sup_tc_bf_r1_2(x,y).": {
         "0": {
          "maxRSS": {
           "post": 14092,
           "pre": 14092
          },
          "num-tuples": 18,
          "runtime": { "start": 22172740784, "end": 22172740788},
          "source-locator": "/root/compiler/measurements/m3-5-headline-m4/family/transitive_closure_bound/n2000/emit_guarded/transformed.dl [20:1-20:37]"
         }
        }
       },
       "runtime": { "start": 22172740776, "end": 22172740796}
      },
      "6": {
       "copytime": { "start": 22172740944, "end": 22172740945},
       "maxRSS": {
        "post": 14092,
        "pre": 14092
       },
       "num-tuples": 0,
       "recursive-rule": {
        "tc_bf(x,y) :- \n   sup_tc_bf_r1_2(x,y).": {
         "0": {
          "maxRSS": {
           "post": 14092,
           "pre": 14092
          },
          "num-tuples": 0,
          "runtime": { "start": 22172740882, "end": 22172740883},
          "source-locator": "/root/compiler/measurements/m3-5-headline-m4/family/transitive_closure_bound/n2000/emit_guarded/transformed.dl [20:1-20:37]"
         }
        }
       },
       "runtime": { "start": 22172740882, "end": 22172740888}
      },
      "7": {
       "copytime": { "start": 22172741079, "end": 22172741079},
       "maxRSS": {
        "post": 14092,
        "pre": 14092
       },
       "num-tuples": 0,
       "recursive-rule": {
        "tc_bf(x,y) :- \n   sup_tc_bf_r1_2(x,y).": {
         "0": {
          "maxRSS": {
           "post": 14092,
           "pre": 14092
          },
          "num-tuples": 0,
          "runtime": { "start": 22172741012, "end": 22172741012},
          "source-locator": "/root/compiler/measurements/m3-5-headline-m4/family/transitive_closure_bound/n2000/emit_guarded/transformed.dl [20:1-20:37]"
         }
        }
       },
       "runtime": { "start": 22172741003, "end": 22172741020}
      },
      "8": {
       "copytime": { "start": 22172741201, "end": 22172741203},
       "maxRSS": {
        "post": 14092,
        "pre": 14092
       },
       "num-tuples": 17,
       "recursive-rule": {
        "tc_bf(x,y) :- \n   sup_tc_bf_r1_2(x,y).": {
         "0": {
          "maxRSS": {
           "post": 14092,
           "pre": 14092
          },
          "num-tuples": 17,
          "runtime": { "start": 22172741133, "end": 22172741136},
          "source-locator": "/root/compiler/measurements/m3-5-headline-m4/family/transitive_closure_bound/n2000/emit_guarded/transformed.dl [20:1-20:37]"
         }
        }
       },
       "runtime": { "start": 22172741133, "end": 22172741142}
      },
      "9": {
       "copytime": { "start": 22172741323, "end": 22172741324},
       "maxRSS": {
        "post": 14092,
        "pre": 14092
       },
       "num-tuples": 0,
       "recursive-rule": {
        "tc_bf(x,y) :- \n   sup_tc_bf_r1_2(x,y).": {
         "0": {
          "maxRSS": {
           "post": 14092,
           "pre": 14092
          },
          "num-tuples": 0,
          "runtime": { "start": 22172741255, "end": 22172741255},
          "source-locator": "/root/compiler/measurements/m3-5-headline-m4/family/transitive_closure_bound/n2000/emit_guarded/transformed.dl [20:1-20:37]"
         }
        }
       },
       "runtime": { "start": 22172741245, "end": 22172741264}
      }
     },
     "maxRSS": {
      "post": 14092,
      "pre": 14092
     },
     "non-recursive-rule": {
      "tc_bf(x,y) :- \n   sup_tc_bf_r0_1(x,y).": {
       "atom-frequency": {
        "tc_bf(x,y) :- \n   sup_tc_bf_r0_1(x,y).": {
         "sup_tc_bf_r0_1": {
          "level": 0,
          "num-tuples": 0
         }
        }
       },
       "maxRSS": {
        "post": 14092,
        "pre": 14092
       },
       "num-tuples": 4,
       "runtime": { "start": 22172739973, "end": 22172739975},
       "source-locator": "/root/compiler/measurements/m3-5-headline-m4/family/transitive_closure_bound/n2000/emit_guarded/transformed.dl [15:1-15:37]"
      }
     },
     "num-tuples": 4,
     "reads": 50,
     "runtime": { "start": 22172739963, "end": 22172739983},
     "source-locator": "/root/compiler/measurements/m3-5-headline-m4/family/transitive_closure_bound/n2000/emit_guarded/transformed.dl [8:7-8:12]"
    }
   },
   "runtime": { "start": 22172738925, "end": 22172742148},
   "starttime": { "time": 22172738892},
   "usage": {
    "timepoint": {
     "22172738909": {
      "maxRSS": 14092,
      "systemtime": 0,
      "usertime": 2287
     },
     "22172738934": {
      "maxRSS": 14092,
      "systemtime": 0,
      "usertime": 4861
     },
     "22172739941": {
      "maxRSS": 14092,
      "systemtime": 0,
      "usertime": 5880
     },
     "22172739982": {
      "maxRSS": 14092,
      "systemtime": 0,
      "usertime": 5934
     },
     "22172740044": {
      "maxRSS": 14092,
      "systemtime": 0,
      "usertime": 6019
     },
     "22172740079": {
      "maxRSS": 14092,
      "systemtime": 0,
      "usertime": 6071
     },
     "22172740116": {
      "maxRSS": 14092,
      "systemtime": 0,
      "usertime": 6123
     },
     "22172740151": {
      "maxRSS": 14092,
      "systemtime": 0,
      "usertime": 6181
     },
     "22172740181": {
      "maxRSS": 14092,
      "systemtime": 0,
      "usertime": 6215
     },
     "22172740213": {
      "maxRSS": 14092,
      "systemtime": 0,
      "usertime": 6254
     },
     "22172740244": {
      "maxRSS": 14092,
      "systemtime": 0,
      "usertime": 6291
     },
     "22172740267": {
      "maxRSS": 14092,
      "systemtime": 0,
      "usertime": 6326
     },
     "22172740287": {
      "maxRSS": 14092,
      "systemtime": 0,
      "usertime": 6353
     },
     "22172740306": {
      "maxRSS": 14092,
      "systemtime": 0,
      "usertime": 6378
     },
     "22172740330": {
      "maxRSS": 14092,
      "systemtime": 0,
      "usertime": 6413
     },
     "22172740359": {
      "maxRSS": 14092,
      "systemtime": 0,
      "usertime": 6448
     },
     "22172740387": {
      "maxRSS": 14092,
      "systemtime": 0,
      "usertime": 6484
     },
     "22172740415": {
      "maxRSS": 14092,
      "systemtime": 0,
      "usertime": 6515
     },
     "22172740436": {
      "maxRSS": 14092,
      "systemtime": 0,
      "usertime": 6544
     },
     "22172740440": {
      "maxRSS": 14092,
      "systemtime": 0,
      "usertime": 6555
     },
     "22172740459": {
      "maxRSS": 14092,
      "systemtime": 0,
      "usertime": 6578
     },
     "22172740480": {
      "maxRSS": 14092,
      "systemtime": 0,
      "usertime": 6607
     },
     "22172740503": {
      "maxRSS": 14092,
      "systemtime": 0,
      "usertime": 6635
     },
     "22172740526": {
      "maxRSS": 14092,
      "systemtime": 0,
      "usertime": 6664
     },
     "22172740548": {
      "maxRSS": 14092,
      "systemtime": 0,
      "usertime": 6685
     },
     "22172740569": {
      "maxRSS": 14092,
      "systemtime": 0,
      "usertime": 6721
     },
     "22172740588": {
      "maxRSS": 14092,
      "systemtime": 0,
      "usertime": 6749
     },
     "22172740607": {
      "maxRSS": 14092,
      "systemtime": 0,
      "usertime": 6774
     },
     "22172740634": {
      "maxRSS": 14092,
      "systemtime": 0,
      "usertime": 6808
     },
     "22172740663": {
      "maxRSS": 14092,
      "systemtime": 0,
      "usertime": 6843
     },
     "22172740685": {
      "maxRSS": 14092,
      "systemtime": 0,
      "usertime": 6871
     },
     "22172740703": {
      "maxRSS": 14092,
      "systemtime": 0,
      "usertime": 6896
     },
     "22172740723": {
      "maxRSS": 14092,
      "systemtime": 0,
      "usertime": 6926
     },
     "22172740743": {
      "maxRSS": 14092,
      "systemtime": 0,
      "usertime": 6951
     },
     "22172740765": {
      "maxRSS": 14092,
      "systemtime": 0,
      "usertime": 6980
     },
     "22172740789": {
      "maxRSS": 14092,
      "systemtime": 0,
      "usertime": 7013
     },
     "22172740813": {
      "maxRSS": 14092,
      "systemtime": 0,
      "usertime": 7041
     },
     "22172740832": {
      "maxRSS": 14092,
      "systemtime": 0,
      "usertime": 7066
     },
     "22172740882": {
      "maxRSS": 14092,
      "systemtime": 0,
      "usertime": 7159
     },
     "22172740904": {
      "maxRSS": 14092,
      "systemtime": 0,
      "usertime": 7183
     },
     "22172740923": {
      "maxRSS": 14092,
      "systemtime": 0,
      "usertime": 7209
     },
     "22172740943": {
      "maxRSS": 14092,
      "systemtime": 0,
      "usertime": 7236
     },
     "22172740962": {
      "maxRSS": 14092,
      "systemtime": 0,
      "usertime": 7261
     },
     "22172740984": {
      "maxRSS": 14092,
      "systemtime": 0,
      "usertime": 7290
     },
     "22172741016": {
      "maxRSS": 14092,
      "systemtime": 0,
      "usertime": 7328
     },
     "22172741038": {
      "maxRSS": 14092,
      "systemtime": 0,
      "usertime": 7358
     },
     "22172741057": {
      "maxRSS": 14092,
      "systemtime": 0,
      "usertime": 7383
     },
     "22172741076": {
      "maxRSS": 14092,
      "systemtime": 0,
      "usertime": 7410
     },
     "22172741097": {
      "maxRSS": 14092,
      "systemtime": 0,
      "usertime": 7436
     },
     "22172741133": {
      "maxRSS": 14092,
      "systemtime": 0,
      "usertime": 7498
     },
     "22172741160": {
      "maxRSS": 14092,
      "systemtime": 0,
      "usertime": 7527
     },
     "22172741180": {
      "maxRSS": 14092,
      "systemtime": 0,
      "usertime": 7556
     },
     "22172741203": {
      "maxRSS": 14092,
      "systemtime": 0,
      "usertime": 7592
     },
     "22172741238": {
      "maxRSS": 14092,
      "systemtime": 0,
      "usertime": 7631
     },
     "22172741259": {
      "maxRSS": 14092,
      "systemtime": 0,
      "usertime": 7661
     },
     "22172741282": {
      "maxRSS": 14092,
      "systemtime": 0,
      "usertime": 7690
     },
     "22172741301": {
      "maxRSS": 14092,
      "systemtime": 0,
      "usertime": 7716
     },
     "22172741322": {
      "maxRSS": 14092,
      "systemtime": 0,
      "usertime": 7745
     },
     "22172741340": {
      "maxRSS": 14092,
      "systemtime": 0,
      "usertime": 7771
     },
     "22172741364": {
      "maxRSS": 14092,
      "systemtime": 0,
      "usertime": 7801
     },
     "22172741395": {
      "maxRSS": 14092,
      "systemtime": 0,
      "usertime": 7838
     },
     "22172741417": {
      "maxRSS": 14092,
      "systemtime": 0,
      "usertime": 7866
     },
     "22172741437": {
      "maxRSS": 14092,
      "systemtime": 0,
      "usertime": 7893
     },
     "22172741456": {
      "maxRSS": 14092,
      "systemtime": 0,
      "usertime": 7920
     },
     "22172741476": {
      "maxRSS": 14092,
      "systemtime": 0,
      "usertime": 7947
     },
     "22172741498": {
      "maxRSS": 14092,
      "systemtime": 0,
      "usertime": 7975
     },
     "22172741522": {
      "maxRSS": 14092,
      "systemtime": 0,
      "usertime": 8007
     },
     "22172741546": {
      "maxRSS": 14092,
      "systemtime": 0,
      "usertime": 8036
     },
     "22172741565": {
      "maxRSS": 14092,
      "systemtime": 0,
      "usertime": 8061
     },
     "22172741584": {
      "maxRSS": 14092,
      "systemtime": 0,
      "usertime": 8087
     },
     "22172741603": {
      "maxRSS": 14092,
      "systemtime": 0,
      "usertime": 8116
     },
     "22172741634": {
      "maxRSS": 14092,
      "systemtime": 0,
      "usertime": 8154
     },
     "22172741639": {
      "maxRSS": 14092,
      "systemtime": 0,
      "usertime": 8166
     },
     "22172741661": {
      "maxRSS": 14092,
      "systemtime": 0,
      "usertime": 8189
     },
     "22172741667": {
      "maxRSS": 14092,
      "systemtime": 0,
      "usertime": 8205
     },
     "22172741686": {
      "maxRSS": 14092,
      "systemtime": 0,
      "usertime": 8226
     },
     "22172741706": {
      "maxRSS": 14092,
      "systemtime": 0,
      "usertime": 8254
     },
     "22172741729": {
      "maxRSS": 14092,
      "systemtime": 0,
      "usertime": 8285
     },
     "22172741753": {
      "maxRSS": 14092,
      "systemtime": 0,
      "usertime": 8314
     },
     "22172741775": {
      "maxRSS": 14092,
      "systemtime": 0,
      "usertime": 8342
     },
     "22172741794": {
      "maxRSS": 14092,
      "systemtime": 0,
      "usertime": 8368
     },
     "22172741826": {
      "maxRSS": 14092,
      "systemtime": 0,
      "usertime": 8410
     },
     "22172741853": {
      "maxRSS": 14092,
      "systemtime": 0,
      "usertime": 8434
     }
    }
   }
  }
 }
}
