{
 "root": {
  "program": {
   "configuration": {
    "": "/root/compiler/tests/corpus/BENCHMARK_FAMILY/same_generation_negation.dl",
    "fact-dir": "/root/compiler/fixtures/benchmark-family/same_generation_negation/d4_b4",
    "include-dir": ".",
    "jobs": "1",
    "libraries": "functors",
    "library-dir": ".",
    "output-dir": "/root/compiler/measurements/m4-sips/before_gate/same_generation_negation/original",
    "profile": "prof.log",
    "relationCount": "5",
    "ruleCount": "6",
    "version": "2.5",
    "warn": "all",
    "wno": "none"
   },
   "relation": {
    "notsg": {
     "maxRSS": {
      "post": 13620,
      "pre": 13620
     },
     "non-recursive-rule": {
      "notsg(x,y) :- \n   person(x),\n   person(y),\n   !sg(x,y).": {
       "atom-frequency": {
        "notsg(x,y) :- \n   person(x),\n   person(y),\n   !sg(x,y).": {
         "person": {
          "level": 0,
          "num-tuples": 0
         }
        }
       },
       "maxRSS": {
        "post": 13620,
        "pre": 13620
       },
       "num-tuples": 20620,
       "runtime": { "start": 16826552721, "end": 16826555458},
       "source-locator": "/root/compiler/tests/corpus/BENCHMARK_FAMILY/same_generation_negation.dl [31:1-31:46]"
      }
     },
     "num-tuples": 20620,
     "reads": 0,
     "runtime": { "start": 16826552720, "end": 16826555470},
     "source-locator": "/root/compiler/tests/corpus/BENCHMARK_FAMILY/same_generation_negation.dl [30:7-30:12]"
    },
    "parent": {
     "loadtime": { "start": 16826537857, "end": 16826538037},
     "num-tuples": 225,
     "reads": 0,
     "source-locator": "/root/compiler/tests/corpus/BENCHMARK_FAMILY/same_generation_negation.dl [20:7-20:13]"
    },
    "person": {
     "loadtime": { "start": 16826538046, "end": 16826538096},
     "num-tuples": 226,
     "reads": 0,
     "source-locator": "/root/compiler/tests/corpus/BENCHMARK_FAMILY/same_generation_negation.dl [23:7-23:13]"
    },
    "q_notsg": {
     "maxRSS": {
      "post": 13620,
      "pre": 13620
     },
     "non-recursive-rule": {
      "q_notsg(y) :- \n   notsg(0,y).": {
       "atom-frequency": {
        "q_notsg(y) :- \n   notsg(0,y).": {
         "notsg": {
          "level": 0,
          "num-tuples": 0
         }
        }
       },
       "maxRSS": {
        "post": 13620,
        "pre": 13620
       },
       "num-tuples": 225,
       "runtime": { "start": 16826555572, "end": 16826555587},
       "source-locator": "/root/compiler/tests/corpus/BENCHMARK_FAMILY/same_generation_negation.dl [35:1-35:26]"
      }
     },
     "num-tuples": 225,
     "reads": 0,
     "runtime": { "start": 16826555557, "end": 16826555597},
     "savetime": { "start": 16826555602, "end": 16826555708},
     "source-locator": "/root/compiler/tests/corpus/BENCHMARK_FAMILY/same_generation_negation.dl [33:7-33:14]"
    },
    "sg": {
     "iteration": {
      "0": {
       "copytime": { "start": 16826539870, "end": 16826539920},
       "maxRSS": {
        "post": 12468,
        "pre": 12340
       },
       "num-tuples": 706,
       "recursive-rule": {
        "sg(x,y) :- \n   parent(x,xp),\n   parent(y,yp),\n   sg(xp,yp),\n   x != y.": {
         "0": {
          "atom-frequency": {
           "@new_sg(x,y) :- \n   parent(x,xp),\n   parent(y,yp),\n   @delta_sg(xp,yp),\n   x != y.": {
            "parent": {
             "level": 0,
             "num-tuples": 0
            }
           }
          },
          "maxRSS": {
           "post": 12468,
           "pre": 12340
          },
          "num-tuples": 706,
          "runtime": { "start": 16826538159, "end": 16826539837},
          "source-locator": "/root/compiler/tests/corpus/BENCHMARK_FAMILY/same_generation_negation.dl [28:1-28:58]"
         }
        }
       },
       "runtime": { "start": 16826538149, "end": 16826539847}
      },
      "1": {
       "copytime": { "start": 16826541817, "end": 16826542032},
       "maxRSS": {
        "post": 12468,
        "pre": 12468
       },
       "num-tuples": 2564,
       "recursive-rule": {
        "sg(x,y) :- \n   parent(x,xp),\n   parent(y,yp),\n   sg(xp,yp),\n   x != y.": {
         "0": {
          "maxRSS": {
           "post": 12468,
           "pre": 12468
          },
          "num-tuples": 2564,
          "runtime": { "start": 16826539934, "end": 16826541784},
          "source-locator": "/root/compiler/tests/corpus/BENCHMARK_FAMILY/same_generation_negation.dl [28:1-28:58]"
         }
        }
       },
       "runtime": { "start": 16826539924, "end": 16826541793}
      },
      "2": {
       "copytime": { "start": 16826544661, "end": 16826545345},
       "maxRSS": {
        "post": 12724,
        "pre": 12468
       },
       "num-tuples": 8820,
       "recursive-rule": {
        "sg(x,y) :- \n   parent(x,xp),\n   parent(y,yp),\n   sg(xp,yp),\n   x != y.": {
         "0": {
          "maxRSS": {
           "post": 12724,
           "pre": 12468
          },
          "num-tuples": 8820,
          "runtime": { "start": 16826542048, "end": 16826544623},
          "source-locator": "/root/compiler/tests/corpus/BENCHMARK_FAMILY/same_generation_negation.dl [28:1-28:58]"
         }
        }
       },
       "runtime": { "start": 16826542038, "end": 16826544634}
      },
      "3": {
       "copytime": { "start": 16826548965, "end": 16826550221},
       "maxRSS": {
        "post": 13236,
        "pre": 12852
       },
       "num-tuples": 18140,
       "recursive-rule": {
        "sg(x,y) :- \n   parent(x,xp),\n   parent(y,yp),\n   sg(xp,yp),\n   x != y.": {
         "0": {
          "maxRSS": {
           "post": 13236,
           "pre": 12852
          },
          "num-tuples": 18140,
          "runtime": { "start": 16826545366, "end": 16826548925},
          "source-locator": "/root/compiler/tests/corpus/BENCHMARK_FAMILY/same_generation_negation.dl [28:1-28:58]"
         }
        }
       },
       "runtime": { "start": 16826545352, "end": 16826548938}
      },
      "4": {
       "maxRSS": {
        "post": 13620,
        "pre": 13620
       },
       "num-tuples": 0,
       "recursive-rule": {
        "sg(x,y) :- \n   parent(x,xp),\n   parent(y,yp),\n   sg(xp,yp),\n   x != y.": {
         "0": {
          "maxRSS": {
           "post": 13620,
           "pre": 13620
          },
          "num-tuples": 0,
          "runtime": { "start": 16826550242, "end": 16826552646},
          "source-locator": "/root/compiler/tests/corpus/BENCHMARK_FAMILY/same_generation_negation.dl [28:1-28:58]"
         }
        }
       },
       "runtime": { "start": 16826550229, "end": 16826552660}
      }
     },
     "maxRSS": {
      "post": 12340,
      "pre": 12340
     },
     "non-recursive-rule": {
      "sg(x,x) :- \n   person(x).": {
       "atom-frequency": {
        "sg(x,x) :- \n   person(x).": {
         "person": {
          "level": 0,
          "num-tuples": 0
         }
        }
       },
       "maxRSS": {
        "post": 12340,
        "pre": 12340
       },
       "num-tuples": 226,
       "runtime": { "start": 16826538114, "end": 16826538127},
       "source-locator": "/root/compiler/tests/corpus/BENCHMARK_FAMILY/same_generation_negation.dl [27:1-27:22]"
      }
     },
     "num-tuples": 226,
     "reads": 81306,
     "runtime": { "start": 16826538103, "end": 16826538135},
     "source-locator": "/root/compiler/tests/corpus/BENCHMARK_FAMILY/same_generation_negation.dl [26:7-26:9]"
    }
   },
   "runtime": { "start": 16826537850, "end": 16826555738},
   "starttime": { "time": 16826537815},
   "usage": {
    "timepoint": {
     "16826537858": {
      "maxRSS": 11672,
      "systemtime": 0,
      "usertime": 4189
     },
     "16826538070": {
      "maxRSS": 12340,
      "systemtime": 0,
      "usertime": 4437
     },
     "16826538133": {
      "maxRSS": 12340,
      "systemtime": 0,
      "usertime": 4531
     },
     "16826538171": {
      "maxRSS": 12468,
      "systemtime": 0,
      "usertime": 4576
     },
     "16826539270": {
      "maxRSS": 12468,
      "systemtime": 0,
      "usertime": 4595
     },
     "16826539874": {
      "maxRSS": 12468,
      "systemtime": 0,
      "usertime": 6321
     },
     "16826539954": {
      "maxRSS": 12468,
      "systemtime": 0,
      "usertime": 6398
     },
     "16826541078": {
      "maxRSS": 12468,
      "systemtime": 0,
      "usertime": 6492
     },
     "16826541850": {
      "maxRSS": 12468,
      "systemtime": 0,
      "usertime": 8325
     },
     "16826542053": {
      "maxRSS": 12468,
      "systemtime": 0,
      "usertime": 8563
     },
     "16826543124": {
      "maxRSS": 12596,
      "systemtime": 0,
      "usertime": 8570
     },
     "16826544198": {
      "maxRSS": 12596,
      "systemtime": 0,
      "usertime": 10533
     },
     "16826544692": {
      "maxRSS": 12724,
      "systemtime": 0,
      "usertime": 11209
     },
     "16826545402": {
      "maxRSS": 12852,
      "systemtime": 0,
      "usertime": 11930
     },
     "16826546511": {
      "maxRSS": 12980,
      "systemtime": 0,
      "usertime": 11945
     },
     "16826547614": {
      "maxRSS": 12980,
      "systemtime": 0,
      "usertime": 11956
     },
     "16826548815": {
      "maxRSS": 13236,
      "systemtime": 0,
      "usertime": 14610
     },
     "16826548961": {
      "maxRSS": 13236,
      "systemtime": 0,
      "usertime": 15572
     },
     "16826548981": {
      "maxRSS": 13236,
      "systemtime": 0,
      "usertime": 15587
     },
     "16826550080": {
      "maxRSS": 13620,
      "systemtime": 0,
      "usertime": 15594
     },
     "16826550246": {
      "maxRSS": 13620,
      "systemtime": 0,
      "usertime": 16879
     },
     "16826551339": {
      "maxRSS": 13620,
      "systemtime": 0,
      "usertime": 16896
     },
     "16826552617": {
      "maxRSS": 13620,
      "systemtime": 0,
      "usertime": 18698
     },
     "16826552763": {
      "maxRSS": 13620,
      "systemtime": 0,
      "usertime": 19407
     },
     "16826553895": {
      "maxRSS": 13620,
      "systemtime": 0,
      "usertime": 19423
     },
     "16826555080": {
      "maxRSS": 13620,
      "systemtime": 0,
      "usertime": 19446
     },
     "16826555674": {
      "maxRSS": 13620,
      "systemtime": 0,
      "usertime": 22348
     }
    }
   }
  }
 }
}
