{
 "root": {
  "program": {
   "configuration": {
    "": "/root/compiler/tests/corpus/BENCHMARK_FAMILY/ancestor_nonancestor.dl",
    "fact-dir": "/root/compiler/fixtures/benchmark-family/ancestor_nonancestor/n1000",
    "include-dir": ".",
    "jobs": "1",
    "libraries": "functors",
    "library-dir": ".",
    "output-dir": "/root/compiler/measurements/night03-t2/ancestor_nonancestor/n1000/source",
    "profile": "prof.log",
    "relationCount": "5",
    "ruleCount": "6",
    "version": "2.5",
    "warn": "all",
    "wno": "none"
   },
   "relation": {
    "ancestor": {
     "iteration": {
      "0": {
       "copytime": { "start": 983825806, "end": 983826178},
       "maxRSS": {
        "post": 16544,
        "pre": 16544
       },
       "num-tuples": 4347,
       "recursive-rule": {
        "ancestor(x,y) :- \n   parent(x,z),\n   ancestor(z,y).": {
         "0": {
          "atom-frequency": {
           "@new_ancestor(x,y) :- \n   parent(x,z),\n   @delta_ancestor(z,y).": {
            "@delta_ancestor": {
             "level": 1,
             "num-tuples": 0
            },
            "parent": {
             "level": 0,
             "num-tuples": 0
            }
           }
          },
          "maxRSS": {
           "post": 16544,
           "pre": 16544
          },
          "num-tuples": 4347,
          "runtime": { "start": 983824962, "end": 983825766},
          "source-locator": "/root/compiler/tests/corpus/BENCHMARK_FAMILY/ancestor_nonancestor.dl [22:1-22:45]"
         }
        }
       },
       "runtime": { "start": 983824952, "end": 983825782}
      },
      "1": {
       "copytime": { "start": 983827756, "end": 983828536},
       "maxRSS": {
        "post": 16544,
        "pre": 16544
       },
       "num-tuples": 8970,
       "recursive-rule": {
        "ancestor(x,y) :- \n   parent(x,z),\n   ancestor(z,y).": {
         "0": {
          "maxRSS": {
           "post": 16544,
           "pre": 16544
          },
          "num-tuples": 8970,
          "runtime": { "start": 983826195, "end": 983827721},
          "source-locator": "/root/compiler/tests/corpus/BENCHMARK_FAMILY/ancestor_nonancestor.dl [22:1-22:45]"
         }
        }
       },
       "runtime": { "start": 983826184, "end": 983827732}
      },
      "10": {
       "copytime": { "start": 983877414, "end": 983880641},
       "maxRSS": {
        "post": 18148,
        "pre": 18020
       },
       "num-tuples": 27619,
       "recursive-rule": {
        "ancestor(x,y) :- \n   parent(x,z),\n   ancestor(z,y).": {
         "0": {
          "maxRSS": {
           "post": 18148,
           "pre": 18020
          },
          "num-tuples": 27619,
          "runtime": { "start": 983872302, "end": 983877362},
          "source-locator": "/root/compiler/tests/corpus/BENCHMARK_FAMILY/ancestor_nonancestor.dl [22:1-22:45]"
         }
        }
       },
       "runtime": { "start": 983872290, "end": 983877381}
      },
      "11": {
       "copytime": { "start": 983885737, "end": 983888732},
       "maxRSS": {
        "post": 18788,
        "pre": 18788
       },
       "num-tuples": 26754,
       "recursive-rule": {
        "ancestor(x,y) :- \n   parent(x,z),\n   ancestor(z,y).": {
         "0": {
          "maxRSS": {
           "post": 18788,
           "pre": 18788
          },
          "num-tuples": 26754,
          "runtime": { "start": 983880668, "end": 983885689},
          "source-locator": "/root/compiler/tests/corpus/BENCHMARK_FAMILY/ancestor_nonancestor.dl [22:1-22:45]"
         }
        }
       },
       "runtime": { "start": 983880651, "end": 983885705}
      },
      "12": {
       "copytime": { "start": 983893721, "end": 983896729},
       "maxRSS": {
        "post": 19556,
        "pre": 19556
       },
       "num-tuples": 24222,
       "recursive-rule": {
        "ancestor(x,y) :- \n   parent(x,z),\n   ancestor(z,y).": {
         "0": {
          "maxRSS": {
           "post": 19556,
           "pre": 19556
          },
          "num-tuples": 24222,
          "runtime": { "start": 983888755, "end": 983893677},
          "source-locator": "/root/compiler/tests/corpus/BENCHMARK_FAMILY/ancestor_nonancestor.dl [22:1-22:45]"
         }
        }
       },
       "runtime": { "start": 983888741, "end": 983893694}
      },
      "13": {
       "copytime": { "start": 983901427, "end": 983903956},
       "maxRSS": {
        "post": 20196,
        "pre": 20196
       },
       "num-tuples": 20872,
       "recursive-rule": {
        "ancestor(x,y) :- \n   parent(x,z),\n   ancestor(z,y).": {
         "0": {
          "maxRSS": {
           "post": 20196,
           "pre": 20196
          },
          "num-tuples": 20872,
          "runtime": { "start": 983896760, "end": 983901379},
          "source-locator": "/root/compiler/tests/corpus/BENCHMARK_FAMILY/ancestor_nonancestor.dl [22:1-22:45]"
         }
        }
       },
       "runtime": { "start": 983896741, "end": 983901396}
      },
      "14": {
       "copytime": { "start": 983908090, "end": 983910178},
       "maxRSS": {
        "post": 20708,
        "pre": 20708
       },
       "num-tuples": 17186,
       "recursive-rule": {
        "ancestor(x,y) :- \n   parent(x,z),\n   ancestor(z,y).": {
         "0": {
          "maxRSS": {
           "post": 20708,
           "pre": 20708
          },
          "num-tuples": 17186,
          "runtime": { "start": 983903981, "end": 983908042},
          "source-locator": "/root/compiler/tests/corpus/BENCHMARK_FAMILY/ancestor_nonancestor.dl [22:1-22:45]"
         }
        }
       },
       "runtime": { "start": 983903967, "end": 983908059}
      },
      "15": {
       "copytime": { "start": 983913686, "end": 983915361},
       "maxRSS": {
        "post": 20964,
        "pre": 20964
       },
       "num-tuples": 13243,
       "recursive-rule": {
        "ancestor(x,y) :- \n   parent(x,z),\n   ancestor(z,y).": {
         "0": {
          "maxRSS": {
           "post": 20964,
           "pre": 20964
          },
          "num-tuples": 13243,
          "runtime": { "start": 983910204, "end": 983913639},
          "source-locator": "/root/compiler/tests/corpus/BENCHMARK_FAMILY/ancestor_nonancestor.dl [22:1-22:45]"
         }
        }
       },
       "runtime": { "start": 983910189, "end": 983913654}
      },
      "16": {
       "copytime": { "start": 983918034, "end": 983919223},
       "maxRSS": {
        "post": 21220,
        "pre": 21220
       },
       "num-tuples": 9440,
       "recursive-rule": {
        "ancestor(x,y) :- \n   parent(x,z),\n   ancestor(z,y).": {
         "0": {
          "maxRSS": {
           "post": 21220,
           "pre": 21220
          },
          "num-tuples": 9440,
          "runtime": { "start": 983915387, "end": 983917991},
          "source-locator": "/root/compiler/tests/corpus/BENCHMARK_FAMILY/ancestor_nonancestor.dl [22:1-22:45]"
         }
        }
       },
       "runtime": { "start": 983915370, "end": 983918006}
      },
      "17": {
       "copytime": { "start": 983921210, "end": 983922070},
       "maxRSS": {
        "post": 21348,
        "pre": 21348
       },
       "num-tuples": 6240,
       "recursive-rule": {
        "ancestor(x,y) :- \n   parent(x,z),\n   ancestor(z,y).": {
         "0": {
          "maxRSS": {
           "post": 21348,
           "pre": 21348
          },
          "num-tuples": 6240,
          "runtime": { "start": 983919245, "end": 983921168},
          "source-locator": "/root/compiler/tests/corpus/BENCHMARK_FAMILY/ancestor_nonancestor.dl [22:1-22:45]"
         }
        }
       },
       "runtime": { "start": 983919230, "end": 983921182}
      },
      "18": {
       "copytime": { "start": 983923474, "end": 983923987},
       "maxRSS": {
        "post": 21476,
        "pre": 21476
       },
       "num-tuples": 3781,
       "recursive-rule": {
        "ancestor(x,y) :- \n   parent(x,z),\n   ancestor(z,y).": {
         "0": {
          "maxRSS": {
           "post": 21476,
           "pre": 21476
          },
          "num-tuples": 3781,
          "runtime": { "start": 983922093, "end": 983923432},
          "source-locator": "/root/compiler/tests/corpus/BENCHMARK_FAMILY/ancestor_nonancestor.dl [22:1-22:45]"
         }
        }
       },
       "runtime": { "start": 983922079, "end": 983923446}
      },
      "19": {
       "copytime": { "start": 983924949, "end": 983925279},
       "maxRSS": {
        "post": 21476,
        "pre": 21476
       },
       "num-tuples": 2087,
       "recursive-rule": {
        "ancestor(x,y) :- \n   parent(x,z),\n   ancestor(z,y).": {
         "0": {
          "maxRSS": {
           "post": 21476,
           "pre": 21476
          },
          "num-tuples": 2087,
          "runtime": { "start": 983924020, "end": 983924908},
          "source-locator": "/root/compiler/tests/corpus/BENCHMARK_FAMILY/ancestor_nonancestor.dl [22:1-22:45]"
         }
        }
       },
       "runtime": { "start": 983923995, "end": 983924922}
      },
      "2": {
       "copytime": { "start": 983831159, "end": 983832447},
       "maxRSS": {
        "post": 16544,
        "pre": 16544
       },
       "num-tuples": 14554,
       "recursive-rule": {
        "ancestor(x,y) :- \n   parent(x,z),\n   ancestor(z,y).": {
         "0": {
          "maxRSS": {
           "post": 16544,
           "pre": 16544
          },
          "num-tuples": 14554,
          "runtime": { "start": 983828553, "end": 983831121},
          "source-locator": "/root/compiler/tests/corpus/BENCHMARK_FAMILY/ancestor_nonancestor.dl [22:1-22:45]"
         }
        }
       },
       "runtime": { "start": 983828543, "end": 983831134}
      },
      "20": {
       "copytime": { "start": 983925951, "end": 983926113},
       "maxRSS": {
        "post": 21476,
        "pre": 21476
       },
       "num-tuples": 1106,
       "recursive-rule": {
        "ancestor(x,y) :- \n   parent(x,z),\n   ancestor(z,y).": {
         "0": {
          "maxRSS": {
           "post": 21476,
           "pre": 21476
          },
          "num-tuples": 1106,
          "runtime": { "start": 983925299, "end": 983925916},
          "source-locator": "/root/compiler/tests/corpus/BENCHMARK_FAMILY/ancestor_nonancestor.dl [22:1-22:45]"
         }
        }
       },
       "runtime": { "start": 983925285, "end": 983925928}
      },
      "21": {
       "copytime": { "start": 983926526, "end": 983926609},
       "maxRSS": {
        "post": 21476,
        "pre": 21476
       },
       "num-tuples": 521,
       "recursive-rule": {
        "ancestor(x,y) :- \n   parent(x,z),\n   ancestor(z,y).": {
         "0": {
          "maxRSS": {
           "post": 21476,
           "pre": 21476
          },
          "num-tuples": 521,
          "runtime": { "start": 983926131, "end": 983926486},
          "source-locator": "/root/compiler/tests/corpus/BENCHMARK_FAMILY/ancestor_nonancestor.dl [22:1-22:45]"
         }
        }
       },
       "runtime": { "start": 983926118, "end": 983926500}
      },
      "22": {
       "copytime": { "start": 983926913, "end": 983926951},
       "maxRSS": {
        "post": 21476,
        "pre": 21476
       },
       "num-tuples": 232,
       "recursive-rule": {
        "ancestor(x,y) :- \n   parent(x,z),\n   ancestor(z,y).": {
         "0": {
          "maxRSS": {
           "post": 21476,
           "pre": 21476
          },
          "num-tuples": 232,
          "runtime": { "start": 983926624, "end": 983926879},
          "source-locator": "/root/compiler/tests/corpus/BENCHMARK_FAMILY/ancestor_nonancestor.dl [22:1-22:45]"
         }
        }
       },
       "runtime": { "start": 983926614, "end": 983926891}
      },
      "23": {
       "copytime": { "start": 983927141, "end": 983927155},
       "maxRSS": {
        "post": 21476,
        "pre": 21476
       },
       "num-tuples": 89,
       "recursive-rule": {
        "ancestor(x,y) :- \n   parent(x,z),\n   ancestor(z,y).": {
         "0": {
          "maxRSS": {
           "post": 21476,
           "pre": 21476
          },
          "num-tuples": 89,
          "runtime": { "start": 983926964, "end": 983927112},
          "source-locator": "/root/compiler/tests/corpus/BENCHMARK_FAMILY/ancestor_nonancestor.dl [22:1-22:45]"
         }
        }
       },
       "runtime": { "start": 983926955, "end": 983927121}
      },
      "24": {
       "copytime": { "start": 983927298, "end": 983927304},
       "maxRSS": {
        "post": 21476,
        "pre": 21476
       },
       "num-tuples": 30,
       "recursive-rule": {
        "ancestor(x,y) :- \n   parent(x,z),\n   ancestor(z,y).": {
         "0": {
          "maxRSS": {
           "post": 21476,
           "pre": 21476
          },
          "num-tuples": 30,
          "runtime": { "start": 983927169, "end": 983927269},
          "source-locator": "/root/compiler/tests/corpus/BENCHMARK_FAMILY/ancestor_nonancestor.dl [22:1-22:45]"
         }
        }
       },
       "runtime": { "start": 983927159, "end": 983927278}
      },
      "25": {
       "copytime": { "start": 983927449, "end": 983927453},
       "maxRSS": {
        "post": 21476,
        "pre": 21476
       },
       "num-tuples": 4,
       "recursive-rule": {
        "ancestor(x,y) :- \n   parent(x,z),\n   ancestor(z,y).": {
         "0": {
          "maxRSS": {
           "post": 21476,
           "pre": 21476
          },
          "num-tuples": 4,
          "runtime": { "start": 983927309, "end": 983927413},
          "source-locator": "/root/compiler/tests/corpus/BENCHMARK_FAMILY/ancestor_nonancestor.dl [22:1-22:45]"
         }
        }
       },
       "runtime": { "start": 983927308, "end": 983927426}
      },
      "26": {
       "maxRSS": {
        "post": 21476,
        "pre": 21476
       },
       "num-tuples": 0,
       "recursive-rule": {
        "ancestor(x,y) :- \n   parent(x,z),\n   ancestor(z,y).": {
         "0": {
          "maxRSS": {
           "post": 21476,
           "pre": 21476
          },
          "num-tuples": 0,
          "runtime": { "start": 983927458, "end": 983927507},
          "source-locator": "/root/compiler/tests/corpus/BENCHMARK_FAMILY/ancestor_nonancestor.dl [22:1-22:45]"
         }
        }
       },
       "runtime": { "start": 983927457, "end": 983927515}
      },
      "3": {
       "copytime": { "start": 983835756, "end": 983837330},
       "maxRSS": {
        "post": 16544,
        "pre": 16544
       },
       "num-tuples": 16572,
       "recursive-rule": {
        "ancestor(x,y) :- \n   parent(x,z),\n   ancestor(z,y).": {
         "0": {
          "maxRSS": {
           "post": 16544,
           "pre": 16544
          },
          "num-tuples": 16572,
          "runtime": { "start": 983832466, "end": 983835730},
          "source-locator": "/root/compiler/tests/corpus/BENCHMARK_FAMILY/ancestor_nonancestor.dl [22:1-22:45]"
         }
        }
       },
       "runtime": { "start": 983832454, "end": 983835743}
      },
      "4": {
       "copytime": { "start": 983840759, "end": 983842295},
       "maxRSS": {
        "post": 16544,
        "pre": 16544
       },
       "num-tuples": 15526,
       "recursive-rule": {
        "ancestor(x,y) :- \n   parent(x,z),\n   ancestor(z,y).": {
         "0": {
          "maxRSS": {
           "post": 16544,
           "pre": 16544
          },
          "num-tuples": 15526,
          "runtime": { "start": 983837357, "end": 983840717},
          "source-locator": "/root/compiler/tests/corpus/BENCHMARK_FAMILY/ancestor_nonancestor.dl [22:1-22:45]"
         }
        }
       },
       "runtime": { "start": 983837339, "end": 983840732}
      },
      "5": {
       "copytime": { "start": 983845376, "end": 983846900},
       "maxRSS": {
        "post": 16544,
        "pre": 16544
       },
       "num-tuples": 15481,
       "recursive-rule": {
        "ancestor(x,y) :- \n   parent(x,z),\n   ancestor(z,y).": {
         "0": {
          "maxRSS": {
           "post": 16544,
           "pre": 16544
          },
          "num-tuples": 15481,
          "runtime": { "start": 983842317, "end": 983845334},
          "source-locator": "/root/compiler/tests/corpus/BENCHMARK_FAMILY/ancestor_nonancestor.dl [22:1-22:45]"
         }
        }
       },
       "runtime": { "start": 983842304, "end": 983845349}
      },
      "6": {
       "copytime": { "start": 983850083, "end": 983851810},
       "maxRSS": {
        "post": 16544,
        "pre": 16544
       },
       "num-tuples": 17608,
       "recursive-rule": {
        "ancestor(x,y) :- \n   parent(x,z),\n   ancestor(z,y).": {
         "0": {
          "maxRSS": {
           "post": 16544,
           "pre": 16544
          },
          "num-tuples": 17608,
          "runtime": { "start": 983846924, "end": 983850039},
          "source-locator": "/root/compiler/tests/corpus/BENCHMARK_FAMILY/ancestor_nonancestor.dl [22:1-22:45]"
         }
        }
       },
       "runtime": { "start": 983846908, "end": 983850055}
      },
      "7": {
       "copytime": { "start": 983855391, "end": 983857499},
       "maxRSS": {
        "post": 16544,
        "pre": 16544
       },
       "num-tuples": 20875,
       "recursive-rule": {
        "ancestor(x,y) :- \n   parent(x,z),\n   ancestor(z,y).": {
         "0": {
          "maxRSS": {
           "post": 16544,
           "pre": 16544
          },
          "num-tuples": 20875,
          "runtime": { "start": 983851831, "end": 983855348},
          "source-locator": "/root/compiler/tests/corpus/BENCHMARK_FAMILY/ancestor_nonancestor.dl [22:1-22:45]"
         }
        }
       },
       "runtime": { "start": 983851818, "end": 983855363}
      },
      "8": {
       "copytime": { "start": 983862088, "end": 983864669},
       "maxRSS": {
        "post": 16544,
        "pre": 16544
       },
       "num-tuples": 24293,
       "recursive-rule": {
        "ancestor(x,y) :- \n   parent(x,z),\n   ancestor(z,y).": {
         "0": {
          "maxRSS": {
           "post": 16544,
           "pre": 16544
          },
          "num-tuples": 24293,
          "runtime": { "start": 983857526, "end": 983862043},
          "source-locator": "/root/compiler/tests/corpus/BENCHMARK_FAMILY/ancestor_nonancestor.dl [22:1-22:45]"
         }
        }
       },
       "runtime": { "start": 983857509, "end": 983862060}
      },
      "9": {
       "copytime": { "start": 983869474, "end": 983872270},
       "maxRSS": {
        "post": 17252,
        "pre": 17124
       },
       "num-tuples": 26753,
       "recursive-rule": {
        "ancestor(x,y) :- \n   parent(x,z),\n   ancestor(z,y).": {
         "0": {
          "maxRSS": {
           "post": 17252,
           "pre": 17124
          },
          "num-tuples": 26753,
          "runtime": { "start": 983864697, "end": 983869425},
          "source-locator": "/root/compiler/tests/corpus/BENCHMARK_FAMILY/ancestor_nonancestor.dl [22:1-22:45]"
         }
        }
       },
       "runtime": { "start": 983864680, "end": 983869444}
      }
     },
     "maxRSS": {
      "post": 16544,
      "pre": 16544
     },
     "non-recursive-rule": {
      "ancestor(x,y) :- \n   parent(x,y).": {
       "atom-frequency": {
        "ancestor(x,y) :- \n   parent(x,y).": {
         "parent": {
          "level": 0,
          "num-tuples": 0
         }
        }
       },
       "maxRSS": {
        "post": 16544,
        "pre": 16544
       },
       "num-tuples": 2000,
       "runtime": { "start": 983824752, "end": 983824851},
       "source-locator": "/root/compiler/tests/corpus/BENCHMARK_FAMILY/ancestor_nonancestor.dl [21:1-21:30]"
      }
     },
     "num-tuples": 2000,
     "reads": 1491487,
     "runtime": { "start": 983824741, "end": 983824859},
     "source-locator": "/root/compiler/tests/corpus/BENCHMARK_FAMILY/ancestor_nonancestor.dl [20:7-20:15]"
    },
    "nonancestor": {
     "maxRSS": {
      "post": 34788,
      "pre": 21476
     },
     "non-recursive-rule": {
      "nonancestor(x,y) :- \n   person(x),\n   person(y),\n   !ancestor(x,y).": {
       "atom-frequency": {
        "nonancestor(x,y) :- \n   person(x),\n   person(y),\n   !ancestor(x,y).": {
         "person": {
          "level": 0,
          "num-tuples": 0
         }
        }
       },
       "maxRSS": {
        "post": 34788,
        "pre": 21476
       },
       "num-tuples": 679595,
       "runtime": { "start": 983927541, "end": 984008663},
       "source-locator": "/root/compiler/tests/corpus/BENCHMARK_FAMILY/ancestor_nonancestor.dl [25:1-25:58]"
      }
     },
     "num-tuples": 679595,
     "reads": 0,
     "runtime": { "start": 983927540, "end": 984009009},
     "source-locator": "/root/compiler/tests/corpus/BENCHMARK_FAMILY/ancestor_nonancestor.dl [24:7-24:18]"
    },
    "parent": {
     "loadtime": { "start": 983823401, "end": 983824280},
     "num-tuples": 2000,
     "reads": 0,
     "source-locator": "/root/compiler/tests/corpus/BENCHMARK_FAMILY/ancestor_nonancestor.dl [15:7-15:13]"
    },
    "person": {
     "loadtime": { "start": 983824291, "end": 983824731},
     "num-tuples": 1000,
     "reads": 0,
     "source-locator": "/root/compiler/tests/corpus/BENCHMARK_FAMILY/ancestor_nonancestor.dl [17:7-17:13]"
    },
    "q_nonancestor": {
     "maxRSS": {
      "post": 34788,
      "pre": 34788
     },
     "non-recursive-rule": {
      "q_nonancestor(y) :- \n   nonancestor(1,y).": {
       "atom-frequency": {
        "q_nonancestor(y) :- \n   nonancestor(1,y).": {
         "nonancestor": {
          "level": 0,
          "num-tuples": 0
         }
        }
       },
       "maxRSS": {
        "post": 34788,
        "pre": 34788
       },
       "num-tuples": 950,
       "runtime": { "start": 984009961, "end": 984009999},
       "source-locator": "/root/compiler/tests/corpus/BENCHMARK_FAMILY/ancestor_nonancestor.dl [29:1-29:38]"
      }
     },
     "num-tuples": 950,
     "reads": 0,
     "runtime": { "start": 984009938, "end": 984010010},
     "savetime": { "start": 984010016, "end": 984010499},
     "source-locator": "/root/compiler/tests/corpus/BENCHMARK_FAMILY/ancestor_nonancestor.dl [27:7-27:20]"
    }
   },
   "runtime": { "start": 983823386, "end": 984011602},
   "starttime": { "time": 983823349},
   "usage": {
    "timepoint": {
     "983823360": {
      "maxRSS": 16544,
      "systemtime": 2683,
      "usertime": 0
     },
     "983823408": {
      "maxRSS": 16544,
      "systemtime": 4570,
      "usertime": 0
     },
     "983824313": {
      "maxRSS": 16544,
      "systemtime": 4570,
      "usertime": 651
     },
     "983824765": {
      "maxRSS": 16544,
      "systemtime": 4570,
      "usertime": 1015
     },
     "983824998": {
      "maxRSS": 16544,
      "systemtime": 4570,
      "usertime": 1250
     },
     "983825831": {
      "maxRSS": 16544,
      "systemtime": 4570,
      "usertime": 2120
     },
     "983826205": {
      "maxRSS": 16544,
      "systemtime": 4570,
      "usertime": 2524
     },
     "983827298": {
      "maxRSS": 16544,
      "systemtime": 4570,
      "usertime": 2557
     },
     "983827761": {
      "maxRSS": 16544,
      "systemtime": 4570,
      "usertime": 4129
     },
     "983828567": {
      "maxRSS": 16544,
      "systemtime": 4570,
      "usertime": 4939
     },
     "983829644": {
      "maxRSS": 16544,
      "systemtime": 4570,
      "usertime": 4954
     },
     "983830731": {
      "maxRSS": 16544,
      "systemtime": 4570,
      "usertime": 4968
     },
     "983831160": {
      "maxRSS": 16544,
      "systemtime": 4570,
      "usertime": 7589
     },
     "983832252": {
      "maxRSS": 16544,
      "systemtime": 4570,
      "usertime": 8459
     },
     "983832473": {
      "maxRSS": 16544,
      "systemtime": 4570,
      "usertime": 8938
     },
     "983833560": {
      "maxRSS": 16544,
      "systemtime": 4570,
      "usertime": 8949
     },
     "983834662": {
      "maxRSS": 16544,
      "systemtime": 4570,
      "usertime": 8962
     },
     "983835755": {
      "maxRSS": 16544,
      "systemtime": 4570,
      "usertime": 12262
     },
     "983836836": {
      "maxRSS": 16544,
      "systemtime": 4570,
      "usertime": 12527
     },
     "983837367": {
      "maxRSS": 16544,
      "systemtime": 4570,
      "usertime": 13899
     },
     "983838475": {
      "maxRSS": 16544,
      "systemtime": 4570,
      "usertime": 13918
     },
     "983839583": {
      "maxRSS": 16544,
      "systemtime": 4570,
      "usertime": 13931
     },
     "983840680": {
      "maxRSS": 16544,
      "systemtime": 4570,
      "usertime": 16665
     },
     "983840758": {
      "maxRSS": 16544,
      "systemtime": 4570,
      "usertime": 17366
     },
     "983841875": {
      "maxRSS": 16544,
      "systemtime": 4570,
      "usertime": 17398
     },
     "983842330": {
      "maxRSS": 16544,
      "systemtime": 4570,
      "usertime": 18979
     },
     "983843408": {
      "maxRSS": 16544,
      "systemtime": 4570,
      "usertime": 18997
     },
     "983844484": {
      "maxRSS": 16544,
      "systemtime": 4570,
      "usertime": 20694
     },
     "983845381": {
      "maxRSS": 16544,
      "systemtime": 4570,
      "usertime": 22084
     },
     "983846496": {
      "maxRSS": 16544,
      "systemtime": 4570,
      "usertime": 22097
     },
     "983846963": {
      "maxRSS": 16544,
      "systemtime": 4570,
      "usertime": 23663
     },
     "983848085": {
      "maxRSS": 16544,
      "systemtime": 4570,
      "usertime": 24752
     },
     "983849180": {
      "maxRSS": 16544,
      "systemtime": 4570,
      "usertime": 24770
     },
     "983850104": {
      "maxRSS": 16544,
      "systemtime": 4570,
      "usertime": 26878
     },
     "983851207": {
      "maxRSS": 16544,
      "systemtime": 4570,
      "usertime": 26903
     },
     "983851837": {
      "maxRSS": 16544,
      "systemtime": 4570,
      "usertime": 28663
     },
     "983852920": {
      "maxRSS": 16544,
      "systemtime": 4570,
      "usertime": 28849
     },
     "983854015": {
      "maxRSS": 16544,
      "systemtime": 4570,
      "usertime": 28863
     },
     "983855131": {
      "maxRSS": 16544,
      "systemtime": 4570,
      "usertime": 28893
     },
     "983855401": {
      "maxRSS": 16544,
      "systemtime": 4570,
      "usertime": 32304
     },
     "983856482": {
      "maxRSS": 16544,
      "systemtime": 4570,
      "usertime": 32930
     },
     "983857535": {
      "maxRSS": 16544,
      "systemtime": 4570,
      "usertime": 34469
     },
     "983858636": {
      "maxRSS": 16544,
      "systemtime": 4570,
      "usertime": 34484
     },
     "983859727": {
      "maxRSS": 16544,
      "systemtime": 4570,
      "usertime": 34500
     },
     "983860808": {
      "maxRSS": 16544,
      "systemtime": 4570,
      "usertime": 36995
     },
     "983861889": {
      "maxRSS": 16544,
      "systemtime": 4570,
      "usertime": 37014
     },
     "983862092": {
      "maxRSS": 16544,
      "systemtime": 4570,
      "usertime": 39115
     },
     "983863174": {
      "maxRSS": 16740,
      "systemtime": 4570,
      "usertime": 39131
     },
     "983864266": {
      "maxRSS": 17124,
      "systemtime": 4570,
      "usertime": 41079
     },
     "983864707": {
      "maxRSS": 17124,
      "systemtime": 4570,
      "usertime": 41774
     },
     "983865787": {
      "maxRSS": 17124,
      "systemtime": 4570,
      "usertime": 41790
     },
     "983866869": {
      "maxRSS": 17124,
      "systemtime": 4570,
      "usertime": 41814
     },
     "983868011": {
      "maxRSS": 17124,
      "systemtime": 4570,
      "usertime": 45134
     },
     "983869114": {
      "maxRSS": 17252,
      "systemtime": 4570,
      "usertime": 45159
     },
     "983869477": {
      "maxRSS": 17252,
      "systemtime": 4570,
      "usertime": 46657
     },
     "983870563": {
      "maxRSS": 17636,
      "systemtime": 4570,
      "usertime": 46672
     },
     "983871643": {
      "maxRSS": 17892,
      "systemtime": 4570,
      "usertime": 46688
     },
     "983872312": {
      "maxRSS": 18020,
      "systemtime": 4570,
      "usertime": 49533
     },
     "983873387": {
      "maxRSS": 18020,
      "systemtime": 4570,
      "usertime": 49547
     },
     "983874492": {
      "maxRSS": 18020,
      "systemtime": 4570,
      "usertime": 49572
     },
     "983875582": {
      "maxRSS": 18020,
      "systemtime": 4570,
      "usertime": 49597
     },
     "983876680": {
      "maxRSS": 18020,
      "systemtime": 4570,
      "usertime": 53313
     },
     "983877413": {
      "maxRSS": 18148,
      "systemtime": 4570,
      "usertime": 54731
     },
     "983878498": {
      "maxRSS": 18276,
      "systemtime": 4570,
      "usertime": 54762
     },
     "983879631": {
      "maxRSS": 18660,
      "systemtime": 4570,
      "usertime": 54796
     },
     "983880678": {
      "maxRSS": 18788,
      "systemtime": 4570,
      "usertime": 58065
     },
     "983881775": {
      "maxRSS": 18788,
      "systemtime": 4570,
      "usertime": 58079
     },
     "983882876": {
      "maxRSS": 18788,
      "systemtime": 4570,
      "usertime": 58102
     },
     "983883963": {
      "maxRSS": 18788,
      "systemtime": 4570,
      "usertime": 58127
     },
     "983885045": {
      "maxRSS": 18788,
      "systemtime": 4570,
      "usertime": 61478
     },
     "983885737": {
      "maxRSS": 18788,
      "systemtime": 4570,
      "usertime": 63223
     },
     "983886817": {
      "maxRSS": 19172,
      "systemtime": 4570,
      "usertime": 63250
     },
     "983887912": {
      "maxRSS": 19428,
      "systemtime": 4570,
      "usertime": 63265
     },
     "983888764": {
      "maxRSS": 19556,
      "systemtime": 4570,
      "usertime": 66297
     },
     "983889855": {
      "maxRSS": 19556,
      "systemtime": 4570,
      "usertime": 66311
     },
     "983890946": {
      "maxRSS": 19556,
      "systemtime": 4570,
      "usertime": 66327
     },
     "983892073": {
      "maxRSS": 19556,
      "systemtime": 4570,
      "usertime": 69607
     },
     "983893166": {
      "maxRSS": 19556,
      "systemtime": 4570,
      "usertime": 69627
     },
     "983893839": {
      "maxRSS": 19556,
      "systemtime": 4570,
      "usertime": 71366
     },
     "983894920": {
      "maxRSS": 19812,
      "systemtime": 4570,
      "usertime": 71383
     },
     "983896030": {
      "maxRSS": 20068,
      "systemtime": 4570,
      "usertime": 73685
     },
     "983896783": {
      "maxRSS": 20196,
      "systemtime": 4570,
      "usertime": 74458
     },
     "983897871": {
      "maxRSS": 20196,
      "systemtime": 4570,
      "usertime": 74479
     },
     "983898954": {
      "maxRSS": 20196,
      "systemtime": 4570,
      "usertime": 74493
     },
     "983900038": {
      "maxRSS": 20196,
      "systemtime": 4570,
      "usertime": 77747
     },
     "983901112": {
      "maxRSS": 20196,
      "systemtime": 4570,
      "usertime": 77760
     },
     "983901427": {
      "maxRSS": 20196,
      "systemtime": 4570,
      "usertime": 79188
     },
     "983902516": {
      "maxRSS": 20324,
      "systemtime": 4570,
      "usertime": 79212
     },
     "983903610": {
      "maxRSS": 20580,
      "systemtime": 4570,
      "usertime": 79232
     },
     "983904013": {
      "maxRSS": 20708,
      "systemtime": 4570,
      "usertime": 81823
     },
     "983905106": {
      "maxRSS": 20708,
      "systemtime": 4570,
      "usertime": 81854
     },
     "983906218": {
      "maxRSS": 20708,
      "systemtime": 4570,
      "usertime": 81877
     },
     "983907303": {
      "maxRSS": 20708,
      "systemtime": 4570,
      "usertime": 81904
     },
     "983908092": {
      "maxRSS": 20708,
      "systemtime": 4570,
      "usertime": 86007
     },
     "983909181": {
      "maxRSS": 20836,
      "systemtime": 4570,
      "usertime": 86036
     },
     "983910212": {
      "maxRSS": 20964,
      "systemtime": 4570,
      "usertime": 88168
     },
     "983911300": {
      "maxRSS": 20964,
      "systemtime": 4570,
      "usertime": 88182
     },
     "983912378": {
      "maxRSS": 20964,
      "systemtime": 4570,
      "usertime": 90055
     },
     "983913472": {
      "maxRSS": 20964,
      "systemtime": 4570,
      "usertime": 90070
     },
     "983913691": {
      "maxRSS": 20964,
      "systemtime": 4570,
      "usertime": 91713
     },
     "983914780": {
      "maxRSS": 21092,
      "systemtime": 4570,
      "usertime": 91729
     },
     "983915396": {
      "maxRSS": 21220,
      "systemtime": 4570,
      "usertime": 93449
     },
     "983916475": {
      "maxRSS": 21220,
      "systemtime": 4570,
      "usertime": 94080
     },
     "983917569": {
      "maxRSS": 21220,
      "systemtime": 4570,
      "usertime": 94096
     },
     "983918059": {
      "maxRSS": 21220,
      "systemtime": 4570,
      "usertime": 96153
     },
     "983919147": {
      "maxRSS": 21348,
      "systemtime": 4570,
      "usertime": 96178
     },
     "983919248": {
      "maxRSS": 21348,
      "systemtime": 4570,
      "usertime": 97399
     },
     "983920329": {
      "maxRSS": 21348,
      "systemtime": 4570,
      "usertime": 98173
     },
     "983921211": {
      "maxRSS": 21348,
      "systemtime": 4570,
      "usertime": 99395
     },
     "983922103": {
      "maxRSS": 21476,
      "systemtime": 4570,
      "usertime": 100294
     },
     "983923182": {
      "maxRSS": 21476,
      "systemtime": 4570,
      "usertime": 100310
     },
     "983923474": {
      "maxRSS": 21476,
      "systemtime": 4570,
      "usertime": 101703
     },
     "983924030": {
      "maxRSS": 21476,
      "systemtime": 4602,
      "usertime": 102232
     },
     "983924952": {
      "maxRSS": 21476,
      "systemtime": 5551,
      "usertime": 102232
     },
     "983925330": {
      "maxRSS": 21476,
      "systemtime": 5926,
      "usertime": 102232
     },
     "983925965": {
      "maxRSS": 21476,
      "systemtime": 6607,
      "usertime": 102232
     },
     "983926139": {
      "maxRSS": 21476,
      "systemtime": 6801,
      "usertime": 102232
     },
     "983926537": {
      "maxRSS": 21476,
      "systemtime": 7210,
      "usertime": 102232
     },
     "983926629": {
      "maxRSS": 21476,
      "systemtime": 7319,
      "usertime": 102232
     },
     "983926914": {
      "maxRSS": 21476,
      "systemtime": 7616,
      "usertime": 102232
     },
     "983926973": {
      "maxRSS": 21476,
      "systemtime": 7685,
      "usertime": 102232
     },
     "983927142": {
      "maxRSS": 21476,
      "systemtime": 7874,
      "usertime": 102232
     },
     "983927175": {
      "maxRSS": 21476,
      "systemtime": 7913,
      "usertime": 102232
     },
     "983927321": {
      "maxRSS": 21476,
      "systemtime": 8085,
      "usertime": 102232
     },
     "983927451": {
      "maxRSS": 21476,
      "systemtime": 8182,
      "usertime": 102286
     },
     "983927532": {
      "maxRSS": 21476,
      "systemtime": 8189,
      "usertime": 102367
     },
     "983928630": {
      "maxRSS": 21604,
      "systemtime": 8190,
      "usertime": 102948
     },
     "983929723": {
      "maxRSS": 21860,
      "systemtime": 8190,
      "usertime": 102963
     },
     "983930806": {
      "maxRSS": 22116,
      "systemtime": 8190,
      "usertime": 102979
     },
     "983931923": {
      "maxRSS": 22372,
      "systemtime": 8190,
      "usertime": 103013
     },
     "983933009": {
      "maxRSS": 22500,
      "systemtime": 8190,
      "usertime": 106987
     },
     "983934085": {
      "maxRSS": 22756,
      "systemtime": 8190,
      "usertime": 107002
     },
     "983935183": {
      "maxRSS": 22884,
      "systemtime": 8190,
      "usertime": 107022
     },
     "983936260": {
      "maxRSS": 23140,
      "systemtime": 8190,
      "usertime": 111009
     },
     "983937333": {
      "maxRSS": 23268,
      "systemtime": 8190,
      "usertime": 111023
     },
     "983938437": {
      "maxRSS": 23396,
      "systemtime": 8190,
      "usertime": 111050
     },
     "983939527": {
      "maxRSS": 23652,
      "systemtime": 8190,
      "usertime": 111076
     },
     "983940605": {
      "maxRSS": 23908,
      "systemtime": 8190,
      "usertime": 115153
     },
     "983941717": {
      "maxRSS": 24036,
      "systemtime": 8190,
      "usertime": 115183
     },
     "983942801": {
      "maxRSS": 24164,
      "systemtime": 8190,
      "usertime": 115205
     },
     "983943878": {
      "maxRSS": 24420,
      "systemtime": 8190,
      "usertime": 115220
     },
     "983944979": {
      "maxRSS": 24548,
      "systemtime": 8190,
      "usertime": 119175
     },
     "983946056": {
      "maxRSS": 24676,
      "systemtime": 8190,
      "usertime": 119190
     },
     "983947144": {
      "maxRSS": 24932,
      "systemtime": 8190,
      "usertime": 119206
     },
     "983948248": {
      "maxRSS": 25060,
      "systemtime": 8190,
      "usertime": 123237
     },
     "983949343": {
      "maxRSS": 25188,
      "systemtime": 8190,
      "usertime": 123264
     },
     "983950425": {
      "maxRSS": 25444,
      "systemtime": 8190,
      "usertime": 123283
     },
     "983951508": {
      "maxRSS": 25572,
      "systemtime": 8190,
      "usertime": 123302
     },
     "983952583": {
      "maxRSS": 25700,
      "systemtime": 8190,
      "usertime": 127330
     },
     "983953665": {
      "maxRSS": 25828,
      "systemtime": 8190,
      "usertime": 127345
     },
     "983954742": {
      "maxRSS": 25956,
      "systemtime": 8190,
      "usertime": 127361
     },
     "983955863": {
      "maxRSS": 26212,
      "systemtime": 8190,
      "usertime": 127381
     },
     "983956973": {
      "maxRSS": 26340,
      "systemtime": 8190,
      "usertime": 131403
     },
     "983958049": {
      "maxRSS": 26468,
      "systemtime": 8190,
      "usertime": 131417
     },
     "983959139": {
      "maxRSS": 26596,
      "systemtime": 8190,
      "usertime": 131432
     },
     "983960219": {
      "maxRSS": 26852,
      "systemtime": 8190,
      "usertime": 135445
     },
     "983961296": {
      "maxRSS": 26980,
      "systemtime": 8190,
      "usertime": 135461
     },
     "983962385": {
      "maxRSS": 27108,
      "systemtime": 8190,
      "usertime": 135483
     },
     "983963487": {
      "maxRSS": 27364,
      "systemtime": 8190,
      "usertime": 135501
     },
     "983964574": {
      "maxRSS": 27492,
      "systemtime": 8190,
      "usertime": 139525
     },
     "983965666": {
      "maxRSS": 27620,
      "systemtime": 8190,
      "usertime": 139555
     },
     "983966774": {
      "maxRSS": 27876,
      "systemtime": 8190,
      "usertime": 139583
     },
     "983967887": {
      "maxRSS": 28004,
      "systemtime": 8190,
      "usertime": 139612
     },
     "983968992": {
      "maxRSS": 28132,
      "systemtime": 8190,
      "usertime": 143635
     },
     "983970081": {
      "maxRSS": 28388,
      "systemtime": 8190,
      "usertime": 143652
     },
     "983971193": {
      "maxRSS": 28516,
      "systemtime": 8190,
      "usertime": 143669
     },
     "983972267": {
      "maxRSS": 28644,
      "systemtime": 8190,
      "usertime": 147695
     },
     "983973345": {
      "maxRSS": 28772,
      "systemtime": 8190,
      "usertime": 147711
     },
     "983974458": {
      "maxRSS": 29028,
      "systemtime": 8190,
      "usertime": 147726
     },
     "983975552": {
      "maxRSS": 29156,
      "systemtime": 8190,
      "usertime": 147742
     },
     "983976647": {
      "maxRSS": 29412,
      "systemtime": 8190,
      "usertime": 151764
     },
     "983977735": {
      "maxRSS": 29540,
      "systemtime": 8190,
      "usertime": 151781
     },
     "983978817": {
      "maxRSS": 29668,
      "systemtime": 8190,
      "usertime": 151799
     },
     "983979894": {
      "maxRSS": 29796,
      "systemtime": 8190,
      "usertime": 151816
     },
     "983980964": {
      "maxRSS": 30052,
      "systemtime": 8190,
      "usertime": 155812
     },
     "983982040": {
      "maxRSS": 30180,
      "systemtime": 8190,
      "usertime": 155825
     },
     "983983120": {
      "maxRSS": 30436,
      "systemtime": 8190,
      "usertime": 155846
     },
     "983984198": {
      "maxRSS": 30564,
      "systemtime": 8190,
      "usertime": 159859
     },
     "983985276": {
      "maxRSS": 30692,
      "systemtime": 8190,
      "usertime": 159876
     },
     "983986361": {
      "maxRSS": 30948,
      "systemtime": 8190,
      "usertime": 159891
     },
     "983987440": {
      "maxRSS": 31076,
      "systemtime": 8190,
      "usertime": 159907
     },
     "983988533": {
      "maxRSS": 31204,
      "systemtime": 8190,
      "usertime": 163923
     },
     "983989645": {
      "maxRSS": 31588,
      "systemtime": 8190,
      "usertime": 163943
     },
     "983990723": {
      "maxRSS": 31844,
      "systemtime": 8190,
      "usertime": 163958
     },
     "983991797": {
      "maxRSS": 31972,
      "systemtime": 8190,
      "usertime": 163973
     },
     "983992906": {
      "maxRSS": 32100,
      "systemtime": 8190,
      "usertime": 168008
     },
     "983993995": {
      "maxRSS": 32356,
      "systemtime": 8190,
      "usertime": 168023
     },
     "983995079": {
      "maxRSS": 32484,
      "systemtime": 8190,
      "usertime": 168039
     },
     "983996154": {
      "maxRSS": 32612,
      "systemtime": 8190,
      "usertime": 172039
     },
     "983997245": {
      "maxRSS": 32868,
      "systemtime": 8190,
      "usertime": 172055
     },
     "983998325": {
      "maxRSS": 32996,
      "systemtime": 8190,
      "usertime": 172072
     },
     "983999428": {
      "maxRSS": 33252,
      "systemtime": 8190,
      "usertime": 172083
     },
     "984000506": {
      "maxRSS": 33380,
      "systemtime": 8190,
      "usertime": 176092
     },
     "984001605": {
      "maxRSS": 33636,
      "systemtime": 8190,
      "usertime": 176120
     },
     "984002704": {
      "maxRSS": 33764,
      "systemtime": 8190,
      "usertime": 176143
     },
     "984003819": {
      "maxRSS": 34020,
      "systemtime": 8190,
      "usertime": 176174
     },
     "984004923": {
      "maxRSS": 34148,
      "systemtime": 8190,
      "usertime": 180201
     },
     "984006022": {
      "maxRSS": 34276,
      "systemtime": 8190,
      "usertime": 180217
     },
     "984007112": {
      "maxRSS": 34532,
      "systemtime": 8190,
      "usertime": 180234
     },
     "984008208": {
      "maxRSS": 34660,
      "systemtime": 8190,
      "usertime": 184254
     },
     "984009289": {
      "maxRSS": 34788,
      "systemtime": 8190,
      "usertime": 184945
     },
     "984009993": {
      "maxRSS": 34788,
      "systemtime": 8190,
      "usertime": 186273
     },
     "984010018": {
      "maxRSS": 34788,
      "systemtime": 8190,
      "usertime": 186352
     },
     "984011160": {
      "maxRSS": 34788,
      "systemtime": 8190,
      "usertime": 186828
     }
    }
   }
  }
 }
}
