{
 "root": {
  "program": {
   "configuration": {
    "": "/root/compiler/tests/corpus/CONE_CORPUS/cc_both.dl",
    "fact-dir": "/root/compiler/fixtures/cone_corpus/cc_both/n20",
    "include-dir": ".",
    "jobs": "1",
    "libraries": "functors",
    "library-dir": ".",
    "output-dir": "/root/compiler/measurements/night04-b-cone/cc_both/n20/none",
    "profile": "prof.log",
    "relationCount": "13",
    "ruleCount": "19",
    "version": "2.5",
    "warn": "all",
    "wno": "none"
   },
   "relation": {
    "base": {
     "loadtime": { "start": 21905443259, "end": 21905443351},
     "num-tuples": 30,
     "reads": 0,
     "source-locator": "/root/compiler/tests/corpus/CONE_CORPUS/cc_both.dl [15:7-15:11]"
    },
    "blocked": {
     "loadtime": { "start": 21905443359, "end": 21905443385},
     "num-tuples": 2,
     "reads": 199,
     "source-locator": "/root/compiler/tests/corpus/CONE_CORPUS/cc_both.dl [17:7-17:14]"
    },
    "e": {
     "loadtime": { "start": 21905443392, "end": 21905443423},
     "num-tuples": 31,
     "reads": 0,
     "source-locator": "/root/compiler/tests/corpus/CONE_CORPUS/cc_both.dl [16:7-16:8]"
    },
    "gate": {
     "iteration": {
      "0": {
       "copytime": { "start": 21905443551, "end": 21905443552},
       "maxRSS": {
        "post": 12436,
        "pre": 12308
       },
       "num-tuples": 5,
       "recursive-rule": {
        "gate(x) :- \n   gate(y),\n   gate_edge(y,x).": {
         "0": {
          "atom-frequency": {
           "@new_gate(x) :- \n   @delta_gate(y),\n   gate_edge(y,x).": {
            "@delta_gate": {
             "level": 0,
             "num-tuples": 0
            },
            "gate_edge": {
             "level": 1,
             "num-tuples": 0
            }
           }
          },
          "maxRSS": {
           "post": 12436,
           "pre": 12308
          },
          "num-tuples": 5,
          "runtime": { "start": 21905443526, "end": 21905443533},
          "source-locator": "/root/compiler/tests/corpus/CONE_CORPUS/cc_both.dl [28:1-28:36]"
         }
        }
       },
       "runtime": { "start": 21905443525, "end": 21905443543}
      },
      "1": {
       "copytime": { "start": 21905443584, "end": 21905443585},
       "maxRSS": {
        "post": 12436,
        "pre": 12436
       },
       "num-tuples": 2,
       "recursive-rule": {
        "gate(x) :- \n   gate(y),\n   gate_edge(y,x).": {
         "0": {
          "maxRSS": {
           "post": 12436,
           "pre": 12436
          },
          "num-tuples": 2,
          "runtime": { "start": 21905443558, "end": 21905443561},
          "source-locator": "/root/compiler/tests/corpus/CONE_CORPUS/cc_both.dl [28:1-28:36]"
         }
        }
       },
       "runtime": { "start": 21905443556, "end": 21905443566}
      },
      "2": {
       "copytime": { "start": 21905443607, "end": 21905443608},
       "maxRSS": {
        "post": 12436,
        "pre": 12436
       },
       "num-tuples": 2,
       "recursive-rule": {
        "gate(x) :- \n   gate(y),\n   gate_edge(y,x).": {
         "0": {
          "maxRSS": {
           "post": 12436,
           "pre": 12436
          },
          "num-tuples": 2,
          "runtime": { "start": 21905443589, "end": 21905443590},
          "source-locator": "/root/compiler/tests/corpus/CONE_CORPUS/cc_both.dl [28:1-28:36]"
         }
        }
       },
       "runtime": { "start": 21905443588, "end": 21905443598}
      },
      "3": {
       "copytime": { "start": 21905443647, "end": 21905443648},
       "maxRSS": {
        "post": 12436,
        "pre": 12436
       },
       "num-tuples": 1,
       "recursive-rule": {
        "gate(x) :- \n   gate(y),\n   gate_edge(y,x).": {
         "0": {
          "maxRSS": {
           "post": 12436,
           "pre": 12436
          },
          "num-tuples": 1,
          "runtime": { "start": 21905443619, "end": 21905443621},
          "source-locator": "/root/compiler/tests/corpus/CONE_CORPUS/cc_both.dl [28:1-28:36]"
         }
        }
       },
       "runtime": { "start": 21905443611, "end": 21905443629}
      },
      "4": {
       "copytime": { "start": 21905443665, "end": 21905443666},
       "maxRSS": {
        "post": 12436,
        "pre": 12436
       },
       "num-tuples": 1,
       "recursive-rule": {
        "gate(x) :- \n   gate(y),\n   gate_edge(y,x).": {
         "0": {
          "maxRSS": {
           "post": 12436,
           "pre": 12436
          },
          "num-tuples": 1,
          "runtime": { "start": 21905443652, "end": 21905443653},
          "source-locator": "/root/compiler/tests/corpus/CONE_CORPUS/cc_both.dl [28:1-28:36]"
         }
        }
       },
       "runtime": { "start": 21905443651, "end": 21905443660}
      },
      "5": {
       "copytime": { "start": 21905443679, "end": 21905443680},
       "maxRSS": {
        "post": 12436,
        "pre": 12436
       },
       "num-tuples": 1,
       "recursive-rule": {
        "gate(x) :- \n   gate(y),\n   gate_edge(y,x).": {
         "0": {
          "maxRSS": {
           "post": 12436,
           "pre": 12436
          },
          "num-tuples": 1,
          "runtime": { "start": 21905443668, "end": 21905443670},
          "source-locator": "/root/compiler/tests/corpus/CONE_CORPUS/cc_both.dl [28:1-28:36]"
         }
        }
       },
       "runtime": { "start": 21905443668, "end": 21905443674}
      },
      "6": {
       "maxRSS": {
        "post": 12436,
        "pre": 12436
       },
       "num-tuples": 0,
       "recursive-rule": {
        "gate(x) :- \n   gate(y),\n   gate_edge(y,x).": {
         "0": {
          "maxRSS": {
           "post": 12436,
           "pre": 12436
          },
          "num-tuples": 0,
          "runtime": { "start": 21905443682, "end": 21905443683},
          "source-locator": "/root/compiler/tests/corpus/CONE_CORPUS/cc_both.dl [28:1-28:36]"
         }
        }
       },
       "runtime": { "start": 21905443682, "end": 21905443687}
      }
     },
     "maxRSS": {
      "post": 12308,
      "pre": 12180
     },
     "non-recursive-rule": {
      "gate(x) :- \n   gate_seed(x).": {
       "atom-frequency": {
        "gate(x) :- \n   gate_seed(x).": {
         "gate_seed": {
          "level": 0,
          "num-tuples": 0
         }
        }
       },
       "maxRSS": {
        "post": 12308,
        "pre": 12180
       },
       "num-tuples": 3,
       "runtime": { "start": 21905443506, "end": 21905443512},
       "source-locator": "/root/compiler/tests/corpus/CONE_CORPUS/cc_both.dl [27:1-27:25]"
      }
     },
     "num-tuples": 3,
     "reads": 47,
     "runtime": { "start": 21905443497, "end": 21905443520},
     "source-locator": "/root/compiler/tests/corpus/CONE_CORPUS/cc_both.dl [26:7-26:11]"
    },
    "gate_edge": {
     "loadtime": { "start": 21905443430, "end": 21905443444},
     "num-tuples": 20,
     "reads": 0,
     "source-locator": "/root/compiler/tests/corpus/CONE_CORPUS/cc_both.dl [19:7-19:16]"
    },
    "gate_seed": {
     "loadtime": { "start": 21905443449, "end": 21905443457},
     "num-tuples": 3,
     "reads": 0,
     "source-locator": "/root/compiler/tests/corpus/CONE_CORPUS/cc_both.dl [18:7-18:16]"
    },
    "out": {
     "maxRSS": {
      "post": 12436,
      "pre": 12436
     },
     "non-recursive-rule": {
      "out(y) :- \n   p(1,y).": {
       "atom-frequency": {
        "out(y) :- \n   p(1,y).": {
         "p": {
          "level": 0,
          "num-tuples": 0
         }
        }
       },
       "maxRSS": {
        "post": 12436,
        "pre": 12436
       },
       "num-tuples": 1,
       "runtime": { "start": 21905444389, "end": 21905444390},
       "source-locator": "/root/compiler/tests/corpus/CONE_CORPUS/cc_both.dl [38:1-38:18]"
      }
     },
     "num-tuples": 1,
     "reads": 0,
     "runtime": { "start": 21905444388, "end": 21905444397},
     "savetime": { "start": 21905444400, "end": 21905444437},
     "source-locator": "/root/compiler/tests/corpus/CONE_CORPUS/cc_both.dl [37:7-37:10]"
    },
    "out2": {
     "maxRSS": {
      "post": 12436,
      "pre": 12436
     },
     "non-recursive-rule": {
      "out2(y) :- \n   tc(1,y).": {
       "atom-frequency": {
        "out2(y) :- \n   tc(1,y).": {
         "tc": {
          "level": 0,
          "num-tuples": 0
         }
        }
       },
       "maxRSS": {
        "post": 12436,
        "pre": 12436
       },
       "num-tuples": 13,
       "runtime": { "start": 21905444206, "end": 21905444207},
       "source-locator": "/root/compiler/tests/corpus/CONE_CORPUS/cc_both.dl [45:1-45:20]"
      }
     },
     "num-tuples": 13,
     "reads": 0,
     "runtime": { "start": 21905444205, "end": 21905444215},
     "savetime": { "start": 21905444219, "end": 21905444273},
     "source-locator": "/root/compiler/tests/corpus/CONE_CORPUS/cc_both.dl [44:7-44:11]"
    },
    "p": {
     "iteration": {
      "0": {
       "copytime": { "start": 21905444353, "end": 21905444363},
       "maxRSS": {
        "post": 12436,
        "pre": 12436
       },
       "num-tuples": 5,
       "recursive-rule": {
        "p(x,y) :- \n   p(x,z),\n   !s(z),\n   q(z,y).": {
         "0": {
          "atom-frequency": {
           "@new_p(x,y) :- \n   @delta_p(x,z),\n   !s(z),\n   q(z,y).": {
            "@delta_p": {
             "level": 0,
             "num-tuples": 0
            },
            "q": {
             "level": 1,
             "num-tuples": 0
            }
           }
          },
          "maxRSS": {
           "post": 12436,
           "pre": 12436
          },
          "num-tuples": 5,
          "runtime": { "start": 21905444331, "end": 21905444337},
          "source-locator": "/root/compiler/tests/corpus/CONE_CORPUS/cc_both.dl [35:1-35:33]"
         }
        }
       },
       "runtime": { "start": 21905444322, "end": 21905444345}
      },
      "1": {
       "maxRSS": {
        "post": 12436,
        "pre": 12436
       },
       "num-tuples": 0,
       "recursive-rule": {
        "p(x,y) :- \n   p(x,z),\n   !s(z),\n   q(z,y).": {
         "0": {
          "maxRSS": {
           "post": 12436,
           "pre": 12436
          },
          "num-tuples": 0,
          "runtime": { "start": 21905444369, "end": 21905444371},
          "source-locator": "/root/compiler/tests/corpus/CONE_CORPUS/cc_both.dl [35:1-35:33]"
         }
        }
       },
       "runtime": { "start": 21905444368, "end": 21905444378}
      }
     },
     "maxRSS": {
      "post": 12436,
      "pre": 12436
     },
     "non-recursive-rule": {
      "p(x,y) :- \n   e(x,y),\n   gate(x).": {
       "atom-frequency": {
        "p(x,y) :- \n   e(x,y),\n   gate(x).": {
         "e": {
          "level": 0,
          "num-tuples": 0
         }
        }
       },
       "maxRSS": {
        "post": 12436,
        "pre": 12436
       },
       "num-tuples": 23,
       "runtime": { "start": 21905444305, "end": 21905444310},
       "source-locator": "/root/compiler/tests/corpus/CONE_CORPUS/cc_both.dl [34:1-34:27]"
      }
     },
     "num-tuples": 23,
     "reads": 8,
     "runtime": { "start": 21905444295, "end": 21905444317},
     "source-locator": "/root/compiler/tests/corpus/CONE_CORPUS/cc_both.dl [33:7-33:8]"
    },
    "q": {
     "iteration": {
      "0": {
       "copytime": { "start": 21905443730, "end": 21905443734},
       "maxRSS": {
        "post": 12436,
        "pre": 12436
       },
       "num-tuples": 46,
       "recursive-rule": {
        "q(x,y) :- \n   q(x,z),\n   base(z,y).": {
         "0": {
          "atom-frequency": {
           "@new_q(x,y) :- \n   @delta_q(x,z),\n   base(z,y).": {
            "@delta_q": {
             "level": 0,
             "num-tuples": 0
            },
            "base": {
             "level": 1,
             "num-tuples": 0
            }
           }
          },
          "maxRSS": {
           "post": 12436,
           "pre": 12436
          },
          "num-tuples": 46,
          "runtime": { "start": 21905443708, "end": 21905443718},
          "source-locator": "/root/compiler/tests/corpus/CONE_CORPUS/cc_both.dl [24:1-24:29]"
         }
        }
       },
       "runtime": { "start": 21905443707, "end": 21905443724}
      },
      "1": {
       "copytime": { "start": 21905443773, "end": 21905443778},
       "maxRSS": {
        "post": 12436,
        "pre": 12436
       },
       "num-tuples": 51,
       "recursive-rule": {
        "q(x,y) :- \n   q(x,z),\n   base(z,y).": {
         "0": {
          "maxRSS": {
           "post": 12436,
           "pre": 12436
          },
          "num-tuples": 51,
          "runtime": { "start": 21905443737, "end": 21905443750},
          "source-locator": "/root/compiler/tests/corpus/CONE_CORPUS/cc_both.dl [24:1-24:29]"
         }
        }
       },
       "runtime": { "start": 21905443737, "end": 21905443755}
      },
      "2": {
       "copytime": { "start": 21905443830, "end": 21905443834},
       "maxRSS": {
        "post": 12436,
        "pre": 12436
       },
       "num-tuples": 44,
       "recursive-rule": {
        "q(x,y) :- \n   q(x,z),\n   base(z,y).": {
         "0": {
          "maxRSS": {
           "post": 12436,
           "pre": 12436
          },
          "num-tuples": 44,
          "runtime": { "start": 21905443791, "end": 21905443805},
          "source-locator": "/root/compiler/tests/corpus/CONE_CORPUS/cc_both.dl [24:1-24:29]"
         }
        }
       },
       "runtime": { "start": 21905443782, "end": 21905443812}
      },
      "3": {
       "copytime": { "start": 21905443859, "end": 21905443862},
       "maxRSS": {
        "post": 12436,
        "pre": 12436
       },
       "num-tuples": 21,
       "recursive-rule": {
        "q(x,y) :- \n   q(x,z),\n   base(z,y).": {
         "0": {
          "maxRSS": {
           "post": 12436,
           "pre": 12436
          },
          "num-tuples": 21,
          "runtime": { "start": 21905443838, "end": 21905443847},
          "source-locator": "/root/compiler/tests/corpus/CONE_CORPUS/cc_both.dl [24:1-24:29]"
         }
        }
       },
       "runtime": { "start": 21905443838, "end": 21905443854}
      },
      "4": {
       "copytime": { "start": 21905443878, "end": 21905443882},
       "maxRSS": {
        "post": 12436,
        "pre": 12436
       },
       "num-tuples": 6,
       "recursive-rule": {
        "q(x,y) :- \n   q(x,z),\n   base(z,y).": {
         "0": {
          "maxRSS": {
           "post": 12436,
           "pre": 12436
          },
          "num-tuples": 6,
          "runtime": { "start": 21905443865, "end": 21905443869},
          "source-locator": "/root/compiler/tests/corpus/CONE_CORPUS/cc_both.dl [24:1-24:29]"
         }
        }
       },
       "runtime": { "start": 21905443864, "end": 21905443873}
      },
      "5": {
       "copytime": { "start": 21905443894, "end": 21905443895},
       "maxRSS": {
        "post": 12436,
        "pre": 12436
       },
       "num-tuples": 1,
       "recursive-rule": {
        "q(x,y) :- \n   q(x,z),\n   base(z,y).": {
         "0": {
          "maxRSS": {
           "post": 12436,
           "pre": 12436
          },
          "num-tuples": 1,
          "runtime": { "start": 21905443884, "end": 21905443886},
          "source-locator": "/root/compiler/tests/corpus/CONE_CORPUS/cc_both.dl [24:1-24:29]"
         }
        }
       },
       "runtime": { "start": 21905443884, "end": 21905443889}
      },
      "6": {
       "maxRSS": {
        "post": 12436,
        "pre": 12436
       },
       "num-tuples": 0,
       "recursive-rule": {
        "q(x,y) :- \n   q(x,z),\n   base(z,y).": {
         "0": {
          "maxRSS": {
           "post": 12436,
           "pre": 12436
          },
          "num-tuples": 0,
          "runtime": { "start": 21905443897, "end": 21905443898},
          "source-locator": "/root/compiler/tests/corpus/CONE_CORPUS/cc_both.dl [24:1-24:29]"
         }
        }
       },
       "runtime": { "start": 21905443897, "end": 21905443902}
      }
     },
     "maxRSS": {
      "post": 12436,
      "pre": 12436
     },
     "non-recursive-rule": {
      "q(x,y) :- \n   base(x,y).": {
       "atom-frequency": {
        "q(x,y) :- \n   base(x,y).": {
         "base": {
          "level": 0,
          "num-tuples": 0
         }
        }
       },
       "maxRSS": {
        "post": 12436,
        "pre": 12436
       },
       "num-tuples": 30,
       "runtime": { "start": 21905443694, "end": 21905443696},
       "source-locator": "/root/compiler/tests/corpus/CONE_CORPUS/cc_both.dl [23:1-23:21]"
      }
     },
     "num-tuples": 30,
     "reads": 327,
     "runtime": { "start": 21905443693, "end": 21905443702},
     "source-locator": "/root/compiler/tests/corpus/CONE_CORPUS/cc_both.dl [22:7-22:8]"
    },
    "s": {
     "maxRSS": {
      "post": 12436,
      "pre": 12436
     },
     "non-recursive-rule": {
      "s(x) :- \n   q(x,y),\n   blocked(y).": {
       "atom-frequency": {
        "s(x) :- \n   q(x,y),\n   blocked(y).": {
         "q": {
          "level": 0,
          "num-tuples": 0
         }
        }
       },
       "maxRSS": {
        "post": 12436,
        "pre": 12436
       },
       "num-tuples": 12,
       "runtime": { "start": 21905444277, "end": 21905444285},
       "source-locator": "/root/compiler/tests/corpus/CONE_CORPUS/cc_both.dl [31:1-31:28]"
      }
     },
     "num-tuples": 12,
     "reads": 28,
     "runtime": { "start": 21905444277, "end": 21905444291},
     "source-locator": "/root/compiler/tests/corpus/CONE_CORPUS/cc_both.dl [30:7-30:8]"
    },
    "sibling_edge": {
     "loadtime": { "start": 21905443462, "end": 21905443491},
     "num-tuples": 40,
     "reads": 0,
     "source-locator": "/root/compiler/tests/corpus/CONE_CORPUS/cc_both.dl [20:7-20:19]"
    },
    "tc": {
     "iteration": {
      "0": {
       "copytime": { "start": 21905443960, "end": 21905443965},
       "maxRSS": {
        "post": 12436,
        "pre": 12436
       },
       "num-tuples": 63,
       "recursive-rule": {
        "tc(x,y) :- \n   tc(x,z),\n   sibling_edge(z,y).": {
         "0": {
          "atom-frequency": {
           "@new_tc(x,y) :- \n   @delta_tc(x,z),\n   sibling_edge(z,y).": {
            "@delta_tc": {
             "level": 0,
             "num-tuples": 0
            },
            "sibling_edge": {
             "level": 1,
             "num-tuples": 0
            }
           }
          },
          "maxRSS": {
           "post": 12436,
           "pre": 12436
          },
          "num-tuples": 63,
          "runtime": { "start": 21905443924, "end": 21905443937},
          "source-locator": "/root/compiler/tests/corpus/CONE_CORPUS/cc_both.dl [42:1-42:39]"
         }
        }
       },
       "runtime": { "start": 21905443922, "end": 21905443942}
      },
      "1": {
       "copytime": { "start": 21905444038, "end": 21905444044},
       "maxRSS": {
        "post": 12436,
        "pre": 12436
       },
       "num-tuples": 65,
       "recursive-rule": {
        "tc(x,y) :- \n   tc(x,z),\n   sibling_edge(z,y).": {
         "0": {
          "maxRSS": {
           "post": 12436,
           "pre": 12436
          },
          "num-tuples": 65,
          "runtime": { "start": 21905443978, "end": 21905443995},
          "source-locator": "/root/compiler/tests/corpus/CONE_CORPUS/cc_both.dl [42:1-42:39]"
         }
        }
       },
       "runtime": { "start": 21905443969, "end": 21905444020}
      },
      "2": {
       "copytime": { "start": 21905444076, "end": 21905444081},
       "maxRSS": {
        "post": 12436,
        "pre": 12436
       },
       "num-tuples": 48,
       "recursive-rule": {
        "tc(x,y) :- \n   tc(x,z),\n   sibling_edge(z,y).": {
         "0": {
          "maxRSS": {
           "post": 12436,
           "pre": 12436
          },
          "num-tuples": 48,
          "runtime": { "start": 21905444048, "end": 21905444064},
          "source-locator": "/root/compiler/tests/corpus/CONE_CORPUS/cc_both.dl [42:1-42:39]"
         }
        }
       },
       "runtime": { "start": 21905444047, "end": 21905444070}
      },
      "3": {
       "copytime": { "start": 21905444117, "end": 21905444121},
       "maxRSS": {
        "post": 12436,
        "pre": 12436
       },
       "num-tuples": 20,
       "recursive-rule": {
        "tc(x,y) :- \n   tc(x,z),\n   sibling_edge(z,y).": {
         "0": {
          "maxRSS": {
           "post": 12436,
           "pre": 12436
          },
          "num-tuples": 20,
          "runtime": { "start": 21905444084, "end": 21905444094},
          "source-locator": "/root/compiler/tests/corpus/CONE_CORPUS/cc_both.dl [42:1-42:39]"
         }
        }
       },
       "runtime": { "start": 21905444084, "end": 21905444099}
      },
      "4": {
       "copytime": { "start": 21905444144, "end": 21905444147},
       "maxRSS": {
        "post": 12436,
        "pre": 12436
       },
       "num-tuples": 9,
       "recursive-rule": {
        "tc(x,y) :- \n   tc(x,z),\n   sibling_edge(z,y).": {
         "0": {
          "maxRSS": {
           "post": 12436,
           "pre": 12436
          },
          "num-tuples": 9,
          "runtime": { "start": 21905444125, "end": 21905444131},
          "source-locator": "/root/compiler/tests/corpus/CONE_CORPUS/cc_both.dl [42:1-42:39]"
         }
        }
       },
       "runtime": { "start": 21905444124, "end": 21905444137}
      },
      "5": {
       "copytime": { "start": 21905444174, "end": 21905444176},
       "maxRSS": {
        "post": 12436,
        "pre": 12436
       },
       "num-tuples": 7,
       "recursive-rule": {
        "tc(x,y) :- \n   tc(x,z),\n   sibling_edge(z,y).": {
         "0": {
          "maxRSS": {
           "post": 12436,
           "pre": 12436
          },
          "num-tuples": 7,
          "runtime": { "start": 21905444149, "end": 21905444152},
          "source-locator": "/root/compiler/tests/corpus/CONE_CORPUS/cc_both.dl [42:1-42:39]"
         }
        }
       },
       "runtime": { "start": 21905444149, "end": 21905444157}
      },
      "6": {
       "maxRSS": {
        "post": 12436,
        "pre": 12436
       },
       "num-tuples": 0,
       "recursive-rule": {
        "tc(x,y) :- \n   tc(x,z),\n   sibling_edge(z,y).": {
         "0": {
          "maxRSS": {
           "post": 12436,
           "pre": 12436
          },
          "num-tuples": 0,
          "runtime": { "start": 21905444180, "end": 21905444182},
          "source-locator": "/root/compiler/tests/corpus/CONE_CORPUS/cc_both.dl [42:1-42:39]"
         }
        }
       },
       "runtime": { "start": 21905444179, "end": 21905444188}
      }
     },
     "maxRSS": {
      "post": 12436,
      "pre": 12436
     },
     "non-recursive-rule": {
      "tc(x,y) :- \n   sibling_edge(x,y).": {
       "atom-frequency": {
        "tc(x,y) :- \n   sibling_edge(x,y).": {
         "sibling_edge": {
          "level": 0,
          "num-tuples": 0
         }
        }
       },
       "maxRSS": {
        "post": 12436,
        "pre": 12436
       },
       "num-tuples": 40,
       "runtime": { "start": 21905443908, "end": 21905443911},
       "source-locator": "/root/compiler/tests/corpus/CONE_CORPUS/cc_both.dl [41:1-41:30]"
      }
     },
     "num-tuples": 40,
     "reads": 434,
     "runtime": { "start": 21905443908, "end": 21905443916},
     "source-locator": "/root/compiler/tests/corpus/CONE_CORPUS/cc_both.dl [40:7-40:9]"
    }
   },
   "runtime": { "start": 21905443254, "end": 21905444441},
   "starttime": { "time": 21905443219},
   "usage": {
    "timepoint": {
     "21905443323": {
      "maxRSS": 11864,
      "systemtime": 0,
      "usertime": 5505
     },
     "21905443386": {
      "maxRSS": 12180,
      "systemtime": 0,
      "usertime": 5658
     },
     "21905443451": {
      "maxRSS": 12180,
      "systemtime": 0,
      "usertime": 5740
     },
     "21905443477": {
      "maxRSS": 12180,
      "systemtime": 0,
      "usertime": 5762
     },
     "21905443547": {
      "maxRSS": 12436,
      "systemtime": 0,
      "usertime": 5869
     },
     "21905443560": {
      "maxRSS": 12436,
      "systemtime": 0,
      "usertime": 5889
     },
     "21905443592": {
      "maxRSS": 12436,
      "systemtime": 0,
      "usertime": 5927
     },
     "21905443606": {
      "maxRSS": 12436,
      "systemtime": 0,
      "usertime": 5951
     },
     "21905443621": {
      "maxRSS": 12436,
      "systemtime": 0,
      "usertime": 5972
     },
     "21905443737": {
      "maxRSS": 12436,
      "systemtime": 0,
      "usertime": 6099
     },
     "21905443776": {
      "maxRSS": 12436,
      "systemtime": 0,
      "usertime": 6146
     },
     "21905443797": {
      "maxRSS": 12436,
      "systemtime": 0,
      "usertime": 6170
     },
     "21905443911": {
      "maxRSS": 12436,
      "systemtime": 0,
      "usertime": 6300
     },
     "21905443933": {
      "maxRSS": 12436,
      "systemtime": 0,
      "usertime": 6323
     },
     "21905443960": {
      "maxRSS": 12436,
      "systemtime": 0,
      "usertime": 6368
     },
     "21905443990": {
      "maxRSS": 12436,
      "systemtime": 0,
      "usertime": 6394
     },
     "21905444091": {
      "maxRSS": 12436,
      "systemtime": 0,
      "usertime": 6509
     },
     "21905444133": {
      "maxRSS": 12436,
      "systemtime": 0,
      "usertime": 6571
     },
     "21905444142": {
      "maxRSS": 12436,
      "systemtime": 0,
      "usertime": 6590
     },
     "21905444147": {
      "maxRSS": 12436,
      "systemtime": 0,
      "usertime": 6600
     },
     "21905444178": {
      "maxRSS": 12436,
      "systemtime": 0,
      "usertime": 6639
     },
     "21905444283": {
      "maxRSS": 12436,
      "systemtime": 0,
      "usertime": 6754
     },
     "21905444314": {
      "maxRSS": 12436,
      "systemtime": 0,
      "usertime": 6797
     },
     "21905444345": {
      "maxRSS": 12436,
      "systemtime": 0,
      "usertime": 6842
     },
     "21905444376": {
      "maxRSS": 12436,
      "systemtime": 0,
      "usertime": 6879
     },
     "21905444386": {
      "maxRSS": 12436,
      "systemtime": 0,
      "usertime": 6900
     }
    }
   }
  }
 }
}
