{
 "root": {
  "program": {
   "configuration": {
    "": "/root/compiler/tests/corpus/BENCHMARK_FAMILY/same_generation_negation.dl",
    "fact-dir": "/root/compiler/fixtures/benchmark-family/same_generation_negation/d5_b4",
    "include-dir": ".",
    "jobs": "1",
    "libraries": "functors",
    "library-dir": ".",
    "magic-transform": "*",
    "output-dir": "/root/compiler/measurements/night02-t4/same_generation_negation/d5_b4-souffle",
    "profile": "prof.log",
    "relationCount": "4",
    "ruleCount": "7",
    "version": "2.5",
    "warn": "all",
    "wno": "none"
   },
   "relation": {
    "@magic.notsg.{bf}": {
     "maxRSS": {
      "post": 11680,
      "pre": 11552
     },
     "non-recursive-rule": {
      "@magic.notsg.{bf}(0).": {
       "maxRSS": {
        "post": 11680,
        "pre": 11552
       },
       "num-tuples": 1,
       "runtime": { "start": 172491336843, "end": 172491336849},
       "source-locator": " [1:1-1:1]"
      }
     },
     "num-tuples": 1,
     "runtime": { "start": 172491336843, "end": 172491336857},
     "source-locator": " [1:1-1:1]"
    },
    "@neglabel.sg": {
     "iteration": {
      "0": {
       "copytime": { "start": 172491359337, "end": 172491359553},
       "maxRSS": {
        "post": 12328,
        "pre": 12200
       },
       "num-tuples": 2612,
       "recursive-rule": {
        "@neglabel.sg(x,y) :- \n   parent(x,xp),\n   parent(y,yp),\n   @neglabel.sg(xp,yp),\n   x != y.": {
         "0": {
          "atom-frequency": {
           "@new_@neglabel.sg(x,y) :- \n   parent(x,xp),\n   parent(y,yp),\n   @delta_@neglabel.sg(xp,yp),\n   x != y.": {
            "parent": {
             "level": 0,
             "num-tuples": 0
            }
           }
          },
          "maxRSS": {
           "post": 12328,
           "pre": 12200
          },
          "num-tuples": 2612,
          "runtime": { "start": 172491337244, "end": 172491359295},
          "source-locator": " [1:1-1:1]"
         }
        }
       },
       "runtime": { "start": 172491337244, "end": 172491359308}
      },
      "1": {
       "copytime": { "start": 172491383532, "end": 172491384307},
       "maxRSS": {
        "post": 12584,
        "pre": 12456
       },
       "num-tuples": 10080,
       "recursive-rule": {
        "@neglabel.sg(x,y) :- \n   parent(x,xp),\n   parent(y,yp),\n   @neglabel.sg(xp,yp),\n   x != y.": {
         "0": {
          "maxRSS": {
           "post": 12584,
           "pre": 12456
          },
          "num-tuples": 10080,
          "runtime": { "start": 172491359571, "end": 172491383486},
          "source-locator": " [1:1-1:1]"
         }
        }
       },
       "runtime": { "start": 172491359560, "end": 172491383501}
      },
      "2": {
       "copytime": { "start": 172491411282, "end": 172491414726},
       "maxRSS": {
        "post": 13480,
        "pre": 12840
       },
       "num-tuples": 39650,
       "recursive-rule": {
        "@neglabel.sg(x,y) :- \n   parent(x,xp),\n   parent(y,yp),\n   @neglabel.sg(xp,yp),\n   x != y.": {
         "0": {
          "maxRSS": {
           "post": 13480,
           "pre": 12840
          },
          "num-tuples": 39650,
          "runtime": { "start": 172491384325, "end": 172491411227},
          "source-locator": " [1:1-1:1]"
         }
        }
       },
       "runtime": { "start": 172491384314, "end": 172491411247}
      },
      "3": {
       "copytime": { "start": 172491448815, "end": 172491456240},
       "maxRSS": {
        "post": 16424,
        "pre": 14504
       },
       "num-tuples": 108938,
       "recursive-rule": {
        "@neglabel.sg(x,y) :- \n   parent(x,xp),\n   parent(y,yp),\n   @neglabel.sg(xp,yp),\n   x != y.": {
         "0": {
          "maxRSS": {
           "post": 16424,
           "pre": 14504
          },
          "num-tuples": 108938,
          "runtime": { "start": 172491414760, "end": 172491448705},
          "source-locator": " [1:1-1:1]"
         }
        }
       },
       "runtime": { "start": 172491414739, "end": 172491448746}
      },
      "4": {
       "copytime": { "start": 172491505614, "end": 172491523647},
       "maxRSS": {
        "post": 23080,
        "pre": 18856
       },
       "num-tuples": 257764,
       "recursive-rule": {
        "@neglabel.sg(x,y) :- \n   parent(x,xp),\n   parent(y,yp),\n   @neglabel.sg(xp,yp),\n   x != y.": {
         "0": {
          "maxRSS": {
           "post": 23080,
           "pre": 18856
          },
          "num-tuples": 257764,
          "runtime": { "start": 172491456268, "end": 172491505270},
          "source-locator": " [1:1-1:1]"
         }
        }
       },
       "runtime": { "start": 172491456251, "end": 172491505388}
      },
      "5": {
       "maxRSS": {
        "post": 28584,
        "pre": 28456
       },
       "num-tuples": 0,
       "recursive-rule": {
        "@neglabel.sg(x,y) :- \n   parent(x,xp),\n   parent(y,yp),\n   @neglabel.sg(xp,yp),\n   x != y.": {
         "0": {
          "maxRSS": {
           "post": 28584,
           "pre": 28456
          },
          "num-tuples": 0,
          "runtime": { "start": 172491523681, "end": 172491560190},
          "source-locator": " [1:1-1:1]"
         }
        }
       },
       "runtime": { "start": 172491523660, "end": 172491560207}
      }
     },
     "maxRSS": {
      "post": 12200,
      "pre": 12200
     },
     "non-recursive-rule": {
      "@neglabel.sg(x,x) :- \n   person(x).": {
       "atom-frequency": {
        "@neglabel.sg(x,x) :- \n   person(x).": {
         "person": {
          "level": 0,
          "num-tuples": 0
         }
        }
       },
       "maxRSS": {
        "post": 12200,
        "pre": 12200
       },
       "num-tuples": 840,
       "runtime": { "start": 172491337171, "end": 172491337204},
       "source-locator": " [1:1-1:1]"
      }
     },
     "num-tuples": 840,
     "runtime": { "start": 172491337163, "end": 172491337211},
     "source-locator": "/root/compiler/tests/corpus/BENCHMARK_FAMILY/same_generation_negation.dl [26:7-26:9]"
    },
    "notsg.{bf}": {
     "maxRSS": {
      "post": 28584,
      "pre": 28584
     },
     "non-recursive-rule": {
      "notsg.{bf}(x,y) :- \n   @magic.notsg.{bf}(x),\n   person(x),\n   person(y),\n   !@neglabel.sg(x,y).": {
       "atom-frequency": {
        "notsg.{bf}(x,y) :- \n   @magic.notsg.{bf}(x),\n   person(x),\n   person(y),\n   !@neglabel.sg(x,y).": {
         "@magic.notsg.{bf}": {
          "level": 0,
          "num-tuples": 0
         },
         "person": {
          "level": 2,
          "num-tuples": 0
         }
        }
       },
       "maxRSS": {
        "post": 28584,
        "pre": 28584
       },
       "num-tuples": 839,
       "runtime": { "start": 172491560624, "end": 172491560680},
       "source-locator": " [1:1-1:1]"
      }
     },
     "num-tuples": 839,
     "reads": 0,
     "runtime": { "start": 172491560607, "end": 172491560690},
     "source-locator": " [1:1-1:1]"
    },
    "parent": {
     "loadtime": { "start": 172491336862, "end": 172491337055},
     "num-tuples": 839,
     "reads": 0,
     "source-locator": "/root/compiler/tests/corpus/BENCHMARK_FAMILY/same_generation_negation.dl [20:7-20:13]"
    },
    "person": {
     "loadtime": { "start": 172491337062, "end": 172491337156},
     "num-tuples": 840,
     "reads": 1,
     "source-locator": "/root/compiler/tests/corpus/BENCHMARK_FAMILY/same_generation_negation.dl [23:7-23:13]"
    },
    "q_notsg": {
     "maxRSS": {
      "post": 28584,
      "pre": 28584
     },
     "non-recursive-rule": {
      "q_notsg(y) :- \n   notsg.{bf}(@abdul0,y),\n   @abdul0 = 0.": {
       "atom-frequency": {
        "q_notsg(y) :- \n   notsg.{bf}(@abdul0,y),\n   @abdul0 = 0.": {
         "notsg.{bf}": {
          "level": 0,
          "num-tuples": 0
         }
        }
       },
       "maxRSS": {
        "post": 28584,
        "pre": 28584
       },
       "num-tuples": 839,
       "runtime": { "start": 172491561811, "end": 172491561846},
       "source-locator": " [1:1-1:1]"
      }
     },
     "num-tuples": 839,
     "reads": 0,
     "runtime": { "start": 172491561795, "end": 172491561855},
     "savetime": { "start": 172491561859, "end": 172491561995},
     "source-locator": "/root/compiler/tests/corpus/BENCHMARK_FAMILY/same_generation_negation.dl [33:7-33:14]"
    }
   },
   "runtime": { "start": 172491336838, "end": 172491562000},
   "starttime": { "time": 172491336810},
   "usage": {
    "timepoint": {
     "172491336930": {
      "maxRSS": 11936,
      "systemtime": 0,
      "usertime": 4431
     },
     "172491337130": {
      "maxRSS": 12200,
      "systemtime": 0,
      "usertime": 4677
     },
     "172491337236": {
      "maxRSS": 12200,
      "systemtime": 0,
      "usertime": 4844
     },
     "172491337245": {
      "maxRSS": 12200,
      "systemtime": 0,
      "usertime": 4885
     },
     "172491338367": {
      "maxRSS": 12328,
      "systemtime": 0,
      "usertime": 4897
     },
     "172491339630": {
      "maxRSS": 12328,
      "systemtime": 0,
      "usertime": 4914
     },
     "172491340803": {
      "maxRSS": 12328,
      "systemtime": 0,
      "usertime": 7688
     },
     "172491342000": {
      "maxRSS": 12328,
      "systemtime": 0,
      "usertime": 7711
     },
     "172491343170": {
      "maxRSS": 12328,
      "systemtime": 0,
      "usertime": 7728
     },
     "172491344249": {
      "maxRSS": 12328,
      "systemtime": 0,
      "usertime": 11744
     },
     "172491345420": {
      "maxRSS": 12328,
      "systemtime": 0,
      "usertime": 11760
     },
     "172491346646": {
      "maxRSS": 12328,
      "systemtime": 0,
      "usertime": 11777
     },
     "172491347823": {
      "maxRSS": 12328,
      "systemtime": 0,
      "usertime": 11795
     },
     "172491349089": {
      "maxRSS": 12328,
      "systemtime": 0,
      "usertime": 15889
     },
     "172491350266": {
      "maxRSS": 12328,
      "systemtime": 0,
      "usertime": 15909
     },
     "172491351441": {
      "maxRSS": 12328,
      "systemtime": 0,
      "usertime": 15925
     },
     "172491352652": {
      "maxRSS": 12328,
      "systemtime": 0,
      "usertime": 19868
     },
     "172491353781": {
      "maxRSS": 12328,
      "systemtime": 0,
      "usertime": 19885
     },
     "172491354931": {
      "maxRSS": 12328,
      "systemtime": 0,
      "usertime": 19901
     },
     "172491356035": {
      "maxRSS": 12328,
      "systemtime": 0,
      "usertime": 23922
     },
     "172491357126": {
      "maxRSS": 12328,
      "systemtime": 0,
      "usertime": 23945
     },
     "172491358302": {
      "maxRSS": 12328,
      "systemtime": 0,
      "usertime": 23961
     },
     "172491359435": {
      "maxRSS": 12328,
      "systemtime": 0,
      "usertime": 27309
     },
     "172491359625": {
      "maxRSS": 12456,
      "systemtime": 0,
      "usertime": 27558
     },
     "172491360803": {
      "maxRSS": 12456,
      "systemtime": 0,
      "usertime": 28008
     },
     "172491361971": {
      "maxRSS": 12456,
      "systemtime": 0,
      "usertime": 28024
     },
     "172491363066": {
      "maxRSS": 12456,
      "systemtime": 0,
      "usertime": 28052
     },
     "172491364155": {
      "maxRSS": 12456,
      "systemtime": 0,
      "usertime": 32068
     },
     "172491365322": {
      "maxRSS": 12456,
      "systemtime": 0,
      "usertime": 32084
     },
     "172491366492": {
      "maxRSS": 12456,
      "systemtime": 0,
      "usertime": 32100
     },
     "172491367646": {
      "maxRSS": 12456,
      "systemtime": 0,
      "usertime": 32117
     },
     "172491368919": {
      "maxRSS": 12456,
      "systemtime": 0,
      "usertime": 36128
     },
     "172491370090": {
      "maxRSS": 12456,
      "systemtime": 0,
      "usertime": 36149
     },
     "172491371176": {
      "maxRSS": 12456,
      "systemtime": 0,
      "usertime": 36165
     },
     "172491372280": {
      "maxRSS": 12456,
      "systemtime": 0,
      "usertime": 40188
     },
     "172491373554": {
      "maxRSS": 12456,
      "systemtime": 0,
      "usertime": 40208
     },
     "172491374725": {
      "maxRSS": 12456,
      "systemtime": 0,
      "usertime": 40224
     },
     "172491375897": {
      "maxRSS": 12584,
      "systemtime": 0,
      "usertime": 40245
     },
     "172491377065": {
      "maxRSS": 12584,
      "systemtime": 0,
      "usertime": 44261
     },
     "172491378250": {
      "maxRSS": 12584,
      "systemtime": 0,
      "usertime": 44279
     },
     "172491379372": {
      "maxRSS": 12584,
      "systemtime": 0,
      "usertime": 44299
     },
     "172491380541": {
      "maxRSS": 12584,
      "systemtime": 0,
      "usertime": 48321
     },
     "172491381707": {
      "maxRSS": 12584,
      "systemtime": 0,
      "usertime": 48338
     },
     "172491382873": {
      "maxRSS": 12584,
      "systemtime": 0,
      "usertime": 48355
     },
     "172491383623": {
      "maxRSS": 12584,
      "systemtime": 0,
      "usertime": 51898
     },
     "172491384382": {
      "maxRSS": 12840,
      "systemtime": 0,
      "usertime": 52712
     },
     "172491385554": {
      "maxRSS": 12840,
      "systemtime": 0,
      "usertime": 52728
     },
     "172491386741": {
      "maxRSS": 12840,
      "systemtime": 0,
      "usertime": 52745
     },
     "172491387828": {
      "maxRSS": 12840,
      "systemtime": 0,
      "usertime": 52762
     },
     "172491389089": {
      "maxRSS": 12840,
      "systemtime": 0,
      "usertime": 56458
     },
     "172491390171": {
      "maxRSS": 12840,
      "systemtime": 0,
      "usertime": 56475
     },
     "172491391354": {
      "maxRSS": 12968,
      "systemtime": 0,
      "usertime": 56496
     },
     "172491392547": {
      "maxRSS": 12968,
      "systemtime": 0,
      "usertime": 60515
     },
     "172491393629": {
      "maxRSS": 12968,
      "systemtime": 0,
      "usertime": 60534
     },
     "172491394765": {
      "maxRSS": 13096,
      "systemtime": 0,
      "usertime": 60554
     },
     "172491395971": {
      "maxRSS": 13096,
      "systemtime": 0,
      "usertime": 60575
     },
     "172491397117": {
      "maxRSS": 13096,
      "systemtime": 0,
      "usertime": 64610
     },
     "172491398294": {
      "maxRSS": 13096,
      "systemtime": 0,
      "usertime": 64636
     },
     "172491399430": {
      "maxRSS": 13224,
      "systemtime": 0,
      "usertime": 64653
     },
     "172491400689": {
      "maxRSS": 13224,
      "systemtime": 0,
      "usertime": 68733
     },
     "172491401801": {
      "maxRSS": 13224,
      "systemtime": 0,
      "usertime": 68745
     },
     "172491402883": {
      "maxRSS": 13224,
      "systemtime": 0,
      "usertime": 68752
     },
     "172491404154": {
      "maxRSS": 13352,
      "systemtime": 0,
      "usertime": 72689
     },
     "172491405496": {
      "maxRSS": 13352,
      "systemtime": 0,
      "usertime": 72810
     },
     "172491406660": {
      "maxRSS": 13352,
      "systemtime": 0,
      "usertime": 72827
     },
     "172491407902": {
      "maxRSS": 13480,
      "systemtime": 0,
      "usertime": 72844
     },
     "172491409132": {
      "maxRSS": 13480,
      "systemtime": 0,
      "usertime": 76861
     },
     "172491410316": {
      "maxRSS": 13480,
      "systemtime": 0,
      "usertime": 76878
     },
     "172491411382": {
      "maxRSS": 13608,
      "systemtime": 0,
      "usertime": 80178
     },
     "172491412525": {
      "maxRSS": 13864,
      "systemtime": 0,
      "usertime": 80917
     },
     "172491413688": {
      "maxRSS": 14248,
      "systemtime": 0,
      "usertime": 80941
     },
     "172491414773": {
      "maxRSS": 14504,
      "systemtime": 0,
      "usertime": 83716
     },
     "172491415875": {
      "maxRSS": 14504,
      "systemtime": 0,
      "usertime": 83728
     },
     "172491416976": {
      "maxRSS": 14504,
      "systemtime": 0,
      "usertime": 85044
     },
     "172491418073": {
      "maxRSS": 14504,
      "systemtime": 0,
      "usertime": 85051
     },
     "172491419136": {
      "maxRSS": 14504,
      "systemtime": 0,
      "usertime": 85058
     },
     "172491420204": {
      "maxRSS": 14504,
      "systemtime": 0,
      "usertime": 89004
     },
     "172491421294": {
      "maxRSS": 14632,
      "systemtime": 0,
      "usertime": 89018
     },
     "172491422426": {
      "maxRSS": 14632,
      "systemtime": 0,
      "usertime": 89036
     },
     "172491423531": {
      "maxRSS": 14760,
      "systemtime": 0,
      "usertime": 89048
     },
     "172491424629": {
      "maxRSS": 14760,
      "systemtime": 0,
      "usertime": 93059
     },
     "172491425724": {
      "maxRSS": 14888,
      "systemtime": 0,
      "usertime": 93066
     },
     "172491426914": {
      "maxRSS": 14888,
      "systemtime": 0,
      "usertime": 93083
     },
     "172491428100": {
      "maxRSS": 15016,
      "systemtime": 0,
      "usertime": 97093
     },
     "172491429316": {
      "maxRSS": 15016,
      "systemtime": 0,
      "usertime": 97116
     },
     "172491430389": {
      "maxRSS": 15144,
      "systemtime": 0,
      "usertime": 97127
     },
     "172491431488": {
      "maxRSS": 15272,
      "systemtime": 0,
      "usertime": 97137
     },
     "172491432596": {
      "maxRSS": 15400,
      "systemtime": 0,
      "usertime": 101168
     },
     "172491433701": {
      "maxRSS": 15400,
      "systemtime": 0,
      "usertime": 101179
     },
     "172491434799": {
      "maxRSS": 15528,
      "systemtime": 0,
      "usertime": 101187
     },
     "172491435897": {
      "maxRSS": 15656,
      "systemtime": 0,
      "usertime": 101194
     },
     "172491436962": {
      "maxRSS": 15656,
      "systemtime": 0,
      "usertime": 105191
     },
     "172491438121": {
      "maxRSS": 15784,
      "systemtime": 0,
      "usertime": 105208
     },
     "172491439300": {
      "maxRSS": 15912,
      "systemtime": 0,
      "usertime": 105229
     },
     "172491440406": {
      "maxRSS": 15912,
      "systemtime": 0,
      "usertime": 109297
     },
     "172491441508": {
      "maxRSS": 16040,
      "systemtime": 0,
      "usertime": 109311
     },
     "172491442573": {
      "maxRSS": 16168,
      "systemtime": 0,
      "usertime": 109319
     },
     "172491443672": {
      "maxRSS": 16168,
      "systemtime": 0,
      "usertime": 109326
     },
     "172491444769": {
      "maxRSS": 16296,
      "systemtime": 0,
      "usertime": 113277
     },
     "172491445866": {
      "maxRSS": 16296,
      "systemtime": 0,
      "usertime": 113285
     },
     "172491447016": {
      "maxRSS": 16424,
      "systemtime": 0,
      "usertime": 113301
     },
     "172491448154": {
      "maxRSS": 16424,
      "systemtime": 0,
      "usertime": 117384
     },
     "172491448828": {
      "maxRSS": 16424,
      "systemtime": 0,
      "usertime": 118174
     },
     "172491449928": {
      "maxRSS": 16808,
      "systemtime": 0,
      "usertime": 118180
     },
     "172491451029": {
      "maxRSS": 17192,
      "systemtime": 0,
      "usertime": 118187
     },
     "172491452043": {
      "maxRSS": 17576,
      "systemtime": 0,
      "usertime": 121370
     },
     "172491453113": {
      "maxRSS": 17832,
      "systemtime": 0,
      "usertime": 121379
     },
     "172491454262": {
      "maxRSS": 18216,
      "systemtime": 0,
      "usertime": 121399
     },
     "172491455439": {
      "maxRSS": 18600,
      "systemtime": 0,
      "usertime": 121413
     },
     "172491456273": {
      "maxRSS": 18856,
      "systemtime": 0,
      "usertime": 125686
     },
     "172491457371": {
      "maxRSS": 18856,
      "systemtime": 0,
      "usertime": 125693
     },
     "172491458473": {
      "maxRSS": 18856,
      "systemtime": 0,
      "usertime": 125705
     },
     "172491459568": {
      "maxRSS": 18856,
      "systemtime": 0,
      "usertime": 125711
     },
     "172491460675": {
      "maxRSS": 18856,
      "systemtime": 0,
      "usertime": 129463
     },
     "172491461772": {
      "maxRSS": 18856,
      "systemtime": 0,
      "usertime": 129471
     },
     "172491462877": {
      "maxRSS": 18856,
      "systemtime": 0,
      "usertime": 129485
     },
     "172491464064": {
      "maxRSS": 18856,
      "systemtime": 0,
      "usertime": 133506
     },
     "172491465321": {
      "maxRSS": 18856,
      "systemtime": 0,
      "usertime": 133529
     },
     "172491466502": {
      "maxRSS": 18856,
      "systemtime": 0,
      "usertime": 133546
     },
     "172491467675": {
      "maxRSS": 18856,
      "systemtime": 0,
      "usertime": 133563
     },
     "172491468860": {
      "maxRSS": 18856,
      "systemtime": 0,
      "usertime": 137585
     },
     "172491470029": {
      "maxRSS": 18856,
      "systemtime": 0,
      "usertime": 137601
     },
     "172491471117": {
      "maxRSS": 18856,
      "systemtime": 0,
      "usertime": 137618
     },
     "172491472190": {
      "maxRSS": 18984,
      "systemtime": 0,
      "usertime": 141634
     },
     "172491473289": {
      "maxRSS": 19112,
      "systemtime": 0,
      "usertime": 141643
     },
     "172491474391": {
      "maxRSS": 19240,
      "systemtime": 0,
      "usertime": 141651
     },
     "172491475460": {
      "maxRSS": 19496,
      "systemtime": 0,
      "usertime": 141663
     },
     "172491476645": {
      "maxRSS": 19624,
      "systemtime": 0,
      "usertime": 145678
     },
     "172491477816": {
      "maxRSS": 19752,
      "systemtime": 0,
      "usertime": 145695
     },
     "172491478947": {
      "maxRSS": 19880,
      "systemtime": 0,
      "usertime": 145712
     },
     "172491480025": {
      "maxRSS": 20008,
      "systemtime": 0,
      "usertime": 149728
     },
     "172491481126": {
      "maxRSS": 20136,
      "systemtime": 0,
      "usertime": 149739
     },
     "172491482230": {
      "maxRSS": 20264,
      "systemtime": 0,
      "usertime": 149753
     },
     "172491483416": {
      "maxRSS": 20392,
      "systemtime": 0,
      "usertime": 149766
     },
     "172491484599": {
      "maxRSS": 20520,
      "systemtime": 0,
      "usertime": 153781
     },
     "172491485773": {
      "maxRSS": 20648,
      "systemtime": 0,
      "usertime": 153798
     },
     "172491486939": {
      "maxRSS": 20776,
      "systemtime": 0,
      "usertime": 153815
     },
     "172491488099": {
      "maxRSS": 20904,
      "systemtime": 0,
      "usertime": 157831
     },
     "172491489289": {
      "maxRSS": 21160,
      "systemtime": 0,
      "usertime": 157870
     },
     "172491490468": {
      "maxRSS": 21288,
      "systemtime": 0,
      "usertime": 157887
     },
     "172491491655": {
      "maxRSS": 21416,
      "systemtime": 0,
      "usertime": 157904
     },
     "172491492841": {
      "maxRSS": 21544,
      "systemtime": 0,
      "usertime": 161920
     },
     "172491493931": {
      "maxRSS": 21672,
      "systemtime": 0,
      "usertime": 161937
     },
     "172491495091": {
      "maxRSS": 21800,
      "systemtime": 0,
      "usertime": 161954
     },
     "172491496180": {
      "maxRSS": 21928,
      "systemtime": 0,
      "usertime": 165990
     },
     "172491497260": {
      "maxRSS": 22056,
      "systemtime": 0,
      "usertime": 166009
     },
     "172491498327": {
      "maxRSS": 22184,
      "systemtime": 0,
      "usertime": 166019
     },
     "172491499403": {
      "maxRSS": 22312,
      "systemtime": 0,
      "usertime": 166031
     },
     "172491500588": {
      "maxRSS": 22440,
      "systemtime": 0,
      "usertime": 170025
     },
     "172491501704": {
      "maxRSS": 22696,
      "systemtime": 0,
      "usertime": 170051
     },
     "172491502801": {
      "maxRSS": 22824,
      "systemtime": 0,
      "usertime": 170059
     },
     "172491503902": {
      "maxRSS": 22952,
      "systemtime": 0,
      "usertime": 170070
     },
     "172491504996": {
      "maxRSS": 23080,
      "systemtime": 0,
      "usertime": 174083
     },
     "172491505492": {
      "maxRSS": 23080,
      "systemtime": 0,
      "usertime": 175594
     },
     "172491505780": {
      "maxRSS": 23080,
      "systemtime": 0,
      "usertime": 175845
     },
     "172491506953": {
      "maxRSS": 23464,
      "systemtime": 0,
      "usertime": 175862
     },
     "172491508115": {
      "maxRSS": 23848,
      "systemtime": 0,
      "usertime": 178194
     },
     "172491509299": {
      "maxRSS": 24232,
      "systemtime": 0,
      "usertime": 178215
     },
     "172491510493": {
      "maxRSS": 24616,
      "systemtime": 0,
      "usertime": 178232
     },
     "172491511641": {
      "maxRSS": 25000,
      "systemtime": 0,
      "usertime": 178267
     },
     "172491512775": {
      "maxRSS": 25256,
      "systemtime": 0,
      "usertime": 182282
     },
     "172491513954": {
      "maxRSS": 25640,
      "systemtime": 0,
      "usertime": 182300
     },
     "172491515124": {
      "maxRSS": 26024,
      "systemtime": 0,
      "usertime": 182318
     },
     "172491516206": {
      "maxRSS": 26280,
      "systemtime": 0,
      "usertime": 186393
     },
     "172491517403": {
      "maxRSS": 26664,
      "systemtime": 0,
      "usertime": 186409
     },
     "172491518580": {
      "maxRSS": 27048,
      "systemtime": 0,
      "usertime": 186426
     },
     "172491519750": {
      "maxRSS": 27432,
      "systemtime": 0,
      "usertime": 186443
     },
     "172491520970": {
      "maxRSS": 27816,
      "systemtime": 0,
      "usertime": 190405
     },
     "172491522094": {
      "maxRSS": 28072,
      "systemtime": 0,
      "usertime": 190423
     },
     "172491523305": {
      "maxRSS": 28456,
      "systemtime": 0,
      "usertime": 190443
     },
     "172491523783": {
      "maxRSS": 28456,
      "systemtime": 0,
      "usertime": 194140
     },
     "172491524960": {
      "maxRSS": 28456,
      "systemtime": 0,
      "usertime": 194481
     },
     "172491526129": {
      "maxRSS": 28456,
      "systemtime": 0,
      "usertime": 194498
     },
     "172491527386": {
      "maxRSS": 28456,
      "systemtime": 0,
      "usertime": 194515
     },
     "172491528572": {
      "maxRSS": 28456,
      "systemtime": 0,
      "usertime": 198535
     },
     "172491529663": {
      "maxRSS": 28456,
      "systemtime": 0,
      "usertime": 198553
     },
     "172491530853": {
      "maxRSS": 28584,
      "systemtime": 0,
      "usertime": 198590
     },
     "172491531985": {
      "maxRSS": 28584,
      "systemtime": 0,
      "usertime": 198611
     },
     "172491533264": {
      "maxRSS": 28584,
      "systemtime": 3898,
      "usertime": 198818
     },
     "172491534446": {
      "maxRSS": 28584,
      "systemtime": 3898,
      "usertime": 198835
     },
     "172491535698": {
      "maxRSS": 28584,
      "systemtime": 3899,
      "usertime": 198851
     },
     "172491536839": {
      "maxRSS": 28584,
      "systemtime": 3901,
      "usertime": 202883
     },
     "172491537970": {
      "maxRSS": 28584,
      "systemtime": 3902,
      "usertime": 202916
     },
     "172491539096": {
      "maxRSS": 28584,
      "systemtime": 3902,
      "usertime": 202939
     },
     "172491540183": {
      "maxRSS": 28584,
      "systemtime": 3903,
      "usertime": 206895
     },
     "172491541337": {
      "maxRSS": 28584,
      "systemtime": 3903,
      "usertime": 206911
     },
     "172491542429": {
      "maxRSS": 28584,
      "systemtime": 3904,
      "usertime": 206929
     },
     "172491543605": {
      "maxRSS": 28584,
      "systemtime": 3904,
      "usertime": 206946
     },
     "172491544792": {
      "maxRSS": 28584,
      "systemtime": 3906,
      "usertime": 210969
     },
     "172491546046": {
      "maxRSS": 28584,
      "systemtime": 3907,
      "usertime": 210985
     },
     "172491547261": {
      "maxRSS": 28584,
      "systemtime": 3907,
      "usertime": 211016
     },
     "172491548406": {
      "maxRSS": 28584,
      "systemtime": 3909,
      "usertime": 215032
     },
     "172491549688": {
      "maxRSS": 28584,
      "systemtime": 3909,
      "usertime": 215049
     },
     "172491550834": {
      "maxRSS": 28584,
      "systemtime": 3910,
      "usertime": 215084
     },
     "172491552056": {
      "maxRSS": 28584,
      "systemtime": 3912,
      "usertime": 219097
     },
     "172491553359": {
      "maxRSS": 28584,
      "systemtime": 3912,
      "usertime": 219120
     },
     "172491554520": {
      "maxRSS": 28584,
      "systemtime": 3913,
      "usertime": 219145
     },
     "172491555704": {
      "maxRSS": 28584,
      "systemtime": 3913,
      "usertime": 219170
     },
     "172491556872": {
      "maxRSS": 28584,
      "systemtime": 3916,
      "usertime": 223251
     },
     "172491558047": {
      "maxRSS": 28584,
      "systemtime": 3916,
      "usertime": 223268
     },
     "172491559218": {
      "maxRSS": 28584,
      "systemtime": 3917,
      "usertime": 223285
     },
     "172491560281": {
      "maxRSS": 28584,
      "systemtime": 3921,
      "usertime": 227467
     },
     "172491560725": {
      "maxRSS": 28584,
      "systemtime": 3930,
      "usertime": 227943
     },
     "172491561894": {
      "maxRSS": 28584,
      "systemtime": 3950,
      "usertime": 229110
     }
    }
   }
  }
 }
}
