{
 "root": {
  "program": {
   "configuration": {
    "": "/root/compiler/tests/corpus/BENCHMARK_FAMILY/reachability_complement.dl",
    "fact-dir": "/root/compiler/fixtures/p2-scale-500",
    "include-dir": ".",
    "jobs": "1",
    "libraries": "functors",
    "library-dir": ".",
    "output-dir": "/root/compiler/measurements/m3-5-headline-m4/family/reachability_complement/n500/none",
    "profile": "prof.log",
    "relationCount": "5",
    "ruleCount": "6",
    "version": "2.5",
    "warn": "all",
    "wno": "none"
   },
   "relation": {
    "edge": {
     "loadtime": { "start": 17225901403, "end": 17225902403},
     "num-tuples": 1000,
     "reads": 0,
     "source-locator": "/root/compiler/tests/corpus/BENCHMARK_FAMILY/reachability_complement.dl [16:7-16:11]"
    },
    "node": {
     "loadtime": { "start": 17225902414, "end": 17225902961},
     "num-tuples": 500,
     "reads": 0,
     "source-locator": "/root/compiler/tests/corpus/BENCHMARK_FAMILY/reachability_complement.dl [18:7-18:11]"
    },
    "q_unreach": {
     "maxRSS": {
      "post": 18664,
      "pre": 18664
     },
     "non-recursive-rule": {
      "q_unreach(y) :- \n   unreach(1,y).": {
       "atom-frequency": {
        "q_unreach(y) :- \n   unreach(1,y).": {
         "unreach": {
          "level": 0,
          "num-tuples": 0
         }
        }
       },
       "maxRSS": {
        "post": 18664,
        "pre": 18664
       },
       "num-tuples": 93,
       "runtime": { "start": 17226007803, "end": 17226007816},
       "source-locator": "/root/compiler/tests/corpus/BENCHMARK_FAMILY/reachability_complement.dl [30:1-30:30]"
      }
     },
     "num-tuples": 93,
     "reads": 0,
     "runtime": { "start": 17226007759, "end": 17226007828},
     "savetime": { "start": 17226007834, "end": 17226008089},
     "source-locator": "/root/compiler/tests/corpus/BENCHMARK_FAMILY/reachability_complement.dl [28:7-28:16]"
    },
    "reach": {
     "iteration": {
      "0": {
       "copytime": { "start": 17225903513, "end": 17225903670},
       "maxRSS": {
        "post": 16500,
        "pre": 16500
       },
       "num-tuples": 2005,
       "recursive-rule": {
        "reach(x,y) :- \n   reach(x,z),\n   edge(z,y).": {
         "0": {
          "atom-frequency": {
           "@new_reach(x,y) :- \n   @delta_reach(x,z),\n   edge(z,y).": {
            "@delta_reach": {
             "level": 0,
             "num-tuples": 0
            },
            "edge": {
             "level": 1,
             "num-tuples": 0
            }
           }
          },
          "maxRSS": {
           "post": 16500,
           "pre": 16500
          },
          "num-tuples": 2005,
          "runtime": { "start": 17225903106, "end": 17225903479},
          "source-locator": "/root/compiler/tests/corpus/BENCHMARK_FAMILY/reachability_complement.dl [23:1-23:37]"
         }
        }
       },
       "runtime": { "start": 17225903096, "end": 17225903489}
      },
      "1": {
       "copytime": { "start": 17225904578, "end": 17225904909},
       "maxRSS": {
        "post": 16500,
        "pre": 16500
       },
       "num-tuples": 3871,
       "recursive-rule": {
        "reach(x,y) :- \n   reach(x,z),\n   edge(z,y).": {
         "0": {
          "maxRSS": {
           "post": 16500,
           "pre": 16500
          },
          "num-tuples": 3871,
          "runtime": { "start": 17225903686, "end": 17225904543},
          "source-locator": "/root/compiler/tests/corpus/BENCHMARK_FAMILY/reachability_complement.dl [23:1-23:37]"
         }
        }
       },
       "runtime": { "start": 17225903675, "end": 17225904554}
      },
      "10": {
       "copytime": { "start": 17225980099, "end": 17225981061},
       "maxRSS": {
        "post": 17256,
        "pre": 17256
       },
       "num-tuples": 7914,
       "recursive-rule": {
        "reach(x,y) :- \n   reach(x,z),\n   edge(z,y).": {
         "0": {
          "maxRSS": {
           "post": 17256,
           "pre": 17256
          },
          "num-tuples": 7914,
          "runtime": { "start": 17225974976, "end": 17225980057},
          "source-locator": "/root/compiler/tests/corpus/BENCHMARK_FAMILY/reachability_complement.dl [23:1-23:37]"
         }
        }
       },
       "runtime": { "start": 17225974958, "end": 17225980074}
      },
      "11": {
       "copytime": { "start": 17225984367, "end": 17225985083},
       "maxRSS": {
        "post": 17256,
        "pre": 17256
       },
       "num-tuples": 4715,
       "recursive-rule": {
        "reach(x,y) :- \n   reach(x,z),\n   edge(z,y).": {
         "0": {
          "maxRSS": {
           "post": 17256,
           "pre": 17256
          },
          "num-tuples": 4715,
          "runtime": { "start": 17225981086, "end": 17225984335},
          "source-locator": "/root/compiler/tests/corpus/BENCHMARK_FAMILY/reachability_complement.dl [23:1-23:37]"
         }
        }
       },
       "runtime": { "start": 17225981071, "end": 17225984351}
      },
      "12": {
       "copytime": { "start": 17225987039, "end": 17225987398},
       "maxRSS": {
        "post": 17256,
        "pre": 17256
       },
       "num-tuples": 2606,
       "recursive-rule": {
        "reach(x,y) :- \n   reach(x,z),\n   edge(z,y).": {
         "0": {
          "maxRSS": {
           "post": 17256,
           "pre": 17256
          },
          "num-tuples": 2606,
          "runtime": { "start": 17225985112, "end": 17225987000},
          "source-locator": "/root/compiler/tests/corpus/BENCHMARK_FAMILY/reachability_complement.dl [23:1-23:37]"
         }
        }
       },
       "runtime": { "start": 17225985094, "end": 17225987013}
      },
      "13": {
       "copytime": { "start": 17225988491, "end": 17225988719},
       "maxRSS": {
        "post": 17256,
        "pre": 17256
       },
       "num-tuples": 1559,
       "recursive-rule": {
        "reach(x,y) :- \n   reach(x,z),\n   edge(z,y).": {
         "0": {
          "maxRSS": {
           "post": 17256,
           "pre": 17256
          },
          "num-tuples": 1559,
          "runtime": { "start": 17225987418, "end": 17225988432},
          "source-locator": "/root/compiler/tests/corpus/BENCHMARK_FAMILY/reachability_complement.dl [23:1-23:37]"
         }
        }
       },
       "runtime": { "start": 17225987405, "end": 17225988447}
      },
      "14": {
       "copytime": { "start": 17225989401, "end": 17225989522},
       "maxRSS": {
        "post": 17256,
        "pre": 17256
       },
       "num-tuples": 1007,
       "recursive-rule": {
        "reach(x,y) :- \n   reach(x,z),\n   edge(z,y).": {
         "0": {
          "maxRSS": {
           "post": 17256,
           "pre": 17256
          },
          "num-tuples": 1007,
          "runtime": { "start": 17225988745, "end": 17225989357},
          "source-locator": "/root/compiler/tests/corpus/BENCHMARK_FAMILY/reachability_complement.dl [23:1-23:37]"
         }
        }
       },
       "runtime": { "start": 17225988726, "end": 17225989370}
      },
      "15": {
       "copytime": { "start": 17225989985, "end": 17225990067},
       "maxRSS": {
        "post": 17256,
        "pre": 17256
       },
       "num-tuples": 704,
       "recursive-rule": {
        "reach(x,y) :- \n   reach(x,z),\n   edge(z,y).": {
         "0": {
          "maxRSS": {
           "post": 17256,
           "pre": 17256
          },
          "num-tuples": 704,
          "runtime": { "start": 17225989540, "end": 17225989951},
          "source-locator": "/root/compiler/tests/corpus/BENCHMARK_FAMILY/reachability_complement.dl [23:1-23:37]"
         }
        }
       },
       "runtime": { "start": 17225989527, "end": 17225989962}
      },
      "16": {
       "copytime": { "start": 17225990401, "end": 17225990456},
       "maxRSS": {
        "post": 17256,
        "pre": 17256
       },
       "num-tuples": 510,
       "recursive-rule": {
        "reach(x,y) :- \n   reach(x,z),\n   edge(z,y).": {
         "0": {
          "maxRSS": {
           "post": 17256,
           "pre": 17256
          },
          "num-tuples": 510,
          "runtime": { "start": 17225990082, "end": 17225990370},
          "source-locator": "/root/compiler/tests/corpus/BENCHMARK_FAMILY/reachability_complement.dl [23:1-23:37]"
         }
        }
       },
       "runtime": { "start": 17225990071, "end": 17225990380}
      },
      "17": {
       "copytime": { "start": 17225990686, "end": 17225990724},
       "maxRSS": {
        "post": 17256,
        "pre": 17256
       },
       "num-tuples": 343,
       "recursive-rule": {
        "reach(x,y) :- \n   reach(x,z),\n   edge(z,y).": {
         "0": {
          "maxRSS": {
           "post": 17256,
           "pre": 17256
          },
          "num-tuples": 343,
          "runtime": { "start": 17225990470, "end": 17225990656},
          "source-locator": "/root/compiler/tests/corpus/BENCHMARK_FAMILY/reachability_complement.dl [23:1-23:37]"
         }
        }
       },
       "runtime": { "start": 17225990460, "end": 17225990666}
      },
      "18": {
       "copytime": { "start": 17225990898, "end": 17225990924},
       "maxRSS": {
        "post": 17256,
        "pre": 17256
       },
       "num-tuples": 216,
       "recursive-rule": {
        "reach(x,y) :- \n   reach(x,z),\n   edge(z,y).": {
         "0": {
          "maxRSS": {
           "post": 17256,
           "pre": 17256
          },
          "num-tuples": 216,
          "runtime": { "start": 17225990737, "end": 17225990869},
          "source-locator": "/root/compiler/tests/corpus/BENCHMARK_FAMILY/reachability_complement.dl [23:1-23:37]"
         }
        }
       },
       "runtime": { "start": 17225990728, "end": 17225990879}
      },
      "19": {
       "copytime": { "start": 17225991049, "end": 17225991064},
       "maxRSS": {
        "post": 17256,
        "pre": 17256
       },
       "num-tuples": 119,
       "recursive-rule": {
        "reach(x,y) :- \n   reach(x,z),\n   edge(z,y).": {
         "0": {
          "maxRSS": {
           "post": 17256,
           "pre": 17256
          },
          "num-tuples": 119,
          "runtime": { "start": 17225990938, "end": 17225991019},
          "source-locator": "/root/compiler/tests/corpus/BENCHMARK_FAMILY/reachability_complement.dl [23:1-23:37]"
         }
        }
       },
       "runtime": { "start": 17225990928, "end": 17225991028}
      },
      "2": {
       "copytime": { "start": 17225906626, "end": 17225907271},
       "maxRSS": {
        "post": 16500,
        "pre": 16500
       },
       "num-tuples": 7291,
       "recursive-rule": {
        "reach(x,y) :- \n   reach(x,z),\n   edge(z,y).": {
         "0": {
          "maxRSS": {
           "post": 16500,
           "pre": 16500
          },
          "num-tuples": 7291,
          "runtime": { "start": 17225904927, "end": 17225906586},
          "source-locator": "/root/compiler/tests/corpus/BENCHMARK_FAMILY/reachability_complement.dl [23:1-23:37]"
         }
        }
       },
       "runtime": { "start": 17225904915, "end": 17225906598}
      },
      "20": {
       "copytime": { "start": 17225991157, "end": 17225991167},
       "maxRSS": {
        "post": 17256,
        "pre": 17256
       },
       "num-tuples": 63,
       "recursive-rule": {
        "reach(x,y) :- \n   reach(x,z),\n   edge(z,y).": {
         "0": {
          "maxRSS": {
           "post": 17256,
           "pre": 17256
          },
          "num-tuples": 63,
          "runtime": { "start": 17225991078, "end": 17225991128},
          "source-locator": "/root/compiler/tests/corpus/BENCHMARK_FAMILY/reachability_complement.dl [23:1-23:37]"
         }
        }
       },
       "runtime": { "start": 17225991068, "end": 17225991137}
      },
      "21": {
       "copytime": { "start": 17225991233, "end": 17225991237},
       "maxRSS": {
        "post": 17256,
        "pre": 17256
       },
       "num-tuples": 26,
       "recursive-rule": {
        "reach(x,y) :- \n   reach(x,z),\n   edge(z,y).": {
         "0": {
          "maxRSS": {
           "post": 17256,
           "pre": 17256
          },
          "num-tuples": 26,
          "runtime": { "start": 17225991180, "end": 17225991204},
          "source-locator": "/root/compiler/tests/corpus/BENCHMARK_FAMILY/reachability_complement.dl [23:1-23:37]"
         }
        }
       },
       "runtime": { "start": 17225991170, "end": 17225991213}
      },
      "22": {
       "copytime": { "start": 17225991299, "end": 17225991301},
       "maxRSS": {
        "post": 17256,
        "pre": 17256
       },
       "num-tuples": 8,
       "recursive-rule": {
        "reach(x,y) :- \n   reach(x,z),\n   edge(z,y).": {
         "0": {
          "maxRSS": {
           "post": 17256,
           "pre": 17256
          },
          "num-tuples": 8,
          "runtime": { "start": 17225991250, "end": 17225991260},
          "source-locator": "/root/compiler/tests/corpus/BENCHMARK_FAMILY/reachability_complement.dl [23:1-23:37]"
         }
        }
       },
       "runtime": { "start": 17225991240, "end": 17225991277}
      },
      "23": {
       "copytime": { "start": 17225991348, "end": 17225991350},
       "maxRSS": {
        "post": 17256,
        "pre": 17256
       },
       "num-tuples": 2,
       "recursive-rule": {
        "reach(x,y) :- \n   reach(x,z),\n   edge(z,y).": {
         "0": {
          "maxRSS": {
           "post": 17256,
           "pre": 17256
          },
          "num-tuples": 2,
          "runtime": { "start": 17225991316, "end": 17225991320},
          "source-locator": "/root/compiler/tests/corpus/BENCHMARK_FAMILY/reachability_complement.dl [23:1-23:37]"
         }
        }
       },
       "runtime": { "start": 17225991306, "end": 17225991328}
      },
      "24": {
       "maxRSS": {
        "post": 17256,
        "pre": 17256
       },
       "num-tuples": 0,
       "recursive-rule": {
        "reach(x,y) :- \n   reach(x,z),\n   edge(z,y).": {
         "0": {
          "maxRSS": {
           "post": 17256,
           "pre": 17256
          },
          "num-tuples": 0,
          "runtime": { "start": 17225991355, "end": 17225991357},
          "source-locator": "/root/compiler/tests/corpus/BENCHMARK_FAMILY/reachability_complement.dl [23:1-23:37]"
         }
        }
       },
       "runtime": { "start": 17225991353, "end": 17225991364}
      },
      "3": {
       "copytime": { "start": 17225910496, "end": 17225911621},
       "maxRSS": {
        "post": 16500,
        "pre": 16500
       },
       "num-tuples": 12656,
       "recursive-rule": {
        "reach(x,y) :- \n   reach(x,z),\n   edge(z,y).": {
         "0": {
          "maxRSS": {
           "post": 16500,
           "pre": 16500
          },
          "num-tuples": 12656,
          "runtime": { "start": 17225907291, "end": 17225910452},
          "source-locator": "/root/compiler/tests/corpus/BENCHMARK_FAMILY/reachability_complement.dl [23:1-23:37]"
         }
        }
       },
       "runtime": { "start": 17225907279, "end": 17225910469}
      },
      "4": {
       "copytime": { "start": 17225917486, "end": 17225919254},
       "maxRSS": {
        "post": 16500,
        "pre": 16500
       },
       "num-tuples": 19086,
       "recursive-rule": {
        "reach(x,y) :- \n   reach(x,z),\n   edge(z,y).": {
         "0": {
          "maxRSS": {
           "post": 16500,
           "pre": 16500
          },
          "num-tuples": 19086,
          "runtime": { "start": 17225911644, "end": 17225917434},
          "source-locator": "/root/compiler/tests/corpus/BENCHMARK_FAMILY/reachability_complement.dl [23:1-23:37]"
         }
        }
       },
       "runtime": { "start": 17225911630, "end": 17225917452}
      },
      "5": {
       "copytime": { "start": 17225927383, "end": 17225929744},
       "maxRSS": {
        "post": 16500,
        "pre": 16500
       },
       "num-tuples": 24243,
       "recursive-rule": {
        "reach(x,y) :- \n   reach(x,z),\n   edge(z,y).": {
         "0": {
          "maxRSS": {
           "post": 16500,
           "pre": 16500
          },
          "num-tuples": 24243,
          "runtime": { "start": 17225919281, "end": 17225927328},
          "source-locator": "/root/compiler/tests/corpus/BENCHMARK_FAMILY/reachability_complement.dl [23:1-23:37]"
         }
        }
       },
       "runtime": { "start": 17225919263, "end": 17225927349}
      },
      "6": {
       "copytime": { "start": 17225939817, "end": 17225942492},
       "maxRSS": {
        "post": 16500,
        "pre": 16500
       },
       "num-tuples": 25745,
       "recursive-rule": {
        "reach(x,y) :- \n   reach(x,z),\n   edge(z,y).": {
         "0": {
          "maxRSS": {
           "post": 16500,
           "pre": 16500
          },
          "num-tuples": 25745,
          "runtime": { "start": 17225929769, "end": 17225939755},
          "source-locator": "/root/compiler/tests/corpus/BENCHMARK_FAMILY/reachability_complement.dl [23:1-23:37]"
         }
        }
       },
       "runtime": { "start": 17225929754, "end": 17225939785}
      },
      "7": {
       "copytime": { "start": 17225952791, "end": 17225955244},
       "maxRSS": {
        "post": 16500,
        "pre": 16500
       },
       "num-tuples": 22945,
       "recursive-rule": {
        "reach(x,y) :- \n   reach(x,z),\n   edge(z,y).": {
         "0": {
          "maxRSS": {
           "post": 16500,
           "pre": 16500
          },
          "num-tuples": 22945,
          "runtime": { "start": 17225942517, "end": 17225952738},
          "source-locator": "/root/compiler/tests/corpus/BENCHMARK_FAMILY/reachability_complement.dl [23:1-23:37]"
         }
        }
       },
       "runtime": { "start": 17225942502, "end": 17225952757}
      },
      "8": {
       "copytime": { "start": 17225964580, "end": 17225966514},
       "maxRSS": {
        "post": 16872,
        "pre": 16872
       },
       "num-tuples": 17637,
       "recursive-rule": {
        "reach(x,y) :- \n   reach(x,z),\n   edge(z,y).": {
         "0": {
          "maxRSS": {
           "post": 16872,
           "pre": 16872
          },
          "num-tuples": 17637,
          "runtime": { "start": 17225955269, "end": 17225964531},
          "source-locator": "/root/compiler/tests/corpus/BENCHMARK_FAMILY/reachability_complement.dl [23:1-23:37]"
         }
        }
       },
       "runtime": { "start": 17225955254, "end": 17225964546}
      },
      "9": {
       "copytime": { "start": 17225973476, "end": 17225974949},
       "maxRSS": {
        "post": 17128,
        "pre": 17128
       },
       "num-tuples": 12301,
       "recursive-rule": {
        "reach(x,y) :- \n   reach(x,z),\n   edge(z,y).": {
         "0": {
          "maxRSS": {
           "post": 17128,
           "pre": 17128
          },
          "num-tuples": 12301,
          "runtime": { "start": 17225966540, "end": 17225973426},
          "source-locator": "/root/compiler/tests/corpus/BENCHMARK_FAMILY/reachability_complement.dl [23:1-23:37]"
         }
        }
       },
       "runtime": { "start": 17225966522, "end": 17225973441}
      }
     },
     "maxRSS": {
      "post": 16500,
      "pre": 16500
     },
     "non-recursive-rule": {
      "reach(x,y) :- \n   edge(x,y).": {
       "atom-frequency": {
        "reach(x,y) :- \n   edge(x,y).": {
         "edge": {
          "level": 0,
          "num-tuples": 0
         }
        }
       },
       "maxRSS": {
        "post": 16500,
        "pre": 16500
       },
       "num-tuples": 1000,
       "runtime": { "start": 17225902986, "end": 17225903039},
       "source-locator": "/root/compiler/tests/corpus/BENCHMARK_FAMILY/reachability_complement.dl [22:1-22:25]"
      }
     },
     "num-tuples": 1000,
     "reads": 587929,
     "runtime": { "start": 17225902971, "end": 17225903048},
     "source-locator": "/root/compiler/tests/corpus/BENCHMARK_FAMILY/reachability_complement.dl [21:7-21:12]"
    },
    "unreach": {
     "maxRSS": {
      "post": 18664,
      "pre": 17256
     },
     "non-recursive-rule": {
      "unreach(x,y) :- \n   node(x),\n   node(y),\n   !reach(x,y).": {
       "atom-frequency": {
        "unreach(x,y) :- \n   node(x),\n   node(y),\n   !reach(x,y).": {
         "node": {
          "level": 0,
          "num-tuples": 0
         }
        }
       },
       "maxRSS": {
        "post": 18664,
        "pre": 17256
       },
       "num-tuples": 81428,
       "runtime": { "start": 17225991396, "end": 17226007148},
       "source-locator": "/root/compiler/tests/corpus/BENCHMARK_FAMILY/reachability_complement.dl [26:1-26:47]"
      }
     },
     "num-tuples": 81428,
     "reads": 0,
     "runtime": { "start": 17225991386, "end": 17226007220},
     "source-locator": "/root/compiler/tests/corpus/BENCHMARK_FAMILY/reachability_complement.dl [25:7-25:14]"
    }
   },
   "runtime": { "start": 17225901398, "end": 17226008233},
   "starttime": { "time": 17225901368},
   "usage": {
    "timepoint": {
     "17225901380": {
      "maxRSS": 16500,
      "systemtime": 0,
      "usertime": 2821
     },
     "17225902471": {
      "maxRSS": 16500,
      "systemtime": 0,
      "usertime": 4987
     },
     "17225903021": {
      "maxRSS": 16500,
      "systemtime": 0,
      "usertime": 5413
     },
     "17225903110": {
      "maxRSS": 16500,
      "systemtime": 0,
      "usertime": 5554
     },
     "17225903522": {
      "maxRSS": 16500,
      "systemtime": 0,
      "usertime": 5970
     },
     "17225903693": {
      "maxRSS": 16500,
      "systemtime": 0,
      "usertime": 6156
     },
     "17225904613": {
      "maxRSS": 16500,
      "systemtime": 0,
      "usertime": 7068
     },
     "17225904961": {
      "maxRSS": 16500,
      "systemtime": 0,
      "usertime": 7434
     },
     "17225906074": {
      "maxRSS": 16500,
      "systemtime": 0,
      "usertime": 7460
     },
     "17225906654": {
      "maxRSS": 16500,
      "systemtime": 0,
      "usertime": 9176
     },
     "17225907300": {
      "maxRSS": 16500,
      "systemtime": 0,
      "usertime": 9859
     },
     "17225908425": {
      "maxRSS": 16500,
      "systemtime": 0,
      "usertime": 10607
     },
     "17225909499": {
      "maxRSS": 16500,
      "systemtime": 0,
      "usertime": 10622
     },
     "17225910502": {
      "maxRSS": 16500,
      "systemtime": 0,
      "usertime": 13099
     },
     "17225911592": {
      "maxRSS": 16500,
      "systemtime": 0,
      "usertime": 13119
     },
     "17225911648": {
      "maxRSS": 16500,
      "systemtime": 0,
      "usertime": 14275
     },
     "17225912723": {
      "maxRSS": 16500,
      "systemtime": 0,
      "usertime": 14644
     },
     "17225913838": {
      "maxRSS": 16500,
      "systemtime": 0,
      "usertime": 14667
     },
     "17225914994": {
      "maxRSS": 16500,
      "systemtime": 0,
      "usertime": 14691
     },
     "17225916053": {
      "maxRSS": 16500,
      "systemtime": 0,
      "usertime": 18717
     },
     "17225917207": {
      "maxRSS": 16500,
      "systemtime": 0,
      "usertime": 18742
     },
     "17225917483": {
      "maxRSS": 16500,
      "systemtime": 0,
      "usertime": 20225
     },
     "17225917493": {
      "maxRSS": 16500,
      "systemtime": 0,
      "usertime": 20241
     },
     "17225918628": {
      "maxRSS": 16500,
      "systemtime": 0,
      "usertime": 20254
     },
     "17225919327": {
      "maxRSS": 16500,
      "systemtime": 0,
      "usertime": 22071
     },
     "17225920461": {
      "maxRSS": 16500,
      "systemtime": 0,
      "usertime": 22820
     },
     "17225921577": {
      "maxRSS": 16500,
      "systemtime": 0,
      "usertime": 22847
     },
     "17225922677": {
      "maxRSS": 16500,
      "systemtime": 0,
      "usertime": 22856
     },
     "17225923755": {
      "maxRSS": 16500,
      "systemtime": 0,
      "usertime": 22869
     },
     "17225924830": {
      "maxRSS": 16500,
      "systemtime": 0,
      "usertime": 26887
     },
     "17225925908": {
      "maxRSS": 16500,
      "systemtime": 0,
      "usertime": 26904
     },
     "17225926986": {
      "maxRSS": 16500,
      "systemtime": 0,
      "usertime": 26920
     },
     "17225927381": {
      "maxRSS": 16500,
      "systemtime": 0,
      "usertime": 30293
     },
     "17225928453": {
      "maxRSS": 16500,
      "systemtime": 0,
      "usertime": 30936
     },
     "17225929518": {
      "maxRSS": 16500,
      "systemtime": 0,
      "usertime": 30945
     },
     "17225929773": {
      "maxRSS": 16500,
      "systemtime": 0,
      "usertime": 32717
     },
     "17225930839": {
      "maxRSS": 16500,
      "systemtime": 0,
      "usertime": 32725
     },
     "17225931906": {
      "maxRSS": 16500,
      "systemtime": 0,
      "usertime": 32734
     },
     "17225932991": {
      "maxRSS": 16500,
      "systemtime": 0,
      "usertime": 35001
     },
     "17225934082": {
      "maxRSS": 16500,
      "systemtime": 0,
      "usertime": 35022
     },
     "17225935165": {
      "maxRSS": 16500,
      "systemtime": 0,
      "usertime": 35041
     },
     "17225936248": {
      "maxRSS": 16500,
      "systemtime": 0,
      "usertime": 39045
     },
     "17225937344": {
      "maxRSS": 16500,
      "systemtime": 0,
      "usertime": 39059
     },
     "17225938420": {
      "maxRSS": 16500,
      "systemtime": 0,
      "usertime": 39072
     },
     "17225939495": {
      "maxRSS": 16500,
      "systemtime": 0,
      "usertime": 39084
     },
     "17225939816": {
      "maxRSS": 16500,
      "systemtime": 0,
      "usertime": 42903
     },
     "17225940897": {
      "maxRSS": 16500,
      "systemtime": 0,
      "usertime": 43157
     },
     "17225941974": {
      "maxRSS": 16500,
      "systemtime": 0,
      "usertime": 43171
     },
     "17225942522": {
      "maxRSS": 16500,
      "systemtime": 0,
      "usertime": 45649
     },
     "17225943590": {
      "maxRSS": 16500,
      "systemtime": 0,
      "usertime": 45657
     },
     "17225944655": {
      "maxRSS": 16500,
      "systemtime": 0,
      "usertime": 47149
     },
     "17225945763": {
      "maxRSS": 16500,
      "systemtime": 0,
      "usertime": 47163
     },
     "17225946828": {
      "maxRSS": 16500,
      "systemtime": 0,
      "usertime": 47170
     },
     "17225947929": {
      "maxRSS": 16500,
      "systemtime": 0,
      "usertime": 47178
     },
     "17225949014": {
      "maxRSS": 16500,
      "systemtime": 0,
      "usertime": 51194
     },
     "17225950100": {
      "maxRSS": 16500,
      "systemtime": 0,
      "usertime": 51216
     },
     "17225951180": {
      "maxRSS": 16500,
      "systemtime": 0,
      "usertime": 51233
     },
     "17225952269": {
      "maxRSS": 16500,
      "systemtime": 0,
      "usertime": 55318
     },
     "17225952823": {
      "maxRSS": 16500,
      "systemtime": 0,
      "usertime": 56053
     },
     "17225953888": {
      "maxRSS": 16500,
      "systemtime": 0,
      "usertime": 56059
     },
     "17225954952": {
      "maxRSS": 16744,
      "systemtime": 0,
      "usertime": 56066
     },
     "17225955273": {
      "maxRSS": 16872,
      "systemtime": 0,
      "usertime": 58549
     },
     "17225956339": {
      "maxRSS": 16872,
      "systemtime": 0,
      "usertime": 59289
     },
     "17225957414": {
      "maxRSS": 16872,
      "systemtime": 0,
      "usertime": 59302
     },
     "17225958484": {
      "maxRSS": 16872,
      "systemtime": 0,
      "usertime": 59314
     },
     "17225959550": {
      "maxRSS": 16872,
      "systemtime": 0,
      "usertime": 59322
     },
     "17225960620": {
      "maxRSS": 16872,
      "systemtime": 0,
      "usertime": 63336
     },
     "17225961686": {
      "maxRSS": 16872,
      "systemtime": 0,
      "usertime": 63344
     },
     "17225962763": {
      "maxRSS": 16872,
      "systemtime": 0,
      "usertime": 63352
     },
     "17225963828": {
      "maxRSS": 16872,
      "systemtime": 0,
      "usertime": 63359
     },
     "17225964581": {
      "maxRSS": 16872,
      "systemtime": 0,
      "usertime": 67940
     },
     "17225965646": {
      "maxRSS": 16872,
      "systemtime": 0,
      "usertime": 67957
     },
     "17225966544": {
      "maxRSS": 17128,
      "systemtime": 0,
      "usertime": 69923
     },
     "17225967611": {
      "maxRSS": 17128,
      "systemtime": 0,
      "usertime": 69931
     },
     "17225968682": {
      "maxRSS": 17128,
      "systemtime": 0,
      "usertime": 71404
     },
     "17225969747": {
      "maxRSS": 17128,
      "systemtime": 0,
      "usertime": 71411
     },
     "17225970814": {
      "maxRSS": 17128,
      "systemtime": 0,
      "usertime": 71421
     },
     "17225971884": {
      "maxRSS": 17128,
      "systemtime": 0,
      "usertime": 71428
     },
     "17225972970": {
      "maxRSS": 17128,
      "systemtime": 0,
      "usertime": 75444
     },
     "17225973476": {
      "maxRSS": 17128,
      "systemtime": 0,
      "usertime": 76942
     },
     "17225974545": {
      "maxRSS": 17128,
      "systemtime": 0,
      "usertime": 76954
     },
     "17225974982": {
      "maxRSS": 17256,
      "systemtime": 0,
      "usertime": 78463
     },
     "17225976056": {
      "maxRSS": 17256,
      "systemtime": 0,
      "usertime": 79510
     },
     "17225977136": {
      "maxRSS": 17256,
      "systemtime": 0,
      "usertime": 79526
     },
     "17225978280": {
      "maxRSS": 17256,
      "systemtime": 0,
      "usertime": 79557
     },
     "17225979356": {
      "maxRSS": 17256,
      "systemtime": 0,
      "usertime": 79570
     },
     "17225980106": {
      "maxRSS": 17256,
      "systemtime": 0,
      "usertime": 83677
     },
     "17225981114": {
      "maxRSS": 17256,
      "systemtime": 0,
      "usertime": 84689
     },
     "17225982203": {
      "maxRSS": 17256,
      "systemtime": 0,
      "usertime": 84717
     },
     "17225983293": {
      "maxRSS": 17256,
      "systemtime": 0,
      "usertime": 84729
     },
     "17225984369": {
      "maxRSS": 17256,
      "systemtime": 0,
      "usertime": 88023
     },
     "17225985118": {
      "maxRSS": 17256,
      "systemtime": 0,
      "usertime": 88782
     },
     "17225986189": {
      "maxRSS": 17256,
      "systemtime": 0,
      "usertime": 88795
     },
     "17225987039": {
      "maxRSS": 17256,
      "systemtime": 0,
      "usertime": 90733
     },
     "17225987422": {
      "maxRSS": 17256,
      "systemtime": 0,
      "usertime": 91120
     },
     "17225988540": {
      "maxRSS": 17256,
      "systemtime": 0,
      "usertime": 92219
     },
     "17225988755": {
      "maxRSS": 17256,
      "systemtime": 0,
      "usertime": 92489
     },
     "17225989422": {
      "maxRSS": 17256,
      "systemtime": 0,
      "usertime": 93171
     },
     "17225989555": {
      "maxRSS": 17256,
      "systemtime": 0,
      "usertime": 93346
     },
     "17225990000": {
      "maxRSS": 17256,
      "systemtime": 0,
      "usertime": 93813
     },
     "17225990087": {
      "maxRSS": 17256,
      "systemtime": 0,
      "usertime": 93922
     },
     "17225990403": {
      "maxRSS": 17256,
      "systemtime": 0,
      "usertime": 94258
     },
     "17225990475": {
      "maxRSS": 17256,
      "systemtime": 0,
      "usertime": 94338
     },
     "17225990686": {
      "maxRSS": 17256,
      "systemtime": 0,
      "usertime": 94556
     },
     "17225990742": {
      "maxRSS": 17256,
      "systemtime": 0,
      "usertime": 94620
     },
     "17225990897": {
      "maxRSS": 17256,
      "systemtime": 0,
      "usertime": 94782
     },
     "17225990943": {
      "maxRSS": 17256,
      "systemtime": 0,
      "usertime": 94834
     },
     "17225991047": {
      "maxRSS": 17256,
      "systemtime": 0,
      "usertime": 94949
     },
     "17225991084": {
      "maxRSS": 17256,
      "systemtime": 0,
      "usertime": 94993
     },
     "17225991157": {
      "maxRSS": 17256,
      "systemtime": 0,
      "usertime": 95079
     },
     "17225991184": {
      "maxRSS": 17256,
      "systemtime": 0,
      "usertime": 95108
     },
     "17225991231": {
      "maxRSS": 17256,
      "systemtime": 0,
      "usertime": 95160
     },
     "17225991254": {
      "maxRSS": 17256,
      "systemtime": 0,
      "usertime": 95189
     },
     "17225991298": {
      "maxRSS": 17256,
      "systemtime": 0,
      "usertime": 95240
     },
     "17225991320": {
      "maxRSS": 17256,
      "systemtime": 0,
      "usertime": 95274
     },
     "17225991348": {
      "maxRSS": 17256,
      "systemtime": 0,
      "usertime": 95309
     },
     "17225991358": {
      "maxRSS": 17256,
      "systemtime": 0,
      "usertime": 95323
     },
     "17225991381": {
      "maxRSS": 17256,
      "systemtime": 0,
      "usertime": 95347
     },
     "17225991400": {
      "maxRSS": 17256,
      "systemtime": 0,
      "usertime": 95372
     },
     "17225992517": {
      "maxRSS": 17256,
      "systemtime": 0,
      "usertime": 95999
     },
     "17225993631": {
      "maxRSS": 17384,
      "systemtime": 0,
      "usertime": 96016
     },
     "17225994719": {
      "maxRSS": 17384,
      "systemtime": 0,
      "usertime": 96027
     },
     "17225995788": {
      "maxRSS": 17512,
      "systemtime": 0,
      "usertime": 96037
     },
     "17225996912": {
      "maxRSS": 17640,
      "systemtime": 0,
      "usertime": 100051
     },
     "17225997995": {
      "maxRSS": 17768,
      "systemtime": 0,
      "usertime": 100067
     },
     "17225999091": {
      "maxRSS": 17896,
      "systemtime": 0,
      "usertime": 100089
     },
     "17226000198": {
      "maxRSS": 18024,
      "systemtime": 0,
      "usertime": 104124
     },
     "17226001289": {
      "maxRSS": 18152,
      "systemtime": 0,
      "usertime": 104144
     },
     "17226002397": {
      "maxRSS": 18280,
      "systemtime": 0,
      "usertime": 104158
     },
     "17226003464": {
      "maxRSS": 18280,
      "systemtime": 0,
      "usertime": 104168
     },
     "17226004544": {
      "maxRSS": 18408,
      "systemtime": 0,
      "usertime": 108178
     },
     "17226005621": {
      "maxRSS": 18536,
      "systemtime": 0,
      "usertime": 108195
     },
     "17226006763": {
      "maxRSS": 18664,
      "systemtime": 0,
      "usertime": 108231
     },
     "17226007790": {
      "maxRSS": 18664,
      "systemtime": 0,
      "usertime": 112024
     },
     "17226007897": {
      "maxRSS": 18664,
      "systemtime": 0,
      "usertime": 112124
     }
    }
   }
  }
 }
}
