{
 "root": {
  "program": {
   "configuration": {
    "": "/root/compiler/tests/programs/p2.dl",
    "fact-dir": "/root/compiler/fixtures/p2-scale-1000",
    "include-dir": ".",
    "jobs": "1",
    "libraries": "functors",
    "library-dir": ".",
    "magic-transform": "*",
    "output-dir": "/root/compiler/measurements/night01-t6/n1000-souffle",
    "profile": "prof.log",
    "relationCount": "4",
    "ruleCount": "7",
    "version": "2.5",
    "warn": "all",
    "wno": "none"
   },
   "relation": {
    "@magic.unreach.{bf}": {
     "maxRSS": {
      "post": 11552,
      "pre": 11424
     },
     "non-recursive-rule": {
      "@magic.unreach.{bf}(1).": {
       "maxRSS": {
        "post": 11552,
        "pre": 11424
       },
       "num-tuples": 1,
       "runtime": { "start": 23490943514, "end": 23490943519},
       "source-locator": " [1:1-1:1]"
      }
     },
     "num-tuples": 1,
     "runtime": { "start": 23490943511, "end": 23490943526},
     "source-locator": " [1:1-1:1]"
    },
    "@neglabel.reach": {
     "iteration": {
      "0": {
       "copytime": { "start": 23490945124, "end": 23490945450},
       "maxRSS": {
        "post": 12340,
        "pre": 12084
       },
       "num-tuples": 3911,
       "recursive-rule": {
        "@neglabel.reach(x,y) :- \n   @neglabel.reach(x,z),\n   edge(z,y).": {
         "0": {
          "atom-frequency": {
           "@new_@neglabel.reach(x,y) :- \n   @delta_@neglabel.reach(x,z),\n   edge(z,y).": {
            "@delta_@neglabel.reach": {
             "level": 0,
             "num-tuples": 0
            },
            "edge": {
             "level": 1,
             "num-tuples": 0
            }
           }
          },
          "maxRSS": {
           "post": 12340,
           "pre": 12084
          },
          "num-tuples": 3911,
          "runtime": { "start": 23490944367, "end": 23490945091},
          "source-locator": " [1:1-1:1]"
         }
        }
       },
       "runtime": { "start": 23490944357, "end": 23490945102}
      },
      "1": {
       "copytime": { "start": 23490947326, "end": 23490948044},
       "maxRSS": {
        "post": 12596,
        "pre": 12468
       },
       "num-tuples": 7719,
       "recursive-rule": {
        "@neglabel.reach(x,y) :- \n   @neglabel.reach(x,z),\n   edge(z,y).": {
         "0": {
          "maxRSS": {
           "post": 12596,
           "pre": 12468
          },
          "num-tuples": 7719,
          "runtime": { "start": 23490945467, "end": 23490947277},
          "source-locator": " [1:1-1:1]"
         }
        }
       },
       "runtime": { "start": 23490945458, "end": 23490947291}
      },
      "10": {
       "copytime": { "start": 23491221139, "end": 23491226320},
       "maxRSS": {
        "post": 30132,
        "pre": 30132
       },
       "num-tuples": 40802,
       "recursive-rule": {
        "@neglabel.reach(x,y) :- \n   @neglabel.reach(x,z),\n   edge(z,y).": {
         "0": {
          "maxRSS": {
           "post": 30132,
           "pre": 30132
          },
          "num-tuples": 40802,
          "runtime": { "start": 23491196021, "end": 23491221083},
          "source-locator": " [1:1-1:1]"
         }
        }
       },
       "runtime": { "start": 23491195995, "end": 23491221103}
      },
      "11": {
       "copytime": { "start": 23491242926, "end": 23491246464},
       "maxRSS": {
        "post": 30132,
        "pre": 30132
       },
       "num-tuples": 23665,
       "recursive-rule": {
        "@neglabel.reach(x,y) :- \n   @neglabel.reach(x,z),\n   edge(z,y).": {
         "0": {
          "maxRSS": {
           "post": 30132,
           "pre": 30132
          },
          "num-tuples": 23665,
          "runtime": { "start": 23491226347, "end": 23491242872},
          "source-locator": " [1:1-1:1]"
         }
        }
       },
       "runtime": { "start": 23491226331, "end": 23491242890}
      },
      "12": {
       "copytime": { "start": 23491256515, "end": 23491258702},
       "maxRSS": {
        "post": 30132,
        "pre": 30132
       },
       "num-tuples": 12997,
       "recursive-rule": {
        "@neglabel.reach(x,y) :- \n   @neglabel.reach(x,z),\n   edge(z,y).": {
         "0": {
          "maxRSS": {
           "post": 30132,
           "pre": 30132
          },
          "num-tuples": 12997,
          "runtime": { "start": 23491246504, "end": 23491256465},
          "source-locator": " [1:1-1:1]"
         }
        }
       },
       "runtime": { "start": 23491246488, "end": 23491256481}
      },
      "13": {
       "copytime": { "start": 23491264485, "end": 23491266191},
       "maxRSS": {
        "post": 30132,
        "pre": 30132
       },
       "num-tuples": 6967,
       "recursive-rule": {
        "@neglabel.reach(x,y) :- \n   @neglabel.reach(x,z),\n   edge(z,y).": {
         "0": {
          "maxRSS": {
           "post": 30132,
           "pre": 30132
          },
          "num-tuples": 6967,
          "runtime": { "start": 23491258730, "end": 23491264442},
          "source-locator": " [1:1-1:1]"
         }
        }
       },
       "runtime": { "start": 23491258713, "end": 23491264458}
      },
      "14": {
       "copytime": { "start": 23491269502, "end": 23491270276},
       "maxRSS": {
        "post": 30132,
        "pre": 30132
       },
       "num-tuples": 3542,
       "recursive-rule": {
        "@neglabel.reach(x,y) :- \n   @neglabel.reach(x,z),\n   edge(z,y).": {
         "0": {
          "maxRSS": {
           "post": 30132,
           "pre": 30132
          },
          "num-tuples": 3542,
          "runtime": { "start": 23491266229, "end": 23491269460},
          "source-locator": " [1:1-1:1]"
         }
        }
       },
       "runtime": { "start": 23491266202, "end": 23491269474}
      },
      "15": {
       "copytime": { "start": 23491271897, "end": 23491272236},
       "maxRSS": {
        "post": 30132,
        "pre": 30132
       },
       "num-tuples": 1663,
       "recursive-rule": {
        "@neglabel.reach(x,y) :- \n   @neglabel.reach(x,z),\n   edge(z,y).": {
         "0": {
          "maxRSS": {
           "post": 30132,
           "pre": 30132
          },
          "num-tuples": 1663,
          "runtime": { "start": 23491270299, "end": 23491271857},
          "source-locator": " [1:1-1:1]"
         }
        }
       },
       "runtime": { "start": 23491270283, "end": 23491271869}
      },
      "16": {
       "copytime": { "start": 23491273002, "end": 23491273151},
       "maxRSS": {
        "post": 30132,
        "pre": 30132
       },
       "num-tuples": 716,
       "recursive-rule": {
        "@neglabel.reach(x,y) :- \n   @neglabel.reach(x,z),\n   edge(z,y).": {
         "0": {
          "maxRSS": {
           "post": 30132,
           "pre": 30132
          },
          "num-tuples": 716,
          "runtime": { "start": 23491272257, "end": 23491272964},
          "source-locator": " [1:1-1:1]"
         }
        }
       },
       "runtime": { "start": 23491272243, "end": 23491272975}
      },
      "17": {
       "copytime": { "start": 23491273493, "end": 23491273552},
       "maxRSS": {
        "post": 30132,
        "pre": 30132
       },
       "num-tuples": 288,
       "recursive-rule": {
        "@neglabel.reach(x,y) :- \n   @neglabel.reach(x,z),\n   edge(z,y).": {
         "0": {
          "maxRSS": {
           "post": 30132,
           "pre": 30132
          },
          "num-tuples": 288,
          "runtime": { "start": 23491273171, "end": 23491273457},
          "source-locator": " [1:1-1:1]"
         }
        }
       },
       "runtime": { "start": 23491273158, "end": 23491273468}
      },
      "18": {
       "copytime": { "start": 23491273693, "end": 23491273712},
       "maxRSS": {
        "post": 30132,
        "pre": 30132
       },
       "num-tuples": 107,
       "recursive-rule": {
        "@neglabel.reach(x,y) :- \n   @neglabel.reach(x,z),\n   edge(z,y).": {
         "0": {
          "maxRSS": {
           "post": 30132,
           "pre": 30132
          },
          "num-tuples": 107,
          "runtime": { "start": 23491273557, "end": 23491273661},
          "source-locator": " [1:1-1:1]"
         }
        }
       },
       "runtime": { "start": 23491273556, "end": 23491273670}
      },
      "19": {
       "copytime": { "start": 23491273782, "end": 23491273791},
       "maxRSS": {
        "post": 30132,
        "pre": 30132
       },
       "num-tuples": 41,
       "recursive-rule": {
        "@neglabel.reach(x,y) :- \n   @neglabel.reach(x,z),\n   edge(z,y).": {
         "0": {
          "maxRSS": {
           "post": 30132,
           "pre": 30132
          },
          "num-tuples": 41,
          "runtime": { "start": 23491273716, "end": 23491273756},
          "source-locator": " [1:1-1:1]"
         }
        }
       },
       "runtime": { "start": 23491273716, "end": 23491273763}
      },
      "2": {
       "copytime": { "start": 23490951336, "end": 23490952705},
       "maxRSS": {
        "post": 12980,
        "pre": 12724
       },
       "num-tuples": 14927,
       "recursive-rule": {
        "@neglabel.reach(x,y) :- \n   @neglabel.reach(x,z),\n   edge(z,y).": {
         "0": {
          "maxRSS": {
           "post": 12980,
           "pre": 12724
          },
          "num-tuples": 14927,
          "runtime": { "start": 23490948063, "end": 23490951293},
          "source-locator": " [1:1-1:1]"
         }
        }
       },
       "runtime": { "start": 23490948051, "end": 23490951305}
      },
      "20": {
       "copytime": { "start": 23491273825, "end": 23491273828},
       "maxRSS": {
        "post": 30132,
        "pre": 30132
       },
       "num-tuples": 11,
       "recursive-rule": {
        "@neglabel.reach(x,y) :- \n   @neglabel.reach(x,z),\n   edge(z,y).": {
         "0": {
          "maxRSS": {
           "post": 30132,
           "pre": 30132
          },
          "num-tuples": 11,
          "runtime": { "start": 23491273796, "end": 23491273810},
          "source-locator": " [1:1-1:1]"
         }
        }
       },
       "runtime": { "start": 23491273796, "end": 23491273818}
      },
      "21": {
       "copytime": { "start": 23491273850, "end": 23491273851},
       "maxRSS": {
        "post": 30132,
        "pre": 30132
       },
       "num-tuples": 1,
       "recursive-rule": {
        "@neglabel.reach(x,y) :- \n   @neglabel.reach(x,z),\n   edge(z,y).": {
         "0": {
          "maxRSS": {
           "post": 30132,
           "pre": 30132
          },
          "num-tuples": 1,
          "runtime": { "start": 23491273831, "end": 23491273834},
          "source-locator": " [1:1-1:1]"
         }
        }
       },
       "runtime": { "start": 23491273831, "end": 23491273841}
      },
      "22": {
       "maxRSS": {
        "post": 30132,
        "pre": 30132
       },
       "num-tuples": 0,
       "recursive-rule": {
        "@neglabel.reach(x,y) :- \n   @neglabel.reach(x,z),\n   edge(z,y).": {
         "0": {
          "maxRSS": {
           "post": 30132,
           "pre": 30132
          },
          "num-tuples": 0,
          "runtime": { "start": 23491273856, "end": 23491273857},
          "source-locator": " [1:1-1:1]"
         }
        }
       },
       "runtime": { "start": 23491273853, "end": 23491273862}
      },
      "3": {
       "copytime": { "start": 23490959355, "end": 23490961962},
       "maxRSS": {
        "post": 13876,
        "pre": 13364
       },
       "num-tuples": 27799,
       "recursive-rule": {
        "@neglabel.reach(x,y) :- \n   @neglabel.reach(x,z),\n   edge(z,y).": {
         "0": {
          "maxRSS": {
           "post": 13876,
           "pre": 13364
          },
          "num-tuples": 27799,
          "runtime": { "start": 23490952728, "end": 23490959306},
          "source-locator": " [1:1-1:1]"
         }
        }
       },
       "runtime": { "start": 23490952717, "end": 23490959322}
      },
      "4": {
       "copytime": { "start": 23490974668, "end": 23490979305},
       "maxRSS": {
        "post": 15540,
        "pre": 14644
       },
       "num-tuples": 47921,
       "recursive-rule": {
        "@neglabel.reach(x,y) :- \n   @neglabel.reach(x,z),\n   edge(z,y).": {
         "0": {
          "maxRSS": {
           "post": 15540,
           "pre": 14644
          },
          "num-tuples": 47921,
          "runtime": { "start": 23490961985, "end": 23490974613},
          "source-locator": " [1:1-1:1]"
         }
        }
       },
       "runtime": { "start": 23490961970, "end": 23490974631}
      },
      "5": {
       "copytime": { "start": 23491001040, "end": 23491008183},
       "maxRSS": {
        "post": 17972,
        "pre": 16692
       },
       "num-tuples": 72962,
       "recursive-rule": {
        "@neglabel.reach(x,y) :- \n   @neglabel.reach(x,z),\n   edge(z,y).": {
         "0": {
          "maxRSS": {
           "post": 17972,
           "pre": 16692
          },
          "num-tuples": 72962,
          "runtime": { "start": 23490979328, "end": 23491000966},
          "source-locator": " [1:1-1:1]"
         }
        }
       },
       "runtime": { "start": 23490979315, "end": 23491000991}
      },
      "6": {
       "copytime": { "start": 23491040482, "end": 23491050533},
       "maxRSS": {
        "post": 21044,
        "pre": 19764
       },
       "num-tuples": 93922,
       "recursive-rule": {
        "@neglabel.reach(x,y) :- \n   @neglabel.reach(x,z),\n   edge(z,y).": {
         "0": {
          "maxRSS": {
           "post": 21044,
           "pre": 19764
          },
          "num-tuples": 93922,
          "runtime": { "start": 23491008209, "end": 23491040378},
          "source-locator": " [1:1-1:1]"
         }
        }
       },
       "runtime": { "start": 23491008192, "end": 23491040417}
      },
      "7": {
       "copytime": { "start": 23491090391, "end": 23491101420},
       "maxRSS": {
        "post": 24116,
        "pre": 23476
       },
       "num-tuples": 99416,
       "recursive-rule": {
        "@neglabel.reach(x,y) :- \n   @neglabel.reach(x,z),\n   edge(z,y).": {
         "0": {
          "maxRSS": {
           "post": 24116,
           "pre": 23476
          },
          "num-tuples": 99416,
          "runtime": { "start": 23491050565, "end": 23491090285},
          "source-locator": " [1:1-1:1]"
         }
        }
       },
       "runtime": { "start": 23491050546, "end": 23491090321}
      },
      "8": {
       "copytime": { "start": 23491143913, "end": 23491154459},
       "maxRSS": {
        "post": 26932,
        "pre": 26804
       },
       "num-tuples": 86466,
       "recursive-rule": {
        "@neglabel.reach(x,y) :- \n   @neglabel.reach(x,z),\n   edge(z,y).": {
         "0": {
          "maxRSS": {
           "post": 26932,
           "pre": 26804
          },
          "num-tuples": 86466,
          "runtime": { "start": 23491101450, "end": 23491143804},
          "source-locator": " [1:1-1:1]"
         }
        }
       },
       "runtime": { "start": 23491101430, "end": 23491143849}
      },
      "9": {
       "copytime": { "start": 23491188498, "end": 23491195984},
       "maxRSS": {
        "post": 29236,
        "pre": 29236
       },
       "num-tuples": 63576,
       "recursive-rule": {
        "@neglabel.reach(x,y) :- \n   @neglabel.reach(x,z),\n   edge(z,y).": {
         "0": {
          "maxRSS": {
           "post": 29236,
           "pre": 29236
          },
          "num-tuples": 63576,
          "runtime": { "start": 23491154477, "end": 23491188414},
          "source-locator": " [1:1-1:1]"
         }
        }
       },
       "runtime": { "start": 23491154471, "end": 23491188446}
      }
     },
     "maxRSS": {
      "post": 12084,
      "pre": 12084
     },
     "non-recursive-rule": {
      "@neglabel.reach(x,y) :- \n   edge(x,y).": {
       "atom-frequency": {
        "@neglabel.reach(x,y) :- \n   edge(x,y).": {
         "edge": {
          "level": 0,
          "num-tuples": 0
         }
        }
       },
       "maxRSS": {
        "post": 12084,
        "pre": 12084
       },
       "num-tuples": 2000,
       "runtime": { "start": 23490944168, "end": 23490944262},
       "source-locator": " [1:1-1:1]"
      }
     },
     "num-tuples": 2000,
     "runtime": { "start": 23490944168, "end": 23490944270},
     "source-locator": "/root/compiler/tests/programs/p2.dl [5:7-5:12]"
    },
    "edge": {
     "loadtime": { "start": 23490943530, "end": 23490944038},
     "num-tuples": 2000,
     "reads": 0,
     "source-locator": "/root/compiler/tests/programs/p2.dl [1:7-1:11]"
    },
    "node": {
     "loadtime": { "start": 23490944053, "end": 23490944163},
     "num-tuples": 1000,
     "reads": 1,
     "source-locator": "/root/compiler/tests/programs/p2.dl [3:7-3:11]"
    },
    "q2": {
     "maxRSS": {
      "post": 30132,
      "pre": 30132
     },
     "non-recursive-rule": {
      "q2(y) :- \n   unreach.{bf}(@abdul0,y),\n   @abdul0 = 1.": {
       "atom-frequency": {
        "q2(y) :- \n   unreach.{bf}(@abdul0,y),\n   @abdul0 = 1.": {
         "unreach.{bf}": {
          "level": 0,
          "num-tuples": 0
         }
        }
       },
       "maxRSS": {
        "post": 30132,
        "pre": 30132
       },
       "num-tuples": 193,
       "runtime": { "start": 23491275604, "end": 23491275614},
       "source-locator": " [1:1-1:1]"
      }
     },
     "num-tuples": 193,
     "reads": 0,
     "runtime": { "start": 23491275587, "end": 23491275626},
     "savetime": { "start": 23491275630, "end": 23491275755},
     "source-locator": "/root/compiler/tests/programs/p2.dl [10:7-10:9]"
    },
    "unreach.{bf}": {
     "maxRSS": {
      "post": 30132,
      "pre": 30132
     },
     "non-recursive-rule": {
      "unreach.{bf}(x,y) :- \n   @magic.unreach.{bf}(x),\n   node(x),\n   node(y),\n   !@neglabel.reach(x,y).": {
       "atom-frequency": {
        "unreach.{bf}(x,y) :- \n   @magic.unreach.{bf}(x),\n   node(x),\n   node(y),\n   !@neglabel.reach(x,y).": {
         "@magic.unreach.{bf}": {
          "level": 0,
          "num-tuples": 0
         },
         "node": {
          "level": 2,
          "num-tuples": 0
         }
        }
       },
       "maxRSS": {
        "post": 30132,
        "pre": 30132
       },
       "num-tuples": 193,
       "runtime": { "start": 23491273897, "end": 23491273943},
       "source-locator": " [1:1-1:1]"
      }
     },
     "num-tuples": 193,
     "reads": 0,
     "runtime": { "start": 23491273887, "end": 23491273952},
     "source-locator": " [1:1-1:1]"
    }
   },
   "runtime": { "start": 23490943507, "end": 23491275760},
   "starttime": { "time": 23490943480},
   "usage": {
    "timepoint": {
     "23490943598": {
      "maxRSS": 11956,
      "systemtime": 0,
      "usertime": 4333
     },
     "23490944181": {
      "maxRSS": 12084,
      "systemtime": 0,
      "usertime": 5003
     },
     "23490944422": {
      "maxRSS": 12212,
      "systemtime": 0,
      "usertime": 5218
     },
     "23490945223": {
      "maxRSS": 12340,
      "systemtime": 0,
      "usertime": 5997
     },
     "23490945523": {
      "maxRSS": 12468,
      "systemtime": 0,
      "usertime": 6358
     },
     "23490946613": {
      "maxRSS": 12468,
      "systemtime": 0,
      "usertime": 6387
     },
     "23490947373": {
      "maxRSS": 12596,
      "systemtime": 0,
      "usertime": 8266
     },
     "23490948074": {
      "maxRSS": 12724,
      "systemtime": 0,
      "usertime": 9024
     },
     "23490949240": {
      "maxRSS": 12852,
      "systemtime": 0,
      "usertime": 9040
     },
     "23490950408": {
      "maxRSS": 12980,
      "systemtime": 0,
      "usertime": 9057
     },
     "23490951431": {
      "maxRSS": 13108,
      "systemtime": 0,
      "usertime": 12347
     },
     "23490952602": {
      "maxRSS": 13364,
      "systemtime": 0,
      "usertime": 13092
     },
     "23490952781": {
      "maxRSS": 13364,
      "systemtime": 0,
      "usertime": 13774
     },
     "23490953953": {
      "maxRSS": 13364,
      "systemtime": 0,
      "usertime": 13791
     },
     "23490955103": {
      "maxRSS": 13492,
      "systemtime": 0,
      "usertime": 13811
     },
     "23490956129": {
      "maxRSS": 13620,
      "systemtime": 0,
      "usertime": 17128
     },
     "23490957227": {
      "maxRSS": 13748,
      "systemtime": 0,
      "usertime": 17138
     },
     "23490958334": {
      "maxRSS": 13876,
      "systemtime": 0,
      "usertime": 17151
     },
     "23490959384": {
      "maxRSS": 14004,
      "systemtime": 0,
      "usertime": 20494
     },
     "23490960450": {
      "maxRSS": 14260,
      "systemtime": 0,
      "usertime": 21156
     },
     "23490961525": {
      "maxRSS": 14516,
      "systemtime": 0,
      "usertime": 21167
     },
     "23490961990": {
      "maxRSS": 14644,
      "systemtime": 0,
      "usertime": 23150
     },
     "23490963143": {
      "maxRSS": 14644,
      "systemtime": 0,
      "usertime": 23174
     },
     "23490964226": {
      "maxRSS": 14644,
      "systemtime": 0,
      "usertime": 25219
     },
     "23490965330": {
      "maxRSS": 14644,
      "systemtime": 0,
      "usertime": 25231
     },
     "23490966427": {
      "maxRSS": 14772,
      "systemtime": 0,
      "usertime": 25240
     },
     "23490967504": {
      "maxRSS": 14772,
      "systemtime": 0,
      "usertime": 25253
     },
     "23490968573": {
      "maxRSS": 14900,
      "systemtime": 0,
      "usertime": 29262
     },
     "23490969669": {
      "maxRSS": 15028,
      "systemtime": 0,
      "usertime": 29270
     },
     "23490970766": {
      "maxRSS": 15156,
      "systemtime": 0,
      "usertime": 29277
     },
     "23490971870": {
      "maxRSS": 15284,
      "systemtime": 0,
      "usertime": 29286
     },
     "23490972977": {
      "maxRSS": 15412,
      "systemtime": 0,
      "usertime": 33296
     },
     "23490974076": {
      "maxRSS": 15412,
      "systemtime": 0,
      "usertime": 33317
     },
     "23490974670": {
      "maxRSS": 15540,
      "systemtime": 0,
      "usertime": 35995
     },
     "23490975771": {
      "maxRSS": 15796,
      "systemtime": 0,
      "usertime": 36019
     },
     "23490977019": {
      "maxRSS": 16180,
      "systemtime": 0,
      "usertime": 37364
     },
     "23490978199": {
      "maxRSS": 16436,
      "systemtime": 0,
      "usertime": 37400
     },
     "23490979406": {
      "maxRSS": 16692,
      "systemtime": 0,
      "usertime": 40744
     },
     "23490980514": {
      "maxRSS": 16692,
      "systemtime": 0,
      "usertime": 41452
     },
     "23490981615": {
      "maxRSS": 16692,
      "systemtime": 0,
      "usertime": 41462
     },
     "23490982713": {
      "maxRSS": 16692,
      "systemtime": 0,
      "usertime": 41468
     },
     "23490983806": {
      "maxRSS": 16692,
      "systemtime": 0,
      "usertime": 41474
     },
     "23490984871": {
      "maxRSS": 16692,
      "systemtime": 0,
      "usertime": 45468
     },
     "23490985967": {
      "maxRSS": 16692,
      "systemtime": 0,
      "usertime": 45475
     },
     "23490987074": {
      "maxRSS": 16692,
      "systemtime": 0,
      "usertime": 45492
     },
     "23490988144": {
      "maxRSS": 16820,
      "systemtime": 0,
      "usertime": 49503
     },
     "23490989208": {
      "maxRSS": 16948,
      "systemtime": 0,
      "usertime": 49510
     },
     "23490990308": {
      "maxRSS": 16948,
      "systemtime": 0,
      "usertime": 49518
     },
     "23490991405": {
      "maxRSS": 17076,
      "systemtime": 0,
      "usertime": 49525
     },
     "23490992470": {
      "maxRSS": 17204,
      "systemtime": 0,
      "usertime": 53533
     },
     "23490993628": {
      "maxRSS": 17332,
      "systemtime": 0,
      "usertime": 53546
     },
     "23490994808": {
      "maxRSS": 17332,
      "systemtime": 0,
      "usertime": 53581
     },
     "23490995974": {
      "maxRSS": 17460,
      "systemtime": 0,
      "usertime": 53598
     },
     "23490997158": {
      "maxRSS": 17588,
      "systemtime": 0,
      "usertime": 57635
     },
     "23490998328": {
      "maxRSS": 17716,
      "systemtime": 0,
      "usertime": 57651
     },
     "23490999488": {
      "maxRSS": 17844,
      "systemtime": 0,
      "usertime": 57667
     },
     "23491000652": {
      "maxRSS": 17844,
      "systemtime": 0,
      "usertime": 61670
     },
     "23491001123": {
      "maxRSS": 17972,
      "systemtime": 0,
      "usertime": 62736
     },
     "23491002204": {
      "maxRSS": 18228,
      "systemtime": 0,
      "usertime": 62752
     },
     "23491003410": {
      "maxRSS": 18612,
      "systemtime": 0,
      "usertime": 62768
     },
     "23491004576": {
      "maxRSS": 18868,
      "systemtime": 0,
      "usertime": 65744
     },
     "23491005850": {
      "maxRSS": 19252,
      "systemtime": 0,
      "usertime": 65765
     },
     "23491007019": {
      "maxRSS": 19508,
      "systemtime": 0,
      "usertime": 65782
     },
     "23491008123": {
      "maxRSS": 19764,
      "systemtime": 0,
      "usertime": 69799
     },
     "23491008263": {
      "maxRSS": 19764,
      "systemtime": 0,
      "usertime": 70023
     },
     "23491009421": {
      "maxRSS": 19764,
      "systemtime": 0,
      "usertime": 70041
     },
     "23491010656": {
      "maxRSS": 19764,
      "systemtime": 0,
      "usertime": 70072
     },
     "23491011752": {
      "maxRSS": 19764,
      "systemtime": 0,
      "usertime": 70090
     },
     "23491012833": {
      "maxRSS": 19764,
      "systemtime": 0,
      "usertime": 73904
     },
     "23491014032": {
      "maxRSS": 19764,
      "systemtime": 0,
      "usertime": 73920
     },
     "23491015222": {
      "maxRSS": 19764,
      "systemtime": 0,
      "usertime": 73951
     },
     "23491016448": {
      "maxRSS": 19764,
      "systemtime": 0,
      "usertime": 77965
     },
     "23491017611": {
      "maxRSS": 19764,
      "systemtime": 0,
      "usertime": 77981
     },
     "23491018777": {
      "maxRSS": 19764,
      "systemtime": 0,
      "usertime": 78002
     },
     "23491019948": {
      "maxRSS": 19764,
      "systemtime": 0,
      "usertime": 78019
     },
     "23491021178": {
      "maxRSS": 19764,
      "systemtime": 0,
      "usertime": 82036
     },
     "23491022446": {
      "maxRSS": 19764,
      "systemtime": 0,
      "usertime": 82059
     },
     "23491023619": {
      "maxRSS": 19764,
      "systemtime": 0,
      "usertime": 82076
     },
     "23491024791": {
      "maxRSS": 19892,
      "systemtime": 0,
      "usertime": 86092
     },
     "23491025967": {
      "maxRSS": 19892,
      "systemtime": 0,
      "usertime": 86109
     },
     "23491027156": {
      "maxRSS": 20020,
      "systemtime": 0,
      "usertime": 86139
     },
     "23491028233": {
      "maxRSS": 20148,
      "systemtime": 0,
      "usertime": 90157
     },
     "23491029349": {
      "maxRSS": 20148,
      "systemtime": 0,
      "usertime": 90179
     },
     "23491030620": {
      "maxRSS": 20276,
      "systemtime": 0,
      "usertime": 90197
     },
     "23491031794": {
      "maxRSS": 20404,
      "systemtime": 0,
      "usertime": 90215
     },
     "23491032963": {
      "maxRSS": 20532,
      "systemtime": 0,
      "usertime": 94234
     },
     "23491034135": {
      "maxRSS": 20532,
      "systemtime": 0,
      "usertime": 94250
     },
     "23491035303": {
      "maxRSS": 20660,
      "systemtime": 0,
      "usertime": 94266
     },
     "23491036452": {
      "maxRSS": 20788,
      "systemtime": 0,
      "usertime": 98287
     },
     "23491037627": {
      "maxRSS": 20788,
      "systemtime": 0,
      "usertime": 98302
     },
     "23491038896": {
      "maxRSS": 20916,
      "systemtime": 0,
      "usertime": 98319
     },
     "23491040083": {
      "maxRSS": 21044,
      "systemtime": 0,
      "usertime": 102333
     },
     "23491040555": {
      "maxRSS": 21044,
      "systemtime": 0,
      "usertime": 102843
     },
     "23491041706": {
      "maxRSS": 21300,
      "systemtime": 0,
      "usertime": 102862
     },
     "23491043056": {
      "maxRSS": 21684,
      "systemtime": 0,
      "usertime": 102881
     },
     "23491044115": {
      "maxRSS": 21940,
      "systemtime": 0,
      "usertime": 106419
     },
     "23491045287": {
      "maxRSS": 22196,
      "systemtime": 0,
      "usertime": 106436
     },
     "23491046372": {
      "maxRSS": 22452,
      "systemtime": 0,
      "usertime": 106453
     },
     "23491047550": {
      "maxRSS": 22836,
      "systemtime": 0,
      "usertime": 106480
     },
     "23491048756": {
      "maxRSS": 23092,
      "systemtime": 0,
      "usertime": 110508
     },
     "23491049929": {
      "maxRSS": 23348,
      "systemtime": 0,
      "usertime": 110525
     },
     "23491050660": {
      "maxRSS": 23476,
      "systemtime": 0,
      "usertime": 113079
     },
     "23491051827": {
      "maxRSS": 23476,
      "systemtime": 0,
      "usertime": 113096
     },
     "23491053007": {
      "maxRSS": 23476,
      "systemtime": 0,
      "usertime": 114564
     },
     "23491054177": {
      "maxRSS": 23476,
      "systemtime": 0,
      "usertime": 114580
     },
     "23491055350": {
      "maxRSS": 23476,
      "systemtime": 0,
      "usertime": 114597
     },
     "23491056529": {
      "maxRSS": 23476,
      "systemtime": 0,
      "usertime": 118600
     },
     "23491057664": {
      "maxRSS": 23476,
      "systemtime": 0,
      "usertime": 118625
     },
     "23491058834": {
      "maxRSS": 23476,
      "systemtime": 0,
      "usertime": 118642
     },
     "23491060024": {
      "maxRSS": 23476,
      "systemtime": 0,
      "usertime": 122656
     },
     "23491061198": {
      "maxRSS": 23476,
      "systemtime": 0,
      "usertime": 122673
     },
     "23491062368": {
      "maxRSS": 23476,
      "systemtime": 0,
      "usertime": 122689
     },
     "23491063522": {
      "maxRSS": 23476,
      "systemtime": 0,
      "usertime": 122723
     },
     "23491064612": {
      "maxRSS": 23476,
      "systemtime": 0,
      "usertime": 126746
     },
     "23491065782": {
      "maxRSS": 23476,
      "systemtime": 0,
      "usertime": 126762
     },
     "23491066955": {
      "maxRSS": 23476,
      "systemtime": 0,
      "usertime": 126779
     },
     "23491068136": {
      "maxRSS": 23476,
      "systemtime": 0,
      "usertime": 130793
     },
     "23491069301": {
      "maxRSS": 23476,
      "systemtime": 0,
      "usertime": 130809
     },
     "23491070462": {
      "maxRSS": 23476,
      "systemtime": 0,
      "usertime": 130826
     },
     "23491071546": {
      "maxRSS": 23476,
      "systemtime": 0,
      "usertime": 130842
     },
     "23491072771": {
      "maxRSS": 23476,
      "systemtime": 0,
      "usertime": 134864
     },
     "23491074001": {
      "maxRSS": 23476,
      "systemtime": 0,
      "usertime": 134893
     },
     "23491075134": {
      "maxRSS": 23476,
      "systemtime": 0,
      "usertime": 134913
     },
     "23491076210": {
      "maxRSS": 23476,
      "systemtime": 0,
      "usertime": 138937
     },
     "23491077277": {
      "maxRSS": 23476,
      "systemtime": 0,
      "usertime": 138947
     },
     "23491078372": {
      "maxRSS": 23476,
      "systemtime": 0,
      "usertime": 138953
     },
     "23491079475": {
      "maxRSS": 23476,
      "systemtime": 0,
      "usertime": 138968
     },
     "23491080576": {
      "maxRSS": 23604,
      "systemtime": 0,
      "usertime": 142972
     },
     "23491081680": {
      "maxRSS": 23604,
      "systemtime": 0,
      "usertime": 142984
     },
     "23491082745": {
      "maxRSS": 23732,
      "systemtime": 0,
      "usertime": 142991
     },
     "23491083843": {
      "maxRSS": 23732,
      "systemtime": 0,
      "usertime": 142998
     },
     "23491084946": {
      "maxRSS": 23860,
      "systemtime": 0,
      "usertime": 147008
     },
     "23491086047": {
      "maxRSS": 23988,
      "systemtime": 0,
      "usertime": 147018
     },
     "23491087143": {
      "maxRSS": 23988,
      "systemtime": 0,
      "usertime": 147025
     },
     "23491088280": {
      "maxRSS": 24116,
      "systemtime": 0,
      "usertime": 151039
     },
     "23491089529": {
      "maxRSS": 24116,
      "systemtime": 0,
      "usertime": 151064
     },
     "23491090370": {
      "maxRSS": 24116,
      "systemtime": 0,
      "usertime": 153436
     },
     "23491090422": {
      "maxRSS": 24116,
      "systemtime": 0,
      "usertime": 153484
     },
     "23491091519": {
      "maxRSS": 24500,
      "systemtime": 0,
      "usertime": 153494
     },
     "23491092619": {
      "maxRSS": 24756,
      "systemtime": 0,
      "usertime": 155155
     },
     "23491093811": {
      "maxRSS": 25012,
      "systemtime": 0,
      "usertime": 155169
     },
     "23491094988": {
      "maxRSS": 25268,
      "systemtime": 0,
      "usertime": 155187
     },
     "23491096189": {
      "maxRSS": 25652,
      "systemtime": 0,
      "usertime": 159161
     },
     "23491097347": {
      "maxRSS": 25908,
      "systemtime": 0,
      "usertime": 159187
     },
     "23491098603": {
      "maxRSS": 26292,
      "systemtime": 0,
      "usertime": 159204
     },
     "23491099776": {
      "maxRSS": 26548,
      "systemtime": 0,
      "usertime": 159226
     },
     "23491100948": {
      "maxRSS": 26804,
      "systemtime": 0,
      "usertime": 163244
     },
     "23491101542": {
      "maxRSS": 26804,
      "systemtime": 0,
      "usertime": 164709
     },
     "23491102708": {
      "maxRSS": 26804,
      "systemtime": 0,
      "usertime": 164725
     },
     "23491103875": {
      "maxRSS": 26804,
      "systemtime": 0,
      "usertime": 164741
     },
     "23491105005": {
      "maxRSS": 26804,
      "systemtime": 0,
      "usertime": 167311
     },
     "23491106177": {
      "maxRSS": 26804,
      "systemtime": 0,
      "usertime": 167333
     },
     "23491107349": {
      "maxRSS": 26804,
      "systemtime": 0,
      "usertime": 167350
     },
     "23491108485": {
      "maxRSS": 26804,
      "systemtime": 0,
      "usertime": 171384
     },
     "23491109584": {
      "maxRSS": 26804,
      "systemtime": 0,
      "usertime": 171396
     },
     "23491110682": {
      "maxRSS": 26804,
      "systemtime": 0,
      "usertime": 171403
     },
     "23491111782": {
      "maxRSS": 26804,
      "systemtime": 0,
      "usertime": 171412
     },
     "23491112888": {
      "maxRSS": 26804,
      "systemtime": 0,
      "usertime": 175405
     },
     "23491113986": {
      "maxRSS": 26804,
      "systemtime": 0,
      "usertime": 175412
     },
     "23491115088": {
      "maxRSS": 26804,
      "systemtime": 0,
      "usertime": 175423
     },
     "23491116152": {
      "maxRSS": 26804,
      "systemtime": 0,
      "usertime": 179429
     },
     "23491117252": {
      "maxRSS": 26804,
      "systemtime": 0,
      "usertime": 179437
     },
     "23491118353": {
      "maxRSS": 26804,
      "systemtime": 0,
      "usertime": 179444
     },
     "23491119458": {
      "maxRSS": 26804,
      "systemtime": 0,
      "usertime": 179456
     },
     "23491120646": {
      "maxRSS": 26804,
      "systemtime": 0,
      "usertime": 183473
     },
     "23491121734": {
      "maxRSS": 26804,
      "systemtime": 0,
      "usertime": 183494
     },
     "23491122915": {
      "maxRSS": 26804,
      "systemtime": 0,
      "usertime": 183513
     },
     "23491124109": {
      "maxRSS": 26804,
      "systemtime": 0,
      "usertime": 187538
     },
     "23491125281": {
      "maxRSS": 26804,
      "systemtime": 0,
      "usertime": 187556
     },
     "23491126468": {
      "maxRSS": 26804,
      "systemtime": 0,
      "usertime": 187573
     },
     "23491127647": {
      "maxRSS": 26804,
      "systemtime": 0,
      "usertime": 187600
     },
     "23491128822": {
      "maxRSS": 26804,
      "systemtime": 0,
      "usertime": 191613
     },
     "23491129931": {
      "maxRSS": 26804,
      "systemtime": 0,
      "usertime": 191630
     },
     "23491131015": {
      "maxRSS": 26804,
      "systemtime": 0,
      "usertime": 191647
     },
     "23491132133": {
      "maxRSS": 26804,
      "systemtime": 0,
      "usertime": 195658
     },
     "23491133307": {
      "maxRSS": 26804,
      "systemtime": 0,
      "usertime": 195675
     },
     "23491134487": {
      "maxRSS": 26804,
      "systemtime": 0,
      "usertime": 195698
     },
     "23491135655": {
      "maxRSS": 26804,
      "systemtime": 0,
      "usertime": 195715
     },
     "23491136747": {
      "maxRSS": 26804,
      "systemtime": 0,
      "usertime": 199731
     },
     "23491137925": {
      "maxRSS": 26804,
      "systemtime": 0,
      "usertime": 199749
     },
     "23491139089": {
      "maxRSS": 26804,
      "systemtime": 0,
      "usertime": 199765
     },
     "23491140131": {
      "maxRSS": 26804,
      "systemtime": 0,
      "usertime": 203849
     },
     "23491141319": {
      "maxRSS": 26932,
      "systemtime": 0,
      "usertime": 203876
     },
     "23491142403": {
      "maxRSS": 26932,
      "systemtime": 0,
      "usertime": 203892
     },
     "23491143579": {
      "maxRSS": 26932,
      "systemtime": 0,
      "usertime": 203908
     },
     "23491143997": {
      "maxRSS": 26932,
      "systemtime": 0,
      "usertime": 207774
     },
     "23491145201": {
      "maxRSS": 27060,
      "systemtime": 0,
      "usertime": 207898
     },
     "23491146380": {
      "maxRSS": 27444,
      "systemtime": 0,
      "usertime": 207915
     },
     "23491147569": {
      "maxRSS": 27700,
      "systemtime": 0,
      "usertime": 207936
     },
     "23491148745": {
      "maxRSS": 27956,
      "systemtime": 3926,
      "usertime": 208094
     },
     "23491149900": {
      "maxRSS": 28212,
      "systemtime": 3926,
      "usertime": 208110
     },
     "23491151074": {
      "maxRSS": 28468,
      "systemtime": 3926,
      "usertime": 208127
     },
     "23491152173": {
      "maxRSS": 28724,
      "systemtime": 3927,
      "usertime": 212079
     },
     "23491153297": {
      "maxRSS": 28980,
      "systemtime": 3927,
      "usertime": 212096
     },
     "23491154481": {
      "maxRSS": 29236,
      "systemtime": 3972,
      "usertime": 214537
     },
     "23491155661": {
      "maxRSS": 29236,
      "systemtime": 3973,
      "usertime": 214558
     },
     "23491156831": {
      "maxRSS": 29236,
      "systemtime": 3973,
      "usertime": 216104
     },
     "23491158001": {
      "maxRSS": 29236,
      "systemtime": 3973,
      "usertime": 216120
     },
     "23491159180": {
      "maxRSS": 29236,
      "systemtime": 3973,
      "usertime": 216136
     },
     "23491160301": {
      "maxRSS": 29236,
      "systemtime": 3973,
      "usertime": 220165
     },
     "23491161493": {
      "maxRSS": 29236,
      "systemtime": 3973,
      "usertime": 220190
     },
     "23491162688": {
      "maxRSS": 29236,
      "systemtime": 3973,
      "usertime": 220224
     },
     "23491163855": {
      "maxRSS": 29236,
      "systemtime": 3973,
      "usertime": 220240
     },
     "23491165030": {
      "maxRSS": 29236,
      "systemtime": 3973,
      "usertime": 224257
     },
     "23491166205": {
      "maxRSS": 29236,
      "systemtime": 3973,
      "usertime": 224273
     },
     "23491167381": {
      "maxRSS": 29236,
      "systemtime": 3973,
      "usertime": 224290
     },
     "23491168522": {
      "maxRSS": 29236,
      "systemtime": 3973,
      "usertime": 228307
     },
     "23491169727": {
      "maxRSS": 29236,
      "systemtime": 3973,
      "usertime": 228336
     },
     "23491170892": {
      "maxRSS": 29236,
      "systemtime": 3973,
      "usertime": 228352
     },
     "23491172080": {
      "maxRSS": 29236,
      "systemtime": 3973,
      "usertime": 232367
     },
     "23491173262": {
      "maxRSS": 29236,
      "systemtime": 3973,
      "usertime": 232383
     },
     "23491174382": {
      "maxRSS": 29236,
      "systemtime": 3973,
      "usertime": 232401
     },
     "23491175567": {
      "maxRSS": 29236,
      "systemtime": 3973,
      "usertime": 232434
     },
     "23491176756": {
      "maxRSS": 29236,
      "systemtime": 3973,
      "usertime": 236463
     },
     "23491177919": {
      "maxRSS": 29236,
      "systemtime": 3973,
      "usertime": 236480
     },
     "23491179085": {
      "maxRSS": 29236,
      "systemtime": 3973,
      "usertime": 236496
     },
     "23491180219": {
      "maxRSS": 29236,
      "systemtime": 3973,
      "usertime": 240514
     },
     "23491181387": {
      "maxRSS": 29236,
      "systemtime": 3973,
      "usertime": 240530
     },
     "23491182549": {
      "maxRSS": 29236,
      "systemtime": 3973,
      "usertime": 240547
     },
     "23491183655": {
      "maxRSS": 29236,
      "systemtime": 3973,
      "usertime": 240564
     },
     "23491184798": {
      "maxRSS": 29236,
      "systemtime": 3973,
      "usertime": 244596
     },
     "23491185952": {
      "maxRSS": 29236,
      "systemtime": 3973,
      "usertime": 244618
     },
     "23491187102": {
      "maxRSS": 29236,
      "systemtime": 3973,
      "usertime": 244637
     },
     "23491188192": {
      "maxRSS": 29236,
      "systemtime": 3973,
      "usertime": 248656
     },
     "23491188482": {
      "maxRSS": 29236,
      "systemtime": 3973,
      "usertime": 249144
     },
     "23491188528": {
      "maxRSS": 29236,
      "systemtime": 3973,
      "usertime": 249177
     },
     "23491189643": {
      "maxRSS": 29236,
      "systemtime": 3973,
      "usertime": 249201
     },
     "23491190805": {
      "maxRSS": 29236,
      "systemtime": 3973,
      "usertime": 249213
     },
     "23491191973": {
      "maxRSS": 29236,
      "systemtime": 3973,
      "usertime": 249230
     },
     "23491193143": {
      "maxRSS": 29492,
      "systemtime": 7526,
      "usertime": 249230
     },
     "23491194312": {
      "maxRSS": 29748,
      "systemtime": 7542,
      "usertime": 249230
     },
     "23491195473": {
      "maxRSS": 30004,
      "systemtime": 7559,
      "usertime": 249230
     },
     "23491196136": {
      "maxRSS": 30132,
      "systemtime": 8056,
      "usertime": 252742
     },
     "23491197302": {
      "maxRSS": 30132,
      "systemtime": 8073,
      "usertime": 252742
     },
     "23491198468": {
      "maxRSS": 30132,
      "systemtime": 8089,
      "usertime": 252742
     },
     "23491199630": {
      "maxRSS": 30132,
      "systemtime": 8106,
      "usertime": 252742
     },
     "23491200714": {
      "maxRSS": 30132,
      "systemtime": 11858,
      "usertime": 252988
     },
     "23491201880": {
      "maxRSS": 30132,
      "systemtime": 11859,
      "usertime": 253004
     },
     "23491203074": {
      "maxRSS": 30132,
      "systemtime": 11860,
      "usertime": 253033
     },
     "23491204121": {
      "maxRSS": 30132,
      "systemtime": 11863,
      "usertime": 257049
     },
     "23491205291": {
      "maxRSS": 30132,
      "systemtime": 11864,
      "usertime": 257065
     },
     "23491206472": {
      "maxRSS": 30132,
      "systemtime": 11865,
      "usertime": 257081
     },
     "23491207635": {
      "maxRSS": 30132,
      "systemtime": 11866,
      "usertime": 257097
     },
     "23491208802": {
      "maxRSS": 30132,
      "systemtime": 11868,
      "usertime": 261111
     },
     "23491209967": {
      "maxRSS": 30132,
      "systemtime": 11869,
      "usertime": 261126
     },
     "23491211148": {
      "maxRSS": 30132,
      "systemtime": 11870,
      "usertime": 261153
     },
     "23491212225": {
      "maxRSS": 30132,
      "systemtime": 11873,
      "usertime": 265167
     },
     "23491213402": {
      "maxRSS": 30132,
      "systemtime": 11873,
      "usertime": 265182
     },
     "23491214575": {
      "maxRSS": 30132,
      "systemtime": 11874,
      "usertime": 265198
     },
     "23491215750": {
      "maxRSS": 30132,
      "systemtime": 11875,
      "usertime": 265214
     },
     "23491216835": {
      "maxRSS": 30132,
      "systemtime": 11877,
      "usertime": 269228
     },
     "23491218048": {
      "maxRSS": 30132,
      "systemtime": 11879,
      "usertime": 269266
     },
     "23491219231": {
      "maxRSS": 30132,
      "systemtime": 11880,
      "usertime": 269287
     },
     "23491220306": {
      "maxRSS": 30132,
      "systemtime": 11885,
      "usertime": 273365
     },
     "23491221229": {
      "maxRSS": 30132,
      "systemtime": 11930,
      "usertime": 274407
     },
     "23491222403": {
      "maxRSS": 30132,
      "systemtime": 11931,
      "usertime": 274426
     },
     "23491223568": {
      "maxRSS": 30132,
      "systemtime": 11932,
      "usertime": 274441
     },
     "23491224762": {
      "maxRSS": 30132,
      "systemtime": 11932,
      "usertime": 277333
     },
     "23491225939": {
      "maxRSS": 30132,
      "systemtime": 11932,
      "usertime": 277349
     },
     "23491226445": {
      "maxRSS": 30132,
      "systemtime": 11985,
      "usertime": 279656
     },
     "23491227615": {
      "maxRSS": 30132,
      "systemtime": 11985,
      "usertime": 279672
     },
     "23491228785": {
      "maxRSS": 30132,
      "systemtime": 11985,
      "usertime": 281344
     },
     "23491229924": {
      "maxRSS": 30132,
      "systemtime": 11985,
      "usertime": 281360
     },
     "23491231106": {
      "maxRSS": 30132,
      "systemtime": 11985,
      "usertime": 281394
     },
     "23491232182": {
      "maxRSS": 30132,
      "systemtime": 11985,
      "usertime": 285409
     },
     "23491233395": {
      "maxRSS": 30132,
      "systemtime": 11985,
      "usertime": 285442
     },
     "23491234583": {
      "maxRSS": 30132,
      "systemtime": 11985,
      "usertime": 285474
     },
     "23491235754": {
      "maxRSS": 30132,
      "systemtime": 11985,
      "usertime": 285490
     },
     "23491236921": {
      "maxRSS": 30132,
      "systemtime": 11985,
      "usertime": 289566
     },
     "23491238070": {
      "maxRSS": 30132,
      "systemtime": 11985,
      "usertime": 289595
     },
     "23491239341": {
      "maxRSS": 30132,
      "systemtime": 11985,
      "usertime": 289620
     },
     "23491240517": {
      "maxRSS": 30132,
      "systemtime": 11985,
      "usertime": 293581
     },
     "23491241690": {
      "maxRSS": 30132,
      "systemtime": 11985,
      "usertime": 293598
     },
     "23491242861": {
      "maxRSS": 30132,
      "systemtime": 12017,
      "usertime": 296434
     },
     "23491242981": {
      "maxRSS": 30132,
      "systemtime": 12021,
      "usertime": 296523
     },
     "23491244117": {
      "maxRSS": 30132,
      "systemtime": 12021,
      "usertime": 297615
     },
     "23491245294": {
      "maxRSS": 30132,
      "systemtime": 12021,
      "usertime": 297652
     },
     "23491246461": {
      "maxRSS": 30132,
      "systemtime": 12021,
      "usertime": 300115
     },
     "23491246524": {
      "maxRSS": 30132,
      "systemtime": 12021,
      "usertime": 300185
     },
     "23491247704": {
      "maxRSS": 30132,
      "systemtime": 12021,
      "usertime": 300202
     },
     "23491248871": {
      "maxRSS": 30132,
      "systemtime": 12021,
      "usertime": 301719
     },
     "23491250109": {
      "maxRSS": 30132,
      "systemtime": 12021,
      "usertime": 301736
     },
     "23491251447": {
      "maxRSS": 30132,
      "systemtime": 12021,
      "usertime": 301772
     },
     "23491252611": {
      "maxRSS": 30132,
      "systemtime": 12021,
      "usertime": 305796
     },
     "23491253869": {
      "maxRSS": 30132,
      "systemtime": 12021,
      "usertime": 305813
     },
     "23491254997": {
      "maxRSS": 30132,
      "systemtime": 12021,
      "usertime": 305831
     },
     "23491256122": {
      "maxRSS": 30132,
      "systemtime": 12021,
      "usertime": 309842
     },
     "23491256612": {
      "maxRSS": 30132,
      "systemtime": 12021,
      "usertime": 310371
     },
     "23491257811": {
      "maxRSS": 30132,
      "systemtime": 12021,
      "usertime": 310410
     },
     "23491258829": {
      "maxRSS": 30132,
      "systemtime": 12024,
      "usertime": 312639
     },
     "23491259996": {
      "maxRSS": 30132,
      "systemtime": 12025,
      "usertime": 312656
     },
     "23491261193": {
      "maxRSS": 30132,
      "systemtime": 12025,
      "usertime": 313967
     },
     "23491262368": {
      "maxRSS": 30132,
      "systemtime": 12025,
      "usertime": 313984
     },
     "23491263519": {
      "maxRSS": 30132,
      "systemtime": 12025,
      "usertime": 314021
     },
     "23491264576": {
      "maxRSS": 30132,
      "systemtime": 12025,
      "usertime": 318539
     },
     "23491265694": {
      "maxRSS": 30132,
      "systemtime": 12025,
      "usertime": 318559
     },
     "23491266295": {
      "maxRSS": 30132,
      "systemtime": 12025,
      "usertime": 320323
     },
     "23491267565": {
      "maxRSS": 30132,
      "systemtime": 12025,
      "usertime": 320340
     },
     "23491268779": {
      "maxRSS": 30132,
      "systemtime": 12025,
      "usertime": 322198
     },
     "23491269592": {
      "maxRSS": 30132,
      "systemtime": 12025,
      "usertime": 323647
     },
     "23491270392": {
      "maxRSS": 30132,
      "systemtime": 12025,
      "usertime": 324462
     },
     "23491271506": {
      "maxRSS": 30132,
      "systemtime": 12025,
      "usertime": 324512
     },
     "23491271983": {
      "maxRSS": 30132,
      "systemtime": 12025,
      "usertime": 326134
     },
     "23491272314": {
      "maxRSS": 30132,
      "systemtime": 12025,
      "usertime": 326512
     },
     "23491273092": {
      "maxRSS": 30132,
      "systemtime": 12025,
      "usertime": 327295
     },
     "23491273227": {
      "maxRSS": 30132,
      "systemtime": 12025,
      "usertime": 327482
     },
     "23491273563": {
      "maxRSS": 30132,
      "systemtime": 12025,
      "usertime": 327902
     },
     "23491273740": {
      "maxRSS": 30132,
      "systemtime": 12025,
      "usertime": 328091
     },
     "23491273843": {
      "maxRSS": 30132,
      "systemtime": 12025,
      "usertime": 328233
     },
     "23491273860": {
      "maxRSS": 30132,
      "systemtime": 12025,
      "usertime": 328260
     },
     "23491273883": {
      "maxRSS": 30132,
      "systemtime": 12025,
      "usertime": 328285
     },
     "23491273902": {
      "maxRSS": 30132,
      "systemtime": 12025,
      "usertime": 328313
     },
     "23491275068": {
      "maxRSS": 30132,
      "systemtime": 12025,
      "usertime": 328380
     },
     "23491275694": {
      "maxRSS": 30132,
      "systemtime": 12025,
      "usertime": 330086
     }
    }
   }
  }
 }
}
