{
 "root": {
  "program": {
   "configuration": {
    "": "/root/compiler/tests/corpus/BENCHMARK_FAMILY/reachability_complement.dl",
    "fact-dir": "/root/compiler/fixtures/p2-scale-1000",
    "include-dir": ".",
    "jobs": "1",
    "libraries": "functors",
    "library-dir": ".",
    "output-dir": "/root/compiler/measurements/night02-t4/reachability_complement/n1000-none",
    "profile": "prof.log",
    "relationCount": "5",
    "ruleCount": "6",
    "version": "2.5",
    "warn": "all",
    "wno": "none"
   },
   "relation": {
    "edge": {
     "loadtime": { "start": 172846017421, "end": 172846019122},
     "num-tuples": 2000,
     "reads": 0,
     "source-locator": "/root/compiler/tests/corpus/BENCHMARK_FAMILY/reachability_complement.dl [16:7-16:11]"
    },
    "node": {
     "loadtime": { "start": 172846019133, "end": 172846019429},
     "num-tuples": 1000,
     "reads": 0,
     "source-locator": "/root/compiler/tests/corpus/BENCHMARK_FAMILY/reachability_complement.dl [18:7-18:11]"
    },
    "q_unreach": {
     "maxRSS": {
      "post": 36288,
      "pre": 36288
     },
     "non-recursive-rule": {
      "q_unreach(y) :- \n   unreach(1,y).": {
       "atom-frequency": {
        "q_unreach(y) :- \n   unreach(1,y).": {
         "unreach": {
          "level": 0,
          "num-tuples": 0
         }
        }
       },
       "maxRSS": {
        "post": 36288,
        "pre": 36288
       },
       "num-tuples": 193,
       "runtime": { "start": 172846500494, "end": 172846500511},
       "source-locator": "/root/compiler/tests/corpus/BENCHMARK_FAMILY/reachability_complement.dl [30:1-30:30]"
      }
     },
     "num-tuples": 193,
     "reads": 0,
     "runtime": { "start": 172846500467, "end": 172846500524},
     "savetime": { "start": 172846500530, "end": 172846501020},
     "source-locator": "/root/compiler/tests/corpus/BENCHMARK_FAMILY/reachability_complement.dl [28:7-28:16]"
    },
    "reach": {
     "iteration": {
      "0": {
       "copytime": { "start": 172846020526, "end": 172846020850},
       "maxRSS": {
        "post": 16676,
        "pre": 16676
       },
       "num-tuples": 3911,
       "recursive-rule": {
        "reach(x,y) :- \n   reach(x,z),\n   edge(z,y).": {
         "0": {
          "atom-frequency": {
           "@new_reach(x,y) :- \n   @delta_reach(x,z),\n   edge(z,y).": {
            "@delta_reach": {
             "level": 0,
             "num-tuples": 0
            },
            "edge": {
             "level": 1,
             "num-tuples": 0
            }
           }
          },
          "maxRSS": {
           "post": 16676,
           "pre": 16676
          },
          "num-tuples": 3911,
          "runtime": { "start": 172846019660, "end": 172846020490},
          "source-locator": "/root/compiler/tests/corpus/BENCHMARK_FAMILY/reachability_complement.dl [23:1-23:37]"
         }
        }
       },
       "runtime": { "start": 172846019650, "end": 172846020502}
      },
      "1": {
       "copytime": { "start": 172846022610, "end": 172846023297},
       "maxRSS": {
        "post": 16676,
        "pre": 16676
       },
       "num-tuples": 7719,
       "recursive-rule": {
        "reach(x,y) :- \n   reach(x,z),\n   edge(z,y).": {
         "0": {
          "maxRSS": {
           "post": 16676,
           "pre": 16676
          },
          "num-tuples": 7719,
          "runtime": { "start": 172846020866, "end": 172846022575},
          "source-locator": "/root/compiler/tests/corpus/BENCHMARK_FAMILY/reachability_complement.dl [23:1-23:37]"
         }
        }
       },
       "runtime": { "start": 172846020855, "end": 172846022587}
      },
      "10": {
       "copytime": { "start": 172846376531, "end": 172846381674},
       "maxRSS": {
        "post": 29632,
        "pre": 29632
       },
       "num-tuples": 40802,
       "recursive-rule": {
        "reach(x,y) :- \n   reach(x,z),\n   edge(z,y).": {
         "0": {
          "maxRSS": {
           "post": 29632,
           "pre": 29632
          },
          "num-tuples": 40802,
          "runtime": { "start": 172846348523, "end": 172846376468},
          "source-locator": "/root/compiler/tests/corpus/BENCHMARK_FAMILY/reachability_complement.dl [23:1-23:37]"
         }
        }
       },
       "runtime": { "start": 172846348506, "end": 172846376492}
      },
      "11": {
       "copytime": { "start": 172846399179, "end": 172846403025},
       "maxRSS": {
        "post": 29632,
        "pre": 29632
       },
       "num-tuples": 23665,
       "recursive-rule": {
        "reach(x,y) :- \n   reach(x,z),\n   edge(z,y).": {
         "0": {
          "maxRSS": {
           "post": 29632,
           "pre": 29632
          },
          "num-tuples": 23665,
          "runtime": { "start": 172846381705, "end": 172846399123},
          "source-locator": "/root/compiler/tests/corpus/BENCHMARK_FAMILY/reachability_complement.dl [23:1-23:37]"
         }
        }
       },
       "runtime": { "start": 172846381684, "end": 172846399142}
      },
      "12": {
       "copytime": { "start": 172846413963, "end": 172846416537},
       "maxRSS": {
        "post": 29632,
        "pre": 29632
       },
       "num-tuples": 12997,
       "recursive-rule": {
        "reach(x,y) :- \n   reach(x,z),\n   edge(z,y).": {
         "0": {
          "maxRSS": {
           "post": 29632,
           "pre": 29632
          },
          "num-tuples": 12997,
          "runtime": { "start": 172846403064, "end": 172846413915},
          "source-locator": "/root/compiler/tests/corpus/BENCHMARK_FAMILY/reachability_complement.dl [23:1-23:37]"
         }
        }
       },
       "runtime": { "start": 172846403040, "end": 172846413932}
      },
      "13": {
       "copytime": { "start": 172846422427, "end": 172846423898},
       "maxRSS": {
        "post": 29760,
        "pre": 29760
       },
       "num-tuples": 6967,
       "recursive-rule": {
        "reach(x,y) :- \n   reach(x,z),\n   edge(z,y).": {
         "0": {
          "maxRSS": {
           "post": 29760,
           "pre": 29760
          },
          "num-tuples": 6967,
          "runtime": { "start": 172846416566, "end": 172846422382},
          "source-locator": "/root/compiler/tests/corpus/BENCHMARK_FAMILY/reachability_complement.dl [23:1-23:37]"
         }
        }
       },
       "runtime": { "start": 172846416548, "end": 172846422397}
      },
      "14": {
       "copytime": { "start": 172846427314, "end": 172846428196},
       "maxRSS": {
        "post": 29760,
        "pre": 29760
       },
       "num-tuples": 3542,
       "recursive-rule": {
        "reach(x,y) :- \n   reach(x,z),\n   edge(z,y).": {
         "0": {
          "maxRSS": {
           "post": 29760,
           "pre": 29760
          },
          "num-tuples": 3542,
          "runtime": { "start": 172846423927, "end": 172846427270},
          "source-locator": "/root/compiler/tests/corpus/BENCHMARK_FAMILY/reachability_complement.dl [23:1-23:37]"
         }
        }
       },
       "runtime": { "start": 172846423909, "end": 172846427284}
      },
      "15": {
       "copytime": { "start": 172846430005, "end": 172846430330},
       "maxRSS": {
        "post": 29760,
        "pre": 29760
       },
       "num-tuples": 1663,
       "recursive-rule": {
        "reach(x,y) :- \n   reach(x,z),\n   edge(z,y).": {
         "0": {
          "maxRSS": {
           "post": 29760,
           "pre": 29760
          },
          "num-tuples": 1663,
          "runtime": { "start": 172846428221, "end": 172846429966},
          "source-locator": "/root/compiler/tests/corpus/BENCHMARK_FAMILY/reachability_complement.dl [23:1-23:37]"
         }
        }
       },
       "runtime": { "start": 172846428205, "end": 172846429979}
      },
      "16": {
       "copytime": { "start": 172846431151, "end": 172846431299},
       "maxRSS": {
        "post": 29760,
        "pre": 29760
       },
       "num-tuples": 716,
       "recursive-rule": {
        "reach(x,y) :- \n   reach(x,z),\n   edge(z,y).": {
         "0": {
          "maxRSS": {
           "post": 29760,
           "pre": 29760
          },
          "num-tuples": 716,
          "runtime": { "start": 172846430352, "end": 172846431111},
          "source-locator": "/root/compiler/tests/corpus/BENCHMARK_FAMILY/reachability_complement.dl [23:1-23:37]"
         }
        }
       },
       "runtime": { "start": 172846430337, "end": 172846431123}
      },
      "17": {
       "copytime": { "start": 172846431683, "end": 172846431743},
       "maxRSS": {
        "post": 29760,
        "pre": 29760
       },
       "num-tuples": 288,
       "recursive-rule": {
        "reach(x,y) :- \n   reach(x,z),\n   edge(z,y).": {
         "0": {
          "maxRSS": {
           "post": 29760,
           "pre": 29760
          },
          "num-tuples": 288,
          "runtime": { "start": 172846431318, "end": 172846431649},
          "source-locator": "/root/compiler/tests/corpus/BENCHMARK_FAMILY/reachability_complement.dl [23:1-23:37]"
         }
        }
       },
       "runtime": { "start": 172846431304, "end": 172846431661}
      },
      "18": {
       "copytime": { "start": 172846431909, "end": 172846431928},
       "maxRSS": {
        "post": 29760,
        "pre": 29760
       },
       "num-tuples": 107,
       "recursive-rule": {
        "reach(x,y) :- \n   reach(x,z),\n   edge(z,y).": {
         "0": {
          "maxRSS": {
           "post": 29760,
           "pre": 29760
          },
          "num-tuples": 107,
          "runtime": { "start": 172846431758, "end": 172846431876},
          "source-locator": "/root/compiler/tests/corpus/BENCHMARK_FAMILY/reachability_complement.dl [23:1-23:37]"
         }
        }
       },
       "runtime": { "start": 172846431748, "end": 172846431887}
      },
      "19": {
       "copytime": { "start": 172846432013, "end": 172846432022},
       "maxRSS": {
        "post": 29760,
        "pre": 29760
       },
       "num-tuples": 41,
       "recursive-rule": {
        "reach(x,y) :- \n   reach(x,z),\n   edge(z,y).": {
         "0": {
          "maxRSS": {
           "post": 29760,
           "pre": 29760
          },
          "num-tuples": 41,
          "runtime": { "start": 172846431941, "end": 172846431986},
          "source-locator": "/root/compiler/tests/corpus/BENCHMARK_FAMILY/reachability_complement.dl [23:1-23:37]"
         }
        }
       },
       "runtime": { "start": 172846431932, "end": 172846431996}
      },
      "2": {
       "copytime": { "start": 172846026965, "end": 172846028579},
       "maxRSS": {
        "post": 16676,
        "pre": 16676
       },
       "num-tuples": 14927,
       "recursive-rule": {
        "reach(x,y) :- \n   reach(x,z),\n   edge(z,y).": {
         "0": {
          "maxRSS": {
           "post": 16676,
           "pre": 16676
          },
          "num-tuples": 14927,
          "runtime": { "start": 172846023316, "end": 172846026919},
          "source-locator": "/root/compiler/tests/corpus/BENCHMARK_FAMILY/reachability_complement.dl [23:1-23:37]"
         }
        }
       },
       "runtime": { "start": 172846023303, "end": 172846026935}
      },
      "20": {
       "copytime": { "start": 172846432067, "end": 172846432070},
       "maxRSS": {
        "post": 29760,
        "pre": 29760
       },
       "num-tuples": 11,
       "recursive-rule": {
        "reach(x,y) :- \n   reach(x,z),\n   edge(z,y).": {
         "0": {
          "maxRSS": {
           "post": 29760,
           "pre": 29760
          },
          "num-tuples": 11,
          "runtime": { "start": 172846432026, "end": 172846432040},
          "source-locator": "/root/compiler/tests/corpus/BENCHMARK_FAMILY/reachability_complement.dl [23:1-23:37]"
         }
        }
       },
       "runtime": { "start": 172846432025, "end": 172846432048}
      },
      "21": {
       "copytime": { "start": 172846432117, "end": 172846432118},
       "maxRSS": {
        "post": 29760,
        "pre": 29760
       },
       "num-tuples": 1,
       "recursive-rule": {
        "reach(x,y) :- \n   reach(x,z),\n   edge(z,y).": {
         "0": {
          "maxRSS": {
           "post": 29760,
           "pre": 29760
          },
          "num-tuples": 1,
          "runtime": { "start": 172846432083, "end": 172846432088},
          "source-locator": "/root/compiler/tests/corpus/BENCHMARK_FAMILY/reachability_complement.dl [23:1-23:37]"
         }
        }
       },
       "runtime": { "start": 172846432074, "end": 172846432097}
      },
      "22": {
       "maxRSS": {
        "post": 29760,
        "pre": 29760
       },
       "num-tuples": 0,
       "recursive-rule": {
        "reach(x,y) :- \n   reach(x,z),\n   edge(z,y).": {
         "0": {
          "maxRSS": {
           "post": 29760,
           "pre": 29760
          },
          "num-tuples": 0,
          "runtime": { "start": 172846432131, "end": 172846432132},
          "source-locator": "/root/compiler/tests/corpus/BENCHMARK_FAMILY/reachability_complement.dl [23:1-23:37]"
         }
        }
       },
       "runtime": { "start": 172846432122, "end": 172846432141}
      },
      "3": {
       "copytime": { "start": 172846035713, "end": 172846046324},
       "maxRSS": {
        "post": 16676,
        "pre": 16676
       },
       "num-tuples": 27799,
       "recursive-rule": {
        "reach(x,y) :- \n   reach(x,z),\n   edge(z,y).": {
         "0": {
          "maxRSS": {
           "post": 16676,
           "pre": 16676
          },
          "num-tuples": 27799,
          "runtime": { "start": 172846028606, "end": 172846035656},
          "source-locator": "/root/compiler/tests/corpus/BENCHMARK_FAMILY/reachability_complement.dl [23:1-23:37]"
         }
        }
       },
       "runtime": { "start": 172846028589, "end": 172846035683}
      },
      "4": {
       "copytime": { "start": 172846069796, "end": 172846086597},
       "maxRSS": {
        "post": 16676,
        "pre": 16676
       },
       "num-tuples": 47921,
       "recursive-rule": {
        "reach(x,y) :- \n   reach(x,z),\n   edge(z,y).": {
         "0": {
          "maxRSS": {
           "post": 16676,
           "pre": 16676
          },
          "num-tuples": 47921,
          "runtime": { "start": 172846046353, "end": 172846069595},
          "source-locator": "/root/compiler/tests/corpus/BENCHMARK_FAMILY/reachability_complement.dl [23:1-23:37]"
         }
        }
       },
       "runtime": { "start": 172846046337, "end": 172846069754}
      },
      "5": {
       "copytime": { "start": 172846120895, "end": 172846141416},
       "maxRSS": {
        "post": 17600,
        "pre": 16676
       },
       "num-tuples": 72962,
       "recursive-rule": {
        "reach(x,y) :- \n   reach(x,z),\n   edge(z,y).": {
         "0": {
          "maxRSS": {
           "post": 17600,
           "pre": 16676
          },
          "num-tuples": 72962,
          "runtime": { "start": 172846086628, "end": 172846120806},
          "source-locator": "/root/compiler/tests/corpus/BENCHMARK_FAMILY/reachability_complement.dl [23:1-23:37]"
         }
        }
       },
       "runtime": { "start": 172846086610, "end": 172846120843}
      },
      "6": {
       "copytime": { "start": 172846178380, "end": 172846188921},
       "maxRSS": {
        "post": 20672,
        "pre": 19520
       },
       "num-tuples": 93922,
       "recursive-rule": {
        "reach(x,y) :- \n   reach(x,z),\n   edge(z,y).": {
         "0": {
          "maxRSS": {
           "post": 20672,
           "pre": 19520
          },
          "num-tuples": 93922,
          "runtime": { "start": 172846141445, "end": 172846178250},
          "source-locator": "/root/compiler/tests/corpus/BENCHMARK_FAMILY/reachability_complement.dl [23:1-23:37]"
         }
        }
       },
       "runtime": { "start": 172846141428, "end": 172846178307}
      },
      "7": {
       "copytime": { "start": 172846237806, "end": 172846248411},
       "maxRSS": {
        "post": 23872,
        "pre": 22976
       },
       "num-tuples": 99416,
       "recursive-rule": {
        "reach(x,y) :- \n   reach(x,z),\n   edge(z,y).": {
         "0": {
          "maxRSS": {
           "post": 23872,
           "pre": 22976
          },
          "num-tuples": 99416,
          "runtime": { "start": 172846188961, "end": 172846237656},
          "source-locator": "/root/compiler/tests/corpus/BENCHMARK_FAMILY/reachability_complement.dl [23:1-23:37]"
         }
        }
       },
       "runtime": { "start": 172846188934, "end": 172846237715}
      },
      "8": {
       "copytime": { "start": 172846293306, "end": 172846303324},
       "maxRSS": {
        "post": 26560,
        "pre": 26560
       },
       "num-tuples": 86466,
       "recursive-rule": {
        "reach(x,y) :- \n   reach(x,z),\n   edge(z,y).": {
         "0": {
          "maxRSS": {
           "post": 26560,
           "pre": 26560
          },
          "num-tuples": 86466,
          "runtime": { "start": 172846248441, "end": 172846293201},
          "source-locator": "/root/compiler/tests/corpus/BENCHMARK_FAMILY/reachability_complement.dl [23:1-23:37]"
         }
        }
       },
       "runtime": { "start": 172846248423, "end": 172846293244}
      },
      "9": {
       "copytime": { "start": 172846340590, "end": 172846348491},
       "maxRSS": {
        "post": 28736,
        "pre": 28736
       },
       "num-tuples": 63576,
       "recursive-rule": {
        "reach(x,y) :- \n   reach(x,z),\n   edge(z,y).": {
         "0": {
          "maxRSS": {
           "post": 28736,
           "pre": 28736
          },
          "num-tuples": 63576,
          "runtime": { "start": 172846303355, "end": 172846340508},
          "source-locator": "/root/compiler/tests/corpus/BENCHMARK_FAMILY/reachability_complement.dl [23:1-23:37]"
         }
        }
       },
       "runtime": { "start": 172846303337, "end": 172846340540}
      }
     },
     "maxRSS": {
      "post": 16676,
      "pre": 16676
     },
     "non-recursive-rule": {
      "reach(x,y) :- \n   edge(x,y).": {
       "atom-frequency": {
        "reach(x,y) :- \n   edge(x,y).": {
         "edge": {
          "level": 0,
          "num-tuples": 0
         }
        }
       },
       "maxRSS": {
        "post": 16676,
        "pre": 16676
       },
       "num-tuples": 2000,
       "runtime": { "start": 172846019451, "end": 172846019551},
       "source-locator": "/root/compiler/tests/corpus/BENCHMARK_FAMILY/reachability_complement.dl [22:1-22:25]"
      }
     },
     "num-tuples": 2000,
     "reads": 2213398,
     "runtime": { "start": 172846019440, "end": 172846019560},
     "source-locator": "/root/compiler/tests/corpus/BENCHMARK_FAMILY/reachability_complement.dl [21:7-21:12]"
    },
    "unreach": {
     "maxRSS": {
      "post": 36288,
      "pre": 29760
     },
     "non-recursive-rule": {
      "unreach(x,y) :- \n   node(x),\n   node(y),\n   !reach(x,y).": {
       "atom-frequency": {
        "unreach(x,y) :- \n   node(x),\n   node(y),\n   !reach(x,y).": {
         "node": {
          "level": 0,
          "num-tuples": 0
         }
        }
       },
       "maxRSS": {
        "post": 36288,
        "pre": 29760
       },
       "num-tuples": 388581,
       "runtime": { "start": 172846432166, "end": 172846497881},
       "source-locator": "/root/compiler/tests/corpus/BENCHMARK_FAMILY/reachability_complement.dl [26:1-26:47]"
      }
     },
     "num-tuples": 388581,
     "reads": 0,
     "runtime": { "start": 172846432157, "end": 172846498077},
     "source-locator": "/root/compiler/tests/corpus/BENCHMARK_FAMILY/reachability_complement.dl [25:7-25:14]"
    }
   },
   "runtime": { "start": 172846017415, "end": 172846501654},
   "starttime": { "time": 172846017372},
   "usage": {
    "timepoint": {
     "172846017429": {
      "maxRSS": 16676,
      "systemtime": 5080,
      "usertime": 0
     },
     "172846018525": {
      "maxRSS": 16676,
      "systemtime": 5794,
      "usertime": 0
     },
     "172846019188": {
      "maxRSS": 16676,
      "systemtime": 6517,
      "usertime": 0
     },
     "172846019458": {
      "maxRSS": 16676,
      "systemtime": 6718,
      "usertime": 0
     },
     "172846019664": {
      "maxRSS": 16676,
      "systemtime": 6935,
      "usertime": 0
     },
     "172846020565": {
      "maxRSS": 16676,
      "systemtime": 6935,
      "usertime": 884
     },
     "172846020871": {
      "maxRSS": 16676,
      "systemtime": 6935,
      "usertime": 1235
     },
     "172846021991": {
      "maxRSS": 16676,
      "systemtime": 6935,
      "usertime": 1264
     },
     "172846022645": {
      "maxRSS": 16676,
      "systemtime": 6935,
      "usertime": 3030
     },
     "172846023341": {
      "maxRSS": 16676,
      "systemtime": 7123,
      "usertime": 3561
     },
     "172846024414": {
      "maxRSS": 16676,
      "systemtime": 7123,
      "usertime": 4263
     },
     "172846025491": {
      "maxRSS": 16676,
      "systemtime": 7123,
      "usertime": 4278
     },
     "172846026599": {
      "maxRSS": 16676,
      "systemtime": 7123,
      "usertime": 4292
     },
     "172846026995": {
      "maxRSS": 16676,
      "systemtime": 7199,
      "usertime": 7199
     },
     "172846028024": {
      "maxRSS": 16676,
      "systemtime": 7207,
      "usertime": 7207
     },
     "172846028646": {
      "maxRSS": 16676,
      "systemtime": 7207,
      "usertime": 8872
     },
     "172846029753": {
      "maxRSS": 16676,
      "systemtime": 7207,
      "usertime": 8884
     },
     "172846030857": {
      "maxRSS": 16676,
      "systemtime": 7207,
      "usertime": 8893
     },
     "172846031960": {
      "maxRSS": 16676,
      "systemtime": 7207,
      "usertime": 8905
     },
     "172846033055": {
      "maxRSS": 16676,
      "systemtime": 7207,
      "usertime": 12319
     },
     "172846034135": {
      "maxRSS": 16676,
      "systemtime": 7207,
      "usertime": 12341
     },
     "172846035214": {
      "maxRSS": 16676,
      "systemtime": 7207,
      "usertime": 12356
     },
     "172846035714": {
      "maxRSS": 16676,
      "systemtime": 7759,
      "usertime": 15519
     },
     "172846036800": {
      "maxRSS": 16676,
      "systemtime": 8191,
      "usertime": 15526
     },
     "172846037881": {
      "maxRSS": 16676,
      "systemtime": 8204,
      "usertime": 15526
     },
     "172846038952": {
      "maxRSS": 16676,
      "systemtime": 8215,
      "usertime": 15526
     },
     "172846040015": {
      "maxRSS": 16676,
      "systemtime": 8230,
      "usertime": 15526
     },
     "172846041089": {
      "maxRSS": 16676,
      "systemtime": 12142,
      "usertime": 15526
     },
     "172846042174": {
      "maxRSS": 16676,
      "systemtime": 12157,
      "usertime": 15526
     },
     "172846043253": {
      "maxRSS": 16676,
      "systemtime": 12174,
      "usertime": 15526
     },
     "172846044341": {
      "maxRSS": 16676,
      "systemtime": 16365,
      "usertime": 15526
     },
     "172846045437": {
      "maxRSS": 16676,
      "systemtime": 16391,
      "usertime": 15526
     },
     "172846046363": {
      "maxRSS": 16676,
      "systemtime": 18568,
      "usertime": 15526
     },
     "172846047436": {
      "maxRSS": 16676,
      "systemtime": 18581,
      "usertime": 15526
     },
     "172846048512": {
      "maxRSS": 16676,
      "systemtime": 18581,
      "usertime": 17197
     },
     "172846049611": {
      "maxRSS": 16676,
      "systemtime": 18581,
      "usertime": 17213
     },
     "172846050686": {
      "maxRSS": 16676,
      "systemtime": 18581,
      "usertime": 17229
     },
     "172846051761": {
      "maxRSS": 16676,
      "systemtime": 18581,
      "usertime": 17243
     },
     "172846052900": {
      "maxRSS": 16676,
      "systemtime": 18581,
      "usertime": 21268
     },
     "172846054008": {
      "maxRSS": 16676,
      "systemtime": 18581,
      "usertime": 21289
     },
     "172846055110": {
      "maxRSS": 16676,
      "systemtime": 18581,
      "usertime": 21305
     },
     "172846056180": {
      "maxRSS": 16676,
      "systemtime": 18581,
      "usertime": 25316
     },
     "172846057273": {
      "maxRSS": 16676,
      "systemtime": 18581,
      "usertime": 25348
     },
     "172846058359": {
      "maxRSS": 16676,
      "systemtime": 18581,
      "usertime": 25367
     },
     "172846059443": {
      "maxRSS": 16676,
      "systemtime": 18581,
      "usertime": 25386
     },
     "172846060525": {
      "maxRSS": 16676,
      "systemtime": 18581,
      "usertime": 29410
     },
     "172846061603": {
      "maxRSS": 16676,
      "systemtime": 18581,
      "usertime": 29426
     },
     "172846062675": {
      "maxRSS": 16676,
      "systemtime": 18581,
      "usertime": 29438
     },
     "172846063761": {
      "maxRSS": 16676,
      "systemtime": 18581,
      "usertime": 29451
     },
     "172846064838": {
      "maxRSS": 16676,
      "systemtime": 18594,
      "usertime": 33470
     },
     "172846065910": {
      "maxRSS": 16676,
      "systemtime": 18599,
      "usertime": 33479
     },
     "172846066991": {
      "maxRSS": 16676,
      "systemtime": 18605,
      "usertime": 33490
     },
     "172846068056": {
      "maxRSS": 16676,
      "systemtime": 18709,
      "usertime": 37419
     },
     "172846069162": {
      "maxRSS": 16676,
      "systemtime": 18715,
      "usertime": 37430
     },
     "172846069794": {
      "maxRSS": 16676,
      "systemtime": 19306,
      "usertime": 38613
     },
     "172846070873": {
      "maxRSS": 16676,
      "systemtime": 19317,
      "usertime": 38634
     },
     "172846071976": {
      "maxRSS": 16676,
      "systemtime": 19330,
      "usertime": 38660
     },
     "172846073086": {
      "maxRSS": 16676,
      "systemtime": 19330,
      "usertime": 40896
     },
     "172846074169": {
      "maxRSS": 16676,
      "systemtime": 19330,
      "usertime": 40913
     },
     "172846075279": {
      "maxRSS": 16676,
      "systemtime": 19330,
      "usertime": 40931
     },
     "172846076357": {
      "maxRSS": 16676,
      "systemtime": 19330,
      "usertime": 44947
     },
     "172846077462": {
      "maxRSS": 16676,
      "systemtime": 19330,
      "usertime": 44964
     },
     "172846078538": {
      "maxRSS": 16676,
      "systemtime": 19330,
      "usertime": 44978
     },
     "172846079614": {
      "maxRSS": 16676,
      "systemtime": 19330,
      "usertime": 44995
     },
     "172846080716": {
      "maxRSS": 16676,
      "systemtime": 22789,
      "usertime": 45579
     },
     "172846081789": {
      "maxRSS": 16676,
      "systemtime": 22794,
      "usertime": 45589
     },
     "172846082868": {
      "maxRSS": 16676,
      "systemtime": 22800,
      "usertime": 45600
     },
     "172846083948": {
      "maxRSS": 16676,
      "systemtime": 22805,
      "usertime": 45611
     },
     "172846085046": {
      "maxRSS": 16676,
      "systemtime": 26685,
      "usertime": 45747
     },
     "172846086158": {
      "maxRSS": 16676,
      "systemtime": 26691,
      "usertime": 45757
     },
     "172846086635": {
      "maxRSS": 16676,
      "systemtime": 27657,
      "usertime": 47413
     },
     "172846087704": {
      "maxRSS": 16676,
      "systemtime": 27661,
      "usertime": 47419
     },
     "172846088799": {
      "maxRSS": 16676,
      "systemtime": 27661,
      "usertime": 48840
     },
     "172846089896": {
      "maxRSS": 16676,
      "systemtime": 27661,
      "usertime": 48868
     },
     "172846091006": {
      "maxRSS": 16676,
      "systemtime": 27661,
      "usertime": 48889
     },
     "172846092057": {
      "maxRSS": 16676,
      "systemtime": 27661,
      "usertime": 52890
     },
     "172846093147": {
      "maxRSS": 16676,
      "systemtime": 27661,
      "usertime": 52909
     },
     "172846094222": {
      "maxRSS": 16676,
      "systemtime": 27661,
      "usertime": 52922
     },
     "172846095343": {
      "maxRSS": 16676,
      "systemtime": 27661,
      "usertime": 52938
     },
     "172846096425": {
      "maxRSS": 16676,
      "systemtime": 27661,
      "usertime": 56957
     },
     "172846097504": {
      "maxRSS": 16676,
      "systemtime": 27661,
      "usertime": 56972
     },
     "172846098614": {
      "maxRSS": 16704,
      "systemtime": 27661,
      "usertime": 56988
     },
     "172846099697": {
      "maxRSS": 16704,
      "systemtime": 27661,
      "usertime": 57007
     },
     "172846100776": {
      "maxRSS": 16704,
      "systemtime": 30857,
      "usertime": 57857
     },
     "172846101868": {
      "maxRSS": 16832,
      "systemtime": 30868,
      "usertime": 57879
     },
     "172846102947": {
      "maxRSS": 16832,
      "systemtime": 30874,
      "usertime": 57889
     },
     "172846104039": {
      "maxRSS": 16960,
      "systemtime": 30915,
      "usertime": 61831
     },
     "172846105110": {
      "maxRSS": 16960,
      "systemtime": 30920,
      "usertime": 61840
     },
     "172846106194": {
      "maxRSS": 17088,
      "systemtime": 30925,
      "usertime": 61851
     },
     "172846107296": {
      "maxRSS": 17088,
      "systemtime": 30930,
      "usertime": 61860
     },
     "172846108373": {
      "maxRSS": 17088,
      "systemtime": 30980,
      "usertime": 65832
     },
     "172846109451": {
      "maxRSS": 17216,
      "systemtime": 30984,
      "usertime": 65842
     },
     "172846110522": {
      "maxRSS": 17216,
      "systemtime": 30989,
      "usertime": 65851
     },
     "172846111591": {
      "maxRSS": 17344,
      "systemtime": 30992,
      "usertime": 65859
     },
     "172846112700": {
      "maxRSS": 17344,
      "systemtime": 34924,
      "usertime": 65969
     },
     "172846113854": {
      "maxRSS": 17344,
      "systemtime": 34944,
      "usertime": 66006
     },
     "172846114970": {
      "maxRSS": 17472,
      "systemtime": 34953,
      "usertime": 66023
     },
     "172846116028": {
      "maxRSS": 17472,
      "systemtime": 34989,
      "usertime": 69978
     },
     "172846117107": {
      "maxRSS": 17472,
      "systemtime": 34994,
      "usertime": 69989
     },
     "172846118184": {
      "maxRSS": 17600,
      "systemtime": 34999,
      "usertime": 69999
     },
     "172846119260": {
      "maxRSS": 17600,
      "systemtime": 35010,
      "usertime": 70021
     },
     "172846120343": {
      "maxRSS": 17600,
      "systemtime": 35048,
      "usertime": 73990
     },
     "172846120885": {
      "maxRSS": 17600,
      "systemtime": 35332,
      "usertime": 74591
     },
     "172846120924": {
      "maxRSS": 17600,
      "systemtime": 35346,
      "usertime": 74621
     },
     "172846122002": {
      "maxRSS": 17728,
      "systemtime": 35352,
      "usertime": 74632
     },
     "172846123076": {
      "maxRSS": 17856,
      "systemtime": 35356,
      "usertime": 74642
     },
     "172846124181": {
      "maxRSS": 17856,
      "systemtime": 38514,
      "usertime": 74642
     },
     "172846125264": {
      "maxRSS": 17984,
      "systemtime": 38537,
      "usertime": 74642
     },
     "172846126377": {
      "maxRSS": 18112,
      "systemtime": 38556,
      "usertime": 74642
     },
     "172846127456": {
      "maxRSS": 18112,
      "systemtime": 38576,
      "usertime": 74642
     },
     "172846128553": {
      "maxRSS": 18240,
      "systemtime": 42597,
      "usertime": 74642
     },
     "172846129632": {
      "maxRSS": 18368,
      "systemtime": 42613,
      "usertime": 74642
     },
     "172846130709": {
      "maxRSS": 18368,
      "systemtime": 42629,
      "usertime": 74642
     },
     "172846131789": {
      "maxRSS": 18496,
      "systemtime": 42646,
      "usertime": 74642
     },
     "172846132879": {
      "maxRSS": 18496,
      "systemtime": 46651,
      "usertime": 74642
     },
     "172846133956": {
      "maxRSS": 18624,
      "systemtime": 46667,
      "usertime": 74642
     },
     "172846135037": {
      "maxRSS": 18752,
      "systemtime": 46684,
      "usertime": 74642
     },
     "172846136115": {
      "maxRSS": 18880,
      "systemtime": 50681,
      "usertime": 74642
     },
     "172846137234": {
      "maxRSS": 19008,
      "systemtime": 50709,
      "usertime": 74642
     },
     "172846138310": {
      "maxRSS": 19136,
      "systemtime": 50723,
      "usertime": 74642
     },
     "172846139388": {
      "maxRSS": 19264,
      "systemtime": 50740,
      "usertime": 74642
     },
     "172846140465": {
      "maxRSS": 19392,
      "systemtime": 50974,
      "usertime": 78421
     },
     "172846141453": {
      "maxRSS": 19520,
      "systemtime": 51547,
      "usertime": 79303
     },
     "172846142560": {
      "maxRSS": 19520,
      "systemtime": 51552,
      "usertime": 79310
     },
     "172846143661": {
      "maxRSS": 19520,
      "systemtime": 51555,
      "usertime": 79316
     },
     "172846144757": {
      "maxRSS": 19520,
      "systemtime": 51555,
      "usertime": 81888
     },
     "172846145839": {
      "maxRSS": 19520,
      "systemtime": 51555,
      "usertime": 81909
     },
     "172846146926": {
      "maxRSS": 19520,
      "systemtime": 51555,
      "usertime": 81928
     },
     "172846148034": {
      "maxRSS": 19520,
      "systemtime": 51555,
      "usertime": 85965
     },
     "172846149113": {
      "maxRSS": 19520,
      "systemtime": 51555,
      "usertime": 85981
     },
     "172846150195": {
      "maxRSS": 19520,
      "systemtime": 51555,
      "usertime": 85998
     },
     "172846151273": {
      "maxRSS": 19520,
      "systemtime": 51555,
      "usertime": 86015
     },
     "172846152358": {
      "maxRSS": 19520,
      "systemtime": 51555,
      "usertime": 90038
     },
     "172846153455": {
      "maxRSS": 19520,
      "systemtime": 51555,
      "usertime": 90054
     },
     "172846154535": {
      "maxRSS": 19520,
      "systemtime": 51555,
      "usertime": 90070
     },
     "172846155620": {
      "maxRSS": 19520,
      "systemtime": 51555,
      "usertime": 90088
     },
     "172846156709": {
      "maxRSS": 19520,
      "systemtime": 51555,
      "usertime": 94086
     },
     "172846157853": {
      "maxRSS": 19520,
      "systemtime": 51555,
      "usertime": 94105
     },
     "172846158975": {
      "maxRSS": 19520,
      "systemtime": 51555,
      "usertime": 94131
     },
     "172846160066": {
      "maxRSS": 19520,
      "systemtime": 51555,
      "usertime": 97914
     },
     "172846161173": {
      "maxRSS": 19648,
      "systemtime": 51555,
      "usertime": 97932
     },
     "172846162244": {
      "maxRSS": 19648,
      "systemtime": 51555,
      "usertime": 97945
     },
     "172846163343": {
      "maxRSS": 19776,
      "systemtime": 51555,
      "usertime": 97956
     },
     "172846164415": {
      "maxRSS": 19776,
      "systemtime": 51555,
      "usertime": 101958
     },
     "172846165506": {
      "maxRSS": 19904,
      "systemtime": 51555,
      "usertime": 101972
     },
     "172846166671": {
      "maxRSS": 19904,
      "systemtime": 51555,
      "usertime": 101993
     },
     "172846167784": {
      "maxRSS": 20032,
      "systemtime": 51555,
      "usertime": 102032
     },
     "172846168867": {
      "maxRSS": 20032,
      "systemtime": 51555,
      "usertime": 106050
     },
     "172846169944": {
      "maxRSS": 20160,
      "systemtime": 51555,
      "usertime": 106063
     },
     "172846171049": {
      "maxRSS": 20288,
      "systemtime": 51555,
      "usertime": 106099
     },
     "172846172129": {
      "maxRSS": 20288,
      "systemtime": 51555,
      "usertime": 110128
     },
     "172846173223": {
      "maxRSS": 20416,
      "systemtime": 51555,
      "usertime": 110149
     },
     "172846174302": {
      "maxRSS": 20416,
      "systemtime": 51555,
      "usertime": 110169
     },
     "172846175400": {
      "maxRSS": 20544,
      "systemtime": 51555,
      "usertime": 110206
     },
     "172846176476": {
      "maxRSS": 20544,
      "systemtime": 51555,
      "usertime": 114211
     },
     "172846177550": {
      "maxRSS": 20672,
      "systemtime": 51555,
      "usertime": 114225
     },
     "172846178358": {
      "maxRSS": 20672,
      "systemtime": 52043,
      "usertime": 116097
     },
     "172846178423": {
      "maxRSS": 20672,
      "systemtime": 52065,
      "usertime": 116146
     },
     "172846179526": {
      "maxRSS": 21056,
      "systemtime": 52069,
      "usertime": 116155
     },
     "172846180608": {
      "maxRSS": 21312,
      "systemtime": 52069,
      "usertime": 117773
     },
     "172846181681": {
      "maxRSS": 21568,
      "systemtime": 52069,
      "usertime": 117787
     },
     "172846182874": {
      "maxRSS": 21824,
      "systemtime": 52069,
      "usertime": 117810
     },
     "172846184099": {
      "maxRSS": 22080,
      "systemtime": 52069,
      "usertime": 121866
     },
     "172846185177": {
      "maxRSS": 22208,
      "systemtime": 52069,
      "usertime": 121885
     },
     "172846186255": {
      "maxRSS": 22464,
      "systemtime": 52069,
      "usertime": 121898
     },
     "172846187336": {
      "maxRSS": 22720,
      "systemtime": 52069,
      "usertime": 121913
     },
     "172846188408": {
      "maxRSS": 22976,
      "systemtime": 52069,
      "usertime": 125889
     },
     "172846188954": {
      "maxRSS": 22976,
      "systemtime": 52069,
      "usertime": 126832
     },
     "172846189003": {
      "maxRSS": 22976,
      "systemtime": 52069,
      "usertime": 126873
     },
     "172846190084": {
      "maxRSS": 22976,
      "systemtime": 52069,
      "usertime": 126887
     },
     "172846191167": {
      "maxRSS": 22976,
      "systemtime": 52069,
      "usertime": 126903
     },
     "172846192241": {
      "maxRSS": 22976,
      "systemtime": 52069,
      "usertime": 129961
     },
     "172846193321": {
      "maxRSS": 22976,
      "systemtime": 52069,
      "usertime": 129974
     },
     "172846194420": {
      "maxRSS": 22976,
      "systemtime": 52069,
      "usertime": 130003
     },
     "172846195506": {
      "maxRSS": 22976,
      "systemtime": 52069,
      "usertime": 130030
     },
     "172846196590": {
      "maxRSS": 22976,
      "systemtime": 55442,
      "usertime": 130686
     },
     "172846197712": {
      "maxRSS": 22976,
      "systemtime": 55454,
      "usertime": 130713
     },
     "172846198808": {
      "maxRSS": 22976,
      "systemtime": 55462,
      "usertime": 130733
     },
     "172846199898": {
      "maxRSS": 22976,
      "systemtime": 55468,
      "usertime": 130747
     },
     "172846200984": {
      "maxRSS": 22976,
      "systemtime": 55485,
      "usertime": 134749
     },
     "172846202067": {
      "maxRSS": 22976,
      "systemtime": 55491,
      "usertime": 134765
     },
     "172846203152": {
      "maxRSS": 22976,
      "systemtime": 55498,
      "usertime": 134782
     },
     "172846204236": {
      "maxRSS": 23104,
      "systemtime": 55512,
      "usertime": 138782
     },
     "172846205305": {
      "maxRSS": 23104,
      "systemtime": 55515,
      "usertime": 138789
     },
     "172846206388": {
      "maxRSS": 23104,
      "systemtime": 55519,
      "usertime": 138798
     },
     "172846207466": {
      "maxRSS": 23104,
      "systemtime": 55523,
      "usertime": 138808
     },
     "172846208538": {
      "maxRSS": 23104,
      "systemtime": 55536,
      "usertime": 142807
     },
     "172846209617": {
      "maxRSS": 23104,
      "systemtime": 55540,
      "usertime": 142818
     },
     "172846210734": {
      "maxRSS": 23104,
      "systemtime": 55546,
      "usertime": 142834
     },
     "172846211808": {
      "maxRSS": 23104,
      "systemtime": 55550,
      "usertime": 142844
     },
     "172846212933": {
      "maxRSS": 23104,
      "systemtime": 55562,
      "usertime": 146844
     },
     "172846214040": {
      "maxRSS": 23104,
      "systemtime": 55569,
      "usertime": 146862
     },
     "172846215118": {
      "maxRSS": 23104,
      "systemtime": 55573,
      "usertime": 146873
     },
     "172846216216": {
      "maxRSS": 23104,
      "systemtime": 55613,
      "usertime": 150950
     },
     "172846217331": {
      "maxRSS": 23104,
      "systemtime": 55617,
      "usertime": 150962
     },
     "172846218411": {
      "maxRSS": 23104,
      "systemtime": 55623,
      "usertime": 150977
     },
     "172846219485": {
      "maxRSS": 23104,
      "systemtime": 55626,
      "usertime": 150986
     },
     "172846220559": {
      "maxRSS": 23104,
      "systemtime": 55626,
      "usertime": 154928
     },
     "172846221639": {
      "maxRSS": 23104,
      "systemtime": 55626,
      "usertime": 154945
     },
     "172846222724": {
      "maxRSS": 23104,
      "systemtime": 55626,
      "usertime": 154958
     },
     "172846223799": {
      "maxRSS": 23104,
      "systemtime": 55629,
      "usertime": 154968
     },
     "172846224902": {
      "maxRSS": 23104,
      "systemtime": 55643,
      "usertime": 158981
     },
     "172846225978": {
      "maxRSS": 23232,
      "systemtime": 55647,
      "usertime": 158993
     },
     "172846227050": {
      "maxRSS": 23232,
      "systemtime": 55651,
      "usertime": 159002
     },
     "172846228127": {
      "maxRSS": 23360,
      "systemtime": 55660,
      "usertime": 163005
     },
     "172846229197": {
      "maxRSS": 23360,
      "systemtime": 55663,
      "usertime": 163014
     },
     "172846230269": {
      "maxRSS": 23488,
      "systemtime": 55666,
      "usertime": 163023
     },
     "172846231348": {
      "maxRSS": 23488,
      "systemtime": 55671,
      "usertime": 163038
     },
     "172846232426": {
      "maxRSS": 23616,
      "systemtime": 59658,
      "usertime": 163065
     },
     "172846233519": {
      "maxRSS": 23616,
      "systemtime": 59664,
      "usertime": 163081
     },
     "172846234634": {
      "maxRSS": 23744,
      "systemtime": 59670,
      "usertime": 163098
     },
     "172846235709": {
      "maxRSS": 23744,
      "systemtime": 59673,
      "usertime": 163108
     },
     "172846236822": {
      "maxRSS": 23872,
      "systemtime": 59684,
      "usertime": 167117
     },
     "172846237808": {
      "maxRSS": 23872,
      "systemtime": 60156,
      "usertime": 168438
     },
     "172846237843": {
      "maxRSS": 23872,
      "systemtime": 60173,
      "usertime": 168486
     },
     "172846238948": {
      "maxRSS": 24128,
      "systemtime": 60176,
      "usertime": 168493
     },
     "172846240027": {
      "maxRSS": 24512,
      "systemtime": 60176,
      "usertime": 170682
     },
     "172846241114": {
      "maxRSS": 24768,
      "systemtime": 60176,
      "usertime": 170700
     },
     "172846242226": {
      "maxRSS": 25024,
      "systemtime": 60176,
      "usertime": 170724
     },
     "172846243331": {
      "maxRSS": 25280,
      "systemtime": 60176,
      "usertime": 170735
     },
     "172846244411": {
      "maxRSS": 25536,
      "systemtime": 60176,
      "usertime": 174754
     },
     "172846245498": {
      "maxRSS": 25920,
      "systemtime": 60176,
      "usertime": 174768
     },
     "172846246607": {
      "maxRSS": 26176,
      "systemtime": 60176,
      "usertime": 174802
     },
     "172846247723": {
      "maxRSS": 26432,
      "systemtime": 60176,
      "usertime": 174829
     },
     "172846248483": {
      "maxRSS": 26560,
      "systemtime": 60176,
      "usertime": 179293
     },
     "172846249590": {
      "maxRSS": 26560,
      "systemtime": 60176,
      "usertime": 179334
     },
     "172846250679": {
      "maxRSS": 26560,
      "systemtime": 60176,
      "usertime": 179357
     },
     "172846251795": {
      "maxRSS": 26560,
      "systemtime": 60176,
      "usertime": 179376
     },
     "172846252895": {
      "maxRSS": 26560,
      "systemtime": 60176,
      "usertime": 182949
     },
     "172846253971": {
      "maxRSS": 26560,
      "systemtime": 60176,
      "usertime": 182961
     },
     "172846255044": {
      "maxRSS": 26560,
      "systemtime": 60176,
      "usertime": 182973
     },
     "172846256122": {
      "maxRSS": 26560,
      "systemtime": 60176,
      "usertime": 186990
     },
     "172846257235": {
      "maxRSS": 26560,
      "systemtime": 60176,
      "usertime": 187022
     },
     "172846258347": {
      "maxRSS": 26560,
      "systemtime": 60176,
      "usertime": 187043
     },
     "172846259422": {
      "maxRSS": 26560,
      "systemtime": 60176,
      "usertime": 187058
     },
     "172846260498": {
      "maxRSS": 26560,
      "systemtime": 60176,
      "usertime": 191074
     },
     "172846261604": {
      "maxRSS": 26560,
      "systemtime": 60176,
      "usertime": 191088
     },
     "172846262673": {
      "maxRSS": 26560,
      "systemtime": 60176,
      "usertime": 191098
     },
     "172846263783": {
      "maxRSS": 26560,
      "systemtime": 60176,
      "usertime": 191119
     },
     "172846264882": {
      "maxRSS": 26560,
      "systemtime": 60176,
      "usertime": 195122
     },
     "172846265993": {
      "maxRSS": 26560,
      "systemtime": 60176,
      "usertime": 195139
     },
     "172846267075": {
      "maxRSS": 26560,
      "systemtime": 60176,
      "usertime": 195159
     },
     "172846268158": {
      "maxRSS": 26560,
      "systemtime": 60176,
      "usertime": 199175
     },
     "172846269275": {
      "maxRSS": 26560,
      "systemtime": 60176,
      "usertime": 199205
     },
     "172846270385": {
      "maxRSS": 26560,
      "systemtime": 60176,
      "usertime": 199217
     },
     "172846271476": {
      "maxRSS": 26560,
      "systemtime": 60176,
      "usertime": 199242
     },
     "172846272588": {
      "maxRSS": 26560,
      "systemtime": 60176,
      "usertime": 203273
     },
     "172846273669": {
      "maxRSS": 26560,
      "systemtime": 60176,
      "usertime": 203289
     },
     "172846274759": {
      "maxRSS": 26560,
      "systemtime": 60176,
      "usertime": 203309
     },
     "172846275842": {
      "maxRSS": 26560,
      "systemtime": 60176,
      "usertime": 203328
     },
     "172846276915": {
      "maxRSS": 26560,
      "systemtime": 60176,
      "usertime": 207338
     },
     "172846277995": {
      "maxRSS": 26560,
      "systemtime": 60176,
      "usertime": 207362
     },
     "172846279060": {
      "maxRSS": 26560,
      "systemtime": 60176,
      "usertime": 207369
     },
     "172846280132": {
      "maxRSS": 26560,
      "systemtime": 60176,
      "usertime": 211371
     },
     "172846281231": {
      "maxRSS": 26560,
      "systemtime": 60176,
      "usertime": 211379
     },
     "172846282319": {
      "maxRSS": 26560,
      "systemtime": 60176,
      "usertime": 211391
     },
     "172846283402": {
      "maxRSS": 26560,
      "systemtime": 60176,
      "usertime": 211410
     },
     "172846284493": {
      "maxRSS": 26560,
      "systemtime": 60176,
      "usertime": 215441
     },
     "172846285576": {
      "maxRSS": 26560,
      "systemtime": 60176,
      "usertime": 215458
     },
     "172846286686": {
      "maxRSS": 26560,
      "systemtime": 60176,
      "usertime": 215482
     },
     "172846287775": {
      "maxRSS": 26560,
      "systemtime": 60176,
      "usertime": 215499
     },
     "172846288855": {
      "maxRSS": 26560,
      "systemtime": 60176,
      "usertime": 219512
     },
     "172846289930": {
      "maxRSS": 26560,
      "systemtime": 60176,
      "usertime": 219527
     },
     "172846291014": {
      "maxRSS": 26560,
      "systemtime": 60176,
      "usertime": 219549
     },
     "172846292092": {
      "maxRSS": 26560,
      "systemtime": 60176,
      "usertime": 223569
     },
     "172846293208": {
      "maxRSS": 26560,
      "systemtime": 60187,
      "usertime": 224698
     },
     "172846293283": {
      "maxRSS": 26560,
      "systemtime": 60220,
      "usertime": 224824
     },
     "172846293335": {
      "maxRSS": 26560,
      "systemtime": 60230,
      "usertime": 224862
     },
     "172846294439": {
      "maxRSS": 26688,
      "systemtime": 60233,
      "usertime": 224871
     },
     "172846295523": {
      "maxRSS": 26944,
      "systemtime": 60238,
      "usertime": 224888
     },
     "172846296638": {
      "maxRSS": 27200,
      "systemtime": 60238,
      "usertime": 227598
     },
     "172846297739": {
      "maxRSS": 27456,
      "systemtime": 60238,
      "usertime": 227611
     },
     "172846298851": {
      "maxRSS": 27712,
      "systemtime": 60238,
      "usertime": 227631
     },
     "172846299925": {
      "maxRSS": 27968,
      "systemtime": 60238,
      "usertime": 227641
     },
     "172846301028": {
      "maxRSS": 28224,
      "systemtime": 60238,
      "usertime": 231676
     },
     "172846302106": {
      "maxRSS": 28608,
      "systemtime": 60238,
      "usertime": 231691
     },
     "172846303218": {
      "maxRSS": 28736,
      "systemtime": 60238,
      "usertime": 231713
     },
     "172846303360": {
      "maxRSS": 28736,
      "systemtime": 60680,
      "usertime": 234629
     },
     "172846304460": {
      "maxRSS": 28736,
      "systemtime": 60680,
      "usertime": 235288
     },
     "172846305561": {
      "maxRSS": 28736,
      "systemtime": 60680,
      "usertime": 235297
     },
     "172846306627": {
      "maxRSS": 28736,
      "systemtime": 60680,
      "usertime": 235305
     },
     "172846307734": {
      "maxRSS": 28736,
      "systemtime": 60680,
      "usertime": 235317
     },
     "172846308857": {
      "maxRSS": 28736,
      "systemtime": 60680,
      "usertime": 239345
     },
     "172846309967": {
      "maxRSS": 28736,
      "systemtime": 60680,
      "usertime": 239364
     },
     "172846311074": {
      "maxRSS": 28736,
      "systemtime": 60680,
      "usertime": 239380
     },
     "172846312156": {
      "maxRSS": 28736,
      "systemtime": 60680,
      "usertime": 243392
     },
     "172846313267": {
      "maxRSS": 28736,
      "systemtime": 60680,
      "usertime": 243415
     },
     "172846314365": {
      "maxRSS": 28736,
      "systemtime": 60680,
      "usertime": 243423
     },
     "172846315475": {
      "maxRSS": 28736,
      "systemtime": 60680,
      "usertime": 243439
     },
     "172846316570": {
      "maxRSS": 28736,
      "systemtime": 60680,
      "usertime": 247471
     },
     "172846317690": {
      "maxRSS": 28736,
      "systemtime": 60680,
      "usertime": 247493
     },
     "172846318823": {
      "maxRSS": 28736,
      "systemtime": 60680,
      "usertime": 247512
     },
     "172846319923": {
      "maxRSS": 28736,
      "systemtime": 60680,
      "usertime": 247520
     },
     "172846320995": {
      "maxRSS": 28736,
      "systemtime": 60680,
      "usertime": 251531
     },
     "172846322112": {
      "maxRSS": 28736,
      "systemtime": 60680,
      "usertime": 251553
     },
     "172846323194": {
      "maxRSS": 28736,
      "systemtime": 60680,
      "usertime": 251566
     },
     "172846324281": {
      "maxRSS": 28736,
      "systemtime": 60680,
      "usertime": 255583
     },
     "172846325364": {
      "maxRSS": 28736,
      "systemtime": 60680,
      "usertime": 255596
     },
     "172846326493": {
      "maxRSS": 28736,
      "systemtime": 60680,
      "usertime": 255635
     },
     "172846327602": {
      "maxRSS": 28736,
      "systemtime": 60680,
      "usertime": 255647
     },
     "172846328678": {
      "maxRSS": 28736,
      "systemtime": 60680,
      "usertime": 259658
     },
     "172846329792": {
      "maxRSS": 28736,
      "systemtime": 60680,
      "usertime": 259677
     },
     "172846330900": {
      "maxRSS": 28736,
      "systemtime": 60680,
      "usertime": 259694
     },
     "172846332016": {
      "maxRSS": 28736,
      "systemtime": 60680,
      "usertime": 263718
     },
     "172846333094": {
      "maxRSS": 28736,
      "systemtime": 60680,
      "usertime": 263733
     },
     "172846334168": {
      "maxRSS": 28736,
      "systemtime": 60680,
      "usertime": 263746
     },
     "172846335303": {
      "maxRSS": 28736,
      "systemtime": 60680,
      "usertime": 263765
     },
     "172846336395": {
      "maxRSS": 28736,
      "systemtime": 60680,
      "usertime": 267787
     },
     "172846337488": {
      "maxRSS": 28736,
      "systemtime": 60680,
      "usertime": 267820
     },
     "172846338569": {
      "maxRSS": 28736,
      "systemtime": 60680,
      "usertime": 267837
     },
     "172846339686": {
      "maxRSS": 28736,
      "systemtime": 60680,
      "usertime": 267864
     },
     "172846340618": {
      "maxRSS": 28736,
      "systemtime": 60680,
      "usertime": 272487
     },
     "172846341694": {
      "maxRSS": 28736,
      "systemtime": 60680,
      "usertime": 272498
     },
     "172846342850": {
      "maxRSS": 28736,
      "systemtime": 60680,
      "usertime": 272533
     },
     "172846343926": {
      "maxRSS": 28736,
      "systemtime": 60680,
      "usertime": 272546
     },
     "172846345009": {
      "maxRSS": 28992,
      "systemtime": 60680,
      "usertime": 275970
     },
     "172846346094": {
      "maxRSS": 29248,
      "systemtime": 60680,
      "usertime": 275984
     },
     "172846347192": {
      "maxRSS": 29504,
      "systemtime": 60680,
      "usertime": 276016
     },
     "172846348266": {
      "maxRSS": 29632,
      "systemtime": 60680,
      "usertime": 280033
     },
     "172846348546": {
      "maxRSS": 29632,
      "systemtime": 60680,
      "usertime": 280566
     },
     "172846349626": {
      "maxRSS": 29632,
      "systemtime": 60680,
      "usertime": 280581
     },
     "172846350721": {
      "maxRSS": 29632,
      "systemtime": 60680,
      "usertime": 280596
     },
     "172846351829": {
      "maxRSS": 29632,
      "systemtime": 60680,
      "usertime": 280611
     },
     "172846352939": {
      "maxRSS": 29632,
      "systemtime": 60680,
      "usertime": 284114
     },
     "172846354018": {
      "maxRSS": 29632,
      "systemtime": 60680,
      "usertime": 284128
     },
     "172846355128": {
      "maxRSS": 29632,
      "systemtime": 60680,
      "usertime": 284141
     },
     "172846356213": {
      "maxRSS": 29632,
      "systemtime": 60680,
      "usertime": 288160
     },
     "172846357332": {
      "maxRSS": 29632,
      "systemtime": 60680,
      "usertime": 288172
     },
     "172846358416": {
      "maxRSS": 29632,
      "systemtime": 60680,
      "usertime": 288192
     },
     "172846359500": {
      "maxRSS": 29632,
      "systemtime": 60680,
      "usertime": 288210
     },
     "172846360584": {
      "maxRSS": 29632,
      "systemtime": 60680,
      "usertime": 292230
     },
     "172846361686": {
      "maxRSS": 29632,
      "systemtime": 60680,
      "usertime": 292247
     },
     "172846362783": {
      "maxRSS": 29632,
      "systemtime": 60680,
      "usertime": 292279
     },
     "172846363860": {
      "maxRSS": 29632,
      "systemtime": 60680,
      "usertime": 292294
     },
     "172846364947": {
      "maxRSS": 29632,
      "systemtime": 60680,
      "usertime": 296309
     },
     "172846366020": {
      "maxRSS": 29632,
      "systemtime": 60680,
      "usertime": 296323
     },
     "172846367095": {
      "maxRSS": 29632,
      "systemtime": 60680,
      "usertime": 296339
     },
     "172846368176": {
      "maxRSS": 29632,
      "systemtime": 60680,
      "usertime": 300422
     },
     "172846369293": {
      "maxRSS": 29632,
      "systemtime": 60680,
      "usertime": 300476
     },
     "172846370369": {
      "maxRSS": 29632,
      "systemtime": 60680,
      "usertime": 300492
     },
     "172846371440": {
      "maxRSS": 29632,
      "systemtime": 60680,
      "usertime": 300506
     },
     "172846372553": {
      "maxRSS": 29632,
      "systemtime": 60680,
      "usertime": 304471
     },
     "172846373665": {
      "maxRSS": 29632,
      "systemtime": 60680,
      "usertime": 304494
     },
     "172846374751": {
      "maxRSS": 29632,
      "systemtime": 60680,
      "usertime": 304512
     },
     "172846375889": {
      "maxRSS": 29632,
      "systemtime": 60680,
      "usertime": 304551
     },
     "172846376555": {
      "maxRSS": 29632,
      "systemtime": 60680,
      "usertime": 309085
     },
     "172846377676": {
      "maxRSS": 29632,
      "systemtime": 60680,
      "usertime": 309101
     },
     "172846378754": {
      "maxRSS": 29632,
      "systemtime": 60680,
      "usertime": 309116
     },
     "172846379830": {
      "maxRSS": 29632,
      "systemtime": 60680,
      "usertime": 309130
     },
     "172846380906": {
      "maxRSS": 29632,
      "systemtime": 60680,
      "usertime": 312616
     },
     "172846381799": {
      "maxRSS": 29632,
      "systemtime": 60680,
      "usertime": 314330
     },
     "172846382896": {
      "maxRSS": 29632,
      "systemtime": 60680,
      "usertime": 314361
     },
     "172846384107": {
      "maxRSS": 29632,
      "systemtime": 60680,
      "usertime": 316679
     },
     "172846385284": {
      "maxRSS": 29632,
      "systemtime": 60680,
      "usertime": 316696
     },
     "172846386486": {
      "maxRSS": 29632,
      "systemtime": 60680,
      "usertime": 316713
     },
     "172846387656": {
      "maxRSS": 29632,
      "systemtime": 60680,
      "usertime": 316730
     },
     "172846388822": {
      "maxRSS": 29632,
      "systemtime": 60680,
      "usertime": 320743
     },
     "172846389966": {
      "maxRSS": 29632,
      "systemtime": 60680,
      "usertime": 320814
     },
     "172846391051": {
      "maxRSS": 29632,
      "systemtime": 60680,
      "usertime": 320836
     },
     "172846392145": {
      "maxRSS": 29632,
      "systemtime": 60680,
      "usertime": 324861
     },
     "172846393223": {
      "maxRSS": 29632,
      "systemtime": 60680,
      "usertime": 324875
     },
     "172846394314": {
      "maxRSS": 29632,
      "systemtime": 60680,
      "usertime": 324908
     },
     "172846395416": {
      "maxRSS": 29632,
      "systemtime": 60680,
      "usertime": 324919
     },
     "172846396532": {
      "maxRSS": 29632,
      "systemtime": 60680,
      "usertime": 328936
     },
     "172846397635": {
      "maxRSS": 29632,
      "systemtime": 60680,
      "usertime": 328949
     },
     "172846398762": {
      "maxRSS": 29632,
      "systemtime": 60680,
      "usertime": 328978
     },
     "172846399179": {
      "maxRSS": 29632,
      "systemtime": 60751,
      "usertime": 332107
     },
     "172846400262": {
      "maxRSS": 29632,
      "systemtime": 60752,
      "usertime": 332962
     },
     "172846401341": {
      "maxRSS": 29632,
      "systemtime": 60752,
      "usertime": 332981
     },
     "172846402478": {
      "maxRSS": 29632,
      "systemtime": 60752,
      "usertime": 333022
     },
     "172846403111": {
      "maxRSS": 29632,
      "systemtime": 60752,
      "usertime": 336103
     },
     "172846404190": {
      "maxRSS": 29632,
      "systemtime": 60752,
      "usertime": 337060
     },
     "172846405294": {
      "maxRSS": 29632,
      "systemtime": 60752,
      "usertime": 337070
     },
     "172846406426": {
      "maxRSS": 29632,
      "systemtime": 60752,
      "usertime": 337090
     },
     "172846407507": {
      "maxRSS": 29632,
      "systemtime": 60752,
      "usertime": 337106
     },
     "172846408585": {
      "maxRSS": 29632,
      "systemtime": 60752,
      "usertime": 341120
     },
     "172846409710": {
      "maxRSS": 29632,
      "systemtime": 60752,
      "usertime": 341180
     },
     "172846410781": {
      "maxRSS": 29632,
      "systemtime": 60752,
      "usertime": 341194
     },
     "172846411849": {
      "maxRSS": 29632,
      "systemtime": 60752,
      "usertime": 341205
     },
     "172846412921": {
      "maxRSS": 29632,
      "systemtime": 60752,
      "usertime": 345243
     },
     "172846413965": {
      "maxRSS": 29632,
      "systemtime": 60752,
      "usertime": 347188
     },
     "172846415080": {
      "maxRSS": 29632,
      "systemtime": 60752,
      "usertime": 347202
     },
     "172846416168": {
      "maxRSS": 29760,
      "systemtime": 60752,
      "usertime": 349295
     },
     "172846416578": {
      "maxRSS": 29760,
      "systemtime": 60752,
      "usertime": 349846
     },
     "172846417684": {
      "maxRSS": 29760,
      "systemtime": 60752,
      "usertime": 349858
     },
     "172846418786": {
      "maxRSS": 29760,
      "systemtime": 60752,
      "usertime": 349867
     },
     "172846419912": {
      "maxRSS": 29760,
      "systemtime": 60752,
      "usertime": 349880
     },
     "172846421002": {
      "maxRSS": 29760,
      "systemtime": 60752,
      "usertime": 353339
     },
     "172846422097": {
      "maxRSS": 29760,
      "systemtime": 60752,
      "usertime": 353368
     },
     "172846422426": {
      "maxRSS": 29760,
      "systemtime": 60752,
      "usertime": 355794
     },
     "172846423522": {
      "maxRSS": 29760,
      "systemtime": 60752,
      "usertime": 355819
     },
     "172846423938": {
      "maxRSS": 29760,
      "systemtime": 60887,
      "usertime": 357206
     },
     "172846425016": {
      "maxRSS": 29760,
      "systemtime": 60887,
      "usertime": 357300
     },
     "172846426087": {
      "maxRSS": 29760,
      "systemtime": 60887,
      "usertime": 357312
     },
     "172846427171": {
      "maxRSS": 29760,
      "systemtime": 60887,
      "usertime": 357338
     },
     "172846427313": {
      "maxRSS": 29760,
      "systemtime": 60887,
      "usertime": 360648
     },
     "172846428230": {
      "maxRSS": 29760,
      "systemtime": 60887,
      "usertime": 361573
     },
     "172846429338": {
      "maxRSS": 29760,
      "systemtime": 60887,
      "usertime": 361588
     },
     "172846430009": {
      "maxRSS": 29760,
      "systemtime": 60887,
      "usertime": 363384
     },
     "172846430358": {
      "maxRSS": 29760,
      "systemtime": 60887,
      "usertime": 363761
     },
     "172846431155": {
      "maxRSS": 29760,
      "systemtime": 60887,
      "usertime": 364570
     },
     "172846431322": {
      "maxRSS": 29760,
      "systemtime": 60887,
      "usertime": 364773
     },
     "172846431682": {
      "maxRSS": 29760,
      "systemtime": 60887,
      "usertime": 365139
     },
     "172846431761": {
      "maxRSS": 29760,
      "systemtime": 60887,
      "usertime": 365228
     },
     "172846431910": {
      "maxRSS": 29760,
      "systemtime": 60896,
      "usertime": 365379
     },
     "172846431947": {
      "maxRSS": 29760,
      "systemtime": 60902,
      "usertime": 365417
     },
     "172846432025": {
      "maxRSS": 29760,
      "systemtime": 60911,
      "usertime": 365498
     },
     "172846432065": {
      "maxRSS": 29760,
      "systemtime": 60911,
      "usertime": 365550
     },
     "172846432087": {
      "maxRSS": 29760,
      "systemtime": 60911,
      "usertime": 365579
     },
     "172846432115": {
      "maxRSS": 29760,
      "systemtime": 60911,
      "usertime": 365614
     },
     "172846432140": {
      "maxRSS": 29760,
      "systemtime": 60911,
      "usertime": 365644
     },
     "172846432147": {
      "maxRSS": 29760,
      "systemtime": 60911,
      "usertime": 365666
     },
     "172846432172": {
      "maxRSS": 29760,
      "systemtime": 60911,
      "usertime": 365694
     },
     "172846433250": {
      "maxRSS": 29760,
      "systemtime": 60911,
      "usertime": 365709
     },
     "172846434361": {
      "maxRSS": 29760,
      "systemtime": 60911,
      "usertime": 365725
     },
     "172846435432": {
      "maxRSS": 29760,
      "systemtime": 60911,
      "usertime": 365738
     },
     "172846436516": {
      "maxRSS": 29760,
      "systemtime": 60911,
      "usertime": 369585
     },
     "172846437618": {
      "maxRSS": 29760,
      "systemtime": 60911,
      "usertime": 369598
     },
     "172846438721": {
      "maxRSS": 29760,
      "systemtime": 60911,
      "usertime": 369614
     },
     "172846439810": {
      "maxRSS": 29760,
      "systemtime": 60911,
      "usertime": 369637
     },
     "172846440931": {
      "maxRSS": 29888,
      "systemtime": 60911,
      "usertime": 373657
     },
     "172846442048": {
      "maxRSS": 30016,
      "systemtime": 60911,
      "usertime": 373681
     },
     "172846443120": {
      "maxRSS": 30144,
      "systemtime": 60911,
      "usertime": 373693
     },
     "172846444187": {
      "maxRSS": 30272,
      "systemtime": 60911,
      "usertime": 377700
     },
     "172846445289": {
      "maxRSS": 30400,
      "systemtime": 60911,
      "usertime": 377708
     },
     "172846446367": {
      "maxRSS": 30528,
      "systemtime": 60911,
      "usertime": 377718
     },
     "172846447499": {
      "maxRSS": 30656,
      "systemtime": 60911,
      "usertime": 377758
     },
     "172846448593": {
      "maxRSS": 30784,
      "systemtime": 60911,
      "usertime": 381792
     },
     "172846449673": {
      "maxRSS": 30912,
      "systemtime": 60911,
      "usertime": 381807
     },
     "172846450792": {
      "maxRSS": 31040,
      "systemtime": 60911,
      "usertime": 381831
     },
     "172846451863": {
      "maxRSS": 31168,
      "systemtime": 60911,
      "usertime": 381845
     },
     "172846452934": {
      "maxRSS": 31296,
      "systemtime": 60911,
      "usertime": 385914
     },
     "172846454020": {
      "maxRSS": 31424,
      "systemtime": 60911,
      "usertime": 385936
     },
     "172846455121": {
      "maxRSS": 31424,
      "systemtime": 60911,
      "usertime": 385948
     },
     "172846456186": {
      "maxRSS": 31552,
      "systemtime": 60911,
      "usertime": 389897
     },
     "172846457257": {
      "maxRSS": 31680,
      "systemtime": 60911,
      "usertime": 389906
     },
     "172846458352": {
      "maxRSS": 31808,
      "systemtime": 60911,
      "usertime": 389939
     },
     "172846459448": {
      "maxRSS": 31936,
      "systemtime": 60911,
      "usertime": 389955
     },
     "172846460540": {
      "maxRSS": 32064,
      "systemtime": 60911,
      "usertime": 393993
     },
     "172846461650": {
      "maxRSS": 32192,
      "systemtime": 60911,
      "usertime": 394008
     },
     "172846462757": {
      "maxRSS": 32320,
      "systemtime": 60911,
      "usertime": 394027
     },
     "172846463839": {
      "maxRSS": 32448,
      "systemtime": 60911,
      "usertime": 394040
     },
     "172846464941": {
      "maxRSS": 32576,
      "systemtime": 60911,
      "usertime": 398066
     },
     "172846466054": {
      "maxRSS": 32704,
      "systemtime": 60911,
      "usertime": 398081
     },
     "172846467142": {
      "maxRSS": 32704,
      "systemtime": 60911,
      "usertime": 398107
     },
     "172846468221": {
      "maxRSS": 32832,
      "systemtime": 60911,
      "usertime": 402121
     },
     "172846469306": {
      "maxRSS": 32960,
      "systemtime": 60911,
      "usertime": 402136
     },
     "172846470373": {
      "maxRSS": 33088,
      "systemtime": 60911,
      "usertime": 402146
     },
     "172846471439": {
      "maxRSS": 33216,
      "systemtime": 60911,
      "usertime": 402154
     },
     "172846472517": {
      "maxRSS": 33344,
      "systemtime": 60911,
      "usertime": 406166
     },
     "172846473626": {
      "maxRSS": 33472,
      "systemtime": 60911,
      "usertime": 406188
     },
     "172846474708": {
      "maxRSS": 33600,
      "systemtime": 60911,
      "usertime": 406211
     },
     "172846475815": {
      "maxRSS": 33728,
      "systemtime": 60911,
      "usertime": 406226
     },
     "172846476918": {
      "maxRSS": 33856,
      "systemtime": 60911,
      "usertime": 410244
     },
     "172846477982": {
      "maxRSS": 33984,
      "systemtime": 60911,
      "usertime": 410252
     },
     "172846479048": {
      "maxRSS": 34112,
      "systemtime": 60911,
      "usertime": 410259
     },
     "172846480113": {
      "maxRSS": 34240,
      "systemtime": 60911,
      "usertime": 414263
     },
     "172846481226": {
      "maxRSS": 34368,
      "systemtime": 60911,
      "usertime": 414288
     },
     "172846482329": {
      "maxRSS": 34496,
      "systemtime": 60911,
      "usertime": 414305
     },
     "172846483410": {
      "maxRSS": 34624,
      "systemtime": 60911,
      "usertime": 414320
     },
     "172846484525": {
      "maxRSS": 34752,
      "systemtime": 60911,
      "usertime": 418346
     },
     "172846485617": {
      "maxRSS": 34880,
      "systemtime": 60911,
      "usertime": 418357
     },
     "172846486756": {
      "maxRSS": 35008,
      "systemtime": 60911,
      "usertime": 418374
     },
     "172846487839": {
      "maxRSS": 35136,
      "systemtime": 60911,
      "usertime": 418398
     },
     "172846488950": {
      "maxRSS": 35264,
      "systemtime": 60911,
      "usertime": 422417
     },
     "172846490056": {
      "maxRSS": 35392,
      "systemtime": 60911,
      "usertime": 422427
     },
     "172846491143": {
      "maxRSS": 35648,
      "systemtime": 60911,
      "usertime": 422439
     },
     "172846492218": {
      "maxRSS": 35776,
      "systemtime": 64445,
      "usertime": 422921
     },
     "172846493285": {
      "maxRSS": 35904,
      "systemtime": 64446,
      "usertime": 422930
     },
     "172846494389": {
      "maxRSS": 36032,
      "systemtime": 64448,
      "usertime": 422943
     },
     "172846495486": {
      "maxRSS": 36160,
      "systemtime": 64449,
      "usertime": 422950
     },
     "172846496553": {
      "maxRSS": 36288,
      "systemtime": 64449,
      "usertime": 426958
     },
     "172846497633": {
      "maxRSS": 36288,
      "systemtime": 64449,
      "usertime": 426972
     },
     "172846498719": {
      "maxRSS": 36288,
      "systemtime": 64699,
      "usertime": 428636
     },
     "172846499832": {
      "maxRSS": 36288,
      "systemtime": 64702,
      "usertime": 428654
     },
     "172846500507": {
      "maxRSS": 36288,
      "systemtime": 64702,
      "usertime": 431271
     },
     "172846501610": {
      "maxRSS": 36288,
      "systemtime": 64702,
      "usertime": 431830
     }
    }
   }
  }
 }
}
