{
 "root": {
  "program": {
   "configuration": {
    "": "/root/souffle-src/tests/swig/java/family/family.dl",
    "fact-dir": "/root/souffle-src/tests/swig/java/family",
    "include-dir": ".",
    "jobs": "1",
    "libraries": "functors",
    "library-dir": ".",
    "magic-transform": "*",
    "output-dir": "/root/compiler/measurements/night01-t4/runs/swig__java__family",
    "profile": "prof.log",
    "relationCount": "8",
    "ruleCount": "58",
    "version": "2.5",
    "warn": "all",
    "wno": "none"
   },
   "relation": {
    "@interm_out.ancestor.{bf}": {
     "iteration": {
      "0": {
       "copytime": { "start": 23168008181, "end": 23168008182},
       "maxRSS": {
        "post": 23228,
        "pre": 23228
       },
       "num-tuples": 0,
       "recursive-rule": {
        "@interm_out.ancestor.{bf}(X,Y) :- \n   @magic.@interm_out.ancestor.{bf}(X),\n   @interm_out.parent.{bf}(X,Y).": {
         "0": {
          "atom-frequency": {
           "@new_@interm_out.ancestor.{bf}(X,Y) :- \n   @delta_@magic.@interm_out.ancestor.{bf}(X),\n   @interm_out.parent.{bf}(X,Y).": {
            "@delta_@magic.@interm_out.ancestor.{bf}": {
             "level": 0,
             "num-tuples": 0
            },
            "@interm_out.parent.{bf}": {
             "level": 1,
             "num-tuples": 0
            }
           }
          },
          "maxRSS": {
           "post": 23228,
           "pre": 23228
          },
          "num-tuples": 0,
          "runtime": { "start": 23168007927, "end": 23168007928},
          "source-locator": " [1:1-1:1]"
         },
         "1": {
          "atom-frequency": {
           "@new_@interm_out.ancestor.{bf}(X,Y) :- \n   @magic.@interm_out.ancestor.{bf}(X),\n   @delta_@interm_out.parent.{bf}(X,Y).": {
            "@delta_@interm_out.parent.{bf}": {
             "level": 1,
             "num-tuples": 0
            },
            "@magic.@interm_out.ancestor.{bf}": {
             "level": 0,
             "num-tuples": 0
            }
           }
          },
          "maxRSS": {
           "post": 23228,
           "pre": 23228
          },
          "num-tuples": 0,
          "runtime": { "start": 23168007939, "end": 23168007948},
          "source-locator": " [1:1-1:1]"
         }
        },
        "@interm_out.ancestor.{bf}(X,Y) :- \n   @magic.@interm_out.ancestor.{bf}(X),\n   @interm_out.parent.{bf}(X,Z),\n   @interm_out.ancestor.{bf}(Z,Y).": {
         "0": {
          "atom-frequency": {
           "@new_@interm_out.ancestor.{bf}(X,Y) :- \n   @delta_@magic.@interm_out.ancestor.{bf}(X),\n   @interm_out.parent.{bf}(X,Z),\n   @interm_out.ancestor.{bf}(Z,Y).": {
            "@delta_@magic.@interm_out.ancestor.{bf}": {
             "level": 0,
             "num-tuples": 0
            },
            "@interm_out.ancestor.{bf}": {
             "level": 2,
             "num-tuples": 0
            },
            "@interm_out.parent.{bf}": {
             "level": 1,
             "num-tuples": 0
            }
           }
          },
          "maxRSS": {
           "post": 23228,
           "pre": 23228
          },
          "num-tuples": 0,
          "runtime": { "start": 23168007957, "end": 23168007958},
          "source-locator": " [1:1-1:1]"
         },
         "1": {
          "atom-frequency": {
           "@new_@interm_out.ancestor.{bf}(X,Y) :- \n   @magic.@interm_out.ancestor.{bf}(X),\n   @delta_@interm_out.parent.{bf}(X,Z),\n   @interm_out.ancestor.{bf}(Z,Y).": {
            "@delta_@interm_out.parent.{bf}": {
             "level": 1,
             "num-tuples": 0
            },
            "@interm_out.ancestor.{bf}": {
             "level": 2,
             "num-tuples": 0
            },
            "@magic.@interm_out.ancestor.{bf}": {
             "level": 0,
             "num-tuples": 0
            }
           }
          },
          "maxRSS": {
           "post": 23228,
           "pre": 23228
          },
          "num-tuples": 0,
          "runtime": { "start": 23168007964, "end": 23168007973},
          "source-locator": " [1:1-1:1]"
         },
         "2": {
          "atom-frequency": {
           "@new_@interm_out.ancestor.{bf}(X,Y) :- \n   @magic.@interm_out.ancestor.{bf}(X),\n   @interm_out.parent.{bf}(X,Z),\n   @delta_@interm_out.ancestor.{bf}(Z,Y).": {
            "@delta_@interm_out.ancestor.{bf}": {
             "level": 2,
             "num-tuples": 0
            },
            "@interm_out.parent.{bf}": {
             "level": 1,
             "num-tuples": 0
            },
            "@magic.@interm_out.ancestor.{bf}": {
             "level": 0,
             "num-tuples": 0
            }
           }
          },
          "maxRSS": {
           "post": 23228,
           "pre": 23228
          },
          "num-tuples": 0,
          "runtime": { "start": 23168007982, "end": 23168007982},
          "source-locator": " [1:1-1:1]"
         }
        }
       },
       "runtime": { "start": 23168007918, "end": 23168007990}
      },
      "1": {
       "copytime": { "start": 23168008465, "end": 23168008475},
       "maxRSS": {
        "post": 23228,
        "pre": 23228
       },
       "num-tuples": 9,
       "recursive-rule": {
        "@interm_out.ancestor.{bf}(X,Y) :- \n   @magic.@interm_out.ancestor.{bf}(X),\n   @interm_out.parent.{bf}(X,Y).": {
         "0": {
          "maxRSS": {
           "post": 23228,
           "pre": 23228
          },
          "num-tuples": 0,
          "runtime": { "start": 23168008201, "end": 23168008203},
          "source-locator": " [1:1-1:1]"
         },
         "1": {
          "maxRSS": {
           "post": 23228,
           "pre": 23228
          },
          "num-tuples": 9,
          "runtime": { "start": 23168008208, "end": 23168008210},
          "source-locator": " [1:1-1:1]"
         }
        },
        "@interm_out.ancestor.{bf}(X,Y) :- \n   @magic.@interm_out.ancestor.{bf}(X),\n   @interm_out.parent.{bf}(X,Z),\n   @interm_out.ancestor.{bf}(Z,Y).": {
         "0": {
          "maxRSS": {
           "post": 23228,
           "pre": 23228
          },
          "num-tuples": 0,
          "runtime": { "start": 23168008215, "end": 23168008225},
          "source-locator": " [1:1-1:1]"
         },
         "1": {
          "maxRSS": {
           "post": 23228,
           "pre": 23228
          },
          "num-tuples": 0,
          "runtime": { "start": 23168008233, "end": 23168008234},
          "source-locator": " [1:1-1:1]"
         },
         "2": {
          "maxRSS": {
           "post": 23228,
           "pre": 23228
          },
          "num-tuples": 0,
          "runtime": { "start": 23168008239, "end": 23168008239},
          "source-locator": " [1:1-1:1]"
         }
        }
       },
       "runtime": { "start": 23168008201, "end": 23168008245}
      },
      "2": {
       "copytime": { "start": 23168008769, "end": 23168008776},
       "maxRSS": {
        "post": 23228,
        "pre": 23228
       },
       "num-tuples": 6,
       "recursive-rule": {
        "@interm_out.ancestor.{bf}(X,Y) :- \n   @magic.@interm_out.ancestor.{bf}(X),\n   @interm_out.parent.{bf}(X,Y).": {
         "0": {
          "maxRSS": {
           "post": 23228,
           "pre": 23228
          },
          "num-tuples": 0,
          "runtime": { "start": 23168008509, "end": 23168008510},
          "source-locator": " [1:1-1:1]"
         },
         "1": {
          "maxRSS": {
           "post": 23228,
           "pre": 23228
          },
          "num-tuples": 0,
          "runtime": { "start": 23168008517, "end": 23168008526},
          "source-locator": " [1:1-1:1]"
         }
        },
        "@interm_out.ancestor.{bf}(X,Y) :- \n   @magic.@interm_out.ancestor.{bf}(X),\n   @interm_out.parent.{bf}(X,Z),\n   @interm_out.ancestor.{bf}(Z,Y).": {
         "0": {
          "maxRSS": {
           "post": 23228,
           "pre": 23228
          },
          "num-tuples": 0,
          "runtime": { "start": 23168008534, "end": 23168008535},
          "source-locator": " [1:1-1:1]"
         },
         "1": {
          "maxRSS": {
           "post": 23228,
           "pre": 23228
          },
          "num-tuples": 0,
          "runtime": { "start": 23168008541, "end": 23168008550},
          "source-locator": " [1:1-1:1]"
         },
         "2": {
          "maxRSS": {
           "post": 23228,
           "pre": 23228
          },
          "num-tuples": 6,
          "runtime": { "start": 23168008558, "end": 23168008561},
          "source-locator": " [1:1-1:1]"
         }
        }
       },
       "runtime": { "start": 23168008509, "end": 23168008566}
      },
      "3": {
       "copytime": { "start": 23168009073, "end": 23168009083},
       "maxRSS": {
        "post": 23228,
        "pre": 23228
       },
       "num-tuples": 2,
       "recursive-rule": {
        "@interm_out.ancestor.{bf}(X,Y) :- \n   @magic.@interm_out.ancestor.{bf}(X),\n   @interm_out.parent.{bf}(X,Y).": {
         "0": {
          "maxRSS": {
           "post": 23228,
           "pre": 23228
          },
          "num-tuples": 0,
          "runtime": { "start": 23168008817, "end": 23168008818},
          "source-locator": " [1:1-1:1]"
         },
         "1": {
          "maxRSS": {
           "post": 23228,
           "pre": 23228
          },
          "num-tuples": 0,
          "runtime": { "start": 23168008825, "end": 23168008826},
          "source-locator": " [1:1-1:1]"
         }
        },
        "@interm_out.ancestor.{bf}(X,Y) :- \n   @magic.@interm_out.ancestor.{bf}(X),\n   @interm_out.parent.{bf}(X,Z),\n   @interm_out.ancestor.{bf}(Z,Y).": {
         "0": {
          "maxRSS": {
           "post": 23228,
           "pre": 23228
          },
          "num-tuples": 0,
          "runtime": { "start": 23168008831, "end": 23168008841},
          "source-locator": " [1:1-1:1]"
         },
         "1": {
          "maxRSS": {
           "post": 23228,
           "pre": 23228
          },
          "num-tuples": 0,
          "runtime": { "start": 23168008848, "end": 23168008849},
          "source-locator": " [1:1-1:1]"
         },
         "2": {
          "maxRSS": {
           "post": 23228,
           "pre": 23228
          },
          "num-tuples": 2,
          "runtime": { "start": 23168008854, "end": 23168008865},
          "source-locator": " [1:1-1:1]"
         }
        }
       },
       "runtime": { "start": 23168008808, "end": 23168008874}
      },
      "4": {
       "maxRSS": {
        "post": 23228,
        "pre": 23228
       },
       "num-tuples": 0,
       "recursive-rule": {
        "@interm_out.ancestor.{bf}(X,Y) :- \n   @magic.@interm_out.ancestor.{bf}(X),\n   @interm_out.parent.{bf}(X,Y).": {
         "0": {
          "maxRSS": {
           "post": 23228,
           "pre": 23228
          },
          "num-tuples": 0,
          "runtime": { "start": 23168009117, "end": 23168009117},
          "source-locator": " [1:1-1:1]"
         },
         "1": {
          "maxRSS": {
           "post": 23228,
           "pre": 23228
          },
          "num-tuples": 0,
          "runtime": { "start": 23168009124, "end": 23168009134},
          "source-locator": " [1:1-1:1]"
         }
        },
        "@interm_out.ancestor.{bf}(X,Y) :- \n   @magic.@interm_out.ancestor.{bf}(X),\n   @interm_out.parent.{bf}(X,Z),\n   @interm_out.ancestor.{bf}(Z,Y).": {
         "0": {
          "maxRSS": {
           "post": 23228,
           "pre": 23228
          },
          "num-tuples": 0,
          "runtime": { "start": 23168009150, "end": 23168009160},
          "source-locator": " [1:1-1:1]"
         },
         "1": {
          "maxRSS": {
           "post": 23228,
           "pre": 23228
          },
          "num-tuples": 0,
          "runtime": { "start": 23168009169, "end": 23168009170},
          "source-locator": " [1:1-1:1]"
         },
         "2": {
          "maxRSS": {
           "post": 23228,
           "pre": 23228
          },
          "num-tuples": 0,
          "runtime": { "start": 23168009174, "end": 23168009185},
          "source-locator": " [1:1-1:1]"
         }
        }
       },
       "runtime": { "start": 23168009116, "end": 23168009193}
      }
     },
     "num-tuples": 0,
     "source-locator": " [1:1-1:1]"
    },
    "@interm_out.ancestor.{ff}": {
     "iteration": {
      "0": {
       "copytime": { "start": 23168008185, "end": 23168008185},
       "maxRSS": {
        "post": 23228,
        "pre": 23228
       },
       "num-tuples": 0,
       "recursive-rule": {
        "@interm_out.ancestor.{ff}(X,Y) :- \n   @magic.@interm_out.ancestor.{ff}(),\n   @interm_out.parent.{ff}(X,Z),\n   @interm_out.ancestor.{bf}(Z,Y).": {
         "0": {
          "atom-frequency": {
           "@new_@interm_out.ancestor.{ff}(X,Y) :- \n   @magic.@interm_out.ancestor.{ff}(),\n   @interm_out.parent.{ff}(X,Z),\n   @delta_@interm_out.ancestor.{bf}(Z,Y).": {
            "@delta_@interm_out.ancestor.{bf}": {
             "level": 2,
             "num-tuples": 0
            },
            "@interm_out.parent.{ff}": {
             "level": 1,
             "num-tuples": 0
            }
           }
          },
          "maxRSS": {
           "post": 23228,
           "pre": 23228
          },
          "num-tuples": 0,
          "runtime": { "start": 23168008019, "end": 23168008020},
          "source-locator": " [1:1-1:1]"
         }
        }
       },
       "runtime": { "start": 23168007995, "end": 23168008030}
      },
      "1": {
       "copytime": { "start": 23168008480, "end": 23168008481},
       "maxRSS": {
        "post": 23228,
        "pre": 23228
       },
       "num-tuples": 0,
       "recursive-rule": {
        "@interm_out.ancestor.{ff}(X,Y) :- \n   @magic.@interm_out.ancestor.{ff}(),\n   @interm_out.parent.{ff}(X,Z),\n   @interm_out.ancestor.{bf}(Z,Y).": {
         "0": {
          "maxRSS": {
           "post": 23228,
           "pre": 23228
          },
          "num-tuples": 0,
          "runtime": { "start": 23168008258, "end": 23168008259},
          "source-locator": " [1:1-1:1]"
         }
        }
       },
       "runtime": { "start": 23168008248, "end": 23168008267}
      },
      "2": {
       "copytime": { "start": 23168008780, "end": 23168008790},
       "maxRSS": {
        "post": 23228,
        "pre": 23228
       },
       "num-tuples": 6,
       "recursive-rule": {
        "@interm_out.ancestor.{ff}(X,Y) :- \n   @magic.@interm_out.ancestor.{ff}(),\n   @interm_out.parent.{ff}(X,Z),\n   @interm_out.ancestor.{bf}(Z,Y).": {
         "0": {
          "maxRSS": {
           "post": 23228,
           "pre": 23228
          },
          "num-tuples": 6,
          "runtime": { "start": 23168008579, "end": 23168008581},
          "source-locator": " [1:1-1:1]"
         }
        }
       },
       "runtime": { "start": 23168008570, "end": 23168008591}
      },
      "3": {
       "copytime": { "start": 23168009088, "end": 23168009089},
       "maxRSS": {
        "post": 23228,
        "pre": 23228
       },
       "num-tuples": 2,
       "recursive-rule": {
        "@interm_out.ancestor.{ff}(X,Y) :- \n   @magic.@interm_out.ancestor.{ff}(),\n   @interm_out.parent.{ff}(X,Z),\n   @interm_out.ancestor.{bf}(Z,Y).": {
         "0": {
          "maxRSS": {
           "post": 23228,
           "pre": 23228
          },
          "num-tuples": 2,
          "runtime": { "start": 23168008887, "end": 23168008889},
          "source-locator": " [1:1-1:1]"
         }
        }
       },
       "runtime": { "start": 23168008878, "end": 23168008899}
      },
      "4": {
       "maxRSS": {
        "post": 23228,
        "pre": 23228
       },
       "num-tuples": 0,
       "recursive-rule": {
        "@interm_out.ancestor.{ff}(X,Y) :- \n   @magic.@interm_out.ancestor.{ff}(),\n   @interm_out.parent.{ff}(X,Z),\n   @interm_out.ancestor.{bf}(Z,Y).": {
         "0": {
          "maxRSS": {
           "post": 23228,
           "pre": 23228
          },
          "num-tuples": 0,
          "runtime": { "start": 23168009207, "end": 23168009208},
          "source-locator": " [1:1-1:1]"
         }
        }
       },
       "runtime": { "start": 23168009197, "end": 23168009219}
      }
     },
     "maxRSS": {
      "post": 23228,
      "pre": 23228
     },
     "non-recursive-rule": {
      "@interm_out.ancestor.{ff}(X,Y) :- \n   @magic.@interm_out.ancestor.{ff}(),\n   @interm_out.parent.{ff}(X,Y).": {
       "atom-frequency": {
        "@interm_out.ancestor.{ff}(X,Y) :- \n   @magic.@interm_out.ancestor.{ff}(),\n   @interm_out.parent.{ff}(X,Y).": {
         "@interm_out.parent.{ff}": {
          "level": 1,
          "num-tuples": 0
         }
        }
       },
       "maxRSS": {
        "post": 23228,
        "pre": 23228
       },
       "num-tuples": 9,
       "runtime": { "start": 23168007843, "end": 23168007844},
       "source-locator": " [1:1-1:1]"
      }
     },
     "num-tuples": 9,
     "runtime": { "start": 23168007833, "end": 23168007853},
     "source-locator": " [1:1-1:1]"
    },
    "@interm_out.parent.{bf}": {
     "iteration": {
      "0": {
       "copytime": { "start": 23168008187, "end": 23168008188},
       "maxRSS": {
        "post": 23228,
        "pre": 23228
       },
       "num-tuples": 9,
       "recursive-rule": {
        "@interm_out.parent.{bf}(X,Y) :- \n   @magic.@interm_out.parent.{bf}(X),\n   father(X,Y).": {
         "0": {
          "atom-frequency": {
           "@new_@interm_out.parent.{bf}(X,Y) :- \n   @delta_@magic.@interm_out.parent.{bf}(X),\n   father(X,Y).": {
            "@delta_@magic.@interm_out.parent.{bf}": {
             "level": 0,
             "num-tuples": 0
            },
            "father": {
             "level": 1,
             "num-tuples": 0
            }
           }
          },
          "maxRSS": {
           "post": 23228,
           "pre": 23228
          },
          "num-tuples": 5,
          "runtime": { "start": 23168008044, "end": 23168008053},
          "source-locator": " [1:1-1:1]"
         }
        },
        "@interm_out.parent.{bf}(X,Y) :- \n   @magic.@interm_out.parent.{bf}(X),\n   mother(X,Y).": {
         "0": {
          "atom-frequency": {
           "@new_@interm_out.parent.{bf}(X,Y) :- \n   @delta_@magic.@interm_out.parent.{bf}(X),\n   mother(X,Y).": {
            "@delta_@magic.@interm_out.parent.{bf}": {
             "level": 0,
             "num-tuples": 0
            },
            "mother": {
             "level": 1,
             "num-tuples": 0
            }
           }
          },
          "maxRSS": {
           "post": 23228,
           "pre": 23228
          },
          "num-tuples": 4,
          "runtime": { "start": 23168008061, "end": 23168008074},
          "source-locator": " [1:1-1:1]"
         }
        }
       },
       "runtime": { "start": 23168008035, "end": 23168008082}
      },
      "1": {
       "copytime": { "start": 23168008484, "end": 23168008484},
       "maxRSS": {
        "post": 23228,
        "pre": 23228
       },
       "num-tuples": 0,
       "recursive-rule": {
        "@interm_out.parent.{bf}(X,Y) :- \n   @magic.@interm_out.parent.{bf}(X),\n   father(X,Y).": {
         "0": {
          "maxRSS": {
           "post": 23228,
           "pre": 23228
          },
          "num-tuples": 0,
          "runtime": { "start": 23168008282, "end": 23168008283},
          "source-locator": " [1:1-1:1]"
         }
        },
        "@interm_out.parent.{bf}(X,Y) :- \n   @magic.@interm_out.parent.{bf}(X),\n   mother(X,Y).": {
         "0": {
          "maxRSS": {
           "post": 23228,
           "pre": 23228
          },
          "num-tuples": 0,
          "runtime": { "start": 23168008291, "end": 23168008292},
          "source-locator": " [1:1-1:1]"
         }
        }
       },
       "runtime": { "start": 23168008272, "end": 23168008298}
      },
      "2": {
       "copytime": { "start": 23168008794, "end": 23168008795},
       "maxRSS": {
        "post": 23228,
        "pre": 23228
       },
       "num-tuples": 0,
       "recursive-rule": {
        "@interm_out.parent.{bf}(X,Y) :- \n   @magic.@interm_out.parent.{bf}(X),\n   father(X,Y).": {
         "0": {
          "maxRSS": {
           "post": 23228,
           "pre": 23228
          },
          "num-tuples": 0,
          "runtime": { "start": 23168008605, "end": 23168008606},
          "source-locator": " [1:1-1:1]"
         }
        },
        "@interm_out.parent.{bf}(X,Y) :- \n   @magic.@interm_out.parent.{bf}(X),\n   mother(X,Y).": {
         "0": {
          "maxRSS": {
           "post": 23228,
           "pre": 23228
          },
          "num-tuples": 0,
          "runtime": { "start": 23168008615, "end": 23168008615},
          "source-locator": " [1:1-1:1]"
         }
        }
       },
       "runtime": { "start": 23168008595, "end": 23168008620}
      },
      "3": {
       "copytime": { "start": 23168009091, "end": 23168009092},
       "maxRSS": {
        "post": 23228,
        "pre": 23228
       },
       "num-tuples": 0,
       "recursive-rule": {
        "@interm_out.parent.{bf}(X,Y) :- \n   @magic.@interm_out.parent.{bf}(X),\n   father(X,Y).": {
         "0": {
          "maxRSS": {
           "post": 23228,
           "pre": 23228
          },
          "num-tuples": 0,
          "runtime": { "start": 23168008912, "end": 23168008913},
          "source-locator": " [1:1-1:1]"
         }
        },
        "@interm_out.parent.{bf}(X,Y) :- \n   @magic.@interm_out.parent.{bf}(X),\n   mother(X,Y).": {
         "0": {
          "maxRSS": {
           "post": 23228,
           "pre": 23228
          },
          "num-tuples": 0,
          "runtime": { "start": 23168008921, "end": 23168008921},
          "source-locator": " [1:1-1:1]"
         }
        }
       },
       "runtime": { "start": 23168008903, "end": 23168008927}
      },
      "4": {
       "maxRSS": {
        "post": 23228,
        "pre": 23228
       },
       "num-tuples": 0,
       "recursive-rule": {
        "@interm_out.parent.{bf}(X,Y) :- \n   @magic.@interm_out.parent.{bf}(X),\n   father(X,Y).": {
         "0": {
          "maxRSS": {
           "post": 23228,
           "pre": 23228
          },
          "num-tuples": 0,
          "runtime": { "start": 23168009232, "end": 23168009233},
          "source-locator": " [1:1-1:1]"
         }
        },
        "@interm_out.parent.{bf}(X,Y) :- \n   @magic.@interm_out.parent.{bf}(X),\n   mother(X,Y).": {
         "0": {
          "maxRSS": {
           "post": 23228,
           "pre": 23228
          },
          "num-tuples": 0,
          "runtime": { "start": 23168009242, "end": 23168009243},
          "source-locator": " [1:1-1:1]"
         }
        }
       },
       "runtime": { "start": 23168009223, "end": 23168009248}
      }
     },
     "num-tuples": 0,
     "source-locator": " [1:1-1:1]"
    },
    "@interm_out.parent.{ff}": {
     "maxRSS": {
      "post": 23228,
      "pre": 23228
     },
     "non-recursive-rule": {
      "@interm_out.parent.{ff}(X,Y) :- \n   @magic.@interm_out.parent.{ff}(),\n   father(X,Y).": {
       "atom-frequency": {
        "@interm_out.parent.{ff}(X,Y) :- \n   @magic.@interm_out.parent.{ff}(),\n   father(X,Y).": {
         "father": {
          "level": 1,
          "num-tuples": 0
         }
        }
       },
       "maxRSS": {
        "post": 23228,
        "pre": 23228
       },
       "num-tuples": 5,
       "runtime": { "start": 23168007785, "end": 23168007786},
       "source-locator": " [1:1-1:1]"
      },
      "@interm_out.parent.{ff}(X,Y) :- \n   @magic.@interm_out.parent.{ff}(),\n   mother(X,Y).": {
       "atom-frequency": {
        "@interm_out.parent.{ff}(X,Y) :- \n   @magic.@interm_out.parent.{ff}(),\n   mother(X,Y).": {
         "mother": {
          "level": 1,
          "num-tuples": 0
         }
        }
       },
       "maxRSS": {
        "post": 23228,
        "pre": 23228
       },
       "num-tuples": 4,
       "runtime": { "start": 23168007795, "end": 23168007796},
       "source-locator": " [1:1-1:1]"
      }
     },
     "num-tuples": 9,
     "runtime": { "start": 23168007775, "end": 23168007800},
     "source-locator": " [1:1-1:1]"
    },
    "@interm_out.sibling.{ff}": {
     "iteration": {
      "0": {
       "copytime": { "start": 23168008190, "end": 23168008191},
       "maxRSS": {
        "post": 23228,
        "pre": 23228
       },
       "num-tuples": 0,
       "recursive-rule": {
        "@interm_out.sibling.{ff}(X,Y) :- \n   @magic.@interm_out.ancestor.{ff}(),\n   @interm_out.parent.{ff}(Z,X),\n   @interm_out.parent.{bf}(Z,Y),\n   X != Y.": {
         "0": {
          "atom-frequency": {
           "@new_@interm_out.sibling.{ff}(X,Y) :- \n   @magic.@interm_out.ancestor.{ff}(),\n   @interm_out.parent.{ff}(Z,X),\n   @delta_@interm_out.parent.{bf}(Z,Y),\n   X != Y.": {
            "@delta_@interm_out.parent.{bf}": {
             "level": 2,
             "num-tuples": 0
            },
            "@interm_out.parent.{ff}": {
             "level": 1,
             "num-tuples": 0
            }
           }
          },
          "maxRSS": {
           "post": 23228,
           "pre": 23228
          },
          "num-tuples": 0,
          "runtime": { "start": 23168008086, "end": 23168008087},
          "source-locator": " [1:1-1:1]"
         }
        }
       },
       "runtime": { "start": 23168008085, "end": 23168008093}
      },
      "1": {
       "copytime": { "start": 23168008487, "end": 23168008487},
       "maxRSS": {
        "post": 23228,
        "pre": 23228
       },
       "num-tuples": 2,
       "recursive-rule": {
        "@interm_out.sibling.{ff}(X,Y) :- \n   @magic.@interm_out.ancestor.{ff}(),\n   @interm_out.parent.{ff}(Z,X),\n   @interm_out.parent.{bf}(Z,Y),\n   X != Y.": {
         "0": {
          "maxRSS": {
           "post": 23228,
           "pre": 23228
          },
          "num-tuples": 2,
          "runtime": { "start": 23168008327, "end": 23168008330},
          "source-locator": " [1:1-1:1]"
         }
        }
       },
       "runtime": { "start": 23168008302, "end": 23168008339}
      },
      "2": {
       "copytime": { "start": 23168008797, "end": 23168008798},
       "maxRSS": {
        "post": 23228,
        "pre": 23228
       },
       "num-tuples": 0,
       "recursive-rule": {
        "@interm_out.sibling.{ff}(X,Y) :- \n   @magic.@interm_out.ancestor.{ff}(),\n   @interm_out.parent.{ff}(Z,X),\n   @interm_out.parent.{bf}(Z,Y),\n   X != Y.": {
         "0": {
          "maxRSS": {
           "post": 23228,
           "pre": 23228
          },
          "num-tuples": 0,
          "runtime": { "start": 23168008633, "end": 23168008633},
          "source-locator": " [1:1-1:1]"
         }
        }
       },
       "runtime": { "start": 23168008624, "end": 23168008643}
      },
      "3": {
       "copytime": { "start": 23168009094, "end": 23168009095},
       "maxRSS": {
        "post": 23228,
        "pre": 23228
       },
       "num-tuples": 0,
       "recursive-rule": {
        "@interm_out.sibling.{ff}(X,Y) :- \n   @magic.@interm_out.ancestor.{ff}(),\n   @interm_out.parent.{ff}(Z,X),\n   @interm_out.parent.{bf}(Z,Y),\n   X != Y.": {
         "0": {
          "maxRSS": {
           "post": 23228,
           "pre": 23228
          },
          "num-tuples": 0,
          "runtime": { "start": 23168008940, "end": 23168008941},
          "source-locator": " [1:1-1:1]"
         }
        }
       },
       "runtime": { "start": 23168008931, "end": 23168008950}
      },
      "4": {
       "maxRSS": {
        "post": 23228,
        "pre": 23228
       },
       "num-tuples": 0,
       "recursive-rule": {
        "@interm_out.sibling.{ff}(X,Y) :- \n   @magic.@interm_out.ancestor.{ff}(),\n   @interm_out.parent.{ff}(Z,X),\n   @interm_out.parent.{bf}(Z,Y),\n   X != Y.": {
         "0": {
          "maxRSS": {
           "post": 23228,
           "pre": 23228
          },
          "num-tuples": 0,
          "runtime": { "start": 23168009261, "end": 23168009261},
          "source-locator": " [1:1-1:1]"
         }
        }
       },
       "runtime": { "start": 23168009251, "end": 23168009271}
      }
     },
     "num-tuples": 0,
     "source-locator": " [1:1-1:1]"
    },
    "@magic.@interm_out.ancestor.{bf}": {
     "iteration": {
      "0": {
       "copytime": { "start": 23168008193, "end": 23168008194},
       "maxRSS": {
        "post": 23228,
        "pre": 23228
       },
       "num-tuples": 5,
       "recursive-rule": {
        "@magic.@interm_out.ancestor.{bf}(Z) :- \n   @interm_out.ancestor.{ff}(Z,_).": {
         "0": {
          "atom-frequency": {
           "@new_@magic.@interm_out.ancestor.{bf}(Z) :- \n   @delta_@interm_out.ancestor.{ff}(Z,_).": {
            "@delta_@interm_out.ancestor.{ff}": {
             "level": 0,
             "num-tuples": 0
            }
           }
          },
          "maxRSS": {
           "post": 23228,
           "pre": 23228
          },
          "num-tuples": 5,
          "runtime": { "start": 23168008122, "end": 23168008123},
          "source-locator": " [1:1-1:1]"
         }
        },
        "@magic.@interm_out.ancestor.{bf}(Z) :- \n   @magic.@interm_out.ancestor.{bf}(X),\n   @interm_out.parent.{bf}(X,Z).": {
         "0": {
          "atom-frequency": {
           "@new_@magic.@interm_out.ancestor.{bf}(Z) :- \n   @delta_@magic.@interm_out.ancestor.{bf}(X),\n   @interm_out.parent.{bf}(X,Z).": {
            "@delta_@magic.@interm_out.ancestor.{bf}": {
             "level": 0,
             "num-tuples": 0
            },
            "@interm_out.parent.{bf}": {
             "level": 1,
             "num-tuples": 0
            }
           }
          },
          "maxRSS": {
           "post": 23228,
           "pre": 23228
          },
          "num-tuples": 0,
          "runtime": { "start": 23168008096, "end": 23168008097},
          "source-locator": " [1:1-1:1]"
         },
         "1": {
          "atom-frequency": {
           "@new_@magic.@interm_out.ancestor.{bf}(Z) :- \n   @magic.@interm_out.ancestor.{bf}(X),\n   @delta_@interm_out.parent.{bf}(X,Z).": {
            "@delta_@interm_out.parent.{bf}": {
             "level": 1,
             "num-tuples": 0
            },
            "@magic.@interm_out.ancestor.{bf}": {
             "level": 0,
             "num-tuples": 0
            }
           }
          },
          "maxRSS": {
           "post": 23228,
           "pre": 23228
          },
          "num-tuples": 0,
          "runtime": { "start": 23168008103, "end": 23168008113},
          "source-locator": " [1:1-1:1]"
         }
        }
       },
       "runtime": { "start": 23168008096, "end": 23168008129}
      },
      "1": {
       "copytime": { "start": 23168008490, "end": 23168008499},
       "maxRSS": {
        "post": 23228,
        "pre": 23228
       },
       "num-tuples": 0,
       "recursive-rule": {
        "@magic.@interm_out.ancestor.{bf}(Z) :- \n   @interm_out.ancestor.{ff}(Z,_).": {
         "0": {
          "maxRSS": {
           "post": 23228,
           "pre": 23228
          },
          "num-tuples": 0,
          "runtime": { "start": 23168008369, "end": 23168008379},
          "source-locator": " [1:1-1:1]"
         }
        },
        "@magic.@interm_out.ancestor.{bf}(Z) :- \n   @magic.@interm_out.ancestor.{bf}(X),\n   @interm_out.parent.{bf}(X,Z).": {
         "0": {
          "maxRSS": {
           "post": 23228,
           "pre": 23228
          },
          "num-tuples": 0,
          "runtime": { "start": 23168008354, "end": 23168008356},
          "source-locator": " [1:1-1:1]"
         },
         "1": {
          "maxRSS": {
           "post": 23228,
           "pre": 23228
          },
          "num-tuples": 0,
          "runtime": { "start": 23168008364, "end": 23168008365},
          "source-locator": " [1:1-1:1]"
         }
        }
       },
       "runtime": { "start": 23168008344, "end": 23168008388}
      },
      "2": {
       "copytime": { "start": 23168008800, "end": 23168008802},
       "maxRSS": {
        "post": 23228,
        "pre": 23228
       },
       "num-tuples": 0,
       "recursive-rule": {
        "@magic.@interm_out.ancestor.{bf}(Z) :- \n   @interm_out.ancestor.{ff}(Z,_).": {
         "0": {
          "maxRSS": {
           "post": 23228,
           "pre": 23228
          },
          "num-tuples": 0,
          "runtime": { "start": 23168008674, "end": 23168008683},
          "source-locator": " [1:1-1:1]"
         }
        },
        "@magic.@interm_out.ancestor.{bf}(Z) :- \n   @magic.@interm_out.ancestor.{bf}(X),\n   @interm_out.parent.{bf}(X,Z).": {
         "0": {
          "maxRSS": {
           "post": 23228,
           "pre": 23228
          },
          "num-tuples": 0,
          "runtime": { "start": 23168008656, "end": 23168008657},
          "source-locator": " [1:1-1:1]"
         },
         "1": {
          "maxRSS": {
           "post": 23228,
           "pre": 23228
          },
          "num-tuples": 0,
          "runtime": { "start": 23168008668, "end": 23168008669},
          "source-locator": " [1:1-1:1]"
         }
        }
       },
       "runtime": { "start": 23168008647, "end": 23168008691}
      },
      "3": {
       "copytime": { "start": 23168009097, "end": 23168009107},
       "maxRSS": {
        "post": 23228,
        "pre": 23228
       },
       "num-tuples": 0,
       "recursive-rule": {
        "@magic.@interm_out.ancestor.{bf}(Z) :- \n   @interm_out.ancestor.{ff}(Z,_).": {
         "0": {
          "maxRSS": {
           "post": 23228,
           "pre": 23228
          },
          "num-tuples": 0,
          "runtime": { "start": 23168008978, "end": 23168008988},
          "source-locator": " [1:1-1:1]"
         }
        },
        "@magic.@interm_out.ancestor.{bf}(Z) :- \n   @magic.@interm_out.ancestor.{bf}(X),\n   @interm_out.parent.{bf}(X,Z).": {
         "0": {
          "maxRSS": {
           "post": 23228,
           "pre": 23228
          },
          "num-tuples": 0,
          "runtime": { "start": 23168008964, "end": 23168008965},
          "source-locator": " [1:1-1:1]"
         },
         "1": {
          "maxRSS": {
           "post": 23228,
           "pre": 23228
          },
          "num-tuples": 0,
          "runtime": { "start": 23168008973, "end": 23168008973},
          "source-locator": " [1:1-1:1]"
         }
        }
       },
       "runtime": { "start": 23168008955, "end": 23168008997}
      },
      "4": {
       "maxRSS": {
        "post": 23228,
        "pre": 23228
       },
       "num-tuples": 0,
       "recursive-rule": {
        "@magic.@interm_out.ancestor.{bf}(Z) :- \n   @interm_out.ancestor.{ff}(Z,_).": {
         "0": {
          "maxRSS": {
           "post": 23228,
           "pre": 23228
          },
          "num-tuples": 0,
          "runtime": { "start": 23168009300, "end": 23168009310},
          "source-locator": " [1:1-1:1]"
         }
        },
        "@magic.@interm_out.ancestor.{bf}(Z) :- \n   @magic.@interm_out.ancestor.{bf}(X),\n   @interm_out.parent.{bf}(X,Z).": {
         "0": {
          "maxRSS": {
           "post": 23228,
           "pre": 23228
          },
          "num-tuples": 0,
          "runtime": { "start": 23168009285, "end": 23168009286},
          "source-locator": " [1:1-1:1]"
         },
         "1": {
          "maxRSS": {
           "post": 23228,
           "pre": 23228
          },
          "num-tuples": 0,
          "runtime": { "start": 23168009294, "end": 23168009295},
          "source-locator": " [1:1-1:1]"
         }
        }
       },
       "runtime": { "start": 23168009276, "end": 23168009318}
      }
     },
     "maxRSS": {
      "post": 23228,
      "pre": 23228
     },
     "non-recursive-rule": {
      "@magic.@interm_out.ancestor.{bf}(Z) :- \n   @magic.@interm_out.ancestor.{ff}(),\n   @interm_out.parent.{ff}(_,Z).": {
       "atom-frequency": {
        "@magic.@interm_out.ancestor.{bf}(Z) :- \n   @magic.@interm_out.ancestor.{ff}(),\n   @interm_out.parent.{ff}(_,Z).": {
         "@interm_out.parent.{ff}": {
          "level": 1,
          "num-tuples": 0
         }
        }
       },
       "maxRSS": {
        "post": 23228,
        "pre": 23228
       },
       "num-tuples": 5,
       "runtime": { "start": 23168007870, "end": 23168007871},
       "source-locator": " [1:1-1:1]"
      },
      "@magic.@interm_out.ancestor.{bf}(Z) :- \n   mother(_,Z).": {
       "atom-frequency": {
        "@magic.@interm_out.ancestor.{bf}(Z) :- \n   mother(_,Z).": {
         "mother": {
          "level": 0,
          "num-tuples": 0
         }
        }
       },
       "maxRSS": {
        "post": 23228,
        "pre": 23228
       },
       "num-tuples": 0,
       "runtime": { "start": 23168007880, "end": 23168007881},
       "source-locator": " [1:1-1:1]"
      }
     },
     "num-tuples": 5,
     "runtime": { "start": 23168007861, "end": 23168007886},
     "source-locator": " [1:1-1:1]"
    },
    "@magic.@interm_out.ancestor.{ff}": {
     "maxRSS": {
      "post": 23228,
      "pre": 23228
     },
     "non-recursive-rule": {
      "@magic.@interm_out.ancestor.{ff}().": {
       "maxRSS": {
        "post": 23228,
        "pre": 23228
       },
       "num-tuples": 1,
       "runtime": { "start": 23168007536, "end": 23168007540},
       "source-locator": " [1:1-1:1]"
      }
     },
     "num-tuples": 1,
     "runtime": { "start": 23168007535, "end": 23168007549},
     "source-locator": " [1:1-1:1]"
    },
    "@magic.@interm_out.parent.{bf}": {
     "iteration": {
      "0": {
       "copytime": { "start": 23168008197, "end": 23168008198},
       "maxRSS": {
        "post": 23228,
        "pre": 23228
       },
       "num-tuples": 2,
       "recursive-rule": {
        "@magic.@interm_out.parent.{bf}(X) :- \n   @magic.@interm_out.ancestor.{bf}(X).": {
         "0": {
          "atom-frequency": {
           "@new_@magic.@interm_out.parent.{bf}(X) :- \n   @delta_@magic.@interm_out.ancestor.{bf}(X).": {
            "@delta_@magic.@interm_out.ancestor.{bf}": {
             "level": 0,
             "num-tuples": 0
            }
           }
          },
          "maxRSS": {
           "post": 23228,
           "pre": 23228
          },
          "num-tuples": 2,
          "runtime": { "start": 23168008142, "end": 23168008144},
          "source-locator": " [1:1-1:1]"
         }
        },
        "@magic.@interm_out.parent.{bf}(Z) :- \n   @interm_out.sibling.{ff}(_,Z).": {
         "0": {
          "atom-frequency": {
           "@new_@magic.@interm_out.parent.{bf}(Z) :- \n   @delta_@interm_out.sibling.{ff}(_,Z).": {
            "@delta_@interm_out.sibling.{ff}": {
             "level": 0,
             "num-tuples": 0
            }
           }
          },
          "maxRSS": {
           "post": 23228,
           "pre": 23228
          },
          "num-tuples": 0,
          "runtime": { "start": 23168008153, "end": 23168008153},
          "source-locator": " [1:1-1:1]"
         }
        }
       },
       "runtime": { "start": 23168008133, "end": 23168008160}
      },
      "1": {
       "copytime": { "start": 23168008504, "end": 23168008505},
       "maxRSS": {
        "post": 23228,
        "pre": 23228
       },
       "num-tuples": 0,
       "recursive-rule": {
        "@magic.@interm_out.parent.{bf}(X) :- \n   @magic.@interm_out.ancestor.{bf}(X).": {
         "0": {
          "maxRSS": {
           "post": 23228,
           "pre": 23228
          },
          "num-tuples": 0,
          "runtime": { "start": 23168008402, "end": 23168008403},
          "source-locator": " [1:1-1:1]"
         }
        },
        "@magic.@interm_out.parent.{bf}(Z) :- \n   @interm_out.sibling.{ff}(_,Z).": {
         "0": {
          "maxRSS": {
           "post": 23228,
           "pre": 23228
          },
          "num-tuples": 0,
          "runtime": { "start": 23168008412, "end": 23168008413},
          "source-locator": " [1:1-1:1]"
         }
        }
       },
       "runtime": { "start": 23168008392, "end": 23168008417}
      },
      "2": {
       "copytime": { "start": 23168008804, "end": 23168008805},
       "maxRSS": {
        "post": 23228,
        "pre": 23228
       },
       "num-tuples": 0,
       "recursive-rule": {
        "@magic.@interm_out.parent.{bf}(X) :- \n   @magic.@interm_out.ancestor.{bf}(X).": {
         "0": {
          "maxRSS": {
           "post": 23228,
           "pre": 23228
          },
          "num-tuples": 0,
          "runtime": { "start": 23168008696, "end": 23168008697},
          "source-locator": " [1:1-1:1]"
         }
        },
        "@magic.@interm_out.parent.{bf}(Z) :- \n   @interm_out.sibling.{ff}(_,Z).": {
         "0": {
          "maxRSS": {
           "post": 23228,
           "pre": 23228
          },
          "num-tuples": 0,
          "runtime": { "start": 23168008703, "end": 23168008713},
          "source-locator": " [1:1-1:1]"
         }
        }
       },
       "runtime": { "start": 23168008695, "end": 23168008721}
      },
      "3": {
       "copytime": { "start": 23168009112, "end": 23168009112},
       "maxRSS": {
        "post": 23228,
        "pre": 23228
       },
       "num-tuples": 0,
       "recursive-rule": {
        "@magic.@interm_out.parent.{bf}(X) :- \n   @magic.@interm_out.ancestor.{bf}(X).": {
         "0": {
          "maxRSS": {
           "post": 23228,
           "pre": 23228
          },
          "num-tuples": 0,
          "runtime": { "start": 23168009010, "end": 23168009011},
          "source-locator": " [1:1-1:1]"
         }
        },
        "@magic.@interm_out.parent.{bf}(Z) :- \n   @interm_out.sibling.{ff}(_,Z).": {
         "0": {
          "maxRSS": {
           "post": 23228,
           "pre": 23228
          },
          "num-tuples": 0,
          "runtime": { "start": 23168009020, "end": 23168009020},
          "source-locator": " [1:1-1:1]"
         }
        }
       },
       "runtime": { "start": 23168009000, "end": 23168009025}
      },
      "4": {
       "maxRSS": {
        "post": 23228,
        "pre": 23228
       },
       "num-tuples": 0,
       "recursive-rule": {
        "@magic.@interm_out.parent.{bf}(X) :- \n   @magic.@interm_out.ancestor.{bf}(X).": {
         "0": {
          "maxRSS": {
           "post": 23228,
           "pre": 23228
          },
          "num-tuples": 0,
          "runtime": { "start": 23168009332, "end": 23168009333},
          "source-locator": " [1:1-1:1]"
         }
        },
        "@magic.@interm_out.parent.{bf}(Z) :- \n   @interm_out.sibling.{ff}(_,Z).": {
         "0": {
          "maxRSS": {
           "post": 23228,
           "pre": 23228
          },
          "num-tuples": 0,
          "runtime": { "start": 23168009342, "end": 23168009343},
          "source-locator": " [1:1-1:1]"
         }
        }
       },
       "runtime": { "start": 23168009323, "end": 23168009347}
      }
     },
     "maxRSS": {
      "post": 23228,
      "pre": 23228
     },
     "non-recursive-rule": {
      "@magic.@interm_out.parent.{bf}(Z) :- \n   @magic.@interm_out.ancestor.{ff}(),\n   @interm_out.parent.{ff}(Z,_).": {
       "atom-frequency": {
        "@magic.@interm_out.parent.{bf}(Z) :- \n   @magic.@interm_out.ancestor.{ff}(),\n   @interm_out.parent.{ff}(Z,_).": {
         "@interm_out.parent.{ff}": {
          "level": 1,
          "num-tuples": 0
         }
        }
       },
       "maxRSS": {
        "post": 23228,
        "pre": 23228
       },
       "num-tuples": 8,
       "runtime": { "start": 23168007899, "end": 23168007900},
       "source-locator": " [1:1-1:1]"
      }
     },
     "num-tuples": 8,
     "runtime": { "start": 23168007890, "end": 23168007910},
     "source-locator": " [1:1-1:1]"
    },
    "@magic.@interm_out.parent.{ff}": {
     "maxRSS": {
      "post": 23228,
      "pre": 23228
     },
     "non-recursive-rule": {
      "@magic.@interm_out.parent.{ff}() :- \n   @magic.@interm_out.ancestor.{ff}().": {
       "maxRSS": {
        "post": 23228,
        "pre": 23228
       },
       "num-tuples": 1,
       "runtime": { "start": 23168007694, "end": 23168007695},
       "source-locator": " [1:1-1:1]"
      },
      "@magic.@interm_out.parent.{ff}().": {
       "maxRSS": {
        "post": 23228,
        "pre": 23228
       },
       "num-tuples": 0,
       "runtime": { "start": 23168007703, "end": 23168007703},
       "source-locator": " [1:1-1:1]"
      }
     },
     "num-tuples": 1,
     "runtime": { "start": 23168007685, "end": 23168007708},
     "source-locator": " [1:1-1:1]"
    },
    "@magic.@poscopy_2.@interm_out.parent.{bf}": {
     "maxRSS": {
      "post": 23228,
      "pre": 23228
     },
     "non-recursive-rule": {
      "@magic.@poscopy_2.@interm_out.parent.{bf}(Z) :- \n   @poscopy_2.@interm_out.parent.{ff}(Z,_).": {
       "atom-frequency": {
        "@magic.@poscopy_2.@interm_out.parent.{bf}(Z) :- \n   @poscopy_2.@interm_out.parent.{ff}(Z,_).": {
         "@poscopy_2.@interm_out.parent.{ff}": {
          "level": 0,
          "num-tuples": 0
         }
        }
       },
       "maxRSS": {
        "post": 23228,
        "pre": 23228
       },
       "num-tuples": 8,
       "runtime": { "start": 23168007816, "end": 23168007817},
       "source-locator": " [1:1-1:1]"
      }
     },
     "num-tuples": 8,
     "runtime": { "start": 23168007807, "end": 23168007826},
     "source-locator": " [1:1-1:1]"
    },
    "@neglabel.@interm_out.parent": {
     "maxRSS": {
      "post": 23228,
      "pre": 23228
     },
     "non-recursive-rule": {
      "@neglabel.@interm_out.parent(X,Y) :- \n   father(X,Y).": {
       "atom-frequency": {
        "@neglabel.@interm_out.parent(X,Y) :- \n   father(X,Y).": {
         "father": {
          "level": 0,
          "num-tuples": 0
         }
        }
       },
       "maxRSS": {
        "post": 23228,
        "pre": 23228
       },
       "num-tuples": 5,
       "runtime": { "start": 23168007723, "end": 23168007725},
       "source-locator": " [1:1-1:1]"
      },
      "@neglabel.@interm_out.parent(X,Y) :- \n   mother(X,Y).": {
       "atom-frequency": {
        "@neglabel.@interm_out.parent(X,Y) :- \n   mother(X,Y).": {
         "mother": {
          "level": 0,
          "num-tuples": 0
         }
        }
       },
       "maxRSS": {
        "post": 23228,
        "pre": 23228
       },
       "num-tuples": 4,
       "runtime": { "start": 23168007733, "end": 23168007734},
       "source-locator": " [1:1-1:1]"
      }
     },
     "num-tuples": 9,
     "runtime": { "start": 23168007714, "end": 23168007741},
     "source-locator": "/root/souffle-src/tests/swig/java/family/family.dl [13:7-13:13]"
    },
    "@neglabel.@interm_out.sibling": {
     "maxRSS": {
      "post": 23228,
      "pre": 23228
     },
     "non-recursive-rule": {
      "@neglabel.@interm_out.sibling(X,Y) :- \n   @poscopy_2.@interm_out.parent.{ff}(Z,X),\n   @poscopy_2.@interm_out.parent.{bf}(Z,Y),\n   X != Y.": {
       "atom-frequency": {
        "@neglabel.@interm_out.sibling(X,Y) :- \n   @poscopy_2.@interm_out.parent.{ff}(Z,X),\n   @poscopy_2.@interm_out.parent.{bf}(Z,Y),\n   X != Y.": {
         "@poscopy_2.@interm_out.parent.{bf}": {
          "level": 1,
          "num-tuples": 0
         },
         "@poscopy_2.@interm_out.parent.{ff}": {
          "level": 0,
          "num-tuples": 0
         }
        }
       },
       "maxRSS": {
        "post": 23228,
        "pre": 23228
       },
       "num-tuples": 2,
       "runtime": { "start": 23168009725, "end": 23168009729},
       "source-locator": " [1:1-1:1]"
      }
     },
     "num-tuples": 2,
     "runtime": { "start": 23168009713, "end": 23168009739},
     "source-locator": "/root/souffle-src/tests/swig/java/family/family.dl [19:7-19:14]"
    },
    "@poscopy_2.@interm_out.parent.{bf}": {
     "maxRSS": {
      "post": 23228,
      "pre": 23228
     },
     "non-recursive-rule": {
      "@poscopy_2.@interm_out.parent.{bf}(X,Y) :- \n   @magic.@poscopy_2.@interm_out.parent.{bf}(X),\n   father(X,Y).": {
       "atom-frequency": {
        "@poscopy_2.@interm_out.parent.{bf}(X,Y) :- \n   @magic.@poscopy_2.@interm_out.parent.{bf}(X),\n   father(X,Y).": {
         "@magic.@poscopy_2.@interm_out.parent.{bf}": {
          "level": 0,
          "num-tuples": 0
         },
         "father": {
          "level": 1,
          "num-tuples": 0
         }
        }
       },
       "maxRSS": {
        "post": 23228,
        "pre": 23228
       },
       "num-tuples": 5,
       "runtime": { "start": 23168009408, "end": 23168009410},
       "source-locator": " [1:1-1:1]"
      },
      "@poscopy_2.@interm_out.parent.{bf}(X,Y) :- \n   @magic.@poscopy_2.@interm_out.parent.{bf}(X),\n   mother(X,Y).": {
       "atom-frequency": {
        "@poscopy_2.@interm_out.parent.{bf}(X,Y) :- \n   @magic.@poscopy_2.@interm_out.parent.{bf}(X),\n   mother(X,Y).": {
         "@magic.@poscopy_2.@interm_out.parent.{bf}": {
          "level": 0,
          "num-tuples": 0
         },
         "mother": {
          "level": 1,
          "num-tuples": 0
         }
        }
       },
       "maxRSS": {
        "post": 23228,
        "pre": 23228
       },
       "num-tuples": 4,
       "runtime": { "start": 23168009417, "end": 23168009419},
       "source-locator": " [1:1-1:1]"
      }
     },
     "num-tuples": 9,
     "runtime": { "start": 23168009398, "end": 23168009423},
     "source-locator": " [1:1-1:1]"
    },
    "@poscopy_2.@interm_out.parent.{ff}": {
     "maxRSS": {
      "post": 23228,
      "pre": 23228
     },
     "non-recursive-rule": {
      "@poscopy_2.@interm_out.parent.{ff}(X,Y) :- \n   @magic.@interm_out.ancestor.{ff}(),\n   father(X,Y).": {
       "atom-frequency": {
        "@poscopy_2.@interm_out.parent.{ff}(X,Y) :- \n   @magic.@interm_out.ancestor.{ff}(),\n   father(X,Y).": {
         "father": {
          "level": 1,
          "num-tuples": 0
         }
        }
       },
       "maxRSS": {
        "post": 23228,
        "pre": 23228
       },
       "num-tuples": 5,
       "runtime": { "start": 23168007754, "end": 23168007755},
       "source-locator": " [1:1-1:1]"
      },
      "@poscopy_2.@interm_out.parent.{ff}(X,Y) :- \n   @magic.@interm_out.ancestor.{ff}(),\n   mother(X,Y).": {
       "atom-frequency": {
        "@poscopy_2.@interm_out.parent.{ff}(X,Y) :- \n   @magic.@interm_out.ancestor.{ff}(),\n   mother(X,Y).": {
         "mother": {
          "level": 1,
          "num-tuples": 0
         }
        }
       },
       "maxRSS": {
        "post": 23228,
        "pre": 23228
       },
       "num-tuples": 4,
       "runtime": { "start": 23168007764, "end": 23168007766},
       "source-locator": " [1:1-1:1]"
      }
     },
     "num-tuples": 9,
     "runtime": { "start": 23168007745, "end": 23168007771},
     "source-locator": " [1:1-1:1]"
    },
    "ancestor": {
     "maxRSS": {
      "post": 23228,
      "pre": 23228
     },
     "non-recursive-rule": {
      "ancestor(@query_x0,@query_x1) :- \n   @interm_out.ancestor.{ff}(@query_x0,@query_x1).": {
       "atom-frequency": {
        "ancestor(@query_x0,@query_x1) :- \n   @interm_out.ancestor.{ff}(@query_x0,@query_x1).": {
         "@interm_out.ancestor.{ff}": {
          "level": 0,
          "num-tuples": 0
         }
        }
       },
       "maxRSS": {
        "post": 23228,
        "pre": 23228
       },
       "num-tuples": 17,
       "runtime": { "start": 23168009755, "end": 23168009757},
       "source-locator": " [1:1-1:1]"
      }
     },
     "num-tuples": 17,
     "reads": 0,
     "runtime": { "start": 23168009745, "end": 23168009765},
     "savetime": { "start": 23168009769, "end": 23168009808},
     "source-locator": "/root/souffle-src/tests/swig/java/family/family.dl [15:7-15:15]"
    },
    "cousin": {
     "maxRSS": {
      "post": 23228,
      "pre": 23228
     },
     "non-recursive-rule": {
      "cousin(X,Y) :- \n   @interm_out.ancestor.{ff}(Z,X),\n   @interm_out.ancestor.{bf}(Z,Y),\n   X != Y,\n   !@neglabel.@interm_out.sibling(X,Y),\n   !@neglabel.@interm_out.parent(X,Y).": {
       "atom-frequency": {
        "cousin(X,Y) :- \n   @interm_out.ancestor.{ff}(Z,X),\n   @interm_out.ancestor.{bf}(Z,Y),\n   X != Y,\n   !@neglabel.@interm_out.sibling(X,Y),\n   !@neglabel.@interm_out.parent(X,Y).": {
         "@interm_out.ancestor.{bf}": {
          "level": 1,
          "num-tuples": 0
         },
         "@interm_out.ancestor.{ff}": {
          "level": 0,
          "num-tuples": 0
         }
        }
       },
       "maxRSS": {
        "post": 23228,
        "pre": 23228
       },
       "num-tuples": 9,
       "runtime": { "start": 23168010314, "end": 23168010322},
       "source-locator": " [1:1-1:1]"
      }
     },
     "num-tuples": 9,
     "reads": 0,
     "runtime": { "start": 23168010303, "end": 23168010331},
     "savetime": { "start": 23168010338, "end": 23168010368},
     "source-locator": "/root/souffle-src/tests/swig/java/family/family.dl [21:7-21:13]"
    },
    "father": {
     "maxRSS": {
      "post": 23228,
      "pre": 23228
     },
     "non-recursive-rule": {
      "father(\"fred\",\"carolIII\").": {
       "maxRSS": {
        "post": 23228,
        "pre": 23228
       },
       "num-tuples": 1,
       "runtime": { "start": 23168007611, "end": 23168007621},
       "source-locator": " [1:1-1:1]"
      },
      "father(\"jack\",\"fred\").": {
       "maxRSS": {
        "post": 23228,
        "pre": 23228
       },
       "num-tuples": 1,
       "runtime": { "start": 23168007589, "end": 23168007599},
       "source-locator": " [1:1-1:1]"
      },
      "father(\"tom\",\"adam\").": {
       "maxRSS": {
        "post": 23228,
        "pre": 23228
       },
       "num-tuples": 1,
       "runtime": { "start": 23168007584, "end": 23168007585},
       "source-locator": " [1:1-1:1]"
      },
      "father(\"tom\",\"amy\").": {
       "maxRSS": {
        "post": 23228,
        "pre": 23228
       },
       "num-tuples": 1,
       "runtime": { "start": 23168007573, "end": 23168007576},
       "source-locator": " [1:1-1:1]"
      },
      "father(\"tony\",\"carolII\").": {
       "maxRSS": {
        "post": 23228,
        "pre": 23228
       },
       "num-tuples": 1,
       "runtime": { "start": 23168007605, "end": 23168007606},
       "source-locator": " [1:1-1:1]"
      }
     },
     "num-tuples": 5,
     "reads": 0,
     "runtime": { "start": 23168007561, "end": 23168007628},
     "source-locator": "/root/souffle-src/tests/swig/java/family/family.dl [11:7-11:13]"
    },
    "grandmother": {
     "maxRSS": {
      "post": 23228,
      "pre": 23228
     },
     "non-recursive-rule": {
      "grandmother(X,Y) :- \n   mother(X,Z),\n   @interm_out.ancestor.{bf}(Z,Y).": {
       "atom-frequency": {
        "grandmother(X,Y) :- \n   mother(X,Z),\n   @interm_out.ancestor.{bf}(Z,Y).": {
         "@interm_out.ancestor.{bf}": {
          "level": 1,
          "num-tuples": 0
         },
         "mother": {
          "level": 0,
          "num-tuples": 0
         }
        }
       },
       "maxRSS": {
        "post": 23228,
        "pre": 23228
       },
       "num-tuples": 4,
       "runtime": { "start": 23168009822, "end": 23168009824},
       "source-locator": " [1:1-1:1]"
      }
     },
     "num-tuples": 4,
     "reads": 0,
     "runtime": { "start": 23168009813, "end": 23168009831},
     "savetime": { "start": 23168009835, "end": 23168010011},
     "source-locator": "/root/souffle-src/tests/swig/java/family/family.dl [17:7-17:18]"
    },
    "mother": {
     "maxRSS": {
      "post": 23228,
      "pre": 23228
     },
     "non-recursive-rule": {
      "mother(\"amy\",\"fred\").": {
       "maxRSS": {
        "post": 23228,
        "pre": 23228
       },
       "num-tuples": 1,
       "runtime": { "start": 23168007651, "end": 23168007652},
       "source-locator": " [1:1-1:1]"
      },
      "mother(\"carolII\",\"carolIII\").": {
       "maxRSS": {
        "post": 23228,
        "pre": 23228
       },
       "num-tuples": 1,
       "runtime": { "start": 23168007673, "end": 23168007674},
       "source-locator": " [1:1-1:1]"
      },
      "mother(\"carolI\",\"carolII\").": {
       "maxRSS": {
        "post": 23228,
        "pre": 23228
       },
       "num-tuples": 1,
       "runtime": { "start": 23168007657, "end": 23168007666},
       "source-locator": " [1:1-1:1]"
      },
      "mother(\"graceI\",\"amy\").": {
       "maxRSS": {
        "post": 23228,
        "pre": 23228
       },
       "num-tuples": 1,
       "runtime": { "start": 23168007643, "end": 23168007644},
       "source-locator": " [1:1-1:1]"
      }
     },
     "num-tuples": 4,
     "reads": 0,
     "runtime": { "start": 23168007633, "end": 23168007679},
     "source-locator": "/root/souffle-src/tests/swig/java/family/family.dl [12:7-12:13]"
    },
    "parent": {
     "maxRSS": {
      "post": 23228,
      "pre": 23228
     },
     "non-recursive-rule": {
      "parent(@query_x0,@query_x1) :- \n   @interm_out.parent.{ff}(@query_x0,@query_x1).": {
       "atom-frequency": {
        "parent(@query_x0,@query_x1) :- \n   @interm_out.parent.{ff}(@query_x0,@query_x1).": {
         "@interm_out.parent.{ff}": {
          "level": 0,
          "num-tuples": 0
         }
        }
       },
       "maxRSS": {
        "post": 23228,
        "pre": 23228
       },
       "num-tuples": 9,
       "runtime": { "start": 23168009437, "end": 23168009439},
       "source-locator": " [1:1-1:1]"
      }
     },
     "num-tuples": 9,
     "reads": 0,
     "runtime": { "start": 23168009428, "end": 23168009447},
     "savetime": { "start": 23168009451, "end": 23168009706},
     "source-locator": "/root/souffle-src/tests/swig/java/family/family.dl [13:7-13:13]"
    },
    "relative": {
     "maxRSS": {
      "post": 23228,
      "pre": 23228
     },
     "non-recursive-rule": {
      "relative(X,Y) :- \n   @interm_out.sibling.{ff}(X,Z),\n   @interm_out.parent.{bf}(Z,Y).": {
       "atom-frequency": {
        "relative(X,Y) :- \n   @interm_out.sibling.{ff}(X,Z),\n   @interm_out.parent.{bf}(Z,Y).": {
         "@interm_out.parent.{bf}": {
          "level": 1,
          "num-tuples": 0
         },
         "@interm_out.sibling.{ff}": {
          "level": 0,
          "num-tuples": 0
         }
        }
       },
       "maxRSS": {
        "post": 23228,
        "pre": 23228
       },
       "num-tuples": 1,
       "runtime": { "start": 23168010029, "end": 23168010031},
       "source-locator": " [1:1-1:1]"
      }
     },
     "num-tuples": 1,
     "reads": 0,
     "runtime": { "start": 23168010017, "end": 23168010042},
     "savetime": { "start": 23168010047, "end": 23168010101},
     "source-locator": "/root/souffle-src/tests/swig/java/family/family.dl [23:7-23:15]"
    },
    "sibling": {
     "maxRSS": {
      "post": 23228,
      "pre": 23228
     },
     "non-recursive-rule": {
      "sibling(@query_x0,@query_x1) :- \n   @interm_out.sibling.{ff}(@query_x0,@query_x1).": {
       "atom-frequency": {
        "sibling(@query_x0,@query_x1) :- \n   @interm_out.sibling.{ff}(@query_x0,@query_x1).": {
         "@interm_out.sibling.{ff}": {
          "level": 0,
          "num-tuples": 0
         }
        }
       },
       "maxRSS": {
        "post": 23228,
        "pre": 23228
       },
       "num-tuples": 2,
       "runtime": { "start": 23168010114, "end": 23168010115},
       "source-locator": " [1:1-1:1]"
      }
     },
     "num-tuples": 2,
     "reads": 0,
     "runtime": { "start": 23168010105, "end": 23168010123},
     "savetime": { "start": 23168010127, "end": 23168010297},
     "source-locator": "/root/souffle-src/tests/swig/java/family/family.dl [19:7-19:14]"
    }
   },
   "runtime": { "start": 23168007527, "end": 23168010373},
   "starttime": { "time": 23168007462},
   "usage": {
    "timepoint": {
     "23168007520": {
      "maxRSS": 23228,
      "systemtime": 0,
      "usertime": 6172
     },
     "23168007582": {
      "maxRSS": 23228,
      "systemtime": 0,
      "usertime": 9754
     },
     "23168007606": {
      "maxRSS": 23228,
      "systemtime": 0,
      "usertime": 9789
     },
     "23168007627": {
      "maxRSS": 23228,
      "systemtime": 0,
      "usertime": 9809
     },
     "23168007650": {
      "maxRSS": 23228,
      "systemtime": 0,
      "usertime": 9838
     },
     "23168007673": {
      "maxRSS": 23228,
      "systemtime": 0,
      "usertime": 9866
     },
     "23168007701": {
      "maxRSS": 23228,
      "systemtime": 0,
      "usertime": 9900
     },
     "23168007730": {
      "maxRSS": 23228,
      "systemtime": 0,
      "usertime": 9936
     },
     "23168007761": {
      "maxRSS": 23228,
      "systemtime": 0,
      "usertime": 9972
     },
     "23168007767": {
      "maxRSS": 23228,
      "systemtime": 0,
      "usertime": 9988
     },
     "23168007792": {
      "maxRSS": 23228,
      "systemtime": 0,
      "usertime": 10011
     },
     "23168007825": {
      "maxRSS": 23228,
      "systemtime": 0,
      "usertime": 10048
     },
     "23168007850": {
      "maxRSS": 23228,
      "systemtime": 0,
      "usertime": 10080
     },
     "23168007877": {
      "maxRSS": 23228,
      "systemtime": 0,
      "usertime": 10113
     },
     "23168007906": {
      "maxRSS": 23228,
      "systemtime": 0,
      "usertime": 10148
     },
     "23168007935": {
      "maxRSS": 23228,
      "systemtime": 0,
      "usertime": 10181
     },
     "23168007956": {
      "maxRSS": 23228,
      "systemtime": 0,
      "usertime": 10207
     },
     "23168007980": {
      "maxRSS": 23228,
      "systemtime": 0,
      "usertime": 10237
     },
     "23168008026": {
      "maxRSS": 23228,
      "systemtime": 28,
      "usertime": 10263
     },
     "23168008051": {
      "maxRSS": 23228,
      "systemtime": 58,
      "usertime": 10263
     },
     "23168008089": {
      "maxRSS": 23228,
      "systemtime": 113,
      "usertime": 10263
     },
     "23168008098": {
      "maxRSS": 23228,
      "systemtime": 132,
      "usertime": 10263
     },
     "23168008119": {
      "maxRSS": 23228,
      "systemtime": 155,
      "usertime": 10263
     },
     "23168008191": {
      "maxRSS": 23228,
      "systemtime": 247,
      "usertime": 10263
     },
     "23168008207": {
      "maxRSS": 23228,
      "systemtime": 276,
      "usertime": 10263
     },
     "23168008234": {
      "maxRSS": 23228,
      "systemtime": 313,
      "usertime": 10263
     },
     "23168008266": {
      "maxRSS": 23228,
      "systemtime": 346,
      "usertime": 10263
     },
     "23168008290": {
      "maxRSS": 23228,
      "systemtime": 378,
      "usertime": 10263
     },
     "23168008335": {
      "maxRSS": 23228,
      "systemtime": 431,
      "usertime": 10263
     },
     "23168008361": {
      "maxRSS": 23228,
      "systemtime": 464,
      "usertime": 10263
     },
     "23168008386": {
      "maxRSS": 23228,
      "systemtime": 494,
      "usertime": 10263
     },
     "23168008410": {
      "maxRSS": 23228,
      "systemtime": 525,
      "usertime": 10263
     },
     "23168008438": {
      "maxRSS": 23228,
      "systemtime": 567,
      "usertime": 10263
     },
     "23168008461": {
      "maxRSS": 23228,
      "systemtime": 595,
      "usertime": 10263
     },
     "23168008484": {
      "maxRSS": 23228,
      "systemtime": 627,
      "usertime": 10263
     },
     "23168008507": {
      "maxRSS": 23228,
      "systemtime": 655,
      "usertime": 10263
     },
     "23168008534": {
      "maxRSS": 23228,
      "systemtime": 684,
      "usertime": 10263
     },
     "23168008558": {
      "maxRSS": 23228,
      "systemtime": 714,
      "usertime": 10263
     },
     "23168008587": {
      "maxRSS": 23228,
      "systemtime": 754,
      "usertime": 10263
     },
     "23168008612": {
      "maxRSS": 23228,
      "systemtime": 785,
      "usertime": 10263
     },
     "23168008641": {
      "maxRSS": 23228,
      "systemtime": 819,
      "usertime": 10263
     },
     "23168008664": {
      "maxRSS": 23228,
      "systemtime": 850,
      "usertime": 10263
     },
     "23168008670": {
      "maxRSS": 23228,
      "systemtime": 868,
      "usertime": 10263
     },
     "23168008692": {
      "maxRSS": 23228,
      "systemtime": 895,
      "usertime": 10263
     },
     "23168008697": {
      "maxRSS": 23228,
      "systemtime": 907,
      "usertime": 10263
     },
     "23168008720": {
      "maxRSS": 23228,
      "systemtime": 930,
      "usertime": 10263
     },
     "23168008744": {
      "maxRSS": 23228,
      "systemtime": 966,
      "usertime": 10263
     },
     "23168008750": {
      "maxRSS": 23228,
      "systemtime": 978,
      "usertime": 10263
     },
     "23168008771": {
      "maxRSS": 23228,
      "systemtime": 1004,
      "usertime": 10263
     },
     "23168008797": {
      "maxRSS": 23228,
      "systemtime": 1037,
      "usertime": 10263
     },
     "23168008803": {
      "maxRSS": 23228,
      "systemtime": 1049,
      "usertime": 10263
     },
     "23168008825": {
      "maxRSS": 23228,
      "systemtime": 1080,
      "usertime": 10263
     },
     "23168008848": {
      "maxRSS": 23228,
      "systemtime": 1102,
      "usertime": 10263
     },
     "23168008871": {
      "maxRSS": 23228,
      "systemtime": 1132,
      "usertime": 10263
     },
     "23168008895": {
      "maxRSS": 23228,
      "systemtime": 1163,
      "usertime": 10263
     },
     "23168008920": {
      "maxRSS": 23228,
      "systemtime": 1194,
      "usertime": 10263
     },
     "23168008948": {
      "maxRSS": 23228,
      "systemtime": 1229,
      "usertime": 10263
     },
     "23168008972": {
      "maxRSS": 23228,
      "systemtime": 1261,
      "usertime": 10263
     },
     "23168008995": {
      "maxRSS": 23228,
      "systemtime": 1291,
      "usertime": 10263
     },
     "23168009018": {
      "maxRSS": 23228,
      "systemtime": 1320,
      "usertime": 10263
     },
     "23168009046": {
      "maxRSS": 23228,
      "systemtime": 1360,
      "usertime": 10263
     },
     "23168009068": {
      "maxRSS": 23228,
      "systemtime": 1389,
      "usertime": 10263
     },
     "23168009091": {
      "maxRSS": 23228,
      "systemtime": 1419,
      "usertime": 10263
     },
     "23168009114": {
      "maxRSS": 23228,
      "systemtime": 1450,
      "usertime": 10263
     },
     "23168009141": {
      "maxRSS": 23228,
      "systemtime": 1478,
      "usertime": 10263
     },
     "23168009168": {
      "maxRSS": 23228,
      "systemtime": 1511,
      "usertime": 10263
     },
     "23168009191": {
      "maxRSS": 23228,
      "systemtime": 1543,
      "usertime": 10263
     },
     "23168009214": {
      "maxRSS": 23228,
      "systemtime": 1573,
      "usertime": 10263
     },
     "23168009240": {
      "maxRSS": 23228,
      "systemtime": 1604,
      "usertime": 10263
     },
     "23168009268": {
      "maxRSS": 23228,
      "systemtime": 1640,
      "usertime": 10263
     },
     "23168009293": {
      "maxRSS": 23228,
      "systemtime": 1673,
      "usertime": 10263
     },
     "23168009317": {
      "maxRSS": 23228,
      "systemtime": 1704,
      "usertime": 10263
     },
     "23168009341": {
      "maxRSS": 23228,
      "systemtime": 1734,
      "usertime": 10263
     },
     "23168009368": {
      "maxRSS": 23228,
      "systemtime": 1773,
      "usertime": 10263
     },
     "23168009391": {
      "maxRSS": 23228,
      "systemtime": 1802,
      "usertime": 10263
     },
     "23168009415": {
      "maxRSS": 23228,
      "systemtime": 1831,
      "usertime": 10263
     },
     "23168009445": {
      "maxRSS": 23228,
      "systemtime": 1868,
      "usertime": 10263
     },
     "23168009468": {
      "maxRSS": 23228,
      "systemtime": 1888,
      "usertime": 10263
     },
     "23168009733": {
      "maxRSS": 23228,
      "systemtime": 2172,
      "usertime": 10263
     },
     "23168009762": {
      "maxRSS": 23228,
      "systemtime": 2208,
      "usertime": 10263
     },
     "23168009787": {
      "maxRSS": 23228,
      "systemtime": 2228,
      "usertime": 10263
     },
     "23168009830": {
      "maxRSS": 23228,
      "systemtime": 2289,
      "usertime": 10263
     },
     "23168009838": {
      "maxRSS": 23228,
      "systemtime": 2308,
      "usertime": 10263
     },
     "23168010037": {
      "maxRSS": 23228,
      "systemtime": 2509,
      "usertime": 10263
     },
     "23168010064": {
      "maxRSS": 23228,
      "systemtime": 2532,
      "usertime": 10263
     },
     "23168010122": {
      "maxRSS": 23228,
      "systemtime": 2608,
      "usertime": 10263
     },
     "23168010145": {
      "maxRSS": 23228,
      "systemtime": 2627,
      "usertime": 10263
     },
     "23168010322": {
      "maxRSS": 23228,
      "systemtime": 2828,
      "usertime": 10263
     },
     "23168010355": {
      "maxRSS": 23228,
      "systemtime": 2853,
      "usertime": 10263
     }
    }
   }
  }
 }
}
