{
 "root": {
  "program": {
   "configuration": {
    "": "/root/compiler/measurements/m3-5-headline-m4/family/same_generation_negation/d4_b4/emit_guarded/transformed.dl",
    "fact-dir": "/root/compiler/fixtures/benchmark-family/same_generation_negation/d4_b4",
    "include-dir": ".",
    "jobs": "1",
    "libraries": "functors",
    "library-dir": ".",
    "output-dir": "/root/compiler/measurements/m3-5-headline-m4/family/same_generation_negation/d4_b4/dlc",
    "profile": "prof.log",
    "relationCount": "22",
    "ruleCount": "35",
    "version": "2.5",
    "warn": "all",
    "wno": "none"
   },
   "relation": {
    "magic_notsg_bf": {
     "maxRSS": {
      "post": 12012,
      "pre": 11884
     },
     "non-recursive-rule": {
      "magic_notsg_bf(0).": {
       "maxRSS": {
        "post": 12012,
        "pre": 11884
       },
       "num-tuples": 1,
       "runtime": { "start": 21950445760, "end": 21950445765},
       "source-locator": "/root/compiler/measurements/m3-5-headline-m4/family/same_generation_negation/d4_b4/emit_guarded/transformed.dl [59:1-59:19]"
      }
     },
     "num-tuples": 1,
     "reads": 0,
     "runtime": { "start": 21950445759, "end": 21950445773},
     "source-locator": "/root/compiler/measurements/m3-5-headline-m4/family/same_generation_negation/d4_b4/emit_guarded/transformed.dl [32:7-32:21]"
    },
    "magic_sg_bb": {
     "iteration": {
      "0": {
       "maxRSS": {
        "post": 12664,
        "pre": 12664
       },
       "num-tuples": 0,
       "recursive-rule": {
        "magic_sg_bb(xp,yp) :- \n   sup_sg_bb_r1_2(_,_,xp,yp).": {
         "0": {
          "atom-frequency": {
           "@new_magic_sg_bb(xp,yp) :- \n   @delta_sup_sg_bb_r1_2(_,_,xp,yp).": {
            "@delta_sup_sg_bb_r1_2": {
             "level": 0,
             "num-tuples": 0
            }
           }
          },
          "maxRSS": {
           "post": 12664,
           "pre": 12664
          },
          "num-tuples": 0,
          "runtime": { "start": 21950446066, "end": 21950446067},
          "source-locator": "/root/compiler/measurements/m3-5-headline-m4/family/same_generation_negation/d4_b4/emit_guarded/transformed.dl [57:1-57:53]"
         }
        }
       },
       "runtime": { "start": 21950446057, "end": 21950446077}
      }
     },
     "maxRSS": {
      "post": 12664,
      "pre": 12664
     },
     "non-recursive-rule": {
      "magic_sg_bb(xp,yp) :- \n   sup_sg_bf_r1_2(_,xp,_,yp).": {
       "atom-frequency": {
        "magic_sg_bb(xp,yp) :- \n   sup_sg_bf_r1_2(_,xp,_,yp).": {
         "sup_sg_bf_r1_2": {
          "level": 0,
          "num-tuples": 0
         }
        }
       },
       "maxRSS": {
        "post": 12664,
        "pre": 12664
       },
       "num-tuples": 0,
       "runtime": { "start": 21950446043, "end": 21950446044},
       "source-locator": "/root/compiler/measurements/m3-5-headline-m4/family/same_generation_negation/d4_b4/emit_guarded/transformed.dl [47:1-47:53]"
      }
     },
     "num-tuples": 0,
     "reads": 0,
     "runtime": { "start": 21950446043, "end": 21950446049},
     "source-locator": "/root/compiler/measurements/m3-5-headline-m4/family/same_generation_negation/d4_b4/emit_guarded/transformed.dl [23:7-23:18]"
    },
    "magic_sg_bf": {
     "maxRSS": {
      "post": 12536,
      "pre": 12536
     },
     "non-recursive-rule": {
      "magic_sg_bf(x) :- \n   sup_notsg_bf_r0_2(x,_).": {
       "atom-frequency": {
        "magic_sg_bf(x) :- \n   sup_notsg_bf_r0_2(x,_).": {
         "sup_notsg_bf_r0_2": {
          "level": 0,
          "num-tuples": 0
         }
        }
       },
       "maxRSS": {
        "post": 12536,
        "pre": 12536
       },
       "num-tuples": 1,
       "runtime": { "start": 21950445994, "end": 21950445998},
       "source-locator": "/root/compiler/measurements/m3-5-headline-m4/family/same_generation_negation/d4_b4/emit_guarded/transformed.dl [37:1-37:43]"
      }
     },
     "num-tuples": 1,
     "reads": 0,
     "runtime": { "start": 21950445993, "end": 21950446004},
     "source-locator": "/root/compiler/measurements/m3-5-headline-m4/family/same_generation_negation/d4_b4/emit_guarded/transformed.dl [13:7-13:18]"
    },
    "parent": {
     "loadtime": { "start": 21950445780, "end": 21950445882},
     "num-tuples": 225,
     "reads": 0,
     "source-locator": "/root/compiler/measurements/m3-5-headline-m4/family/same_generation_negation/d4_b4/emit_guarded/transformed.dl [1:7-1:13]"
    },
    "person": {
     "loadtime": { "start": 21950445889, "end": 21950445936},
     "num-tuples": 226,
     "reads": 2,
     "source-locator": "/root/compiler/measurements/m3-5-headline-m4/family/same_generation_negation/d4_b4/emit_guarded/transformed.dl [3:7-3:13]"
    },
    "q_notsg": {
     "maxRSS": {
      "post": 12664,
      "pre": 12664
     },
     "non-recursive-rule": {
      "q_notsg(y) :- \n   sup_notsg_bf_r0_3(0,y).": {
       "atom-frequency": {
        "q_notsg(y) :- \n   sup_notsg_bf_r0_3(0,y).": {
         "sup_notsg_bf_r0_3": {
          "level": 0,
          "num-tuples": 0
         }
        }
       },
       "maxRSS": {
        "post": 12664,
        "pre": 12664
       },
       "num-tuples": 225,
       "runtime": { "start": 21950446324, "end": 21950446332},
       "source-locator": "/root/compiler/measurements/m3-5-headline-m4/family/same_generation_negation/d4_b4/emit_guarded/transformed.dl [60:1-60:30]"
      }
     },
     "num-tuples": 225,
     "reads": 0,
     "runtime": { "start": 21950446316, "end": 21950446340},
     "savetime": { "start": 21950446345, "end": 21950446406},
     "source-locator": "/root/compiler/measurements/m3-5-headline-m4/family/same_generation_negation/d4_b4/emit_guarded/transformed.dl [7:7-7:14]"
    },
    "sg_bb": {
     "iteration": {
      "0": {
       "maxRSS": {
        "post": 12664,
        "pre": 12664
       },
       "num-tuples": 0,
       "recursive-rule": {
        "sg_bb(x,y) :- \n   sup_sg_bb_r1_4(x,y).": {
         "0": {
          "atom-frequency": {
           "@new_sg_bb(x,y) :- \n   @delta_sup_sg_bb_r1_4(x,y).": {
            "@delta_sup_sg_bb_r1_4": {
             "level": 0,
             "num-tuples": 0
            }
           }
          },
          "maxRSS": {
           "post": 12664,
           "pre": 12664
          },
          "num-tuples": 0,
          "runtime": { "start": 21950446163, "end": 21950446164},
          "source-locator": "/root/compiler/measurements/m3-5-headline-m4/family/same_generation_negation/d4_b4/emit_guarded/transformed.dl [58:1-58:37]"
         }
        }
       },
       "runtime": { "start": 21950446163, "end": 21950446169}
      }
     },
     "maxRSS": {
      "post": 12664,
      "pre": 12664
     },
     "non-recursive-rule": {
      "sg_bb(x,x) :- \n   sup_sg_bb_r0_1(x).": {
       "atom-frequency": {
        "sg_bb(x,x) :- \n   sup_sg_bb_r0_1(x).": {
         "sup_sg_bb_r0_1": {
          "level": 0,
          "num-tuples": 0
         }
        }
       },
       "maxRSS": {
        "post": 12664,
        "pre": 12664
       },
       "num-tuples": 0,
       "runtime": { "start": 21950446150, "end": 21950446150},
       "source-locator": "/root/compiler/measurements/m3-5-headline-m4/family/same_generation_negation/d4_b4/emit_guarded/transformed.dl [51:1-51:34]"
      }
     },
     "num-tuples": 0,
     "reads": 0,
     "runtime": { "start": 21950446149, "end": 21950446155},
     "source-locator": "/root/compiler/measurements/m3-5-headline-m4/family/same_generation_negation/d4_b4/emit_guarded/transformed.dl [26:7-26:12]"
    },
    "sg_bf": {
     "maxRSS": {
      "post": 12664,
      "pre": 12664
     },
     "non-recursive-rule": {
      "sg_bf(x,x) :- \n   sup_sg_bf_r0_1(x).": {
       "atom-frequency": {
        "sg_bf(x,x) :- \n   sup_sg_bf_r0_1(x).": {
         "sup_sg_bf_r0_1": {
          "level": 0,
          "num-tuples": 0
         }
        }
       },
       "maxRSS": {
        "post": 12664,
        "pre": 12664
       },
       "num-tuples": 1,
       "runtime": { "start": 21950446249, "end": 21950446250},
       "source-locator": "/root/compiler/measurements/m3-5-headline-m4/family/same_generation_negation/d4_b4/emit_guarded/transformed.dl [41:1-41:34]"
      },
      "sg_bf(x,y) :- \n   sup_sg_bf_r1_4(x,y).": {
       "atom-frequency": {
        "sg_bf(x,y) :- \n   sup_sg_bf_r1_4(x,y).": {
         "sup_sg_bf_r1_4": {
          "level": 0,
          "num-tuples": 0
         }
        }
       },
       "maxRSS": {
        "post": 12664,
        "pre": 12664
       },
       "num-tuples": 0,
       "runtime": { "start": 21950446255, "end": 21950446265},
       "source-locator": "/root/compiler/measurements/m3-5-headline-m4/family/same_generation_negation/d4_b4/emit_guarded/transformed.dl [48:1-48:37]"
      }
     },
     "num-tuples": 1,
     "reads": 226,
     "runtime": { "start": 21950446247, "end": 21950446272},
     "source-locator": "/root/compiler/measurements/m3-5-headline-m4/family/same_generation_negation/d4_b4/emit_guarded/transformed.dl [17:7-17:12]"
    },
    "sup_notsg_bf_r0_1": {
     "maxRSS": {
      "post": 12536,
      "pre": 12408
     },
     "non-recursive-rule": {
      "sup_notsg_bf_r0_1(x) :- \n   magic_notsg_bf(x),\n   person(x).": {
       "atom-frequency": {
        "sup_notsg_bf_r0_1(x) :- \n   magic_notsg_bf(x),\n   person(x).": {
         "magic_notsg_bf": {
          "level": 0,
          "num-tuples": 0
         }
        }
       },
       "maxRSS": {
        "post": 12536,
        "pre": 12408
       },
       "num-tuples": 1,
       "runtime": { "start": 21950445943, "end": 21950445949},
       "source-locator": "/root/compiler/measurements/m3-5-headline-m4/family/same_generation_negation/d4_b4/emit_guarded/transformed.dl [34:1-34:57]"
      }
     },
     "num-tuples": 1,
     "reads": 0,
     "runtime": { "start": 21950445942, "end": 21950445956},
     "source-locator": "/root/compiler/measurements/m3-5-headline-m4/family/same_generation_negation/d4_b4/emit_guarded/transformed.dl [10:7-10:24]"
    },
    "sup_notsg_bf_r0_2": {
     "maxRSS": {
      "post": 12536,
      "pre": 12536
     },
     "non-recursive-rule": {
      "sup_notsg_bf_r0_2(x,y) :- \n   sup_notsg_bf_r0_1(x),\n   person(y).": {
       "atom-frequency": {
        "sup_notsg_bf_r0_2(x,y) :- \n   sup_notsg_bf_r0_1(x),\n   person(y).": {
         "person": {
          "level": 1,
          "num-tuples": 0
         },
         "sup_notsg_bf_r0_1": {
          "level": 0,
          "num-tuples": 0
         }
        }
       },
       "maxRSS": {
        "post": 12536,
        "pre": 12536
       },
       "num-tuples": 226,
       "runtime": { "start": 21950445970, "end": 21950445980},
       "source-locator": "/root/compiler/measurements/m3-5-headline-m4/family/same_generation_negation/d4_b4/emit_guarded/transformed.dl [35:1-35:60]"
      }
     },
     "num-tuples": 226,
     "reads": 0,
     "runtime": { "start": 21950445961, "end": 21950445988},
     "source-locator": "/root/compiler/measurements/m3-5-headline-m4/family/same_generation_negation/d4_b4/emit_guarded/transformed.dl [11:7-11:24]"
    },
    "sup_notsg_bf_r0_3": {
     "maxRSS": {
      "post": 12664,
      "pre": 12664
     },
     "non-recursive-rule": {
      "sup_notsg_bf_r0_3(x,y) :- \n   sup_notsg_bf_r0_2(x,y),\n   !sg_bf(x,y).": {
       "atom-frequency": {
        "sup_notsg_bf_r0_3(x,y) :- \n   sup_notsg_bf_r0_2(x,y),\n   !sg_bf(x,y).": {
         "sup_notsg_bf_r0_2": {
          "level": 0,
          "num-tuples": 0
         }
        }
       },
       "maxRSS": {
        "post": 12664,
        "pre": 12664
       },
       "num-tuples": 225,
       "runtime": { "start": 21950446286, "end": 21950446302},
       "source-locator": "/root/compiler/measurements/m3-5-headline-m4/family/same_generation_negation/d4_b4/emit_guarded/transformed.dl [36:1-36:66]"
      }
     },
     "num-tuples": 225,
     "reads": 0,
     "runtime": { "start": 21950446277, "end": 21950446311},
     "source-locator": "/root/compiler/measurements/m3-5-headline-m4/family/same_generation_negation/d4_b4/emit_guarded/transformed.dl [12:7-12:24]"
    },
    "sup_sg_bb_r0_0": {
     "maxRSS": {
      "post": 12664,
      "pre": 12664
     },
     "non-recursive-rule": {
      "sup_sg_bb_r0_0(x) :- \n   magic_sg_bb(x,x).": {
       "atom-frequency": {
        "sup_sg_bb_r0_0(x) :- \n   magic_sg_bb(x,x).": {
         "magic_sg_bb": {
          "level": 0,
          "num-tuples": 0
         }
        }
       },
       "maxRSS": {
        "post": 12664,
        "pre": 12664
       },
       "num-tuples": 0,
       "runtime": { "start": 21950446130, "end": 21950446130},
       "source-locator": "/root/compiler/measurements/m3-5-headline-m4/family/same_generation_negation/d4_b4/emit_guarded/transformed.dl [49:1-49:40]"
      }
     },
     "num-tuples": 0,
     "reads": 0,
     "runtime": { "start": 21950446129, "end": 21950446136},
     "source-locator": "/root/compiler/measurements/m3-5-headline-m4/family/same_generation_negation/d4_b4/emit_guarded/transformed.dl [24:7-24:21]"
    },
    "sup_sg_bb_r0_1": {
     "maxRSS": {
      "post": 12664,
      "pre": 12664
     },
     "non-recursive-rule": {
      "sup_sg_bb_r0_1(x) :- \n   sup_sg_bb_r0_0(x),\n   person(x).": {
       "atom-frequency": {
        "sup_sg_bb_r0_1(x) :- \n   sup_sg_bb_r0_0(x),\n   person(x).": {
         "sup_sg_bb_r0_0": {
          "level": 0,
          "num-tuples": 0
         }
        }
       },
       "maxRSS": {
        "post": 12664,
        "pre": 12664
       },
       "num-tuples": 0,
       "runtime": { "start": 21950446141, "end": 21950446141},
       "source-locator": "/root/compiler/measurements/m3-5-headline-m4/family/same_generation_negation/d4_b4/emit_guarded/transformed.dl [50:1-50:51]"
      }
     },
     "num-tuples": 0,
     "reads": 0,
     "runtime": { "start": 21950446140, "end": 21950446146},
     "source-locator": "/root/compiler/measurements/m3-5-headline-m4/family/same_generation_negation/d4_b4/emit_guarded/transformed.dl [25:7-25:21]"
    },
    "sup_sg_bb_r1_1": {
     "iteration": {
      "0": {
       "maxRSS": {
        "post": 12664,
        "pre": 12664
       },
       "num-tuples": 0,
       "recursive-rule": {
        "sup_sg_bb_r1_1(x,y,xp) :- \n   magic_sg_bb(x,y),\n   parent(x,xp).": {
         "0": {
          "atom-frequency": {
           "@new_sup_sg_bb_r1_1(x,y,xp) :- \n   @delta_magic_sg_bb(x,y),\n   parent(x,xp).": {
            "@delta_magic_sg_bb": {
             "level": 0,
             "num-tuples": 0
            },
            "parent": {
             "level": 1,
             "num-tuples": 0
            }
           }
          },
          "maxRSS": {
           "post": 12664,
           "pre": 12664
          },
          "num-tuples": 0,
          "runtime": { "start": 21950446083, "end": 21950446084},
          "source-locator": "/root/compiler/measurements/m3-5-headline-m4/family/same_generation_negation/d4_b4/emit_guarded/transformed.dl [53:1-53:65]"
         }
        }
       },
       "runtime": { "start": 21950446083, "end": 21950446091}
      }
     },
     "num-tuples": 0,
     "reads": 0,
     "source-locator": "/root/compiler/measurements/m3-5-headline-m4/family/same_generation_negation/d4_b4/emit_guarded/transformed.dl [28:7-28:21]"
    },
    "sup_sg_bb_r1_2": {
     "iteration": {
      "0": {
       "maxRSS": {
        "post": 12664,
        "pre": 12664
       },
       "num-tuples": 0,
       "recursive-rule": {
        "sup_sg_bb_r1_2(x,y,xp,yp) :- \n   sup_sg_bb_r1_1(x,y,xp),\n   parent(y,yp).": {
         "0": {
          "atom-frequency": {
           "@new_sup_sg_bb_r1_2(x,y,xp,yp) :- \n   @delta_sup_sg_bb_r1_1(x,y,xp),\n   parent(y,yp).": {
            "@delta_sup_sg_bb_r1_1": {
             "level": 0,
             "num-tuples": 0
            },
            "parent": {
             "level": 1,
             "num-tuples": 0
            }
           }
          },
          "maxRSS": {
           "post": 12664,
           "pre": 12664
          },
          "num-tuples": 0,
          "runtime": { "start": 21950446103, "end": 21950446104},
          "source-locator": "/root/compiler/measurements/m3-5-headline-m4/family/same_generation_negation/d4_b4/emit_guarded/transformed.dl [54:1-54:73]"
         }
        }
       },
       "runtime": { "start": 21950446095, "end": 21950446112}
      }
     },
     "num-tuples": 0,
     "reads": 0,
     "source-locator": "/root/compiler/measurements/m3-5-headline-m4/family/same_generation_negation/d4_b4/emit_guarded/transformed.dl [29:7-29:21]"
    },
    "sup_sg_bb_r1_3": {
     "iteration": {
      "0": {
       "maxRSS": {
        "post": 12664,
        "pre": 12664
       },
       "num-tuples": 0,
       "recursive-rule": {
        "sup_sg_bb_r1_3(x,y) :- \n   sup_sg_bb_r1_2(x,y,xp,yp),\n   sg_bb(xp,yp).": {
         "0": {
          "atom-frequency": {
           "@new_sup_sg_bb_r1_3(x,y) :- \n   sup_sg_bb_r1_2(x,y,xp,yp),\n   @delta_sg_bb(xp,yp).": {
            "sup_sg_bb_r1_2": {
             "level": 0,
             "num-tuples": 0
            }
           }
          },
          "maxRSS": {
           "post": 12664,
           "pre": 12664
          },
          "num-tuples": 0,
          "runtime": { "start": 21950446173, "end": 21950446174},
          "source-locator": "/root/compiler/measurements/m3-5-headline-m4/family/same_generation_negation/d4_b4/emit_guarded/transformed.dl [55:1-55:69]"
         }
        }
       },
       "runtime": { "start": 21950446173, "end": 21950446179}
      }
     },
     "num-tuples": 0,
     "reads": 0,
     "source-locator": "/root/compiler/measurements/m3-5-headline-m4/family/same_generation_negation/d4_b4/emit_guarded/transformed.dl [30:7-30:21]"
    },
    "sup_sg_bb_r1_4": {
     "iteration": {
      "0": {
       "maxRSS": {
        "post": 12664,
        "pre": 12664
       },
       "num-tuples": 0,
       "recursive-rule": {
        "sup_sg_bb_r1_4(x,y) :- \n   sup_sg_bb_r1_3(x,y),\n   x != y.": {
         "0": {
          "atom-frequency": {
           "@new_sup_sg_bb_r1_4(x,y) :- \n   @delta_sup_sg_bb_r1_3(x,y),\n   x != y.": {
            "@delta_sup_sg_bb_r1_3": {
             "level": 0,
             "num-tuples": 0
            }
           }
          },
          "maxRSS": {
           "post": 12664,
           "pre": 12664
          },
          "num-tuples": 0,
          "runtime": { "start": 21950446182, "end": 21950446183},
          "source-locator": "/root/compiler/measurements/m3-5-headline-m4/family/same_generation_negation/d4_b4/emit_guarded/transformed.dl [56:1-56:54]"
         }
        }
       },
       "runtime": { "start": 21950446182, "end": 21950446188}
      }
     },
     "num-tuples": 0,
     "reads": 0,
     "source-locator": "/root/compiler/measurements/m3-5-headline-m4/family/same_generation_negation/d4_b4/emit_guarded/transformed.dl [31:7-31:21]"
    },
    "sup_sg_bf_r0_1": {
     "maxRSS": {
      "post": 12536,
      "pre": 12536
     },
     "non-recursive-rule": {
      "sup_sg_bf_r0_1(x) :- \n   magic_sg_bf(x),\n   person(x).": {
       "atom-frequency": {
        "sup_sg_bf_r0_1(x) :- \n   magic_sg_bf(x),\n   person(x).": {
         "magic_sg_bf": {
          "level": 0,
          "num-tuples": 0
         }
        }
       },
       "maxRSS": {
        "post": 12536,
        "pre": 12536
       },
       "num-tuples": 1,
       "runtime": { "start": 21950446008, "end": 21950446009},
       "source-locator": "/root/compiler/measurements/m3-5-headline-m4/family/same_generation_negation/d4_b4/emit_guarded/transformed.dl [40:1-40:51]"
      }
     },
     "num-tuples": 1,
     "reads": 0,
     "runtime": { "start": 21950446008, "end": 21950446015},
     "source-locator": "/root/compiler/measurements/m3-5-headline-m4/family/same_generation_negation/d4_b4/emit_guarded/transformed.dl [16:7-16:21]"
    },
    "sup_sg_bf_r1_1": {
     "maxRSS": {
      "post": 12664,
      "pre": 12536
     },
     "non-recursive-rule": {
      "sup_sg_bf_r1_1(x,xp) :- \n   magic_sg_bf(x),\n   parent(x,xp).": {
       "atom-frequency": {
        "sup_sg_bf_r1_1(x,xp) :- \n   magic_sg_bf(x),\n   parent(x,xp).": {
         "magic_sg_bf": {
          "level": 0,
          "num-tuples": 0
         },
         "parent": {
          "level": 1,
          "num-tuples": 0
         }
        }
       },
       "maxRSS": {
        "post": 12664,
        "pre": 12536
       },
       "num-tuples": 0,
       "runtime": { "start": 21950446018, "end": 21950446021},
       "source-locator": "/root/compiler/measurements/m3-5-headline-m4/family/same_generation_negation/d4_b4/emit_guarded/transformed.dl [43:1-43:59]"
      }
     },
     "num-tuples": 0,
     "reads": 0,
     "runtime": { "start": 21950446018, "end": 21950446030},
     "source-locator": "/root/compiler/measurements/m3-5-headline-m4/family/same_generation_negation/d4_b4/emit_guarded/transformed.dl [19:7-19:21]"
    },
    "sup_sg_bf_r1_2": {
     "maxRSS": {
      "post": 12664,
      "pre": 12664
     },
     "non-recursive-rule": {
      "sup_sg_bf_r1_2(x,xp,y,yp) :- \n   sup_sg_bf_r1_1(x,xp),\n   parent(y,yp).": {
       "atom-frequency": {
        "sup_sg_bf_r1_2(x,xp,y,yp) :- \n   sup_sg_bf_r1_1(x,xp),\n   parent(y,yp).": {
         "parent": {
          "level": 1,
          "num-tuples": 0
         },
         "sup_sg_bf_r1_1": {
          "level": 0,
          "num-tuples": 0
         }
        }
       },
       "maxRSS": {
        "post": 12664,
        "pre": 12664
       },
       "num-tuples": 0,
       "runtime": { "start": 21950446034, "end": 21950446035},
       "source-locator": "/root/compiler/measurements/m3-5-headline-m4/family/same_generation_negation/d4_b4/emit_guarded/transformed.dl [44:1-44:70]"
      }
     },
     "num-tuples": 0,
     "reads": 0,
     "runtime": { "start": 21950446033, "end": 21950446039},
     "source-locator": "/root/compiler/measurements/m3-5-headline-m4/family/same_generation_negation/d4_b4/emit_guarded/transformed.dl [20:7-20:21]"
    },
    "sup_sg_bf_r1_3": {
     "maxRSS": {
      "post": 12664,
      "pre": 12664
     },
     "non-recursive-rule": {
      "sup_sg_bf_r1_3(x,y) :- \n   sup_sg_bf_r1_2(x,xp,y,yp),\n   sg_bb(xp,yp).": {
       "atom-frequency": {
        "sup_sg_bf_r1_3(x,y) :- \n   sup_sg_bf_r1_2(x,xp,y,yp),\n   sg_bb(xp,yp).": {
         "sup_sg_bf_r1_2": {
          "level": 0,
          "num-tuples": 0
         }
        }
       },
       "maxRSS": {
        "post": 12664,
        "pre": 12664
       },
       "num-tuples": 0,
       "runtime": { "start": 21950446212, "end": 21950446213},
       "source-locator": "/root/compiler/measurements/m3-5-headline-m4/family/same_generation_negation/d4_b4/emit_guarded/transformed.dl [45:1-45:69]"
      }
     },
     "num-tuples": 0,
     "reads": 0,
     "runtime": { "start": 21950446203, "end": 21950446220},
     "source-locator": "/root/compiler/measurements/m3-5-headline-m4/family/same_generation_negation/d4_b4/emit_guarded/transformed.dl [21:7-21:21]"
    },
    "sup_sg_bf_r1_4": {
     "maxRSS": {
      "post": 12664,
      "pre": 12664
     },
     "non-recursive-rule": {
      "sup_sg_bf_r1_4(x,y) :- \n   sup_sg_bf_r1_3(x,y),\n   x != y.": {
       "atom-frequency": {
        "sup_sg_bf_r1_4(x,y) :- \n   sup_sg_bf_r1_3(x,y),\n   x != y.": {
         "sup_sg_bf_r1_3": {
          "level": 0,
          "num-tuples": 0
         }
        }
       },
       "maxRSS": {
        "post": 12664,
        "pre": 12664
       },
       "num-tuples": 0,
       "runtime": { "start": 21950446234, "end": 21950446234},
       "source-locator": "/root/compiler/measurements/m3-5-headline-m4/family/same_generation_negation/d4_b4/emit_guarded/transformed.dl [46:1-46:54]"
      }
     },
     "num-tuples": 0,
     "reads": 0,
     "runtime": { "start": 21950446224, "end": 21950446242},
     "source-locator": "/root/compiler/measurements/m3-5-headline-m4/family/same_generation_negation/d4_b4/emit_guarded/transformed.dl [22:7-22:21]"
    }
   },
   "runtime": { "start": 21950445755, "end": 21950446410},
   "starttime": { "time": 21950445710},
   "usage": {
    "timepoint": {
     "21950445746": {
      "maxRSS": 11756,
      "systemtime": 0,
      "usertime": 5179
     },
     "21950445935": {
      "maxRSS": 12408,
      "systemtime": 0,
      "usertime": 7161
     },
     "21950446036": {
      "maxRSS": 12664,
      "systemtime": 0,
      "usertime": 7290
     },
     "21950446044": {
      "maxRSS": 12664,
      "systemtime": 0,
      "usertime": 7307
     },
     "21950446081": {
      "maxRSS": 12664,
      "systemtime": 0,
      "usertime": 7350
     },
     "21950446184": {
      "maxRSS": 12664,
      "systemtime": 0,
      "usertime": 7469
     },
     "21950446194": {
      "maxRSS": 12664,
      "systemtime": 0,
      "usertime": 7489
     },
     "21950446216": {
      "maxRSS": 12664,
      "systemtime": 0,
      "usertime": 7518
     },
     "21950446242": {
      "maxRSS": 12664,
      "systemtime": 0,
      "usertime": 7556
     },
     "21950446252": {
      "maxRSS": 12664,
      "systemtime": 0,
      "usertime": 7570
     },
     "21950446271": {
      "maxRSS": 12664,
      "systemtime": 0,
      "usertime": 7591
     },
     "21950446300": {
      "maxRSS": 12664,
      "systemtime": 0,
      "usertime": 7623
     },
     "21950446406": {
      "maxRSS": 12664,
      "systemtime": 0,
      "usertime": 7757
     }
    }
   }
  }
 }
}
