{
 "root": {
  "program": {
   "configuration": {
    "": "/root/compiler/measurements/m3-1-counterexample/p6a1_base/emit/transformed.dl",
    "fact-dir": "/root/compiler/fixtures/p2",
    "include-dir": ".",
    "jobs": "1",
    "libraries": "functors",
    "library-dir": ".",
    "output-dir": "/root/compiler/measurements/m3-1-counterexample/p6a1_base/accept/candidate",
    "profile": "prof.log",
    "relationCount": "6",
    "ruleCount": "7",
    "version": "2.5",
    "warn": "all",
    "wno": "none"
   },
   "relation": {
    "ans": {
     "maxRSS": {
      "post": 13016,
      "pre": 13016
     },
     "non-recursive-rule": {
      "ans(y) :- \n   blocked_from(y).": {
       "atom-frequency": {
        "ans(y) :- \n   blocked_from(y).": {
         "blocked_from": {
          "level": 0,
          "num-tuples": 0
         }
        }
       },
       "maxRSS": {
        "post": 13016,
        "pre": 13016
       },
       "num-tuples": 200,
       "runtime": { "start": 5119000355, "end": 5119000362},
       "source-locator": "/root/compiler/measurements/m3-1-counterexample/p6a1_base/emit/transformed.dl [14:1-14:27]"
      }
     },
     "num-tuples": 200,
     "reads": 0,
     "runtime": { "start": 5119000344, "end": 5119000371},
     "savetime": { "start": 5119000376, "end": 5119001356},
     "source-locator": "/root/compiler/measurements/m3-1-counterexample/p6a1_base/emit/transformed.dl [8:7-8:10]"
    },
    "blocked_from": {
     "maxRSS": {
      "post": 13016,
      "pre": 13016
     },
     "non-recursive-rule": {
      "blocked_from(y) :- \n   seed(x),\n   node(y),\n   !reach(x,y).": {
       "atom-frequency": {
        "blocked_from(y) :- \n   seed(x),\n   node(y),\n   !reach(x,y).": {
         "node": {
          "level": 1,
          "num-tuples": 0
         },
         "seed": {
          "level": 0,
          "num-tuples": 0
         }
        }
       },
       "maxRSS": {
        "post": 13016,
        "pre": 13016
       },
       "num-tuples": 200,
       "runtime": { "start": 5118998507, "end": 5119000276},
       "source-locator": "/root/compiler/measurements/m3-1-counterexample/p6a1_base/emit/transformed.dl [13:1-13:51]"
      }
     },
     "num-tuples": 200,
     "reads": 0,
     "runtime": { "start": 5118998498, "end": 5119000286},
     "source-locator": "/root/compiler/measurements/m3-1-counterexample/p6a1_base/emit/transformed.dl [7:7-7:19]"
    },
    "edge": {
     "loadtime": { "start": 5118985047, "end": 5118985228},
     "num-tuples": 400,
     "reads": 0,
     "source-locator": "/root/compiler/measurements/m3-1-counterexample/p6a1_base/emit/transformed.dl [1:7-1:11]"
    },
    "node": {
     "loadtime": { "start": 5118985237, "end": 5118985284},
     "num-tuples": 200,
     "reads": 0,
     "source-locator": "/root/compiler/measurements/m3-1-counterexample/p6a1_base/emit/transformed.dl [3:7-3:11]"
    },
    "reach": {
     "iteration": {
      "0": {
       "copytime": { "start": 5118985535, "end": 5118985591},
       "maxRSS": {
        "post": 12376,
        "pre": 12120
       },
       "num-tuples": 758,
       "recursive-rule": {
        "reach(x,y) :- \n   reach(x,z),\n   edge(z,y).": {
         "0": {
          "atom-frequency": {
           "@new_reach(x,y) :- \n   @delta_reach(x,z),\n   edge(z,y).": {
            "@delta_reach": {
             "level": 0,
             "num-tuples": 0
            },
            "edge": {
             "level": 1,
             "num-tuples": 0
            }
           }
          },
          "maxRSS": {
           "post": 12376,
           "pre": 12120
          },
          "num-tuples": 758,
          "runtime": { "start": 5118985355, "end": 5118985503},
          "source-locator": "/root/compiler/measurements/m3-1-counterexample/p6a1_base/emit/transformed.dl [11:1-11:40]"
         }
        }
       },
       "runtime": { "start": 5118985345, "end": 5118985513}
      },
      "1": {
       "copytime": { "start": 5118985885, "end": 5118985999},
       "maxRSS": {
        "post": 12376,
        "pre": 12376
       },
       "num-tuples": 1333,
       "recursive-rule": {
        "reach(x,y) :- \n   reach(x,z),\n   edge(z,y).": {
         "0": {
          "maxRSS": {
           "post": 12376,
           "pre": 12376
          },
          "num-tuples": 1333,
          "runtime": { "start": 5118985605, "end": 5118985856},
          "source-locator": "/root/compiler/measurements/m3-1-counterexample/p6a1_base/emit/transformed.dl [11:1-11:40]"
         }
        }
       },
       "runtime": { "start": 5118985595, "end": 5118985865}
      },
      "10": {
       "copytime": { "start": 5118997551, "end": 5118997620},
       "maxRSS": {
        "post": 13016,
        "pre": 13016
       },
       "num-tuples": 602,
       "recursive-rule": {
        "reach(x,y) :- \n   reach(x,z),\n   edge(z,y).": {
         "0": {
          "maxRSS": {
           "post": 13016,
           "pre": 13016
          },
          "num-tuples": 602,
          "runtime": { "start": 5118997192, "end": 5118997520},
          "source-locator": "/root/compiler/measurements/m3-1-counterexample/p6a1_base/emit/transformed.dl [11:1-11:40]"
         }
        }
       },
       "runtime": { "start": 5118997180, "end": 5118997530}
      },
      "11": {
       "copytime": { "start": 5118997849, "end": 5118997888},
       "maxRSS": {
        "post": 13016,
        "pre": 13016
       },
       "num-tuples": 315,
       "recursive-rule": {
        "reach(x,y) :- \n   reach(x,z),\n   edge(z,y).": {
         "0": {
          "maxRSS": {
           "post": 13016,
           "pre": 13016
          },
          "num-tuples": 315,
          "runtime": { "start": 5118997634, "end": 5118997819},
          "source-locator": "/root/compiler/measurements/m3-1-counterexample/p6a1_base/emit/transformed.dl [11:1-11:40]"
         }
        }
       },
       "runtime": { "start": 5118997625, "end": 5118997829}
      },
      "12": {
       "copytime": { "start": 5118998029, "end": 5118998051},
       "maxRSS": {
        "post": 13016,
        "pre": 13016
       },
       "num-tuples": 165,
       "recursive-rule": {
        "reach(x,y) :- \n   reach(x,z),\n   edge(z,y).": {
         "0": {
          "maxRSS": {
           "post": 13016,
           "pre": 13016
          },
          "num-tuples": 165,
          "runtime": { "start": 5118997901, "end": 5118998000},
          "source-locator": "/root/compiler/measurements/m3-1-counterexample/p6a1_base/emit/transformed.dl [11:1-11:40]"
         }
        }
       },
       "runtime": { "start": 5118997892, "end": 5118998009}
      },
      "13": {
       "copytime": { "start": 5118998146, "end": 5118998157},
       "maxRSS": {
        "post": 13016,
        "pre": 13016
       },
       "num-tuples": 74,
       "recursive-rule": {
        "reach(x,y) :- \n   reach(x,z),\n   edge(z,y).": {
         "0": {
          "maxRSS": {
           "post": 13016,
           "pre": 13016
          },
          "num-tuples": 74,
          "runtime": { "start": 5118998064, "end": 5118998118},
          "source-locator": "/root/compiler/measurements/m3-1-counterexample/p6a1_base/emit/transformed.dl [11:1-11:40]"
         }
        }
       },
       "runtime": { "start": 5118998055, "end": 5118998126}
      },
      "14": {
       "copytime": { "start": 5118998225, "end": 5118998230},
       "maxRSS": {
        "post": 13016,
        "pre": 13016
       },
       "num-tuples": 32,
       "recursive-rule": {
        "reach(x,y) :- \n   reach(x,z),\n   edge(z,y).": {
         "0": {
          "maxRSS": {
           "post": 13016,
           "pre": 13016
          },
          "num-tuples": 32,
          "runtime": { "start": 5118998170, "end": 5118998196},
          "source-locator": "/root/compiler/measurements/m3-1-counterexample/p6a1_base/emit/transformed.dl [11:1-11:40]"
         }
        }
       },
       "runtime": { "start": 5118998160, "end": 5118998205}
      },
      "15": {
       "copytime": { "start": 5118998284, "end": 5118998288},
       "maxRSS": {
        "post": 13016,
        "pre": 13016
       },
       "num-tuples": 19,
       "recursive-rule": {
        "reach(x,y) :- \n   reach(x,z),\n   edge(z,y).": {
         "0": {
          "maxRSS": {
           "post": 13016,
           "pre": 13016
          },
          "num-tuples": 19,
          "runtime": { "start": 5118998242, "end": 5118998256},
          "source-locator": "/root/compiler/measurements/m3-1-counterexample/p6a1_base/emit/transformed.dl [11:1-11:40]"
         }
        }
       },
       "runtime": { "start": 5118998233, "end": 5118998265}
      },
      "16": {
       "copytime": { "start": 5118998338, "end": 5118998340},
       "maxRSS": {
        "post": 13016,
        "pre": 13016
       },
       "num-tuples": 8,
       "recursive-rule": {
        "reach(x,y) :- \n   reach(x,z),\n   edge(z,y).": {
         "0": {
          "maxRSS": {
           "post": 13016,
           "pre": 13016
          },
          "num-tuples": 8,
          "runtime": { "start": 5118998300, "end": 5118998309},
          "source-locator": "/root/compiler/measurements/m3-1-counterexample/p6a1_base/emit/transformed.dl [11:1-11:40]"
         }
        }
       },
       "runtime": { "start": 5118998291, "end": 5118998318}
      },
      "17": {
       "copytime": { "start": 5118998384, "end": 5118998386},
       "maxRSS": {
        "post": 13016,
        "pre": 13016
       },
       "num-tuples": 3,
       "recursive-rule": {
        "reach(x,y) :- \n   reach(x,z),\n   edge(z,y).": {
         "0": {
          "maxRSS": {
           "post": 13016,
           "pre": 13016
          },
          "num-tuples": 3,
          "runtime": { "start": 5118998352, "end": 5118998357},
          "source-locator": "/root/compiler/measurements/m3-1-counterexample/p6a1_base/emit/transformed.dl [11:1-11:40]"
         }
        }
       },
       "runtime": { "start": 5118998343, "end": 5118998365}
      },
      "18": {
       "copytime": { "start": 5118998429, "end": 5118998430},
       "maxRSS": {
        "post": 13016,
        "pre": 13016
       },
       "num-tuples": 1,
       "recursive-rule": {
        "reach(x,y) :- \n   reach(x,z),\n   edge(z,y).": {
         "0": {
          "maxRSS": {
           "post": 13016,
           "pre": 13016
          },
          "num-tuples": 1,
          "runtime": { "start": 5118998398, "end": 5118998401},
          "source-locator": "/root/compiler/measurements/m3-1-counterexample/p6a1_base/emit/transformed.dl [11:1-11:40]"
         }
        }
       },
       "runtime": { "start": 5118998389, "end": 5118998409}
      },
      "19": {
       "maxRSS": {
        "post": 13016,
        "pre": 13016
       },
       "num-tuples": 0,
       "recursive-rule": {
        "reach(x,y) :- \n   reach(x,z),\n   edge(z,y).": {
         "0": {
          "maxRSS": {
           "post": 13016,
           "pre": 13016
          },
          "num-tuples": 0,
          "runtime": { "start": 5118998443, "end": 5118998444},
          "source-locator": "/root/compiler/measurements/m3-1-counterexample/p6a1_base/emit/transformed.dl [11:1-11:40]"
         }
        }
       },
       "runtime": { "start": 5118998433, "end": 5118998455}
      },
      "2": {
       "copytime": { "start": 5118986525, "end": 5118986713},
       "maxRSS": {
        "post": 12376,
        "pre": 12376
       },
       "num-tuples": 2180,
       "recursive-rule": {
        "reach(x,y) :- \n   reach(x,z),\n   edge(z,y).": {
         "0": {
          "maxRSS": {
           "post": 12376,
           "pre": 12376
          },
          "num-tuples": 2180,
          "runtime": { "start": 5118986012, "end": 5118986495},
          "source-locator": "/root/compiler/measurements/m3-1-counterexample/p6a1_base/emit/transformed.dl [11:1-11:40]"
         }
        }
       },
       "runtime": { "start": 5118986003, "end": 5118986504}
      },
      "3": {
       "copytime": { "start": 5118987655, "end": 5118987956},
       "maxRSS": {
        "post": 12504,
        "pre": 12504
       },
       "num-tuples": 3169,
       "recursive-rule": {
        "reach(x,y) :- \n   reach(x,z),\n   edge(z,y).": {
         "0": {
          "maxRSS": {
           "post": 12504,
           "pre": 12504
          },
          "num-tuples": 3169,
          "runtime": { "start": 5118986729, "end": 5118987576},
          "source-locator": "/root/compiler/measurements/m3-1-counterexample/p6a1_base/emit/transformed.dl [11:1-11:40]"
         }
        }
       },
       "runtime": { "start": 5118986718, "end": 5118987622}
      },
      "4": {
       "copytime": { "start": 5118989254, "end": 5118989604},
       "maxRSS": {
        "post": 12632,
        "pre": 12632
       },
       "num-tuples": 3934,
       "recursive-rule": {
        "reach(x,y) :- \n   reach(x,z),\n   edge(z,y).": {
         "0": {
          "maxRSS": {
           "post": 12632,
           "pre": 12632
          },
          "num-tuples": 3934,
          "runtime": { "start": 5118987973, "end": 5118989220},
          "source-locator": "/root/compiler/measurements/m3-1-counterexample/p6a1_base/emit/transformed.dl [11:1-11:40]"
         }
        }
       },
       "runtime": { "start": 5118987962, "end": 5118989231}
      },
      "5": {
       "copytime": { "start": 5118991048, "end": 5118991443},
       "maxRSS": {
        "post": 12760,
        "pre": 12760
       },
       "num-tuples": 4096,
       "recursive-rule": {
        "reach(x,y) :- \n   reach(x,z),\n   edge(z,y).": {
         "0": {
          "maxRSS": {
           "post": 12760,
           "pre": 12760
          },
          "num-tuples": 4096,
          "runtime": { "start": 5118989622, "end": 5118991014},
          "source-locator": "/root/compiler/measurements/m3-1-counterexample/p6a1_base/emit/transformed.dl [11:1-11:40]"
         }
        }
       },
       "runtime": { "start": 5118989609, "end": 5118991026}
      },
      "6": {
       "copytime": { "start": 5118992966, "end": 5118993324},
       "maxRSS": {
        "post": 12888,
        "pre": 12888
       },
       "num-tuples": 3639,
       "recursive-rule": {
        "reach(x,y) :- \n   reach(x,z),\n   edge(z,y).": {
         "0": {
          "maxRSS": {
           "post": 12888,
           "pre": 12888
          },
          "num-tuples": 3639,
          "runtime": { "start": 5118991462, "end": 5118992932},
          "source-locator": "/root/compiler/measurements/m3-1-counterexample/p6a1_base/emit/transformed.dl [11:1-11:40]"
         }
        }
       },
       "runtime": { "start": 5118991448, "end": 5118992942}
      },
      "7": {
       "copytime": { "start": 5118994638, "end": 5118994942},
       "maxRSS": {
        "post": 13016,
        "pre": 13016
       },
       "num-tuples": 2781,
       "recursive-rule": {
        "reach(x,y) :- \n   reach(x,z),\n   edge(z,y).": {
         "0": {
          "maxRSS": {
           "post": 13016,
           "pre": 13016
          },
          "num-tuples": 2781,
          "runtime": { "start": 5118993343, "end": 5118994607},
          "source-locator": "/root/compiler/measurements/m3-1-counterexample/p6a1_base/emit/transformed.dl [11:1-11:40]"
         }
        }
       },
       "runtime": { "start": 5118993329, "end": 5118994616}
      },
      "8": {
       "copytime": { "start": 5118995992, "end": 5118996409},
       "maxRSS": {
        "post": 13016,
        "pre": 13016
       },
       "num-tuples": 1791,
       "recursive-rule": {
        "reach(x,y) :- \n   reach(x,z),\n   edge(z,y).": {
         "0": {
          "maxRSS": {
           "post": 13016,
           "pre": 13016
          },
          "num-tuples": 1791,
          "runtime": { "start": 5118994958, "end": 5118995955},
          "source-locator": "/root/compiler/measurements/m3-1-counterexample/p6a1_base/emit/transformed.dl [11:1-11:40]"
         }
        }
       },
       "runtime": { "start": 5118994947, "end": 5118995968}
      },
      "9": {
       "copytime": { "start": 5118997042, "end": 5118997175},
       "maxRSS": {
        "post": 13016,
        "pre": 13016
       },
       "num-tuples": 1104,
       "recursive-rule": {
        "reach(x,y) :- \n   reach(x,z),\n   edge(z,y).": {
         "0": {
          "maxRSS": {
           "post": 13016,
           "pre": 13016
          },
          "num-tuples": 1104,
          "runtime": { "start": 5118996430, "end": 5118997006},
          "source-locator": "/root/compiler/measurements/m3-1-counterexample/p6a1_base/emit/transformed.dl [11:1-11:40]"
         }
        }
       },
       "runtime": { "start": 5118996417, "end": 5118997017}
      }
     },
     "maxRSS": {
      "post": 12120,
      "pre": 12120
     },
     "non-recursive-rule": {
      "reach(x,y) :- \n   edge(x,y).": {
       "atom-frequency": {
        "reach(x,y) :- \n   edge(x,y).": {
         "edge": {
          "level": 0,
          "num-tuples": 0
         }
        }
       },
       "maxRSS": {
        "post": 12120,
        "pre": 12120
       },
       "num-tuples": 400,
       "runtime": { "start": 5118985291, "end": 5118985316},
       "source-locator": "/root/compiler/measurements/m3-1-counterexample/p6a1_base/emit/transformed.dl [10:1-10:27]"
      }
     },
     "num-tuples": 400,
     "reads": 85829,
     "runtime": { "start": 5118985291, "end": 5118985323},
     "source-locator": "/root/compiler/measurements/m3-1-counterexample/p6a1_base/emit/transformed.dl [5:7-5:12]"
    },
    "seed": {
     "maxRSS": {
      "post": 13016,
      "pre": 13016
     },
     "non-recursive-rule": {
      "seed(x) :- \n   reach(1,x).": {
       "atom-frequency": {
        "seed(x) :- \n   reach(1,x).": {
         "reach": {
          "level": 0,
          "num-tuples": 0
         }
        }
       },
       "maxRSS": {
        "post": 13016,
        "pre": 13016
       },
       "num-tuples": 170,
       "runtime": { "start": 5118998478, "end": 5118998485},
       "source-locator": "/root/compiler/measurements/m3-1-counterexample/p6a1_base/emit/transformed.dl [12:1-12:24]"
      }
     },
     "num-tuples": 170,
     "reads": 0,
     "runtime": { "start": 5118998477, "end": 5118998493},
     "source-locator": "/root/compiler/measurements/m3-1-counterexample/p6a1_base/emit/transformed.dl [6:7-6:11]"
    }
   },
   "runtime": { "start": 5118985041, "end": 5119001364},
   "starttime": { "time": 5118985010},
   "usage": {
    "timepoint": {
     "5118985070": {
      "maxRSS": 11600,
      "systemtime": 0,
      "usertime": 4384
     },
     "5118985298": {
      "maxRSS": 12120,
      "systemtime": 0,
      "usertime": 4676
     },
     "5118985365": {
      "maxRSS": 12376,
      "systemtime": 0,
      "usertime": 4760
     },
     "5118985542": {
      "maxRSS": 12376,
      "systemtime": 0,
      "usertime": 4956
     },
     "5118985611": {
      "maxRSS": 12376,
      "systemtime": 0,
      "usertime": 5037
     },
     "5118985893": {
      "maxRSS": 12376,
      "systemtime": 0,
      "usertime": 5329
     },
     "5118986018": {
      "maxRSS": 12376,
      "systemtime": 0,
      "usertime": 5467
     },
     "5118986526": {
      "maxRSS": 12376,
      "systemtime": 0,
      "usertime": 5991
     },
     "5118986733": {
      "maxRSS": 12504,
      "systemtime": 0,
      "usertime": 6202
     },
     "5118987666": {
      "maxRSS": 12504,
      "systemtime": 0,
      "usertime": 7145
     },
     "5118987982": {
      "maxRSS": 12632,
      "systemtime": 0,
      "usertime": 7475
     },
     "5118989116": {
      "maxRSS": 12632,
      "systemtime": 0,
      "usertime": 7521
     },
     "5118989253": {
      "maxRSS": 12632,
      "systemtime": 0,
      "usertime": 8775
     },
     "5118989660": {
      "maxRSS": 12760,
      "systemtime": 0,
      "usertime": 9168
     },
     "5118990774": {
      "maxRSS": 12760,
      "systemtime": 0,
      "usertime": 9185
     },
     "5118991047": {
      "maxRSS": 12760,
      "systemtime": 0,
      "usertime": 10611
     },
     "5118991494": {
      "maxRSS": 12888,
      "systemtime": 0,
      "usertime": 11043
     },
     "5118992588": {
      "maxRSS": 12888,
      "systemtime": 0,
      "usertime": 11595
     },
     "5118992998": {
      "maxRSS": 12888,
      "systemtime": 0,
      "usertime": 12582
     },
     "5118993380": {
      "maxRSS": 13016,
      "systemtime": 0,
      "usertime": 12974
     },
     "5118994501": {
      "maxRSS": 13016,
      "systemtime": 0,
      "usertime": 13003
     },
     "5118994645": {
      "maxRSS": 13016,
      "systemtime": 0,
      "usertime": 14329
     },
     "5118994983": {
      "maxRSS": 13016,
      "systemtime": 0,
      "usertime": 14669
     },
     "5118995995": {
      "maxRSS": 13016,
      "systemtime": 0,
      "usertime": 15722
     },
     "5118996439": {
      "maxRSS": 13016,
      "systemtime": 0,
      "usertime": 16194
     },
     "5118997077": {
      "maxRSS": 13016,
      "systemtime": 0,
      "usertime": 16829
     },
     "5118997234": {
      "maxRSS": 13016,
      "systemtime": 0,
      "usertime": 17007
     },
     "5118997560": {
      "maxRSS": 13016,
      "systemtime": 0,
      "usertime": 17397
     },
     "5118997640": {
      "maxRSS": 13016,
      "systemtime": 0,
      "usertime": 17492
     },
     "5118997849": {
      "maxRSS": 13016,
      "systemtime": 0,
      "usertime": 17707
     },
     "5118997907": {
      "maxRSS": 13016,
      "systemtime": 0,
      "usertime": 17772
     },
     "5118998029": {
      "maxRSS": 13016,
      "systemtime": 0,
      "usertime": 17907
     },
     "5118998069": {
      "maxRSS": 13016,
      "systemtime": 0,
      "usertime": 17953
     },
     "5118998145": {
      "maxRSS": 13016,
      "systemtime": 0,
      "usertime": 18035
     },
     "5118998175": {
      "maxRSS": 13016,
      "systemtime": 0,
      "usertime": 18071
     },
     "5118998224": {
      "maxRSS": 13016,
      "systemtime": 0,
      "usertime": 18127
     },
     "5118998248": {
      "maxRSS": 13016,
      "systemtime": 0,
      "usertime": 18158
     },
     "5118998283": {
      "maxRSS": 13016,
      "systemtime": 0,
      "usertime": 18200
     },
     "5118998305": {
      "maxRSS": 13016,
      "systemtime": 0,
      "usertime": 18231
     },
     "5118998337": {
      "maxRSS": 13016,
      "systemtime": 0,
      "usertime": 18268
     },
     "5118998358": {
      "maxRSS": 13016,
      "systemtime": 0,
      "usertime": 18300
     },
     "5118998384": {
      "maxRSS": 13016,
      "systemtime": 0,
      "usertime": 18328
     },
     "5118998403": {
      "maxRSS": 13016,
      "systemtime": 0,
      "usertime": 18357
     },
     "5118998429": {
      "maxRSS": 13016,
      "systemtime": 0,
      "usertime": 18386
     },
     "5118998450": {
      "maxRSS": 13016,
      "systemtime": 0,
      "usertime": 18415
     },
     "5118998474": {
      "maxRSS": 13016,
      "systemtime": 0,
      "usertime": 18452
     },
     "5118998512": {
      "maxRSS": 13016,
      "systemtime": 0,
      "usertime": 18497
     },
     "5118999623": {
      "maxRSS": 13016,
      "systemtime": 0,
      "usertime": 18510
     },
     "5119000386": {
      "maxRSS": 13016,
      "systemtime": 0,
      "usertime": 20412
     }
    }
   }
  }
 }
}
