{
 "root": {
  "program": {
   "configuration": {
    "": "/root/compiler/measurements/m3-5-headline/candidates/cc_query_bothbound/emit_guarded/transformed.dl",
    "fact-dir": "/root/compiler/fixtures/culprit_candidates/cc_query_bothbound",
    "include-dir": ".",
    "jobs": "1",
    "libraries": "functors",
    "library-dir": ".",
    "output-dir": "/root/compiler/measurements/m3-5-headline/candidates/cc_query_bothbound/dlc",
    "profile": "prof.log",
    "relationCount": "7",
    "ruleCount": "10",
    "version": "2.5",
    "warn": "all",
    "wno": "none"
   },
   "relation": {
    "base": {
     "loadtime": { "start": 29424831452, "end": 29424831569},
     "num-tuples": 75,
     "reads": 0,
     "source-locator": "/root/compiler/measurements/m3-5-headline/candidates/cc_query_bothbound/emit_guarded/transformed.dl [1:7-1:11]"
    },
    "blocked": {
     "loadtime": { "start": 29424831579, "end": 29424831606},
     "num-tuples": 11,
     "reads": 385,
     "source-locator": "/root/compiler/measurements/m3-5-headline/candidates/cc_query_bothbound/emit_guarded/transformed.dl [5:7-5:14]"
    },
    "e": {
     "loadtime": { "start": 29424831614, "end": 29424831648},
     "num-tuples": 76,
     "reads": 0,
     "source-locator": "/root/compiler/measurements/m3-5-headline/candidates/cc_query_bothbound/emit_guarded/transformed.dl [3:7-3:8]"
    },
    "out": {
     "maxRSS": {
      "post": 16772,
      "pre": 16772
     },
     "non-recursive-rule": {
      "out() :- \n   p(1,5).": {
       "maxRSS": {
        "post": 16772,
        "pre": 16772
       },
       "num-tuples": 0,
       "runtime": { "start": 29424832476, "end": 29424832477},
       "source-locator": "/root/compiler/measurements/m3-5-headline/candidates/cc_query_bothbound/emit_guarded/transformed.dl [17:1-17:18]"
      }
     },
     "num-tuples": 0,
     "reads": 0,
     "runtime": { "start": 29424832475, "end": 29424832485},
     "savetime": { "start": 29424832489, "end": 29424832545},
     "source-locator": "/root/compiler/measurements/m3-5-headline/candidates/cc_query_bothbound/emit_guarded/transformed.dl [10:7-10:10]"
    },
    "p": {
     "iteration": {
      "0": {
       "copytime": { "start": 29424832428, "end": 29424832430},
       "maxRSS": {
        "post": 16772,
        "pre": 16772
       },
       "num-tuples": 14,
       "recursive-rule": {
        "p(x,y) :- \n   p(x,z),\n   !s(z),\n   q(z,y).": {
         "0": {
          "atom-frequency": {
           "@new_p(x,y) :- \n   @delta_p(x,z),\n   !s(z),\n   q(z,y).": {
            "@delta_p": {
             "level": 0,
             "num-tuples": 0
            },
            "q": {
             "level": 1,
             "num-tuples": 0
            }
           }
          },
          "maxRSS": {
           "post": 16772,
           "pre": 16772
          },
          "num-tuples": 14,
          "runtime": { "start": 29424832390, "end": 29424832401},
          "source-locator": "/root/compiler/measurements/m3-5-headline/candidates/cc_query_bothbound/emit_guarded/transformed.dl [13:1-13:36]"
         }
        }
       },
       "runtime": { "start": 29424832380, "end": 29424832409}
      },
      "1": {
       "maxRSS": {
        "post": 16772,
        "pre": 16772
       },
       "num-tuples": 0,
       "recursive-rule": {
        "p(x,y) :- \n   p(x,z),\n   !s(z),\n   q(z,y).": {
         "0": {
          "maxRSS": {
           "post": 16772,
           "pre": 16772
          },
          "num-tuples": 0,
          "runtime": { "start": 29424832443, "end": 29424832446},
          "source-locator": "/root/compiler/measurements/m3-5-headline/candidates/cc_query_bothbound/emit_guarded/transformed.dl [13:1-13:36]"
         }
        }
       },
       "runtime": { "start": 29424832434, "end": 29424832454}
      }
     },
     "maxRSS": {
      "post": 16772,
      "pre": 16772
     },
     "non-recursive-rule": {
      "p(x,y) :- \n   e(x,y).": {
       "atom-frequency": {
        "p(x,y) :- \n   e(x,y).": {
         "e": {
          "level": 0,
          "num-tuples": 0
         }
        }
       },
       "maxRSS": {
        "post": 16772,
        "pre": 16772
       },
       "num-tuples": 76,
       "runtime": { "start": 29424832360, "end": 29424832365},
       "source-locator": "/root/compiler/measurements/m3-5-headline/candidates/cc_query_bothbound/emit_guarded/transformed.dl [12:1-12:20]"
      }
     },
     "num-tuples": 76,
     "reads": 19,
     "runtime": { "start": 29424832351, "end": 29424832372},
     "source-locator": "/root/compiler/measurements/m3-5-headline/candidates/cc_query_bothbound/emit_guarded/transformed.dl [9:7-9:8]"
    },
    "q": {
     "iteration": {
      "0": {
       "copytime": { "start": 29424831758, "end": 29424831766},
       "maxRSS": {
        "post": 16772,
        "pre": 16772
       },
       "num-tuples": 79,
       "recursive-rule": {
        "q(x,y) :- \n   q(x,z),\n   base(z,y).": {
         "0": {
          "atom-frequency": {
           "@new_q(x,y) :- \n   @delta_q(x,z),\n   base(z,y).": {
            "@delta_q": {
             "level": 0,
             "num-tuples": 0
            },
            "base": {
             "level": 1,
             "num-tuples": 0
            }
           }
          },
          "maxRSS": {
           "post": 16772,
           "pre": 16772
          },
          "num-tuples": 79,
          "runtime": { "start": 29424831700, "end": 29424831729},
          "source-locator": "/root/compiler/measurements/m3-5-headline/candidates/cc_query_bothbound/emit_guarded/transformed.dl [15:1-15:32]"
         }
        }
       },
       "runtime": { "start": 29424831691, "end": 29424831738}
      },
      "1": {
       "copytime": { "start": 29424831827, "end": 29424831839},
       "maxRSS": {
        "post": 16772,
        "pre": 16772
       },
       "num-tuples": 77,
       "recursive-rule": {
        "q(x,y) :- \n   q(x,z),\n   base(z,y).": {
         "0": {
          "maxRSS": {
           "post": 16772,
           "pre": 16772
          },
          "num-tuples": 77,
          "runtime": { "start": 29424831780, "end": 29424831799},
          "source-locator": "/root/compiler/measurements/m3-5-headline/candidates/cc_query_bothbound/emit_guarded/transformed.dl [15:1-15:32]"
         }
        }
       },
       "runtime": { "start": 29424831770, "end": 29424831807}
      },
      "10": {
       "maxRSS": {
        "post": 16772,
        "pre": 16772
       },
       "num-tuples": 0,
       "recursive-rule": {
        "q(x,y) :- \n   q(x,z),\n   base(z,y).": {
         "0": {
          "maxRSS": {
           "post": 16772,
           "pre": 16772
          },
          "num-tuples": 0,
          "runtime": { "start": 29424832292, "end": 29424832293},
          "source-locator": "/root/compiler/measurements/m3-5-headline/candidates/cc_query_bothbound/emit_guarded/transformed.dl [15:1-15:32]"
         }
        }
       },
       "runtime": { "start": 29424832283, "end": 29424832302}
      },
      "2": {
       "copytime": { "start": 29424831895, "end": 29424831902},
       "maxRSS": {
        "post": 16772,
        "pre": 16772
       },
       "num-tuples": 52,
       "recursive-rule": {
        "q(x,y) :- \n   q(x,z),\n   base(z,y).": {
         "0": {
          "maxRSS": {
           "post": 16772,
           "pre": 16772
          },
          "num-tuples": 52,
          "runtime": { "start": 29424831852, "end": 29424831868},
          "source-locator": "/root/compiler/measurements/m3-5-headline/candidates/cc_query_bothbound/emit_guarded/transformed.dl [15:1-15:32]"
         }
        }
       },
       "runtime": { "start": 29424831843, "end": 29424831876}
      },
      "3": {
       "copytime": { "start": 29424831955, "end": 29424831960},
       "maxRSS": {
        "post": 16772,
        "pre": 16772
       },
       "num-tuples": 39,
       "recursive-rule": {
        "q(x,y) :- \n   q(x,z),\n   base(z,y).": {
         "0": {
          "maxRSS": {
           "post": 16772,
           "pre": 16772
          },
          "num-tuples": 39,
          "runtime": { "start": 29424831915, "end": 29424831928},
          "source-locator": "/root/compiler/measurements/m3-5-headline/candidates/cc_query_bothbound/emit_guarded/transformed.dl [15:1-15:32]"
         }
        }
       },
       "runtime": { "start": 29424831906, "end": 29424831935}
      },
      "4": {
       "copytime": { "start": 29424832045, "end": 29424832058},
       "maxRSS": {
        "post": 16772,
        "pre": 16772
       },
       "num-tuples": 26,
       "recursive-rule": {
        "q(x,y) :- \n   q(x,z),\n   base(z,y).": {
         "0": {
          "maxRSS": {
           "post": 16772,
           "pre": 16772
          },
          "num-tuples": 26,
          "runtime": { "start": 29424831972, "end": 29424831982},
          "source-locator": "/root/compiler/measurements/m3-5-headline/candidates/cc_query_bothbound/emit_guarded/transformed.dl [15:1-15:32]"
         }
        }
       },
       "runtime": { "start": 29424831963, "end": 29424831990}
      },
      "5": {
       "copytime": { "start": 29424832095, "end": 29424832098},
       "maxRSS": {
        "post": 16772,
        "pre": 16772
       },
       "num-tuples": 17,
       "recursive-rule": {
        "q(x,y) :- \n   q(x,z),\n   base(z,y).": {
         "0": {
          "maxRSS": {
           "post": 16772,
           "pre": 16772
          },
          "num-tuples": 17,
          "runtime": { "start": 29424832064, "end": 29424832071},
          "source-locator": "/root/compiler/measurements/m3-5-headline/candidates/cc_query_bothbound/emit_guarded/transformed.dl [15:1-15:32]"
         }
        }
       },
       "runtime": { "start": 29424832063, "end": 29424832077}
      },
      "6": {
       "copytime": { "start": 29424832132, "end": 29424832135},
       "maxRSS": {
        "post": 16772,
        "pre": 16772
       },
       "num-tuples": 10,
       "recursive-rule": {
        "q(x,y) :- \n   q(x,z),\n   base(z,y).": {
         "0": {
          "maxRSS": {
           "post": 16772,
           "pre": 16772
          },
          "num-tuples": 10,
          "runtime": { "start": 29424832102, "end": 29424832107},
          "source-locator": "/root/compiler/measurements/m3-5-headline/candidates/cc_query_bothbound/emit_guarded/transformed.dl [15:1-15:32]"
         }
        }
       },
       "runtime": { "start": 29424832102, "end": 29424832114}
      },
      "7": {
       "copytime": { "start": 29424832189, "end": 29424832192},
       "maxRSS": {
        "post": 16772,
        "pre": 16772
       },
       "num-tuples": 6,
       "recursive-rule": {
        "q(x,y) :- \n   q(x,z),\n   base(z,y).": {
         "0": {
          "maxRSS": {
           "post": 16772,
           "pre": 16772
          },
          "num-tuples": 6,
          "runtime": { "start": 29424832149, "end": 29424832153},
          "source-locator": "/root/compiler/measurements/m3-5-headline/candidates/cc_query_bothbound/emit_guarded/transformed.dl [15:1-15:32]"
         }
        }
       },
       "runtime": { "start": 29424832139, "end": 29424832160}
      },
      "8": {
       "copytime": { "start": 29424832235, "end": 29424832236},
       "maxRSS": {
        "post": 16772,
        "pre": 16772
       },
       "num-tuples": 3,
       "recursive-rule": {
        "q(x,y) :- \n   q(x,z),\n   base(z,y).": {
         "0": {
          "maxRSS": {
           "post": 16772,
           "pre": 16772
          },
          "num-tuples": 3,
          "runtime": { "start": 29424832205, "end": 29424832208},
          "source-locator": "/root/compiler/measurements/m3-5-headline/candidates/cc_query_bothbound/emit_guarded/transformed.dl [15:1-15:32]"
         }
        }
       },
       "runtime": { "start": 29424832195, "end": 29424832215}
      },
      "9": {
       "copytime": { "start": 29424832278, "end": 29424832279},
       "maxRSS": {
        "post": 16772,
        "pre": 16772
       },
       "num-tuples": 1,
       "recursive-rule": {
        "q(x,y) :- \n   q(x,z),\n   base(z,y).": {
         "0": {
          "maxRSS": {
           "post": 16772,
           "pre": 16772
          },
          "num-tuples": 1,
          "runtime": { "start": 29424832249, "end": 29424832251},
          "source-locator": "/root/compiler/measurements/m3-5-headline/candidates/cc_query_bothbound/emit_guarded/transformed.dl [15:1-15:32]"
         }
        }
       },
       "runtime": { "start": 29424832240, "end": 29424832259}
      }
     },
     "maxRSS": {
      "post": 16772,
      "pre": 16772
     },
     "non-recursive-rule": {
      "q(x,y) :- \n   base(x,y).": {
       "atom-frequency": {
        "q(x,y) :- \n   base(x,y).": {
         "base": {
          "level": 0,
          "num-tuples": 0
         }
        }
       },
       "maxRSS": {
        "post": 16772,
        "pre": 16772
       },
       "num-tuples": 75,
       "runtime": { "start": 29424831665, "end": 29424831674},
       "source-locator": "/root/compiler/measurements/m3-5-headline/candidates/cc_query_bothbound/emit_guarded/transformed.dl [14:1-14:23]"
      }
     },
     "num-tuples": 75,
     "reads": 461,
     "runtime": { "start": 29424831655, "end": 29424831682},
     "source-locator": "/root/compiler/measurements/m3-5-headline/candidates/cc_query_bothbound/emit_guarded/transformed.dl [7:7-7:8]"
    },
    "s": {
     "maxRSS": {
      "post": 16772,
      "pre": 16772
     },
     "non-recursive-rule": {
      "s(x) :- \n   q(x,y),\n   blocked(y).": {
       "atom-frequency": {
        "s(x) :- \n   q(x,y),\n   blocked(y).": {
         "q": {
          "level": 0,
          "num-tuples": 0
         }
        }
       },
       "maxRSS": {
        "post": 16772,
        "pre": 16772
       },
       "num-tuples": 34,
       "runtime": { "start": 29424832322, "end": 29424832340},
       "source-locator": "/root/compiler/measurements/m3-5-headline/candidates/cc_query_bothbound/emit_guarded/transformed.dl [16:1-16:29]"
      }
     },
     "num-tuples": 34,
     "reads": 90,
     "runtime": { "start": 29424832322, "end": 29424832346},
     "source-locator": "/root/compiler/measurements/m3-5-headline/candidates/cc_query_bothbound/emit_guarded/transformed.dl [8:7-8:8]"
    }
   },
   "runtime": { "start": 29424831445, "end": 29424832549},
   "starttime": { "time": 29424831415},
   "usage": {
    "timepoint": {
     "29424831430": {
      "maxRSS": 16772,
      "systemtime": 0,
      "usertime": 2380
     },
     "29424831600": {
      "maxRSS": 16772,
      "systemtime": 0,
      "usertime": 4651
     },
     "29424831631": {
      "maxRSS": 16772,
      "systemtime": 0,
      "usertime": 4697
     },
     "29424831671": {
      "maxRSS": 16772,
      "systemtime": 0,
      "usertime": 4756
     },
     "29424831705": {
      "maxRSS": 16772,
      "systemtime": 0,
      "usertime": 4797
     },
     "29424831757": {
      "maxRSS": 16772,
      "systemtime": 0,
      "usertime": 4854
     },
     "29424831784": {
      "maxRSS": 16772,
      "systemtime": 0,
      "usertime": 4887
     },
     "29424831828": {
      "maxRSS": 16772,
      "systemtime": 0,
      "usertime": 4945
     },
     "29424831857": {
      "maxRSS": 16772,
      "systemtime": 0,
      "usertime": 4976
     },
     "29424831895": {
      "maxRSS": 16772,
      "systemtime": 0,
      "usertime": 5026
     },
     "29424831919": {
      "maxRSS": 16772,
      "systemtime": 0,
      "usertime": 5051
     },
     "29424831953": {
      "maxRSS": 16772,
      "systemtime": 0,
      "usertime": 5090
     },
     "29424831976": {
      "maxRSS": 16772,
      "systemtime": 0,
      "usertime": 5119
     },
     "29424832023": {
      "maxRSS": 16772,
      "systemtime": 0,
      "usertime": 5158
     },
     "29424832068": {
      "maxRSS": 16772,
      "systemtime": 78,
      "usertime": 5158
     },
     "29424832110": {
      "maxRSS": 16772,
      "systemtime": 129,
      "usertime": 5158
     },
     "29424832132": {
      "maxRSS": 16772,
      "systemtime": 158,
      "usertime": 5158
     },
     "29424832156": {
      "maxRSS": 16772,
      "systemtime": 192,
      "usertime": 5158
     },
     "29424832189": {
      "maxRSS": 16772,
      "systemtime": 231,
      "usertime": 5158
     },
     "29424832210": {
      "maxRSS": 16772,
      "systemtime": 261,
      "usertime": 5158
     },
     "29424832234": {
      "maxRSS": 16772,
      "systemtime": 291,
      "usertime": 5158
     },
     "29424832254": {
      "maxRSS": 16772,
      "systemtime": 320,
      "usertime": 5158
     },
     "29424832277": {
      "maxRSS": 16772,
      "systemtime": 348,
      "usertime": 5158
     },
     "29424832296": {
      "maxRSS": 16772,
      "systemtime": 375,
      "usertime": 5158
     },
     "29424832320": {
      "maxRSS": 16772,
      "systemtime": 404,
      "usertime": 5158
     },
     "29424832367": {
      "maxRSS": 16772,
      "systemtime": 461,
      "usertime": 5158
     },
     "29424832397": {
      "maxRSS": 16772,
      "systemtime": 499,
      "usertime": 5158
     },
     "29424832427": {
      "maxRSS": 16772,
      "systemtime": 539,
      "usertime": 5158
     },
     "29424832450": {
      "maxRSS": 16772,
      "systemtime": 570,
      "usertime": 5158
     },
     "29424832473": {
      "maxRSS": 16772,
      "systemtime": 600,
      "usertime": 5158
     },
     "29424832505": {
      "maxRSS": 16772,
      "systemtime": 630,
      "usertime": 5158
     }
    }
   }
  }
 }
}
