{
 "root": {
  "program": {
   "configuration": {
    "": "/root/souffle-src/tests/example/not_match/not_match.dl",
    "fact-dir": "/root/souffle-src/tests/example/not_match/facts",
    "include-dir": ".",
    "jobs": "1",
    "libraries": "functors",
    "library-dir": ".",
    "magic-transform": "*",
    "output-dir": "/root/compiler/measurements/night01-t4/runs/example__not_match",
    "profile": "prof.log",
    "relationCount": "2",
    "ruleCount": "1",
    "version": "2.5",
    "warn": "all",
    "wno": "none"
   },
   "relation": {
    "inputData": {
     "loadtime": { "start": 22989831109, "end": 22989831660},
     "num-tuples": 4,
     "reads": 0,
     "source-locator": "/root/souffle-src/tests/example/not_match/not_match.dl [9:7-9:16]"
    },
    "outputData": {
     "maxRSS": {
      "post": 31352,
      "pre": 31352
     },
     "non-recursive-rule": {
      "outputData(x) :- \n   inputData(x),\n   not_match(\"a.*\", x).": {
       "atom-frequency": {
        "outputData(x) :- \n   inputData(x),\n   not_match(\"a.*\", x).": {
         "inputData": {
          "level": 0,
          "num-tuples": 0
         }
        }
       },
       "maxRSS": {
        "post": 31352,
        "pre": 31352
       },
       "num-tuples": 2,
       "runtime": { "start": 22989831686, "end": 22989831695},
       "source-locator": " [1:1-1:1]"
      }
     },
     "num-tuples": 2,
     "reads": 0,
     "runtime": { "start": 22989831670, "end": 22989831703},
     "savetime": { "start": 22989831720, "end": 22989831778},
     "source-locator": "/root/souffle-src/tests/example/not_match/not_match.dl [12:7-12:17]"
    }
   },
   "runtime": { "start": 22989831104, "end": 22989831782},
   "starttime": { "time": 22989831081},
   "usage": {
    "timepoint": {
     "22989831121": {
      "maxRSS": 31352,
      "systemtime": 0,
      "usertime": 3707
     },
     "22989831750": {
      "maxRSS": 31352,
      "systemtime": 0,
      "usertime": 3931
     }
    }
   }
  }
 }
}
