{
 "root": {
  "program": {
   "configuration": {
    "": "/root/compiler/tests/corpus/BENCHMARK_FAMILY/reachability_complement.dl",
    "fact-dir": "/root/compiler/fixtures/p2-scale-1000",
    "include-dir": ".",
    "jobs": "1",
    "libraries": "functors",
    "library-dir": ".",
    "magic-transform": "*",
    "output-dir": "/root/compiler/measurements/night02-t4/reachability_complement/n1000-souffle",
    "profile": "prof.log",
    "relationCount": "4",
    "ruleCount": "7",
    "version": "2.5",
    "warn": "all",
    "wno": "none"
   },
   "relation": {
    "@magic.unreach.{bf}": {
     "maxRSS": {
      "post": 16676,
      "pre": 16676
     },
     "non-recursive-rule": {
      "@magic.unreach.{bf}(1).": {
       "maxRSS": {
        "post": 16676,
        "pre": 16676
       },
       "num-tuples": 1,
       "runtime": { "start": 172846512091, "end": 172846512097},
       "source-locator": " [1:1-1:1]"
      }
     },
     "num-tuples": 1,
     "runtime": { "start": 172846512090, "end": 172846512105},
     "source-locator": " [1:1-1:1]"
    },
    "@neglabel.reach": {
     "iteration": {
      "0": {
       "copytime": { "start": 172846513694, "end": 172846514032},
       "maxRSS": {
        "post": 16676,
        "pre": 16676
       },
       "num-tuples": 3911,
       "recursive-rule": {
        "@neglabel.reach(x,y) :- \n   @neglabel.reach(x,z),\n   edge(z,y).": {
         "0": {
          "atom-frequency": {
           "@new_@neglabel.reach(x,y) :- \n   @delta_@neglabel.reach(x,z),\n   edge(z,y).": {
            "@delta_@neglabel.reach": {
             "level": 0,
             "num-tuples": 0
            },
            "edge": {
             "level": 1,
             "num-tuples": 0
            }
           }
          },
          "maxRSS": {
           "post": 16676,
           "pre": 16676
          },
          "num-tuples": 3911,
          "runtime": { "start": 172846512931, "end": 172846513657},
          "source-locator": " [1:1-1:1]"
         }
        }
       },
       "runtime": { "start": 172846512921, "end": 172846513668}
      },
      "1": {
       "copytime": { "start": 172846515706, "end": 172846516405},
       "maxRSS": {
        "post": 16676,
        "pre": 16676
       },
       "num-tuples": 7719,
       "recursive-rule": {
        "@neglabel.reach(x,y) :- \n   @neglabel.reach(x,z),\n   edge(z,y).": {
         "0": {
          "maxRSS": {
           "post": 16676,
           "pre": 16676
          },
          "num-tuples": 7719,
          "runtime": { "start": 172846514049, "end": 172846515668},
          "source-locator": " [1:1-1:1]"
         }
        }
       },
       "runtime": { "start": 172846514039, "end": 172846515681}
      },
      "10": {
       "copytime": { "start": 172846804274, "end": 172846809637},
       "maxRSS": {
        "post": 30164,
        "pre": 30164
       },
       "num-tuples": 40802,
       "recursive-rule": {
        "@neglabel.reach(x,y) :- \n   @neglabel.reach(x,z),\n   edge(z,y).": {
         "0": {
          "maxRSS": {
           "post": 30164,
           "pre": 30164
          },
          "num-tuples": 40802,
          "runtime": { "start": 172846778126, "end": 172846804203},
          "source-locator": " [1:1-1:1]"
         }
        }
       },
       "runtime": { "start": 172846778106, "end": 172846804229}
      },
      "11": {
       "copytime": { "start": 172846826351, "end": 172846830096},
       "maxRSS": {
        "post": 30164,
        "pre": 30164
       },
       "num-tuples": 23665,
       "recursive-rule": {
        "@neglabel.reach(x,y) :- \n   @neglabel.reach(x,z),\n   edge(z,y).": {
         "0": {
          "maxRSS": {
           "post": 30164,
           "pre": 30164
          },
          "num-tuples": 23665,
          "runtime": { "start": 172846809670, "end": 172846826298},
          "source-locator": " [1:1-1:1]"
         }
        }
       },
       "runtime": { "start": 172846809649, "end": 172846826316}
      },
      "12": {
       "copytime": { "start": 172846840193, "end": 172846842672},
       "maxRSS": {
        "post": 30164,
        "pre": 30164
       },
       "num-tuples": 12997,
       "recursive-rule": {
        "@neglabel.reach(x,y) :- \n   @neglabel.reach(x,z),\n   edge(z,y).": {
         "0": {
          "maxRSS": {
           "post": 30164,
           "pre": 30164
          },
          "num-tuples": 12997,
          "runtime": { "start": 172846830130, "end": 172846840140},
          "source-locator": " [1:1-1:1]"
         }
        }
       },
       "runtime": { "start": 172846830110, "end": 172846840157}
      },
      "13": {
       "copytime": { "start": 172846848420, "end": 172846849817},
       "maxRSS": {
        "post": 30164,
        "pre": 30164
       },
       "num-tuples": 6967,
       "recursive-rule": {
        "@neglabel.reach(x,y) :- \n   @neglabel.reach(x,z),\n   edge(z,y).": {
         "0": {
          "maxRSS": {
           "post": 30164,
           "pre": 30164
          },
          "num-tuples": 6967,
          "runtime": { "start": 172846842710, "end": 172846848371},
          "source-locator": " [1:1-1:1]"
         }
        }
       },
       "runtime": { "start": 172846842683, "end": 172846848386}
      },
      "14": {
       "copytime": { "start": 172846853654, "end": 172846855199},
       "maxRSS": {
        "post": 30164,
        "pre": 30164
       },
       "num-tuples": 3542,
       "recursive-rule": {
        "@neglabel.reach(x,y) :- \n   @neglabel.reach(x,z),\n   edge(z,y).": {
         "0": {
          "maxRSS": {
           "post": 30164,
           "pre": 30164
          },
          "num-tuples": 3542,
          "runtime": { "start": 172846849850, "end": 172846853568},
          "source-locator": " [1:1-1:1]"
         }
        }
       },
       "runtime": { "start": 172846849829, "end": 172846853623}
      },
      "15": {
       "copytime": { "start": 172846858001, "end": 172846858586},
       "maxRSS": {
        "post": 30164,
        "pre": 30164
       },
       "num-tuples": 1663,
       "recursive-rule": {
        "@neglabel.reach(x,y) :- \n   @neglabel.reach(x,z),\n   edge(z,y).": {
         "0": {
          "maxRSS": {
           "post": 30164,
           "pre": 30164
          },
          "num-tuples": 1663,
          "runtime": { "start": 172846855231, "end": 172846857892},
          "source-locator": " [1:1-1:1]"
         }
        }
       },
       "runtime": { "start": 172846855210, "end": 172846857945}
      },
      "16": {
       "copytime": { "start": 172846859622, "end": 172846859862},
       "maxRSS": {
        "post": 30164,
        "pre": 30164
       },
       "num-tuples": 716,
       "recursive-rule": {
        "@neglabel.reach(x,y) :- \n   @neglabel.reach(x,z),\n   edge(z,y).": {
         "0": {
          "maxRSS": {
           "post": 30164,
           "pre": 30164
          },
          "num-tuples": 716,
          "runtime": { "start": 172846858618, "end": 172846859571},
          "source-locator": " [1:1-1:1]"
         }
        }
       },
       "runtime": { "start": 172846858596, "end": 172846859588}
      },
      "17": {
       "copytime": { "start": 172846860321, "end": 172846860389},
       "maxRSS": {
        "post": 30164,
        "pre": 30164
       },
       "num-tuples": 288,
       "recursive-rule": {
        "@neglabel.reach(x,y) :- \n   @neglabel.reach(x,z),\n   edge(z,y).": {
         "0": {
          "maxRSS": {
           "post": 30164,
           "pre": 30164
          },
          "num-tuples": 288,
          "runtime": { "start": 172846859885, "end": 172846860280},
          "source-locator": " [1:1-1:1]"
         }
        }
       },
       "runtime": { "start": 172846859871, "end": 172846860295}
      },
      "18": {
       "copytime": { "start": 172846860571, "end": 172846860591},
       "maxRSS": {
        "post": 30164,
        "pre": 30164
       },
       "num-tuples": 107,
       "recursive-rule": {
        "@neglabel.reach(x,y) :- \n   @neglabel.reach(x,z),\n   edge(z,y).": {
         "0": {
          "maxRSS": {
           "post": 30164,
           "pre": 30164
          },
          "num-tuples": 107,
          "runtime": { "start": 172846860409, "end": 172846860537},
          "source-locator": " [1:1-1:1]"
         }
        }
       },
       "runtime": { "start": 172846860394, "end": 172846860548}
      },
      "19": {
       "copytime": { "start": 172846860680, "end": 172846860689},
       "maxRSS": {
        "post": 30164,
        "pre": 30164
       },
       "num-tuples": 41,
       "recursive-rule": {
        "@neglabel.reach(x,y) :- \n   @neglabel.reach(x,z),\n   edge(z,y).": {
         "0": {
          "maxRSS": {
           "post": 30164,
           "pre": 30164
          },
          "num-tuples": 41,
          "runtime": { "start": 172846860604, "end": 172846860650},
          "source-locator": " [1:1-1:1]"
         }
        }
       },
       "runtime": { "start": 172846860595, "end": 172846860659}
      },
      "2": {
       "copytime": { "start": 172846519755, "end": 172846521100},
       "maxRSS": {
        "post": 16676,
        "pre": 16676
       },
       "num-tuples": 14927,
       "recursive-rule": {
        "@neglabel.reach(x,y) :- \n   @neglabel.reach(x,z),\n   edge(z,y).": {
         "0": {
          "maxRSS": {
           "post": 16676,
           "pre": 16676
          },
          "num-tuples": 14927,
          "runtime": { "start": 172846516424, "end": 172846519715},
          "source-locator": " [1:1-1:1]"
         }
        }
       },
       "runtime": { "start": 172846516413, "end": 172846519729}
      },
      "20": {
       "copytime": { "start": 172846860746, "end": 172846860749},
       "maxRSS": {
        "post": 30164,
        "pre": 30164
       },
       "num-tuples": 11,
       "recursive-rule": {
        "@neglabel.reach(x,y) :- \n   @neglabel.reach(x,z),\n   edge(z,y).": {
         "0": {
          "maxRSS": {
           "post": 30164,
           "pre": 30164
          },
          "num-tuples": 11,
          "runtime": { "start": 172846860702, "end": 172846860718},
          "source-locator": " [1:1-1:1]"
         }
        }
       },
       "runtime": { "start": 172846860693, "end": 172846860727}
      },
      "21": {
       "copytime": { "start": 172846860784, "end": 172846860785},
       "maxRSS": {
        "post": 30164,
        "pre": 30164
       },
       "num-tuples": 1,
       "recursive-rule": {
        "@neglabel.reach(x,y) :- \n   @neglabel.reach(x,z),\n   edge(z,y).": {
         "0": {
          "maxRSS": {
           "post": 30164,
           "pre": 30164
          },
          "num-tuples": 1,
          "runtime": { "start": 172846860753, "end": 172846860758},
          "source-locator": " [1:1-1:1]"
         }
        }
       },
       "runtime": { "start": 172846860753, "end": 172846860765}
      },
      "22": {
       "maxRSS": {
        "post": 30164,
        "pre": 30164
       },
       "num-tuples": 0,
       "recursive-rule": {
        "@neglabel.reach(x,y) :- \n   @neglabel.reach(x,z),\n   edge(z,y).": {
         "0": {
          "maxRSS": {
           "post": 30164,
           "pre": 30164
          },
          "num-tuples": 0,
          "runtime": { "start": 172846860798, "end": 172846860800},
          "source-locator": " [1:1-1:1]"
         }
        }
       },
       "runtime": { "start": 172846860788, "end": 172846860808}
      },
      "3": {
       "copytime": { "start": 172846528118, "end": 172846530765},
       "maxRSS": {
        "post": 16676,
        "pre": 16676
       },
       "num-tuples": 27799,
       "recursive-rule": {
        "@neglabel.reach(x,y) :- \n   @neglabel.reach(x,z),\n   edge(z,y).": {
         "0": {
          "maxRSS": {
           "post": 16676,
           "pre": 16676
          },
          "num-tuples": 27799,
          "runtime": { "start": 172846521123, "end": 172846528072},
          "source-locator": " [1:1-1:1]"
         }
        }
       },
       "runtime": { "start": 172846521108, "end": 172846528089}
      },
      "4": {
       "copytime": { "start": 172846543940, "end": 172846548818},
       "maxRSS": {
        "post": 16676,
        "pre": 16676
       },
       "num-tuples": 47921,
       "recursive-rule": {
        "@neglabel.reach(x,y) :- \n   @neglabel.reach(x,z),\n   edge(z,y).": {
         "0": {
          "maxRSS": {
           "post": 16676,
           "pre": 16676
          },
          "num-tuples": 47921,
          "runtime": { "start": 172846530788, "end": 172846543884},
          "source-locator": " [1:1-1:1]"
         }
        }
       },
       "runtime": { "start": 172846530774, "end": 172846543908}
      },
      "5": {
       "copytime": { "start": 172846572405, "end": 172846580057},
       "maxRSS": {
        "post": 18004,
        "pre": 16724
       },
       "num-tuples": 72962,
       "recursive-rule": {
        "@neglabel.reach(x,y) :- \n   @neglabel.reach(x,z),\n   edge(z,y).": {
         "0": {
          "maxRSS": {
           "post": 18004,
           "pre": 16724
          },
          "num-tuples": 72962,
          "runtime": { "start": 172846548848, "end": 172846572294},
          "source-locator": " [1:1-1:1]"
         }
        }
       },
       "runtime": { "start": 172846548830, "end": 172846572335}
      },
      "6": {
       "copytime": { "start": 172846615590, "end": 172846626757},
       "maxRSS": {
        "post": 21076,
        "pre": 19796
       },
       "num-tuples": 93922,
       "recursive-rule": {
        "@neglabel.reach(x,y) :- \n   @neglabel.reach(x,z),\n   edge(z,y).": {
         "0": {
          "maxRSS": {
           "post": 21076,
           "pre": 19796
          },
          "num-tuples": 93922,
          "runtime": { "start": 172846580087, "end": 172846615449},
          "source-locator": " [1:1-1:1]"
         }
        }
       },
       "runtime": { "start": 172846580072, "end": 172846615508}
      },
      "7": {
       "copytime": { "start": 172846671878, "end": 172846683935},
       "maxRSS": {
        "post": 24148,
        "pre": 23508
       },
       "num-tuples": 99416,
       "recursive-rule": {
        "@neglabel.reach(x,y) :- \n   @neglabel.reach(x,z),\n   edge(z,y).": {
         "0": {
          "maxRSS": {
           "post": 24148,
           "pre": 23508
          },
          "num-tuples": 99416,
          "runtime": { "start": 172846626792, "end": 172846671714},
          "source-locator": " [1:1-1:1]"
         }
        }
       },
       "runtime": { "start": 172846626771, "end": 172846671777}
      },
      "8": {
       "copytime": { "start": 172846725230, "end": 172846735879},
       "maxRSS": {
        "post": 26964,
        "pre": 26836
       },
       "num-tuples": 86466,
       "recursive-rule": {
        "@neglabel.reach(x,y) :- \n   @neglabel.reach(x,z),\n   edge(z,y).": {
         "0": {
          "maxRSS": {
           "post": 26964,
           "pre": 26836
          },
          "num-tuples": 86466,
          "runtime": { "start": 172846683975, "end": 172846725118},
          "source-locator": " [1:1-1:1]"
         }
        }
       },
       "runtime": { "start": 172846683949, "end": 172846725162}
      },
      "9": {
       "copytime": { "start": 172846770489, "end": 172846778095},
       "maxRSS": {
        "post": 29268,
        "pre": 29268
       },
       "num-tuples": 63576,
       "recursive-rule": {
        "@neglabel.reach(x,y) :- \n   @neglabel.reach(x,z),\n   edge(z,y).": {
         "0": {
          "maxRSS": {
           "post": 29268,
           "pre": 29268
          },
          "num-tuples": 63576,
          "runtime": { "start": 172846735911, "end": 172846770408},
          "source-locator": " [1:1-1:1]"
         }
        }
       },
       "runtime": { "start": 172846735892, "end": 172846770437}
      }
     },
     "maxRSS": {
      "post": 16676,
      "pre": 16676
     },
     "non-recursive-rule": {
      "@neglabel.reach(x,y) :- \n   edge(x,y).": {
       "atom-frequency": {
        "@neglabel.reach(x,y) :- \n   edge(x,y).": {
         "edge": {
          "level": 0,
          "num-tuples": 0
         }
        }
       },
       "maxRSS": {
        "post": 16676,
        "pre": 16676
       },
       "num-tuples": 2000,
       "runtime": { "start": 172846512732, "end": 172846512826},
       "source-locator": " [1:1-1:1]"
      }
     },
     "num-tuples": 2000,
     "runtime": { "start": 172846512722, "end": 172846512833},
     "source-locator": "/root/compiler/tests/corpus/BENCHMARK_FAMILY/reachability_complement.dl [21:7-21:12]"
    },
    "edge": {
     "loadtime": { "start": 172846512110, "end": 172846512595},
     "num-tuples": 2000,
     "reads": 0,
     "source-locator": "/root/compiler/tests/corpus/BENCHMARK_FAMILY/reachability_complement.dl [16:7-16:11]"
    },
    "node": {
     "loadtime": { "start": 172846512603, "end": 172846512716},
     "num-tuples": 1000,
     "reads": 1,
     "source-locator": "/root/compiler/tests/corpus/BENCHMARK_FAMILY/reachability_complement.dl [18:7-18:11]"
    },
    "q_unreach": {
     "maxRSS": {
      "post": 30164,
      "pre": 30164
     },
     "non-recursive-rule": {
      "q_unreach(y) :- \n   unreach.{bf}(@abdul0,y),\n   @abdul0 = 1.": {
       "atom-frequency": {
        "q_unreach(y) :- \n   unreach.{bf}(@abdul0,y),\n   @abdul0 = 1.": {
         "unreach.{bf}": {
          "level": 0,
          "num-tuples": 0
         }
        }
       },
       "maxRSS": {
        "post": 30164,
        "pre": 30164
       },
       "num-tuples": 193,
       "runtime": { "start": 172846862832, "end": 172846862846},
       "source-locator": " [1:1-1:1]"
      }
     },
     "num-tuples": 193,
     "reads": 0,
     "runtime": { "start": 172846862811, "end": 172846862864},
     "savetime": { "start": 172846862871, "end": 172846863371},
     "source-locator": "/root/compiler/tests/corpus/BENCHMARK_FAMILY/reachability_complement.dl [28:7-28:16]"
    },
    "unreach.{bf}": {
     "maxRSS": {
      "post": 30164,
      "pre": 30164
     },
     "non-recursive-rule": {
      "unreach.{bf}(x,y) :- \n   @magic.unreach.{bf}(x),\n   node(x),\n   node(y),\n   !@neglabel.reach(x,y).": {
       "atom-frequency": {
        "unreach.{bf}(x,y) :- \n   @magic.unreach.{bf}(x),\n   node(x),\n   node(y),\n   !@neglabel.reach(x,y).": {
         "@magic.unreach.{bf}": {
          "level": 0,
          "num-tuples": 0
         },
         "node": {
          "level": 2,
          "num-tuples": 0
         }
        }
       },
       "maxRSS": {
        "post": 30164,
        "pre": 30164
       },
       "num-tuples": 193,
       "runtime": { "start": 172846860835, "end": 172846860882},
       "source-locator": " [1:1-1:1]"
      }
     },
     "num-tuples": 193,
     "reads": 0,
     "runtime": { "start": 172846860825, "end": 172846860892},
     "source-locator": " [1:1-1:1]"
    }
   },
   "runtime": { "start": 172846512085, "end": 172846863380},
   "starttime": { "time": 172846512056},
   "usage": {
    "timepoint": {
     "172846512071": {
      "maxRSS": 16676,
      "systemtime": 2169,
      "usertime": 2169
     },
     "172846512131": {
      "maxRSS": 16676,
      "systemtime": 2227,
      "usertime": 2227
     },
     "172846512619": {
      "maxRSS": 16676,
      "systemtime": 2479,
      "usertime": 2479
     },
     "172846512736": {
      "maxRSS": 16676,
      "systemtime": 2547,
      "usertime": 2547
     },
     "172846512941": {
      "maxRSS": 16676,
      "systemtime": 2651,
      "usertime": 2651
     },
     "172846513725": {
      "maxRSS": 16676,
      "systemtime": 3046,
      "usertime": 3046
     },
     "172846514167": {
      "maxRSS": 16676,
      "systemtime": 3267,
      "usertime": 3267
     },
     "172846515250": {
      "maxRSS": 16676,
      "systemtime": 3275,
      "usertime": 3275
     },
     "172846515708": {
      "maxRSS": 16676,
      "systemtime": 4111,
      "usertime": 4111
     },
     "172846516435": {
      "maxRSS": 16676,
      "systemtime": 4111,
      "usertime": 4844
     },
     "172846517544": {
      "maxRSS": 16676,
      "systemtime": 4111,
      "usertime": 4865
     },
     "172846518614": {
      "maxRSS": 16676,
      "systemtime": 4111,
      "usertime": 4877
     },
     "172846519712": {
      "maxRSS": 16676,
      "systemtime": 4111,
      "usertime": 8175
     },
     "172846519752": {
      "maxRSS": 16676,
      "systemtime": 4111,
      "usertime": 8217
     },
     "172846520829": {
      "maxRSS": 16676,
      "systemtime": 4112,
      "usertime": 8484
     },
     "172846521128": {
      "maxRSS": 16676,
      "systemtime": 4112,
      "usertime": 9615
     },
     "172846522196": {
      "maxRSS": 16676,
      "systemtime": 4112,
      "usertime": 9625
     },
     "172846523271": {
      "maxRSS": 16676,
      "systemtime": 4112,
      "usertime": 9634
     },
     "172846524360": {
      "maxRSS": 16676,
      "systemtime": 4112,
      "usertime": 12536
     },
     "172846525454": {
      "maxRSS": 16676,
      "systemtime": 4112,
      "usertime": 12552
     },
     "172846526544": {
      "maxRSS": 16676,
      "systemtime": 4112,
      "usertime": 12571
     },
     "172846527643": {
      "maxRSS": 16676,
      "systemtime": 4112,
      "usertime": 12584
     },
     "172846528141": {
      "maxRSS": 16676,
      "systemtime": 4112,
      "usertime": 16708
     },
     "172846529222": {
      "maxRSS": 16676,
      "systemtime": 4112,
      "usertime": 16724
     },
     "172846530338": {
      "maxRSS": 16676,
      "systemtime": 4112,
      "usertime": 16740
     },
     "172846530814": {
      "maxRSS": 16676,
      "systemtime": 4112,
      "usertime": 19421
     },
     "172846531906": {
      "maxRSS": 16676,
      "systemtime": 4112,
      "usertime": 19436
     },
     "172846532986": {
      "maxRSS": 16676,
      "systemtime": 4112,
      "usertime": 20664
     },
     "172846534066": {
      "maxRSS": 16676,
      "systemtime": 4112,
      "usertime": 20680
     },
     "172846535172": {
      "maxRSS": 16676,
      "systemtime": 4112,
      "usertime": 20691
     },
     "172846536246": {
      "maxRSS": 16676,
      "systemtime": 4112,
      "usertime": 24702
     },
     "172846537358": {
      "maxRSS": 16676,
      "systemtime": 4112,
      "usertime": 24715
     },
     "172846538468": {
      "maxRSS": 16676,
      "systemtime": 4112,
      "usertime": 24734
     },
     "172846539568": {
      "maxRSS": 16676,
      "systemtime": 4112,
      "usertime": 24743
     },
     "172846540668": {
      "maxRSS": 16676,
      "systemtime": 4112,
      "usertime": 28802
     },
     "172846541753": {
      "maxRSS": 16676,
      "systemtime": 4112,
      "usertime": 28817
     },
     "172846542840": {
      "maxRSS": 16676,
      "systemtime": 4112,
      "usertime": 28831
     },
     "172846543937": {
      "maxRSS": 16676,
      "systemtime": 4112,
      "usertime": 32745
     },
     "172846545083": {
      "maxRSS": 16676,
      "systemtime": 4112,
      "usertime": 32889
     },
     "172846546164": {
      "maxRSS": 16676,
      "systemtime": 4112,
      "usertime": 32905
     },
     "172846547236": {
      "maxRSS": 16676,
      "systemtime": 4112,
      "usertime": 32918
     },
     "172846548304": {
      "maxRSS": 16676,
      "systemtime": 4112,
      "usertime": 36909
     },
     "172846548858": {
      "maxRSS": 16724,
      "systemtime": 4112,
      "usertime": 37758
     },
     "172846549938": {
      "maxRSS": 16724,
      "systemtime": 4112,
      "usertime": 37774
     },
     "172846551023": {
      "maxRSS": 16724,
      "systemtime": 4112,
      "usertime": 37794
     },
     "172846552137": {
      "maxRSS": 16724,
      "systemtime": 4112,
      "usertime": 40979
     },
     "172846553222": {
      "maxRSS": 16724,
      "systemtime": 4112,
      "usertime": 40993
     },
     "172846554329": {
      "maxRSS": 16724,
      "systemtime": 4112,
      "usertime": 41028
     },
     "172846555407": {
      "maxRSS": 16724,
      "systemtime": 4112,
      "usertime": 41044
     },
     "172846556493": {
      "maxRSS": 16724,
      "systemtime": 4112,
      "usertime": 45056
     },
     "172846557577": {
      "maxRSS": 16852,
      "systemtime": 4112,
      "usertime": 45070
     },
     "172846558662": {
      "maxRSS": 16980,
      "systemtime": 4112,
      "usertime": 45092
     },
     "172846559762": {
      "maxRSS": 16980,
      "systemtime": 4112,
      "usertime": 45128
     },
     "172846560851": {
      "maxRSS": 17108,
      "systemtime": 4112,
      "usertime": 49171
     },
     "172846561989": {
      "maxRSS": 17236,
      "systemtime": 4112,
      "usertime": 49210
     },
     "172846563075": {
      "maxRSS": 17236,
      "systemtime": 4112,
      "usertime": 49226
     },
     "172846564167": {
      "maxRSS": 17364,
      "systemtime": 4112,
      "usertime": 53220
     },
     "172846565247": {
      "maxRSS": 17492,
      "systemtime": 4112,
      "usertime": 53240
     },
     "172846566415": {
      "maxRSS": 17492,
      "systemtime": 4112,
      "usertime": 53290
     },
     "172846567525": {
      "maxRSS": 17620,
      "systemtime": 4112,
      "usertime": 53324
     },
     "172846568649": {
      "maxRSS": 17620,
      "systemtime": 4112,
      "usertime": 57373
     },
     "172846569813": {
      "maxRSS": 17748,
      "systemtime": 4112,
      "usertime": 57402
     },
     "172846570907": {
      "maxRSS": 17876,
      "systemtime": 4112,
      "usertime": 57424
     },
     "172846572021": {
      "maxRSS": 17876,
      "systemtime": 4112,
      "usertime": 61456
     },
     "172846572453": {
      "maxRSS": 18004,
      "systemtime": 4112,
      "usertime": 61888
     },
     "172846573628": {
      "maxRSS": 18260,
      "systemtime": 4112,
      "usertime": 61922
     },
     "172846574709": {
      "maxRSS": 18516,
      "systemtime": 4112,
      "usertime": 61938
     },
     "172846575799": {
      "maxRSS": 18772,
      "systemtime": 4112,
      "usertime": 61958
     },
     "172846576884": {
      "maxRSS": 19028,
      "systemtime": 7335,
      "usertime": 62349
     },
     "172846577972": {
      "maxRSS": 19284,
      "systemtime": 7337,
      "usertime": 62366
     },
     "172846579139": {
      "maxRSS": 19668,
      "systemtime": 7340,
      "usertime": 62390
     },
     "172846580094": {
      "maxRSS": 19796,
      "systemtime": 7758,
      "usertime": 66067
     },
     "172846581197": {
      "maxRSS": 19796,
      "systemtime": 7758,
      "usertime": 66078
     },
     "172846582275": {
      "maxRSS": 19796,
      "systemtime": 7758,
      "usertime": 66091
     },
     "172846583373": {
      "maxRSS": 19796,
      "systemtime": 7758,
      "usertime": 66112
     },
     "172846584461": {
      "maxRSS": 19796,
      "systemtime": 7758,
      "usertime": 70049
     },
     "172846585588": {
      "maxRSS": 19796,
      "systemtime": 7758,
      "usertime": 70081
     },
     "172846586683": {
      "maxRSS": 19796,
      "systemtime": 7758,
      "usertime": 70109
     },
     "172846587766": {
      "maxRSS": 19796,
      "systemtime": 7758,
      "usertime": 70124
     },
     "172846588868": {
      "maxRSS": 19796,
      "systemtime": 7758,
      "usertime": 74173
     },
     "172846589963": {
      "maxRSS": 19796,
      "systemtime": 7758,
      "usertime": 74199
     },
     "172846591148": {
      "maxRSS": 19796,
      "systemtime": 7758,
      "usertime": 74231
     },
     "172846592294": {
      "maxRSS": 19796,
      "systemtime": 7758,
      "usertime": 78266
     },
     "172846593411": {
      "maxRSS": 19796,
      "systemtime": 7758,
      "usertime": 78302
     },
     "172846594529": {
      "maxRSS": 19796,
      "systemtime": 7758,
      "usertime": 78340
     },
     "172846595637": {
      "maxRSS": 19796,
      "systemtime": 7758,
      "usertime": 78371
     },
     "172846596779": {
      "maxRSS": 19796,
      "systemtime": 7758,
      "usertime": 82405
     },
     "172846597900": {
      "maxRSS": 19924,
      "systemtime": 7758,
      "usertime": 82432
     },
     "172846598987": {
      "maxRSS": 20052,
      "systemtime": 7758,
      "usertime": 82456
     },
     "172846600087": {
      "maxRSS": 20052,
      "systemtime": 7758,
      "usertime": 86547
     },
     "172846601300": {
      "maxRSS": 20180,
      "systemtime": 7758,
      "usertime": 86588
     },
     "172846602393": {
      "maxRSS": 20180,
      "systemtime": 7758,
      "usertime": 86615
     },
     "172846603485": {
      "maxRSS": 20308,
      "systemtime": 7758,
      "usertime": 86636
     },
     "172846604605": {
      "maxRSS": 20308,
      "systemtime": 7758,
      "usertime": 90590
     },
     "172846605713": {
      "maxRSS": 20436,
      "systemtime": 7758,
      "usertime": 90616
     },
     "172846606800": {
      "maxRSS": 20564,
      "systemtime": 7758,
      "usertime": 90645
     },
     "172846607885": {
      "maxRSS": 20564,
      "systemtime": 7758,
      "usertime": 90662
     },
     "172846608976": {
      "maxRSS": 20692,
      "systemtime": 7758,
      "usertime": 94679
     },
     "172846610083": {
      "maxRSS": 20692,
      "systemtime": 7758,
      "usertime": 94703
     },
     "172846611193": {
      "maxRSS": 20820,
      "systemtime": 7758,
      "usertime": 94724
     },
     "172846612273": {
      "maxRSS": 20820,
      "systemtime": 7758,
      "usertime": 98745
     },
     "172846613356": {
      "maxRSS": 20948,
      "systemtime": 7758,
      "usertime": 98764
     },
     "172846614475": {
      "maxRSS": 20948,
      "systemtime": 7758,
      "usertime": 98791
     },
     "172846615584": {
      "maxRSS": 21076,
      "systemtime": 7865,
      "usertime": 102245
     },
     "172846615634": {
      "maxRSS": 21076,
      "systemtime": 7869,
      "usertime": 102302
     },
     "172846616713": {
      "maxRSS": 21204,
      "systemtime": 8285,
      "usertime": 102302
     },
     "172846617790": {
      "maxRSS": 21460,
      "systemtime": 8300,
      "usertime": 102302
     },
     "172846618897": {
      "maxRSS": 21716,
      "systemtime": 8318,
      "usertime": 102302
     },
     "172846620000": {
      "maxRSS": 22100,
      "systemtime": 12346,
      "usertime": 102302
     },
     "172846621099": {
      "maxRSS": 22356,
      "systemtime": 12361,
      "usertime": 102302
     },
     "172846622169": {
      "maxRSS": 22612,
      "systemtime": 12372,
      "usertime": 102302
     },
     "172846623241": {
      "maxRSS": 22868,
      "systemtime": 12384,
      "usertime": 102302
     },
     "172846624318": {
      "maxRSS": 22996,
      "systemtime": 14837,
      "usertime": 103860
     },
     "172846625459": {
      "maxRSS": 23252,
      "systemtime": 14840,
      "usertime": 103882
     },
     "172846626527": {
      "maxRSS": 23508,
      "systemtime": 14841,
      "usertime": 103891
     },
     "172846626797": {
      "maxRSS": 23508,
      "systemtime": 15191,
      "usertime": 106339
     },
     "172846627862": {
      "maxRSS": 23508,
      "systemtime": 15192,
      "usertime": 106347
     },
     "172846628960": {
      "maxRSS": 23508,
      "systemtime": 15192,
      "usertime": 107569
     },
     "172846630076": {
      "maxRSS": 23508,
      "systemtime": 15192,
      "usertime": 107594
     },
     "172846631212": {
      "maxRSS": 23508,
      "systemtime": 15192,
      "usertime": 107620
     },
     "172846632288": {
      "maxRSS": 23508,
      "systemtime": 15192,
      "usertime": 111637
     },
     "172846633383": {
      "maxRSS": 23508,
      "systemtime": 15192,
      "usertime": 111666
     },
     "172846634491": {
      "maxRSS": 23508,
      "systemtime": 15192,
      "usertime": 111682
     },
     "172846635584": {
      "maxRSS": 23508,
      "systemtime": 15192,
      "usertime": 111697
     },
     "172846636695": {
      "maxRSS": 23508,
      "systemtime": 15192,
      "usertime": 115715
     },
     "172846637788": {
      "maxRSS": 23508,
      "systemtime": 15192,
      "usertime": 115752
     },
     "172846638894": {
      "maxRSS": 23508,
      "systemtime": 15192,
      "usertime": 115771
     },
     "172846639972": {
      "maxRSS": 23508,
      "systemtime": 15192,
      "usertime": 115786
     },
     "172846641055": {
      "maxRSS": 23508,
      "systemtime": 15192,
      "usertime": 119797
     },
     "172846642169": {
      "maxRSS": 23508,
      "systemtime": 15192,
      "usertime": 119819
     },
     "172846643265": {
      "maxRSS": 23508,
      "systemtime": 15192,
      "usertime": 119841
     },
     "172846644350": {
      "maxRSS": 23508,
      "systemtime": 15192,
      "usertime": 123863
     },
     "172846645432": {
      "maxRSS": 23508,
      "systemtime": 15192,
      "usertime": 123879
     },
     "172846646523": {
      "maxRSS": 23508,
      "systemtime": 15192,
      "usertime": 123911
     },
     "172846647604": {
      "maxRSS": 23508,
      "systemtime": 15192,
      "usertime": 123922
     },
     "172846648706": {
      "maxRSS": 23508,
      "systemtime": 15192,
      "usertime": 127939
     },
     "172846649797": {
      "maxRSS": 23508,
      "systemtime": 15192,
      "usertime": 127961
     },
     "172846650873": {
      "maxRSS": 23508,
      "systemtime": 15192,
      "usertime": 127978
     },
     "172846651969": {
      "maxRSS": 23508,
      "systemtime": 15192,
      "usertime": 128018
     },
     "172846653048": {
      "maxRSS": 23508,
      "systemtime": 15192,
      "usertime": 132029
     },
     "172846654124": {
      "maxRSS": 23508,
      "systemtime": 15192,
      "usertime": 132043
     },
     "172846655208": {
      "maxRSS": 23508,
      "systemtime": 15192,
      "usertime": 132056
     },
     "172846656316": {
      "maxRSS": 23508,
      "systemtime": 15192,
      "usertime": 136085
     },
     "172846657385": {
      "maxRSS": 23508,
      "systemtime": 15192,
      "usertime": 136096
     },
     "172846658469": {
      "maxRSS": 23508,
      "systemtime": 15192,
      "usertime": 136110
     },
     "172846659546": {
      "maxRSS": 23508,
      "systemtime": 15192,
      "usertime": 136127
     },
     "172846660629": {
      "maxRSS": 23508,
      "systemtime": 15192,
      "usertime": 140138
     },
     "172846661725": {
      "maxRSS": 23636,
      "systemtime": 15192,
      "usertime": 140169
     },
     "172846662821": {
      "maxRSS": 23636,
      "systemtime": 15192,
      "usertime": 140200
     },
     "172846663906": {
      "maxRSS": 23764,
      "systemtime": 15192,
      "usertime": 140215
     },
     "172846665059": {
      "maxRSS": 23764,
      "systemtime": 15192,
      "usertime": 144240
     },
     "172846666145": {
      "maxRSS": 23892,
      "systemtime": 15192,
      "usertime": 144259
     },
     "172846667261": {
      "maxRSS": 23892,
      "systemtime": 15192,
      "usertime": 144276
     },
     "172846668339": {
      "maxRSS": 24020,
      "systemtime": 15207,
      "usertime": 148274
     },
     "172846669445": {
      "maxRSS": 24020,
      "systemtime": 15208,
      "usertime": 148286
     },
     "172846670522": {
      "maxRSS": 24148,
      "systemtime": 15209,
      "usertime": 148297
     },
     "172846671609": {
      "maxRSS": 24148,
      "systemtime": 15212,
      "usertime": 148323
     },
     "172846671852": {
      "maxRSS": 24148,
      "systemtime": 15570,
      "usertime": 151813
     },
     "172846671917": {
      "maxRSS": 24148,
      "systemtime": 15577,
      "usertime": 151877
     },
     "172846673009": {
      "maxRSS": 24404,
      "systemtime": 15577,
      "usertime": 152008
     },
     "172846674086": {
      "maxRSS": 24660,
      "systemtime": 15577,
      "usertime": 152022
     },
     "172846675181": {
      "maxRSS": 24916,
      "systemtime": 15577,
      "usertime": 152040
     },
     "172846676265": {
      "maxRSS": 25172,
      "systemtime": 15577,
      "usertime": 156054
     },
     "172846677338": {
      "maxRSS": 25428,
      "systemtime": 15577,
      "usertime": 156070
     },
     "172846678419": {
      "maxRSS": 25684,
      "systemtime": 15577,
      "usertime": 156080
     },
     "172846679632": {
      "maxRSS": 25940,
      "systemtime": 15577,
      "usertime": 156218
     },
     "172846680712": {
      "maxRSS": 26196,
      "systemtime": 15577,
      "usertime": 160297
     },
     "172846681824": {
      "maxRSS": 26452,
      "systemtime": 15577,
      "usertime": 160313
     },
     "172846682904": {
      "maxRSS": 26708,
      "systemtime": 15577,
      "usertime": 160327
     },
     "172846683985": {
      "maxRSS": 26836,
      "systemtime": 15637,
      "usertime": 164192
     },
     "172846685135": {
      "maxRSS": 26836,
      "systemtime": 15637,
      "usertime": 164253
     },
     "172846686241": {
      "maxRSS": 26836,
      "systemtime": 15637,
      "usertime": 164267
     },
     "172846687352": {
      "maxRSS": 26836,
      "systemtime": 15637,
      "usertime": 164285
     },
     "172846688469": {
      "maxRSS": 26836,
      "systemtime": 15637,
      "usertime": 168297
     },
     "172846689567": {
      "maxRSS": 26836,
      "systemtime": 15637,
      "usertime": 168305
     },
     "172846690702": {
      "maxRSS": 26836,
      "systemtime": 15637,
      "usertime": 168337
     },
     "172846691801": {
      "maxRSS": 26836,
      "systemtime": 15637,
      "usertime": 168355
     },
     "172846692881": {
      "maxRSS": 26836,
      "systemtime": 15637,
      "usertime": 172371
     },
     "172846693960": {
      "maxRSS": 26836,
      "systemtime": 15637,
      "usertime": 172385
     },
     "172846695079": {
      "maxRSS": 26836,
      "systemtime": 15637,
      "usertime": 172400
     },
     "172846696149": {
      "maxRSS": 26836,
      "systemtime": 15637,
      "usertime": 176413
     },
     "172846697228": {
      "maxRSS": 26836,
      "systemtime": 15637,
      "usertime": 176427
     },
     "172846698314": {
      "maxRSS": 26964,
      "systemtime": 15637,
      "usertime": 176450
     },
     "172846699416": {
      "maxRSS": 26964,
      "systemtime": 15637,
      "usertime": 176466
     },
     "172846700517": {
      "maxRSS": 26964,
      "systemtime": 15637,
      "usertime": 180486
     },
     "172846701600": {
      "maxRSS": 26964,
      "systemtime": 15637,
      "usertime": 180524
     },
     "172846702709": {
      "maxRSS": 26964,
      "systemtime": 15637,
      "usertime": 180538
     },
     "172846703811": {
      "maxRSS": 26964,
      "systemtime": 15637,
      "usertime": 180568
     },
     "172846704892": {
      "maxRSS": 26964,
      "systemtime": 15637,
      "usertime": 184586
     },
     "172846705962": {
      "maxRSS": 26964,
      "systemtime": 15637,
      "usertime": 184598
     },
     "172846707029": {
      "maxRSS": 26964,
      "systemtime": 15637,
      "usertime": 184606
     },
     "172846708107": {
      "maxRSS": 26964,
      "systemtime": 15637,
      "usertime": 188613
     },
     "172846709238": {
      "maxRSS": 26964,
      "systemtime": 15637,
      "usertime": 188628
     },
     "172846710368": {
      "maxRSS": 26964,
      "systemtime": 15637,
      "usertime": 188663
     },
     "172846711475": {
      "maxRSS": 26964,
      "systemtime": 15637,
      "usertime": 188675
     },
     "172846712585": {
      "maxRSS": 26964,
      "systemtime": 15637,
      "usertime": 192691
     },
     "172846713663": {
      "maxRSS": 26964,
      "systemtime": 15637,
      "usertime": 192707
     },
     "172846714738": {
      "maxRSS": 26964,
      "systemtime": 15637,
      "usertime": 192720
     },
     "172846715806": {
      "maxRSS": 26964,
      "systemtime": 15637,
      "usertime": 192731
     },
     "172846716893": {
      "maxRSS": 26964,
      "systemtime": 15637,
      "usertime": 196746
     },
     "172846717969": {
      "maxRSS": 26964,
      "systemtime": 15637,
      "usertime": 196764
     },
     "172846719066": {
      "maxRSS": 26964,
      "systemtime": 15637,
      "usertime": 196798
     },
     "172846720139": {
      "maxRSS": 26964,
      "systemtime": 15637,
      "usertime": 200818
     },
     "172846721216": {
      "maxRSS": 26964,
      "systemtime": 15637,
      "usertime": 200831
     },
     "172846722287": {
      "maxRSS": 26964,
      "systemtime": 15637,
      "usertime": 200842
     },
     "172846723356": {
      "maxRSS": 26964,
      "systemtime": 15637,
      "usertime": 200853
     },
     "172846724440": {
      "maxRSS": 26964,
      "systemtime": 15637,
      "usertime": 204862
     },
     "172846725211": {
      "maxRSS": 26964,
      "systemtime": 15637,
      "usertime": 206091
     },
     "172846725317": {
      "maxRSS": 26964,
      "systemtime": 15637,
      "usertime": 206172
     },
     "172846726422": {
      "maxRSS": 27092,
      "systemtime": 15637,
      "usertime": 206185
     },
     "172846727531": {
      "maxRSS": 27348,
      "systemtime": 15637,
      "usertime": 206207
     },
     "172846728607": {
      "maxRSS": 27732,
      "systemtime": 15637,
      "usertime": 208981
     },
     "172846729721": {
      "maxRSS": 27988,
      "systemtime": 15637,
      "usertime": 209008
     },
     "172846730829": {
      "maxRSS": 28116,
      "systemtime": 15637,
      "usertime": 209028
     },
     "172846731908": {
      "maxRSS": 28372,
      "systemtime": 15637,
      "usertime": 209041
     },
     "172846732988": {
      "maxRSS": 28628,
      "systemtime": 15637,
      "usertime": 213055
     },
     "172846734068": {
      "maxRSS": 28884,
      "systemtime": 15637,
      "usertime": 213067
     },
     "172846735202": {
      "maxRSS": 29140,
      "systemtime": 15637,
      "usertime": 213128
     },
     "172846735921": {
      "maxRSS": 29268,
      "systemtime": 15775,
      "usertime": 216908
     },
     "172846737075": {
      "maxRSS": 29268,
      "systemtime": 15775,
      "usertime": 217040
     },
     "172846738215": {
      "maxRSS": 29268,
      "systemtime": 15775,
      "usertime": 217087
     },
     "172846739298": {
      "maxRSS": 29268,
      "systemtime": 15775,
      "usertime": 217100
     },
     "172846740392": {
      "maxRSS": 29268,
      "systemtime": 15775,
      "usertime": 221111
     },
     "172846741466": {
      "maxRSS": 29268,
      "systemtime": 15775,
      "usertime": 221123
     },
     "172846742577": {
      "maxRSS": 29268,
      "systemtime": 15775,
      "usertime": 221138
     },
     "172846743653": {
      "maxRSS": 29268,
      "systemtime": 15775,
      "usertime": 221151
     },
     "172846744743": {
      "maxRSS": 29268,
      "systemtime": 15775,
      "usertime": 225175
     },
     "172846745813": {
      "maxRSS": 29268,
      "systemtime": 15775,
      "usertime": 225187
     },
     "172846746888": {
      "maxRSS": 29268,
      "systemtime": 15775,
      "usertime": 225198
     },
     "172846747991": {
      "maxRSS": 29268,
      "systemtime": 15775,
      "usertime": 225233
     },
     "172846749134": {
      "maxRSS": 29268,
      "systemtime": 15775,
      "usertime": 229274
     },
     "172846750213": {
      "maxRSS": 29268,
      "systemtime": 15775,
      "usertime": 229291
     },
     "172846751335": {
      "maxRSS": 29268,
      "systemtime": 15775,
      "usertime": 229319
     },
     "172846752448": {
      "maxRSS": 29268,
      "systemtime": 15775,
      "usertime": 233342
     },
     "172846753587": {
      "maxRSS": 29268,
      "systemtime": 15775,
      "usertime": 233359
     },
     "172846754695": {
      "maxRSS": 29268,
      "systemtime": 15775,
      "usertime": 233372
     },
     "172846755814": {
      "maxRSS": 29268,
      "systemtime": 15775,
      "usertime": 233392
     },
     "172846756927": {
      "maxRSS": 29268,
      "systemtime": 15775,
      "usertime": 237417
     },
     "172846758014": {
      "maxRSS": 29268,
      "systemtime": 15775,
      "usertime": 237440
     },
     "172846759121": {
      "maxRSS": 29268,
      "systemtime": 15775,
      "usertime": 237455
     },
     "172846760196": {
      "maxRSS": 29268,
      "systemtime": 15775,
      "usertime": 241469
     },
     "172846761302": {
      "maxRSS": 29268,
      "systemtime": 15775,
      "usertime": 241483
     },
     "172846762432": {
      "maxRSS": 29268,
      "systemtime": 15775,
      "usertime": 241504
     },
     "172846763504": {
      "maxRSS": 29268,
      "systemtime": 15775,
      "usertime": 241516
     },
     "172846764633": {
      "maxRSS": 29268,
      "systemtime": 15775,
      "usertime": 245530
     },
     "172846765796": {
      "maxRSS": 29268,
      "systemtime": 15775,
      "usertime": 245556
     },
     "172846766889": {
      "maxRSS": 29268,
      "systemtime": 15775,
      "usertime": 245571
     },
     "172846767957": {
      "maxRSS": 29268,
      "systemtime": 15775,
      "usertime": 245582
     },
     "172846769028": {
      "maxRSS": 29268,
      "systemtime": 15775,
      "usertime": 249592
     },
     "172846770132": {
      "maxRSS": 29268,
      "systemtime": 15775,
      "usertime": 249603
     },
     "172846770479": {
      "maxRSS": 29268,
      "systemtime": 15775,
      "usertime": 252083
     },
     "172846771593": {
      "maxRSS": 29268,
      "systemtime": 15775,
      "usertime": 252132
     },
     "172846772698": {
      "maxRSS": 29268,
      "systemtime": 15775,
      "usertime": 253657
     },
     "172846773862": {
      "maxRSS": 29268,
      "systemtime": 15775,
      "usertime": 253670
     },
     "172846774938": {
      "maxRSS": 29396,
      "systemtime": 15775,
      "usertime": 253686
     },
     "172846776019": {
      "maxRSS": 29652,
      "systemtime": 15775,
      "usertime": 257696
     },
     "172846777119": {
      "maxRSS": 30036,
      "systemtime": 15775,
      "usertime": 257704
     },
     "172846778164": {
      "maxRSS": 30164,
      "systemtime": 15775,
      "usertime": 259861
     },
     "172846779268": {
      "maxRSS": 30164,
      "systemtime": 15775,
      "usertime": 259872
     },
     "172846780344": {
      "maxRSS": 30164,
      "systemtime": 15775,
      "usertime": 261765
     },
     "172846781453": {
      "maxRSS": 30164,
      "systemtime": 15775,
      "usertime": 261784
     },
     "172846782577": {
      "maxRSS": 30164,
      "systemtime": 15775,
      "usertime": 261804
     },
     "172846783700": {
      "maxRSS": 30164,
      "systemtime": 15775,
      "usertime": 261820
     },
     "172846784828": {
      "maxRSS": 30164,
      "systemtime": 15775,
      "usertime": 265879
     },
     "172846785953": {
      "maxRSS": 30164,
      "systemtime": 15775,
      "usertime": 265939
     },
     "172846787068": {
      "maxRSS": 30164,
      "systemtime": 15775,
      "usertime": 265962
     },
     "172846788138": {
      "maxRSS": 30164,
      "systemtime": 15775,
      "usertime": 269972
     },
     "172846789237": {
      "maxRSS": 30164,
      "systemtime": 15775,
      "usertime": 269980
     },
     "172846790334": {
      "maxRSS": 30164,
      "systemtime": 15775,
      "usertime": 269988
     },
     "172846791432": {
      "maxRSS": 30164,
      "systemtime": 15775,
      "usertime": 270016
     },
     "172846792544": {
      "maxRSS": 30164,
      "systemtime": 15775,
      "usertime": 274042
     },
     "172846793618": {
      "maxRSS": 30164,
      "systemtime": 15775,
      "usertime": 274057
     },
     "172846794723": {
      "maxRSS": 30164,
      "systemtime": 15775,
      "usertime": 274089
     },
     "172846795811": {
      "maxRSS": 30164,
      "systemtime": 15775,
      "usertime": 274108
     },
     "172846796953": {
      "maxRSS": 30164,
      "systemtime": 15775,
      "usertime": 278131
     },
     "172846798068": {
      "maxRSS": 30164,
      "systemtime": 15775,
      "usertime": 278151
     },
     "172846799201": {
      "maxRSS": 30164,
      "systemtime": 15775,
      "usertime": 278185
     },
     "172846800295": {
      "maxRSS": 30164,
      "systemtime": 15775,
      "usertime": 282212
     },
     "172846801410": {
      "maxRSS": 30164,
      "systemtime": 15775,
      "usertime": 282237
     },
     "172846802491": {
      "maxRSS": 30164,
      "systemtime": 15775,
      "usertime": 282251
     },
     "172846803592": {
      "maxRSS": 30164,
      "systemtime": 15775,
      "usertime": 282285
     },
     "172846804271": {
      "maxRSS": 30164,
      "systemtime": 15775,
      "usertime": 286553
     },
     "172846805397": {
      "maxRSS": 30164,
      "systemtime": 15775,
      "usertime": 286599
     },
     "172846806502": {
      "maxRSS": 30164,
      "systemtime": 15775,
      "usertime": 286614
     },
     "172846807596": {
      "maxRSS": 30164,
      "systemtime": 15775,
      "usertime": 286629
     },
     "172846808730": {
      "maxRSS": 30164,
      "systemtime": 15775,
      "usertime": 290373
     },
     "172846809678": {
      "maxRSS": 30164,
      "systemtime": 15775,
      "usertime": 292052
     },
     "172846810751": {
      "maxRSS": 30164,
      "systemtime": 15775,
      "usertime": 292066
     },
     "172846811922": {
      "maxRSS": 30164,
      "systemtime": 15775,
      "usertime": 292097
     },
     "172846813031": {
      "maxRSS": 30164,
      "systemtime": 15775,
      "usertime": 294449
     },
     "172846814111": {
      "maxRSS": 30164,
      "systemtime": 15775,
      "usertime": 294466
     },
     "172846815246": {
      "maxRSS": 30164,
      "systemtime": 15775,
      "usertime": 294504
     },
     "172846816321": {
      "maxRSS": 30164,
      "systemtime": 15775,
      "usertime": 298515
     },
     "172846817433": {
      "maxRSS": 30164,
      "systemtime": 15775,
      "usertime": 298537
     },
     "172846818526": {
      "maxRSS": 30164,
      "systemtime": 15775,
      "usertime": 298567
     },
     "172846819602": {
      "maxRSS": 30164,
      "systemtime": 15775,
      "usertime": 298581
     },
     "172846820675": {
      "maxRSS": 30164,
      "systemtime": 15775,
      "usertime": 302597
     },
     "172846821743": {
      "maxRSS": 30164,
      "systemtime": 15775,
      "usertime": 302607
     },
     "172846822817": {
      "maxRSS": 30164,
      "systemtime": 15775,
      "usertime": 302619
     },
     "172846823892": {
      "maxRSS": 30164,
      "systemtime": 15775,
      "usertime": 302632
     },
     "172846824997": {
      "maxRSS": 30164,
      "systemtime": 15775,
      "usertime": 306646
     },
     "172846826113": {
      "maxRSS": 30164,
      "systemtime": 15775,
      "usertime": 306670
     },
     "172846826346": {
      "maxRSS": 30164,
      "systemtime": 15775,
      "usertime": 309016
     },
     "172846826367": {
      "maxRSS": 30164,
      "systemtime": 15775,
      "usertime": 309034
     },
     "172846827448": {
      "maxRSS": 30164,
      "systemtime": 15775,
      "usertime": 309048
     },
     "172846828524": {
      "maxRSS": 30164,
      "systemtime": 15775,
      "usertime": 310749
     },
     "172846829599": {
      "maxRSS": 30164,
      "systemtime": 15775,
      "usertime": 310764
     },
     "172846830142": {
      "maxRSS": 30164,
      "systemtime": 15775,
      "usertime": 312923
     },
     "172846831255": {
      "maxRSS": 30164,
      "systemtime": 15775,
      "usertime": 312940
     },
     "172846832368": {
      "maxRSS": 30164,
      "systemtime": 15775,
      "usertime": 314839
     },
     "172846833448": {
      "maxRSS": 30164,
      "systemtime": 15775,
      "usertime": 314852
     },
     "172846834567": {
      "maxRSS": 30164,
      "systemtime": 15775,
      "usertime": 314869
     },
     "172846835684": {
      "maxRSS": 30164,
      "systemtime": 15775,
      "usertime": 314887
     },
     "172846836781": {
      "maxRSS": 30164,
      "systemtime": 15775,
      "usertime": 318922
     },
     "172846837882": {
      "maxRSS": 30164,
      "systemtime": 15775,
      "usertime": 318933
     },
     "172846838952": {
      "maxRSS": 30164,
      "systemtime": 15775,
      "usertime": 318945
     },
     "172846840015": {
      "maxRSS": 30164,
      "systemtime": 15775,
      "usertime": 322950
     },
     "172846840189": {
      "maxRSS": 30164,
      "systemtime": 15775,
      "usertime": 323138
     },
     "172846840196": {
      "maxRSS": 30164,
      "systemtime": 15775,
      "usertime": 323154
     },
     "172846841361": {
      "maxRSS": 30164,
      "systemtime": 15775,
      "usertime": 323195
     },
     "172846842595": {
      "maxRSS": 30164,
      "systemtime": 15775,
      "usertime": 323249
     },
     "172846842717": {
      "maxRSS": 30164,
      "systemtime": 15775,
      "usertime": 325781
     },
     "172846843828": {
      "maxRSS": 30164,
      "systemtime": 15775,
      "usertime": 325795
     },
     "172846844936": {
      "maxRSS": 30164,
      "systemtime": 15775,
      "usertime": 327109
     },
     "172846846008": {
      "maxRSS": 30164,
      "systemtime": 15775,
      "usertime": 327123
     },
     "172846847079": {
      "maxRSS": 30164,
      "systemtime": 15775,
      "usertime": 327135
     },
     "172846848170": {
      "maxRSS": 30164,
      "systemtime": 15775,
      "usertime": 331158
     },
     "172846848421": {
      "maxRSS": 30164,
      "systemtime": 15775,
      "usertime": 331585
     },
     "172846849502": {
      "maxRSS": 30164,
      "systemtime": 15775,
      "usertime": 331600
     },
     "172846849860": {
      "maxRSS": 30164,
      "systemtime": 15775,
      "usertime": 333046
     },
     "172846850943": {
      "maxRSS": 30164,
      "systemtime": 15775,
      "usertime": 333066
     },
     "172846852060": {
      "maxRSS": 30164,
      "systemtime": 15775,
      "usertime": 335248
     },
     "172846853228": {
      "maxRSS": 30164,
      "systemtime": 15775,
      "usertime": 335311
     },
     "172846853713": {
      "maxRSS": 30164,
      "systemtime": 15775,
      "usertime": 337011
     },
     "172846854891": {
      "maxRSS": 30164,
      "systemtime": 15775,
      "usertime": 337047
     },
     "172846855252": {
      "maxRSS": 30164,
      "systemtime": 15775,
      "usertime": 338647
     },
     "172846856353": {
      "maxRSS": 30164,
      "systemtime": 15775,
      "usertime": 339452
     },
     "172846857479": {
      "maxRSS": 30164,
      "systemtime": 15775,
      "usertime": 339475
     },
     "172846857998": {
      "maxRSS": 30164,
      "systemtime": 15775,
      "usertime": 341502
     },
     "172846858625": {
      "maxRSS": 30164,
      "systemtime": 15775,
      "usertime": 342152
     },
     "172846859626": {
      "maxRSS": 30164,
      "systemtime": 15778,
      "usertime": 343172
     },
     "172846859889": {
      "maxRSS": 30164,
      "systemtime": 15790,
      "usertime": 343436
     },
     "172846860334": {
      "maxRSS": 30164,
      "systemtime": 15790,
      "usertime": 343888
     },
     "172846860421": {
      "maxRSS": 30164,
      "systemtime": 15790,
      "usertime": 343994
     },
     "172846860570": {
      "maxRSS": 30164,
      "systemtime": 15790,
      "usertime": 344184
     },
     "172846860612": {
      "maxRSS": 30164,
      "systemtime": 15790,
      "usertime": 344235
     },
     "172846860682": {
      "maxRSS": 30164,
      "systemtime": 15790,
      "usertime": 344322
     },
     "172846860707": {
      "maxRSS": 30164,
      "systemtime": 15790,
      "usertime": 344352
     },
     "172846860753": {
      "maxRSS": 30164,
      "systemtime": 15790,
      "usertime": 344414
     },
     "172846860782": {
      "maxRSS": 30164,
      "systemtime": 15790,
      "usertime": 344450
     },
     "172846860802": {
      "maxRSS": 30164,
      "systemtime": 15790,
      "usertime": 344480
     },
     "172846860839": {
      "maxRSS": 30164,
      "systemtime": 15790,
      "usertime": 344536
     },
     "172846861925": {
      "maxRSS": 30164,
      "systemtime": 15790,
      "usertime": 344609
     },
     "172846862845": {
      "maxRSS": 30164,
      "systemtime": 15790,
      "usertime": 346572
     },
     "172846862886": {
      "maxRSS": 30164,
      "systemtime": 15790,
      "usertime": 346624
     }
    }
   }
  }
 }
}
