{
 "root": {
  "program": {
   "configuration": {
    "": "/root/souffle-src/tests/example/2sat/2sat.dl",
    "fact-dir": "/root/souffle-src/tests/example/2sat/facts",
    "include-dir": ".",
    "jobs": "1",
    "libraries": "functors",
    "library-dir": ".",
    "output-dir": "/root/compiler/measurements/night01-t2/example__2sat",
    "profile": "prof.log",
    "relationCount": "5",
    "ruleCount": "11",
    "version": "2.5",
    "warn": "all",
    "wno": "none"
   },
   "relation": {
    "+disconnected0": {
     "maxRSS": {
      "post": 12644,
      "pre": 12644
     },
     "non-recursive-rule": {
      "+disconnected0() :- \n   Impl(\"Pos\",u,\"Neg\",u),\n   Impl(\"Neg\",u,\"Pos\",u).": {
       "atom-frequency": {
        "+disconnected0() :- \n   Impl(\"Pos\",u,\"Neg\",u),\n   Impl(\"Neg\",u,\"Pos\",u).": {
         "Impl": {
          "level": 0,
          "num-tuples": 0
         }
        }
       },
       "maxRSS": {
        "post": 12644,
        "pre": 12644
       },
       "num-tuples": 1,
       "runtime": { "start": 21272217066, "end": 21272217068},
       "source-locator": "/root/souffle-src/tests/example/2sat/2sat.dl [33:1-33:64]"
      }
     },
     "num-tuples": 1,
     "reads": 0,
     "runtime": { "start": 21272217065, "end": 21272217075},
     "source-locator": " [1:1-1:1]"
    },
    "Clause": {
     "loadtime": { "start": 21272216389, "end": 21272216468},
     "num-tuples": 14,
     "reads": 0,
     "source-locator": "/root/souffle-src/tests/example/2sat/2sat.dl [13:7-13:13]"
    },
    "Impl": {
     "iteration": {
      "0": {
       "copytime": { "start": 21272216591, "end": 21272216601},
       "maxRSS": {
        "post": 12644,
        "pre": 12516
       },
       "num-tuples": 50,
       "recursive-rule": {
        "Impl(m,u,n,v) :- \n   Impl(m,u,p,w),\n   Impl(p,w,n,v).": {
         "0": {
          "atom-frequency": {
           "@new_Impl(m,u,n,v) :- \n   @delta_Impl(m,u,p,w),\n   Impl(p,w,n,v).": {
            "@delta_Impl": {
             "level": 0,
             "num-tuples": 0
            },
            "Impl": {
             "level": 1,
             "num-tuples": 0
            }
           }
          },
          "maxRSS": {
           "post": 12644,
           "pre": 12516
          },
          "num-tuples": 0,
          "runtime": { "start": 21272216543, "end": 21272216559},
          "source-locator": "/root/souffle-src/tests/example/2sat/2sat.dl [28:1-28:56]"
         },
         "1": {
          "atom-frequency": {
           "@new_Impl(m,u,n,v) :- \n   Impl(m,u,p,w),\n   @delta_Impl(p,w,n,v).": {
            "@delta_Impl": {
             "level": 1,
             "num-tuples": 0
            },
            "Impl": {
             "level": 0,
             "num-tuples": 0
            }
           }
          },
          "maxRSS": {
           "post": 12644,
           "pre": 12644
          },
          "num-tuples": 50,
          "runtime": { "start": 21272216566, "end": 21272216579},
          "source-locator": "/root/souffle-src/tests/example/2sat/2sat.dl [28:1-28:56]"
         }
        }
       },
       "runtime": { "start": 21272216543, "end": 21272216584}
      },
      "1": {
       "copytime": { "start": 21272216715, "end": 21272216735},
       "maxRSS": {
        "post": 12644,
        "pre": 12644
       },
       "num-tuples": 90,
       "recursive-rule": {
        "Impl(m,u,n,v) :- \n   Impl(m,u,p,w),\n   Impl(p,w,n,v).": {
         "0": {
          "maxRSS": {
           "post": 12644,
           "pre": 12644
          },
          "num-tuples": 53,
          "runtime": { "start": 21272216605, "end": 21272216644},
          "source-locator": "/root/souffle-src/tests/example/2sat/2sat.dl [28:1-28:56]"
         },
         "1": {
          "maxRSS": {
           "post": 12644,
           "pre": 12644
          },
          "num-tuples": 37,
          "runtime": { "start": 21272216649, "end": 21272216700},
          "source-locator": "/root/souffle-src/tests/example/2sat/2sat.dl [28:1-28:56]"
         }
        }
       },
       "runtime": { "start": 21272216605, "end": 21272216707}
      },
      "2": {
       "copytime": { "start": 21272216964, "end": 21272216971},
       "maxRSS": {
        "post": 12644,
        "pre": 12644
       },
       "num-tuples": 28,
       "recursive-rule": {
        "Impl(m,u,n,v) :- \n   Impl(m,u,p,w),\n   Impl(p,w,n,v).": {
         "0": {
          "maxRSS": {
           "post": 12644,
           "pre": 12644
          },
          "num-tuples": 28,
          "runtime": { "start": 21272216748, "end": 21272216833},
          "source-locator": "/root/souffle-src/tests/example/2sat/2sat.dl [28:1-28:56]"
         },
         "1": {
          "maxRSS": {
           "post": 12644,
           "pre": 12644
          },
          "num-tuples": 0,
          "runtime": { "start": 21272216840, "end": 21272216937},
          "source-locator": "/root/souffle-src/tests/example/2sat/2sat.dl [28:1-28:56]"
         }
        }
       },
       "runtime": { "start": 21272216738, "end": 21272216945}
      },
      "3": {
       "maxRSS": {
        "post": 12644,
        "pre": 12644
       },
       "num-tuples": 0,
       "recursive-rule": {
        "Impl(m,u,n,v) :- \n   Impl(m,u,p,w),\n   Impl(p,w,n,v).": {
         "0": {
          "maxRSS": {
           "post": 12644,
           "pre": 12644
          },
          "num-tuples": 0,
          "runtime": { "start": 21272216975, "end": 21272217003},
          "source-locator": "/root/souffle-src/tests/example/2sat/2sat.dl [28:1-28:56]"
         },
         "1": {
          "maxRSS": {
           "post": 12644,
           "pre": 12644
          },
          "num-tuples": 0,
          "runtime": { "start": 21272217009, "end": 21272217042},
          "source-locator": "/root/souffle-src/tests/example/2sat/2sat.dl [28:1-28:56]"
         }
        }
       },
       "runtime": { "start": 21272216975, "end": 21272217046}
      }
     },
     "maxRSS": {
      "post": 12516,
      "pre": 12388
     },
     "non-recursive-rule": {
      "Impl(m,u,n,v) :- \n   Not(m,p),\n   Clause(n,v,p,u).": {
       "atom-frequency": {
        "Impl(m,u,n,v) :- \n   Not(m,p),\n   Clause(n,v,p,u).": {
         "Clause": {
          "level": 1,
          "num-tuples": 0
         },
         "Not": {
          "level": 0,
          "num-tuples": 0
         }
        }
       },
       "maxRSS": {
        "post": 12516,
        "pre": 12516
       },
       "num-tuples": 14,
       "runtime": { "start": 21272216528, "end": 21272216532},
       "source-locator": "/root/souffle-src/tests/example/2sat/2sat.dl [25:1-25:51]"
      },
      "Impl(m,u,n,v) :- \n   Not(m,p),\n   Clause(p,u,n,v).": {
       "atom-frequency": {
        "Impl(m,u,n,v) :- \n   Not(m,p),\n   Clause(p,u,n,v).": {
         "Clause": {
          "level": 1,
          "num-tuples": 0
         },
         "Not": {
          "level": 0,
          "num-tuples": 0
         }
        }
       },
       "maxRSS": {
        "post": 12516,
        "pre": 12388
       },
       "num-tuples": 14,
       "runtime": { "start": 21272216514, "end": 21272216523},
       "source-locator": "/root/souffle-src/tests/example/2sat/2sat.dl [24:1-24:51]"
      }
     },
     "num-tuples": 28,
     "reads": 3679,
     "runtime": { "start": 21272216513, "end": 21272216537},
     "source-locator": "/root/souffle-src/tests/example/2sat/2sat.dl [21:7-21:11]"
    },
    "Not": {
     "maxRSS": {
      "post": 12388,
      "pre": 12260
     },
     "non-recursive-rule": {
      "Not(\"Neg\",\"Pos\").": {
       "maxRSS": {
        "post": 12388,
        "pre": 12388
       },
       "num-tuples": 1,
       "runtime": { "start": 21272216503, "end": 21272216504},
       "source-locator": "/root/souffle-src/tests/example/2sat/2sat.dl [19:1-19:19]"
      },
      "Not(\"Pos\",\"Neg\").": {
       "maxRSS": {
        "post": 12388,
        "pre": 12260
       },
       "num-tuples": 1,
       "runtime": { "start": 21272216490, "end": 21272216495},
       "source-locator": "/root/souffle-src/tests/example/2sat/2sat.dl [18:1-18:19]"
      }
     },
     "num-tuples": 2,
     "reads": 0,
     "runtime": { "start": 21272216475, "end": 21272216509},
     "source-locator": "/root/souffle-src/tests/example/2sat/2sat.dl [16:7-16:10]"
    },
    "Satisfiable": {
     "maxRSS": {
      "post": 12644,
      "pre": 12644
     },
     "non-recursive-rule": {
      "Satisfiable(\"No\") :- \n   +disconnected0().": {
       "maxRSS": {
        "post": 12644,
        "pre": 12644
       },
       "num-tuples": 1,
       "runtime": { "start": 21272217088, "end": 21272217089},
       "source-locator": "/root/souffle-src/tests/example/2sat/2sat.dl [38:1-38:31]"
      },
      "Satisfiable(\"Yes\") :- \n   !+disconnected0().": {
       "maxRSS": {
        "post": 12644,
        "pre": 12644
       },
       "num-tuples": 0,
       "runtime": { "start": 21272217082, "end": 21272217083},
       "source-locator": "/root/souffle-src/tests/example/2sat/2sat.dl [37:1-37:33]"
      }
     },
     "num-tuples": 1,
     "reads": 0,
     "runtime": { "start": 21272217082, "end": 21272217094},
     "savetime": { "start": 21272217097, "end": 21272217140},
     "source-locator": "/root/souffle-src/tests/example/2sat/2sat.dl [35:7-35:18]"
    }
   },
   "runtime": { "start": 21272216385, "end": 21272217143},
   "starttime": { "time": 21272216344},
   "usage": {
    "timepoint": {
     "21272216428": {
      "maxRSS": 11848,
      "systemtime": 0,
      "usertime": 4404
     },
     "21272216602": {
      "maxRSS": 12644,
      "systemtime": 0,
      "usertime": 4647
     },
     "21272216720": {
      "maxRSS": 12644,
      "systemtime": 0,
      "usertime": 4778
     },
     "21272216762": {
      "maxRSS": 12644,
      "systemtime": 0,
      "usertime": 4823
     },
     "21272216908": {
      "maxRSS": 12644,
      "systemtime": 0,
      "usertime": 4928
     },
     "21272217026": {
      "maxRSS": 12644,
      "systemtime": 0,
      "usertime": 5113
     }
    }
   }
  }
 }
}
