{
 "root": {
  "program": {
   "configuration": {
    "": "/root/compiler/tests/corpus/BENCHMARK_FAMILY/guarded/culprit_cycle_guarded.dl",
    "fact-dir": "/root/compiler/fixtures/benchmark-family/culprit_cycle/n100",
    "include-dir": ".",
    "jobs": "1",
    "libraries": "functors",
    "library-dir": ".",
    "output-dir": "/root/compiler/measurements/night02-t5/culprit_cycle/n100-guard",
    "profile": "prof.log",
    "relationCount": "8",
    "ruleCount": "11",
    "version": "2.5",
    "warn": "all",
    "wno": "none"
   },
   "relation": {
    "base": {
     "loadtime": { "start": 173480862721, "end": 173480863541},
     "num-tuples": 150,
     "reads": 0,
     "source-locator": "/root/compiler/tests/corpus/BENCHMARK_FAMILY/guarded/culprit_cycle_guarded.dl [35:7-35:11]"
    },
    "blocked": {
     "loadtime": { "start": 173480863552, "end": 173480863768},
     "num-tuples": 12,
     "reads": 2299,
     "source-locator": "/root/compiler/tests/corpus/BENCHMARK_FAMILY/guarded/culprit_cycle_guarded.dl [37:7-37:14]"
    },
    "e": {
     "loadtime": { "start": 173480863776, "end": 173480864305},
     "num-tuples": 150,
     "reads": 0,
     "source-locator": "/root/compiler/tests/corpus/BENCHMARK_FAMILY/guarded/culprit_cycle_guarded.dl [36:7-36:8]"
    },
    "m_p": {
     "maxRSS": {
      "post": 12188,
      "pre": 12060
     },
     "non-recursive-rule": {
      "m_p(1).": {
       "maxRSS": {
        "post": 12188,
        "pre": 12060
       },
       "num-tuples": 1,
       "runtime": { "start": 173480864328, "end": 173480864333},
       "source-locator": "/root/compiler/tests/corpus/BENCHMARK_FAMILY/guarded/culprit_cycle_guarded.dl [40:1-40:8]"
      }
     },
     "num-tuples": 1,
     "reads": 0,
     "runtime": { "start": 173480864316, "end": 173480864342},
     "source-locator": "/root/compiler/tests/corpus/BENCHMARK_FAMILY/guarded/culprit_cycle_guarded.dl [39:7-39:10]"
    },
    "out": {
     "maxRSS": {
      "post": 12316,
      "pre": 12316
     },
     "non-recursive-rule": {
      "out(y) :- \n   p_bf(1,y).": {
       "atom-frequency": {
        "out(y) :- \n   p_bf(1,y).": {
         "p_bf": {
          "level": 0,
          "num-tuples": 0
         }
        }
       },
       "maxRSS": {
        "post": 12316,
        "pre": 12316
       },
       "num-tuples": 3,
       "runtime": { "start": 173480865984, "end": 173480865986},
       "source-locator": "/root/compiler/tests/corpus/BENCHMARK_FAMILY/guarded/culprit_cycle_guarded.dl [54:1-54:21]"
      }
     },
     "num-tuples": 3,
     "reads": 0,
     "runtime": { "start": 173480865974, "end": 173480865994},
     "savetime": { "start": 173480865999, "end": 173480866283},
     "source-locator": "/root/compiler/tests/corpus/BENCHMARK_FAMILY/guarded/culprit_cycle_guarded.dl [53:7-53:10]"
    },
    "p_bf": {
     "iteration": {
      "0": {
       "maxRSS": {
        "post": 12316,
        "pre": 12316
       },
       "num-tuples": 0,
       "recursive-rule": {
        "p_bf(x,y) :- \n   m_p(x),\n   p_bf(x,z),\n   !s(z),\n   q(z,y).": {
         "0": {
          "atom-frequency": {
           "@new_p_bf(x,y) :- \n   m_p(x),\n   @delta_p_bf(x,z),\n   !s(z),\n   q(z,y).": {
            "@delta_p_bf": {
             "level": 1,
             "num-tuples": 0
            },
            "m_p": {
             "level": 0,
             "num-tuples": 0
            },
            "q": {
             "level": 2,
             "num-tuples": 0
            }
           }
          },
          "maxRSS": {
           "post": 12316,
           "pre": 12316
          },
          "num-tuples": 0,
          "runtime": { "start": 173480865937, "end": 173480865939},
          "source-locator": "/root/compiler/tests/corpus/BENCHMARK_FAMILY/guarded/culprit_cycle_guarded.dl [44:1-44:47]"
         }
        }
       },
       "runtime": { "start": 173480865936, "end": 173480865948}
      }
     },
     "maxRSS": {
      "post": 12316,
      "pre": 12316
     },
     "non-recursive-rule": {
      "p_bf(x,y) :- \n   m_p(x),\n   e(x,y).": {
       "atom-frequency": {
        "p_bf(x,y) :- \n   m_p(x),\n   e(x,y).": {
         "e": {
          "level": 1,
          "num-tuples": 0
         },
         "m_p": {
          "level": 0,
          "num-tuples": 0
         }
        }
       },
       "maxRSS": {
        "post": 12316,
        "pre": 12316
       },
       "num-tuples": 3,
       "runtime": { "start": 173480865917, "end": 173480865920},
       "source-locator": "/root/compiler/tests/corpus/BENCHMARK_FAMILY/guarded/culprit_cycle_guarded.dl [43:1-43:29]"
      }
     },
     "num-tuples": 3,
     "reads": 0,
     "runtime": { "start": 173480865907, "end": 173480865930},
     "source-locator": "/root/compiler/tests/corpus/BENCHMARK_FAMILY/guarded/culprit_cycle_guarded.dl [42:7-42:11]"
    },
    "q": {
     "iteration": {
      "0": {
       "copytime": { "start": 173480864470, "end": 173480864491},
       "maxRSS": {
        "post": 12316,
        "pre": 12188
       },
       "num-tuples": 191,
       "recursive-rule": {
        "q(x,y) :- \n   q(x,z),\n   base(z,y).": {
         "0": {
          "atom-frequency": {
           "@new_q(x,y) :- \n   @delta_q(x,z),\n   base(z,y).": {
            "@delta_q": {
             "level": 0,
             "num-tuples": 0
            },
            "base": {
             "level": 1,
             "num-tuples": 0
            }
           }
          },
          "maxRSS": {
           "post": 12316,
           "pre": 12188
          },
          "num-tuples": 191,
          "runtime": { "start": 173480864395, "end": 173480864440},
          "source-locator": "/root/compiler/tests/corpus/BENCHMARK_FAMILY/guarded/culprit_cycle_guarded.dl [48:1-48:29]"
         }
        }
       },
       "runtime": { "start": 173480864386, "end": 173480864450}
      },
      "1": {
       "copytime": { "start": 173480864585, "end": 173480864605},
       "maxRSS": {
        "post": 12316,
        "pre": 12316
       },
       "num-tuples": 244,
       "recursive-rule": {
        "q(x,y) :- \n   q(x,z),\n   base(z,y).": {
         "0": {
          "maxRSS": {
           "post": 12316,
           "pre": 12316
          },
          "num-tuples": 244,
          "runtime": { "start": 173480864504, "end": 173480864556},
          "source-locator": "/root/compiler/tests/corpus/BENCHMARK_FAMILY/guarded/culprit_cycle_guarded.dl [48:1-48:29]"
         }
        }
       },
       "runtime": { "start": 173480864495, "end": 173480864564}
      },
      "10": {
       "copytime": { "start": 173480865599, "end": 173480865602},
       "maxRSS": {
        "post": 12316,
        "pre": 12316
       },
       "num-tuples": 16,
       "recursive-rule": {
        "q(x,y) :- \n   q(x,z),\n   base(z,y).": {
         "0": {
          "maxRSS": {
           "post": 12316,
           "pre": 12316
          },
          "num-tuples": 16,
          "runtime": { "start": 173480865562, "end": 173480865571},
          "source-locator": "/root/compiler/tests/corpus/BENCHMARK_FAMILY/guarded/culprit_cycle_guarded.dl [48:1-48:29]"
         }
        }
       },
       "runtime": { "start": 173480865553, "end": 173480865580}
      },
      "11": {
       "copytime": { "start": 173480865648, "end": 173480865650},
       "maxRSS": {
        "post": 12316,
        "pre": 12316
       },
       "num-tuples": 8,
       "recursive-rule": {
        "q(x,y) :- \n   q(x,z),\n   base(z,y).": {
         "0": {
          "maxRSS": {
           "post": 12316,
           "pre": 12316
          },
          "num-tuples": 8,
          "runtime": { "start": 173480865615, "end": 173480865619},
          "source-locator": "/root/compiler/tests/corpus/BENCHMARK_FAMILY/guarded/culprit_cycle_guarded.dl [48:1-48:29]"
         }
        }
       },
       "runtime": { "start": 173480865605, "end": 173480865627}
      },
      "12": {
       "copytime": { "start": 173480865681, "end": 173480865683},
       "maxRSS": {
        "post": 12316,
        "pre": 12316
       },
       "num-tuples": 4,
       "recursive-rule": {
        "q(x,y) :- \n   q(x,z),\n   base(z,y).": {
         "0": {
          "maxRSS": {
           "post": 12316,
           "pre": 12316
          },
          "num-tuples": 4,
          "runtime": { "start": 173480865654, "end": 173480865656},
          "source-locator": "/root/compiler/tests/corpus/BENCHMARK_FAMILY/guarded/culprit_cycle_guarded.dl [48:1-48:29]"
         }
        }
       },
       "runtime": { "start": 173480865653, "end": 173480865663}
      },
      "13": {
       "copytime": { "start": 173480865726, "end": 173480865727},
       "maxRSS": {
        "post": 12316,
        "pre": 12316
       },
       "num-tuples": 2,
       "recursive-rule": {
        "q(x,y) :- \n   q(x,z),\n   base(z,y).": {
         "0": {
          "maxRSS": {
           "post": 12316,
           "pre": 12316
          },
          "num-tuples": 2,
          "runtime": { "start": 173480865696, "end": 173480865699},
          "source-locator": "/root/compiler/tests/corpus/BENCHMARK_FAMILY/guarded/culprit_cycle_guarded.dl [48:1-48:29]"
         }
        }
       },
       "runtime": { "start": 173480865687, "end": 173480865707}
      },
      "14": {
       "maxRSS": {
        "post": 12316,
        "pre": 12316
       },
       "num-tuples": 0,
       "recursive-rule": {
        "q(x,y) :- \n   q(x,z),\n   base(z,y).": {
         "0": {
          "maxRSS": {
           "post": 12316,
           "pre": 12316
          },
          "num-tuples": 0,
          "runtime": { "start": 173480865731, "end": 173480865732},
          "source-locator": "/root/compiler/tests/corpus/BENCHMARK_FAMILY/guarded/culprit_cycle_guarded.dl [48:1-48:29]"
         }
        }
       },
       "runtime": { "start": 173480865730, "end": 173480865740}
      },
      "2": {
       "copytime": { "start": 173480864701, "end": 173480864729},
       "maxRSS": {
        "post": 12316,
        "pre": 12316
       },
       "num-tuples": 311,
       "recursive-rule": {
        "q(x,y) :- \n   q(x,z),\n   base(z,y).": {
         "0": {
          "maxRSS": {
           "post": 12316,
           "pre": 12316
          },
          "num-tuples": 311,
          "runtime": { "start": 173480864609, "end": 173480864674},
          "source-locator": "/root/compiler/tests/corpus/BENCHMARK_FAMILY/guarded/culprit_cycle_guarded.dl [48:1-48:29]"
         }
        }
       },
       "runtime": { "start": 173480864609, "end": 173480864681}
      },
      "3": {
       "copytime": { "start": 173480864848, "end": 173480864880},
       "maxRSS": {
        "post": 12316,
        "pre": 12316
       },
       "num-tuples": 342,
       "recursive-rule": {
        "q(x,y) :- \n   q(x,z),\n   base(z,y).": {
         "0": {
          "maxRSS": {
           "post": 12316,
           "pre": 12316
          },
          "num-tuples": 342,
          "runtime": { "start": 173480864742, "end": 173480864820},
          "source-locator": "/root/compiler/tests/corpus/BENCHMARK_FAMILY/guarded/culprit_cycle_guarded.dl [48:1-48:29]"
         }
        }
       },
       "runtime": { "start": 173480864732, "end": 173480864828}
      },
      "4": {
       "copytime": { "start": 173480865003, "end": 173480865033},
       "maxRSS": {
        "post": 12316,
        "pre": 12316
       },
       "num-tuples": 319,
       "recursive-rule": {
        "q(x,y) :- \n   q(x,z),\n   base(z,y).": {
         "0": {
          "maxRSS": {
           "post": 12316,
           "pre": 12316
          },
          "num-tuples": 319,
          "runtime": { "start": 173480864893, "end": 173480864975},
          "source-locator": "/root/compiler/tests/corpus/BENCHMARK_FAMILY/guarded/culprit_cycle_guarded.dl [48:1-48:29]"
         }
        }
       },
       "runtime": { "start": 173480864884, "end": 173480864983}
      },
      "5": {
       "copytime": { "start": 173480865143, "end": 173480865172},
       "maxRSS": {
        "post": 12316,
        "pre": 12316
       },
       "num-tuples": 261,
       "recursive-rule": {
        "q(x,y) :- \n   q(x,z),\n   base(z,y).": {
         "0": {
          "maxRSS": {
           "post": 12316,
           "pre": 12316
          },
          "num-tuples": 261,
          "runtime": { "start": 173480865045, "end": 173480865116},
          "source-locator": "/root/compiler/tests/corpus/BENCHMARK_FAMILY/guarded/culprit_cycle_guarded.dl [48:1-48:29]"
         }
        }
       },
       "runtime": { "start": 173480865036, "end": 173480865124}
      },
      "6": {
       "copytime": { "start": 173480865270, "end": 173480865302},
       "maxRSS": {
        "post": 12316,
        "pre": 12316
       },
       "num-tuples": 198,
       "recursive-rule": {
        "q(x,y) :- \n   q(x,z),\n   base(z,y).": {
         "0": {
          "maxRSS": {
           "post": 12316,
           "pre": 12316
          },
          "num-tuples": 198,
          "runtime": { "start": 173480865184, "end": 173480865242},
          "source-locator": "/root/compiler/tests/corpus/BENCHMARK_FAMILY/guarded/culprit_cycle_guarded.dl [48:1-48:29]"
         }
        }
       },
       "runtime": { "start": 173480865175, "end": 173480865251}
      },
      "7": {
       "copytime": { "start": 173480865390, "end": 173480865404},
       "maxRSS": {
        "post": 12316,
        "pre": 12316
       },
       "num-tuples": 131,
       "recursive-rule": {
        "q(x,y) :- \n   q(x,z),\n   base(z,y).": {
         "0": {
          "maxRSS": {
           "post": 12316,
           "pre": 12316
          },
          "num-tuples": 131,
          "runtime": { "start": 173480865315, "end": 173480865360},
          "source-locator": "/root/compiler/tests/corpus/BENCHMARK_FAMILY/guarded/culprit_cycle_guarded.dl [48:1-48:29]"
         }
        }
       },
       "runtime": { "start": 173480865306, "end": 173480865369}
      },
      "8": {
       "copytime": { "start": 173480865474, "end": 173480865486},
       "maxRSS": {
        "post": 12316,
        "pre": 12316
       },
       "num-tuples": 80,
       "recursive-rule": {
        "q(x,y) :- \n   q(x,z),\n   base(z,y).": {
         "0": {
          "maxRSS": {
           "post": 12316,
           "pre": 12316
          },
          "num-tuples": 80,
          "runtime": { "start": 173480865417, "end": 173480865447},
          "source-locator": "/root/compiler/tests/corpus/BENCHMARK_FAMILY/guarded/culprit_cycle_guarded.dl [48:1-48:29]"
         }
        }
       },
       "runtime": { "start": 173480865408, "end": 173480865455}
      },
      "9": {
       "copytime": { "start": 173480865543, "end": 173480865550},
       "maxRSS": {
        "post": 12316,
        "pre": 12316
       },
       "num-tuples": 42,
       "recursive-rule": {
        "q(x,y) :- \n   q(x,z),\n   base(z,y).": {
         "0": {
          "maxRSS": {
           "post": 12316,
           "pre": 12316
          },
          "num-tuples": 42,
          "runtime": { "start": 173480865499, "end": 173480865517},
          "source-locator": "/root/compiler/tests/corpus/BENCHMARK_FAMILY/guarded/culprit_cycle_guarded.dl [48:1-48:29]"
         }
        }
       },
       "runtime": { "start": 173480865490, "end": 173480865524}
      }
     },
     "maxRSS": {
      "post": 12188,
      "pre": 12188
     },
     "non-recursive-rule": {
      "q(x,y) :- \n   base(x,y).": {
       "atom-frequency": {
        "q(x,y) :- \n   base(x,y).": {
         "base": {
          "level": 0,
          "num-tuples": 0
         }
        }
       },
       "maxRSS": {
        "post": 12188,
        "pre": 12188
       },
       "num-tuples": 150,
       "runtime": { "start": 173480864358, "end": 173480864367},
       "source-locator": "/root/compiler/tests/corpus/BENCHMARK_FAMILY/guarded/culprit_cycle_guarded.dl [47:1-47:21]"
      }
     },
     "num-tuples": 150,
     "reads": 3021,
     "runtime": { "start": 173480864348, "end": 173480864374},
     "source-locator": "/root/compiler/tests/corpus/BENCHMARK_FAMILY/guarded/culprit_cycle_guarded.dl [46:7-46:8]"
    },
    "s": {
     "maxRSS": {
      "post": 12316,
      "pre": 12316
     },
     "non-recursive-rule": {
      "s(x) :- \n   q(x,y),\n   blocked(y).": {
       "atom-frequency": {
        "s(x) :- \n   q(x,y),\n   blocked(y).": {
         "q": {
          "level": 0,
          "num-tuples": 0
         }
        }
       },
       "maxRSS": {
        "post": 12316,
        "pre": 12316
       },
       "num-tuples": 60,
       "runtime": { "start": 173480865801, "end": 173480865891},
       "source-locator": "/root/compiler/tests/corpus/BENCHMARK_FAMILY/guarded/culprit_cycle_guarded.dl [51:1-51:28]"
      }
     },
     "num-tuples": 60,
     "reads": 3,
     "runtime": { "start": 173480865786, "end": 173480865901},
     "source-locator": "/root/compiler/tests/corpus/BENCHMARK_FAMILY/guarded/culprit_cycle_guarded.dl [50:7-50:8]"
    }
   },
   "runtime": { "start": 173480862716, "end": 173480866289},
   "starttime": { "time": 173480862683},
   "usage": {
    "timepoint": {
     "173480862702": {
      "maxRSS": 11676,
      "systemtime": 0,
      "usertime": 2775
     },
     "173480863582": {
      "maxRSS": 12060,
      "systemtime": 0,
      "usertime": 5358
     },
     "173480863792": {
      "maxRSS": 12060,
      "systemtime": 0,
      "usertime": 5434
     },
     "173480864335": {
      "maxRSS": 12188,
      "systemtime": 452,
      "usertime": 5434
     },
     "173480864362": {
      "maxRSS": 12188,
      "systemtime": 486,
      "usertime": 5434
     },
     "173480864400": {
      "maxRSS": 12188,
      "systemtime": 530,
      "usertime": 5434
     },
     "173480864471": {
      "maxRSS": 12316,
      "systemtime": 615,
      "usertime": 5434
     },
     "173480864511": {
      "maxRSS": 12316,
      "systemtime": 662,
      "usertime": 5434
     },
     "173480864624": {
      "maxRSS": 12316,
      "systemtime": 793,
      "usertime": 5434
     },
     "173480864703": {
      "maxRSS": 12316,
      "systemtime": 898,
      "usertime": 5434
     },
     "173480864747": {
      "maxRSS": 12316,
      "systemtime": 967,
      "usertime": 5434
     },
     "173480864847": {
      "maxRSS": 12316,
      "systemtime": 1074,
      "usertime": 5434
     },
     "173480864898": {
      "maxRSS": 12316,
      "systemtime": 1132,
      "usertime": 5434
     },
     "173480865005": {
      "maxRSS": 12316,
      "systemtime": 1250,
      "usertime": 5434
     },
     "173480865050": {
      "maxRSS": 12316,
      "systemtime": 1305,
      "usertime": 5434
     },
     "173480865142": {
      "maxRSS": 12316,
      "systemtime": 1404,
      "usertime": 5434
     },
     "173480865192": {
      "maxRSS": 12316,
      "systemtime": 1459,
      "usertime": 5434
     },
     "173480865270": {
      "maxRSS": 12316,
      "systemtime": 1555,
      "usertime": 5434
     },
     "173480865322": {
      "maxRSS": 12316,
      "systemtime": 1609,
      "usertime": 5434
     },
     "173480865393": {
      "maxRSS": 12316,
      "systemtime": 1694,
      "usertime": 5434
     },
     "173480865422": {
      "maxRSS": 12316,
      "systemtime": 1733,
      "usertime": 5434
     },
     "173480865473": {
      "maxRSS": 12316,
      "systemtime": 1790,
      "usertime": 5434
     },
     "173480865505": {
      "maxRSS": 12316,
      "systemtime": 1829,
      "usertime": 5434
     },
     "173480865542": {
      "maxRSS": 12316,
      "systemtime": 1875,
      "usertime": 5434
     },
     "173480865568": {
      "maxRSS": 12316,
      "systemtime": 1907,
      "usertime": 5434
     },
     "173480865598": {
      "maxRSS": 12316,
      "systemtime": 1944,
      "usertime": 5434
     },
     "173480865619": {
      "maxRSS": 12316,
      "systemtime": 1978,
      "usertime": 5434
     },
     "173480865648": {
      "maxRSS": 12316,
      "systemtime": 2015,
      "usertime": 5434
     },
     "173480865655": {
      "maxRSS": 12316,
      "systemtime": 2028,
      "usertime": 5434
     },
     "173480865680": {
      "maxRSS": 12316,
      "systemtime": 2055,
      "usertime": 5434
     },
     "173480865702": {
      "maxRSS": 12316,
      "systemtime": 2086,
      "usertime": 5434
     },
     "173480865727": {
      "maxRSS": 12316,
      "systemtime": 2122,
      "usertime": 5434
     },
     "173480865763": {
      "maxRSS": 12316,
      "systemtime": 2158,
      "usertime": 5434
     },
     "173480865804": {
      "maxRSS": 12316,
      "systemtime": 2224,
      "usertime": 5434
     },
     "173480865934": {
      "maxRSS": 12316,
      "systemtime": 2365,
      "usertime": 5434
     },
     "173480865968": {
      "maxRSS": 12316,
      "systemtime": 2409,
      "usertime": 5434
     },
     "173480865991": {
      "maxRSS": 12316,
      "systemtime": 2442,
      "usertime": 5434
     },
     "173480866022": {
      "maxRSS": 12316,
      "systemtime": 2470,
      "usertime": 5434
     }
    }
   }
  }
 }
}
