{
 "root": {
  "program": {
   "configuration": {
    "": "/root/compiler/tests/corpus/CULPRIT_CANDIDATES/cc_arity3_twobound.dl",
    "fact-dir": "/root/compiler/fixtures/culprit_candidates/cc_arity3_twobound",
    "include-dir": ".",
    "jobs": "1",
    "libraries": "functors",
    "library-dir": ".",
    "output-dir": "/root/compiler/measurements/m3-5-headline-m4/candidates/cc_arity3_twobound/none",
    "profile": "prof.log",
    "relationCount": "7",
    "ruleCount": "10",
    "version": "2.5",
    "warn": "all",
    "wno": "none"
   },
   "relation": {
    "base": {
     "loadtime": { "start": 17309538011, "end": 17309538779},
     "num-tuples": 75,
     "reads": 0,
     "source-locator": "/root/compiler/tests/corpus/CULPRIT_CANDIDATES/cc_arity3_twobound.dl [13:7-13:11]"
    },
    "blocked": {
     "loadtime": { "start": 17309538789, "end": 17309539090},
     "num-tuples": 32,
     "reads": 109,
     "source-locator": "/root/compiler/tests/corpus/CULPRIT_CANDIDATES/cc_arity3_twobound.dl [15:7-15:14]"
    },
    "e": {
     "loadtime": { "start": 17309539100, "end": 17309539431},
     "num-tuples": 75,
     "reads": 0,
     "source-locator": "/root/compiler/tests/corpus/CULPRIT_CANDIDATES/cc_arity3_twobound.dl [14:7-14:8]"
    },
    "out": {
     "maxRSS": {
      "post": 16928,
      "pre": 16928
     },
     "non-recursive-rule": {
      "out(y) :- \n   p(1,y,1).": {
       "atom-frequency": {
        "out(y) :- \n   p(1,y,1).": {
         "p": {
          "level": 0,
          "num-tuples": 0
         }
        }
       },
       "maxRSS": {
        "post": 16928,
        "pre": 16928
       },
       "num-tuples": 1,
       "runtime": { "start": 17309539969, "end": 17309539971},
       "source-locator": "/root/compiler/tests/corpus/CULPRIT_CANDIDATES/cc_arity3_twobound.dl [29:1-29:20]"
      }
     },
     "num-tuples": 1,
     "reads": 0,
     "runtime": { "start": 17309539969, "end": 17309539979},
     "savetime": { "start": 17309539983, "end": 17309540062},
     "source-locator": "/root/compiler/tests/corpus/CULPRIT_CANDIDATES/cc_arity3_twobound.dl [28:7-28:10]"
    },
    "p": {
     "iteration": {
      "0": {
       "copytime": { "start": 17309539921, "end": 17309539927},
       "maxRSS": {
        "post": 16928,
        "pre": 16928
       },
       "num-tuples": 46,
       "recursive-rule": {
        "p(x,y,l) :- \n   p(x,z,l),\n   !s(z,l),\n   q(z,y,l).": {
         "0": {
          "atom-frequency": {
           "@new_p(x,y,l) :- \n   @delta_p(x,z,l),\n   !s(z,l),\n   q(z,y,l).": {
            "@delta_p": {
             "level": 0,
             "num-tuples": 0
            },
            "q": {
             "level": 1,
             "num-tuples": 0
            }
           }
          },
          "maxRSS": {
           "post": 16928,
           "pre": 16928
          },
          "num-tuples": 46,
          "runtime": { "start": 17309539872, "end": 17309539893},
          "source-locator": "/root/compiler/tests/corpus/CULPRIT_CANDIDATES/cc_arity3_twobound.dl [26:1-26:41]"
         }
        }
       },
       "runtime": { "start": 17309539862, "end": 17309539902}
      },
      "1": {
       "maxRSS": {
        "post": 16928,
        "pre": 16928
       },
       "num-tuples": 0,
       "recursive-rule": {
        "p(x,y,l) :- \n   p(x,z,l),\n   !s(z,l),\n   q(z,y,l).": {
         "0": {
          "maxRSS": {
           "post": 16928,
           "pre": 16928
          },
          "num-tuples": 0,
          "runtime": { "start": 17309539933, "end": 17309539942},
          "source-locator": "/root/compiler/tests/corpus/CULPRIT_CANDIDATES/cc_arity3_twobound.dl [26:1-26:41]"
         }
        }
       },
       "runtime": { "start": 17309539931, "end": 17309539949}
      }
     },
     "maxRSS": {
      "post": 16928,
      "pre": 16928
     },
     "non-recursive-rule": {
      "p(x,y,l) :- \n   e(x,y,l).": {
       "atom-frequency": {
        "p(x,y,l) :- \n   e(x,y,l).": {
         "e": {
          "level": 0,
          "num-tuples": 0
         }
        }
       },
       "maxRSS": {
        "post": 16928,
        "pre": 16928
       },
       "num-tuples": 75,
       "runtime": { "start": 17309539840, "end": 17309539846},
       "source-locator": "/root/compiler/tests/corpus/CULPRIT_CANDIDATES/cc_arity3_twobound.dl [25:1-25:22]"
      }
     },
     "num-tuples": 75,
     "reads": 62,
     "runtime": { "start": 17309539830, "end": 17309539854},
     "source-locator": "/root/compiler/tests/corpus/CULPRIT_CANDIDATES/cc_arity3_twobound.dl [24:7-24:8]"
    },
    "q": {
     "iteration": {
      "0": {
       "copytime": { "start": 17309539731, "end": 17309539736},
       "maxRSS": {
        "post": 16928,
        "pre": 16928
       },
       "num-tuples": 27,
       "recursive-rule": {
        "q(x,y,l) :- \n   q(x,z,l),\n   base(z,y,l).": {
         "0": {
          "atom-frequency": {
           "@new_q(x,y,l) :- \n   @delta_q(x,z,l),\n   base(z,y,l).": {
            "@delta_q": {
             "level": 0,
             "num-tuples": 0
            },
            "base": {
             "level": 1,
             "num-tuples": 0
            }
           }
          },
          "maxRSS": {
           "post": 16928,
           "pre": 16928
          },
          "num-tuples": 27,
          "runtime": { "start": 17309539483, "end": 17309539698},
          "source-locator": "/root/compiler/tests/corpus/CULPRIT_CANDIDATES/cc_arity3_twobound.dl [19:1-19:35]"
         }
        }
       },
       "runtime": { "start": 17309539483, "end": 17309539710}
      },
      "1": {
       "copytime": { "start": 17309539773, "end": 17309539774},
       "maxRSS": {
        "post": 16928,
        "pre": 16928
       },
       "num-tuples": 7,
       "recursive-rule": {
        "q(x,y,l) :- \n   q(x,z,l),\n   base(z,y,l).": {
         "0": {
          "maxRSS": {
           "post": 16928,
           "pre": 16928
          },
          "num-tuples": 7,
          "runtime": { "start": 17309539741, "end": 17309539748},
          "source-locator": "/root/compiler/tests/corpus/CULPRIT_CANDIDATES/cc_arity3_twobound.dl [19:1-19:35]"
         }
        }
       },
       "runtime": { "start": 17309539741, "end": 17309539755}
      },
      "2": {
       "maxRSS": {
        "post": 16928,
        "pre": 16928
       },
       "num-tuples": 0,
       "recursive-rule": {
        "q(x,y,l) :- \n   q(x,z,l),\n   base(z,y,l).": {
         "0": {
          "maxRSS": {
           "post": 16928,
           "pre": 16928
          },
          "num-tuples": 0,
          "runtime": { "start": 17309539779, "end": 17309539781},
          "source-locator": "/root/compiler/tests/corpus/CULPRIT_CANDIDATES/cc_arity3_twobound.dl [19:1-19:35]"
         }
        }
       },
       "runtime": { "start": 17309539778, "end": 17309539788}
      }
     },
     "maxRSS": {
      "post": 16928,
      "pre": 16928
     },
     "non-recursive-rule": {
      "q(x,y,l) :- \n   base(x,y,l).": {
       "atom-frequency": {
        "q(x,y,l) :- \n   base(x,y,l).": {
         "base": {
          "level": 0,
          "num-tuples": 0
         }
        }
       },
       "maxRSS": {
        "post": 16928,
        "pre": 16928
       },
       "num-tuples": 75,
       "runtime": { "start": 17309539453, "end": 17309539464},
       "source-locator": "/root/compiler/tests/corpus/CULPRIT_CANDIDATES/cc_arity3_twobound.dl [18:1-18:25]"
      }
     },
     "num-tuples": 75,
     "reads": 35,
     "runtime": { "start": 17309539441, "end": 17309539473},
     "source-locator": "/root/compiler/tests/corpus/CULPRIT_CANDIDATES/cc_arity3_twobound.dl [17:7-17:8]"
    },
    "s": {
     "maxRSS": {
      "post": 16928,
      "pre": 16928
     },
     "non-recursive-rule": {
      "s(x,l) :- \n   q(x,_,l),\n   blocked(x,l).": {
       "atom-frequency": {
        "s(x,l) :- \n   q(x,_,l),\n   blocked(x,l).": {
         "q": {
          "level": 0,
          "num-tuples": 0
         }
        }
       },
       "maxRSS": {
        "post": 16928,
        "pre": 16928
       },
       "num-tuples": 11,
       "runtime": { "start": 17309539808, "end": 17309539815},
       "source-locator": "/root/compiler/tests/corpus/CULPRIT_CANDIDATES/cc_arity3_twobound.dl [22:1-22:34]"
      }
     },
     "num-tuples": 11,
     "reads": 121,
     "runtime": { "start": 17309539798, "end": 17309539825},
     "source-locator": "/root/compiler/tests/corpus/CULPRIT_CANDIDATES/cc_arity3_twobound.dl [21:7-21:8]"
    }
   },
   "runtime": { "start": 17309538006, "end": 17309540067},
   "starttime": { "time": 17309537977},
   "usage": {
    "timepoint": {
     "17309537996": {
      "maxRSS": 16928,
      "systemtime": 1268,
      "usertime": 1268
     },
     "17309538811": {
      "maxRSS": 16928,
      "systemtime": 2563,
      "usertime": 2563
     },
     "17309539125": {
      "maxRSS": 16928,
      "systemtime": 2727,
      "usertime": 2727
     },
     "17309539484": {
      "maxRSS": 16928,
      "systemtime": 2825,
      "usertime": 2825
     },
     "17309539736": {
      "maxRSS": 16928,
      "systemtime": 2961,
      "usertime": 2961
     },
     "17309539742": {
      "maxRSS": 16928,
      "systemtime": 2969,
      "usertime": 2969
     },
     "17309539780": {
      "maxRSS": 16928,
      "systemtime": 2993,
      "usertime": 2993
     },
     "17309539795": {
      "maxRSS": 16928,
      "systemtime": 3006,
      "usertime": 3006
     },
     "17309539815": {
      "maxRSS": 16928,
      "systemtime": 3016,
      "usertime": 3016
     },
     "17309539850": {
      "maxRSS": 16928,
      "systemtime": 3040,
      "usertime": 3040
     },
     "17309539882": {
      "maxRSS": 16928,
      "systemtime": 3060,
      "usertime": 3060
     },
     "17309539925": {
      "maxRSS": 16928,
      "systemtime": 3090,
      "usertime": 3090
     },
     "17309539934": {
      "maxRSS": 16928,
      "systemtime": 3100,
      "usertime": 3100
     },
     "17309539966": {
      "maxRSS": 16928,
      "systemtime": 3116,
      "usertime": 3116
     },
     "17309539999": {
      "maxRSS": 16928,
      "systemtime": 3148,
      "usertime": 3148
     }
    }
   }
  }
 }
}
