{
 "root": {
  "program": {
   "configuration": {
    "": "/root/compiler/tests/corpus/BENCHMARK_FAMILY/ancestor_nonancestor.dl",
    "fact-dir": "/root/compiler/fixtures/benchmark-family/ancestor_nonancestor/n500",
    "include-dir": ".",
    "jobs": "1",
    "libraries": "functors",
    "library-dir": ".",
    "output-dir": "/root/compiler/measurements/night03-t5/n500/orig_vs_v2/original",
    "profile": "prof.log",
    "relationCount": "5",
    "ruleCount": "6",
    "version": "2.5",
    "warn": "all",
    "wno": "none"
   },
   "relation": {
    "ancestor": {
     "iteration": {
      "0": {
       "copytime": { "start": 1897877931, "end": 1897878138},
       "maxRSS": {
        "post": 12376,
        "pre": 12248
       },
       "num-tuples": 2208,
       "recursive-rule": {
        "ancestor(x,y) :- \n   parent(x,z),\n   ancestor(z,y).": {
         "0": {
          "atom-frequency": {
           "@new_ancestor(x,y) :- \n   parent(x,z),\n   @delta_ancestor(z,y).": {
            "@delta_ancestor": {
             "level": 1,
             "num-tuples": 0
            },
            "parent": {
             "level": 0,
             "num-tuples": 0
            }
           }
          },
          "maxRSS": {
           "post": 12376,
           "pre": 12248
          },
          "num-tuples": 2208,
          "runtime": { "start": 1897877514, "end": 1897877894},
          "source-locator": "/root/compiler/tests/corpus/BENCHMARK_FAMILY/ancestor_nonancestor.dl [22:1-22:45]"
         }
        }
       },
       "runtime": { "start": 1897877504, "end": 1897877907}
      },
      "1": {
       "copytime": { "start": 1897879035, "end": 1897879465},
       "maxRSS": {
        "post": 12504,
        "pre": 12376
       },
       "num-tuples": 4475,
       "recursive-rule": {
        "ancestor(x,y) :- \n   parent(x,z),\n   ancestor(z,y).": {
         "0": {
          "maxRSS": {
           "post": 12504,
           "pre": 12376
          },
          "num-tuples": 4475,
          "runtime": { "start": 1897878156, "end": 1897878994},
          "source-locator": "/root/compiler/tests/corpus/BENCHMARK_FAMILY/ancestor_nonancestor.dl [22:1-22:45]"
         }
        }
       },
       "runtime": { "start": 1897878145, "end": 1897879011}
      },
      "10": {
       "copytime": { "start": 1897903488, "end": 1897904265},
       "maxRSS": {
        "post": 14808,
        "pre": 14808
       },
       "num-tuples": 6207,
       "recursive-rule": {
        "ancestor(x,y) :- \n   parent(x,z),\n   ancestor(z,y).": {
         "0": {
          "maxRSS": {
           "post": 14808,
           "pre": 14808
          },
          "num-tuples": 6207,
          "runtime": { "start": 1897902010, "end": 1897903448},
          "source-locator": "/root/compiler/tests/corpus/BENCHMARK_FAMILY/ancestor_nonancestor.dl [22:1-22:45]"
         }
        }
       },
       "runtime": { "start": 1897901997, "end": 1897903460}
      },
      "11": {
       "copytime": { "start": 1897905543, "end": 1897906113},
       "maxRSS": {
        "post": 14936,
        "pre": 14936
       },
       "num-tuples": 4794,
       "recursive-rule": {
        "ancestor(x,y) :- \n   parent(x,z),\n   ancestor(z,y).": {
         "0": {
          "maxRSS": {
           "post": 14936,
           "pre": 14936
          },
          "num-tuples": 4794,
          "runtime": { "start": 1897904288, "end": 1897905507},
          "source-locator": "/root/compiler/tests/corpus/BENCHMARK_FAMILY/ancestor_nonancestor.dl [22:1-22:45]"
         }
        }
       },
       "runtime": { "start": 1897904274, "end": 1897905518}
      },
      "12": {
       "copytime": { "start": 1897907149, "end": 1897907585},
       "maxRSS": {
        "post": 15064,
        "pre": 15064
       },
       "num-tuples": 3491,
       "recursive-rule": {
        "ancestor(x,y) :- \n   parent(x,z),\n   ancestor(z,y).": {
         "0": {
          "maxRSS": {
           "post": 15064,
           "pre": 15064
          },
          "num-tuples": 3491,
          "runtime": { "start": 1897906132, "end": 1897907111},
          "source-locator": "/root/compiler/tests/corpus/BENCHMARK_FAMILY/ancestor_nonancestor.dl [22:1-22:45]"
         }
        }
       },
       "runtime": { "start": 1897906120, "end": 1897907122}
      },
      "13": {
       "copytime": { "start": 1897908443, "end": 1897908755},
       "maxRSS": {
        "post": 15064,
        "pre": 15064
       },
       "num-tuples": 2292,
       "recursive-rule": {
        "ancestor(x,y) :- \n   parent(x,z),\n   ancestor(z,y).": {
         "0": {
          "maxRSS": {
           "post": 15064,
           "pre": 15064
          },
          "num-tuples": 2292,
          "runtime": { "start": 1897907605, "end": 1897908407},
          "source-locator": "/root/compiler/tests/corpus/BENCHMARK_FAMILY/ancestor_nonancestor.dl [22:1-22:45]"
         }
        }
       },
       "runtime": { "start": 1897907592, "end": 1897908418}
      },
      "14": {
       "copytime": { "start": 1897909382, "end": 1897909581},
       "maxRSS": {
        "post": 15064,
        "pre": 15064
       },
       "num-tuples": 1451,
       "recursive-rule": {
        "ancestor(x,y) :- \n   parent(x,z),\n   ancestor(z,y).": {
         "0": {
          "maxRSS": {
           "post": 15064,
           "pre": 15064
          },
          "num-tuples": 1451,
          "runtime": { "start": 1897908775, "end": 1897909345},
          "source-locator": "/root/compiler/tests/corpus/BENCHMARK_FAMILY/ancestor_nonancestor.dl [22:1-22:45]"
         }
        }
       },
       "runtime": { "start": 1897908762, "end": 1897909357}
      },
      "15": {
       "copytime": { "start": 1897910030, "end": 1897910171},
       "maxRSS": {
        "post": 15064,
        "pre": 15064
       },
       "num-tuples": 938,
       "recursive-rule": {
        "ancestor(x,y) :- \n   parent(x,z),\n   ancestor(z,y).": {
         "0": {
          "maxRSS": {
           "post": 15064,
           "pre": 15064
          },
          "num-tuples": 938,
          "runtime": { "start": 1897909600, "end": 1897909995},
          "source-locator": "/root/compiler/tests/corpus/BENCHMARK_FAMILY/ancestor_nonancestor.dl [22:1-22:45]"
         }
        }
       },
       "runtime": { "start": 1897909586, "end": 1897910006}
      },
      "16": {
       "copytime": { "start": 1897910531, "end": 1897910623},
       "maxRSS": {
        "post": 15064,
        "pre": 15064
       },
       "num-tuples": 590,
       "recursive-rule": {
        "ancestor(x,y) :- \n   parent(x,z),\n   ancestor(z,y).": {
         "0": {
          "maxRSS": {
           "post": 15064,
           "pre": 15064
          },
          "num-tuples": 590,
          "runtime": { "start": 1897910189, "end": 1897910498},
          "source-locator": "/root/compiler/tests/corpus/BENCHMARK_FAMILY/ancestor_nonancestor.dl [22:1-22:45]"
         }
        }
       },
       "runtime": { "start": 1897910177, "end": 1897910509}
      },
      "17": {
       "copytime": { "start": 1897910892, "end": 1897910938},
       "maxRSS": {
        "post": 15064,
        "pre": 15064
       },
       "num-tuples": 310,
       "recursive-rule": {
        "ancestor(x,y) :- \n   parent(x,z),\n   ancestor(z,y).": {
         "0": {
          "maxRSS": {
           "post": 15064,
           "pre": 15064
          },
          "num-tuples": 310,
          "runtime": { "start": 1897910639, "end": 1897910859},
          "source-locator": "/root/compiler/tests/corpus/BENCHMARK_FAMILY/ancestor_nonancestor.dl [22:1-22:45]"
         }
        }
       },
       "runtime": { "start": 1897910628, "end": 1897910870}
      },
      "18": {
       "copytime": { "start": 1897911126, "end": 1897911149},
       "maxRSS": {
        "post": 15064,
        "pre": 15064
       },
       "num-tuples": 142,
       "recursive-rule": {
        "ancestor(x,y) :- \n   parent(x,z),\n   ancestor(z,y).": {
         "0": {
          "maxRSS": {
           "post": 15064,
           "pre": 15064
          },
          "num-tuples": 142,
          "runtime": { "start": 1897910957, "end": 1897911094},
          "source-locator": "/root/compiler/tests/corpus/BENCHMARK_FAMILY/ancestor_nonancestor.dl [22:1-22:45]"
         }
        }
       },
       "runtime": { "start": 1897910943, "end": 1897911105}
      },
      "19": {
       "copytime": { "start": 1897911279, "end": 1897911290},
       "maxRSS": {
        "post": 15064,
        "pre": 15064
       },
       "num-tuples": 62,
       "recursive-rule": {
        "ancestor(x,y) :- \n   parent(x,z),\n   ancestor(z,y).": {
         "0": {
          "maxRSS": {
           "post": 15064,
           "pre": 15064
          },
          "num-tuples": 62,
          "runtime": { "start": 1897911162, "end": 1897911250},
          "source-locator": "/root/compiler/tests/corpus/BENCHMARK_FAMILY/ancestor_nonancestor.dl [22:1-22:45]"
         }
        }
       },
       "runtime": { "start": 1897911153, "end": 1897911259}
      },
      "2": {
       "copytime": { "start": 1897880874, "end": 1897881574},
       "maxRSS": {
        "post": 12760,
        "pre": 12632
       },
       "num-tuples": 7388,
       "recursive-rule": {
        "ancestor(x,y) :- \n   parent(x,z),\n   ancestor(z,y).": {
         "0": {
          "maxRSS": {
           "post": 12760,
           "pre": 12632
          },
          "num-tuples": 7388,
          "runtime": { "start": 1897879484, "end": 1897880837},
          "source-locator": "/root/compiler/tests/corpus/BENCHMARK_FAMILY/ancestor_nonancestor.dl [22:1-22:45]"
         }
        }
       },
       "runtime": { "start": 1897879473, "end": 1897880850}
      },
      "20": {
       "copytime": { "start": 1897911391, "end": 1897911394},
       "maxRSS": {
        "post": 15064,
        "pre": 15064
       },
       "num-tuples": 12,
       "recursive-rule": {
        "ancestor(x,y) :- \n   parent(x,z),\n   ancestor(z,y).": {
         "0": {
          "maxRSS": {
           "post": 15064,
           "pre": 15064
          },
          "num-tuples": 12,
          "runtime": { "start": 1897911303, "end": 1897911362},
          "source-locator": "/root/compiler/tests/corpus/BENCHMARK_FAMILY/ancestor_nonancestor.dl [22:1-22:45]"
         }
        }
       },
       "runtime": { "start": 1897911294, "end": 1897911372}
      },
      "21": {
       "copytime": { "start": 1897911467, "end": 1897911468},
       "maxRSS": {
        "post": 15064,
        "pre": 15064
       },
       "num-tuples": 2,
       "recursive-rule": {
        "ancestor(x,y) :- \n   parent(x,z),\n   ancestor(z,y).": {
         "0": {
          "maxRSS": {
           "post": 15064,
           "pre": 15064
          },
          "num-tuples": 2,
          "runtime": { "start": 1897911407, "end": 1897911438},
          "source-locator": "/root/compiler/tests/corpus/BENCHMARK_FAMILY/ancestor_nonancestor.dl [22:1-22:45]"
         }
        }
       },
       "runtime": { "start": 1897911397, "end": 1897911448}
      },
      "22": {
       "maxRSS": {
        "post": 15064,
        "pre": 15064
       },
       "num-tuples": 0,
       "recursive-rule": {
        "ancestor(x,y) :- \n   parent(x,z),\n   ancestor(z,y).": {
         "0": {
          "maxRSS": {
           "post": 15064,
           "pre": 15064
          },
          "num-tuples": 0,
          "runtime": { "start": 1897911481, "end": 1897911501},
          "source-locator": "/root/compiler/tests/corpus/BENCHMARK_FAMILY/ancestor_nonancestor.dl [22:1-22:45]"
         }
        }
       },
       "runtime": { "start": 1897911472, "end": 1897911509}
      },
      "3": {
       "copytime": { "start": 1897883372, "end": 1897884307},
       "maxRSS": {
        "post": 13016,
        "pre": 12888
       },
       "num-tuples": 9498,
       "recursive-rule": {
        "ancestor(x,y) :- \n   parent(x,z),\n   ancestor(z,y).": {
         "0": {
          "maxRSS": {
           "post": 13016,
           "pre": 12888
          },
          "num-tuples": 9498,
          "runtime": { "start": 1897881595, "end": 1897883332},
          "source-locator": "/root/compiler/tests/corpus/BENCHMARK_FAMILY/ancestor_nonancestor.dl [22:1-22:45]"
         }
        }
       },
       "runtime": { "start": 1897881581, "end": 1897883344}
      },
      "4": {
       "copytime": { "start": 1897886292, "end": 1897887400},
       "maxRSS": {
        "post": 13272,
        "pre": 13272
       },
       "num-tuples": 9918,
       "recursive-rule": {
        "ancestor(x,y) :- \n   parent(x,z),\n   ancestor(z,y).": {
         "0": {
          "maxRSS": {
           "post": 13272,
           "pre": 13272
          },
          "num-tuples": 9918,
          "runtime": { "start": 1897884327, "end": 1897886251},
          "source-locator": "/root/compiler/tests/corpus/BENCHMARK_FAMILY/ancestor_nonancestor.dl [22:1-22:45]"
         }
        }
       },
       "runtime": { "start": 1897884314, "end": 1897886263}
      },
      "5": {
       "copytime": { "start": 1897889396, "end": 1897890439},
       "maxRSS": {
        "post": 13528,
        "pre": 13528
       },
       "num-tuples": 9643,
       "recursive-rule": {
        "ancestor(x,y) :- \n   parent(x,z),\n   ancestor(z,y).": {
         "0": {
          "maxRSS": {
           "post": 13528,
           "pre": 13528
          },
          "num-tuples": 9643,
          "runtime": { "start": 1897887415, "end": 1897889349},
          "source-locator": "/root/compiler/tests/corpus/BENCHMARK_FAMILY/ancestor_nonancestor.dl [22:1-22:45]"
         }
        }
       },
       "runtime": { "start": 1897887410, "end": 1897889362}
      },
      "6": {
       "copytime": { "start": 1897892331, "end": 1897893422},
       "maxRSS": {
        "post": 13912,
        "pre": 13912
       },
       "num-tuples": 9541,
       "recursive-rule": {
        "ancestor(x,y) :- \n   parent(x,z),\n   ancestor(z,y).": {
         "0": {
          "maxRSS": {
           "post": 13912,
           "pre": 13912
          },
          "num-tuples": 9541,
          "runtime": { "start": 1897890467, "end": 1897892292},
          "source-locator": "/root/compiler/tests/corpus/BENCHMARK_FAMILY/ancestor_nonancestor.dl [22:1-22:45]"
         }
        }
       },
       "runtime": { "start": 1897890448, "end": 1897892305}
      },
      "7": {
       "copytime": { "start": 1897895323, "end": 1897896478},
       "maxRSS": {
        "post": 14168,
        "pre": 14168
       },
       "num-tuples": 9570,
       "recursive-rule": {
        "ancestor(x,y) :- \n   parent(x,z),\n   ancestor(z,y).": {
         "0": {
          "maxRSS": {
           "post": 14168,
           "pre": 14168
          },
          "num-tuples": 9570,
          "runtime": { "start": 1897893448, "end": 1897895277},
          "source-locator": "/root/compiler/tests/corpus/BENCHMARK_FAMILY/ancestor_nonancestor.dl [22:1-22:45]"
         }
        }
       },
       "runtime": { "start": 1897893434, "end": 1897895293}
      },
      "8": {
       "copytime": { "start": 1897898341, "end": 1897899336},
       "maxRSS": {
        "post": 14424,
        "pre": 14424
       },
       "num-tuples": 8972,
       "recursive-rule": {
        "ancestor(x,y) :- \n   parent(x,z),\n   ancestor(z,y).": {
         "0": {
          "maxRSS": {
           "post": 14424,
           "pre": 14424
          },
          "num-tuples": 8972,
          "runtime": { "start": 1897896501, "end": 1897898301},
          "source-locator": "/root/compiler/tests/corpus/BENCHMARK_FAMILY/ancestor_nonancestor.dl [22:1-22:45]"
         }
        }
       },
       "runtime": { "start": 1897896487, "end": 1897898314}
      },
      "9": {
       "copytime": { "start": 1897901088, "end": 1897901988},
       "maxRSS": {
        "post": 14552,
        "pre": 14552
       },
       "num-tuples": 7845,
       "recursive-rule": {
        "ancestor(x,y) :- \n   parent(x,z),\n   ancestor(z,y).": {
         "0": {
          "maxRSS": {
           "post": 14552,
           "pre": 14552
          },
          "num-tuples": 7845,
          "runtime": { "start": 1897899357, "end": 1897901046},
          "source-locator": "/root/compiler/tests/corpus/BENCHMARK_FAMILY/ancestor_nonancestor.dl [22:1-22:45]"
         }
        }
       },
       "runtime": { "start": 1897899343, "end": 1897901058}
      }
     },
     "maxRSS": {
      "post": 12248,
      "pre": 12248
     },
     "non-recursive-rule": {
      "ancestor(x,y) :- \n   parent(x,y).": {
       "atom-frequency": {
        "ancestor(x,y) :- \n   parent(x,y).": {
         "parent": {
          "level": 0,
          "num-tuples": 0
         }
        }
       },
       "maxRSS": {
        "post": 12248,
        "pre": 12248
       },
       "num-tuples": 1000,
       "runtime": { "start": 1897877392, "end": 1897877446},
       "source-locator": "/root/compiler/tests/corpus/BENCHMARK_FAMILY/ancestor_nonancestor.dl [21:1-21:30]"
      }
     },
     "num-tuples": 1000,
     "reads": 417668,
     "runtime": { "start": 1897877381, "end": 1897877456},
     "source-locator": "/root/compiler/tests/corpus/BENCHMARK_FAMILY/ancestor_nonancestor.dl [20:7-20:15]"
    },
    "nonancestor": {
     "maxRSS": {
      "post": 18008,
      "pre": 15064
     },
     "non-recursive-rule": {
      "nonancestor(x,y) :- \n   person(x),\n   person(y),\n   !ancestor(x,y).": {
       "atom-frequency": {
        "nonancestor(x,y) :- \n   person(x),\n   person(y),\n   !ancestor(x,y).": {
         "person": {
          "level": 0,
          "num-tuples": 0
         }
        }
       },
       "maxRSS": {
        "post": 18008,
        "pre": 15064
       },
       "num-tuples": 149651,
       "runtime": { "start": 1897911545, "end": 1897930268},
       "source-locator": "/root/compiler/tests/corpus/BENCHMARK_FAMILY/ancestor_nonancestor.dl [25:1-25:58]"
      }
     },
     "num-tuples": 149651,
     "reads": 0,
     "runtime": { "start": 1897911535, "end": 1897930335},
     "source-locator": "/root/compiler/tests/corpus/BENCHMARK_FAMILY/ancestor_nonancestor.dl [24:7-24:18]"
    },
    "parent": {
     "loadtime": { "start": 1897876338, "end": 1897876977},
     "num-tuples": 1000,
     "reads": 0,
     "source-locator": "/root/compiler/tests/corpus/BENCHMARK_FAMILY/ancestor_nonancestor.dl [15:7-15:13]"
    },
    "person": {
     "loadtime": { "start": 1897876989, "end": 1897877371},
     "num-tuples": 500,
     "reads": 0,
     "source-locator": "/root/compiler/tests/corpus/BENCHMARK_FAMILY/ancestor_nonancestor.dl [17:7-17:13]"
    },
    "q_nonancestor": {
     "maxRSS": {
      "post": 18008,
      "pre": 18008
     },
     "non-recursive-rule": {
      "q_nonancestor(y) :- \n   nonancestor(1,y).": {
       "atom-frequency": {
        "q_nonancestor(y) :- \n   nonancestor(1,y).": {
         "nonancestor": {
          "level": 0,
          "num-tuples": 0
         }
        }
       },
       "maxRSS": {
        "post": 18008,
        "pre": 18008
       },
       "num-tuples": 450,
       "runtime": { "start": 1897930671, "end": 1897930695},
       "source-locator": "/root/compiler/tests/corpus/BENCHMARK_FAMILY/ancestor_nonancestor.dl [29:1-29:38]"
      }
     },
     "num-tuples": 450,
     "reads": 0,
     "runtime": { "start": 1897930644, "end": 1897930706},
     "savetime": { "start": 1897930723, "end": 1897930958},
     "source-locator": "/root/compiler/tests/corpus/BENCHMARK_FAMILY/ancestor_nonancestor.dl [27:7-27:20]"
    }
   },
   "runtime": { "start": 1897876333, "end": 1897931180},
   "starttime": { "time": 1897876306},
   "usage": {
    "timepoint": {
     "1897876322": {
      "maxRSS": 11680,
      "systemtime": 8932,
      "usertime": 2977
     },
     "1897877022": {
      "maxRSS": 12248,
      "systemtime": 9471,
      "usertime": 3157
     },
     "1897877416": {
      "maxRSS": 12248,
      "systemtime": 9593,
      "usertime": 3197
     },
     "1897877519": {
      "maxRSS": 12376,
      "systemtime": 9693,
      "usertime": 3231
     },
     "1897877929": {
      "maxRSS": 12376,
      "systemtime": 10006,
      "usertime": 3335
     },
     "1897878161": {
      "maxRSS": 12376,
      "systemtime": 10185,
      "usertime": 3395
     },
     "1897879041": {
      "maxRSS": 12504,
      "systemtime": 10854,
      "usertime": 3618
     },
     "1897879488": {
      "maxRSS": 12632,
      "systemtime": 11203,
      "usertime": 3734
     },
     "1897880586": {
      "maxRSS": 12632,
      "systemtime": 11203,
      "usertime": 4262
     },
     "1897880872": {
      "maxRSS": 12760,
      "systemtime": 11203,
      "usertime": 5133
     },
     "1897881626": {
      "maxRSS": 12888,
      "systemtime": 11203,
      "usertime": 5877
     },
     "1897882710": {
      "maxRSS": 12888,
      "systemtime": 11203,
      "usertime": 5891
     },
     "1897883381": {
      "maxRSS": 13016,
      "systemtime": 11331,
      "usertime": 7554
     },
     "1897884334": {
      "maxRSS": 13272,
      "systemtime": 11331,
      "usertime": 8525
     },
     "1897885404": {
      "maxRSS": 13272,
      "systemtime": 11331,
      "usertime": 8537
     },
     "1897886318": {
      "maxRSS": 13272,
      "systemtime": 11331,
      "usertime": 10521
     },
     "1897887459": {
      "maxRSS": 13528,
      "systemtime": 11507,
      "usertime": 11507
     },
     "1897888589": {
      "maxRSS": 13528,
      "systemtime": 11507,
      "usertime": 12171
     },
     "1897889436": {
      "maxRSS": 13656,
      "systemtime": 11507,
      "usertime": 13560
     },
     "1897890507": {
      "maxRSS": 13912,
      "systemtime": 11507,
      "usertime": 14656
     },
     "1897891590": {
      "maxRSS": 13912,
      "systemtime": 11507,
      "usertime": 14673
     },
     "1897892336": {
      "maxRSS": 13912,
      "systemtime": 11507,
      "usertime": 16553
     },
     "1897893412": {
      "maxRSS": 14168,
      "systemtime": 11507,
      "usertime": 16571
     },
     "1897893452": {
      "maxRSS": 14168,
      "systemtime": 11507,
      "usertime": 17700
     },
     "1897894526": {
      "maxRSS": 14168,
      "systemtime": 11507,
      "usertime": 17711
     },
     "1897895325": {
      "maxRSS": 14168,
      "systemtime": 11666,
      "usertime": 19444
     },
     "1897896443": {
      "maxRSS": 14424,
      "systemtime": 11666,
      "usertime": 20150
     },
     "1897896506": {
      "maxRSS": 14424,
      "systemtime": 11666,
      "usertime": 20661
     },
     "1897897573": {
      "maxRSS": 14424,
      "systemtime": 11666,
      "usertime": 20668
     },
     "1897898382": {
      "maxRSS": 14424,
      "systemtime": 11666,
      "usertime": 22535
     },
     "1897899362": {
      "maxRSS": 14552,
      "systemtime": 11743,
      "usertime": 23486
     },
     "1897900453": {
      "maxRSS": 14552,
      "systemtime": 11743,
      "usertime": 24147
     },
     "1897901117": {
      "maxRSS": 14552,
      "systemtime": 11743,
      "usertime": 25260
     },
     "1897902050": {
      "maxRSS": 14808,
      "systemtime": 11743,
      "usertime": 26204
     },
     "1897903148": {
      "maxRSS": 14808,
      "systemtime": 11743,
      "usertime": 26212
     },
     "1897903490": {
      "maxRSS": 14808,
      "systemtime": 11833,
      "usertime": 27611
     },
     "1897904296": {
      "maxRSS": 14936,
      "systemtime": 11833,
      "usertime": 28427
     },
     "1897905371": {
      "maxRSS": 14936,
      "systemtime": 11833,
      "usertime": 28441
     },
     "1897905542": {
      "maxRSS": 14936,
      "systemtime": 11833,
      "usertime": 29705
     },
     "1897906141": {
      "maxRSS": 15064,
      "systemtime": 11833,
      "usertime": 30309
     },
     "1897907177": {
      "maxRSS": 15064,
      "systemtime": 11833,
      "usertime": 31347
     },
     "1897907610": {
      "maxRSS": 15064,
      "systemtime": 11904,
      "usertime": 31745
     },
     "1897908442": {
      "maxRSS": 15064,
      "systemtime": 11904,
      "usertime": 32585
     },
     "1897908816": {
      "maxRSS": 15064,
      "systemtime": 11904,
      "usertime": 32944
     },
     "1897909387": {
      "maxRSS": 15064,
      "systemtime": 11904,
      "usertime": 33567
     },
     "1897909607": {
      "maxRSS": 15064,
      "systemtime": 11904,
      "usertime": 33805
     },
     "1897910031": {
      "maxRSS": 15064,
      "systemtime": 11904,
      "usertime": 34245
     },
     "1897910194": {
      "maxRSS": 15064,
      "systemtime": 11904,
      "usertime": 34413
     },
     "1897910530": {
      "maxRSS": 15064,
      "systemtime": 11904,
      "usertime": 34756
     },
     "1897910643": {
      "maxRSS": 15064,
      "systemtime": 11904,
      "usertime": 34877
     },
     "1897910894": {
      "maxRSS": 15064,
      "systemtime": 11904,
      "usertime": 35139
     },
     "1897910963": {
      "maxRSS": 15064,
      "systemtime": 11904,
      "usertime": 35220
     },
     "1897911124": {
      "maxRSS": 15064,
      "systemtime": 11904,
      "usertime": 35390
     },
     "1897911166": {
      "maxRSS": 15064,
      "systemtime": 11904,
      "usertime": 35437
     },
     "1897911277": {
      "maxRSS": 15064,
      "systemtime": 11904,
      "usertime": 35554
     },
     "1897911307": {
      "maxRSS": 15064,
      "systemtime": 11904,
      "usertime": 35590
     },
     "1897911389": {
      "maxRSS": 15064,
      "systemtime": 11904,
      "usertime": 35677
     },
     "1897911410": {
      "maxRSS": 15064,
      "systemtime": 11904,
      "usertime": 35708
     },
     "1897911465": {
      "maxRSS": 15064,
      "systemtime": 11918,
      "usertime": 35754
     },
     "1897911485": {
      "maxRSS": 15064,
      "systemtime": 11924,
      "usertime": 35773
     },
     "1897911529": {
      "maxRSS": 15064,
      "systemtime": 11936,
      "usertime": 35810
     },
     "1897911549": {
      "maxRSS": 15064,
      "systemtime": 11943,
      "usertime": 35829
     },
     "1897912620": {
      "maxRSS": 15320,
      "systemtime": 11943,
      "usertime": 36360
     },
     "1897913739": {
      "maxRSS": 15576,
      "systemtime": 11943,
      "usertime": 36386
     },
     "1897914805": {
      "maxRSS": 15704,
      "systemtime": 11943,
      "usertime": 36394
     },
     "1897915919": {
      "maxRSS": 15832,
      "systemtime": 11943,
      "usertime": 36403
     },
     "1897917034": {
      "maxRSS": 16088,
      "systemtime": 11943,
      "usertime": 40349
     },
     "1897918134": {
      "maxRSS": 16216,
      "systemtime": 11943,
      "usertime": 40382
     },
     "1897919271": {
      "maxRSS": 16344,
      "systemtime": 11943,
      "usertime": 40414
     },
     "1897920403": {
      "maxRSS": 16472,
      "systemtime": 11943,
      "usertime": 44457
     },
     "1897921535": {
      "maxRSS": 16600,
      "systemtime": 11943,
      "usertime": 44488
     },
     "1897922619": {
      "maxRSS": 16856,
      "systemtime": 11943,
      "usertime": 44507
     },
     "1897923701": {
      "maxRSS": 16984,
      "systemtime": 11943,
      "usertime": 44525
     },
     "1897924772": {
      "maxRSS": 17112,
      "systemtime": 15119,
      "usertime": 45359
     },
     "1897925839": {
      "maxRSS": 17368,
      "systemtime": 15122,
      "usertime": 45367
     },
     "1897926909": {
      "maxRSS": 17496,
      "systemtime": 15125,
      "usertime": 45375
     },
     "1897928032": {
      "maxRSS": 17624,
      "systemtime": 15181,
      "usertime": 49339
     },
     "1897929115": {
      "maxRSS": 17752,
      "systemtime": 15186,
      "usertime": 49356
     },
     "1897930191": {
      "maxRSS": 18008,
      "systemtime": 15701,
      "usertime": 51030
     },
     "1897930708": {
      "maxRSS": 18008,
      "systemtime": 15831,
      "usertime": 51453
     },
     "1897930739": {
      "maxRSS": 18008,
      "systemtime": 15841,
      "usertime": 51484
     }
    }
   }
  }
 }
}
