{
 "root": {
  "program": {
   "configuration": {
    "": "/root/compiler/measurements/night04-b-cone/cc_cone_proper_subset/n20/emit_guarded/transformed.dl",
    "fact-dir": "/root/compiler/fixtures/cone_corpus/cc_cone_proper_subset/n20",
    "include-dir": ".",
    "jobs": "1",
    "libraries": "functors",
    "library-dir": ".",
    "output-dir": "/root/compiler/measurements/night04-b-cone/cc_cone_proper_subset/n20/dlc",
    "profile": "prof.log",
    "relationCount": "20",
    "ruleCount": "29",
    "version": "2.5",
    "warn": "all",
    "wno": "none"
   },
   "relation": {
    "base": {
     "loadtime": { "start": 21905587796, "end": 21905587877},
     "num-tuples": 30,
     "reads": 0,
     "source-locator": "/root/compiler/measurements/night04-b-cone/cc_cone_proper_subset/n20/emit_guarded/transformed.dl [1:7-1:11]"
    },
    "blocked": {
     "loadtime": { "start": 21905587886, "end": 21905587912},
     "num-tuples": 2,
     "reads": 199,
     "source-locator": "/root/compiler/measurements/night04-b-cone/cc_cone_proper_subset/n20/emit_guarded/transformed.dl [5:7-5:14]"
    },
    "chain_edge": {
     "loadtime": { "start": 21905587919, "end": 21905587942},
     "num-tuples": 20,
     "reads": 0,
     "source-locator": "/root/compiler/measurements/night04-b-cone/cc_cone_proper_subset/n20/emit_guarded/transformed.dl [9:7-9:17]"
    },
    "chain_seed": {
     "loadtime": { "start": 21905587949, "end": 21905587968},
     "num-tuples": 2,
     "reads": 0,
     "source-locator": "/root/compiler/measurements/night04-b-cone/cc_cone_proper_subset/n20/emit_guarded/transformed.dl [7:7-7:17]"
    },
    "e": {
     "loadtime": { "start": 21905587975, "end": 21905588010},
     "num-tuples": 31,
     "reads": 0,
     "source-locator": "/root/compiler/measurements/night04-b-cone/cc_cone_proper_subset/n20/emit_guarded/transformed.dl [3:7-3:8]"
    },
    "gate1b": {
     "iteration": {
      "0": {
       "copytime": { "start": 21905588159, "end": 21905588160},
       "maxRSS": {
        "post": 12556,
        "pre": 12428
       },
       "num-tuples": 2,
       "recursive-rule": {
        "gate1b(x) :- \n   gate1b(y),\n   chain_edge(y,x).": {
         "0": {
          "atom-frequency": {
           "@new_gate1b(x) :- \n   @delta_gate1b(y),\n   chain_edge(y,x).": {
            "@delta_gate1b": {
             "level": 0,
             "num-tuples": 0
            },
            "chain_edge": {
             "level": 1,
             "num-tuples": 0
            }
           }
          },
          "maxRSS": {
           "post": 12556,
           "pre": 12428
          },
          "num-tuples": 2,
          "runtime": { "start": 21905588122, "end": 21905588129},
          "source-locator": "/root/compiler/measurements/night04-b-cone/cc_cone_proper_subset/n20/emit_guarded/transformed.dl [41:1-41:42]"
         }
        }
       },
       "runtime": { "start": 21905588113, "end": 21905588139}
      },
      "1": {
       "maxRSS": {
        "post": 12556,
        "pre": 12556
       },
       "num-tuples": 0,
       "recursive-rule": {
        "gate1b(x) :- \n   gate1b(y),\n   chain_edge(y,x).": {
         "0": {
          "maxRSS": {
           "post": 12556,
           "pre": 12556
          },
          "num-tuples": 0,
          "runtime": { "start": 21905588175, "end": 21905588176},
          "source-locator": "/root/compiler/measurements/night04-b-cone/cc_cone_proper_subset/n20/emit_guarded/transformed.dl [41:1-41:42]"
         }
        }
       },
       "runtime": { "start": 21905588166, "end": 21905588185}
      }
     },
     "maxRSS": {
      "post": 12428,
      "pre": 12428
     },
     "non-recursive-rule": {
      "gate1b(x) :- \n   chain_seed(x).": {
       "atom-frequency": {
        "gate1b(x) :- \n   chain_seed(x).": {
         "chain_seed": {
          "level": 0,
          "num-tuples": 0
         }
        }
       },
       "maxRSS": {
        "post": 12428,
        "pre": 12428
       },
       "num-tuples": 2,
       "runtime": { "start": 21905588099, "end": 21905588100},
       "source-locator": "/root/compiler/measurements/night04-b-cone/cc_cone_proper_subset/n20/emit_guarded/transformed.dl [40:1-40:28]"
      }
     },
     "num-tuples": 2,
     "reads": 34,
     "runtime": { "start": 21905588089, "end": 21905588108},
     "source-locator": "/root/compiler/measurements/night04-b-cone/cc_cone_proper_subset/n20/emit_guarded/transformed.dl [16:7-16:13]"
    },
    "magic_direct_bf": {
     "maxRSS": {
      "post": 12428,
      "pre": 12300
     },
     "non-recursive-rule": {
      "magic_direct_bf(1).": {
       "maxRSS": {
        "post": 12428,
        "pre": 12300
       },
       "num-tuples": 1,
       "runtime": { "start": 21905588026, "end": 21905588029},
       "source-locator": "/root/compiler/measurements/night04-b-cone/cc_cone_proper_subset/n20/emit_guarded/transformed.dl [61:1-61:20]"
      }
     },
     "num-tuples": 1,
     "reads": 0,
     "runtime": { "start": 21905588016, "end": 21905588038},
     "source-locator": "/root/compiler/measurements/night04-b-cone/cc_cone_proper_subset/n20/emit_guarded/transformed.dl [38:7-38:22]"
    },
    "out": {
     "maxRSS": {
      "post": 12812,
      "pre": 12812
     },
     "non-recursive-rule": {
      "out(y) :- \n   p(1,y).": {
       "atom-frequency": {
        "out(y) :- \n   p(1,y).": {
         "p": {
          "level": 0,
          "num-tuples": 0
         }
        }
       },
       "maxRSS": {
        "post": 12812,
        "pre": 12812
       },
       "num-tuples": 1,
       "runtime": { "start": 21905590587, "end": 21905590588},
       "source-locator": "/root/compiler/measurements/night04-b-cone/cc_cone_proper_subset/n20/emit_guarded/transformed.dl [58:1-58:19]"
      }
     },
     "num-tuples": 1,
     "reads": 0,
     "runtime": { "start": 21905590586, "end": 21905590595},
     "savetime": { "start": 21905590599, "end": 21905590627},
     "source-locator": "/root/compiler/measurements/night04-b-cone/cc_cone_proper_subset/n20/emit_guarded/transformed.dl [20:7-20:10]"
    },
    "out2": {
     "maxRSS": {
      "post": 12812,
      "pre": 12684
     },
     "non-recursive-rule": {
      "out2(y) :- \n   tc_bf(1,y).": {
       "atom-frequency": {
        "out2(y) :- \n   tc_bf(1,y).": {
         "tc_bf": {
          "level": 0,
          "num-tuples": 0
         }
        }
       },
       "maxRSS": {
        "post": 12684,
        "pre": 12684
       },
       "num-tuples": 13,
       "runtime": { "start": 21905590469, "end": 21905590470},
       "source-locator": "/root/compiler/measurements/night04-b-cone/cc_cone_proper_subset/n20/emit_guarded/transformed.dl [60:1-60:24]"
      }
     },
     "num-tuples": 13,
     "reads": 0,
     "runtime": { "start": 21905590469, "end": 21905590478},
     "savetime": { "start": 21905590482, "end": 21905590518},
     "source-locator": "/root/compiler/measurements/night04-b-cone/cc_cone_proper_subset/n20/emit_guarded/transformed.dl [23:7-23:11]"
    },
    "out3": {
     "maxRSS": {
      "post": 12556,
      "pre": 12556
     },
     "non-recursive-rule": {
      "out3(y) :- \n   sup_direct_bf_r0_1(1,y).": {
       "atom-frequency": {
        "out3(y) :- \n   sup_direct_bf_r0_1(1,y).": {
         "sup_direct_bf_r0_1": {
          "level": 0,
          "num-tuples": 0
         }
        }
       },
       "maxRSS": {
        "post": 12556,
        "pre": 12556
       },
       "num-tuples": 1,
       "runtime": { "start": 21905588613, "end": 21905588614},
       "source-locator": "/root/compiler/measurements/night04-b-cone/cc_cone_proper_subset/n20/emit_guarded/transformed.dl [62:1-62:28]"
      }
     },
     "num-tuples": 1,
     "reads": 0,
     "runtime": { "start": 21905588604, "end": 21905588622},
     "savetime": { "start": 21905588626, "end": 21905588675},
     "source-locator": "/root/compiler/measurements/night04-b-cone/cc_cone_proper_subset/n20/emit_guarded/transformed.dl [26:7-26:11]"
    },
    "p": {
     "iteration": {
      "0": {
       "maxRSS": {
        "post": 12812,
        "pre": 12812
       },
       "num-tuples": 0,
       "recursive-rule": {
        "p(x,y) :- \n   p(x,z),\n   !s(z),\n   q(z,y).": {
         "0": {
          "atom-frequency": {
           "@new_p(x,y) :- \n   @delta_p(x,z),\n   !s(z),\n   q(z,y).": {
            "@delta_p": {
             "level": 0,
             "num-tuples": 0
            },
            "q": {
             "level": 1,
             "num-tuples": 0
            }
           }
          },
          "maxRSS": {
           "post": 12812,
           "pre": 12812
          },
          "num-tuples": 0,
          "runtime": { "start": 21905590556, "end": 21905590559},
          "source-locator": "/root/compiler/measurements/night04-b-cone/cc_cone_proper_subset/n20/emit_guarded/transformed.dl [43:1-43:36]"
         }
        }
       },
       "runtime": { "start": 21905590548, "end": 21905590567}
      }
     },
     "maxRSS": {
      "post": 12812,
      "pre": 12812
     },
     "non-recursive-rule": {
      "p(x,y) :- \n   e(x,y),\n   gate1b(x).": {
       "atom-frequency": {
        "p(x,y) :- \n   e(x,y),\n   gate1b(x).": {
         "e": {
          "level": 0,
          "num-tuples": 0
         }
        }
       },
       "maxRSS": {
        "post": 12812,
        "pre": 12812
       },
       "num-tuples": 7,
       "runtime": { "start": 21905590532, "end": 21905590535},
       "source-locator": "/root/compiler/measurements/night04-b-cone/cc_cone_proper_subset/n20/emit_guarded/transformed.dl [42:1-42:30]"
      }
     },
     "num-tuples": 7,
     "reads": 0,
     "runtime": { "start": 21905590523, "end": 21905590542},
     "source-locator": "/root/compiler/measurements/night04-b-cone/cc_cone_proper_subset/n20/emit_guarded/transformed.dl [19:7-19:8]"
    },
    "q": {
     "iteration": {
      "0": {
       "copytime": { "start": 21905588270, "end": 21905588275},
       "maxRSS": {
        "post": 12556,
        "pre": 12556
       },
       "num-tuples": 46,
       "recursive-rule": {
        "q(x,y) :- \n   q(x,z),\n   base(z,y).": {
         "0": {
          "atom-frequency": {
           "@new_q(x,y) :- \n   @delta_q(x,z),\n   base(z,y).": {
            "@delta_q": {
             "level": 0,
             "num-tuples": 0
            },
            "base": {
             "level": 1,
             "num-tuples": 0
            }
           }
          },
          "maxRSS": {
           "post": 12556,
           "pre": 12556
          },
          "num-tuples": 46,
          "runtime": { "start": 21905588231, "end": 21905588242},
          "source-locator": "/root/compiler/measurements/night04-b-cone/cc_cone_proper_subset/n20/emit_guarded/transformed.dl [45:1-45:32]"
         }
        }
       },
       "runtime": { "start": 21905588222, "end": 21905588251}
      },
      "1": {
       "copytime": { "start": 21905588329, "end": 21905588334},
       "maxRSS": {
        "post": 12556,
        "pre": 12556
       },
       "num-tuples": 51,
       "recursive-rule": {
        "q(x,y) :- \n   q(x,z),\n   base(z,y).": {
         "0": {
          "maxRSS": {
           "post": 12556,
           "pre": 12556
          },
          "num-tuples": 51,
          "runtime": { "start": 21905588287, "end": 21905588302},
          "source-locator": "/root/compiler/measurements/night04-b-cone/cc_cone_proper_subset/n20/emit_guarded/transformed.dl [45:1-45:32]"
         }
        }
       },
       "runtime": { "start": 21905588278, "end": 21905588310}
      },
      "2": {
       "copytime": { "start": 21905588389, "end": 21905588394},
       "maxRSS": {
        "post": 12556,
        "pre": 12556
       },
       "num-tuples": 44,
       "recursive-rule": {
        "q(x,y) :- \n   q(x,z),\n   base(z,y).": {
         "0": {
          "maxRSS": {
           "post": 12556,
           "pre": 12556
          },
          "num-tuples": 44,
          "runtime": { "start": 21905588347, "end": 21905588361},
          "source-locator": "/root/compiler/measurements/night04-b-cone/cc_cone_proper_subset/n20/emit_guarded/transformed.dl [45:1-45:32]"
         }
        }
       },
       "runtime": { "start": 21905588338, "end": 21905588369}
      },
      "3": {
       "copytime": { "start": 21905588443, "end": 21905588446},
       "maxRSS": {
        "post": 12556,
        "pre": 12556
       },
       "num-tuples": 21,
       "recursive-rule": {
        "q(x,y) :- \n   q(x,z),\n   base(z,y).": {
         "0": {
          "maxRSS": {
           "post": 12556,
           "pre": 12556
          },
          "num-tuples": 21,
          "runtime": { "start": 21905588406, "end": 21905588417},
          "source-locator": "/root/compiler/measurements/night04-b-cone/cc_cone_proper_subset/n20/emit_guarded/transformed.dl [45:1-45:32]"
         }
        }
       },
       "runtime": { "start": 21905588397, "end": 21905588424}
      },
      "4": {
       "copytime": { "start": 21905588480, "end": 21905588482},
       "maxRSS": {
        "post": 12556,
        "pre": 12556
       },
       "num-tuples": 6,
       "recursive-rule": {
        "q(x,y) :- \n   q(x,z),\n   base(z,y).": {
         "0": {
          "maxRSS": {
           "post": 12556,
           "pre": 12556
          },
          "num-tuples": 6,
          "runtime": { "start": 21905588450, "end": 21905588456},
          "source-locator": "/root/compiler/measurements/night04-b-cone/cc_cone_proper_subset/n20/emit_guarded/transformed.dl [45:1-45:32]"
         }
        }
       },
       "runtime": { "start": 21905588450, "end": 21905588462}
      },
      "5": {
       "copytime": { "start": 21905588523, "end": 21905588524},
       "maxRSS": {
        "post": 12556,
        "pre": 12556
       },
       "num-tuples": 1,
       "recursive-rule": {
        "q(x,y) :- \n   q(x,z),\n   base(z,y).": {
         "0": {
          "maxRSS": {
           "post": 12556,
           "pre": 12556
          },
          "num-tuples": 1,
          "runtime": { "start": 21905588494, "end": 21905588497},
          "source-locator": "/root/compiler/measurements/night04-b-cone/cc_cone_proper_subset/n20/emit_guarded/transformed.dl [45:1-45:32]"
         }
        }
       },
       "runtime": { "start": 21905588485, "end": 21905588504}
      },
      "6": {
       "maxRSS": {
        "post": 12556,
        "pre": 12556
       },
       "num-tuples": 0,
       "recursive-rule": {
        "q(x,y) :- \n   q(x,z),\n   base(z,y).": {
         "0": {
          "maxRSS": {
           "post": 12556,
           "pre": 12556
          },
          "num-tuples": 0,
          "runtime": { "start": 21905588536, "end": 21905588537},
          "source-locator": "/root/compiler/measurements/night04-b-cone/cc_cone_proper_subset/n20/emit_guarded/transformed.dl [45:1-45:32]"
         }
        }
       },
       "runtime": { "start": 21905588527, "end": 21905588545}
      }
     },
     "maxRSS": {
      "post": 12556,
      "pre": 12556
     },
     "non-recursive-rule": {
      "q(x,y) :- \n   base(x,y).": {
       "atom-frequency": {
        "q(x,y) :- \n   base(x,y).": {
         "base": {
          "level": 0,
          "num-tuples": 0
         }
        }
       },
       "maxRSS": {
        "post": 12556,
        "pre": 12556
       },
       "num-tuples": 30,
       "runtime": { "start": 21905588207, "end": 21905588210},
       "source-locator": "/root/compiler/measurements/night04-b-cone/cc_cone_proper_subset/n20/emit_guarded/transformed.dl [44:1-44:23]"
      }
     },
     "num-tuples": 30,
     "reads": 327,
     "runtime": { "start": 21905588206, "end": 21905588217},
     "source-locator": "/root/compiler/measurements/night04-b-cone/cc_cone_proper_subset/n20/emit_guarded/transformed.dl [15:7-15:8]"
    },
    "s": {
     "maxRSS": {
      "post": 12684,
      "pre": 12684
     },
     "non-recursive-rule": {
      "s(x) :- \n   q(x,y),\n   blocked(y).": {
       "atom-frequency": {
        "s(x) :- \n   q(x,y),\n   blocked(y).": {
         "q": {
          "level": 0,
          "num-tuples": 0
         }
        }
       },
       "maxRSS": {
        "post": 12684,
        "pre": 12684
       },
       "num-tuples": 12,
       "runtime": { "start": 21905588689, "end": 21905588697},
       "source-locator": "/root/compiler/measurements/night04-b-cone/cc_cone_proper_subset/n20/emit_guarded/transformed.dl [46:1-46:29]"
      }
     },
     "num-tuples": 12,
     "reads": 7,
     "runtime": { "start": 21905588680, "end": 21905588705},
     "source-locator": "/root/compiler/measurements/night04-b-cone/cc_cone_proper_subset/n20/emit_guarded/transformed.dl [18:7-18:8]"
    },
    "sibling2_edge": {
     "loadtime": { "start": 21905588043, "end": 21905588065},
     "num-tuples": 41,
     "reads": 0,
     "source-locator": "/root/compiler/measurements/night04-b-cone/cc_cone_proper_subset/n20/emit_guarded/transformed.dl [13:7-13:20]"
    },
    "sibling_edge": {
     "loadtime": { "start": 21905588070, "end": 21905588085},
     "num-tuples": 40,
     "reads": 0,
     "source-locator": "/root/compiler/measurements/night04-b-cone/cc_cone_proper_subset/n20/emit_guarded/transformed.dl [11:7-11:19]"
    },
    "sup_direct_bf_r0_1": {
     "maxRSS": {
      "post": 12556,
      "pre": 12556
     },
     "non-recursive-rule": {
      "sup_direct_bf_r0_1(x,y) :- \n   magic_direct_bf(x),\n   sibling2_edge(x,y).": {
       "atom-frequency": {
        "sup_direct_bf_r0_1(x,y) :- \n   magic_direct_bf(x),\n   sibling2_edge(x,y).": {
         "magic_direct_bf": {
          "level": 0,
          "num-tuples": 0
         },
         "sibling2_edge": {
          "level": 1,
          "num-tuples": 0
         }
        }
       },
       "maxRSS": {
        "post": 12556,
        "pre": 12556
       },
       "num-tuples": 1,
       "runtime": { "start": 21905588566, "end": 21905588567},
       "source-locator": "/root/compiler/measurements/night04-b-cone/cc_cone_proper_subset/n20/emit_guarded/transformed.dl [56:1-56:72]"
      }
     },
     "num-tuples": 1,
     "reads": 0,
     "runtime": { "start": 21905588565, "end": 21905588577},
     "source-locator": "/root/compiler/measurements/night04-b-cone/cc_cone_proper_subset/n20/emit_guarded/transformed.dl [36:7-36:25]"
    },
    "sup_tc_bf_r0_1": {
     "maxRSS": {
      "post": 12556,
      "pre": 12556
     },
     "non-recursive-rule": {
      "sup_tc_bf_r0_1(x,y) :- \n   magic_direct_bf(x),\n   sibling_edge(x,y).": {
       "atom-frequency": {
        "sup_tc_bf_r0_1(x,y) :- \n   magic_direct_bf(x),\n   sibling_edge(x,y).": {
         "magic_direct_bf": {
          "level": 0,
          "num-tuples": 0
         },
         "sibling_edge": {
          "level": 1,
          "num-tuples": 0
         }
        }
       },
       "maxRSS": {
        "post": 12556,
        "pre": 12556
       },
       "num-tuples": 1,
       "runtime": { "start": 21905588590, "end": 21905588591},
       "source-locator": "/root/compiler/measurements/night04-b-cone/cc_cone_proper_subset/n20/emit_guarded/transformed.dl [48:1-48:63]"
      }
     },
     "num-tuples": 1,
     "reads": 0,
     "runtime": { "start": 21905588581, "end": 21905588600},
     "source-locator": "/root/compiler/measurements/night04-b-cone/cc_cone_proper_subset/n20/emit_guarded/transformed.dl [29:7-29:21]"
    },
    "sup_tc_bf_r1_1": {
     "iteration": {
      "0": {
       "copytime": { "start": 21905588837, "end": 21905588838},
       "maxRSS": {
        "post": 12684,
        "pre": 12684
       },
       "num-tuples": 1,
       "recursive-rule": {
        "sup_tc_bf_r1_1(x,z) :- \n   magic_direct_bf(x),\n   tc_bf(x,z).": {
         "0": {
          "atom-frequency": {
           "@new_sup_tc_bf_r1_1(x,z) :- \n   magic_direct_bf(x),\n   @delta_tc_bf(x,z).": {
            "@delta_tc_bf": {
             "level": 1,
             "num-tuples": 0
            },
            "magic_direct_bf": {
             "level": 0,
             "num-tuples": 0
            }
           }
          },
          "maxRSS": {
           "post": 12684,
           "pre": 12684
          },
          "num-tuples": 1,
          "runtime": { "start": 21905588745, "end": 21905588746},
          "source-locator": "/root/compiler/measurements/night04-b-cone/cc_cone_proper_subset/n20/emit_guarded/transformed.dl [51:1-51:56]"
         }
        }
       },
       "runtime": { "start": 21905588736, "end": 21905588755}
      },
      "1": {
       "copytime": { "start": 21905588960, "end": 21905588961},
       "maxRSS": {
        "post": 12684,
        "pre": 12684
       },
       "num-tuples": 0,
       "recursive-rule": {
        "sup_tc_bf_r1_1(x,z) :- \n   magic_direct_bf(x),\n   tc_bf(x,z).": {
         "0": {
          "maxRSS": {
           "post": 12684,
           "pre": 12684
          },
          "num-tuples": 0,
          "runtime": { "start": 21905588869, "end": 21905588870},
          "source-locator": "/root/compiler/measurements/night04-b-cone/cc_cone_proper_subset/n20/emit_guarded/transformed.dl [51:1-51:56]"
         }
        }
       },
       "runtime": { "start": 21905588860, "end": 21905588878}
      },
      "10": {
       "copytime": { "start": 21905590120, "end": 21905590121},
       "maxRSS": {
        "post": 12684,
        "pre": 12684
       },
       "num-tuples": 0,
       "recursive-rule": {
        "sup_tc_bf_r1_1(x,z) :- \n   magic_direct_bf(x),\n   tc_bf(x,z).": {
         "0": {
          "maxRSS": {
           "post": 12684,
           "pre": 12684
          },
          "num-tuples": 0,
          "runtime": { "start": 21905590016, "end": 21905590017},
          "source-locator": "/root/compiler/measurements/night04-b-cone/cc_cone_proper_subset/n20/emit_guarded/transformed.dl [51:1-51:56]"
         }
        }
       },
       "runtime": { "start": 21905590007, "end": 21905590026}
      },
      "11": {
       "copytime": { "start": 21905590234, "end": 21905590235},
       "maxRSS": {
        "post": 12684,
        "pre": 12684
       },
       "num-tuples": 0,
       "recursive-rule": {
        "sup_tc_bf_r1_1(x,z) :- \n   magic_direct_bf(x),\n   tc_bf(x,z).": {
         "0": {
          "maxRSS": {
           "post": 12684,
           "pre": 12684
          },
          "num-tuples": 0,
          "runtime": { "start": 21905590152, "end": 21905590152},
          "source-locator": "/root/compiler/measurements/night04-b-cone/cc_cone_proper_subset/n20/emit_guarded/transformed.dl [51:1-51:56]"
         }
        }
       },
       "runtime": { "start": 21905590143, "end": 21905590160}
      },
      "12": {
       "copytime": { "start": 21905590341, "end": 21905590342},
       "maxRSS": {
        "post": 12684,
        "pre": 12684
       },
       "num-tuples": 3,
       "recursive-rule": {
        "sup_tc_bf_r1_1(x,z) :- \n   magic_direct_bf(x),\n   tc_bf(x,z).": {
         "0": {
          "maxRSS": {
           "post": 12684,
           "pre": 12684
          },
          "num-tuples": 3,
          "runtime": { "start": 21905590249, "end": 21905590250},
          "source-locator": "/root/compiler/measurements/night04-b-cone/cc_cone_proper_subset/n20/emit_guarded/transformed.dl [51:1-51:56]"
         }
        }
       },
       "runtime": { "start": 21905590246, "end": 21905590257}
      },
      "13": {
       "maxRSS": {
        "post": 12684,
        "pre": 12684
       },
       "num-tuples": 0,
       "recursive-rule": {
        "sup_tc_bf_r1_1(x,z) :- \n   magic_direct_bf(x),\n   tc_bf(x,z).": {
         "0": {
          "maxRSS": {
           "post": 12684,
           "pre": 12684
          },
          "num-tuples": 0,
          "runtime": { "start": 21905590373, "end": 21905590374},
          "source-locator": "/root/compiler/measurements/night04-b-cone/cc_cone_proper_subset/n20/emit_guarded/transformed.dl [51:1-51:56]"
         }
        }
       },
       "runtime": { "start": 21905590365, "end": 21905590383}
      },
      "2": {
       "copytime": { "start": 21905589086, "end": 21905589087},
       "maxRSS": {
        "post": 12684,
        "pre": 12684
       },
       "num-tuples": 0,
       "recursive-rule": {
        "sup_tc_bf_r1_1(x,z) :- \n   magic_direct_bf(x),\n   tc_bf(x,z).": {
         "0": {
          "maxRSS": {
           "post": 12684,
           "pre": 12684
          },
          "num-tuples": 0,
          "runtime": { "start": 21905588992, "end": 21905588993},
          "source-locator": "/root/compiler/measurements/night04-b-cone/cc_cone_proper_subset/n20/emit_guarded/transformed.dl [51:1-51:56]"
         }
        }
       },
       "runtime": { "start": 21905588983, "end": 21905589001}
      },
      "3": {
       "copytime": { "start": 21905589210, "end": 21905589211},
       "maxRSS": {
        "post": 12684,
        "pre": 12684
       },
       "num-tuples": 2,
       "recursive-rule": {
        "sup_tc_bf_r1_1(x,z) :- \n   magic_direct_bf(x),\n   tc_bf(x,z).": {
         "0": {
          "maxRSS": {
           "post": 12684,
           "pre": 12684
          },
          "num-tuples": 2,
          "runtime": { "start": 21905589118, "end": 21905589120},
          "source-locator": "/root/compiler/measurements/night04-b-cone/cc_cone_proper_subset/n20/emit_guarded/transformed.dl [51:1-51:56]"
         }
        }
       },
       "runtime": { "start": 21905589109, "end": 21905589127}
      },
      "4": {
       "copytime": { "start": 21905589335, "end": 21905589336},
       "maxRSS": {
        "post": 12684,
        "pre": 12684
       },
       "num-tuples": 0,
       "recursive-rule": {
        "sup_tc_bf_r1_1(x,z) :- \n   magic_direct_bf(x),\n   tc_bf(x,z).": {
         "0": {
          "maxRSS": {
           "post": 12684,
           "pre": 12684
          },
          "num-tuples": 0,
          "runtime": { "start": 21905589242, "end": 21905589243},
          "source-locator": "/root/compiler/measurements/night04-b-cone/cc_cone_proper_subset/n20/emit_guarded/transformed.dl [51:1-51:56]"
         }
        }
       },
       "runtime": { "start": 21905589233, "end": 21905589252}
      },
      "5": {
       "copytime": { "start": 21905589478, "end": 21905589487},
       "maxRSS": {
        "post": 12684,
        "pre": 12684
       },
       "num-tuples": 0,
       "recursive-rule": {
        "sup_tc_bf_r1_1(x,z) :- \n   magic_direct_bf(x),\n   tc_bf(x,z).": {
         "0": {
          "maxRSS": {
           "post": 12684,
           "pre": 12684
          },
          "num-tuples": 0,
          "runtime": { "start": 21905589368, "end": 21905589368},
          "source-locator": "/root/compiler/measurements/night04-b-cone/cc_cone_proper_subset/n20/emit_guarded/transformed.dl [51:1-51:56]"
         }
        }
       },
       "runtime": { "start": 21905589358, "end": 21905589378}
      },
      "6": {
       "copytime": { "start": 21905589606, "end": 21905589607},
       "maxRSS": {
        "post": 12684,
        "pre": 12684
       },
       "num-tuples": 4,
       "recursive-rule": {
        "sup_tc_bf_r1_1(x,z) :- \n   magic_direct_bf(x),\n   tc_bf(x,z).": {
         "0": {
          "maxRSS": {
           "post": 12684,
           "pre": 12684
          },
          "num-tuples": 4,
          "runtime": { "start": 21905589511, "end": 21905589513},
          "source-locator": "/root/compiler/measurements/night04-b-cone/cc_cone_proper_subset/n20/emit_guarded/transformed.dl [51:1-51:56]"
         }
        }
       },
       "runtime": { "start": 21905589511, "end": 21905589521}
      },
      "7": {
       "copytime": { "start": 21905589732, "end": 21905589733},
       "maxRSS": {
        "post": 12684,
        "pre": 12684
       },
       "num-tuples": 0,
       "recursive-rule": {
        "sup_tc_bf_r1_1(x,z) :- \n   magic_direct_bf(x),\n   tc_bf(x,z).": {
         "0": {
          "maxRSS": {
           "post": 12684,
           "pre": 12684
          },
          "num-tuples": 0,
          "runtime": { "start": 21905589638, "end": 21905589639},
          "source-locator": "/root/compiler/measurements/night04-b-cone/cc_cone_proper_subset/n20/emit_guarded/transformed.dl [51:1-51:56]"
         }
        }
       },
       "runtime": { "start": 21905589629, "end": 21905589646}
      },
      "8": {
       "copytime": { "start": 21905589857, "end": 21905589857},
       "maxRSS": {
        "post": 12684,
        "pre": 12684
       },
       "num-tuples": 0,
       "recursive-rule": {
        "sup_tc_bf_r1_1(x,z) :- \n   magic_direct_bf(x),\n   tc_bf(x,z).": {
         "0": {
          "maxRSS": {
           "post": 12684,
           "pre": 12684
          },
          "num-tuples": 0,
          "runtime": { "start": 21905589765, "end": 21905589765},
          "source-locator": "/root/compiler/measurements/night04-b-cone/cc_cone_proper_subset/n20/emit_guarded/transformed.dl [51:1-51:56]"
         }
        }
       },
       "runtime": { "start": 21905589756, "end": 21905589773}
      },
      "9": {
       "copytime": { "start": 21905589984, "end": 21905589985},
       "maxRSS": {
        "post": 12684,
        "pre": 12684
       },
       "num-tuples": 3,
       "recursive-rule": {
        "sup_tc_bf_r1_1(x,z) :- \n   magic_direct_bf(x),\n   tc_bf(x,z).": {
         "0": {
          "maxRSS": {
           "post": 12684,
           "pre": 12684
          },
          "num-tuples": 3,
          "runtime": { "start": 21905589889, "end": 21905589890},
          "source-locator": "/root/compiler/measurements/night04-b-cone/cc_cone_proper_subset/n20/emit_guarded/transformed.dl [51:1-51:56]"
         }
        }
       },
       "runtime": { "start": 21905589880, "end": 21905589900}
      }
     },
     "num-tuples": 0,
     "reads": 13,
     "source-locator": "/root/compiler/measurements/night04-b-cone/cc_cone_proper_subset/n20/emit_guarded/transformed.dl [32:7-32:21]"
    },
    "sup_tc_bf_r1_2": {
     "iteration": {
      "0": {
       "copytime": { "start": 21905588842, "end": 21905588851},
       "maxRSS": {
        "post": 12684,
        "pre": 12684
       },
       "num-tuples": 0,
       "recursive-rule": {
        "sup_tc_bf_r1_2(x,y) :- \n   sup_tc_bf_r1_1(x,z),\n   sibling_edge(z,y).": {
         "0": {
          "atom-frequency": {
           "@new_sup_tc_bf_r1_2(x,y) :- \n   @delta_sup_tc_bf_r1_1(x,z),\n   sibling_edge(z,y).": {
            "@delta_sup_tc_bf_r1_1": {
             "level": 0,
             "num-tuples": 0
            },
            "sibling_edge": {
             "level": 1,
             "num-tuples": 0
            }
           }
          },
          "maxRSS": {
           "post": 12684,
           "pre": 12684
          },
          "num-tuples": 0,
          "runtime": { "start": 21905588768, "end": 21905588769},
          "source-locator": "/root/compiler/measurements/night04-b-cone/cc_cone_proper_subset/n20/emit_guarded/transformed.dl [52:1-52:66]"
         }
        }
       },
       "runtime": { "start": 21905588760, "end": 21905588778}
      },
      "1": {
       "copytime": { "start": 21905588964, "end": 21905588974},
       "maxRSS": {
        "post": 12684,
        "pre": 12684
       },
       "num-tuples": 2,
       "recursive-rule": {
        "sup_tc_bf_r1_2(x,y) :- \n   sup_tc_bf_r1_1(x,z),\n   sibling_edge(z,y).": {
         "0": {
          "maxRSS": {
           "post": 12684,
           "pre": 12684
          },
          "num-tuples": 2,
          "runtime": { "start": 21905588891, "end": 21905588893},
          "source-locator": "/root/compiler/measurements/night04-b-cone/cc_cone_proper_subset/n20/emit_guarded/transformed.dl [52:1-52:66]"
         }
        }
       },
       "runtime": { "start": 21905588882, "end": 21905588901}
      },
      "10": {
       "copytime": { "start": 21905590124, "end": 21905590133},
       "maxRSS": {
        "post": 12684,
        "pre": 12684
       },
       "num-tuples": 3,
       "recursive-rule": {
        "sup_tc_bf_r1_2(x,y) :- \n   sup_tc_bf_r1_1(x,z),\n   sibling_edge(z,y).": {
         "0": {
          "maxRSS": {
           "post": 12684,
           "pre": 12684
          },
          "num-tuples": 3,
          "runtime": { "start": 21905590039, "end": 21905590042},
          "source-locator": "/root/compiler/measurements/night04-b-cone/cc_cone_proper_subset/n20/emit_guarded/transformed.dl [52:1-52:66]"
         }
        }
       },
       "runtime": { "start": 21905590031, "end": 21905590052}
      },
      "11": {
       "copytime": { "start": 21905590238, "end": 21905590239},
       "maxRSS": {
        "post": 12684,
        "pre": 12684
       },
       "num-tuples": 0,
       "recursive-rule": {
        "sup_tc_bf_r1_2(x,y) :- \n   sup_tc_bf_r1_1(x,z),\n   sibling_edge(z,y).": {
         "0": {
          "maxRSS": {
           "post": 12684,
           "pre": 12684
          },
          "num-tuples": 0,
          "runtime": { "start": 21905590173, "end": 21905590174},
          "source-locator": "/root/compiler/measurements/night04-b-cone/cc_cone_proper_subset/n20/emit_guarded/transformed.dl [52:1-52:66]"
         }
        }
       },
       "runtime": { "start": 21905590164, "end": 21905590184}
      },
      "12": {
       "copytime": { "start": 21905590346, "end": 21905590355},
       "maxRSS": {
        "post": 12684,
        "pre": 12684
       },
       "num-tuples": 0,
       "recursive-rule": {
        "sup_tc_bf_r1_2(x,y) :- \n   sup_tc_bf_r1_1(x,z),\n   sibling_edge(z,y).": {
         "0": {
          "maxRSS": {
           "post": 12684,
           "pre": 12684
          },
          "num-tuples": 0,
          "runtime": { "start": 21905590271, "end": 21905590272},
          "source-locator": "/root/compiler/measurements/night04-b-cone/cc_cone_proper_subset/n20/emit_guarded/transformed.dl [52:1-52:66]"
         }
        }
       },
       "runtime": { "start": 21905590262, "end": 21905590280}
      },
      "13": {
       "maxRSS": {
        "post": 12684,
        "pre": 12684
       },
       "num-tuples": 0,
       "recursive-rule": {
        "sup_tc_bf_r1_2(x,y) :- \n   sup_tc_bf_r1_1(x,z),\n   sibling_edge(z,y).": {
         "0": {
          "maxRSS": {
           "post": 12684,
           "pre": 12684
          },
          "num-tuples": 0,
          "runtime": { "start": 21905590396, "end": 21905590398},
          "source-locator": "/root/compiler/measurements/night04-b-cone/cc_cone_proper_subset/n20/emit_guarded/transformed.dl [52:1-52:66]"
         }
        }
       },
       "runtime": { "start": 21905590388, "end": 21905590407}
      },
      "2": {
       "copytime": { "start": 21905589090, "end": 21905589099},
       "maxRSS": {
        "post": 12684,
        "pre": 12684
       },
       "num-tuples": 0,
       "recursive-rule": {
        "sup_tc_bf_r1_2(x,y) :- \n   sup_tc_bf_r1_1(x,z),\n   sibling_edge(z,y).": {
         "0": {
          "maxRSS": {
           "post": 12684,
           "pre": 12684
          },
          "num-tuples": 0,
          "runtime": { "start": 21905589015, "end": 21905589016},
          "source-locator": "/root/compiler/measurements/night04-b-cone/cc_cone_proper_subset/n20/emit_guarded/transformed.dl [52:1-52:66]"
         }
        }
       },
       "runtime": { "start": 21905589006, "end": 21905589024}
      },
      "3": {
       "copytime": { "start": 21905589215, "end": 21905589224},
       "maxRSS": {
        "post": 12684,
        "pre": 12684
       },
       "num-tuples": 0,
       "recursive-rule": {
        "sup_tc_bf_r1_2(x,y) :- \n   sup_tc_bf_r1_1(x,z),\n   sibling_edge(z,y).": {
         "0": {
          "maxRSS": {
           "post": 12684,
           "pre": 12684
          },
          "num-tuples": 0,
          "runtime": { "start": 21905589140, "end": 21905589141},
          "source-locator": "/root/compiler/measurements/night04-b-cone/cc_cone_proper_subset/n20/emit_guarded/transformed.dl [52:1-52:66]"
         }
        }
       },
       "runtime": { "start": 21905589131, "end": 21905589149}
      },
      "4": {
       "copytime": { "start": 21905589340, "end": 21905589349},
       "maxRSS": {
        "post": 12684,
        "pre": 12684
       },
       "num-tuples": 5,
       "recursive-rule": {
        "sup_tc_bf_r1_2(x,y) :- \n   sup_tc_bf_r1_1(x,z),\n   sibling_edge(z,y).": {
         "0": {
          "maxRSS": {
           "post": 12684,
           "pre": 12684
          },
          "num-tuples": 5,
          "runtime": { "start": 21905589265, "end": 21905589267},
          "source-locator": "/root/compiler/measurements/night04-b-cone/cc_cone_proper_subset/n20/emit_guarded/transformed.dl [52:1-52:66]"
         }
        }
       },
       "runtime": { "start": 21905589256, "end": 21905589275}
      },
      "5": {
       "copytime": { "start": 21905589492, "end": 21905589493},
       "maxRSS": {
        "post": 12684,
        "pre": 12684
       },
       "num-tuples": 0,
       "recursive-rule": {
        "sup_tc_bf_r1_2(x,y) :- \n   sup_tc_bf_r1_1(x,z),\n   sibling_edge(z,y).": {
         "0": {
          "maxRSS": {
           "post": 12684,
           "pre": 12684
          },
          "num-tuples": 0,
          "runtime": { "start": 21905589390, "end": 21905589391},
          "source-locator": "/root/compiler/measurements/night04-b-cone/cc_cone_proper_subset/n20/emit_guarded/transformed.dl [52:1-52:66]"
         }
        }
       },
       "runtime": { "start": 21905589382, "end": 21905589399}
      },
      "6": {
       "copytime": { "start": 21905589611, "end": 21905589620},
       "maxRSS": {
        "post": 12684,
        "pre": 12684
       },
       "num-tuples": 0,
       "recursive-rule": {
        "sup_tc_bf_r1_2(x,y) :- \n   sup_tc_bf_r1_1(x,z),\n   sibling_edge(z,y).": {
         "0": {
          "maxRSS": {
           "post": 12684,
           "pre": 12684
          },
          "num-tuples": 0,
          "runtime": { "start": 21905589534, "end": 21905589534},
          "source-locator": "/root/compiler/measurements/night04-b-cone/cc_cone_proper_subset/n20/emit_guarded/transformed.dl [52:1-52:66]"
         }
        }
       },
       "runtime": { "start": 21905589525, "end": 21905589545}
      },
      "7": {
       "copytime": { "start": 21905589737, "end": 21905589746},
       "maxRSS": {
        "post": 12684,
        "pre": 12684
       },
       "num-tuples": 3,
       "recursive-rule": {
        "sup_tc_bf_r1_2(x,y) :- \n   sup_tc_bf_r1_1(x,z),\n   sibling_edge(z,y).": {
         "0": {
          "maxRSS": {
           "post": 12684,
           "pre": 12684
          },
          "num-tuples": 3,
          "runtime": { "start": 21905589659, "end": 21905589661},
          "source-locator": "/root/compiler/measurements/night04-b-cone/cc_cone_proper_subset/n20/emit_guarded/transformed.dl [52:1-52:66]"
         }
        }
       },
       "runtime": { "start": 21905589651, "end": 21905589671}
      },
      "8": {
       "copytime": { "start": 21905589861, "end": 21905589870},
       "maxRSS": {
        "post": 12684,
        "pre": 12684
       },
       "num-tuples": 0,
       "recursive-rule": {
        "sup_tc_bf_r1_2(x,y) :- \n   sup_tc_bf_r1_1(x,z),\n   sibling_edge(z,y).": {
         "0": {
          "maxRSS": {
           "post": 12684,
           "pre": 12684
          },
          "num-tuples": 0,
          "runtime": { "start": 21905589787, "end": 21905589788},
          "source-locator": "/root/compiler/measurements/night04-b-cone/cc_cone_proper_subset/n20/emit_guarded/transformed.dl [52:1-52:66]"
         }
        }
       },
       "runtime": { "start": 21905589778, "end": 21905589796}
      },
      "9": {
       "copytime": { "start": 21905589988, "end": 21905589997},
       "maxRSS": {
        "post": 12684,
        "pre": 12684
       },
       "num-tuples": 0,
       "recursive-rule": {
        "sup_tc_bf_r1_2(x,y) :- \n   sup_tc_bf_r1_1(x,z),\n   sibling_edge(z,y).": {
         "0": {
          "maxRSS": {
           "post": 12684,
           "pre": 12684
          },
          "num-tuples": 0,
          "runtime": { "start": 21905589913, "end": 21905589913},
          "source-locator": "/root/compiler/measurements/night04-b-cone/cc_cone_proper_subset/n20/emit_guarded/transformed.dl [52:1-52:66]"
         }
        }
       },
       "runtime": { "start": 21905589904, "end": 21905589922}
      }
     },
     "num-tuples": 0,
     "reads": 22,
     "source-locator": "/root/compiler/measurements/night04-b-cone/cc_cone_proper_subset/n20/emit_guarded/transformed.dl [33:7-33:21]"
    },
    "tc_bf": {
     "iteration": {
      "0": {
       "copytime": { "start": 21905588856, "end": 21905588857},
       "maxRSS": {
        "post": 12684,
        "pre": 12684
       },
       "num-tuples": 0,
       "recursive-rule": {
        "tc_bf(x,y) :- \n   sup_tc_bf_r1_2(x,y).": {
         "0": {
          "atom-frequency": {
           "@new_tc_bf(x,y) :- \n   @delta_sup_tc_bf_r1_2(x,y).": {
            "@delta_sup_tc_bf_r1_2": {
             "level": 0,
             "num-tuples": 0
            }
           }
          },
          "maxRSS": {
           "post": 12684,
           "pre": 12684
          },
          "num-tuples": 0,
          "runtime": { "start": 21905588790, "end": 21905588791},
          "source-locator": "/root/compiler/measurements/night04-b-cone/cc_cone_proper_subset/n20/emit_guarded/transformed.dl [54:1-54:37]"
         }
        }
       },
       "runtime": { "start": 21905588782, "end": 21905588799}
      },
      "1": {
       "copytime": { "start": 21905588979, "end": 21905588980},
       "maxRSS": {
        "post": 12684,
        "pre": 12684
       },
       "num-tuples": 0,
       "recursive-rule": {
        "tc_bf(x,y) :- \n   sup_tc_bf_r1_2(x,y).": {
         "0": {
          "maxRSS": {
           "post": 12684,
           "pre": 12684
          },
          "num-tuples": 0,
          "runtime": { "start": 21905588914, "end": 21905588915},
          "source-locator": "/root/compiler/measurements/night04-b-cone/cc_cone_proper_subset/n20/emit_guarded/transformed.dl [54:1-54:37]"
         }
        }
       },
       "runtime": { "start": 21905588905, "end": 21905588923}
      },
      "10": {
       "copytime": { "start": 21905590138, "end": 21905590139},
       "maxRSS": {
        "post": 12684,
        "pre": 12684
       },
       "num-tuples": 0,
       "recursive-rule": {
        "tc_bf(x,y) :- \n   sup_tc_bf_r1_2(x,y).": {
         "0": {
          "maxRSS": {
           "post": 12684,
           "pre": 12684
          },
          "num-tuples": 0,
          "runtime": { "start": 21905590065, "end": 21905590066},
          "source-locator": "/root/compiler/measurements/night04-b-cone/cc_cone_proper_subset/n20/emit_guarded/transformed.dl [54:1-54:37]"
         }
        }
       },
       "runtime": { "start": 21905590056, "end": 21905590074}
      },
      "11": {
       "copytime": { "start": 21905590242, "end": 21905590243},
       "maxRSS": {
        "post": 12684,
        "pre": 12684
       },
       "num-tuples": 3,
       "recursive-rule": {
        "tc_bf(x,y) :- \n   sup_tc_bf_r1_2(x,y).": {
         "0": {
          "maxRSS": {
           "post": 12684,
           "pre": 12684
          },
          "num-tuples": 3,
          "runtime": { "start": 21905590197, "end": 21905590198},
          "source-locator": "/root/compiler/measurements/night04-b-cone/cc_cone_proper_subset/n20/emit_guarded/transformed.dl [54:1-54:37]"
         }
        }
       },
       "runtime": { "start": 21905590188, "end": 21905590208}
      },
      "12": {
       "copytime": { "start": 21905590360, "end": 21905590361},
       "maxRSS": {
        "post": 12684,
        "pre": 12684
       },
       "num-tuples": 0,
       "recursive-rule": {
        "tc_bf(x,y) :- \n   sup_tc_bf_r1_2(x,y).": {
         "0": {
          "maxRSS": {
           "post": 12684,
           "pre": 12684
          },
          "num-tuples": 0,
          "runtime": { "start": 21905590294, "end": 21905590294},
          "source-locator": "/root/compiler/measurements/night04-b-cone/cc_cone_proper_subset/n20/emit_guarded/transformed.dl [54:1-54:37]"
         }
        }
       },
       "runtime": { "start": 21905590285, "end": 21905590304}
      },
      "13": {
       "maxRSS": {
        "post": 12684,
        "pre": 12684
       },
       "num-tuples": 0,
       "recursive-rule": {
        "tc_bf(x,y) :- \n   sup_tc_bf_r1_2(x,y).": {
         "0": {
          "maxRSS": {
           "post": 12684,
           "pre": 12684
          },
          "num-tuples": 0,
          "runtime": { "start": 21905590421, "end": 21905590422},
          "source-locator": "/root/compiler/measurements/night04-b-cone/cc_cone_proper_subset/n20/emit_guarded/transformed.dl [54:1-54:37]"
         }
        }
       },
       "runtime": { "start": 21905590412, "end": 21905590430}
      },
      "2": {
       "copytime": { "start": 21905589104, "end": 21905589105},
       "maxRSS": {
        "post": 12684,
        "pre": 12684
       },
       "num-tuples": 2,
       "recursive-rule": {
        "tc_bf(x,y) :- \n   sup_tc_bf_r1_2(x,y).": {
         "0": {
          "maxRSS": {
           "post": 12684,
           "pre": 12684
          },
          "num-tuples": 2,
          "runtime": { "start": 21905589038, "end": 21905589039},
          "source-locator": "/root/compiler/measurements/night04-b-cone/cc_cone_proper_subset/n20/emit_guarded/transformed.dl [54:1-54:37]"
         }
        }
       },
       "runtime": { "start": 21905589029, "end": 21905589047}
      },
      "3": {
       "copytime": { "start": 21905589229, "end": 21905589230},
       "maxRSS": {
        "post": 12684,
        "pre": 12684
       },
       "num-tuples": 0,
       "recursive-rule": {
        "tc_bf(x,y) :- \n   sup_tc_bf_r1_2(x,y).": {
         "0": {
          "maxRSS": {
           "post": 12684,
           "pre": 12684
          },
          "num-tuples": 0,
          "runtime": { "start": 21905589163, "end": 21905589163},
          "source-locator": "/root/compiler/measurements/night04-b-cone/cc_cone_proper_subset/n20/emit_guarded/transformed.dl [54:1-54:37]"
         }
        }
       },
       "runtime": { "start": 21905589154, "end": 21905589173}
      },
      "4": {
       "copytime": { "start": 21905589354, "end": 21905589354},
       "maxRSS": {
        "post": 12684,
        "pre": 12684
       },
       "num-tuples": 0,
       "recursive-rule": {
        "tc_bf(x,y) :- \n   sup_tc_bf_r1_2(x,y).": {
         "0": {
          "maxRSS": {
           "post": 12684,
           "pre": 12684
          },
          "num-tuples": 0,
          "runtime": { "start": 21905589288, "end": 21905589289},
          "source-locator": "/root/compiler/measurements/night04-b-cone/cc_cone_proper_subset/n20/emit_guarded/transformed.dl [54:1-54:37]"
         }
        }
       },
       "runtime": { "start": 21905589279, "end": 21905589298}
      },
      "5": {
       "copytime": { "start": 21905589496, "end": 21905589506},
       "maxRSS": {
        "post": 12684,
        "pre": 12684
       },
       "num-tuples": 4,
       "recursive-rule": {
        "tc_bf(x,y) :- \n   sup_tc_bf_r1_2(x,y).": {
         "0": {
          "maxRSS": {
           "post": 12684,
           "pre": 12684
          },
          "num-tuples": 4,
          "runtime": { "start": 21905589414, "end": 21905589415},
          "source-locator": "/root/compiler/measurements/night04-b-cone/cc_cone_proper_subset/n20/emit_guarded/transformed.dl [54:1-54:37]"
         }
        }
       },
       "runtime": { "start": 21905589405, "end": 21905589435}
      },
      "6": {
       "copytime": { "start": 21905589625, "end": 21905589625},
       "maxRSS": {
        "post": 12684,
        "pre": 12684
       },
       "num-tuples": 0,
       "recursive-rule": {
        "tc_bf(x,y) :- \n   sup_tc_bf_r1_2(x,y).": {
         "0": {
          "maxRSS": {
           "post": 12684,
           "pre": 12684
          },
          "num-tuples": 0,
          "runtime": { "start": 21905589559, "end": 21905589560},
          "source-locator": "/root/compiler/measurements/night04-b-cone/cc_cone_proper_subset/n20/emit_guarded/transformed.dl [54:1-54:37]"
         }
        }
       },
       "runtime": { "start": 21905589549, "end": 21905589568}
      },
      "7": {
       "copytime": { "start": 21905589751, "end": 21905589752},
       "maxRSS": {
        "post": 12684,
        "pre": 12684
       },
       "num-tuples": 0,
       "recursive-rule": {
        "tc_bf(x,y) :- \n   sup_tc_bf_r1_2(x,y).": {
         "0": {
          "maxRSS": {
           "post": 12684,
           "pre": 12684
          },
          "num-tuples": 0,
          "runtime": { "start": 21905589684, "end": 21905589685},
          "source-locator": "/root/compiler/measurements/night04-b-cone/cc_cone_proper_subset/n20/emit_guarded/transformed.dl [54:1-54:37]"
         }
        }
       },
       "runtime": { "start": 21905589675, "end": 21905589696}
      },
      "8": {
       "copytime": { "start": 21905589875, "end": 21905589876},
       "maxRSS": {
        "post": 12684,
        "pre": 12684
       },
       "num-tuples": 3,
       "recursive-rule": {
        "tc_bf(x,y) :- \n   sup_tc_bf_r1_2(x,y).": {
         "0": {
          "maxRSS": {
           "post": 12684,
           "pre": 12684
          },
          "num-tuples": 3,
          "runtime": { "start": 21905589809, "end": 21905589811},
          "source-locator": "/root/compiler/measurements/night04-b-cone/cc_cone_proper_subset/n20/emit_guarded/transformed.dl [54:1-54:37]"
         }
        }
       },
       "runtime": { "start": 21905589800, "end": 21905589820}
      },
      "9": {
       "copytime": { "start": 21905590003, "end": 21905590003},
       "maxRSS": {
        "post": 12684,
        "pre": 12684
       },
       "num-tuples": 0,
       "recursive-rule": {
        "tc_bf(x,y) :- \n   sup_tc_bf_r1_2(x,y).": {
         "0": {
          "maxRSS": {
           "post": 12684,
           "pre": 12684
          },
          "num-tuples": 0,
          "runtime": { "start": 21905589937, "end": 21905589938},
          "source-locator": "/root/compiler/measurements/night04-b-cone/cc_cone_proper_subset/n20/emit_guarded/transformed.dl [54:1-54:37]"
         }
        }
       },
       "runtime": { "start": 21905589928, "end": 21905589945}
      }
     },
     "maxRSS": {
      "post": 12684,
      "pre": 12684
     },
     "non-recursive-rule": {
      "tc_bf(x,y) :- \n   sup_tc_bf_r0_1(x,y).": {
       "atom-frequency": {
        "tc_bf(x,y) :- \n   sup_tc_bf_r0_1(x,y).": {
         "sup_tc_bf_r0_1": {
          "level": 0,
          "num-tuples": 0
         }
        }
       },
       "maxRSS": {
        "post": 12684,
        "pre": 12684
       },
       "num-tuples": 1,
       "runtime": { "start": 21905588722, "end": 21905588723},
       "source-locator": "/root/compiler/measurements/night04-b-cone/cc_cone_proper_subset/n20/emit_guarded/transformed.dl [49:1-49:37]"
      }
     },
     "num-tuples": 1,
     "reads": 13,
     "runtime": { "start": 21905588714, "end": 21905588731},
     "source-locator": "/root/compiler/measurements/night04-b-cone/cc_cone_proper_subset/n20/emit_guarded/transformed.dl [30:7-30:12]"
    }
   },
   "runtime": { "start": 21905587791, "end": 21905590631},
   "starttime": { "time": 21905587750},
   "usage": {
    "timepoint": {
     "21905587791": {
      "maxRSS": 11728,
      "systemtime": 1607,
      "usertime": 1607
     },
     "21905587904": {
      "maxRSS": 12300,
      "systemtime": 3554,
      "usertime": 3554
     },
     "21905587933": {
      "maxRSS": 12300,
      "systemtime": 3574,
      "usertime": 3574
     },
     "21905587963": {
      "maxRSS": 12300,
      "systemtime": 3592,
      "usertime": 3592
     },
     "21905587988": {
      "maxRSS": 12300,
      "systemtime": 3608,
      "usertime": 3608
     },
     "21905588079": {
      "maxRSS": 12428,
      "systemtime": 3622,
      "usertime": 3696
     },
     "21905588103": {
      "maxRSS": 12428,
      "systemtime": 3622,
      "usertime": 3733
     },
     "21905588127": {
      "maxRSS": 12556,
      "systemtime": 3622,
      "usertime": 3764
     },
     "21905588158": {
      "maxRSS": 12556,
      "systemtime": 3622,
      "usertime": 3801
     },
     "21905588179": {
      "maxRSS": 12556,
      "systemtime": 3622,
      "usertime": 3831
     },
     "21905588203": {
      "maxRSS": 12556,
      "systemtime": 3622,
      "usertime": 3859
     },
     "21905588208": {
      "maxRSS": 12556,
      "systemtime": 3622,
      "usertime": 3874
     },
     "21905588235": {
      "maxRSS": 12556,
      "systemtime": 3622,
      "usertime": 3903
     },
     "21905588269": {
      "maxRSS": 12556,
      "systemtime": 3622,
      "usertime": 3943
     },
     "21905588292": {
      "maxRSS": 12556,
      "systemtime": 3622,
      "usertime": 3974
     },
     "21905588328": {
      "maxRSS": 12556,
      "systemtime": 3622,
      "usertime": 4016
     },
     "21905588351": {
      "maxRSS": 12556,
      "systemtime": 3622,
      "usertime": 4046
     },
     "21905588387": {
      "maxRSS": 12556,
      "systemtime": 3622,
      "usertime": 4089
     },
     "21905588411": {
      "maxRSS": 12556,
      "systemtime": 3622,
      "usertime": 4119
     },
     "21905588442": {
      "maxRSS": 12556,
      "systemtime": 3622,
      "usertime": 4156
     },
     "21905588452": {
      "maxRSS": 12556,
      "systemtime": 3622,
      "usertime": 4179
     },
     "21905588479": {
      "maxRSS": 12556,
      "systemtime": 3622,
      "usertime": 4208
     },
     "21905588499": {
      "maxRSS": 12556,
      "systemtime": 3622,
      "usertime": 4237
     },
     "21905588522": {
      "maxRSS": 12556,
      "systemtime": 3622,
      "usertime": 4265
     },
     "21905588541": {
      "maxRSS": 12556,
      "systemtime": 3622,
      "usertime": 4291
     },
     "21905588564": {
      "maxRSS": 12556,
      "systemtime": 3622,
      "usertime": 4319
     },
     "21905588595": {
      "maxRSS": 12556,
      "systemtime": 3622,
      "usertime": 4361
     },
     "21905588618": {
      "maxRSS": 12556,
      "systemtime": 3622,
      "usertime": 4391
     },
     "21905588639": {
      "maxRSS": 12556,
      "systemtime": 3622,
      "usertime": 4410
     },
     "21905588694": {
      "maxRSS": 12684,
      "systemtime": 3622,
      "usertime": 4480
     },
     "21905588727": {
      "maxRSS": 12684,
      "systemtime": 3622,
      "usertime": 4520
     },
     "21905588749": {
      "maxRSS": 12684,
      "systemtime": 3622,
      "usertime": 4549
     },
     "21905588773": {
      "maxRSS": 12684,
      "systemtime": 3622,
      "usertime": 4580
     },
     "21905588795": {
      "maxRSS": 12684,
      "systemtime": 3622,
      "usertime": 4609
     },
     "21905588817": {
      "maxRSS": 12684,
      "systemtime": 3622,
      "usertime": 4637
     },
     "21905588835": {
      "maxRSS": 12684,
      "systemtime": 3622,
      "usertime": 4662
     },
     "21905588855": {
      "maxRSS": 12684,
      "systemtime": 3622,
      "usertime": 4688
     },
     "21905588874": {
      "maxRSS": 12684,
      "systemtime": 3622,
      "usertime": 4714
     },
     "21905588896": {
      "maxRSS": 12684,
      "systemtime": 3622,
      "usertime": 4745
     },
     "21905588919": {
      "maxRSS": 12684,
      "systemtime": 3622,
      "usertime": 4773
     },
     "21905588941": {
      "maxRSS": 12684,
      "systemtime": 3622,
      "usertime": 4801
     },
     "21905588959": {
      "maxRSS": 12684,
      "systemtime": 3622,
      "usertime": 4826
     },
     "21905588978": {
      "maxRSS": 12684,
      "systemtime": 3622,
      "usertime": 4851
     },
     "21905588997": {
      "maxRSS": 12684,
      "systemtime": 3622,
      "usertime": 4877
     },
     "21905589019": {
      "maxRSS": 12684,
      "systemtime": 3622,
      "usertime": 4906
     },
     "21905589043": {
      "maxRSS": 12684,
      "systemtime": 3622,
      "usertime": 4938
     },
     "21905589067": {
      "maxRSS": 12684,
      "systemtime": 3622,
      "usertime": 4968
     },
     "21905589085": {
      "maxRSS": 12684,
      "systemtime": 3622,
      "usertime": 4992
     },
     "21905589103": {
      "maxRSS": 12684,
      "systemtime": 3622,
      "usertime": 5018
     },
     "21905589123": {
      "maxRSS": 12684,
      "systemtime": 3622,
      "usertime": 5045
     },
     "21905589145": {
      "maxRSS": 12684,
      "systemtime": 3622,
      "usertime": 5072
     },
     "21905589167": {
      "maxRSS": 12684,
      "systemtime": 3622,
      "usertime": 5103
     },
     "21905589190": {
      "maxRSS": 12684,
      "systemtime": 3622,
      "usertime": 5132
     },
     "21905589209": {
      "maxRSS": 12684,
      "systemtime": 3622,
      "usertime": 5157
     },
     "21905589228": {
      "maxRSS": 12684,
      "systemtime": 3622,
      "usertime": 5183
     },
     "21905589247": {
      "maxRSS": 12684,
      "systemtime": 3622,
      "usertime": 5208
     },
     "21905589270": {
      "maxRSS": 12684,
      "systemtime": 3622,
      "usertime": 5239
     },
     "21905589293": {
      "maxRSS": 12684,
      "systemtime": 3622,
      "usertime": 5269
     },
     "21905589315": {
      "maxRSS": 12684,
      "systemtime": 3622,
      "usertime": 5297
     },
     "21905589334": {
      "maxRSS": 12684,
      "systemtime": 3622,
      "usertime": 5322
     },
     "21905589353": {
      "maxRSS": 12684,
      "systemtime": 3622,
      "usertime": 5348
     },
     "21905589372": {
      "maxRSS": 12684,
      "systemtime": 3622,
      "usertime": 5374
     },
     "21905589395": {
      "maxRSS": 12684,
      "systemtime": 3622,
      "usertime": 5403
     },
     "21905589418": {
      "maxRSS": 12684,
      "systemtime": 3622,
      "usertime": 5435
     },
     "21905589454": {
      "maxRSS": 12684,
      "systemtime": 3622,
      "usertime": 5475
     },
     "21905589473": {
      "maxRSS": 12684,
      "systemtime": 3622,
      "usertime": 5500
     },
     "21905589492": {
      "maxRSS": 12684,
      "systemtime": 3622,
      "usertime": 5526
     },
     "21905589510": {
      "maxRSS": 12684,
      "systemtime": 3622,
      "usertime": 5551
     },
     "21905589538": {
      "maxRSS": 12684,
      "systemtime": 3622,
      "usertime": 5586
     },
     "21905589564": {
      "maxRSS": 12684,
      "systemtime": 3622,
      "usertime": 5619
     },
     "21905589586": {
      "maxRSS": 12684,
      "systemtime": 3622,
      "usertime": 5648
     },
     "21905589605": {
      "maxRSS": 12684,
      "systemtime": 3622,
      "usertime": 5673
     },
     "21905589624": {
      "maxRSS": 12684,
      "systemtime": 3622,
      "usertime": 5699
     },
     "21905589642": {
      "maxRSS": 12684,
      "systemtime": 3622,
      "usertime": 5725
     },
     "21905589664": {
      "maxRSS": 12684,
      "systemtime": 3622,
      "usertime": 5754
     },
     "21905589688": {
      "maxRSS": 12684,
      "systemtime": 3622,
      "usertime": 5784
     },
     "21905589713": {
      "maxRSS": 12684,
      "systemtime": 3622,
      "usertime": 5815
     },
     "21905589732": {
      "maxRSS": 12684,
      "systemtime": 3622,
      "usertime": 5841
     },
     "21905589750": {
      "maxRSS": 12684,
      "systemtime": 3622,
      "usertime": 5867
     },
     "21905589769": {
      "maxRSS": 12684,
      "systemtime": 3622,
      "usertime": 5892
     },
     "21905589793": {
      "maxRSS": 12684,
      "systemtime": 3622,
      "usertime": 5921
     },
     "21905589814": {
      "maxRSS": 12684,
      "systemtime": 3622,
      "usertime": 5951
     },
     "21905589837": {
      "maxRSS": 12684,
      "systemtime": 3622,
      "usertime": 5980
     },
     "21905589856": {
      "maxRSS": 12684,
      "systemtime": 3622,
      "usertime": 6005
     },
     "21905589874": {
      "maxRSS": 12684,
      "systemtime": 3622,
      "usertime": 6030
     },
     "21905589893": {
      "maxRSS": 12684,
      "systemtime": 3622,
      "usertime": 6057
     },
     "21905589917": {
      "maxRSS": 12684,
      "systemtime": 3622,
      "usertime": 6086
     },
     "21905589942": {
      "maxRSS": 12684,
      "systemtime": 3622,
      "usertime": 6117
     },
     "21905589964": {
      "maxRSS": 12684,
      "systemtime": 3622,
      "usertime": 6147
     },
     "21905589983": {
      "maxRSS": 12684,
      "systemtime": 3622,
      "usertime": 6172
     },
     "21905590002": {
      "maxRSS": 12684,
      "systemtime": 3622,
      "usertime": 6198
     },
     "21905590021": {
      "maxRSS": 12684,
      "systemtime": 3622,
      "usertime": 6224
     },
     "21905590044": {
      "maxRSS": 12684,
      "systemtime": 3622,
      "usertime": 6255
     },
     "21905590069": {
      "maxRSS": 12684,
      "systemtime": 3622,
      "usertime": 6285
     },
     "21905590097": {
      "maxRSS": 12684,
      "systemtime": 3622,
      "usertime": 6319
     },
     "21905590119": {
      "maxRSS": 12684,
      "systemtime": 3622,
      "usertime": 6348
     },
     "21905590137": {
      "maxRSS": 12684,
      "systemtime": 3622,
      "usertime": 6374
     },
     "21905590156": {
      "maxRSS": 12684,
      "systemtime": 3622,
      "usertime": 6399
     },
     "21905590177": {
      "maxRSS": 12684,
      "systemtime": 3622,
      "usertime": 6427
     },
     "21905590201": {
      "maxRSS": 12684,
      "systemtime": 3622,
      "usertime": 6457
     },
     "21905590225": {
      "maxRSS": 12684,
      "systemtime": 3622,
      "usertime": 6487
     },
     "21905590232": {
      "maxRSS": 12684,
      "systemtime": 3622,
      "usertime": 6504
     },
     "21905590236": {
      "maxRSS": 12684,
      "systemtime": 3622,
      "usertime": 6513
     },
     "21905590240": {
      "maxRSS": 12684,
      "systemtime": 3622,
      "usertime": 6521
     },
     "21905590244": {
      "maxRSS": 12684,
      "systemtime": 3622,
      "usertime": 6528
     },
     "21905590254": {
      "maxRSS": 12684,
      "systemtime": 3622,
      "usertime": 6542
     },
     "21905590275": {
      "maxRSS": 12684,
      "systemtime": 3622,
      "usertime": 6569
     },
     "21905590298": {
      "maxRSS": 12684,
      "systemtime": 3622,
      "usertime": 6600
     },
     "21905590321": {
      "maxRSS": 12684,
      "systemtime": 3622,
      "usertime": 6629
     },
     "21905590340": {
      "maxRSS": 12684,
      "systemtime": 3622,
      "usertime": 6654
     },
     "21905590359": {
      "maxRSS": 12684,
      "systemtime": 3622,
      "usertime": 6680
     },
     "21905590378": {
      "maxRSS": 12684,
      "systemtime": 3622,
      "usertime": 6706
     },
     "21905590401": {
      "maxRSS": 12684,
      "systemtime": 3622,
      "usertime": 6736
     },
     "21905590425": {
      "maxRSS": 12684,
      "systemtime": 3622,
      "usertime": 6767
     },
     "21905590447": {
      "maxRSS": 12684,
      "systemtime": 3622,
      "usertime": 6794
     },
     "21905590466": {
      "maxRSS": 12684,
      "systemtime": 3622,
      "usertime": 6820
     },
     "21905590496": {
      "maxRSS": 12812,
      "systemtime": 3622,
      "usertime": 6847
     },
     "21905590536": {
      "maxRSS": 12812,
      "systemtime": 3622,
      "usertime": 6906
     },
     "21905590561": {
      "maxRSS": 12812,
      "systemtime": 3622,
      "usertime": 6937
     },
     "21905590584": {
      "maxRSS": 12812,
      "systemtime": 3622,
      "usertime": 6964
     },
     "21905590616": {
      "maxRSS": 12812,
      "systemtime": 3622,
      "usertime": 6992
     }
    }
   }
  }
 }
}
