{
 "root": {
  "program": {
   "configuration": {
    "": "/root/compiler/tests/corpus/BENCHMARK_FAMILY/ancestor_nonancestor.dl",
    "fact-dir": "/root/compiler/fixtures/benchmark-family/ancestor_nonancestor/n500",
    "include-dir": ".",
    "jobs": "1",
    "libraries": "functors",
    "library-dir": ".",
    "output-dir": "/root/compiler/measurements/night02-t4/ancestor_nonancestor/n500-none",
    "profile": "prof.log",
    "relationCount": "5",
    "ruleCount": "6",
    "version": "2.5",
    "warn": "all",
    "wno": "none"
   },
   "relation": {
    "ancestor": {
     "iteration": {
      "0": {
       "copytime": { "start": 172810086474, "end": 172810086704},
       "maxRSS": {
        "post": 16676,
        "pre": 16676
       },
       "num-tuples": 2208,
       "recursive-rule": {
        "ancestor(x,y) :- \n   parent(x,z),\n   ancestor(z,y).": {
         "0": {
          "atom-frequency": {
           "@new_ancestor(x,y) :- \n   parent(x,z),\n   @delta_ancestor(z,y).": {
            "@delta_ancestor": {
             "level": 1,
             "num-tuples": 0
            },
            "parent": {
             "level": 0,
             "num-tuples": 0
            }
           }
          },
          "maxRSS": {
           "post": 16676,
           "pre": 16676
          },
          "num-tuples": 2208,
          "runtime": { "start": 172810086007, "end": 172810086430},
          "source-locator": "/root/compiler/tests/corpus/BENCHMARK_FAMILY/ancestor_nonancestor.dl [22:1-22:45]"
         }
        }
       },
       "runtime": { "start": 172810085996, "end": 172810086445}
      },
      "1": {
       "copytime": { "start": 172810087622, "end": 172810088037},
       "maxRSS": {
        "post": 16676,
        "pre": 16676
       },
       "num-tuples": 4475,
       "recursive-rule": {
        "ancestor(x,y) :- \n   parent(x,z),\n   ancestor(z,y).": {
         "0": {
          "maxRSS": {
           "post": 16676,
           "pre": 16676
          },
          "num-tuples": 4475,
          "runtime": { "start": 172810086725, "end": 172810087584},
          "source-locator": "/root/compiler/tests/corpus/BENCHMARK_FAMILY/ancestor_nonancestor.dl [22:1-22:45]"
         }
        }
       },
       "runtime": { "start": 172810086712, "end": 172810087597}
      },
      "10": {
       "copytime": { "start": 172810112819, "end": 172810113514},
       "maxRSS": {
        "post": 16676,
        "pre": 16676
       },
       "num-tuples": 6207,
       "recursive-rule": {
        "ancestor(x,y) :- \n   parent(x,z),\n   ancestor(z,y).": {
         "0": {
          "maxRSS": {
           "post": 16676,
           "pre": 16676
          },
          "num-tuples": 6207,
          "runtime": { "start": 172810111196, "end": 172810112779},
          "source-locator": "/root/compiler/tests/corpus/BENCHMARK_FAMILY/ancestor_nonancestor.dl [22:1-22:45]"
         }
        }
       },
       "runtime": { "start": 172810111195, "end": 172810112792}
      },
      "11": {
       "copytime": { "start": 172810114802, "end": 172810115418},
       "maxRSS": {
        "post": 16676,
        "pre": 16676
       },
       "num-tuples": 4794,
       "recursive-rule": {
        "ancestor(x,y) :- \n   parent(x,z),\n   ancestor(z,y).": {
         "0": {
          "maxRSS": {
           "post": 16676,
           "pre": 16676
          },
          "num-tuples": 4794,
          "runtime": { "start": 172810113536, "end": 172810114764},
          "source-locator": "/root/compiler/tests/corpus/BENCHMARK_FAMILY/ancestor_nonancestor.dl [22:1-22:45]"
         }
        }
       },
       "runtime": { "start": 172810113522, "end": 172810114776}
      },
      "12": {
       "copytime": { "start": 172810116547, "end": 172810116976},
       "maxRSS": {
        "post": 16676,
        "pre": 16676
       },
       "num-tuples": 3491,
       "recursive-rule": {
        "ancestor(x,y) :- \n   parent(x,z),\n   ancestor(z,y).": {
         "0": {
          "maxRSS": {
           "post": 16676,
           "pre": 16676
          },
          "num-tuples": 3491,
          "runtime": { "start": 172810115441, "end": 172810116504},
          "source-locator": "/root/compiler/tests/corpus/BENCHMARK_FAMILY/ancestor_nonancestor.dl [22:1-22:45]"
         }
        }
       },
       "runtime": { "start": 172810115425, "end": 172810116518}
      },
      "13": {
       "copytime": { "start": 172810117819, "end": 172810118130},
       "maxRSS": {
        "post": 16676,
        "pre": 16676
       },
       "num-tuples": 2292,
       "recursive-rule": {
        "ancestor(x,y) :- \n   parent(x,z),\n   ancestor(z,y).": {
         "0": {
          "maxRSS": {
           "post": 16676,
           "pre": 16676
          },
          "num-tuples": 2292,
          "runtime": { "start": 172810116998, "end": 172810117780},
          "source-locator": "/root/compiler/tests/corpus/BENCHMARK_FAMILY/ancestor_nonancestor.dl [22:1-22:45]"
         }
        }
       },
       "runtime": { "start": 172810116983, "end": 172810117792}
      },
      "14": {
       "copytime": { "start": 172810118933, "end": 172810119123},
       "maxRSS": {
        "post": 16676,
        "pre": 16676
       },
       "num-tuples": 1451,
       "recursive-rule": {
        "ancestor(x,y) :- \n   parent(x,z),\n   ancestor(z,y).": {
         "0": {
          "maxRSS": {
           "post": 16676,
           "pre": 16676
          },
          "num-tuples": 1451,
          "runtime": { "start": 172810118149, "end": 172810118701},
          "source-locator": "/root/compiler/tests/corpus/BENCHMARK_FAMILY/ancestor_nonancestor.dl [22:1-22:45]"
         }
        }
       },
       "runtime": { "start": 172810118137, "end": 172810118910}
      },
      "15": {
       "copytime": { "start": 172810119591, "end": 172810119731},
       "maxRSS": {
        "post": 16676,
        "pre": 16676
       },
       "num-tuples": 938,
       "recursive-rule": {
        "ancestor(x,y) :- \n   parent(x,z),\n   ancestor(z,y).": {
         "0": {
          "maxRSS": {
           "post": 16676,
           "pre": 16676
          },
          "num-tuples": 938,
          "runtime": { "start": 172810119142, "end": 172810119554},
          "source-locator": "/root/compiler/tests/corpus/BENCHMARK_FAMILY/ancestor_nonancestor.dl [22:1-22:45]"
         }
        }
       },
       "runtime": { "start": 172810119129, "end": 172810119566}
      },
      "16": {
       "copytime": { "start": 172810120178, "end": 172810120278},
       "maxRSS": {
        "post": 16676,
        "pre": 16676
       },
       "num-tuples": 590,
       "recursive-rule": {
        "ancestor(x,y) :- \n   parent(x,z),\n   ancestor(z,y).": {
         "0": {
          "maxRSS": {
           "post": 16676,
           "pre": 16676
          },
          "num-tuples": 590,
          "runtime": { "start": 172810119748, "end": 172810120143},
          "source-locator": "/root/compiler/tests/corpus/BENCHMARK_FAMILY/ancestor_nonancestor.dl [22:1-22:45]"
         }
        }
       },
       "runtime": { "start": 172810119736, "end": 172810120155}
      },
      "17": {
       "copytime": { "start": 172810120545, "end": 172810120595},
       "maxRSS": {
        "post": 16676,
        "pre": 16676
       },
       "num-tuples": 310,
       "recursive-rule": {
        "ancestor(x,y) :- \n   parent(x,z),\n   ancestor(z,y).": {
         "0": {
          "maxRSS": {
           "post": 16676,
           "pre": 16676
          },
          "num-tuples": 310,
          "runtime": { "start": 172810120294, "end": 172810120512},
          "source-locator": "/root/compiler/tests/corpus/BENCHMARK_FAMILY/ancestor_nonancestor.dl [22:1-22:45]"
         }
        }
       },
       "runtime": { "start": 172810120283, "end": 172810120523}
      },
      "18": {
       "copytime": { "start": 172810120796, "end": 172810120820},
       "maxRSS": {
        "post": 16676,
        "pre": 16676
       },
       "num-tuples": 142,
       "recursive-rule": {
        "ancestor(x,y) :- \n   parent(x,z),\n   ancestor(z,y).": {
         "0": {
          "maxRSS": {
           "post": 16676,
           "pre": 16676
          },
          "num-tuples": 142,
          "runtime": { "start": 172810120609, "end": 172810120766},
          "source-locator": "/root/compiler/tests/corpus/BENCHMARK_FAMILY/ancestor_nonancestor.dl [22:1-22:45]"
         }
        }
       },
       "runtime": { "start": 172810120599, "end": 172810120776}
      },
      "19": {
       "copytime": { "start": 172810120968, "end": 172810120980},
       "maxRSS": {
        "post": 16676,
        "pre": 16676
       },
       "num-tuples": 62,
       "recursive-rule": {
        "ancestor(x,y) :- \n   parent(x,z),\n   ancestor(z,y).": {
         "0": {
          "maxRSS": {
           "post": 16676,
           "pre": 16676
          },
          "num-tuples": 62,
          "runtime": { "start": 172810120834, "end": 172810120932},
          "source-locator": "/root/compiler/tests/corpus/BENCHMARK_FAMILY/ancestor_nonancestor.dl [22:1-22:45]"
         }
        }
       },
       "runtime": { "start": 172810120825, "end": 172810120942}
      },
      "2": {
       "copytime": { "start": 172810089438, "end": 172810090126},
       "maxRSS": {
        "post": 16676,
        "pre": 16676
       },
       "num-tuples": 7388,
       "recursive-rule": {
        "ancestor(x,y) :- \n   parent(x,z),\n   ancestor(z,y).": {
         "0": {
          "maxRSS": {
           "post": 16676,
           "pre": 16676
          },
          "num-tuples": 7388,
          "runtime": { "start": 172810088056, "end": 172810089396},
          "source-locator": "/root/compiler/tests/corpus/BENCHMARK_FAMILY/ancestor_nonancestor.dl [22:1-22:45]"
         }
        }
       },
       "runtime": { "start": 172810088044, "end": 172810089409}
      },
      "20": {
       "copytime": { "start": 172810121081, "end": 172810121084},
       "maxRSS": {
        "post": 16676,
        "pre": 16676
       },
       "num-tuples": 12,
       "recursive-rule": {
        "ancestor(x,y) :- \n   parent(x,z),\n   ancestor(z,y).": {
         "0": {
          "maxRSS": {
           "post": 16676,
           "pre": 16676
          },
          "num-tuples": 12,
          "runtime": { "start": 172810120993, "end": 172810121050},
          "source-locator": "/root/compiler/tests/corpus/BENCHMARK_FAMILY/ancestor_nonancestor.dl [22:1-22:45]"
         }
        }
       },
       "runtime": { "start": 172810120984, "end": 172810121059}
      },
      "21": {
       "copytime": { "start": 172810121155, "end": 172810121156},
       "maxRSS": {
        "post": 16676,
        "pre": 16676
       },
       "num-tuples": 2,
       "recursive-rule": {
        "ancestor(x,y) :- \n   parent(x,z),\n   ancestor(z,y).": {
         "0": {
          "maxRSS": {
           "post": 16676,
           "pre": 16676
          },
          "num-tuples": 2,
          "runtime": { "start": 172810121089, "end": 172810121121},
          "source-locator": "/root/compiler/tests/corpus/BENCHMARK_FAMILY/ancestor_nonancestor.dl [22:1-22:45]"
         }
        }
       },
       "runtime": { "start": 172810121088, "end": 172810121131}
      },
      "22": {
       "maxRSS": {
        "post": 16676,
        "pre": 16676
       },
       "num-tuples": 0,
       "recursive-rule": {
        "ancestor(x,y) :- \n   parent(x,z),\n   ancestor(z,y).": {
         "0": {
          "maxRSS": {
           "post": 16676,
           "pre": 16676
          },
          "num-tuples": 0,
          "runtime": { "start": 172810121160, "end": 172810121180},
          "source-locator": "/root/compiler/tests/corpus/BENCHMARK_FAMILY/ancestor_nonancestor.dl [22:1-22:45]"
         }
        }
       },
       "runtime": { "start": 172810121160, "end": 172810121187}
      },
      "3": {
       "copytime": { "start": 172810092064, "end": 172810092992},
       "maxRSS": {
        "post": 16676,
        "pre": 16676
       },
       "num-tuples": 9498,
       "recursive-rule": {
        "ancestor(x,y) :- \n   parent(x,z),\n   ancestor(z,y).": {
         "0": {
          "maxRSS": {
           "post": 16676,
           "pre": 16676
          },
          "num-tuples": 9498,
          "runtime": { "start": 172810090148, "end": 172810092013},
          "source-locator": "/root/compiler/tests/corpus/BENCHMARK_FAMILY/ancestor_nonancestor.dl [22:1-22:45]"
         }
        }
       },
       "runtime": { "start": 172810090133, "end": 172810092031}
      },
      "4": {
       "copytime": { "start": 172810095066, "end": 172810096055},
       "maxRSS": {
        "post": 16676,
        "pre": 16676
       },
       "num-tuples": 9918,
       "recursive-rule": {
        "ancestor(x,y) :- \n   parent(x,z),\n   ancestor(z,y).": {
         "0": {
          "maxRSS": {
           "post": 16676,
           "pre": 16676
          },
          "num-tuples": 9918,
          "runtime": { "start": 172810093018, "end": 172810095027},
          "source-locator": "/root/compiler/tests/corpus/BENCHMARK_FAMILY/ancestor_nonancestor.dl [22:1-22:45]"
         }
        }
       },
       "runtime": { "start": 172810093001, "end": 172810095040}
      },
      "5": {
       "copytime": { "start": 172810098093, "end": 172810099133},
       "maxRSS": {
        "post": 16676,
        "pre": 16676
       },
       "num-tuples": 9643,
       "recursive-rule": {
        "ancestor(x,y) :- \n   parent(x,z),\n   ancestor(z,y).": {
         "0": {
          "maxRSS": {
           "post": 16676,
           "pre": 16676
          },
          "num-tuples": 9643,
          "runtime": { "start": 172810096079, "end": 172810098050},
          "source-locator": "/root/compiler/tests/corpus/BENCHMARK_FAMILY/ancestor_nonancestor.dl [22:1-22:45]"
         }
        }
       },
       "runtime": { "start": 172810096068, "end": 172810098065}
      },
      "6": {
       "copytime": { "start": 172810101277, "end": 172810102245},
       "maxRSS": {
        "post": 16676,
        "pre": 16676
       },
       "num-tuples": 9541,
       "recursive-rule": {
        "ancestor(x,y) :- \n   parent(x,z),\n   ancestor(z,y).": {
         "0": {
          "maxRSS": {
           "post": 16676,
           "pre": 16676
          },
          "num-tuples": 9541,
          "runtime": { "start": 172810099156, "end": 172810101234},
          "source-locator": "/root/compiler/tests/corpus/BENCHMARK_FAMILY/ancestor_nonancestor.dl [22:1-22:45]"
         }
        }
       },
       "runtime": { "start": 172810099141, "end": 172810101248}
      },
      "7": {
       "copytime": { "start": 172810104461, "end": 172810105484},
       "maxRSS": {
        "post": 16676,
        "pre": 16676
       },
       "num-tuples": 9570,
       "recursive-rule": {
        "ancestor(x,y) :- \n   parent(x,z),\n   ancestor(z,y).": {
         "0": {
          "maxRSS": {
           "post": 16676,
           "pre": 16676
          },
          "num-tuples": 9570,
          "runtime": { "start": 172810102274, "end": 172810104435},
          "source-locator": "/root/compiler/tests/corpus/BENCHMARK_FAMILY/ancestor_nonancestor.dl [22:1-22:45]"
         }
        }
       },
       "runtime": { "start": 172810102253, "end": 172810104449}
      },
      "8": {
       "copytime": { "start": 172810107321, "end": 172810108339},
       "maxRSS": {
        "post": 16676,
        "pre": 16676
       },
       "num-tuples": 8972,
       "recursive-rule": {
        "ancestor(x,y) :- \n   parent(x,z),\n   ancestor(z,y).": {
         "0": {
          "maxRSS": {
           "post": 16676,
           "pre": 16676
          },
          "num-tuples": 8972,
          "runtime": { "start": 172810105507, "end": 172810107283},
          "source-locator": "/root/compiler/tests/corpus/BENCHMARK_FAMILY/ancestor_nonancestor.dl [22:1-22:45]"
         }
        }
       },
       "runtime": { "start": 172810105492, "end": 172810107296}
      },
      "9": {
       "copytime": { "start": 172810110096, "end": 172810111187},
       "maxRSS": {
        "post": 16676,
        "pre": 16676
       },
       "num-tuples": 7845,
       "recursive-rule": {
        "ancestor(x,y) :- \n   parent(x,z),\n   ancestor(z,y).": {
         "0": {
          "maxRSS": {
           "post": 16676,
           "pre": 16676
          },
          "num-tuples": 7845,
          "runtime": { "start": 172810108364, "end": 172810110052},
          "source-locator": "/root/compiler/tests/corpus/BENCHMARK_FAMILY/ancestor_nonancestor.dl [22:1-22:45]"
         }
        }
       },
       "runtime": { "start": 172810108348, "end": 172810110065}
      }
     },
     "maxRSS": {
      "post": 16676,
      "pre": 16676
     },
     "non-recursive-rule": {
      "ancestor(x,y) :- \n   parent(x,y).": {
       "atom-frequency": {
        "ancestor(x,y) :- \n   parent(x,y).": {
         "parent": {
          "level": 0,
          "num-tuples": 0
         }
        }
       },
       "maxRSS": {
        "post": 16676,
        "pre": 16676
       },
       "num-tuples": 1000,
       "runtime": { "start": 172810085873, "end": 172810085934},
       "source-locator": "/root/compiler/tests/corpus/BENCHMARK_FAMILY/ancestor_nonancestor.dl [21:1-21:30]"
      }
     },
     "num-tuples": 1000,
     "reads": 417668,
     "runtime": { "start": 172810085859, "end": 172810085944},
     "source-locator": "/root/compiler/tests/corpus/BENCHMARK_FAMILY/ancestor_nonancestor.dl [20:7-20:15]"
    },
    "nonancestor": {
     "maxRSS": {
      "post": 17608,
      "pre": 16676
     },
     "non-recursive-rule": {
      "nonancestor(x,y) :- \n   person(x),\n   person(y),\n   !ancestor(x,y).": {
       "atom-frequency": {
        "nonancestor(x,y) :- \n   person(x),\n   person(y),\n   !ancestor(x,y).": {
         "person": {
          "level": 0,
          "num-tuples": 0
         }
        }
       },
       "maxRSS": {
        "post": 17608,
        "pre": 16676
       },
       "num-tuples": 149651,
       "runtime": { "start": 172810121225, "end": 172810139975},
       "source-locator": "/root/compiler/tests/corpus/BENCHMARK_FAMILY/ancestor_nonancestor.dl [25:1-25:58]"
      }
     },
     "num-tuples": 149651,
     "reads": 0,
     "runtime": { "start": 172810121215, "end": 172810140090},
     "source-locator": "/root/compiler/tests/corpus/BENCHMARK_FAMILY/ancestor_nonancestor.dl [24:7-24:18]"
    },
    "parent": {
     "loadtime": { "start": 172810083675, "end": 172810085526},
     "num-tuples": 1000,
     "reads": 0,
     "source-locator": "/root/compiler/tests/corpus/BENCHMARK_FAMILY/ancestor_nonancestor.dl [15:7-15:13]"
    },
    "person": {
     "loadtime": { "start": 172810085541, "end": 172810085848},
     "num-tuples": 500,
     "reads": 0,
     "source-locator": "/root/compiler/tests/corpus/BENCHMARK_FAMILY/ancestor_nonancestor.dl [17:7-17:13]"
    },
    "q_nonancestor": {
     "maxRSS": {
      "post": 17608,
      "pre": 17608
     },
     "non-recursive-rule": {
      "q_nonancestor(y) :- \n   nonancestor(1,y).": {
       "atom-frequency": {
        "q_nonancestor(y) :- \n   nonancestor(1,y).": {
         "nonancestor": {
          "level": 0,
          "num-tuples": 0
         }
        }
       },
       "maxRSS": {
        "post": 17608,
        "pre": 17608
       },
       "num-tuples": 450,
       "runtime": { "start": 172810140456, "end": 172810140477},
       "source-locator": "/root/compiler/tests/corpus/BENCHMARK_FAMILY/ancestor_nonancestor.dl [29:1-29:38]"
      }
     },
     "num-tuples": 450,
     "reads": 0,
     "runtime": { "start": 172810140434, "end": 172810140488},
     "savetime": { "start": 172810140493, "end": 172810141283},
     "source-locator": "/root/compiler/tests/corpus/BENCHMARK_FAMILY/ancestor_nonancestor.dl [27:7-27:20]"
    }
   },
   "runtime": { "start": 172810083667, "end": 172810141518},
   "starttime": { "time": 172810083627},
   "usage": {
    "timepoint": {
     "172810083650": {
      "maxRSS": 16676,
      "systemtime": 5327,
      "usertime": 5327
     },
     "172810084755": {
      "maxRSS": 16676,
      "systemtime": 7187,
      "usertime": 6597
     },
     "172810085569": {
      "maxRSS": 16676,
      "systemtime": 8081,
      "usertime": 6597
     },
     "172810085882": {
      "maxRSS": 16676,
      "systemtime": 8270,
      "usertime": 6597
     },
     "172810086014": {
      "maxRSS": 16676,
      "systemtime": 8416,
      "usertime": 6597
     },
     "172810086478": {
      "maxRSS": 16676,
      "systemtime": 8897,
      "usertime": 6597
     },
     "172810086735": {
      "maxRSS": 16676,
      "systemtime": 9163,
      "usertime": 6597
     },
     "172810087622": {
      "maxRSS": 16676,
      "systemtime": 10068,
      "usertime": 6597
     },
     "172810088189": {
      "maxRSS": 16676,
      "systemtime": 10075,
      "usertime": 7046
     },
     "172810089271": {
      "maxRSS": 16676,
      "systemtime": 10075,
      "usertime": 7061
     },
     "172810089434": {
      "maxRSS": 16676,
      "systemtime": 10075,
      "usertime": 8444
     },
     "172810090184": {
      "maxRSS": 16676,
      "systemtime": 10075,
      "usertime": 9182
     },
     "172810091267": {
      "maxRSS": 16676,
      "systemtime": 10075,
      "usertime": 9195
     },
     "172810092067": {
      "maxRSS": 16676,
      "systemtime": 10075,
      "usertime": 11129
     },
     "172810093065": {
      "maxRSS": 16676,
      "systemtime": 10075,
      "usertime": 12104
     },
     "172810094171": {
      "maxRSS": 16676,
      "systemtime": 10075,
      "usertime": 12114
     },
     "172810095064": {
      "maxRSS": 16676,
      "systemtime": 10075,
      "usertime": 14161
     },
     "172810096087": {
      "maxRSS": 16676,
      "systemtime": 11097,
      "usertime": 14170
     },
     "172810097172": {
      "maxRSS": 16676,
      "systemtime": 11106,
      "usertime": 14170
     },
     "172810098129": {
      "maxRSS": 16676,
      "systemtime": 13138,
      "usertime": 14170
     },
     "172810099204": {
      "maxRSS": 16676,
      "systemtime": 14202,
      "usertime": 14202
     },
     "172810100275": {
      "maxRSS": 16676,
      "systemtime": 14202,
      "usertime": 15064
     },
     "172810101277": {
      "maxRSS": 16676,
      "systemtime": 14202,
      "usertime": 16341
     },
     "172810102313": {
      "maxRSS": 16676,
      "systemtime": 14202,
      "usertime": 17364
     },
     "172810103385": {
      "maxRSS": 16676,
      "systemtime": 14202,
      "usertime": 17375
     },
     "172810104461": {
      "maxRSS": 16676,
      "systemtime": 14202,
      "usertime": 19570
     },
     "172810105517": {
      "maxRSS": 16676,
      "systemtime": 14202,
      "usertime": 20648
     },
     "172810106587": {
      "maxRSS": 16676,
      "systemtime": 14202,
      "usertime": 20660
     },
     "172810107321": {
      "maxRSS": 16676,
      "systemtime": 14202,
      "usertime": 22476
     },
     "172810108375": {
      "maxRSS": 16676,
      "systemtime": 14202,
      "usertime": 23538
     },
     "172810109446": {
      "maxRSS": 16676,
      "systemtime": 14202,
      "usertime": 23551
     },
     "172810110122": {
      "maxRSS": 16676,
      "systemtime": 14202,
      "usertime": 25301
     },
     "172810111198": {
      "maxRSS": 16676,
      "systemtime": 14202,
      "usertime": 26417
     },
     "172810112279": {
      "maxRSS": 16676,
      "systemtime": 14202,
      "usertime": 27239
     },
     "172810112853": {
      "maxRSS": 16676,
      "systemtime": 14202,
      "usertime": 28074
     },
     "172810113542": {
      "maxRSS": 16676,
      "systemtime": 14202,
      "usertime": 28806
     },
     "172810114649": {
      "maxRSS": 16676,
      "systemtime": 14202,
      "usertime": 28818
     },
     "172810114802": {
      "maxRSS": 16676,
      "systemtime": 14202,
      "usertime": 30084
     },
     "172810115478": {
      "maxRSS": 16676,
      "systemtime": 14202,
      "usertime": 30751
     },
     "172810116552": {
      "maxRSS": 16676,
      "systemtime": 14202,
      "usertime": 31868
     },
     "172810117037": {
      "maxRSS": 16676,
      "systemtime": 14202,
      "usertime": 32341
     },
     "172810117860": {
      "maxRSS": 16676,
      "systemtime": 14202,
      "usertime": 33186
     },
     "172810118154": {
      "maxRSS": 16676,
      "systemtime": 14202,
      "usertime": 33530
     },
     "172810118940": {
      "maxRSS": 16676,
      "systemtime": 14202,
      "usertime": 34327
     },
     "172810119150": {
      "maxRSS": 16676,
      "systemtime": 14202,
      "usertime": 34549
     },
     "172810119591": {
      "maxRSS": 16676,
      "systemtime": 14202,
      "usertime": 35003
     },
     "172810119753": {
      "maxRSS": 16676,
      "systemtime": 14202,
      "usertime": 35176
     },
     "172810120181": {
      "maxRSS": 16676,
      "systemtime": 14202,
      "usertime": 35616
     },
     "172810120299": {
      "maxRSS": 16676,
      "systemtime": 14202,
      "usertime": 35741
     },
     "172810120545": {
      "maxRSS": 16676,
      "systemtime": 14202,
      "usertime": 36000
     },
     "172810120623": {
      "maxRSS": 16676,
      "systemtime": 14202,
      "usertime": 36075
     },
     "172810120796": {
      "maxRSS": 16676,
      "systemtime": 14202,
      "usertime": 36278
     },
     "172810120844": {
      "maxRSS": 16676,
      "systemtime": 14202,
      "usertime": 36328
     },
     "172810120968": {
      "maxRSS": 16676,
      "systemtime": 14202,
      "usertime": 36468
     },
     "172810121012": {
      "maxRSS": 16676,
      "systemtime": 14202,
      "usertime": 36509
     },
     "172810121088": {
      "maxRSS": 16676,
      "systemtime": 14202,
      "usertime": 36617
     },
     "172810121155": {
      "maxRSS": 16676,
      "systemtime": 14202,
      "usertime": 36697
     },
     "172810121210": {
      "maxRSS": 16676,
      "systemtime": 14202,
      "usertime": 36757
     },
     "172810121230": {
      "maxRSS": 16676,
      "systemtime": 14202,
      "usertime": 36785
     },
     "172810122336": {
      "maxRSS": 16676,
      "systemtime": 14202,
      "usertime": 36792
     },
     "172810123438": {
      "maxRSS": 16676,
      "systemtime": 14202,
      "usertime": 36801
     },
     "172810124517": {
      "maxRSS": 16676,
      "systemtime": 14202,
      "usertime": 39589
     },
     "172810125586": {
      "maxRSS": 16676,
      "systemtime": 14202,
      "usertime": 39600
     },
     "172810126694": {
      "maxRSS": 16676,
      "systemtime": 14202,
      "usertime": 39614
     },
     "172810127799": {
      "maxRSS": 16676,
      "systemtime": 14202,
      "usertime": 39624
     },
     "172810128874": {
      "maxRSS": 16676,
      "systemtime": 14202,
      "usertime": 43636
     },
     "172810130007": {
      "maxRSS": 16676,
      "systemtime": 14202,
      "usertime": 43674
     },
     "172810131113": {
      "maxRSS": 16676,
      "systemtime": 14202,
      "usertime": 43681
     },
     "172810132179": {
      "maxRSS": 16676,
      "systemtime": 14202,
      "usertime": 47688
     },
     "172810133288": {
      "maxRSS": 16676,
      "systemtime": 14202,
      "usertime": 47712
     },
     "172810134399": {
      "maxRSS": 16712,
      "systemtime": 14202,
      "usertime": 47750
     },
     "172810135482": {
      "maxRSS": 16840,
      "systemtime": 14202,
      "usertime": 47772
     },
     "172810136589": {
      "maxRSS": 17096,
      "systemtime": 14202,
      "usertime": 51800
     },
     "172810137678": {
      "maxRSS": 17224,
      "systemtime": 14202,
      "usertime": 51821
     },
     "172810138758": {
      "maxRSS": 17352,
      "systemtime": 14202,
      "usertime": 51838
     },
     "172810139839": {
      "maxRSS": 17608,
      "systemtime": 14202,
      "usertime": 51850
     },
     "172810140465": {
      "maxRSS": 17608,
      "systemtime": 14202,
      "usertime": 56316
     },
     "172810140507": {
      "maxRSS": 17608,
      "systemtime": 14202,
      "usertime": 56363
     }
    }
   }
  }
 }
}
