{
 "root": {
  "program": {
   "configuration": {
    "": "/root/compiler/tests/corpus/CONE_CORPUS/cc_growing_sibling.dl",
    "fact-dir": "/root/compiler/fixtures/cone_corpus/cc_growing_sibling/n20",
    "include-dir": ".",
    "jobs": "1",
    "libraries": "functors",
    "library-dir": ".",
    "output-dir": "/root/compiler/measurements/punch-list-2/item2-growing-sibling/n20/none",
    "profile": "prof.log",
    "relationCount": "10",
    "ruleCount": "15",
    "version": "2.5",
    "warn": "all",
    "wno": "none"
   },
   "relation": {
    "base": {
     "loadtime": { "start": 4297101588, "end": 4297101929},
     "num-tuples": 30,
     "reads": 0,
     "source-locator": "/root/compiler/tests/corpus/CONE_CORPUS/cc_growing_sibling.dl [16:7-16:11]"
    },
    "blocked": {
     "loadtime": { "start": 4297101940, "end": 4297101986},
     "num-tuples": 5,
     "reads": 136,
     "source-locator": "/root/compiler/tests/corpus/CONE_CORPUS/cc_growing_sibling.dl [18:7-18:14]"
    },
    "e": {
     "loadtime": { "start": 4297101994, "end": 4297102024},
     "num-tuples": 30,
     "reads": 0,
     "source-locator": "/root/compiler/tests/corpus/CONE_CORPUS/cc_growing_sibling.dl [17:7-17:8]"
    },
    "out": {
     "maxRSS": {
      "post": 12544,
      "pre": 12544
     },
     "non-recursive-rule": {
      "out(y) :- \n   p(1,y).": {
       "atom-frequency": {
        "out(y) :- \n   p(1,y).": {
         "p": {
          "level": 0,
          "num-tuples": 0
         }
        }
       },
       "maxRSS": {
        "post": 12544,
        "pre": 12544
       },
       "num-tuples": 3,
       "runtime": { "start": 4297103173, "end": 4297103174},
       "source-locator": "/root/compiler/tests/corpus/CONE_CORPUS/cc_growing_sibling.dl [33:1-33:18]"
      }
     },
     "num-tuples": 3,
     "reads": 0,
     "runtime": { "start": 4297103173, "end": 4297103180},
     "savetime": { "start": 4297103183, "end": 4297103219},
     "source-locator": "/root/compiler/tests/corpus/CONE_CORPUS/cc_growing_sibling.dl [32:7-32:10]"
    },
    "out2": {
     "maxRSS": {
      "post": 12544,
      "pre": 12544
     },
     "non-recursive-rule": {
      "out2(y) :- \n   tc(1,y).": {
       "atom-frequency": {
        "out2(y) :- \n   tc(1,y).": {
         "tc": {
          "level": 0,
          "num-tuples": 0
         }
        }
       },
       "maxRSS": {
        "post": 12544,
        "pre": 12544
       },
       "num-tuples": 20,
       "runtime": { "start": 4297102758, "end": 4297102760},
       "source-locator": "/root/compiler/tests/corpus/CONE_CORPUS/cc_growing_sibling.dl [40:1-40:20]"
      }
     },
     "num-tuples": 20,
     "reads": 0,
     "runtime": { "start": 4297102757, "end": 4297102767},
     "savetime": { "start": 4297102771, "end": 4297103063},
     "source-locator": "/root/compiler/tests/corpus/CONE_CORPUS/cc_growing_sibling.dl [39:7-39:11]"
    },
    "p": {
     "iteration": {
      "0": {
       "copytime": { "start": 4297103141, "end": 4297103142},
       "maxRSS": {
        "post": 12544,
        "pre": 12544
       },
       "num-tuples": 3,
       "recursive-rule": {
        "p(x,y) :- \n   p(x,z),\n   !s(z),\n   q(z,y).": {
         "0": {
          "atom-frequency": {
           "@new_p(x,y) :- \n   @delta_p(x,z),\n   !s(z),\n   q(z,y).": {
            "@delta_p": {
             "level": 0,
             "num-tuples": 0
            },
            "q": {
             "level": 1,
             "num-tuples": 0
            }
           }
          },
          "maxRSS": {
           "post": 12544,
           "pre": 12544
          },
          "num-tuples": 3,
          "runtime": { "start": 4297103118, "end": 4297103127},
          "source-locator": "/root/compiler/tests/corpus/CONE_CORPUS/cc_growing_sibling.dl [30:1-30:33]"
         }
        }
       },
       "runtime": { "start": 4297103117, "end": 4297103134}
      },
      "1": {
       "maxRSS": {
        "post": 12544,
        "pre": 12544
       },
       "num-tuples": 0,
       "recursive-rule": {
        "p(x,y) :- \n   p(x,z),\n   !s(z),\n   q(z,y).": {
         "0": {
          "maxRSS": {
           "post": 12544,
           "pre": 12544
          },
          "num-tuples": 0,
          "runtime": { "start": 4297103155, "end": 4297103157},
          "source-locator": "/root/compiler/tests/corpus/CONE_CORPUS/cc_growing_sibling.dl [30:1-30:33]"
         }
        }
       },
       "runtime": { "start": 4297103145, "end": 4297103164}
      }
     },
     "maxRSS": {
      "post": 12544,
      "pre": 12544
     },
     "non-recursive-rule": {
      "p(x,y) :- \n   e(x,y).": {
       "atom-frequency": {
        "p(x,y) :- \n   e(x,y).": {
         "e": {
          "level": 0,
          "num-tuples": 0
         }
        }
       },
       "maxRSS": {
        "post": 12544,
        "pre": 12544
       },
       "num-tuples": 30,
       "runtime": { "start": 4297103104, "end": 4297103107},
       "source-locator": "/root/compiler/tests/corpus/CONE_CORPUS/cc_growing_sibling.dl [29:1-29:18]"
      }
     },
     "num-tuples": 30,
     "reads": 3,
     "runtime": { "start": 4297103104, "end": 4297103112},
     "source-locator": "/root/compiler/tests/corpus/CONE_CORPUS/cc_growing_sibling.dl [28:7-28:8]"
    },
    "q": {
     "iteration": {
      "0": {
       "copytime": { "start": 4297102170, "end": 4297102174},
       "maxRSS": {
        "post": 12544,
        "pre": 12416
       },
       "num-tuples": 40,
       "recursive-rule": {
        "q(x,y) :- \n   q(x,z),\n   base(z,y).": {
         "0": {
          "atom-frequency": {
           "@new_q(x,y) :- \n   @delta_q(x,z),\n   base(z,y).": {
            "@delta_q": {
             "level": 0,
             "num-tuples": 0
            },
            "base": {
             "level": 1,
             "num-tuples": 0
            }
           }
          },
          "maxRSS": {
           "post": 12544,
           "pre": 12416
          },
          "num-tuples": 40,
          "runtime": { "start": 4297102122, "end": 4297102139},
          "source-locator": "/root/compiler/tests/corpus/CONE_CORPUS/cc_growing_sibling.dl [23:1-23:29]"
         }
        }
       },
       "runtime": { "start": 4297102114, "end": 4297102148}
      },
      "1": {
       "copytime": { "start": 4297102224, "end": 4297102228},
       "maxRSS": {
        "post": 12544,
        "pre": 12544
       },
       "num-tuples": 35,
       "recursive-rule": {
        "q(x,y) :- \n   q(x,z),\n   base(z,y).": {
         "0": {
          "maxRSS": {
           "post": 12544,
           "pre": 12544
          },
          "num-tuples": 35,
          "runtime": { "start": 4297102188, "end": 4297102198},
          "source-locator": "/root/compiler/tests/corpus/CONE_CORPUS/cc_growing_sibling.dl [23:1-23:29]"
         }
        }
       },
       "runtime": { "start": 4297102179, "end": 4297102206}
      },
      "2": {
       "copytime": { "start": 4297102274, "end": 4297102278},
       "maxRSS": {
        "post": 12544,
        "pre": 12544
       },
       "num-tuples": 22,
       "recursive-rule": {
        "q(x,y) :- \n   q(x,z),\n   base(z,y).": {
         "0": {
          "maxRSS": {
           "post": 12544,
           "pre": 12544
          },
          "num-tuples": 22,
          "runtime": { "start": 4297102240, "end": 4297102249},
          "source-locator": "/root/compiler/tests/corpus/CONE_CORPUS/cc_growing_sibling.dl [23:1-23:29]"
         }
        }
       },
       "runtime": { "start": 4297102231, "end": 4297102256}
      },
      "3": {
       "copytime": { "start": 4297102320, "end": 4297102322},
       "maxRSS": {
        "post": 12544,
        "pre": 12544
       },
       "num-tuples": 8,
       "recursive-rule": {
        "q(x,y) :- \n   q(x,z),\n   base(z,y).": {
         "0": {
          "maxRSS": {
           "post": 12544,
           "pre": 12544
          },
          "num-tuples": 8,
          "runtime": { "start": 4297102290, "end": 4297102295},
          "source-locator": "/root/compiler/tests/corpus/CONE_CORPUS/cc_growing_sibling.dl [23:1-23:29]"
         }
        }
       },
       "runtime": { "start": 4297102281, "end": 4297102302}
      },
      "4": {
       "copytime": { "start": 4297102362, "end": 4297102363},
       "maxRSS": {
        "post": 12544,
        "pre": 12544
       },
       "num-tuples": 1,
       "recursive-rule": {
        "q(x,y) :- \n   q(x,z),\n   base(z,y).": {
         "0": {
          "maxRSS": {
           "post": 12544,
           "pre": 12544
          },
          "num-tuples": 1,
          "runtime": { "start": 4297102334, "end": 4297102336},
          "source-locator": "/root/compiler/tests/corpus/CONE_CORPUS/cc_growing_sibling.dl [23:1-23:29]"
         }
        }
       },
       "runtime": { "start": 4297102325, "end": 4297102344}
      },
      "5": {
       "maxRSS": {
        "post": 12544,
        "pre": 12544
       },
       "num-tuples": 0,
       "recursive-rule": {
        "q(x,y) :- \n   q(x,z),\n   base(z,y).": {
         "0": {
          "maxRSS": {
           "post": 12544,
           "pre": 12544
          },
          "num-tuples": 0,
          "runtime": { "start": 4297102375, "end": 4297102376},
          "source-locator": "/root/compiler/tests/corpus/CONE_CORPUS/cc_growing_sibling.dl [23:1-23:29]"
         }
        }
       },
       "runtime": { "start": 4297102366, "end": 4297102383}
      }
     },
     "maxRSS": {
      "post": 12416,
      "pre": 12288
     },
     "non-recursive-rule": {
      "q(x,y) :- \n   base(x,y).": {
       "atom-frequency": {
        "q(x,y) :- \n   base(x,y).": {
         "base": {
          "level": 0,
          "num-tuples": 0
         }
        }
       },
       "maxRSS": {
        "post": 12416,
        "pre": 12288
       },
       "num-tuples": 30,
       "runtime": { "start": 4297102091, "end": 4297102098},
       "source-locator": "/root/compiler/tests/corpus/CONE_CORPUS/cc_growing_sibling.dl [22:1-22:21]"
      }
     },
     "num-tuples": 30,
     "reads": 185,
     "runtime": { "start": 4297102081, "end": 4297102106},
     "source-locator": "/root/compiler/tests/corpus/CONE_CORPUS/cc_growing_sibling.dl [21:7-21:8]"
    },
    "s": {
     "maxRSS": {
      "post": 12544,
      "pre": 12544
     },
     "non-recursive-rule": {
      "s(x) :- \n   q(x,y),\n   blocked(y).": {
       "atom-frequency": {
        "s(x) :- \n   q(x,y),\n   blocked(y).": {
         "q": {
          "level": 0,
          "num-tuples": 0
         }
        }
       },
       "maxRSS": {
        "post": 12544,
        "pre": 12544
       },
       "num-tuples": 12,
       "runtime": { "start": 4297103083, "end": 4297103091},
       "source-locator": "/root/compiler/tests/corpus/CONE_CORPUS/cc_growing_sibling.dl [26:1-26:28]"
      }
     },
     "num-tuples": 12,
     "reads": 33,
     "runtime": { "start": 4297103071, "end": 4297103099},
     "source-locator": "/root/compiler/tests/corpus/CONE_CORPUS/cc_growing_sibling.dl [25:7-25:8]"
    },
    "sibling_edge": {
     "loadtime": { "start": 4297102031, "end": 4297102074},
     "num-tuples": 119,
     "reads": 0,
     "source-locator": "/root/compiler/tests/corpus/CONE_CORPUS/cc_growing_sibling.dl [19:7-19:19]"
    },
    "tc": {
     "iteration": {
      "0": {
       "copytime": { "start": 4297102535, "end": 4297102552},
       "maxRSS": {
        "post": 12544,
        "pre": 12544
       },
       "num-tuples": 234,
       "recursive-rule": {
        "tc(x,y) :- \n   tc(x,z),\n   sibling_edge(z,y).": {
         "0": {
          "atom-frequency": {
           "@new_tc(x,y) :- \n   @delta_tc(x,z),\n   sibling_edge(z,y).": {
            "@delta_tc": {
             "level": 0,
             "num-tuples": 0
            },
            "sibling_edge": {
             "level": 1,
             "num-tuples": 0
            }
           }
          },
          "maxRSS": {
           "post": 12544,
           "pre": 12544
          },
          "num-tuples": 234,
          "runtime": { "start": 4297102433, "end": 4297102509},
          "source-locator": "/root/compiler/tests/corpus/CONE_CORPUS/cc_growing_sibling.dl [37:1-37:39]"
         }
        }
       },
       "runtime": { "start": 4297102424, "end": 4297102517}
      },
      "1": {
       "copytime": { "start": 4297102697, "end": 4297102703},
       "maxRSS": {
        "post": 12544,
        "pre": 12544
       },
       "num-tuples": 27,
       "recursive-rule": {
        "tc(x,y) :- \n   tc(x,z),\n   sibling_edge(z,y).": {
         "0": {
          "maxRSS": {
           "post": 12544,
           "pre": 12544
          },
          "num-tuples": 27,
          "runtime": { "start": 4297102564, "end": 4297102670},
          "source-locator": "/root/compiler/tests/corpus/CONE_CORPUS/cc_growing_sibling.dl [37:1-37:39]"
         }
        }
       },
       "runtime": { "start": 4297102555, "end": 4297102678}
      },
      "2": {
       "maxRSS": {
        "post": 12544,
        "pre": 12544
       },
       "num-tuples": 0,
       "recursive-rule": {
        "tc(x,y) :- \n   tc(x,z),\n   sibling_edge(z,y).": {
         "0": {
          "maxRSS": {
           "post": 12544,
           "pre": 12544
          },
          "num-tuples": 0,
          "runtime": { "start": 4297102715, "end": 4297102729},
          "source-locator": "/root/compiler/tests/corpus/CONE_CORPUS/cc_growing_sibling.dl [37:1-37:39]"
         }
        }
       },
       "runtime": { "start": 4297102707, "end": 4297102737}
      }
     },
     "maxRSS": {
      "post": 12544,
      "pre": 12544
     },
     "non-recursive-rule": {
      "tc(x,y) :- \n   sibling_edge(x,y).": {
       "atom-frequency": {
        "tc(x,y) :- \n   sibling_edge(x,y).": {
         "sibling_edge": {
          "level": 0,
          "num-tuples": 0
         }
        }
       },
       "maxRSS": {
        "post": 12544,
        "pre": 12544
       },
       "num-tuples": 119,
       "runtime": { "start": 4297102403, "end": 4297102408},
       "source-locator": "/root/compiler/tests/corpus/CONE_CORPUS/cc_growing_sibling.dl [36:1-36:30]"
      }
     },
     "num-tuples": 119,
     "reads": 2261,
     "runtime": { "start": 4297102402, "end": 4297102415},
     "source-locator": "/root/compiler/tests/corpus/CONE_CORPUS/cc_growing_sibling.dl [35:7-35:9]"
    }
   },
   "runtime": { "start": 4297101581, "end": 4297103222},
   "starttime": { "time": 4297101540},
   "usage": {
    "timepoint": {
     "4297101585": {
      "maxRSS": 12016,
      "systemtime": 0,
      "usertime": 8272
     },
     "4297101964": {
      "maxRSS": 12288,
      "systemtime": 0,
      "usertime": 8662
     },
     "4297102009": {
      "maxRSS": 12288,
      "systemtime": 0,
      "usertime": 8727
     },
     "4297102045": {
      "maxRSS": 12288,
      "systemtime": 0,
      "usertime": 8771
     },
     "4297102095": {
      "maxRSS": 12416,
      "systemtime": 0,
      "usertime": 8838
     },
     "4297102127": {
      "maxRSS": 12416,
      "systemtime": 0,
      "usertime": 8876
     },
     "4297102170": {
      "maxRSS": 12544,
      "systemtime": 0,
      "usertime": 8924
     },
     "4297102192": {
      "maxRSS": 12544,
      "systemtime": 0,
      "usertime": 8958
     },
     "4297102223": {
      "maxRSS": 12544,
      "systemtime": 0,
      "usertime": 8995
     },
     "4297102245": {
      "maxRSS": 12544,
      "systemtime": 0,
      "usertime": 9023
     },
     "4297102274": {
      "maxRSS": 12544,
      "systemtime": 0,
      "usertime": 9058
     },
     "4297102294": {
      "maxRSS": 12544,
      "systemtime": 0,
      "usertime": 9085
     },
     "4297102320": {
      "maxRSS": 12544,
      "systemtime": 0,
      "usertime": 9117
     },
     "4297102339": {
      "maxRSS": 12544,
      "systemtime": 0,
      "usertime": 9144
     },
     "4297102361": {
      "maxRSS": 12544,
      "systemtime": 0,
      "usertime": 9172
     },
     "4297102379": {
      "maxRSS": 12544,
      "systemtime": 0,
      "usertime": 9198
     },
     "4297102400": {
      "maxRSS": 12544,
      "systemtime": 0,
      "usertime": 9224
     },
     "4297102438": {
      "maxRSS": 12544,
      "systemtime": 0,
      "usertime": 9269
     },
     "4297102535": {
      "maxRSS": 12544,
      "systemtime": 0,
      "usertime": 9372
     },
     "4297102569": {
      "maxRSS": 12544,
      "systemtime": 0,
      "usertime": 9413
     },
     "4297102698": {
      "maxRSS": 12544,
      "systemtime": 0,
      "usertime": 9555
     },
     "4297102720": {
      "maxRSS": 12544,
      "systemtime": 0,
      "usertime": 9581
     },
     "4297102755": {
      "maxRSS": 12544,
      "systemtime": 0,
      "usertime": 9622
     },
     "4297102784": {
      "maxRSS": 12544,
      "systemtime": 0,
      "usertime": 9649
     },
     "4297103129": {
      "maxRSS": 12544,
      "systemtime": 0,
      "usertime": 10023
     },
     "4297103138": {
      "maxRSS": 12544,
      "systemtime": 0,
      "usertime": 10042
     },
     "4297103200": {
      "maxRSS": 12544,
      "systemtime": 0,
      "usertime": 10098
     }
    }
   }
  }
 }
}
