{
 "root": {
  "program": {
   "configuration": {
    "": "/root/compiler/measurements/m3-5-headline-m4/family/transitive_closure_bound/n500/emit_guarded/transformed.dl",
    "fact-dir": "/root/compiler/fixtures/benchmark-family/transitive_closure_bound/n500",
    "include-dir": ".",
    "jobs": "1",
    "libraries": "functors",
    "library-dir": ".",
    "output-dir": "/root/compiler/measurements/m3-5-headline-m4/family/transitive_closure_bound/n500/dlc",
    "profile": "prof.log",
    "relationCount": "7",
    "ruleCount": "13",
    "version": "2.5",
    "warn": "all",
    "wno": "none"
   },
   "relation": {
    "edge": {
     "loadtime": { "start": 22171534627, "end": 22171534899},
     "num-tuples": 1000,
     "reads": 0,
     "source-locator": "/root/compiler/measurements/m3-5-headline-m4/family/transitive_closure_bound/n500/emit_guarded/transformed.dl [1:7-1:11]"
    },
    "magic_tc_bf": {
     "maxRSS": {
      "post": 14000,
      "pre": 14000
     },
     "non-recursive-rule": {
      "magic_tc_bf(1).": {
       "maxRSS": {
        "post": 14000,
        "pre": 14000
       },
       "num-tuples": 1,
       "runtime": { "start": 22171534984, "end": 22171534994},
       "source-locator": "/root/compiler/measurements/m3-5-headline-m4/family/transitive_closure_bound/n500/emit_guarded/transformed.dl [21:1-21:16]"
      }
     },
     "num-tuples": 1,
     "reads": 0,
     "runtime": { "start": 22171534907, "end": 22171535002},
     "source-locator": "/root/compiler/measurements/m3-5-headline-m4/family/transitive_closure_bound/n500/emit_guarded/transformed.dl [12:7-12:18]"
    },
    "q_tc": {
     "maxRSS": {
      "post": 14000,
      "pre": 14000
     },
     "non-recursive-rule": {
      "q_tc(y) :- \n   tc_bf(1,y).": {
       "atom-frequency": {
        "q_tc(y) :- \n   tc_bf(1,y).": {
         "tc_bf": {
          "level": 0,
          "num-tuples": 0
         }
        }
       },
       "maxRSS": {
        "post": 14000,
        "pre": 14000
       },
       "num-tuples": 50,
       "runtime": { "start": 22171536054, "end": 22171536057},
       "source-locator": "/root/compiler/measurements/m3-5-headline-m4/family/transitive_closure_bound/n500/emit_guarded/transformed.dl [22:1-22:24]"
      }
     },
     "num-tuples": 50,
     "reads": 0,
     "runtime": { "start": 22171536053, "end": 22171536064},
     "savetime": { "start": 22171536069, "end": 22171536188},
     "source-locator": "/root/compiler/measurements/m3-5-headline-m4/family/transitive_closure_bound/n500/emit_guarded/transformed.dl [4:7-4:11]"
    },
    "sup_tc_bf_r0_1": {
     "maxRSS": {
      "post": 14000,
      "pre": 14000
     },
     "non-recursive-rule": {
      "sup_tc_bf_r0_1(x,y) :- \n   magic_tc_bf(x),\n   edge(x,y).": {
       "atom-frequency": {
        "sup_tc_bf_r0_1(x,y) :- \n   magic_tc_bf(x),\n   edge(x,y).": {
         "edge": {
          "level": 1,
          "num-tuples": 0
         },
         "magic_tc_bf": {
          "level": 0,
          "num-tuples": 0
         }
        }
       },
       "maxRSS": {
        "post": 14000,
        "pre": 14000
       },
       "num-tuples": 6,
       "runtime": { "start": 22171535020, "end": 22171535025},
       "source-locator": "/root/compiler/measurements/m3-5-headline-m4/family/transitive_closure_bound/n500/emit_guarded/transformed.dl [14:1-14:55]"
      }
     },
     "num-tuples": 6,
     "reads": 0,
     "runtime": { "start": 22171535011, "end": 22171535033},
     "source-locator": "/root/compiler/measurements/m3-5-headline-m4/family/transitive_closure_bound/n500/emit_guarded/transformed.dl [7:7-7:21]"
    },
    "sup_tc_bf_r1_1": {
     "iteration": {
      "0": {
       "copytime": { "start": 22171535127, "end": 22171535128},
       "maxRSS": {
        "post": 14000,
        "pre": 14000
       },
       "num-tuples": 6,
       "recursive-rule": {
        "sup_tc_bf_r1_1(x,z) :- \n   magic_tc_bf(x),\n   tc_bf(x,z).": {
         "0": {
          "atom-frequency": {
           "@new_sup_tc_bf_r1_1(x,z) :- \n   magic_tc_bf(x),\n   @delta_tc_bf(x,z).": {
            "@delta_tc_bf": {
             "level": 1,
             "num-tuples": 0
            },
            "magic_tc_bf": {
             "level": 0,
             "num-tuples": 0
            }
           }
          },
          "maxRSS": {
           "post": 14000,
           "pre": 14000
          },
          "num-tuples": 6,
          "runtime": { "start": 22171535066, "end": 22171535069},
          "source-locator": "/root/compiler/measurements/m3-5-headline-m4/family/transitive_closure_bound/n500/emit_guarded/transformed.dl [17:1-17:56]"
         }
        }
       },
       "runtime": { "start": 22171535065, "end": 22171535080}
      },
      "1": {
       "copytime": { "start": 22171535207, "end": 22171535208},
       "maxRSS": {
        "post": 14000,
        "pre": 14000
       },
       "num-tuples": 0,
       "recursive-rule": {
        "sup_tc_bf_r1_1(x,z) :- \n   magic_tc_bf(x),\n   tc_bf(x,z).": {
         "0": {
          "maxRSS": {
           "post": 14000,
           "pre": 14000
          },
          "num-tuples": 0,
          "runtime": { "start": 22171535139, "end": 22171535139},
          "source-locator": "/root/compiler/measurements/m3-5-headline-m4/family/transitive_closure_bound/n500/emit_guarded/transformed.dl [17:1-17:56]"
         }
        }
       },
       "runtime": { "start": 22171535138, "end": 22171535144}
      },
      "10": {
       "maxRSS": {
        "post": 14000,
        "pre": 14000
       },
       "num-tuples": 0,
       "recursive-rule": {
        "sup_tc_bf_r1_1(x,z) :- \n   magic_tc_bf(x),\n   tc_bf(x,z).": {
         "0": {
          "maxRSS": {
           "post": 14000,
           "pre": 14000
          },
          "num-tuples": 0,
          "runtime": { "start": 22171535912, "end": 22171535913},
          "source-locator": "/root/compiler/measurements/m3-5-headline-m4/family/transitive_closure_bound/n500/emit_guarded/transformed.dl [17:1-17:56]"
         }
        }
       },
       "runtime": { "start": 22171535900, "end": 22171535921}
      },
      "2": {
       "copytime": { "start": 22171535268, "end": 22171535269},
       "maxRSS": {
        "post": 14000,
        "pre": 14000
       },
       "num-tuples": 0,
       "recursive-rule": {
        "sup_tc_bf_r1_1(x,z) :- \n   magic_tc_bf(x),\n   tc_bf(x,z).": {
         "0": {
          "maxRSS": {
           "post": 14000,
           "pre": 14000
          },
          "num-tuples": 0,
          "runtime": { "start": 22171535220, "end": 22171535220},
          "source-locator": "/root/compiler/measurements/m3-5-headline-m4/family/transitive_closure_bound/n500/emit_guarded/transformed.dl [17:1-17:56]"
         }
        }
       },
       "runtime": { "start": 22171535219, "end": 22171535225}
      },
      "3": {
       "copytime": { "start": 22171535362, "end": 22171535364},
       "maxRSS": {
        "post": 14000,
        "pre": 14000
       },
       "num-tuples": 22,
       "recursive-rule": {
        "sup_tc_bf_r1_1(x,z) :- \n   magic_tc_bf(x),\n   tc_bf(x,z).": {
         "0": {
          "maxRSS": {
           "post": 14000,
           "pre": 14000
          },
          "num-tuples": 22,
          "runtime": { "start": 22171535281, "end": 22171535284},
          "source-locator": "/root/compiler/measurements/m3-5-headline-m4/family/transitive_closure_bound/n500/emit_guarded/transformed.dl [17:1-17:56]"
         }
        }
       },
       "runtime": { "start": 22171535279, "end": 22171535288}
      },
      "4": {
       "copytime": { "start": 22171535454, "end": 22171535455},
       "maxRSS": {
        "post": 14000,
        "pre": 14000
       },
       "num-tuples": 0,
       "recursive-rule": {
        "sup_tc_bf_r1_1(x,z) :- \n   magic_tc_bf(x),\n   tc_bf(x,z).": {
         "0": {
          "maxRSS": {
           "post": 14000,
           "pre": 14000
          },
          "num-tuples": 0,
          "runtime": { "start": 22171535384, "end": 22171535385},
          "source-locator": "/root/compiler/measurements/m3-5-headline-m4/family/transitive_closure_bound/n500/emit_guarded/transformed.dl [17:1-17:56]"
         }
        }
       },
       "runtime": { "start": 22171535375, "end": 22171535393}
      },
      "5": {
       "copytime": { "start": 22171535502, "end": 22171535503},
       "maxRSS": {
        "post": 14000,
        "pre": 14000
       },
       "num-tuples": 0,
       "recursive-rule": {
        "sup_tc_bf_r1_1(x,z) :- \n   magic_tc_bf(x),\n   tc_bf(x,z).": {
         "0": {
          "maxRSS": {
           "post": 14000,
           "pre": 14000
          },
          "num-tuples": 0,
          "runtime": { "start": 22171535466, "end": 22171535467},
          "source-locator": "/root/compiler/measurements/m3-5-headline-m4/family/transitive_closure_bound/n500/emit_guarded/transformed.dl [17:1-17:56]"
         }
        }
       },
       "runtime": { "start": 22171535466, "end": 22171535472}
      },
      "6": {
       "copytime": { "start": 22171535593, "end": 22171535595},
       "maxRSS": {
        "post": 14000,
        "pre": 14000
       },
       "num-tuples": 21,
       "recursive-rule": {
        "sup_tc_bf_r1_1(x,z) :- \n   magic_tc_bf(x),\n   tc_bf(x,z).": {
         "0": {
          "maxRSS": {
           "post": 14000,
           "pre": 14000
          },
          "num-tuples": 21,
          "runtime": { "start": 22171535522, "end": 22171535526},
          "source-locator": "/root/compiler/measurements/m3-5-headline-m4/family/transitive_closure_bound/n500/emit_guarded/transformed.dl [17:1-17:56]"
         }
        }
       },
       "runtime": { "start": 22171535514, "end": 22171535534}
      },
      "7": {
       "copytime": { "start": 22171535649, "end": 22171535649},
       "maxRSS": {
        "post": 14000,
        "pre": 14000
       },
       "num-tuples": 0,
       "recursive-rule": {
        "sup_tc_bf_r1_1(x,z) :- \n   magic_tc_bf(x),\n   tc_bf(x,z).": {
         "0": {
          "maxRSS": {
           "post": 14000,
           "pre": 14000
          },
          "num-tuples": 0,
          "runtime": { "start": 22171535606, "end": 22171535607},
          "source-locator": "/root/compiler/measurements/m3-5-headline-m4/family/transitive_closure_bound/n500/emit_guarded/transformed.dl [17:1-17:56]"
         }
        }
       },
       "runtime": { "start": 22171535606, "end": 22171535613}
      },
      "8": {
       "copytime": { "start": 22171535747, "end": 22171535748},
       "maxRSS": {
        "post": 14000,
        "pre": 14000
       },
       "num-tuples": 0,
       "recursive-rule": {
        "sup_tc_bf_r1_1(x,z) :- \n   magic_tc_bf(x),\n   tc_bf(x,z).": {
         "0": {
          "maxRSS": {
           "post": 14000,
           "pre": 14000
          },
          "num-tuples": 0,
          "runtime": { "start": 22171535658, "end": 22171535659},
          "source-locator": "/root/compiler/measurements/m3-5-headline-m4/family/transitive_closure_bound/n500/emit_guarded/transformed.dl [17:1-17:56]"
         }
        }
       },
       "runtime": { "start": 22171535658, "end": 22171535664}
      },
      "9": {
       "copytime": { "start": 22171535876, "end": 22171535877},
       "maxRSS": {
        "post": 14000,
        "pre": 14000
       },
       "num-tuples": 1,
       "recursive-rule": {
        "sup_tc_bf_r1_1(x,z) :- \n   magic_tc_bf(x),\n   tc_bf(x,z).": {
         "0": {
          "maxRSS": {
           "post": 14000,
           "pre": 14000
          },
          "num-tuples": 1,
          "runtime": { "start": 22171535771, "end": 22171535772},
          "source-locator": "/root/compiler/measurements/m3-5-headline-m4/family/transitive_closure_bound/n500/emit_guarded/transformed.dl [17:1-17:56]"
         }
        }
       },
       "runtime": { "start": 22171535770, "end": 22171535784}
      }
     },
     "num-tuples": 0,
     "reads": 50,
     "source-locator": "/root/compiler/measurements/m3-5-headline-m4/family/transitive_closure_bound/n500/emit_guarded/transformed.dl [10:7-10:21]"
    },
    "sup_tc_bf_r1_2": {
     "iteration": {
      "0": {
       "copytime": { "start": 22171535131, "end": 22171535132},
       "maxRSS": {
        "post": 14000,
        "pre": 14000
       },
       "num-tuples": 0,
       "recursive-rule": {
        "sup_tc_bf_r1_2(x,y) :- \n   sup_tc_bf_r1_1(x,z),\n   edge(z,y).": {
         "0": {
          "atom-frequency": {
           "@new_sup_tc_bf_r1_2(x,y) :- \n   @delta_sup_tc_bf_r1_1(x,z),\n   edge(z,y).": {
            "@delta_sup_tc_bf_r1_1": {
             "level": 0,
             "num-tuples": 0
            },
            "edge": {
             "level": 1,
             "num-tuples": 0
            }
           }
          },
          "maxRSS": {
           "post": 14000,
           "pre": 14000
          },
          "num-tuples": 0,
          "runtime": { "start": 22171535086, "end": 22171535086},
          "source-locator": "/root/compiler/measurements/m3-5-headline-m4/family/transitive_closure_bound/n500/emit_guarded/transformed.dl [18:1-18:58]"
         }
        }
       },
       "runtime": { "start": 22171535085, "end": 22171535091}
      },
      "1": {
       "copytime": { "start": 22171535211, "end": 22171535214},
       "maxRSS": {
        "post": 14000,
        "pre": 14000
       },
       "num-tuples": 25,
       "recursive-rule": {
        "sup_tc_bf_r1_2(x,y) :- \n   sup_tc_bf_r1_1(x,z),\n   edge(z,y).": {
         "0": {
          "maxRSS": {
           "post": 14000,
           "pre": 14000
          },
          "num-tuples": 25,
          "runtime": { "start": 22171535156, "end": 22171535162},
          "source-locator": "/root/compiler/measurements/m3-5-headline-m4/family/transitive_closure_bound/n500/emit_guarded/transformed.dl [18:1-18:58]"
         }
        }
       },
       "runtime": { "start": 22171535147, "end": 22171535170}
      },
      "10": {
       "maxRSS": {
        "post": 14000,
        "pre": 14000
       },
       "num-tuples": 0,
       "recursive-rule": {
        "sup_tc_bf_r1_2(x,y) :- \n   sup_tc_bf_r1_1(x,z),\n   edge(z,y).": {
         "0": {
          "maxRSS": {
           "post": 14000,
           "pre": 14000
          },
          "num-tuples": 0,
          "runtime": { "start": 22171535935, "end": 22171535936},
          "source-locator": "/root/compiler/measurements/m3-5-headline-m4/family/transitive_closure_bound/n500/emit_guarded/transformed.dl [18:1-18:58]"
         }
        }
       },
       "runtime": { "start": 22171535926, "end": 22171535951}
      },
      "2": {
       "copytime": { "start": 22171535271, "end": 22171535272},
       "maxRSS": {
        "post": 14000,
        "pre": 14000
       },
       "num-tuples": 0,
       "recursive-rule": {
        "sup_tc_bf_r1_2(x,y) :- \n   sup_tc_bf_r1_1(x,z),\n   edge(z,y).": {
         "0": {
          "maxRSS": {
           "post": 14000,
           "pre": 14000
          },
          "num-tuples": 0,
          "runtime": { "start": 22171535229, "end": 22171535229},
          "source-locator": "/root/compiler/measurements/m3-5-headline-m4/family/transitive_closure_bound/n500/emit_guarded/transformed.dl [18:1-18:58]"
         }
        }
       },
       "runtime": { "start": 22171535228, "end": 22171535245}
      },
      "3": {
       "copytime": { "start": 22171535368, "end": 22171535368},
       "maxRSS": {
        "post": 14000,
        "pre": 14000
       },
       "num-tuples": 0,
       "recursive-rule": {
        "sup_tc_bf_r1_2(x,y) :- \n   sup_tc_bf_r1_1(x,z),\n   edge(z,y).": {
         "0": {
          "maxRSS": {
           "post": 14000,
           "pre": 14000
          },
          "num-tuples": 0,
          "runtime": { "start": 22171535301, "end": 22171535301},
          "source-locator": "/root/compiler/measurements/m3-5-headline-m4/family/transitive_closure_bound/n500/emit_guarded/transformed.dl [18:1-18:58]"
         }
        }
       },
       "runtime": { "start": 22171535291, "end": 22171535309}
      },
      "4": {
       "copytime": { "start": 22171535458, "end": 22171535460},
       "maxRSS": {
        "post": 14000,
        "pre": 14000
       },
       "num-tuples": 22,
       "recursive-rule": {
        "sup_tc_bf_r1_2(x,y) :- \n   sup_tc_bf_r1_1(x,z),\n   edge(z,y).": {
         "0": {
          "maxRSS": {
           "post": 14000,
           "pre": 14000
          },
          "num-tuples": 22,
          "runtime": { "start": 22171535398, "end": 22171535414},
          "source-locator": "/root/compiler/measurements/m3-5-headline-m4/family/transitive_closure_bound/n500/emit_guarded/transformed.dl [18:1-18:58]"
         }
        }
       },
       "runtime": { "start": 22171535397, "end": 22171535419}
      },
      "5": {
       "copytime": { "start": 22171535505, "end": 22171535506},
       "maxRSS": {
        "post": 14000,
        "pre": 14000
       },
       "num-tuples": 0,
       "recursive-rule": {
        "sup_tc_bf_r1_2(x,y) :- \n   sup_tc_bf_r1_1(x,z),\n   edge(z,y).": {
         "0": {
          "maxRSS": {
           "post": 14000,
           "pre": 14000
          },
          "num-tuples": 0,
          "runtime": { "start": 22171535475, "end": 22171535475},
          "source-locator": "/root/compiler/measurements/m3-5-headline-m4/family/transitive_closure_bound/n500/emit_guarded/transformed.dl [18:1-18:58]"
         }
        }
       },
       "runtime": { "start": 22171535474, "end": 22171535480}
      },
      "6": {
       "copytime": { "start": 22171535598, "end": 22171535599},
       "maxRSS": {
        "post": 14000,
        "pre": 14000
       },
       "num-tuples": 0,
       "recursive-rule": {
        "sup_tc_bf_r1_2(x,y) :- \n   sup_tc_bf_r1_1(x,z),\n   edge(z,y).": {
         "0": {
          "maxRSS": {
           "post": 14000,
           "pre": 14000
          },
          "num-tuples": 0,
          "runtime": { "start": 22171535548, "end": 22171535549},
          "source-locator": "/root/compiler/measurements/m3-5-headline-m4/family/transitive_closure_bound/n500/emit_guarded/transformed.dl [18:1-18:58]"
         }
        }
       },
       "runtime": { "start": 22171535539, "end": 22171535557}
      },
      "7": {
       "copytime": { "start": 22171535652, "end": 22171535653},
       "maxRSS": {
        "post": 14000,
        "pre": 14000
       },
       "num-tuples": 3,
       "recursive-rule": {
        "sup_tc_bf_r1_2(x,y) :- \n   sup_tc_bf_r1_1(x,z),\n   edge(z,y).": {
         "0": {
          "maxRSS": {
           "post": 14000,
           "pre": 14000
          },
          "num-tuples": 3,
          "runtime": { "start": 22171535617, "end": 22171535624},
          "source-locator": "/root/compiler/measurements/m3-5-headline-m4/family/transitive_closure_bound/n500/emit_guarded/transformed.dl [18:1-18:58]"
         }
        }
       },
       "runtime": { "start": 22171535615, "end": 22171535629}
      },
      "8": {
       "copytime": { "start": 22171535752, "end": 22171535753},
       "maxRSS": {
        "post": 14000,
        "pre": 14000
       },
       "num-tuples": 0,
       "recursive-rule": {
        "sup_tc_bf_r1_2(x,y) :- \n   sup_tc_bf_r1_1(x,z),\n   edge(z,y).": {
         "0": {
          "maxRSS": {
           "post": 14000,
           "pre": 14000
          },
          "num-tuples": 0,
          "runtime": { "start": 22171535677, "end": 22171535678},
          "source-locator": "/root/compiler/measurements/m3-5-headline-m4/family/transitive_closure_bound/n500/emit_guarded/transformed.dl [18:1-18:58]"
         }
        }
       },
       "runtime": { "start": 22171535667, "end": 22171535685}
      },
      "9": {
       "copytime": { "start": 22171535881, "end": 22171535890},
       "maxRSS": {
        "post": 14000,
        "pre": 14000
       },
       "num-tuples": 0,
       "recursive-rule": {
        "sup_tc_bf_r1_2(x,y) :- \n   sup_tc_bf_r1_1(x,z),\n   edge(z,y).": {
         "0": {
          "maxRSS": {
           "post": 14000,
           "pre": 14000
          },
          "num-tuples": 0,
          "runtime": { "start": 22171535797, "end": 22171535798},
          "source-locator": "/root/compiler/measurements/m3-5-headline-m4/family/transitive_closure_bound/n500/emit_guarded/transformed.dl [18:1-18:58]"
         }
        }
       },
       "runtime": { "start": 22171535788, "end": 22171535808}
      }
     },
     "num-tuples": 0,
     "reads": 149,
     "source-locator": "/root/compiler/measurements/m3-5-headline-m4/family/transitive_closure_bound/n500/emit_guarded/transformed.dl [11:7-11:21]"
    },
    "tc_bf": {
     "iteration": {
      "0": {
       "copytime": { "start": 22171535134, "end": 22171535135},
       "maxRSS": {
        "post": 14000,
        "pre": 14000
       },
       "num-tuples": 0,
       "recursive-rule": {
        "tc_bf(x,y) :- \n   sup_tc_bf_r1_2(x,y).": {
         "0": {
          "atom-frequency": {
           "@new_tc_bf(x,y) :- \n   @delta_sup_tc_bf_r1_2(x,y).": {
            "@delta_sup_tc_bf_r1_2": {
             "level": 0,
             "num-tuples": 0
            }
           }
          },
          "maxRSS": {
           "post": 14000,
           "pre": 14000
          },
          "num-tuples": 0,
          "runtime": { "start": 22171535108, "end": 22171535108},
          "source-locator": "/root/compiler/measurements/m3-5-headline-m4/family/transitive_closure_bound/n500/emit_guarded/transformed.dl [20:1-20:37]"
         }
        }
       },
       "runtime": { "start": 22171535097, "end": 22171535113}
      },
      "1": {
       "copytime": { "start": 22171535216, "end": 22171535217},
       "maxRSS": {
        "post": 14000,
        "pre": 14000
       },
       "num-tuples": 0,
       "recursive-rule": {
        "tc_bf(x,y) :- \n   sup_tc_bf_r1_2(x,y).": {
         "0": {
          "maxRSS": {
           "post": 14000,
           "pre": 14000
          },
          "num-tuples": 0,
          "runtime": { "start": 22171535184, "end": 22171535184},
          "source-locator": "/root/compiler/measurements/m3-5-headline-m4/family/transitive_closure_bound/n500/emit_guarded/transformed.dl [20:1-20:37]"
         }
        }
       },
       "runtime": { "start": 22171535175, "end": 22171535193}
      },
      "10": {
       "maxRSS": {
        "post": 14000,
        "pre": 14000
       },
       "num-tuples": 0,
       "recursive-rule": {
        "tc_bf(x,y) :- \n   sup_tc_bf_r1_2(x,y).": {
         "0": {
          "maxRSS": {
           "post": 14000,
           "pre": 14000
          },
          "num-tuples": 0,
          "runtime": { "start": 22171535964, "end": 22171535965},
          "source-locator": "/root/compiler/measurements/m3-5-headline-m4/family/transitive_closure_bound/n500/emit_guarded/transformed.dl [20:1-20:37]"
         }
        }
       },
       "runtime": { "start": 22171535955, "end": 22171535973}
      },
      "2": {
       "copytime": { "start": 22171535274, "end": 22171535276},
       "maxRSS": {
        "post": 14000,
        "pre": 14000
       },
       "num-tuples": 22,
       "recursive-rule": {
        "tc_bf(x,y) :- \n   sup_tc_bf_r1_2(x,y).": {
         "0": {
          "maxRSS": {
           "post": 14000,
           "pre": 14000
          },
          "num-tuples": 22,
          "runtime": { "start": 22171535248, "end": 22171535251},
          "source-locator": "/root/compiler/measurements/m3-5-headline-m4/family/transitive_closure_bound/n500/emit_guarded/transformed.dl [20:1-20:37]"
         }
        }
       },
       "runtime": { "start": 22171535248, "end": 22171535256}
      },
      "3": {
       "copytime": { "start": 22171535372, "end": 22171535372},
       "maxRSS": {
        "post": 14000,
        "pre": 14000
       },
       "num-tuples": 0,
       "recursive-rule": {
        "tc_bf(x,y) :- \n   sup_tc_bf_r1_2(x,y).": {
         "0": {
          "maxRSS": {
           "post": 14000,
           "pre": 14000
          },
          "num-tuples": 0,
          "runtime": { "start": 22171535323, "end": 22171535324},
          "source-locator": "/root/compiler/measurements/m3-5-headline-m4/family/transitive_closure_bound/n500/emit_guarded/transformed.dl [20:1-20:37]"
         }
        }
       },
       "runtime": { "start": 22171535314, "end": 22171535332}
      },
      "4": {
       "copytime": { "start": 22171535463, "end": 22171535463},
       "maxRSS": {
        "post": 14000,
        "pre": 14000
       },
       "num-tuples": 0,
       "recursive-rule": {
        "tc_bf(x,y) :- \n   sup_tc_bf_r1_2(x,y).": {
         "0": {
          "maxRSS": {
           "post": 14000,
           "pre": 14000
          },
          "num-tuples": 0,
          "runtime": { "start": 22171535431, "end": 22171535432},
          "source-locator": "/root/compiler/measurements/m3-5-headline-m4/family/transitive_closure_bound/n500/emit_guarded/transformed.dl [20:1-20:37]"
         }
        }
       },
       "runtime": { "start": 22171535422, "end": 22171535440}
      },
      "5": {
       "copytime": { "start": 22171535508, "end": 22171535511},
       "maxRSS": {
        "post": 14000,
        "pre": 14000
       },
       "num-tuples": 21,
       "recursive-rule": {
        "tc_bf(x,y) :- \n   sup_tc_bf_r1_2(x,y).": {
         "0": {
          "maxRSS": {
           "post": 14000,
           "pre": 14000
          },
          "num-tuples": 21,
          "runtime": { "start": 22171535483, "end": 22171535486},
          "source-locator": "/root/compiler/measurements/m3-5-headline-m4/family/transitive_closure_bound/n500/emit_guarded/transformed.dl [20:1-20:37]"
         }
        }
       },
       "runtime": { "start": 22171535482, "end": 22171535490}
      },
      "6": {
       "copytime": { "start": 22171535603, "end": 22171535603},
       "maxRSS": {
        "post": 14000,
        "pre": 14000
       },
       "num-tuples": 0,
       "recursive-rule": {
        "tc_bf(x,y) :- \n   sup_tc_bf_r1_2(x,y).": {
         "0": {
          "maxRSS": {
           "post": 14000,
           "pre": 14000
          },
          "num-tuples": 0,
          "runtime": { "start": 22171535562, "end": 22171535563},
          "source-locator": "/root/compiler/measurements/m3-5-headline-m4/family/transitive_closure_bound/n500/emit_guarded/transformed.dl [20:1-20:37]"
         }
        }
       },
       "runtime": { "start": 22171535561, "end": 22171535568}
      },
      "7": {
       "copytime": { "start": 22171535655, "end": 22171535656},
       "maxRSS": {
        "post": 14000,
        "pre": 14000
       },
       "num-tuples": 0,
       "recursive-rule": {
        "tc_bf(x,y) :- \n   sup_tc_bf_r1_2(x,y).": {
         "0": {
          "maxRSS": {
           "post": 14000,
           "pre": 14000
          },
          "num-tuples": 0,
          "runtime": { "start": 22171535632, "end": 22171535632},
          "source-locator": "/root/compiler/measurements/m3-5-headline-m4/family/transitive_closure_bound/n500/emit_guarded/transformed.dl [20:1-20:37]"
         }
        }
       },
       "runtime": { "start": 22171535632, "end": 22171535637}
      },
      "8": {
       "copytime": { "start": 22171535755, "end": 22171535765},
       "maxRSS": {
        "post": 14000,
        "pre": 14000
       },
       "num-tuples": 1,
       "recursive-rule": {
        "tc_bf(x,y) :- \n   sup_tc_bf_r1_2(x,y).": {
         "0": {
          "maxRSS": {
           "post": 14000,
           "pre": 14000
          },
          "num-tuples": 1,
          "runtime": { "start": 22171535700, "end": 22171535701},
          "source-locator": "/root/compiler/measurements/m3-5-headline-m4/family/transitive_closure_bound/n500/emit_guarded/transformed.dl [20:1-20:37]"
         }
        }
       },
       "runtime": { "start": 22171535691, "end": 22171535709}
      },
      "9": {
       "copytime": { "start": 22171535895, "end": 22171535896},
       "maxRSS": {
        "post": 14000,
        "pre": 14000
       },
       "num-tuples": 0,
       "recursive-rule": {
        "tc_bf(x,y) :- \n   sup_tc_bf_r1_2(x,y).": {
         "0": {
          "maxRSS": {
           "post": 14000,
           "pre": 14000
          },
          "num-tuples": 0,
          "runtime": { "start": 22171535821, "end": 22171535822},
          "source-locator": "/root/compiler/measurements/m3-5-headline-m4/family/transitive_closure_bound/n500/emit_guarded/transformed.dl [20:1-20:37]"
         }
        }
       },
       "runtime": { "start": 22171535812, "end": 22171535830}
      }
     },
     "maxRSS": {
      "post": 14000,
      "pre": 14000
     },
     "non-recursive-rule": {
      "tc_bf(x,y) :- \n   sup_tc_bf_r0_1(x,y).": {
       "atom-frequency": {
        "tc_bf(x,y) :- \n   sup_tc_bf_r0_1(x,y).": {
         "sup_tc_bf_r0_1": {
          "level": 0,
          "num-tuples": 0
         }
        }
       },
       "maxRSS": {
        "post": 14000,
        "pre": 14000
       },
       "num-tuples": 6,
       "runtime": { "start": 22171535051, "end": 22171535052},
       "source-locator": "/root/compiler/measurements/m3-5-headline-m4/family/transitive_closure_bound/n500/emit_guarded/transformed.dl [15:1-15:37]"
      }
     },
     "num-tuples": 6,
     "reads": 50,
     "runtime": { "start": 22171535042, "end": 22171535060},
     "source-locator": "/root/compiler/measurements/m3-5-headline-m4/family/transitive_closure_bound/n500/emit_guarded/transformed.dl [8:7-8:12]"
    }
   },
   "runtime": { "start": 22171534623, "end": 22171536193},
   "starttime": { "time": 22171534593},
   "usage": {
    "timepoint": {
     "22171534708": {
      "maxRSS": 14000,
      "systemtime": 0,
      "usertime": 4348
     },
     "22171534978": {
      "maxRSS": 14000,
      "systemtime": 0,
      "usertime": 4671
     },
     "22171535029": {
      "maxRSS": 14000,
      "systemtime": 0,
      "usertime": 4815
     },
     "22171535135": {
      "maxRSS": 14000,
      "systemtime": 0,
      "usertime": 4936
     },
     "22171535165": {
      "maxRSS": 14000,
      "systemtime": 0,
      "usertime": 4972
     },
     "22171535271": {
      "maxRSS": 14000,
      "systemtime": 0,
      "usertime": 5093
     },
     "22171535282": {
      "maxRSS": 14000,
      "systemtime": 0,
      "usertime": 5111
     },
     "22171535308": {
      "maxRSS": 14000,
      "systemtime": 0,
      "usertime": 5139
     },
     "22171535335": {
      "maxRSS": 14000,
      "systemtime": 0,
      "usertime": 5177
     },
     "22171535369": {
      "maxRSS": 14000,
      "systemtime": 0,
      "usertime": 5223
     },
     "22171535398": {
      "maxRSS": 14000,
      "systemtime": 0,
      "usertime": 5262
     },
     "22171535496": {
      "maxRSS": 14000,
      "systemtime": 0,
      "usertime": 5374
     },
     "22171535510": {
      "maxRSS": 14000,
      "systemtime": 0,
      "usertime": 5398
     },
     "22171535525": {
      "maxRSS": 14000,
      "systemtime": 0,
      "usertime": 5417
     },
     "22171535560": {
      "maxRSS": 14000,
      "systemtime": 0,
      "usertime": 5462
     },
     "22171535655": {
      "maxRSS": 14000,
      "systemtime": 0,
      "usertime": 5573
     },
     "22171535684": {
      "maxRSS": 14000,
      "systemtime": 0,
      "usertime": 5604
     },
     "22171535704": {
      "maxRSS": 14000,
      "systemtime": 0,
      "usertime": 5634
     },
     "22171535727": {
      "maxRSS": 14000,
      "systemtime": 0,
      "usertime": 5661
     },
     "22171535746": {
      "maxRSS": 14000,
      "systemtime": 0,
      "usertime": 5685
     },
     "22171535769": {
      "maxRSS": 14000,
      "systemtime": 0,
      "usertime": 5718
     },
     "22171535802": {
      "maxRSS": 14000,
      "systemtime": 0,
      "usertime": 5756
     },
     "22171535825": {
      "maxRSS": 14000,
      "systemtime": 0,
      "usertime": 5785
     },
     "22171535851": {
      "maxRSS": 14000,
      "systemtime": 0,
      "usertime": 5815
     },
     "22171535874": {
      "maxRSS": 14000,
      "systemtime": 0,
      "usertime": 5843
     },
     "22171535894": {
      "maxRSS": 14000,
      "systemtime": 0,
      "usertime": 5869
     },
     "22171535917": {
      "maxRSS": 14000,
      "systemtime": 0,
      "usertime": 5898
     },
     "22171535941": {
      "maxRSS": 14000,
      "systemtime": 0,
      "usertime": 5926
     },
     "22171535969": {
      "maxRSS": 14000,
      "systemtime": 0,
      "usertime": 5961
     },
     "22171535993": {
      "maxRSS": 14000,
      "systemtime": 0,
      "usertime": 5990
     },
     "22171536061": {
      "maxRSS": 14000,
      "systemtime": 61,
      "usertime": 6004
     },
     "22171536093": {
      "maxRSS": 14000,
      "systemtime": 86,
      "usertime": 6004
     }
    }
   }
  }
 }
}
