{
 "root": {
  "program": {
   "configuration": {
    "": "/root/compiler/tests/corpus/BENCHMARK_FAMILY/transitive_closure_bound.dl",
    "fact-dir": "/root/compiler/fixtures/benchmark-family/transitive_closure_bound/n500",
    "include-dir": ".",
    "jobs": "1",
    "libraries": "functors",
    "library-dir": ".",
    "output-dir": "/root/compiler/measurements/m3-5-headline-m4/family/transitive_closure_bound/n500/none",
    "profile": "prof.log",
    "relationCount": "3",
    "ruleCount": "5",
    "version": "2.5",
    "warn": "all",
    "wno": "none"
   },
   "relation": {
    "edge": {
     "loadtime": { "start": 22171458928, "end": 22171459248},
     "num-tuples": 1000,
     "reads": 0,
     "source-locator": "/root/compiler/tests/corpus/BENCHMARK_FAMILY/transitive_closure_bound.dl [17:7-17:11]"
    },
    "q_tc": {
     "maxRSS": {
      "post": 14664,
      "pre": 14664
     },
     "non-recursive-rule": {
      "q_tc(y) :- \n   tc(1,y).": {
       "atom-frequency": {
        "q_tc(y) :- \n   tc(1,y).": {
         "tc": {
          "level": 0,
          "num-tuples": 0
         }
        }
       },
       "maxRSS": {
        "post": 14664,
        "pre": 14664
       },
       "num-tuples": 50,
       "runtime": { "start": 22171510494, "end": 22171510499},
       "source-locator": "/root/compiler/tests/corpus/BENCHMARK_FAMILY/transitive_closure_bound.dl [26:1-26:20]"
      }
     },
     "num-tuples": 50,
     "reads": 0,
     "runtime": { "start": 22171510494, "end": 22171510506},
     "savetime": { "start": 22171510510, "end": 22171511557},
     "source-locator": "/root/compiler/tests/corpus/BENCHMARK_FAMILY/transitive_closure_bound.dl [24:7-24:11]"
    },
    "tc": {
     "iteration": {
      "0": {
       "copytime": { "start": 22171459821, "end": 22171459985},
       "maxRSS": {
        "post": 13996,
        "pre": 13996
       },
       "num-tuples": 2142,
       "recursive-rule": {
        "tc(x,y) :- \n   tc(x,z),\n   edge(z,y).": {
         "0": {
          "atom-frequency": {
           "@new_tc(x,y) :- \n   @delta_tc(x,z),\n   edge(z,y).": {
            "@delta_tc": {
             "level": 0,
             "num-tuples": 0
            },
            "edge": {
             "level": 1,
             "num-tuples": 0
            }
           }
          },
          "maxRSS": {
           "post": 13996,
           "pre": 13996
          },
          "num-tuples": 2142,
          "runtime": { "start": 22171459400, "end": 22171459785},
          "source-locator": "/root/compiler/tests/corpus/BENCHMARK_FAMILY/transitive_closure_bound.dl [22:1-22:31]"
         }
        }
       },
       "runtime": { "start": 22171459390, "end": 22171459796}
      },
      "1": {
       "copytime": { "start": 22171460983, "end": 22171461348},
       "maxRSS": {
        "post": 13996,
        "pre": 13996
       },
       "num-tuples": 4360,
       "recursive-rule": {
        "tc(x,y) :- \n   tc(x,z),\n   edge(z,y).": {
         "0": {
          "maxRSS": {
           "post": 13996,
           "pre": 13996
          },
          "num-tuples": 4360,
          "runtime": { "start": 22171460021, "end": 22171460946},
          "source-locator": "/root/compiler/tests/corpus/BENCHMARK_FAMILY/transitive_closure_bound.dl [22:1-22:31]"
         }
        }
       },
       "runtime": { "start": 22171459990, "end": 22171460956}
      },
      "10": {
       "copytime": { "start": 22171497662, "end": 22171498722},
       "maxRSS": {
        "post": 14280,
        "pre": 14280
       },
       "num-tuples": 5485,
       "recursive-rule": {
        "tc(x,y) :- \n   tc(x,z),\n   edge(z,y).": {
         "0": {
          "maxRSS": {
           "post": 14280,
           "pre": 14280
          },
          "num-tuples": 5485,
          "runtime": { "start": 22171493993, "end": 22171497588},
          "source-locator": "/root/compiler/tests/corpus/BENCHMARK_FAMILY/transitive_closure_bound.dl [22:1-22:31]"
         }
        }
       },
       "runtime": { "start": 22171493970, "end": 22171497609}
      },
      "11": {
       "copytime": { "start": 22171501211, "end": 22171501767},
       "maxRSS": {
        "post": 14408,
        "pre": 14408
       },
       "num-tuples": 4425,
       "recursive-rule": {
        "tc(x,y) :- \n   tc(x,z),\n   edge(z,y).": {
         "0": {
          "maxRSS": {
           "post": 14408,
           "pre": 14408
          },
          "num-tuples": 4425,
          "runtime": { "start": 22171498764, "end": 22171501161},
          "source-locator": "/root/compiler/tests/corpus/BENCHMARK_FAMILY/transitive_closure_bound.dl [22:1-22:31]"
         }
        }
       },
       "runtime": { "start": 22171498738, "end": 22171501176}
      },
      "12": {
       "copytime": { "start": 22171503818, "end": 22171504812},
       "maxRSS": {
        "post": 14536,
        "pre": 14536
       },
       "num-tuples": 3419,
       "recursive-rule": {
        "tc(x,y) :- \n   tc(x,z),\n   edge(z,y).": {
         "0": {
          "maxRSS": {
           "post": 14536,
           "pre": 14536
          },
          "num-tuples": 3419,
          "runtime": { "start": 22171501793, "end": 22171503599},
          "source-locator": "/root/compiler/tests/corpus/BENCHMARK_FAMILY/transitive_closure_bound.dl [22:1-22:31]"
         }
        }
       },
       "runtime": { "start": 22171501776, "end": 22171503620}
      },
      "13": {
       "copytime": { "start": 22171506292, "end": 22171506626},
       "maxRSS": {
        "post": 14664,
        "pre": 14664
       },
       "num-tuples": 2583,
       "recursive-rule": {
        "tc(x,y) :- \n   tc(x,z),\n   edge(z,y).": {
         "0": {
          "maxRSS": {
           "post": 14664,
           "pre": 14664
          },
          "num-tuples": 2583,
          "runtime": { "start": 22171504882, "end": 22171506246},
          "source-locator": "/root/compiler/tests/corpus/BENCHMARK_FAMILY/transitive_closure_bound.dl [22:1-22:31]"
         }
        }
       },
       "runtime": { "start": 22171504825, "end": 22171506264}
      },
      "14": {
       "copytime": { "start": 22171507636, "end": 22171507909},
       "maxRSS": {
        "post": 14664,
        "pre": 14664
       },
       "num-tuples": 1892,
       "recursive-rule": {
        "tc(x,y) :- \n   tc(x,z),\n   edge(z,y).": {
         "0": {
          "maxRSS": {
           "post": 14664,
           "pre": 14664
          },
          "num-tuples": 1892,
          "runtime": { "start": 22171506645, "end": 22171507596},
          "source-locator": "/root/compiler/tests/corpus/BENCHMARK_FAMILY/transitive_closure_bound.dl [22:1-22:31]"
         }
        }
       },
       "runtime": { "start": 22171506632, "end": 22171507611}
      },
      "15": {
       "copytime": { "start": 22171508661, "end": 22171508825},
       "maxRSS": {
        "post": 14664,
        "pre": 14664
       },
       "num-tuples": 1305,
       "recursive-rule": {
        "tc(x,y) :- \n   tc(x,z),\n   edge(z,y).": {
         "0": {
          "maxRSS": {
           "post": 14664,
           "pre": 14664
          },
          "num-tuples": 1305,
          "runtime": { "start": 22171507927, "end": 22171508627},
          "source-locator": "/root/compiler/tests/corpus/BENCHMARK_FAMILY/transitive_closure_bound.dl [22:1-22:31]"
         }
        }
       },
       "runtime": { "start": 22171507915, "end": 22171508638}
      },
      "16": {
       "copytime": { "start": 22171509359, "end": 22171509479},
       "maxRSS": {
        "post": 14664,
        "pre": 14664
       },
       "num-tuples": 818,
       "recursive-rule": {
        "tc(x,y) :- \n   tc(x,z),\n   edge(z,y).": {
         "0": {
          "maxRSS": {
           "post": 14664,
           "pre": 14664
          },
          "num-tuples": 818,
          "runtime": { "start": 22171508841, "end": 22171509324},
          "source-locator": "/root/compiler/tests/corpus/BENCHMARK_FAMILY/transitive_closure_bound.dl [22:1-22:31]"
         }
        }
       },
       "runtime": { "start": 22171508830, "end": 22171509335}
      },
      "17": {
       "copytime": { "start": 22171509805, "end": 22171509868},
       "maxRSS": {
        "post": 14664,
        "pre": 14664
       },
       "num-tuples": 482,
       "recursive-rule": {
        "tc(x,y) :- \n   tc(x,z),\n   edge(z,y).": {
         "0": {
          "maxRSS": {
           "post": 14664,
           "pre": 14664
          },
          "num-tuples": 482,
          "runtime": { "start": 22171509494, "end": 22171509773},
          "source-locator": "/root/compiler/tests/corpus/BENCHMARK_FAMILY/transitive_closure_bound.dl [22:1-22:31]"
         }
        }
       },
       "runtime": { "start": 22171509483, "end": 22171509783}
      },
      "18": {
       "copytime": { "start": 22171510078, "end": 22171510115},
       "maxRSS": {
        "post": 14664,
        "pre": 14664
       },
       "num-tuples": 273,
       "recursive-rule": {
        "tc(x,y) :- \n   tc(x,z),\n   edge(z,y).": {
         "0": {
          "maxRSS": {
           "post": 14664,
           "pre": 14664
          },
          "num-tuples": 273,
          "runtime": { "start": 22171509883, "end": 22171510047},
          "source-locator": "/root/compiler/tests/corpus/BENCHMARK_FAMILY/transitive_closure_bound.dl [22:1-22:31]"
         }
        }
       },
       "runtime": { "start": 22171509872, "end": 22171510057}
      },
      "19": {
       "copytime": { "start": 22171510233, "end": 22171510253},
       "maxRSS": {
        "post": 14664,
        "pre": 14664
       },
       "num-tuples": 144,
       "recursive-rule": {
        "tc(x,y) :- \n   tc(x,z),\n   edge(z,y).": {
         "0": {
          "maxRSS": {
           "post": 14664,
           "pre": 14664
          },
          "num-tuples": 144,
          "runtime": { "start": 22171510120, "end": 22171510206},
          "source-locator": "/root/compiler/tests/corpus/BENCHMARK_FAMILY/transitive_closure_bound.dl [22:1-22:31]"
         }
        }
       },
       "runtime": { "start": 22171510119, "end": 22171510214}
      },
      "2": {
       "copytime": { "start": 22171463186, "end": 22171463890},
       "maxRSS": {
        "post": 13996,
        "pre": 13996
       },
       "num-tuples": 7021,
       "recursive-rule": {
        "tc(x,y) :- \n   tc(x,z),\n   edge(z,y).": {
         "0": {
          "maxRSS": {
           "post": 13996,
           "pre": 13996
          },
          "num-tuples": 7021,
          "runtime": { "start": 22171461364, "end": 22171463150},
          "source-locator": "/root/compiler/tests/corpus/BENCHMARK_FAMILY/transitive_closure_bound.dl [22:1-22:31]"
         }
        }
       },
       "runtime": { "start": 22171461353, "end": 22171463161}
      },
      "20": {
       "copytime": { "start": 22171510332, "end": 22171510342},
       "maxRSS": {
        "post": 14664,
        "pre": 14664
       },
       "num-tuples": 73,
       "recursive-rule": {
        "tc(x,y) :- \n   tc(x,z),\n   edge(z,y).": {
         "0": {
          "maxRSS": {
           "post": 14664,
           "pre": 14664
          },
          "num-tuples": 73,
          "runtime": { "start": 22171510258, "end": 22171510303},
          "source-locator": "/root/compiler/tests/corpus/BENCHMARK_FAMILY/transitive_closure_bound.dl [22:1-22:31]"
         }
        }
       },
       "runtime": { "start": 22171510257, "end": 22171510311}
      },
      "21": {
       "copytime": { "start": 22171510383, "end": 22171510388},
       "maxRSS": {
        "post": 14664,
        "pre": 14664
       },
       "num-tuples": 31,
       "recursive-rule": {
        "tc(x,y) :- \n   tc(x,z),\n   edge(z,y).": {
         "0": {
          "maxRSS": {
           "post": 14664,
           "pre": 14664
          },
          "num-tuples": 31,
          "runtime": { "start": 22171510347, "end": 22171510369},
          "source-locator": "/root/compiler/tests/corpus/BENCHMARK_FAMILY/transitive_closure_bound.dl [22:1-22:31]"
         }
        }
       },
       "runtime": { "start": 22171510346, "end": 22171510376}
      },
      "22": {
       "copytime": { "start": 22171510427, "end": 22171510430},
       "maxRSS": {
        "post": 14664,
        "pre": 14664
       },
       "num-tuples": 15,
       "recursive-rule": {
        "tc(x,y) :- \n   tc(x,z),\n   edge(z,y).": {
         "0": {
          "maxRSS": {
           "post": 14664,
           "pre": 14664
          },
          "num-tuples": 15,
          "runtime": { "start": 22171510391, "end": 22171510401},
          "source-locator": "/root/compiler/tests/corpus/BENCHMARK_FAMILY/transitive_closure_bound.dl [22:1-22:31]"
         }
        }
       },
       "runtime": { "start": 22171510391, "end": 22171510408}
      },
      "23": {
       "copytime": { "start": 22171510457, "end": 22171510459},
       "maxRSS": {
        "post": 14664,
        "pre": 14664
       },
       "num-tuples": 4,
       "recursive-rule": {
        "tc(x,y) :- \n   tc(x,z),\n   edge(z,y).": {
         "0": {
          "maxRSS": {
           "post": 14664,
           "pre": 14664
          },
          "num-tuples": 4,
          "runtime": { "start": 22171510434, "end": 22171510439},
          "source-locator": "/root/compiler/tests/corpus/BENCHMARK_FAMILY/transitive_closure_bound.dl [22:1-22:31]"
         }
        }
       },
       "runtime": { "start": 22171510434, "end": 22171510445}
      },
      "24": {
       "copytime": { "start": 22171510475, "end": 22171510477},
       "maxRSS": {
        "post": 14664,
        "pre": 14664
       },
       "num-tuples": 4,
       "recursive-rule": {
        "tc(x,y) :- \n   tc(x,z),\n   edge(z,y).": {
         "0": {
          "maxRSS": {
           "post": 14664,
           "pre": 14664
          },
          "num-tuples": 4,
          "runtime": { "start": 22171510461, "end": 22171510464},
          "source-locator": "/root/compiler/tests/corpus/BENCHMARK_FAMILY/transitive_closure_bound.dl [22:1-22:31]"
         }
        }
       },
       "runtime": { "start": 22171510461, "end": 22171510468}
      },
      "25": {
       "maxRSS": {
        "post": 14664,
        "pre": 14664
       },
       "num-tuples": 0,
       "recursive-rule": {
        "tc(x,y) :- \n   tc(x,z),\n   edge(z,y).": {
         "0": {
          "maxRSS": {
           "post": 14664,
           "pre": 14664
          },
          "num-tuples": 0,
          "runtime": { "start": 22171510479, "end": 22171510480},
          "source-locator": "/root/compiler/tests/corpus/BENCHMARK_FAMILY/transitive_closure_bound.dl [22:1-22:31]"
         }
        }
       },
       "runtime": { "start": 22171510479, "end": 22171510485}
      },
      "3": {
       "copytime": { "start": 22171466787, "end": 22171467540},
       "maxRSS": {
        "post": 13996,
        "pre": 13996
       },
       "num-tuples": 8468,
       "recursive-rule": {
        "tc(x,y) :- \n   tc(x,z),\n   edge(z,y).": {
         "0": {
          "maxRSS": {
           "post": 13996,
           "pre": 13996
          },
          "num-tuples": 8468,
          "runtime": { "start": 22171463915, "end": 22171466745},
          "source-locator": "/root/compiler/tests/corpus/BENCHMARK_FAMILY/transitive_closure_bound.dl [22:1-22:31]"
         }
        }
       },
       "runtime": { "start": 22171463900, "end": 22171466758}
      },
      "4": {
       "copytime": { "start": 22171470650, "end": 22171471449},
       "maxRSS": {
        "post": 13996,
        "pre": 13996
       },
       "num-tuples": 7989,
       "recursive-rule": {
        "tc(x,y) :- \n   tc(x,z),\n   edge(z,y).": {
         "0": {
          "maxRSS": {
           "post": 13996,
           "pre": 13996
          },
          "num-tuples": 7989,
          "runtime": { "start": 22171467560, "end": 22171470614},
          "source-locator": "/root/compiler/tests/corpus/BENCHMARK_FAMILY/transitive_closure_bound.dl [22:1-22:31]"
         }
        }
       },
       "runtime": { "start": 22171467548, "end": 22171470626}
      },
      "5": {
       "copytime": { "start": 22171474525, "end": 22171475222},
       "maxRSS": {
        "post": 13996,
        "pre": 13996
       },
       "num-tuples": 7221,
       "recursive-rule": {
        "tc(x,y) :- \n   tc(x,z),\n   edge(z,y).": {
         "0": {
          "maxRSS": {
           "post": 13996,
           "pre": 13996
          },
          "num-tuples": 7221,
          "runtime": { "start": 22171471468, "end": 22171474491},
          "source-locator": "/root/compiler/tests/corpus/BENCHMARK_FAMILY/transitive_closure_bound.dl [22:1-22:31]"
         }
        }
       },
       "runtime": { "start": 22171471455, "end": 22171474502}
      },
      "6": {
       "copytime": { "start": 22171477900, "end": 22171478649},
       "maxRSS": {
        "post": 13996,
        "pre": 13996
       },
       "num-tuples": 6986,
       "recursive-rule": {
        "tc(x,y) :- \n   tc(x,z),\n   edge(z,y).": {
         "0": {
          "maxRSS": {
           "post": 13996,
           "pre": 13996
          },
          "num-tuples": 6986,
          "runtime": { "start": 22171475241, "end": 22171477864},
          "source-locator": "/root/compiler/tests/corpus/BENCHMARK_FAMILY/transitive_closure_bound.dl [22:1-22:31]"
         }
        }
       },
       "runtime": { "start": 22171475228, "end": 22171477875}
      },
      "7": {
       "copytime": { "start": 22171482655, "end": 22171483788},
       "maxRSS": {
        "post": 13996,
        "pre": 13996
       },
       "num-tuples": 7046,
       "recursive-rule": {
        "tc(x,y) :- \n   tc(x,z),\n   edge(z,y).": {
         "0": {
          "maxRSS": {
           "post": 13996,
           "pre": 13996
          },
          "num-tuples": 7046,
          "runtime": { "start": 22171478667, "end": 22171482449},
          "source-locator": "/root/compiler/tests/corpus/BENCHMARK_FAMILY/transitive_closure_bound.dl [22:1-22:31]"
         }
        }
       },
       "runtime": { "start": 22171478656, "end": 22171482470}
      },
      "8": {
       "copytime": { "start": 22171487653, "end": 22171488950},
       "maxRSS": {
        "post": 14024,
        "pre": 14024
       },
       "num-tuples": 6968,
       "recursive-rule": {
        "tc(x,y) :- \n   tc(x,z),\n   edge(z,y).": {
         "0": {
          "maxRSS": {
           "post": 14024,
           "pre": 14024
          },
          "num-tuples": 6968,
          "runtime": { "start": 22171483825, "end": 22171487573},
          "source-locator": "/root/compiler/tests/corpus/BENCHMARK_FAMILY/transitive_closure_bound.dl [22:1-22:31]"
         }
        }
       },
       "runtime": { "start": 22171483802, "end": 22171487592}
      },
      "9": {
       "copytime": { "start": 22171492786, "end": 22171493956},
       "maxRSS": {
        "post": 14152,
        "pre": 14152
       },
       "num-tuples": 6414,
       "recursive-rule": {
        "tc(x,y) :- \n   tc(x,z),\n   edge(z,y).": {
         "0": {
          "maxRSS": {
           "post": 14152,
           "pre": 14152
          },
          "num-tuples": 6414,
          "runtime": { "start": 22171488989, "end": 22171492721},
          "source-locator": "/root/compiler/tests/corpus/BENCHMARK_FAMILY/transitive_closure_bound.dl [22:1-22:31]"
         }
        }
       },
       "runtime": { "start": 22171488964, "end": 22171492743}
      }
     },
     "maxRSS": {
      "post": 13996,
      "pre": 13996
     },
     "non-recursive-rule": {
      "tc(x,y) :- \n   edge(x,y).": {
       "atom-frequency": {
        "tc(x,y) :- \n   edge(x,y).": {
         "edge": {
          "level": 0,
          "num-tuples": 0
         }
        }
       },
       "maxRSS": {
        "post": 13996,
        "pre": 13996
       },
       "num-tuples": 1000,
       "runtime": { "start": 22171459269, "end": 22171459318},
       "source-locator": "/root/compiler/tests/corpus/BENCHMARK_FAMILY/transitive_closure_bound.dl [21:1-21:22]"
      }
     },
     "num-tuples": 1000,
     "reads": 186009,
     "runtime": { "start": 22171459257, "end": 22171459326},
     "source-locator": "/root/compiler/tests/corpus/BENCHMARK_FAMILY/transitive_closure_bound.dl [20:7-20:9]"
    }
   },
   "runtime": { "start": 22171458923, "end": 22171511883},
   "starttime": { "time": 22171458892},
   "usage": {
    "timepoint": {
     "22171458902": {
      "maxRSS": 13996,
      "systemtime": 2554,
      "usertime": 0
     },
     "22171458931": {
      "maxRSS": 13996,
      "systemtime": 4076,
      "usertime": 0
     },
     "22171459274": {
      "maxRSS": 13996,
      "systemtime": 4422,
      "usertime": 0
     },
     "22171459405": {
      "maxRSS": 13996,
      "systemtime": 4559,
      "usertime": 0
     },
     "22171459847": {
      "maxRSS": 13996,
      "systemtime": 4993,
      "usertime": 0
     },
     "22171460016": {
      "maxRSS": 13996,
      "systemtime": 5187,
      "usertime": 0
     },
     "22171460053": {
      "maxRSS": 13996,
      "systemtime": 5213,
      "usertime": 0
     },
     "22171461021": {
      "maxRSS": 13996,
      "systemtime": 6206,
      "usertime": 0
     },
     "22171461369": {
      "maxRSS": 13996,
      "systemtime": 6595,
      "usertime": 0
     },
     "22171462467": {
      "maxRSS": 13996,
      "systemtime": 6602,
      "usertime": 0
     },
     "22171463215": {
      "maxRSS": 13996,
      "systemtime": 8440,
      "usertime": 0
     },
     "22171463919": {
      "maxRSS": 13996,
      "systemtime": 9177,
      "usertime": 0
     },
     "22171465023": {
      "maxRSS": 13996,
      "systemtime": 9177,
      "usertime": 121
     },
     "22171466129": {
      "maxRSS": 13996,
      "systemtime": 9177,
      "usertime": 133
     },
     "22171466818": {
      "maxRSS": 13996,
      "systemtime": 9177,
      "usertime": 2908
     },
     "22171467565": {
      "maxRSS": 13996,
      "systemtime": 9177,
      "usertime": 3687
     },
     "22171468680": {
      "maxRSS": 13996,
      "systemtime": 9177,
      "usertime": 4144
     },
     "22171469775": {
      "maxRSS": 13996,
      "systemtime": 9177,
      "usertime": 4151
     },
     "22171470716": {
      "maxRSS": 13996,
      "systemtime": 9177,
      "usertime": 6811
     },
     "22171471589": {
      "maxRSS": 13996,
      "systemtime": 9177,
      "usertime": 7655
     },
     "22171472795": {
      "maxRSS": 13996,
      "systemtime": 9177,
      "usertime": 8205
     },
     "22171473920": {
      "maxRSS": 13996,
      "systemtime": 9177,
      "usertime": 8225
     },
     "22171474535": {
      "maxRSS": 13996,
      "systemtime": 9177,
      "usertime": 10773
     },
     "22171475258": {
      "maxRSS": 13996,
      "systemtime": 9177,
      "usertime": 11511
     },
     "22171476379": {
      "maxRSS": 13996,
      "systemtime": 9177,
      "usertime": 12304
     },
     "22171477500": {
      "maxRSS": 13996,
      "systemtime": 9177,
      "usertime": 12334
     },
     "22171477896": {
      "maxRSS": 13996,
      "systemtime": 9177,
      "usertime": 14250
     },
     "22171477993": {
      "maxRSS": 13996,
      "systemtime": 9177,
      "usertime": 14272
     },
     "22171478699": {
      "maxRSS": 13996,
      "systemtime": 9177,
      "usertime": 15060
     },
     "22171479793": {
      "maxRSS": 13996,
      "systemtime": 9177,
      "usertime": 15084
     },
     "22171480875": {
      "maxRSS": 13996,
      "systemtime": 9177,
      "usertime": 16436
     },
     "22171482003": {
      "maxRSS": 13996,
      "systemtime": 9177,
      "usertime": 16463
     },
     "22171482501": {
      "maxRSS": 13996,
      "systemtime": 9177,
      "usertime": 19762
     },
     "22171483887": {
      "maxRSS": 14024,
      "systemtime": 9177,
      "usertime": 20975
     },
     "22171485088": {
      "maxRSS": 14024,
      "systemtime": 9177,
      "usertime": 21238
     },
     "22171486268": {
      "maxRSS": 14024,
      "systemtime": 9177,
      "usertime": 21260
     },
     "22171487454": {
      "maxRSS": 14024,
      "systemtime": 9177,
      "usertime": 21283
     },
     "22171487703": {
      "maxRSS": 14024,
      "systemtime": 9177,
      "usertime": 24891
     },
     "22171488799": {
      "maxRSS": 14152,
      "systemtime": 9177,
      "usertime": 25274
     },
     "22171489041": {
      "maxRSS": 14152,
      "systemtime": 9177,
      "usertime": 26271
     },
     "22171490217": {
      "maxRSS": 14152,
      "systemtime": 9177,
      "usertime": 26290
     },
     "22171491398": {
      "maxRSS": 14152,
      "systemtime": 9177,
      "usertime": 26313
     },
     "22171492559": {
      "maxRSS": 14152,
      "systemtime": 9177,
      "usertime": 29378
     },
     "22171492833": {
      "maxRSS": 14152,
      "systemtime": 9177,
      "usertime": 30172
     },
     "22171494011": {
      "maxRSS": 14280,
      "systemtime": 9177,
      "usertime": 31399
     },
     "22171495270": {
      "maxRSS": 14280,
      "systemtime": 9177,
      "usertime": 31427
     },
     "22171496384": {
      "maxRSS": 14280,
      "systemtime": 9177,
      "usertime": 33477
     },
     "22171497556": {
      "maxRSS": 14280,
      "systemtime": 9177,
      "usertime": 33509
     },
     "22171497720": {
      "maxRSS": 14280,
      "systemtime": 9177,
      "usertime": 35189
     },
     "22171498867": {
      "maxRSS": 14408,
      "systemtime": 9177,
      "usertime": 36314
     },
     "22171499959": {
      "maxRSS": 14408,
      "systemtime": 9177,
      "usertime": 36332
     },
     "22171501069": {
      "maxRSS": 14408,
      "systemtime": 9177,
      "usertime": 37610
     },
     "22171501212": {
      "maxRSS": 14408,
      "systemtime": 9177,
      "usertime": 38827
     },
     "22171501809": {
      "maxRSS": 14536,
      "systemtime": 9177,
      "usertime": 39425
     },
     "22171502903": {
      "maxRSS": 14536,
      "systemtime": 9177,
      "usertime": 39444
     },
     "22171503684": {
      "maxRSS": 14536,
      "systemtime": 9177,
      "usertime": 41410
     },
     "22171503850": {
      "maxRSS": 14536,
      "systemtime": 9177,
      "usertime": 41613
     },
     "22171504915": {
      "maxRSS": 14664,
      "systemtime": 9177,
      "usertime": 42702
     },
     "22171506035": {
      "maxRSS": 14664,
      "systemtime": 9177,
      "usertime": 42725
     },
     "22171506346": {
      "maxRSS": 14664,
      "systemtime": 9177,
      "usertime": 44155
     },
     "22171506752": {
      "maxRSS": 14664,
      "systemtime": 9177,
      "usertime": 44526
     },
     "22171507730": {
      "maxRSS": 14664,
      "systemtime": 9177,
      "usertime": 45534
     },
     "22171507984": {
      "maxRSS": 14664,
      "systemtime": 9177,
      "usertime": 45840
     },
     "22171508761": {
      "maxRSS": 14664,
      "systemtime": 9177,
      "usertime": 46596
     },
     "22171508900": {
      "maxRSS": 14664,
      "systemtime": 9177,
      "usertime": 46793
     },
     "22171509453": {
      "maxRSS": 14664,
      "systemtime": 9177,
      "usertime": 47328
     },
     "22171509569": {
      "maxRSS": 14664,
      "systemtime": 9177,
      "usertime": 47481
     },
     "22171509857": {
      "maxRSS": 14664,
      "systemtime": 9177,
      "usertime": 47810
     },
     "22171509891": {
      "maxRSS": 14664,
      "systemtime": 9177,
      "usertime": 47899
     },
     "22171510128": {
      "maxRSS": 14664,
      "systemtime": 9177,
      "usertime": 48149
     },
     "22171510257": {
      "maxRSS": 14664,
      "systemtime": 9177,
      "usertime": 48304
     },
     "22171510386": {
      "maxRSS": 14664,
      "systemtime": 9177,
      "usertime": 48449
     },
     "22171510495": {
      "maxRSS": 14664,
      "systemtime": 9177,
      "usertime": 48578
     },
     "22171510529": {
      "maxRSS": 14664,
      "systemtime": 9177,
      "usertime": 48605
     },
     "22171511622": {
      "maxRSS": 14664,
      "systemtime": 9177,
      "usertime": 49669
     }
    }
   }
  }
 }
}
