{
 "root": {
  "program": {
   "configuration": {
    "": "/root/compiler/measurements/m3-5-headline-m4/family/same_generation_negation/d5_b4/emit_guarded/transformed.dl",
    "fact-dir": "/root/compiler/fixtures/benchmark-family/same_generation_negation/d5_b4",
    "include-dir": ".",
    "jobs": "1",
    "libraries": "functors",
    "library-dir": ".",
    "output-dir": "/root/compiler/measurements/m3-5-headline-m4/family/same_generation_negation/d5_b4/dlc",
    "profile": "prof.log",
    "relationCount": "22",
    "ruleCount": "35",
    "version": "2.5",
    "warn": "all",
    "wno": "none"
   },
   "relation": {
    "magic_notsg_bf": {
     "maxRSS": {
      "post": 12056,
      "pre": 11928
     },
     "non-recursive-rule": {
      "magic_notsg_bf(0).": {
       "maxRSS": {
        "post": 12056,
        "pre": 11928
       },
       "num-tuples": 1,
       "runtime": { "start": 21950975778, "end": 21950975783},
       "source-locator": "/root/compiler/measurements/m3-5-headline-m4/family/same_generation_negation/d5_b4/emit_guarded/transformed.dl [59:1-59:19]"
      }
     },
     "num-tuples": 1,
     "reads": 0,
     "runtime": { "start": 21950975776, "end": 21950975792},
     "source-locator": "/root/compiler/measurements/m3-5-headline-m4/family/same_generation_negation/d5_b4/emit_guarded/transformed.dl [32:7-32:21]"
    },
    "magic_sg_bb": {
     "iteration": {
      "0": {
       "maxRSS": {
        "post": 12612,
        "pre": 12612
       },
       "num-tuples": 0,
       "recursive-rule": {
        "magic_sg_bb(xp,yp) :- \n   sup_sg_bb_r1_2(_,_,xp,yp).": {
         "0": {
          "atom-frequency": {
           "@new_magic_sg_bb(xp,yp) :- \n   @delta_sup_sg_bb_r1_2(_,_,xp,yp).": {
            "@delta_sup_sg_bb_r1_2": {
             "level": 0,
             "num-tuples": 0
            }
           }
          },
          "maxRSS": {
           "post": 12612,
           "pre": 12612
          },
          "num-tuples": 0,
          "runtime": { "start": 21950976454, "end": 21950976455},
          "source-locator": "/root/compiler/measurements/m3-5-headline-m4/family/same_generation_negation/d5_b4/emit_guarded/transformed.dl [57:1-57:53]"
         }
        }
       },
       "runtime": { "start": 21950976446, "end": 21950976465}
      }
     },
     "maxRSS": {
      "post": 12612,
      "pre": 12612
     },
     "non-recursive-rule": {
      "magic_sg_bb(xp,yp) :- \n   sup_sg_bf_r1_2(_,xp,_,yp).": {
       "atom-frequency": {
        "magic_sg_bb(xp,yp) :- \n   sup_sg_bf_r1_2(_,xp,_,yp).": {
         "sup_sg_bf_r1_2": {
          "level": 0,
          "num-tuples": 0
         }
        }
       },
       "maxRSS": {
        "post": 12612,
        "pre": 12612
       },
       "num-tuples": 0,
       "runtime": { "start": 21950976431, "end": 21950976432},
       "source-locator": "/root/compiler/measurements/m3-5-headline-m4/family/same_generation_negation/d5_b4/emit_guarded/transformed.dl [47:1-47:53]"
      }
     },
     "num-tuples": 0,
     "reads": 0,
     "runtime": { "start": 21950976430, "end": 21950976437},
     "source-locator": "/root/compiler/measurements/m3-5-headline-m4/family/same_generation_negation/d5_b4/emit_guarded/transformed.dl [23:7-23:18]"
    },
    "magic_sg_bf": {
     "maxRSS": {
      "post": 12612,
      "pre": 12484
     },
     "non-recursive-rule": {
      "magic_sg_bf(x) :- \n   sup_notsg_bf_r0_2(x,_).": {
       "atom-frequency": {
        "magic_sg_bf(x) :- \n   sup_notsg_bf_r0_2(x,_).": {
         "sup_notsg_bf_r0_2": {
          "level": 0,
          "num-tuples": 0
         }
        }
       },
       "maxRSS": {
        "post": 12612,
        "pre": 12484
       },
       "num-tuples": 1,
       "runtime": { "start": 21950976331, "end": 21950976345},
       "source-locator": "/root/compiler/measurements/m3-5-headline-m4/family/same_generation_negation/d5_b4/emit_guarded/transformed.dl [37:1-37:43]"
      }
     },
     "num-tuples": 1,
     "reads": 0,
     "runtime": { "start": 21950976331, "end": 21950976351},
     "source-locator": "/root/compiler/measurements/m3-5-headline-m4/family/same_generation_negation/d5_b4/emit_guarded/transformed.dl [13:7-13:18]"
    },
    "parent": {
     "loadtime": { "start": 21950975798, "end": 21950976017},
     "num-tuples": 839,
     "reads": 0,
     "source-locator": "/root/compiler/measurements/m3-5-headline-m4/family/same_generation_negation/d5_b4/emit_guarded/transformed.dl [1:7-1:13]"
    },
    "person": {
     "loadtime": { "start": 21950976104, "end": 21950976243},
     "num-tuples": 840,
     "reads": 2,
     "source-locator": "/root/compiler/measurements/m3-5-headline-m4/family/same_generation_negation/d5_b4/emit_guarded/transformed.dl [3:7-3:13]"
    },
    "q_notsg": {
     "maxRSS": {
      "post": 12612,
      "pre": 12612
     },
     "non-recursive-rule": {
      "q_notsg(y) :- \n   sup_notsg_bf_r0_3(0,y).": {
       "atom-frequency": {
        "q_notsg(y) :- \n   sup_notsg_bf_r0_3(0,y).": {
         "sup_notsg_bf_r0_3": {
          "level": 0,
          "num-tuples": 0
         }
        }
       },
       "maxRSS": {
        "post": 12612,
        "pre": 12612
       },
       "num-tuples": 839,
       "runtime": { "start": 21950976728, "end": 21950976752},
       "source-locator": "/root/compiler/measurements/m3-5-headline-m4/family/same_generation_negation/d5_b4/emit_guarded/transformed.dl [60:1-60:30]"
      }
     },
     "num-tuples": 839,
     "reads": 0,
     "runtime": { "start": 21950976720, "end": 21950976760},
     "savetime": { "start": 21950976764, "end": 21950976856},
     "source-locator": "/root/compiler/measurements/m3-5-headline-m4/family/same_generation_negation/d5_b4/emit_guarded/transformed.dl [7:7-7:14]"
    },
    "sg_bb": {
     "iteration": {
      "0": {
       "maxRSS": {
        "post": 12612,
        "pre": 12612
       },
       "num-tuples": 0,
       "recursive-rule": {
        "sg_bb(x,y) :- \n   sup_sg_bb_r1_4(x,y).": {
         "0": {
          "atom-frequency": {
           "@new_sg_bb(x,y) :- \n   @delta_sup_sg_bb_r1_4(x,y).": {
            "@delta_sup_sg_bb_r1_4": {
             "level": 0,
             "num-tuples": 0
            }
           }
          },
          "maxRSS": {
           "post": 12612,
           "pre": 12612
          },
          "num-tuples": 0,
          "runtime": { "start": 21950976551, "end": 21950976552},
          "source-locator": "/root/compiler/measurements/m3-5-headline-m4/family/same_generation_negation/d5_b4/emit_guarded/transformed.dl [58:1-58:37]"
         }
        }
       },
       "runtime": { "start": 21950976542, "end": 21950976560}
      }
     },
     "maxRSS": {
      "post": 12612,
      "pre": 12612
     },
     "non-recursive-rule": {
      "sg_bb(x,x) :- \n   sup_sg_bb_r0_1(x).": {
       "atom-frequency": {
        "sg_bb(x,x) :- \n   sup_sg_bb_r0_1(x).": {
         "sup_sg_bb_r0_1": {
          "level": 0,
          "num-tuples": 0
         }
        }
       },
       "maxRSS": {
        "post": 12612,
        "pre": 12612
       },
       "num-tuples": 0,
       "runtime": { "start": 21950976528, "end": 21950976529},
       "source-locator": "/root/compiler/measurements/m3-5-headline-m4/family/same_generation_negation/d5_b4/emit_guarded/transformed.dl [51:1-51:34]"
      }
     },
     "num-tuples": 0,
     "reads": 0,
     "runtime": { "start": 21950976528, "end": 21950976534},
     "source-locator": "/root/compiler/measurements/m3-5-headline-m4/family/same_generation_negation/d5_b4/emit_guarded/transformed.dl [26:7-26:12]"
    },
    "sg_bf": {
     "maxRSS": {
      "post": 12612,
      "pre": 12612
     },
     "non-recursive-rule": {
      "sg_bf(x,x) :- \n   sup_sg_bf_r0_1(x).": {
       "atom-frequency": {
        "sg_bf(x,x) :- \n   sup_sg_bf_r0_1(x).": {
         "sup_sg_bf_r0_1": {
          "level": 0,
          "num-tuples": 0
         }
        }
       },
       "maxRSS": {
        "post": 12612,
        "pre": 12612
       },
       "num-tuples": 1,
       "runtime": { "start": 21950976614, "end": 21950976615},
       "source-locator": "/root/compiler/measurements/m3-5-headline-m4/family/same_generation_negation/d5_b4/emit_guarded/transformed.dl [41:1-41:34]"
      },
      "sg_bf(x,y) :- \n   sup_sg_bf_r1_4(x,y).": {
       "atom-frequency": {
        "sg_bf(x,y) :- \n   sup_sg_bf_r1_4(x,y).": {
         "sup_sg_bf_r1_4": {
          "level": 0,
          "num-tuples": 0
         }
        }
       },
       "maxRSS": {
        "post": 12612,
        "pre": 12612
       },
       "num-tuples": 0,
       "runtime": { "start": 21950976619, "end": 21950976628},
       "source-locator": "/root/compiler/measurements/m3-5-headline-m4/family/same_generation_negation/d5_b4/emit_guarded/transformed.dl [48:1-48:37]"
      }
     },
     "num-tuples": 1,
     "reads": 840,
     "runtime": { "start": 21950976614, "end": 21950976635},
     "source-locator": "/root/compiler/measurements/m3-5-headline-m4/family/same_generation_negation/d5_b4/emit_guarded/transformed.dl [17:7-17:12]"
    },
    "sup_notsg_bf_r0_1": {
     "maxRSS": {
      "post": 12484,
      "pre": 12484
     },
     "non-recursive-rule": {
      "sup_notsg_bf_r0_1(x) :- \n   magic_notsg_bf(x),\n   person(x).": {
       "atom-frequency": {
        "sup_notsg_bf_r0_1(x) :- \n   magic_notsg_bf(x),\n   person(x).": {
         "magic_notsg_bf": {
          "level": 0,
          "num-tuples": 0
         }
        }
       },
       "maxRSS": {
        "post": 12484,
        "pre": 12484
       },
       "num-tuples": 1,
       "runtime": { "start": 21950976263, "end": 21950976270},
       "source-locator": "/root/compiler/measurements/m3-5-headline-m4/family/same_generation_negation/d5_b4/emit_guarded/transformed.dl [34:1-34:57]"
      }
     },
     "num-tuples": 1,
     "reads": 0,
     "runtime": { "start": 21950976253, "end": 21950976280},
     "source-locator": "/root/compiler/measurements/m3-5-headline-m4/family/same_generation_negation/d5_b4/emit_guarded/transformed.dl [10:7-10:24]"
    },
    "sup_notsg_bf_r0_2": {
     "maxRSS": {
      "post": 12484,
      "pre": 12484
     },
     "non-recursive-rule": {
      "sup_notsg_bf_r0_2(x,y) :- \n   sup_notsg_bf_r0_1(x),\n   person(y).": {
       "atom-frequency": {
        "sup_notsg_bf_r0_2(x,y) :- \n   sup_notsg_bf_r0_1(x),\n   person(y).": {
         "person": {
          "level": 1,
          "num-tuples": 0
         },
         "sup_notsg_bf_r0_1": {
          "level": 0,
          "num-tuples": 0
         }
        }
       },
       "maxRSS": {
        "post": 12484,
        "pre": 12484
       },
       "num-tuples": 840,
       "runtime": { "start": 21950976286, "end": 21950976319},
       "source-locator": "/root/compiler/measurements/m3-5-headline-m4/family/same_generation_negation/d5_b4/emit_guarded/transformed.dl [35:1-35:60]"
      }
     },
     "num-tuples": 840,
     "reads": 0,
     "runtime": { "start": 21950976285, "end": 21950976326},
     "source-locator": "/root/compiler/measurements/m3-5-headline-m4/family/same_generation_negation/d5_b4/emit_guarded/transformed.dl [11:7-11:24]"
    },
    "sup_notsg_bf_r0_3": {
     "maxRSS": {
      "post": 12612,
      "pre": 12612
     },
     "non-recursive-rule": {
      "sup_notsg_bf_r0_3(x,y) :- \n   sup_notsg_bf_r0_2(x,y),\n   !sg_bf(x,y).": {
       "atom-frequency": {
        "sup_notsg_bf_r0_3(x,y) :- \n   sup_notsg_bf_r0_2(x,y),\n   !sg_bf(x,y).": {
         "sup_notsg_bf_r0_2": {
          "level": 0,
          "num-tuples": 0
         }
        }
       },
       "maxRSS": {
        "post": 12612,
        "pre": 12612
       },
       "num-tuples": 839,
       "runtime": { "start": 21950976649, "end": 21950976705},
       "source-locator": "/root/compiler/measurements/m3-5-headline-m4/family/same_generation_negation/d5_b4/emit_guarded/transformed.dl [36:1-36:66]"
      }
     },
     "num-tuples": 839,
     "reads": 0,
     "runtime": { "start": 21950976640, "end": 21950976714},
     "source-locator": "/root/compiler/measurements/m3-5-headline-m4/family/same_generation_negation/d5_b4/emit_guarded/transformed.dl [12:7-12:24]"
    },
    "sup_sg_bb_r0_0": {
     "maxRSS": {
      "post": 12612,
      "pre": 12612
     },
     "non-recursive-rule": {
      "sup_sg_bb_r0_0(x) :- \n   magic_sg_bb(x,x).": {
       "atom-frequency": {
        "sup_sg_bb_r0_0(x) :- \n   magic_sg_bb(x,x).": {
         "magic_sg_bb": {
          "level": 0,
          "num-tuples": 0
         }
        }
       },
       "maxRSS": {
        "post": 12612,
        "pre": 12612
       },
       "num-tuples": 0,
       "runtime": { "start": 21950976504, "end": 21950976505},
       "source-locator": "/root/compiler/measurements/m3-5-headline-m4/family/same_generation_negation/d5_b4/emit_guarded/transformed.dl [49:1-49:40]"
      }
     },
     "num-tuples": 0,
     "reads": 0,
     "runtime": { "start": 21950976504, "end": 21950976512},
     "source-locator": "/root/compiler/measurements/m3-5-headline-m4/family/same_generation_negation/d5_b4/emit_guarded/transformed.dl [24:7-24:21]"
    },
    "sup_sg_bb_r0_1": {
     "maxRSS": {
      "post": 12612,
      "pre": 12612
     },
     "non-recursive-rule": {
      "sup_sg_bb_r0_1(x) :- \n   sup_sg_bb_r0_0(x),\n   person(x).": {
       "atom-frequency": {
        "sup_sg_bb_r0_1(x) :- \n   sup_sg_bb_r0_0(x),\n   person(x).": {
         "sup_sg_bb_r0_0": {
          "level": 0,
          "num-tuples": 0
         }
        }
       },
       "maxRSS": {
        "post": 12612,
        "pre": 12612
       },
       "num-tuples": 0,
       "runtime": { "start": 21950976518, "end": 21950976518},
       "source-locator": "/root/compiler/measurements/m3-5-headline-m4/family/same_generation_negation/d5_b4/emit_guarded/transformed.dl [50:1-50:51]"
      }
     },
     "num-tuples": 0,
     "reads": 0,
     "runtime": { "start": 21950976516, "end": 21950976523},
     "source-locator": "/root/compiler/measurements/m3-5-headline-m4/family/same_generation_negation/d5_b4/emit_guarded/transformed.dl [25:7-25:21]"
    },
    "sup_sg_bb_r1_1": {
     "iteration": {
      "0": {
       "maxRSS": {
        "post": 12612,
        "pre": 12612
       },
       "num-tuples": 0,
       "recursive-rule": {
        "sup_sg_bb_r1_1(x,y,xp) :- \n   magic_sg_bb(x,y),\n   parent(x,xp).": {
         "0": {
          "atom-frequency": {
           "@new_sup_sg_bb_r1_1(x,y,xp) :- \n   @delta_magic_sg_bb(x,y),\n   parent(x,xp).": {
            "@delta_magic_sg_bb": {
             "level": 0,
             "num-tuples": 0
            },
            "parent": {
             "level": 1,
             "num-tuples": 0
            }
           }
          },
          "maxRSS": {
           "post": 12612,
           "pre": 12612
          },
          "num-tuples": 0,
          "runtime": { "start": 21950976471, "end": 21950976472},
          "source-locator": "/root/compiler/measurements/m3-5-headline-m4/family/same_generation_negation/d5_b4/emit_guarded/transformed.dl [53:1-53:65]"
         }
        }
       },
       "runtime": { "start": 21950976471, "end": 21950976478}
      }
     },
     "num-tuples": 0,
     "reads": 0,
     "source-locator": "/root/compiler/measurements/m3-5-headline-m4/family/same_generation_negation/d5_b4/emit_guarded/transformed.dl [28:7-28:21]"
    },
    "sup_sg_bb_r1_2": {
     "iteration": {
      "0": {
       "maxRSS": {
        "post": 12612,
        "pre": 12612
       },
       "num-tuples": 0,
       "recursive-rule": {
        "sup_sg_bb_r1_2(x,y,xp,yp) :- \n   sup_sg_bb_r1_1(x,y,xp),\n   parent(y,yp).": {
         "0": {
          "atom-frequency": {
           "@new_sup_sg_bb_r1_2(x,y,xp,yp) :- \n   @delta_sup_sg_bb_r1_1(x,y,xp),\n   parent(y,yp).": {
            "@delta_sup_sg_bb_r1_1": {
             "level": 0,
             "num-tuples": 0
            },
            "parent": {
             "level": 1,
             "num-tuples": 0
            }
           }
          },
          "maxRSS": {
           "post": 12612,
           "pre": 12612
          },
          "num-tuples": 0,
          "runtime": { "start": 21950976481, "end": 21950976482},
          "source-locator": "/root/compiler/measurements/m3-5-headline-m4/family/same_generation_negation/d5_b4/emit_guarded/transformed.dl [54:1-54:73]"
         }
        }
       },
       "runtime": { "start": 21950976481, "end": 21950976487}
      }
     },
     "num-tuples": 0,
     "reads": 0,
     "source-locator": "/root/compiler/measurements/m3-5-headline-m4/family/same_generation_negation/d5_b4/emit_guarded/transformed.dl [29:7-29:21]"
    },
    "sup_sg_bb_r1_3": {
     "iteration": {
      "0": {
       "maxRSS": {
        "post": 12612,
        "pre": 12612
       },
       "num-tuples": 0,
       "recursive-rule": {
        "sup_sg_bb_r1_3(x,y) :- \n   sup_sg_bb_r1_2(x,y,xp,yp),\n   sg_bb(xp,yp).": {
         "0": {
          "atom-frequency": {
           "@new_sup_sg_bb_r1_3(x,y) :- \n   sup_sg_bb_r1_2(x,y,xp,yp),\n   @delta_sg_bb(xp,yp).": {
            "sup_sg_bb_r1_2": {
             "level": 0,
             "num-tuples": 0
            }
           }
          },
          "maxRSS": {
           "post": 12612,
           "pre": 12612
          },
          "num-tuples": 0,
          "runtime": { "start": 21950976566, "end": 21950976566},
          "source-locator": "/root/compiler/measurements/m3-5-headline-m4/family/same_generation_negation/d5_b4/emit_guarded/transformed.dl [55:1-55:69]"
         }
        }
       },
       "runtime": { "start": 21950976565, "end": 21950976572}
      }
     },
     "num-tuples": 0,
     "reads": 0,
     "source-locator": "/root/compiler/measurements/m3-5-headline-m4/family/same_generation_negation/d5_b4/emit_guarded/transformed.dl [30:7-30:21]"
    },
    "sup_sg_bb_r1_4": {
     "iteration": {
      "0": {
       "maxRSS": {
        "post": 12612,
        "pre": 12612
       },
       "num-tuples": 0,
       "recursive-rule": {
        "sup_sg_bb_r1_4(x,y) :- \n   sup_sg_bb_r1_3(x,y),\n   x != y.": {
         "0": {
          "atom-frequency": {
           "@new_sup_sg_bb_r1_4(x,y) :- \n   @delta_sup_sg_bb_r1_3(x,y),\n   x != y.": {
            "@delta_sup_sg_bb_r1_3": {
             "level": 0,
             "num-tuples": 0
            }
           }
          },
          "maxRSS": {
           "post": 12612,
           "pre": 12612
          },
          "num-tuples": 0,
          "runtime": { "start": 21950976576, "end": 21950976577},
          "source-locator": "/root/compiler/measurements/m3-5-headline-m4/family/same_generation_negation/d5_b4/emit_guarded/transformed.dl [56:1-56:54]"
         }
        }
       },
       "runtime": { "start": 21950976576, "end": 21950976582}
      }
     },
     "num-tuples": 0,
     "reads": 0,
     "source-locator": "/root/compiler/measurements/m3-5-headline-m4/family/same_generation_negation/d5_b4/emit_guarded/transformed.dl [31:7-31:21]"
    },
    "sup_sg_bf_r0_1": {
     "maxRSS": {
      "post": 12612,
      "pre": 12612
     },
     "non-recursive-rule": {
      "sup_sg_bf_r0_1(x) :- \n   magic_sg_bf(x),\n   person(x).": {
       "atom-frequency": {
        "sup_sg_bf_r0_1(x) :- \n   magic_sg_bf(x),\n   person(x).": {
         "magic_sg_bf": {
          "level": 0,
          "num-tuples": 0
         }
        }
       },
       "maxRSS": {
        "post": 12612,
        "pre": 12612
       },
       "num-tuples": 1,
       "runtime": { "start": 21950976363, "end": 21950976364},
       "source-locator": "/root/compiler/measurements/m3-5-headline-m4/family/same_generation_negation/d5_b4/emit_guarded/transformed.dl [40:1-40:51]"
      }
     },
     "num-tuples": 1,
     "reads": 0,
     "runtime": { "start": 21950976355, "end": 21950976373},
     "source-locator": "/root/compiler/measurements/m3-5-headline-m4/family/same_generation_negation/d5_b4/emit_guarded/transformed.dl [16:7-16:21]"
    },
    "sup_sg_bf_r1_1": {
     "maxRSS": {
      "post": 12612,
      "pre": 12612
     },
     "non-recursive-rule": {
      "sup_sg_bf_r1_1(x,xp) :- \n   magic_sg_bf(x),\n   parent(x,xp).": {
       "atom-frequency": {
        "sup_sg_bf_r1_1(x,xp) :- \n   magic_sg_bf(x),\n   parent(x,xp).": {
         "magic_sg_bf": {
          "level": 0,
          "num-tuples": 0
         },
         "parent": {
          "level": 1,
          "num-tuples": 0
         }
        }
       },
       "maxRSS": {
        "post": 12612,
        "pre": 12612
       },
       "num-tuples": 0,
       "runtime": { "start": 21950976387, "end": 21950976391},
       "source-locator": "/root/compiler/measurements/m3-5-headline-m4/family/same_generation_negation/d5_b4/emit_guarded/transformed.dl [43:1-43:59]"
      }
     },
     "num-tuples": 0,
     "reads": 0,
     "runtime": { "start": 21950976378, "end": 21950976400},
     "source-locator": "/root/compiler/measurements/m3-5-headline-m4/family/same_generation_negation/d5_b4/emit_guarded/transformed.dl [19:7-19:21]"
    },
    "sup_sg_bf_r1_2": {
     "maxRSS": {
      "post": 12612,
      "pre": 12612
     },
     "non-recursive-rule": {
      "sup_sg_bf_r1_2(x,xp,y,yp) :- \n   sup_sg_bf_r1_1(x,xp),\n   parent(y,yp).": {
       "atom-frequency": {
        "sup_sg_bf_r1_2(x,xp,y,yp) :- \n   sup_sg_bf_r1_1(x,xp),\n   parent(y,yp).": {
         "parent": {
          "level": 1,
          "num-tuples": 0
         },
         "sup_sg_bf_r1_1": {
          "level": 0,
          "num-tuples": 0
         }
        }
       },
       "maxRSS": {
        "post": 12612,
        "pre": 12612
       },
       "num-tuples": 0,
       "runtime": { "start": 21950976416, "end": 21950976417},
       "source-locator": "/root/compiler/measurements/m3-5-headline-m4/family/same_generation_negation/d5_b4/emit_guarded/transformed.dl [44:1-44:70]"
      }
     },
     "num-tuples": 0,
     "reads": 0,
     "runtime": { "start": 21950976404, "end": 21950976425},
     "source-locator": "/root/compiler/measurements/m3-5-headline-m4/family/same_generation_negation/d5_b4/emit_guarded/transformed.dl [20:7-20:21]"
    },
    "sup_sg_bf_r1_3": {
     "maxRSS": {
      "post": 12612,
      "pre": 12612
     },
     "non-recursive-rule": {
      "sup_sg_bf_r1_3(x,y) :- \n   sup_sg_bf_r1_2(x,xp,y,yp),\n   sg_bb(xp,yp).": {
       "atom-frequency": {
        "sup_sg_bf_r1_3(x,y) :- \n   sup_sg_bf_r1_2(x,xp,y,yp),\n   sg_bb(xp,yp).": {
         "sup_sg_bf_r1_2": {
          "level": 0,
          "num-tuples": 0
         }
        }
       },
       "maxRSS": {
        "post": 12612,
        "pre": 12612
       },
       "num-tuples": 0,
       "runtime": { "start": 21950976596, "end": 21950976597},
       "source-locator": "/root/compiler/measurements/m3-5-headline-m4/family/same_generation_negation/d5_b4/emit_guarded/transformed.dl [45:1-45:69]"
      }
     },
     "num-tuples": 0,
     "reads": 0,
     "runtime": { "start": 21950976596, "end": 21950976602},
     "source-locator": "/root/compiler/measurements/m3-5-headline-m4/family/same_generation_negation/d5_b4/emit_guarded/transformed.dl [21:7-21:21]"
    },
    "sup_sg_bf_r1_4": {
     "maxRSS": {
      "post": 12612,
      "pre": 12612
     },
     "non-recursive-rule": {
      "sup_sg_bf_r1_4(x,y) :- \n   sup_sg_bf_r1_3(x,y),\n   x != y.": {
       "atom-frequency": {
        "sup_sg_bf_r1_4(x,y) :- \n   sup_sg_bf_r1_3(x,y),\n   x != y.": {
         "sup_sg_bf_r1_3": {
          "level": 0,
          "num-tuples": 0
         }
        }
       },
       "maxRSS": {
        "post": 12612,
        "pre": 12612
       },
       "num-tuples": 0,
       "runtime": { "start": 21950976606, "end": 21950976607},
       "source-locator": "/root/compiler/measurements/m3-5-headline-m4/family/same_generation_negation/d5_b4/emit_guarded/transformed.dl [46:1-46:54]"
      }
     },
     "num-tuples": 0,
     "reads": 0,
     "runtime": { "start": 21950976606, "end": 21950976611},
     "source-locator": "/root/compiler/measurements/m3-5-headline-m4/family/same_generation_negation/d5_b4/emit_guarded/transformed.dl [22:7-22:21]"
    }
   },
   "runtime": { "start": 21950975771, "end": 21950976860},
   "starttime": { "time": 21950975725},
   "usage": {
    "timepoint": {
     "21950975753": {
      "maxRSS": 11672,
      "systemtime": 1806,
      "usertime": 1806
     },
     "21950975862": {
      "maxRSS": 12184,
      "systemtime": 3689,
      "usertime": 3689
     },
     "21950976143": {
      "maxRSS": 12484,
      "systemtime": 3689,
      "usertime": 4011
     },
     "21950976335": {
      "maxRSS": 12612,
      "systemtime": 3689,
      "usertime": 4254
     },
     "21950976371": {
      "maxRSS": 12612,
      "systemtime": 3689,
      "usertime": 4298
     },
     "21950976393": {
      "maxRSS": 12612,
      "systemtime": 3689,
      "usertime": 4332
     },
     "21950976426": {
      "maxRSS": 12612,
      "systemtime": 3689,
      "usertime": 4380
     },
     "21950976505": {
      "maxRSS": 12612,
      "systemtime": 3689,
      "usertime": 4477
     },
     "21950976527": {
      "maxRSS": 12612,
      "systemtime": 3689,
      "usertime": 4507
     },
     "21950976608": {
      "maxRSS": 12612,
      "systemtime": 3689,
      "usertime": 4603
     },
     "21950976631": {
      "maxRSS": 12612,
      "systemtime": 3689,
      "usertime": 4635
     },
     "21950976663": {
      "maxRSS": 12612,
      "systemtime": 3689,
      "usertime": 4666
     },
     "21950976783": {
      "maxRSS": 12612,
      "systemtime": 3689,
      "usertime": 4795
     }
    }
   }
  }
 }
}
