{
 "root": {
  "program": {
   "configuration": {
    "": "/root/compiler/tests/corpus/CONE_CORPUS/cc_cone_only.dl",
    "fact-dir": "/root/compiler/fixtures/cone_corpus/cc_cone_only/n20",
    "include-dir": ".",
    "jobs": "1",
    "libraries": "functors",
    "library-dir": ".",
    "magic-transform": "*",
    "output-dir": "/root/compiler/measurements/night04-b-cone/cc_cone_only/n20/souffle",
    "profile": "prof.log",
    "relationCount": "10",
    "ruleCount": "29",
    "version": "2.5",
    "warn": "all",
    "wno": "none"
   },
   "relation": {
    "@magic.@poscopy_1.q.{ff}": {
     "maxRSS": {
      "post": 13784,
      "pre": 13784
     },
     "non-recursive-rule": {
      "@magic.@poscopy_1.q.{ff}().": {
       "maxRSS": {
        "post": 13784,
        "pre": 13784
       },
       "num-tuples": 1,
       "runtime": { "start": 18398784922, "end": 18398784926},
       "source-locator": " [1:1-1:1]"
      }
     },
     "num-tuples": 1,
     "runtime": { "start": 18398784918, "end": 18398784935},
     "source-locator": " [1:1-1:1]"
    },
    "@magic.gate.{b}": {
     "maxRSS": {
      "post": 13784,
      "pre": 13784
     },
     "non-recursive-rule": {
      "@magic.gate.{b}(x) :- \n   @magic.p.{bf}(x),\n   e(x,_).": {
       "atom-frequency": {
        "@magic.gate.{b}(x) :- \n   @magic.p.{bf}(x),\n   e(x,_).": {
         "@magic.p.{bf}": {
          "level": 0,
          "num-tuples": 0
         }
        }
       },
       "maxRSS": {
        "post": 13784,
        "pre": 13784
       },
       "num-tuples": 1,
       "runtime": { "start": 18398785221, "end": 18398785231},
       "source-locator": " [1:1-1:1]"
      }
     },
     "num-tuples": 1,
     "runtime": { "start": 18398785211, "end": 18398785239},
     "source-locator": " [1:1-1:1]"
    },
    "@magic.gate.{f}": {
     "maxRSS": {
      "post": 13784,
      "pre": 13784
     },
     "non-recursive-rule": {
      "@magic.gate.{f}() :- \n   @magic.gate.{b}(_).": {
       "maxRSS": {
        "post": 13784,
        "pre": 13784
       },
       "num-tuples": 1,
       "runtime": { "start": 18398785662, "end": 18398785663},
       "source-locator": " [1:1-1:1]"
      }
     },
     "num-tuples": 1,
     "runtime": { "start": 18398785661, "end": 18398785670},
     "source-locator": " [1:1-1:1]"
    },
    "@magic.p.{bf}": {
     "maxRSS": {
      "post": 13784,
      "pre": 13784
     },
     "non-recursive-rule": {
      "@magic.p.{bf}(1).": {
       "maxRSS": {
        "post": 13784,
        "pre": 13784
       },
       "num-tuples": 1,
       "runtime": { "start": 18398784954, "end": 18398784957},
       "source-locator": " [1:1-1:1]"
      }
     },
     "num-tuples": 1,
     "runtime": { "start": 18398784942, "end": 18398784964},
     "source-locator": " [1:1-1:1]"
    },
    "@magic.q.{bf}": {
     "iteration": {
      "0": {
       "copytime": { "start": 18398786069, "end": 18398786070},
       "maxRSS": {
        "post": 13784,
        "pre": 13784
       },
       "num-tuples": 1,
       "recursive-rule": {
        "@magic.q.{bf}(z) :- \n   @magic.p.{bf}(x),\n   p.{bf}(x,z).": {
         "0": {
          "atom-frequency": {
           "@new_@magic.q.{bf}(z) :- \n   @magic.p.{bf}(x),\n   @delta_p.{bf}(x,z).": {
            "@delta_p.{bf}": {
             "level": 1,
             "num-tuples": 0
            },
            "@magic.p.{bf}": {
             "level": 0,
             "num-tuples": 0
            }
           }
          },
          "maxRSS": {
           "post": 13784,
           "pre": 13784
          },
          "num-tuples": 1,
          "runtime": { "start": 18398786002, "end": 18398786004},
          "source-locator": " [1:1-1:1]"
         }
        }
       },
       "runtime": { "start": 18398785991, "end": 18398786013}
      },
      "1": {
       "copytime": { "start": 18398786194, "end": 18398786194},
       "maxRSS": {
        "post": 13784,
        "pre": 13784
       },
       "num-tuples": 0,
       "recursive-rule": {
        "@magic.q.{bf}(z) :- \n   @magic.p.{bf}(x),\n   p.{bf}(x,z).": {
         "0": {
          "maxRSS": {
           "post": 13784,
           "pre": 13784
          },
          "num-tuples": 0,
          "runtime": { "start": 18398786081, "end": 18398786082},
          "source-locator": " [1:1-1:1]"
         }
        }
       },
       "runtime": { "start": 18398786080, "end": 18398786089}
      },
      "2": {
       "copytime": { "start": 18398786291, "end": 18398786301},
       "maxRSS": {
        "post": 13784,
        "pre": 13784
       },
       "num-tuples": 0,
       "recursive-rule": {
        "@magic.q.{bf}(z) :- \n   @magic.p.{bf}(x),\n   p.{bf}(x,z).": {
         "0": {
          "maxRSS": {
           "post": 13784,
           "pre": 13784
          },
          "num-tuples": 0,
          "runtime": { "start": 18398786204, "end": 18398786205},
          "source-locator": " [1:1-1:1]"
         }
        }
       },
       "runtime": { "start": 18398786202, "end": 18398786212}
      },
      "3": {
       "copytime": { "start": 18398786438, "end": 18398786440},
       "maxRSS": {
        "post": 13784,
        "pre": 13784
       },
       "num-tuples": 0,
       "recursive-rule": {
        "@magic.q.{bf}(z) :- \n   @magic.p.{bf}(x),\n   p.{bf}(x,z).": {
         "0": {
          "maxRSS": {
           "post": 13784,
           "pre": 13784
          },
          "num-tuples": 0,
          "runtime": { "start": 18398786317, "end": 18398786318},
          "source-locator": " [1:1-1:1]"
         }
        }
       },
       "runtime": { "start": 18398786317, "end": 18398786325}
      },
      "4": {
       "copytime": { "start": 18398786639, "end": 18398786653},
       "maxRSS": {
        "post": 13784,
        "pre": 13784
       },
       "num-tuples": 0,
       "recursive-rule": {
        "@magic.q.{bf}(z) :- \n   @magic.p.{bf}(x),\n   p.{bf}(x,z).": {
         "0": {
          "maxRSS": {
           "post": 13784,
           "pre": 13784
          },
          "num-tuples": 0,
          "runtime": { "start": 18398786458, "end": 18398786459},
          "source-locator": " [1:1-1:1]"
         }
        }
       },
       "runtime": { "start": 18398786455, "end": 18398786468}
      },
      "5": {
       "copytime": { "start": 18398786807, "end": 18398786808},
       "maxRSS": {
        "post": 13784,
        "pre": 13784
       },
       "num-tuples": 0,
       "recursive-rule": {
        "@magic.q.{bf}(z) :- \n   @magic.p.{bf}(x),\n   p.{bf}(x,z).": {
         "0": {
          "maxRSS": {
           "post": 13784,
           "pre": 13784
          },
          "num-tuples": 0,
          "runtime": { "start": 18398786684, "end": 18398786685},
          "source-locator": " [1:1-1:1]"
         }
        }
       },
       "runtime": { "start": 18398786671, "end": 18398786695}
      },
      "6": {
       "maxRSS": {
        "post": 13784,
        "pre": 13784
       },
       "num-tuples": 0,
       "recursive-rule": {
        "@magic.q.{bf}(z) :- \n   @magic.p.{bf}(x),\n   p.{bf}(x,z).": {
         "0": {
          "maxRSS": {
           "post": 13784,
           "pre": 13784
          },
          "num-tuples": 0,
          "runtime": { "start": 18398786831, "end": 18398786831},
          "source-locator": " [1:1-1:1]"
         }
        }
       },
       "runtime": { "start": 18398786830, "end": 18398786838}
      }
     },
     "num-tuples": 0,
     "source-locator": " [1:1-1:1]"
    },
    "@neglabel.s": {
     "maxRSS": {
      "post": 13784,
      "pre": 13784
     },
     "non-recursive-rule": {
      "@neglabel.s(x) :- \n   @poscopy_1.q.{ff}(x,y),\n   blocked(y).": {
       "atom-frequency": {
        "@neglabel.s(x) :- \n   @poscopy_1.q.{ff}(x,y),\n   blocked(y).": {
         "@poscopy_1.q.{ff}": {
          "level": 0,
          "num-tuples": 0
         }
        }
       },
       "maxRSS": {
        "post": 13784,
        "pre": 13784
       },
       "num-tuples": 12,
       "runtime": { "start": 18398785689, "end": 18398785697},
       "source-locator": " [1:1-1:1]"
      }
     },
     "num-tuples": 12,
     "runtime": { "start": 18398785679, "end": 18398785704},
     "source-locator": "/root/compiler/tests/corpus/CONE_CORPUS/cc_cone_only.dl [56:7-56:8]"
    },
    "@poscopy_1.q.{ff}": {
     "iteration": {
      "0": {
       "copytime": { "start": 18398785330, "end": 18398785336},
       "maxRSS": {
        "post": 13784,
        "pre": 13784
       },
       "num-tuples": 46,
       "recursive-rule": {
        "@poscopy_1.q.{ff}(x,y) :- \n   @magic.@poscopy_1.q.{ff}(),\n   @poscopy_1.q.{ff}(x,z),\n   base(z,y).": {
         "0": {
          "atom-frequency": {
           "@new_@poscopy_1.q.{ff}(x,y) :- \n   @magic.@poscopy_1.q.{ff}(),\n   @delta_@poscopy_1.q.{ff}(x,z),\n   base(z,y).": {
            "@delta_@poscopy_1.q.{ff}": {
             "level": 1,
             "num-tuples": 0
            },
            "base": {
             "level": 2,
             "num-tuples": 0
            }
           }
          },
          "maxRSS": {
           "post": 13784,
           "pre": 13784
          },
          "num-tuples": 46,
          "runtime": { "start": 18398785271, "end": 18398785297},
          "source-locator": " [1:1-1:1]"
         }
        }
       },
       "runtime": { "start": 18398785260, "end": 18398785309}
      },
      "1": {
       "copytime": { "start": 18398785409, "end": 18398785416},
       "maxRSS": {
        "post": 13784,
        "pre": 13784
       },
       "num-tuples": 51,
       "recursive-rule": {
        "@poscopy_1.q.{ff}(x,y) :- \n   @magic.@poscopy_1.q.{ff}(),\n   @poscopy_1.q.{ff}(x,z),\n   base(z,y).": {
         "0": {
          "maxRSS": {
           "post": 13784,
           "pre": 13784
          },
          "num-tuples": 51,
          "runtime": { "start": 18398785354, "end": 18398785367},
          "source-locator": " [1:1-1:1]"
         }
        }
       },
       "runtime": { "start": 18398785344, "end": 18398785376}
      },
      "2": {
       "copytime": { "start": 18398785459, "end": 18398785464},
       "maxRSS": {
        "post": 13784,
        "pre": 13784
       },
       "num-tuples": 44,
       "recursive-rule": {
        "@poscopy_1.q.{ff}(x,y) :- \n   @magic.@poscopy_1.q.{ff}(),\n   @poscopy_1.q.{ff}(x,z),\n   base(z,y).": {
         "0": {
          "maxRSS": {
           "post": 13784,
           "pre": 13784
          },
          "num-tuples": 44,
          "runtime": { "start": 18398785420, "end": 18398785432},
          "source-locator": " [1:1-1:1]"
         }
        }
       },
       "runtime": { "start": 18398785420, "end": 18398785440}
      },
      "3": {
       "copytime": { "start": 18398785514, "end": 18398785518},
       "maxRSS": {
        "post": 13784,
        "pre": 13784
       },
       "num-tuples": 21,
       "recursive-rule": {
        "@poscopy_1.q.{ff}(x,y) :- \n   @magic.@poscopy_1.q.{ff}(),\n   @poscopy_1.q.{ff}(x,z),\n   base(z,y).": {
         "0": {
          "maxRSS": {
           "post": 13784,
           "pre": 13784
          },
          "num-tuples": 21,
          "runtime": { "start": 18398785477, "end": 18398785486},
          "source-locator": " [1:1-1:1]"
         }
        }
       },
       "runtime": { "start": 18398785467, "end": 18398785494}
      },
      "4": {
       "copytime": { "start": 18398785569, "end": 18398785571},
       "maxRSS": {
        "post": 13784,
        "pre": 13784
       },
       "num-tuples": 6,
       "recursive-rule": {
        "@poscopy_1.q.{ff}(x,y) :- \n   @magic.@poscopy_1.q.{ff}(),\n   @poscopy_1.q.{ff}(x,z),\n   base(z,y).": {
         "0": {
          "maxRSS": {
           "post": 13784,
           "pre": 13784
          },
          "num-tuples": 6,
          "runtime": { "start": 18398785532, "end": 18398785536},
          "source-locator": " [1:1-1:1]"
         }
        }
       },
       "runtime": { "start": 18398785521, "end": 18398785545}
      },
      "5": {
       "copytime": { "start": 18398785624, "end": 18398785625},
       "maxRSS": {
        "post": 13784,
        "pre": 13784
       },
       "num-tuples": 1,
       "recursive-rule": {
        "@poscopy_1.q.{ff}(x,y) :- \n   @magic.@poscopy_1.q.{ff}(),\n   @poscopy_1.q.{ff}(x,z),\n   base(z,y).": {
         "0": {
          "maxRSS": {
           "post": 13784,
           "pre": 13784
          },
          "num-tuples": 1,
          "runtime": { "start": 18398785584, "end": 18398785586},
          "source-locator": " [1:1-1:1]"
         }
        }
       },
       "runtime": { "start": 18398785575, "end": 18398785594}
      },
      "6": {
       "maxRSS": {
        "post": 13784,
        "pre": 13784
       },
       "num-tuples": 0,
       "recursive-rule": {
        "@poscopy_1.q.{ff}(x,y) :- \n   @magic.@poscopy_1.q.{ff}(),\n   @poscopy_1.q.{ff}(x,z),\n   base(z,y).": {
         "0": {
          "maxRSS": {
           "post": 13784,
           "pre": 13784
          },
          "num-tuples": 0,
          "runtime": { "start": 18398785629, "end": 18398785630},
          "source-locator": " [1:1-1:1]"
         }
        }
       },
       "runtime": { "start": 18398785629, "end": 18398785641}
      }
     },
     "maxRSS": {
      "post": 13784,
      "pre": 13784
     },
     "non-recursive-rule": {
      "@poscopy_1.q.{ff}(x,y) :- \n   @magic.@poscopy_1.q.{ff}(),\n   base(x,y).": {
       "atom-frequency": {
        "@poscopy_1.q.{ff}(x,y) :- \n   @magic.@poscopy_1.q.{ff}(),\n   base(x,y).": {
         "base": {
          "level": 1,
          "num-tuples": 0
         }
        }
       },
       "maxRSS": {
        "post": 13784,
        "pre": 13784
       },
       "num-tuples": 30,
       "runtime": { "start": 18398785244, "end": 18398785248},
       "source-locator": " [1:1-1:1]"
      }
     },
     "num-tuples": 30,
     "runtime": { "start": 18398785243, "end": 18398785254},
     "source-locator": " [1:1-1:1]"
    },
    "base": {
     "loadtime": { "start": 18398784969, "end": 18398785082},
     "num-tuples": 30,
     "reads": 0,
     "source-locator": "/root/compiler/tests/corpus/CONE_CORPUS/cc_cone_only.dl [42:7-42:11]"
    },
    "blocked": {
     "loadtime": { "start": 18398785089, "end": 18398785117},
     "num-tuples": 2,
     "reads": 199,
     "source-locator": "/root/compiler/tests/corpus/CONE_CORPUS/cc_cone_only.dl [44:7-44:14]"
    },
    "e": {
     "loadtime": { "start": 18398785124, "end": 18398785145},
     "num-tuples": 31,
     "reads": 1,
     "source-locator": "/root/compiler/tests/corpus/CONE_CORPUS/cc_cone_only.dl [43:7-43:8]"
    },
    "gate.{b}": {
     "maxRSS": {
      "post": 13784,
      "pre": 13784
     },
     "non-recursive-rule": {
      "gate.{b}(x) :- \n   @magic.gate.{b}(x),\n   gate.{f}(y),\n   gate_edge(y,x).": {
       "atom-frequency": {
        "gate.{b}(x) :- \n   @magic.gate.{b}(x),\n   gate.{f}(y),\n   gate_edge(y,x).": {
         "@magic.gate.{b}": {
          "level": 0,
          "num-tuples": 0
         },
         "gate.{f}": {
          "level": 1,
          "num-tuples": 0
         }
        }
       },
       "maxRSS": {
        "post": 13784,
        "pre": 13784
       },
       "num-tuples": 1,
       "runtime": { "start": 18398785936, "end": 18398785939},
       "source-locator": " [1:1-1:1]"
      },
      "gate.{b}(x) :- \n   @magic.gate.{b}(x),\n   gate_seed(x).": {
       "atom-frequency": {
        "gate.{b}(x) :- \n   @magic.gate.{b}(x),\n   gate_seed(x).": {
         "@magic.gate.{b}": {
          "level": 0,
          "num-tuples": 0
         }
        }
       },
       "maxRSS": {
        "post": 13784,
        "pre": 13784
       },
       "num-tuples": 0,
       "runtime": { "start": 18398785928, "end": 18398785929},
       "source-locator": " [1:1-1:1]"
      }
     },
     "num-tuples": 1,
     "reads": 1,
     "runtime": { "start": 18398785924, "end": 18398785946},
     "source-locator": " [1:1-1:1]"
    },
    "gate.{f}": {
     "iteration": {
      "0": {
       "copytime": { "start": 18398785785, "end": 18398785786},
       "maxRSS": {
        "post": 13784,
        "pre": 13784
       },
       "num-tuples": 5,
       "recursive-rule": {
        "gate.{f}(x) :- \n   @magic.gate.{f}(),\n   gate.{f}(y),\n   gate_edge(y,x).": {
         "0": {
          "atom-frequency": {
           "@new_gate.{f}(x) :- \n   @magic.gate.{f}(),\n   @delta_gate.{f}(y),\n   gate_edge(y,x).": {
            "@delta_gate.{f}": {
             "level": 1,
             "num-tuples": 0
            },
            "gate_edge": {
             "level": 2,
             "num-tuples": 0
            }
           }
          },
          "maxRSS": {
           "post": 13784,
           "pre": 13784
          },
          "num-tuples": 5,
          "runtime": { "start": 18398785754, "end": 18398785756},
          "source-locator": " [1:1-1:1]"
         }
        }
       },
       "runtime": { "start": 18398785743, "end": 18398785765}
      },
      "1": {
       "copytime": { "start": 18398785805, "end": 18398785806},
       "maxRSS": {
        "post": 13784,
        "pre": 13784
       },
       "num-tuples": 2,
       "recursive-rule": {
        "gate.{f}(x) :- \n   @magic.gate.{f}(),\n   gate.{f}(y),\n   gate_edge(y,x).": {
         "0": {
          "maxRSS": {
           "post": 13784,
           "pre": 13784
          },
          "num-tuples": 2,
          "runtime": { "start": 18398785790, "end": 18398785792},
          "source-locator": " [1:1-1:1]"
         }
        }
       },
       "runtime": { "start": 18398785790, "end": 18398785799}
      },
      "2": {
       "copytime": { "start": 18398785825, "end": 18398785826},
       "maxRSS": {
        "post": 13784,
        "pre": 13784
       },
       "num-tuples": 2,
       "recursive-rule": {
        "gate.{f}(x) :- \n   @magic.gate.{f}(),\n   gate.{f}(y),\n   gate_edge(y,x).": {
         "0": {
          "maxRSS": {
           "post": 13784,
           "pre": 13784
          },
          "num-tuples": 2,
          "runtime": { "start": 18398785809, "end": 18398785810},
          "source-locator": " [1:1-1:1]"
         }
        }
       },
       "runtime": { "start": 18398785808, "end": 18398785817}
      },
      "3": {
       "copytime": { "start": 18398785847, "end": 18398785848},
       "maxRSS": {
        "post": 13784,
        "pre": 13784
       },
       "num-tuples": 1,
       "recursive-rule": {
        "gate.{f}(x) :- \n   @magic.gate.{f}(),\n   gate.{f}(y),\n   gate_edge(y,x).": {
         "0": {
          "maxRSS": {
           "post": 13784,
           "pre": 13784
          },
          "num-tuples": 1,
          "runtime": { "start": 18398785830, "end": 18398785832},
          "source-locator": " [1:1-1:1]"
         }
        }
       },
       "runtime": { "start": 18398785830, "end": 18398785839}
      },
      "4": {
       "copytime": { "start": 18398785882, "end": 18398785883},
       "maxRSS": {
        "post": 13784,
        "pre": 13784
       },
       "num-tuples": 1,
       "recursive-rule": {
        "gate.{f}(x) :- \n   @magic.gate.{f}(),\n   gate.{f}(y),\n   gate_edge(y,x).": {
         "0": {
          "maxRSS": {
           "post": 13784,
           "pre": 13784
          },
          "num-tuples": 1,
          "runtime": { "start": 18398785851, "end": 18398785852},
          "source-locator": " [1:1-1:1]"
         }
        }
       },
       "runtime": { "start": 18398785851, "end": 18398785859}
      },
      "5": {
       "copytime": { "start": 18398785903, "end": 18398785904},
       "maxRSS": {
        "post": 13784,
        "pre": 13784
       },
       "num-tuples": 1,
       "recursive-rule": {
        "gate.{f}(x) :- \n   @magic.gate.{f}(),\n   gate.{f}(y),\n   gate_edge(y,x).": {
         "0": {
          "maxRSS": {
           "post": 13784,
           "pre": 13784
          },
          "num-tuples": 1,
          "runtime": { "start": 18398785887, "end": 18398785889},
          "source-locator": " [1:1-1:1]"
         }
        }
       },
       "runtime": { "start": 18398785887, "end": 18398785896}
      },
      "6": {
       "maxRSS": {
        "post": 13784,
        "pre": 13784
       },
       "num-tuples": 0,
       "recursive-rule": {
        "gate.{f}(x) :- \n   @magic.gate.{f}(),\n   gate.{f}(y),\n   gate_edge(y,x).": {
         "0": {
          "maxRSS": {
           "post": 13784,
           "pre": 13784
          },
          "num-tuples": 0,
          "runtime": { "start": 18398785907, "end": 18398785908},
          "source-locator": " [1:1-1:1]"
         }
        }
       },
       "runtime": { "start": 18398785906, "end": 18398785915}
      }
     },
     "maxRSS": {
      "post": 13784,
      "pre": 13784
     },
     "non-recursive-rule": {
      "gate.{f}(x) :- \n   @magic.gate.{f}(),\n   gate_seed(x).": {
       "atom-frequency": {
        "gate.{f}(x) :- \n   @magic.gate.{f}(),\n   gate_seed(x).": {
         "gate_seed": {
          "level": 1,
          "num-tuples": 0
         }
        }
       },
       "maxRSS": {
        "post": 13784,
        "pre": 13784
       },
       "num-tuples": 3,
       "runtime": { "start": 18398785728, "end": 18398785729},
       "source-locator": " [1:1-1:1]"
      }
     },
     "num-tuples": 3,
     "reads": 16,
     "runtime": { "start": 18398785710, "end": 18398785738},
     "source-locator": " [1:1-1:1]"
    },
    "gate_edge": {
     "loadtime": { "start": 18398785150, "end": 18398785176},
     "num-tuples": 20,
     "reads": 12,
     "source-locator": "/root/compiler/tests/corpus/CONE_CORPUS/cc_cone_only.dl [46:7-46:16]"
    },
    "gate_seed": {
     "loadtime": { "start": 18398785183, "end": 18398785205},
     "num-tuples": 3,
     "reads": 1,
     "source-locator": "/root/compiler/tests/corpus/CONE_CORPUS/cc_cone_only.dl [45:7-45:16]"
    },
    "out": {
     "maxRSS": {
      "post": 13784,
      "pre": 13784
     },
     "non-recursive-rule": {
      "out(y) :- \n   p.{bf}(@abdul0,y),\n   @abdul0 = 1.": {
       "atom-frequency": {
        "out(y) :- \n   p.{bf}(@abdul0,y),\n   @abdul0 = 1.": {
         "p.{bf}": {
          "level": 0,
          "num-tuples": 0
         }
        }
       },
       "maxRSS": {
        "post": 13784,
        "pre": 13784
       },
       "num-tuples": 1,
       "runtime": { "start": 18398786967, "end": 18398786968},
       "source-locator": " [1:1-1:1]"
      }
     },
     "num-tuples": 1,
     "reads": 0,
     "runtime": { "start": 18398786957, "end": 18398786976},
     "savetime": { "start": 18398786981, "end": 18398787089},
     "source-locator": "/root/compiler/tests/corpus/CONE_CORPUS/cc_cone_only.dl [63:7-63:10]"
    },
    "p.{bf}": {
     "iteration": {
      "0": {
       "copytime": { "start": 18398786072, "end": 18398786073},
       "maxRSS": {
        "post": 13784,
        "pre": 13784
       },
       "num-tuples": 0,
       "recursive-rule": {
        "p.{bf}(x,y) :- \n   @magic.p.{bf}(x),\n   p.{bf}(x,z),\n   !@neglabel.s(z),\n   q.{bf}(z,y).": {
         "0": {
          "atom-frequency": {
           "@new_p.{bf}(x,y) :- \n   @magic.p.{bf}(x),\n   @delta_p.{bf}(x,z),\n   !@neglabel.s(z),\n   q.{bf}(z,y).": {
            "@delta_p.{bf}": {
             "level": 1,
             "num-tuples": 0
            },
            "@magic.p.{bf}": {
             "level": 0,
             "num-tuples": 0
            },
            "q.{bf}": {
             "level": 2,
             "num-tuples": 0
            }
           }
          },
          "maxRSS": {
           "post": 13784,
           "pre": 13784
          },
          "num-tuples": 0,
          "runtime": { "start": 18398786018, "end": 18398786019},
          "source-locator": " [1:1-1:1]"
         },
         "1": {
          "atom-frequency": {
           "@new_p.{bf}(x,y) :- \n   @magic.p.{bf}(x),\n   p.{bf}(x,z),\n   !@neglabel.s(z),\n   @delta_q.{bf}(z,y).": {
            "@delta_q.{bf}": {
             "level": 2,
             "num-tuples": 0
            },
            "@magic.p.{bf}": {
             "level": 0,
             "num-tuples": 0
            },
            "p.{bf}": {
             "level": 1,
             "num-tuples": 0
            }
           }
          },
          "maxRSS": {
           "post": 13784,
           "pre": 13784
          },
          "num-tuples": 0,
          "runtime": { "start": 18398786025, "end": 18398786026},
          "source-locator": " [1:1-1:1]"
         }
        }
       },
       "runtime": { "start": 18398786017, "end": 18398786031}
      },
      "1": {
       "copytime": { "start": 18398786197, "end": 18398786198},
       "maxRSS": {
        "post": 13784,
        "pre": 13784
       },
       "num-tuples": 0,
       "recursive-rule": {
        "p.{bf}(x,y) :- \n   @magic.p.{bf}(x),\n   p.{bf}(x,z),\n   !@neglabel.s(z),\n   q.{bf}(z,y).": {
         "0": {
          "maxRSS": {
           "post": 13784,
           "pre": 13784
          },
          "num-tuples": 0,
          "runtime": { "start": 18398786106, "end": 18398786107},
          "source-locator": " [1:1-1:1]"
         },
         "1": {
          "maxRSS": {
           "post": 13784,
           "pre": 13784
          },
          "num-tuples": 0,
          "runtime": { "start": 18398786118, "end": 18398786119},
          "source-locator": " [1:1-1:1]"
         }
        }
       },
       "runtime": { "start": 18398786092, "end": 18398786128}
      },
      "2": {
       "copytime": { "start": 18398786306, "end": 18398786307},
       "maxRSS": {
        "post": 13784,
        "pre": 13784
       },
       "num-tuples": 0,
       "recursive-rule": {
        "p.{bf}(x,y) :- \n   @magic.p.{bf}(x),\n   p.{bf}(x,z),\n   !@neglabel.s(z),\n   q.{bf}(z,y).": {
         "0": {
          "maxRSS": {
           "post": 13784,
           "pre": 13784
          },
          "num-tuples": 0,
          "runtime": { "start": 18398786225, "end": 18398786226},
          "source-locator": " [1:1-1:1]"
         },
         "1": {
          "maxRSS": {
           "post": 13784,
           "pre": 13784
          },
          "num-tuples": 0,
          "runtime": { "start": 18398786233, "end": 18398786236},
          "source-locator": " [1:1-1:1]"
         }
        }
       },
       "runtime": { "start": 18398786215, "end": 18398786241}
      },
      "3": {
       "copytime": { "start": 18398786444, "end": 18398786447},
       "maxRSS": {
        "post": 13784,
        "pre": 13784
       },
       "num-tuples": 0,
       "recursive-rule": {
        "p.{bf}(x,y) :- \n   @magic.p.{bf}(x),\n   p.{bf}(x,z),\n   !@neglabel.s(z),\n   q.{bf}(z,y).": {
         "0": {
          "maxRSS": {
           "post": 13784,
           "pre": 13784
          },
          "num-tuples": 0,
          "runtime": { "start": 18398786341, "end": 18398786341},
          "source-locator": " [1:1-1:1]"
         },
         "1": {
          "maxRSS": {
           "post": 13784,
           "pre": 13784
          },
          "num-tuples": 0,
          "runtime": { "start": 18398786351, "end": 18398786362},
          "source-locator": " [1:1-1:1]"
         }
        }
       },
       "runtime": { "start": 18398786328, "end": 18398786371}
      },
      "4": {
       "copytime": { "start": 18398786658, "end": 18398786660},
       "maxRSS": {
        "post": 13784,
        "pre": 13784
       },
       "num-tuples": 0,
       "recursive-rule": {
        "p.{bf}(x,y) :- \n   @magic.p.{bf}(x),\n   p.{bf}(x,z),\n   !@neglabel.s(z),\n   q.{bf}(z,y).": {
         "0": {
          "maxRSS": {
           "post": 13784,
           "pre": 13784
          },
          "num-tuples": 0,
          "runtime": { "start": 18398786486, "end": 18398786487},
          "source-locator": " [1:1-1:1]"
         },
         "1": {
          "maxRSS": {
           "post": 13784,
           "pre": 13784
          },
          "num-tuples": 0,
          "runtime": { "start": 18398786498, "end": 18398786513},
          "source-locator": " [1:1-1:1]"
         }
        }
       },
       "runtime": { "start": 18398786472, "end": 18398786536}
      },
      "5": {
       "copytime": { "start": 18398786811, "end": 18398786822},
       "maxRSS": {
        "post": 13784,
        "pre": 13784
       },
       "num-tuples": 0,
       "recursive-rule": {
        "p.{bf}(x,y) :- \n   @magic.p.{bf}(x),\n   p.{bf}(x,z),\n   !@neglabel.s(z),\n   q.{bf}(z,y).": {
         "0": {
          "maxRSS": {
           "post": 13784,
           "pre": 13784
          },
          "num-tuples": 0,
          "runtime": { "start": 18398786713, "end": 18398786714},
          "source-locator": " [1:1-1:1]"
         },
         "1": {
          "maxRSS": {
           "post": 13784,
           "pre": 13784
          },
          "num-tuples": 0,
          "runtime": { "start": 18398786727, "end": 18398786729},
          "source-locator": " [1:1-1:1]"
         }
        }
       },
       "runtime": { "start": 18398786699, "end": 18398786736}
      },
      "6": {
       "maxRSS": {
        "post": 13784,
        "pre": 13784
       },
       "num-tuples": 0,
       "recursive-rule": {
        "p.{bf}(x,y) :- \n   @magic.p.{bf}(x),\n   p.{bf}(x,z),\n   !@neglabel.s(z),\n   q.{bf}(z,y).": {
         "0": {
          "maxRSS": {
           "post": 13784,
           "pre": 13784
          },
          "num-tuples": 0,
          "runtime": { "start": 18398786853, "end": 18398786854},
          "source-locator": " [1:1-1:1]"
         },
         "1": {
          "maxRSS": {
           "post": 13784,
           "pre": 13784
          },
          "num-tuples": 0,
          "runtime": { "start": 18398786863, "end": 18398786864},
          "source-locator": " [1:1-1:1]"
         }
        }
       },
       "runtime": { "start": 18398786843, "end": 18398786873}
      }
     },
     "maxRSS": {
      "post": 13784,
      "pre": 13784
     },
     "non-recursive-rule": {
      "p.{bf}(x,y) :- \n   @magic.p.{bf}(x),\n   e(x,y),\n   gate.{b}(x).": {
       "atom-frequency": {
        "p.{bf}(x,y) :- \n   @magic.p.{bf}(x),\n   e(x,y),\n   gate.{b}(x).": {
         "@magic.p.{bf}": {
          "level": 0,
          "num-tuples": 0
         },
         "e": {
          "level": 2,
          "num-tuples": 0
         }
        }
       },
       "maxRSS": {
        "post": 13784,
        "pre": 13784
       },
       "num-tuples": 1,
       "runtime": { "start": 18398785970, "end": 18398785973},
       "source-locator": " [1:1-1:1]"
      }
     },
     "num-tuples": 1,
     "reads": 0,
     "runtime": { "start": 18398785955, "end": 18398785983},
     "source-locator": " [1:1-1:1]"
    },
    "q.{bf}": {
     "iteration": {
      "0": {
       "copytime": { "start": 18398786075, "end": 18398786077},
       "maxRSS": {
        "post": 13784,
        "pre": 13784
       },
       "num-tuples": 0,
       "recursive-rule": {
        "q.{bf}(x,y) :- \n   @magic.q.{bf}(x),\n   base(x,y).": {
         "0": {
          "atom-frequency": {
           "@new_q.{bf}(x,y) :- \n   @delta_@magic.q.{bf}(x),\n   base(x,y).": {
            "@delta_@magic.q.{bf}": {
             "level": 0,
             "num-tuples": 0
            },
            "base": {
             "level": 1,
             "num-tuples": 0
            }
           }
          },
          "maxRSS": {
           "post": 13784,
           "pre": 13784
          },
          "num-tuples": 0,
          "runtime": { "start": 18398786036, "end": 18398786037},
          "source-locator": " [1:1-1:1]"
         }
        },
        "q.{bf}(x,y) :- \n   @magic.q.{bf}(x),\n   q.{bf}(x,z),\n   base(z,y).": {
         "0": {
          "atom-frequency": {
           "@new_q.{bf}(x,y) :- \n   @delta_@magic.q.{bf}(x),\n   q.{bf}(x,z),\n   base(z,y).": {
            "@delta_@magic.q.{bf}": {
             "level": 0,
             "num-tuples": 0
            },
            "base": {
             "level": 2,
             "num-tuples": 0
            },
            "q.{bf}": {
             "level": 1,
             "num-tuples": 0
            }
           }
          },
          "maxRSS": {
           "post": 13784,
           "pre": 13784
          },
          "num-tuples": 0,
          "runtime": { "start": 18398786041, "end": 18398786042},
          "source-locator": " [1:1-1:1]"
         },
         "1": {
          "atom-frequency": {
           "@new_q.{bf}(x,y) :- \n   @magic.q.{bf}(x),\n   @delta_q.{bf}(x,z),\n   base(z,y).": {
            "@delta_q.{bf}": {
             "level": 1,
             "num-tuples": 0
            },
            "@magic.q.{bf}": {
             "level": 0,
             "num-tuples": 0
            },
            "base": {
             "level": 2,
             "num-tuples": 0
            }
           }
          },
          "maxRSS": {
           "post": 13784,
           "pre": 13784
          },
          "num-tuples": 0,
          "runtime": { "start": 18398786047, "end": 18398786048},
          "source-locator": " [1:1-1:1]"
         }
        }
       },
       "runtime": { "start": 18398786035, "end": 18398786052}
      },
      "1": {
       "copytime": { "start": 18398786199, "end": 18398786200},
       "maxRSS": {
        "post": 13784,
        "pre": 13784
       },
       "num-tuples": 1,
       "recursive-rule": {
        "q.{bf}(x,y) :- \n   @magic.q.{bf}(x),\n   base(x,y).": {
         "0": {
          "maxRSS": {
           "post": 13784,
           "pre": 13784
          },
          "num-tuples": 1,
          "runtime": { "start": 18398786133, "end": 18398786135},
          "source-locator": " [1:1-1:1]"
         }
        },
        "q.{bf}(x,y) :- \n   @magic.q.{bf}(x),\n   q.{bf}(x,z),\n   base(z,y).": {
         "0": {
          "maxRSS": {
           "post": 13784,
           "pre": 13784
          },
          "num-tuples": 0,
          "runtime": { "start": 18398786140, "end": 18398786151},
          "source-locator": " [1:1-1:1]"
         },
         "1": {
          "maxRSS": {
           "post": 13784,
           "pre": 13784
          },
          "num-tuples": 0,
          "runtime": { "start": 18398786162, "end": 18398786163},
          "source-locator": " [1:1-1:1]"
         }
        }
       },
       "runtime": { "start": 18398786133, "end": 18398786168}
      },
      "2": {
       "copytime": { "start": 18398786311, "end": 18398786312},
       "maxRSS": {
        "post": 13784,
        "pre": 13784
       },
       "num-tuples": 4,
       "recursive-rule": {
        "q.{bf}(x,y) :- \n   @magic.q.{bf}(x),\n   base(x,y).": {
         "0": {
          "maxRSS": {
           "post": 13784,
           "pre": 13784
          },
          "num-tuples": 0,
          "runtime": { "start": 18398786246, "end": 18398786246},
          "source-locator": " [1:1-1:1]"
         }
        },
        "q.{bf}(x,y) :- \n   @magic.q.{bf}(x),\n   q.{bf}(x,z),\n   base(z,y).": {
         "0": {
          "maxRSS": {
           "post": 13784,
           "pre": 13784
          },
          "num-tuples": 0,
          "runtime": { "start": 18398786251, "end": 18398786252},
          "source-locator": " [1:1-1:1]"
         },
         "1": {
          "maxRSS": {
           "post": 13784,
           "pre": 13784
          },
          "num-tuples": 4,
          "runtime": { "start": 18398786258, "end": 18398786261},
          "source-locator": " [1:1-1:1]"
         }
        }
       },
       "runtime": { "start": 18398786245, "end": 18398786265}
      },
      "3": {
       "copytime": { "start": 18398786450, "end": 18398786452},
       "maxRSS": {
        "post": 13784,
        "pre": 13784
       },
       "num-tuples": 6,
       "recursive-rule": {
        "q.{bf}(x,y) :- \n   @magic.q.{bf}(x),\n   base(x,y).": {
         "0": {
          "maxRSS": {
           "post": 13784,
           "pre": 13784
          },
          "num-tuples": 0,
          "runtime": { "start": 18398786375, "end": 18398786376},
          "source-locator": " [1:1-1:1]"
         }
        },
        "q.{bf}(x,y) :- \n   @magic.q.{bf}(x),\n   q.{bf}(x,z),\n   base(z,y).": {
         "0": {
          "maxRSS": {
           "post": 13784,
           "pre": 13784
          },
          "num-tuples": 0,
          "runtime": { "start": 18398786382, "end": 18398786383},
          "source-locator": " [1:1-1:1]"
         },
         "1": {
          "maxRSS": {
           "post": 13784,
           "pre": 13784
          },
          "num-tuples": 6,
          "runtime": { "start": 18398786388, "end": 18398786392},
          "source-locator": " [1:1-1:1]"
         }
        }
       },
       "runtime": { "start": 18398786375, "end": 18398786398}
      },
      "4": {
       "copytime": { "start": 18398786664, "end": 18398786667},
       "maxRSS": {
        "post": 13784,
        "pre": 13784
       },
       "num-tuples": 4,
       "recursive-rule": {
        "q.{bf}(x,y) :- \n   @magic.q.{bf}(x),\n   base(x,y).": {
         "0": {
          "maxRSS": {
           "post": 13784,
           "pre": 13784
          },
          "num-tuples": 0,
          "runtime": { "start": 18398786554, "end": 18398786555},
          "source-locator": " [1:1-1:1]"
         }
        },
        "q.{bf}(x,y) :- \n   @magic.q.{bf}(x),\n   q.{bf}(x,z),\n   base(z,y).": {
         "0": {
          "maxRSS": {
           "post": 13784,
           "pre": 13784
          },
          "num-tuples": 0,
          "runtime": { "start": 18398786567, "end": 18398786569},
          "source-locator": " [1:1-1:1]"
         },
         "1": {
          "maxRSS": {
           "post": 13784,
           "pre": 13784
          },
          "num-tuples": 4,
          "runtime": { "start": 18398786575, "end": 18398786592},
          "source-locator": " [1:1-1:1]"
         }
        }
       },
       "runtime": { "start": 18398786540, "end": 18398786605}
      },
      "5": {
       "copytime": { "start": 18398786826, "end": 18398786827},
       "maxRSS": {
        "post": 13784,
        "pre": 13784
       },
       "num-tuples": 1,
       "recursive-rule": {
        "q.{bf}(x,y) :- \n   @magic.q.{bf}(x),\n   base(x,y).": {
         "0": {
          "maxRSS": {
           "post": 13784,
           "pre": 13784
          },
          "num-tuples": 0,
          "runtime": { "start": 18398786756, "end": 18398786757},
          "source-locator": " [1:1-1:1]"
         }
        },
        "q.{bf}(x,y) :- \n   @magic.q.{bf}(x),\n   q.{bf}(x,z),\n   base(z,y).": {
         "0": {
          "maxRSS": {
           "post": 13784,
           "pre": 13784
          },
          "num-tuples": 0,
          "runtime": { "start": 18398786765, "end": 18398786765},
          "source-locator": " [1:1-1:1]"
         },
         "1": {
          "maxRSS": {
           "post": 13784,
           "pre": 13784
          },
          "num-tuples": 1,
          "runtime": { "start": 18398786772, "end": 18398786775},
          "source-locator": " [1:1-1:1]"
         }
        }
       },
       "runtime": { "start": 18398786743, "end": 18398786781}
      },
      "6": {
       "maxRSS": {
        "post": 13784,
        "pre": 13784
       },
       "num-tuples": 0,
       "recursive-rule": {
        "q.{bf}(x,y) :- \n   @magic.q.{bf}(x),\n   base(x,y).": {
         "0": {
          "maxRSS": {
           "post": 13784,
           "pre": 13784
          },
          "num-tuples": 0,
          "runtime": { "start": 18398786892, "end": 18398786893},
          "source-locator": " [1:1-1:1]"
         }
        },
        "q.{bf}(x,y) :- \n   @magic.q.{bf}(x),\n   q.{bf}(x,z),\n   base(z,y).": {
         "0": {
          "maxRSS": {
           "post": 13784,
           "pre": 13784
          },
          "num-tuples": 0,
          "runtime": { "start": 18398786901, "end": 18398786912},
          "source-locator": " [1:1-1:1]"
         },
         "1": {
          "maxRSS": {
           "post": 13784,
           "pre": 13784
          },
          "num-tuples": 0,
          "runtime": { "start": 18398786920, "end": 18398786922},
          "source-locator": " [1:1-1:1]"
         }
        }
       },
       "runtime": { "start": 18398786879, "end": 18398786927}
      }
     },
     "num-tuples": 0,
     "reads": 28,
     "source-locator": " [1:1-1:1]"
    }
   },
   "runtime": { "start": 18398784912, "end": 18398787095},
   "starttime": { "time": 18398784848},
   "usage": {
    "timepoint": {
     "18398784885": {
      "maxRSS": 13784,
      "systemtime": 0,
      "usertime": 5119
     },
     "18398784924": {
      "maxRSS": 13784,
      "systemtime": 0,
      "usertime": 6074
     },
     "18398784963": {
      "maxRSS": 13784,
      "systemtime": 0,
      "usertime": 6115
     },
     "18398784975": {
      "maxRSS": 13784,
      "systemtime": 0,
      "usertime": 6135
     },
     "18398785116": {
      "maxRSS": 13784,
      "systemtime": 0,
      "usertime": 6295
     },
     "18398785129": {
      "maxRSS": 13784,
      "systemtime": 0,
      "usertime": 6316
     },
     "18398785170": {
      "maxRSS": 13784,
      "systemtime": 0,
      "usertime": 6353
     },
     "18398785201": {
      "maxRSS": 13784,
      "systemtime": 0,
      "usertime": 6399
     },
     "18398785236": {
      "maxRSS": 13784,
      "systemtime": 0,
      "usertime": 6463
     },
     "18398785245": {
      "maxRSS": 13784,
      "systemtime": 0,
      "usertime": 6484
     },
     "18398785289": {
      "maxRSS": 13784,
      "systemtime": 0,
      "usertime": 6517
     },
     "18398785329": {
      "maxRSS": 13784,
      "systemtime": 0,
      "usertime": 6577
     },
     "18398785364": {
      "maxRSS": 13784,
      "systemtime": 0,
      "usertime": 6617
     },
     "18398785412": {
      "maxRSS": 13784,
      "systemtime": 0,
      "usertime": 6683
     },
     "18398785461": {
      "maxRSS": 13784,
      "systemtime": 0,
      "usertime": 6747
     },
     "18398785485": {
      "maxRSS": 13784,
      "systemtime": 0,
      "usertime": 6774
     },
     "18398785513": {
      "maxRSS": 13784,
      "systemtime": 0,
      "usertime": 6813
     },
     "18398785539": {
      "maxRSS": 13784,
      "systemtime": 0,
      "usertime": 6849
     },
     "18398785567": {
      "maxRSS": 13784,
      "systemtime": 0,
      "usertime": 6884
     },
     "18398785589": {
      "maxRSS": 13784,
      "systemtime": 0,
      "usertime": 6913
     },
     "18398785627": {
      "maxRSS": 13784,
      "systemtime": 0,
      "usertime": 6965
     },
     "18398785660": {
      "maxRSS": 13784,
      "systemtime": 0,
      "usertime": 7007
     },
     "18398785696": {
      "maxRSS": 13784,
      "systemtime": 0,
      "usertime": 7057
     },
     "18398785733": {
      "maxRSS": 13784,
      "systemtime": 0,
      "usertime": 7098
     },
     "18398785759": {
      "maxRSS": 13784,
      "systemtime": 0,
      "usertime": 7132
     },
     "18398785817": {
      "maxRSS": 13784,
      "systemtime": 0,
      "usertime": 7212
     },
     "18398785848": {
      "maxRSS": 13784,
      "systemtime": 0,
      "usertime": 7268
     },
     "18398785911": {
      "maxRSS": 13784,
      "systemtime": 0,
      "usertime": 7346
     },
     "18398785932": {
      "maxRSS": 13784,
      "systemtime": 0,
      "usertime": 7382
     },
     "18398785938": {
      "maxRSS": 13784,
      "systemtime": 0,
      "usertime": 7395
     },
     "18398785981": {
      "maxRSS": 13784,
      "systemtime": 0,
      "usertime": 7443
     },
     "18398786028": {
      "maxRSS": 13784,
      "systemtime": 0,
      "usertime": 7517
     },
     "18398786052": {
      "maxRSS": 13784,
      "systemtime": 0,
      "usertime": 7567
     },
     "18398786068": {
      "maxRSS": 13784,
      "systemtime": 0,
      "usertime": 7593
     },
     "18398786084": {
      "maxRSS": 13784,
      "systemtime": 0,
      "usertime": 7618
     },
     "18398786125": {
      "maxRSS": 13784,
      "systemtime": 0,
      "usertime": 7672
     },
     "18398786159": {
      "maxRSS": 13784,
      "systemtime": 0,
      "usertime": 7720
     },
     "18398786191": {
      "maxRSS": 13784,
      "systemtime": 0,
      "usertime": 7772
     },
     "18398786208": {
      "maxRSS": 13784,
      "systemtime": 0,
      "usertime": 7799
     },
     "18398786238": {
      "maxRSS": 13784,
      "systemtime": 0,
      "usertime": 7839
     },
     "18398786247": {
      "maxRSS": 13784,
      "systemtime": 0,
      "usertime": 7858
     },
     "18398786254": {
      "maxRSS": 13784,
      "systemtime": 0,
      "usertime": 7870
     },
     "18398786260": {
      "maxRSS": 13784,
      "systemtime": 0,
      "usertime": 7881
     },
     "18398786285": {
      "maxRSS": 13784,
      "systemtime": 0,
      "usertime": 7913
     },
     "18398786307": {
      "maxRSS": 13784,
      "systemtime": 0,
      "usertime": 7945
     },
     "18398786346": {
      "maxRSS": 13784,
      "systemtime": 0,
      "usertime": 7995
     },
     "18398786385": {
      "maxRSS": 13784,
      "systemtime": 0,
      "usertime": 8054
     },
     "18398786431": {
      "maxRSS": 13784,
      "systemtime": 0,
      "usertime": 8118
     },
     "18398786439": {
      "maxRSS": 13784,
      "systemtime": 0,
      "usertime": 8137
     },
     "18398786451": {
      "maxRSS": 13784,
      "systemtime": 0,
      "usertime": 8155
     },
     "18398786462": {
      "maxRSS": 13784,
      "systemtime": 0,
      "usertime": 8171
     },
     "18398786490": {
      "maxRSS": 13784,
      "systemtime": 0,
      "usertime": 8209
     },
     "18398786517": {
      "maxRSS": 13784,
      "systemtime": 0,
      "usertime": 8246
     },
     "18398786561": {
      "maxRSS": 13784,
      "systemtime": 0,
      "usertime": 8298
     },
     "18398786570": {
      "maxRSS": 13784,
      "systemtime": 0,
      "usertime": 8321
     },
     "18398786595": {
      "maxRSS": 13784,
      "systemtime": 0,
      "usertime": 8351
     },
     "18398786628": {
      "maxRSS": 13784,
      "systemtime": 0,
      "usertime": 8392
     },
     "18398786659": {
      "maxRSS": 13784,
      "systemtime": 0,
      "usertime": 8444
     },
     "18398786665": {
      "maxRSS": 13784,
      "systemtime": 0,
      "usertime": 8455
     },
     "18398786689": {
      "maxRSS": 13784,
      "systemtime": 0,
      "usertime": 8483
     },
     "18398786721": {
      "maxRSS": 13784,
      "systemtime": 0,
      "usertime": 8522
     },
     "18398786730": {
      "maxRSS": 13784,
      "systemtime": 0,
      "usertime": 8545
     },
     "18398786766": {
      "maxRSS": 13784,
      "systemtime": 0,
      "usertime": 8593
     },
     "18398786800": {
      "maxRSS": 13784,
      "systemtime": 0,
      "usertime": 8642
     },
     "18398786806": {
      "maxRSS": 13784,
      "systemtime": 0,
      "usertime": 8654
     },
     "18398786830": {
      "maxRSS": 13784,
      "systemtime": 0,
      "usertime": 8685
     },
     "18398786859": {
      "maxRSS": 13784,
      "systemtime": 0,
      "usertime": 8721
     },
     "18398786865": {
      "maxRSS": 13784,
      "systemtime": 0,
      "usertime": 8738
     },
     "18398786894": {
      "maxRSS": 13784,
      "systemtime": 0,
      "usertime": 8773
     },
     "18398786917": {
      "maxRSS": 13784,
      "systemtime": 0,
      "usertime": 8799
     },
     "18398786950": {
      "maxRSS": 13784,
      "systemtime": 0,
      "usertime": 8845
     },
     "18398786974": {
      "maxRSS": 13784,
      "systemtime": 0,
      "usertime": 8874
     },
     "18398787017": {
      "maxRSS": 13784,
      "systemtime": 0,
      "usertime": 8903
     }
    }
   }
  }
 }
}
