{
 "root": {
  "program": {
   "configuration": {
    "": "/root/compiler/tests/corpus/BENCHMARK_FAMILY/reachability_complement.dl",
    "fact-dir": "/root/compiler/fixtures/p2-scale-500",
    "include-dir": ".",
    "jobs": "1",
    "libraries": "functors",
    "library-dir": ".",
    "output-dir": "/root/compiler/measurements/m3-5-headline/family/reachability_complement/n500/none",
    "profile": "prof.log",
    "relationCount": "5",
    "ruleCount": "6",
    "version": "2.5",
    "warn": "all",
    "wno": "none"
   },
   "relation": {
    "edge": {
     "loadtime": { "start": 29334689525, "end": 29334690907},
     "num-tuples": 1000,
     "reads": 0,
     "source-locator": "/root/compiler/tests/corpus/BENCHMARK_FAMILY/reachability_complement.dl [16:7-16:11]"
    },
    "node": {
     "loadtime": { "start": 29334690918, "end": 29334691303},
     "num-tuples": 500,
     "reads": 0,
     "source-locator": "/root/compiler/tests/corpus/BENCHMARK_FAMILY/reachability_complement.dl [18:7-18:11]"
    },
    "q_unreach": {
     "maxRSS": {
      "post": 18648,
      "pre": 18648
     },
     "non-recursive-rule": {
      "q_unreach(y) :- \n   unreach(1,y).": {
       "atom-frequency": {
        "q_unreach(y) :- \n   unreach(1,y).": {
         "unreach": {
          "level": 0,
          "num-tuples": 0
         }
        }
       },
       "maxRSS": {
        "post": 18648,
        "pre": 18648
       },
       "num-tuples": 93,
       "runtime": { "start": 29334795154, "end": 29334795163},
       "source-locator": "/root/compiler/tests/corpus/BENCHMARK_FAMILY/reachability_complement.dl [30:1-30:30]"
      }
     },
     "num-tuples": 93,
     "reads": 0,
     "runtime": { "start": 29334795135, "end": 29334795174},
     "savetime": { "start": 29334795179, "end": 29334795287},
     "source-locator": "/root/compiler/tests/corpus/BENCHMARK_FAMILY/reachability_complement.dl [28:7-28:16]"
    },
    "reach": {
     "iteration": {
      "0": {
       "copytime": { "start": 29334691888, "end": 29334692075},
       "maxRSS": {
        "post": 16368,
        "pre": 16368
       },
       "num-tuples": 2005,
       "recursive-rule": {
        "reach(x,y) :- \n   reach(x,z),\n   edge(z,y).": {
         "0": {
          "atom-frequency": {
           "@new_reach(x,y) :- \n   @delta_reach(x,z),\n   edge(z,y).": {
            "@delta_reach": {
             "level": 0,
             "num-tuples": 0
            },
            "edge": {
             "level": 1,
             "num-tuples": 0
            }
           }
          },
          "maxRSS": {
           "post": 16368,
           "pre": 16368
          },
          "num-tuples": 2005,
          "runtime": { "start": 29334691446, "end": 29334691852},
          "source-locator": "/root/compiler/tests/corpus/BENCHMARK_FAMILY/reachability_complement.dl [23:1-23:37]"
         }
        }
       },
       "runtime": { "start": 29334691435, "end": 29334691863}
      },
      "1": {
       "copytime": { "start": 29334692966, "end": 29334693295},
       "maxRSS": {
        "post": 16368,
        "pre": 16368
       },
       "num-tuples": 3871,
       "recursive-rule": {
        "reach(x,y) :- \n   reach(x,z),\n   edge(z,y).": {
         "0": {
          "maxRSS": {
           "post": 16368,
           "pre": 16368
          },
          "num-tuples": 3871,
          "runtime": { "start": 29334692093, "end": 29334692926},
          "source-locator": "/root/compiler/tests/corpus/BENCHMARK_FAMILY/reachability_complement.dl [23:1-23:37]"
         }
        }
       },
       "runtime": { "start": 29334692082, "end": 29334692938}
      },
      "10": {
       "copytime": { "start": 29334768091, "end": 29334768998},
       "maxRSS": {
        "post": 17240,
        "pre": 17240
       },
       "num-tuples": 7914,
       "recursive-rule": {
        "reach(x,y) :- \n   reach(x,z),\n   edge(z,y).": {
         "0": {
          "maxRSS": {
           "post": 17240,
           "pre": 17240
          },
          "num-tuples": 7914,
          "runtime": { "start": 29334763254, "end": 29334768048},
          "source-locator": "/root/compiler/tests/corpus/BENCHMARK_FAMILY/reachability_complement.dl [23:1-23:37]"
         }
        }
       },
       "runtime": { "start": 29334763237, "end": 29334768062}
      },
      "11": {
       "copytime": { "start": 29334772262, "end": 29334772878},
       "maxRSS": {
        "post": 17240,
        "pre": 17240
       },
       "num-tuples": 4715,
       "recursive-rule": {
        "reach(x,y) :- \n   reach(x,z),\n   edge(z,y).": {
         "0": {
          "maxRSS": {
           "post": 17240,
           "pre": 17240
          },
          "num-tuples": 4715,
          "runtime": { "start": 29334769019, "end": 29334772222},
          "source-locator": "/root/compiler/tests/corpus/BENCHMARK_FAMILY/reachability_complement.dl [23:1-23:37]"
         }
        }
       },
       "runtime": { "start": 29334769005, "end": 29334772236}
      },
      "12": {
       "copytime": { "start": 29334774829, "end": 29334775201},
       "maxRSS": {
        "post": 17240,
        "pre": 17240
       },
       "num-tuples": 2606,
       "recursive-rule": {
        "reach(x,y) :- \n   reach(x,z),\n   edge(z,y).": {
         "0": {
          "maxRSS": {
           "post": 17240,
           "pre": 17240
          },
          "num-tuples": 2606,
          "runtime": { "start": 29334772900, "end": 29334774792},
          "source-locator": "/root/compiler/tests/corpus/BENCHMARK_FAMILY/reachability_complement.dl [23:1-23:37]"
         }
        }
       },
       "runtime": { "start": 29334772885, "end": 29334774803}
      },
      "13": {
       "copytime": { "start": 29334776234, "end": 29334776433},
       "maxRSS": {
        "post": 17240,
        "pre": 17240
       },
       "num-tuples": 1559,
       "recursive-rule": {
        "reach(x,y) :- \n   reach(x,z),\n   edge(z,y).": {
         "0": {
          "maxRSS": {
           "post": 17240,
           "pre": 17240
          },
          "num-tuples": 1559,
          "runtime": { "start": 29334775220, "end": 29334776200},
          "source-locator": "/root/compiler/tests/corpus/BENCHMARK_FAMILY/reachability_complement.dl [23:1-23:37]"
         }
        }
       },
       "runtime": { "start": 29334775207, "end": 29334776211}
      },
      "14": {
       "copytime": { "start": 29334777069, "end": 29334777185},
       "maxRSS": {
        "post": 17240,
        "pre": 17240
       },
       "num-tuples": 1007,
       "recursive-rule": {
        "reach(x,y) :- \n   reach(x,z),\n   edge(z,y).": {
         "0": {
          "maxRSS": {
           "post": 17240,
           "pre": 17240
          },
          "num-tuples": 1007,
          "runtime": { "start": 29334776451, "end": 29334777035},
          "source-locator": "/root/compiler/tests/corpus/BENCHMARK_FAMILY/reachability_complement.dl [23:1-23:37]"
         }
        }
       },
       "runtime": { "start": 29334776438, "end": 29334777047}
      },
      "15": {
       "copytime": { "start": 29334777613, "end": 29334777692},
       "maxRSS": {
        "post": 17240,
        "pre": 17240
       },
       "num-tuples": 704,
       "recursive-rule": {
        "reach(x,y) :- \n   reach(x,z),\n   edge(z,y).": {
         "0": {
          "maxRSS": {
           "post": 17240,
           "pre": 17240
          },
          "num-tuples": 704,
          "runtime": { "start": 29334777201, "end": 29334777582},
          "source-locator": "/root/compiler/tests/corpus/BENCHMARK_FAMILY/reachability_complement.dl [23:1-23:37]"
         }
        }
       },
       "runtime": { "start": 29334777190, "end": 29334777592}
      },
      "16": {
       "copytime": { "start": 29334778006, "end": 29334778062},
       "maxRSS": {
        "post": 17240,
        "pre": 17240
       },
       "num-tuples": 510,
       "recursive-rule": {
        "reach(x,y) :- \n   reach(x,z),\n   edge(z,y).": {
         "0": {
          "maxRSS": {
           "post": 17240,
           "pre": 17240
          },
          "num-tuples": 510,
          "runtime": { "start": 29334777707, "end": 29334777975},
          "source-locator": "/root/compiler/tests/corpus/BENCHMARK_FAMILY/reachability_complement.dl [23:1-23:37]"
         }
        }
       },
       "runtime": { "start": 29334777696, "end": 29334777984}
      },
      "17": {
       "copytime": { "start": 29334778297, "end": 29334778334},
       "maxRSS": {
        "post": 17240,
        "pre": 17240
       },
       "num-tuples": 343,
       "recursive-rule": {
        "reach(x,y) :- \n   reach(x,z),\n   edge(z,y).": {
         "0": {
          "maxRSS": {
           "post": 17240,
           "pre": 17240
          },
          "num-tuples": 343,
          "runtime": { "start": 29334778078, "end": 29334778266},
          "source-locator": "/root/compiler/tests/corpus/BENCHMARK_FAMILY/reachability_complement.dl [23:1-23:37]"
         }
        }
       },
       "runtime": { "start": 29334778067, "end": 29334778276}
      },
      "18": {
       "copytime": { "start": 29334778505, "end": 29334778530},
       "maxRSS": {
        "post": 17240,
        "pre": 17240
       },
       "num-tuples": 216,
       "recursive-rule": {
        "reach(x,y) :- \n   reach(x,z),\n   edge(z,y).": {
         "0": {
          "maxRSS": {
           "post": 17240,
           "pre": 17240
          },
          "num-tuples": 216,
          "runtime": { "start": 29334778349, "end": 29334778476},
          "source-locator": "/root/compiler/tests/corpus/BENCHMARK_FAMILY/reachability_complement.dl [23:1-23:37]"
         }
        }
       },
       "runtime": { "start": 29334778338, "end": 29334778485}
      },
      "19": {
       "copytime": { "start": 29334778675, "end": 29334778690},
       "maxRSS": {
        "post": 17240,
        "pre": 17240
       },
       "num-tuples": 119,
       "recursive-rule": {
        "reach(x,y) :- \n   reach(x,z),\n   edge(z,y).": {
         "0": {
          "maxRSS": {
           "post": 17240,
           "pre": 17240
          },
          "num-tuples": 119,
          "runtime": { "start": 29334778557, "end": 29334778646},
          "source-locator": "/root/compiler/tests/corpus/BENCHMARK_FAMILY/reachability_complement.dl [23:1-23:37]"
         }
        }
       },
       "runtime": { "start": 29334778534, "end": 29334778655}
      },
      "2": {
       "copytime": { "start": 29334695097, "end": 29334695724},
       "maxRSS": {
        "post": 16368,
        "pre": 16368
       },
       "num-tuples": 7291,
       "recursive-rule": {
        "reach(x,y) :- \n   reach(x,z),\n   edge(z,y).": {
         "0": {
          "maxRSS": {
           "post": 16368,
           "pre": 16368
          },
          "num-tuples": 7291,
          "runtime": { "start": 29334693313, "end": 29334695052},
          "source-locator": "/root/compiler/tests/corpus/BENCHMARK_FAMILY/reachability_complement.dl [23:1-23:37]"
         }
        }
       },
       "runtime": { "start": 29334693300, "end": 29334695067}
      },
      "20": {
       "copytime": { "start": 29334778778, "end": 29334778788},
       "maxRSS": {
        "post": 17240,
        "pre": 17240
       },
       "num-tuples": 63,
       "recursive-rule": {
        "reach(x,y) :- \n   reach(x,z),\n   edge(z,y).": {
         "0": {
          "maxRSS": {
           "post": 17240,
           "pre": 17240
          },
          "num-tuples": 63,
          "runtime": { "start": 29334778703, "end": 29334778749},
          "source-locator": "/root/compiler/tests/corpus/BENCHMARK_FAMILY/reachability_complement.dl [23:1-23:37]"
         }
        }
       },
       "runtime": { "start": 29334778694, "end": 29334778759}
      },
      "21": {
       "copytime": { "start": 29334778853, "end": 29334778858},
       "maxRSS": {
        "post": 17240,
        "pre": 17240
       },
       "num-tuples": 26,
       "recursive-rule": {
        "reach(x,y) :- \n   reach(x,z),\n   edge(z,y).": {
         "0": {
          "maxRSS": {
           "post": 17240,
           "pre": 17240
          },
          "num-tuples": 26,
          "runtime": { "start": 29334778801, "end": 29334778826},
          "source-locator": "/root/compiler/tests/corpus/BENCHMARK_FAMILY/reachability_complement.dl [23:1-23:37]"
         }
        }
       },
       "runtime": { "start": 29334778792, "end": 29334778835}
      },
      "22": {
       "copytime": { "start": 29334778898, "end": 29334778900},
       "maxRSS": {
        "post": 17240,
        "pre": 17240
       },
       "num-tuples": 8,
       "recursive-rule": {
        "reach(x,y) :- \n   reach(x,z),\n   edge(z,y).": {
         "0": {
          "maxRSS": {
           "post": 17240,
           "pre": 17240
          },
          "num-tuples": 8,
          "runtime": { "start": 29334778871, "end": 29334778882},
          "source-locator": "/root/compiler/tests/corpus/BENCHMARK_FAMILY/reachability_complement.dl [23:1-23:37]"
         }
        }
       },
       "runtime": { "start": 29334778861, "end": 29334778890}
      },
      "23": {
       "copytime": { "start": 29334778917, "end": 29334778918},
       "maxRSS": {
        "post": 17240,
        "pre": 17240
       },
       "num-tuples": 2,
       "recursive-rule": {
        "reach(x,y) :- \n   reach(x,z),\n   edge(z,y).": {
         "0": {
          "maxRSS": {
           "post": 17240,
           "pre": 17240
          },
          "num-tuples": 2,
          "runtime": { "start": 29334778903, "end": 29334778906},
          "source-locator": "/root/compiler/tests/corpus/BENCHMARK_FAMILY/reachability_complement.dl [23:1-23:37]"
         }
        }
       },
       "runtime": { "start": 29334778902, "end": 29334778911}
      },
      "24": {
       "maxRSS": {
        "post": 17240,
        "pre": 17240
       },
       "num-tuples": 0,
       "recursive-rule": {
        "reach(x,y) :- \n   reach(x,z),\n   edge(z,y).": {
         "0": {
          "maxRSS": {
           "post": 17240,
           "pre": 17240
          },
          "num-tuples": 0,
          "runtime": { "start": 29334778921, "end": 29334778922},
          "source-locator": "/root/compiler/tests/corpus/BENCHMARK_FAMILY/reachability_complement.dl [23:1-23:37]"
         }
        }
       },
       "runtime": { "start": 29334778920, "end": 29334778927}
      },
      "3": {
       "copytime": { "start": 29334698919, "end": 29334700020},
       "maxRSS": {
        "post": 16368,
        "pre": 16368
       },
       "num-tuples": 12656,
       "recursive-rule": {
        "reach(x,y) :- \n   reach(x,z),\n   edge(z,y).": {
         "0": {
          "maxRSS": {
           "post": 16368,
           "pre": 16368
          },
          "num-tuples": 12656,
          "runtime": { "start": 29334695744, "end": 29334698883},
          "source-locator": "/root/compiler/tests/corpus/BENCHMARK_FAMILY/reachability_complement.dl [23:1-23:37]"
         }
        }
       },
       "runtime": { "start": 29334695730, "end": 29334698895}
      },
      "4": {
       "copytime": { "start": 29334705535, "end": 29334707332},
       "maxRSS": {
        "post": 16368,
        "pre": 16368
       },
       "num-tuples": 19086,
       "recursive-rule": {
        "reach(x,y) :- \n   reach(x,z),\n   edge(z,y).": {
         "0": {
          "maxRSS": {
           "post": 16368,
           "pre": 16368
          },
          "num-tuples": 19086,
          "runtime": { "start": 29334700036, "end": 29334705488},
          "source-locator": "/root/compiler/tests/corpus/BENCHMARK_FAMILY/reachability_complement.dl [23:1-23:37]"
         }
        }
       },
       "runtime": { "start": 29334700027, "end": 29334705503}
      },
      "5": {
       "copytime": { "start": 29334715468, "end": 29334717848},
       "maxRSS": {
        "post": 16368,
        "pre": 16368
       },
       "num-tuples": 24243,
       "recursive-rule": {
        "reach(x,y) :- \n   reach(x,z),\n   edge(z,y).": {
         "0": {
          "maxRSS": {
           "post": 16368,
           "pre": 16368
          },
          "num-tuples": 24243,
          "runtime": { "start": 29334707353, "end": 29334715419},
          "source-locator": "/root/compiler/tests/corpus/BENCHMARK_FAMILY/reachability_complement.dl [23:1-23:37]"
         }
        }
       },
       "runtime": { "start": 29334707339, "end": 29334715437}
      },
      "6": {
       "copytime": { "start": 29334728417, "end": 29334731140},
       "maxRSS": {
        "post": 16368,
        "pre": 16368
       },
       "num-tuples": 25745,
       "recursive-rule": {
        "reach(x,y) :- \n   reach(x,z),\n   edge(z,y).": {
         "0": {
          "maxRSS": {
           "post": 16368,
           "pre": 16368
          },
          "num-tuples": 25745,
          "runtime": { "start": 29334717870, "end": 29334728364},
          "source-locator": "/root/compiler/tests/corpus/BENCHMARK_FAMILY/reachability_complement.dl [23:1-23:37]"
         }
        }
       },
       "runtime": { "start": 29334717857, "end": 29334728385}
      },
      "7": {
       "copytime": { "start": 29334741299, "end": 29334743717},
       "maxRSS": {
        "post": 16368,
        "pre": 16368
       },
       "num-tuples": 22945,
       "recursive-rule": {
        "reach(x,y) :- \n   reach(x,z),\n   edge(z,y).": {
         "0": {
          "maxRSS": {
           "post": 16368,
           "pre": 16368
          },
          "num-tuples": 22945,
          "runtime": { "start": 29334731165, "end": 29334741250},
          "source-locator": "/root/compiler/tests/corpus/BENCHMARK_FAMILY/reachability_complement.dl [23:1-23:37]"
         }
        }
       },
       "runtime": { "start": 29334731150, "end": 29334741267}
      },
      "8": {
       "copytime": { "start": 29334752813, "end": 29334754739},
       "maxRSS": {
        "post": 16856,
        "pre": 16856
       },
       "num-tuples": 17637,
       "recursive-rule": {
        "reach(x,y) :- \n   reach(x,z),\n   edge(z,y).": {
         "0": {
          "maxRSS": {
           "post": 16856,
           "pre": 16856
          },
          "num-tuples": 17637,
          "runtime": { "start": 29334743744, "end": 29334752768},
          "source-locator": "/root/compiler/tests/corpus/BENCHMARK_FAMILY/reachability_complement.dl [23:1-23:37]"
         }
        }
       },
       "runtime": { "start": 29334743727, "end": 29334752782}
      },
      "9": {
       "copytime": { "start": 29334761856, "end": 29334763228},
       "maxRSS": {
        "post": 17112,
        "pre": 17112
       },
       "num-tuples": 12301,
       "recursive-rule": {
        "reach(x,y) :- \n   reach(x,z),\n   edge(z,y).": {
         "0": {
          "maxRSS": {
           "post": 17112,
           "pre": 17112
          },
          "num-tuples": 12301,
          "runtime": { "start": 29334754764, "end": 29334761810},
          "source-locator": "/root/compiler/tests/corpus/BENCHMARK_FAMILY/reachability_complement.dl [23:1-23:37]"
         }
        }
       },
       "runtime": { "start": 29334754747, "end": 29334761826}
      }
     },
     "maxRSS": {
      "post": 16368,
      "pre": 16368
     },
     "non-recursive-rule": {
      "reach(x,y) :- \n   edge(x,y).": {
       "atom-frequency": {
        "reach(x,y) :- \n   edge(x,y).": {
         "edge": {
          "level": 0,
          "num-tuples": 0
         }
        }
       },
       "maxRSS": {
        "post": 16368,
        "pre": 16368
       },
       "num-tuples": 1000,
       "runtime": { "start": 29334691325, "end": 29334691378},
       "source-locator": "/root/compiler/tests/corpus/BENCHMARK_FAMILY/reachability_complement.dl [22:1-22:25]"
      }
     },
     "num-tuples": 1000,
     "reads": 587929,
     "runtime": { "start": 29334691313, "end": 29334691387},
     "source-locator": "/root/compiler/tests/corpus/BENCHMARK_FAMILY/reachability_complement.dl [21:7-21:12]"
    },
    "unreach": {
     "maxRSS": {
      "post": 18648,
      "pre": 17240
     },
     "non-recursive-rule": {
      "unreach(x,y) :- \n   node(x),\n   node(y),\n   !reach(x,y).": {
       "atom-frequency": {
        "unreach(x,y) :- \n   node(x),\n   node(y),\n   !reach(x,y).": {
         "node": {
          "level": 0,
          "num-tuples": 0
         }
        }
       },
       "maxRSS": {
        "post": 18648,
        "pre": 17240
       },
       "num-tuples": 81428,
       "runtime": { "start": 29334778939, "end": 29334794682},
       "source-locator": "/root/compiler/tests/corpus/BENCHMARK_FAMILY/reachability_complement.dl [26:1-26:47]"
      }
     },
     "num-tuples": 81428,
     "reads": 0,
     "runtime": { "start": 29334778938, "end": 29334794711},
     "source-locator": "/root/compiler/tests/corpus/BENCHMARK_FAMILY/reachability_complement.dl [25:7-25:14]"
    }
   },
   "runtime": { "start": 29334689519, "end": 29334795403},
   "starttime": { "time": 29334689488},
   "usage": {
    "timepoint": {
     "29334689507": {
      "maxRSS": 16368,
      "systemtime": 0,
      "usertime": 2387
     },
     "29334690649": {
      "maxRSS": 16368,
      "systemtime": 0,
      "usertime": 4768
     },
     "29334690941": {
      "maxRSS": 16368,
      "systemtime": 0,
      "usertime": 5050
     },
     "29334691332": {
      "maxRSS": 16368,
      "systemtime": 0,
      "usertime": 5344
     },
     "29334691478": {
      "maxRSS": 16368,
      "systemtime": 0,
      "usertime": 5489
     },
     "29334691887": {
      "maxRSS": 16368,
      "systemtime": 0,
      "usertime": 5949
     },
     "29334692118": {
      "maxRSS": 16368,
      "systemtime": 0,
      "usertime": 6185
     },
     "29334692971": {
      "maxRSS": 16368,
      "systemtime": 0,
      "usertime": 7076
     },
     "29334693320": {
      "maxRSS": 16368,
      "systemtime": 0,
      "usertime": 7435
     },
     "29334694398": {
      "maxRSS": 16368,
      "systemtime": 0,
      "usertime": 7450
     },
     "29334695097": {
      "maxRSS": 16368,
      "systemtime": 0,
      "usertime": 9248
     },
     "29334695751": {
      "maxRSS": 16368,
      "systemtime": 0,
      "usertime": 9907
     },
     "29334696874": {
      "maxRSS": 16368,
      "systemtime": 0,
      "usertime": 10201
     },
     "29334697945": {
      "maxRSS": 16368,
      "systemtime": 0,
      "usertime": 10215
     },
     "29334698945": {
      "maxRSS": 16368,
      "systemtime": 0,
      "usertime": 13150
     },
     "29334700100": {
      "maxRSS": 16368,
      "systemtime": 0,
      "usertime": 14309
     },
     "29334701206": {
      "maxRSS": 16368,
      "systemtime": 0,
      "usertime": 14326
     },
     "29334702302": {
      "maxRSS": 16368,
      "systemtime": 0,
      "usertime": 14338
     },
     "29334703374": {
      "maxRSS": 16368,
      "systemtime": 0,
      "usertime": 14352
     },
     "29334704481": {
      "maxRSS": 16368,
      "systemtime": 0,
      "usertime": 18330
     },
     "29334705580": {
      "maxRSS": 16368,
      "systemtime": 0,
      "usertime": 19899
     },
     "29334706684": {
      "maxRSS": 16368,
      "systemtime": 0,
      "usertime": 19925
     },
     "29334707361": {
      "maxRSS": 16368,
      "systemtime": 0,
      "usertime": 21766
     },
     "29334708438": {
      "maxRSS": 16368,
      "systemtime": 0,
      "usertime": 22429
     },
     "29334709514": {
      "maxRSS": 16368,
      "systemtime": 0,
      "usertime": 22444
     },
     "29334710606": {
      "maxRSS": 16368,
      "systemtime": 0,
      "usertime": 22460
     },
     "29334711684": {
      "maxRSS": 16368,
      "systemtime": 0,
      "usertime": 22479
     },
     "29334712757": {
      "maxRSS": 16368,
      "systemtime": 0,
      "usertime": 26539
     },
     "29334713833": {
      "maxRSS": 16368,
      "systemtime": 0,
      "usertime": 26553
     },
     "29334714951": {
      "maxRSS": 16368,
      "systemtime": 0,
      "usertime": 26579
     },
     "29334715496": {
      "maxRSS": 16368,
      "systemtime": 0,
      "usertime": 30026
     },
     "29334716585": {
      "maxRSS": 16368,
      "systemtime": 0,
      "usertime": 30579
     },
     "29334717694": {
      "maxRSS": 16368,
      "systemtime": 0,
      "usertime": 30595
     },
     "29334717874": {
      "maxRSS": 16368,
      "systemtime": 0,
      "usertime": 32463
     },
     "29334718948": {
      "maxRSS": 16368,
      "systemtime": 0,
      "usertime": 32474
     },
     "29334720089": {
      "maxRSS": 16368,
      "systemtime": 0,
      "usertime": 34643
     },
     "29334721164": {
      "maxRSS": 16368,
      "systemtime": 0,
      "usertime": 34658
     },
     "29334722246": {
      "maxRSS": 16368,
      "systemtime": 0,
      "usertime": 34673
     },
     "29334723355": {
      "maxRSS": 16368,
      "systemtime": 0,
      "usertime": 34691
     },
     "29334724429": {
      "maxRSS": 16368,
      "systemtime": 0,
      "usertime": 38703
     },
     "29334725500": {
      "maxRSS": 16368,
      "systemtime": 0,
      "usertime": 38715
     },
     "29334726593": {
      "maxRSS": 16368,
      "systemtime": 0,
      "usertime": 38730
     },
     "29334727677": {
      "maxRSS": 16368,
      "systemtime": 0,
      "usertime": 38750
     },
     "29334728419": {
      "maxRSS": 16368,
      "systemtime": 0,
      "usertime": 43175
     },
     "29334729498": {
      "maxRSS": 16368,
      "systemtime": 0,
      "usertime": 43203
     },
     "29334730611": {
      "maxRSS": 16368,
      "systemtime": 0,
      "usertime": 43223
     },
     "29334731173": {
      "maxRSS": 16368,
      "systemtime": 0,
      "usertime": 45984
     },
     "29334732272": {
      "maxRSS": 16368,
      "systemtime": 0,
      "usertime": 46836
     },
     "29334733362": {
      "maxRSS": 16368,
      "systemtime": 0,
      "usertime": 46851
     },
     "29334734436": {
      "maxRSS": 16368,
      "systemtime": 0,
      "usertime": 46866
     },
     "29334735544": {
      "maxRSS": 16368,
      "systemtime": 0,
      "usertime": 46888
     },
     "29334736643": {
      "maxRSS": 16368,
      "systemtime": 0,
      "usertime": 50926
     },
     "29334737719": {
      "maxRSS": 16368,
      "systemtime": 0,
      "usertime": 50941
     },
     "29334738838": {
      "maxRSS": 16368,
      "systemtime": 0,
      "usertime": 50968
     },
     "29334739927": {
      "maxRSS": 16368,
      "systemtime": 0,
      "usertime": 50988
     },
     "29334741023": {
      "maxRSS": 16368,
      "systemtime": 0,
      "usertime": 55002
     },
     "29334741300": {
      "maxRSS": 16368,
      "systemtime": 0,
      "usertime": 56306
     },
     "29334742416": {
      "maxRSS": 16472,
      "systemtime": 0,
      "usertime": 56346
     },
     "29334743526": {
      "maxRSS": 16728,
      "systemtime": 0,
      "usertime": 56377
     },
     "29334743751": {
      "maxRSS": 16856,
      "systemtime": 0,
      "usertime": 58844
     },
     "29334744839": {
      "maxRSS": 16856,
      "systemtime": 0,
      "usertime": 59128
     },
     "29334745916": {
      "maxRSS": 16856,
      "systemtime": 0,
      "usertime": 59143
     },
     "29334747065": {
      "maxRSS": 16856,
      "systemtime": 0,
      "usertime": 59169
     },
     "29334748145": {
      "maxRSS": 16856,
      "systemtime": 0,
      "usertime": 63204
     },
     "29334749223": {
      "maxRSS": 16856,
      "systemtime": 0,
      "usertime": 63218
     },
     "29334750313": {
      "maxRSS": 16856,
      "systemtime": 0,
      "usertime": 63232
     },
     "29334751426": {
      "maxRSS": 16856,
      "systemtime": 0,
      "usertime": 63258
     },
     "29334752532": {
      "maxRSS": 16856,
      "systemtime": 0,
      "usertime": 67259
     },
     "29334752815": {
      "maxRSS": 16856,
      "systemtime": 0,
      "usertime": 68108
     },
     "29334753924": {
      "maxRSS": 16856,
      "systemtime": 0,
      "usertime": 68122
     },
     "29334754771": {
      "maxRSS": 17112,
      "systemtime": 0,
      "usertime": 70091
     },
     "29334756287": {
      "maxRSS": 17112,
      "systemtime": 0,
      "usertime": 71569
     },
     "29334757367": {
      "maxRSS": 17112,
      "systemtime": 0,
      "usertime": 71586
     },
     "29334758503": {
      "maxRSS": 17112,
      "systemtime": 0,
      "usertime": 71606
     },
     "29334759576": {
      "maxRSS": 17112,
      "systemtime": 0,
      "usertime": 71620
     },
     "29334760685": {
      "maxRSS": 17112,
      "systemtime": 0,
      "usertime": 75415
     },
     "29334761804": {
      "maxRSS": 17112,
      "systemtime": 0,
      "usertime": 77236
     },
     "29334761857": {
      "maxRSS": 17112,
      "systemtime": 0,
      "usertime": 77294
     },
     "29334762933": {
      "maxRSS": 17112,
      "systemtime": 0,
      "usertime": 77316
     },
     "29334763258": {
      "maxRSS": 17240,
      "systemtime": 0,
      "usertime": 78724
     },
     "29334764340": {
      "maxRSS": 17240,
      "systemtime": 0,
      "usertime": 79487
     },
     "29334765414": {
      "maxRSS": 17240,
      "systemtime": 0,
      "usertime": 79500
     },
     "29334766506": {
      "maxRSS": 17240,
      "systemtime": 0,
      "usertime": 79516
     },
     "29334767580": {
      "maxRSS": 17240,
      "systemtime": 0,
      "usertime": 79531
     },
     "29334768093": {
      "maxRSS": 17240,
      "systemtime": 0,
      "usertime": 83634
     },
     "29334769024": {
      "maxRSS": 17240,
      "systemtime": 0,
      "usertime": 84572
     },
     "29334770098": {
      "maxRSS": 17240,
      "systemtime": 0,
      "usertime": 84583
     },
     "29334771234": {
      "maxRSS": 17240,
      "systemtime": 0,
      "usertime": 84611
     },
     "29334772266": {
      "maxRSS": 17240,
      "systemtime": 0,
      "usertime": 87873
     },
     "29334772905": {
      "maxRSS": 17240,
      "systemtime": 0,
      "usertime": 88523
     },
     "29334773971": {
      "maxRSS": 17240,
      "systemtime": 0,
      "usertime": 88531
     },
     "29334774832": {
      "maxRSS": 17240,
      "systemtime": 0,
      "usertime": 90469
     },
     "29334775224": {
      "maxRSS": 17240,
      "systemtime": 0,
      "usertime": 90871
     },
     "29334776237": {
      "maxRSS": 17240,
      "systemtime": 0,
      "usertime": 91896
     },
     "29334776478": {
      "maxRSS": 17240,
      "systemtime": 0,
      "usertime": 92138
     },
     "29334777071": {
      "maxRSS": 17240,
      "systemtime": 0,
      "usertime": 92796
     },
     "29334777205": {
      "maxRSS": 17240,
      "systemtime": 0,
      "usertime": 92936
     },
     "29334777613": {
      "maxRSS": 17240,
      "systemtime": 0,
      "usertime": 93349
     },
     "29334777716": {
      "maxRSS": 17240,
      "systemtime": 0,
      "usertime": 93459
     },
     "29334778011": {
      "maxRSS": 17240,
      "systemtime": 0,
      "usertime": 93772
     },
     "29334778085": {
      "maxRSS": 17240,
      "systemtime": 0,
      "usertime": 93856
     },
     "29334778311": {
      "maxRSS": 17240,
      "systemtime": 0,
      "usertime": 94094
     },
     "29334778357": {
      "maxRSS": 17240,
      "systemtime": 0,
      "usertime": 94167
     },
     "29334778506": {
      "maxRSS": 17240,
      "systemtime": 0,
      "usertime": 94331
     },
     "29334778551": {
      "maxRSS": 17240,
      "systemtime": 0,
      "usertime": 94370
     },
     "29334778586": {
      "maxRSS": 17240,
      "systemtime": 0,
      "usertime": 94409
     },
     "29334778674": {
      "maxRSS": 17240,
      "systemtime": 0,
      "usertime": 94540
     },
     "29334778708": {
      "maxRSS": 17240,
      "systemtime": 0,
      "usertime": 94591
     },
     "29334778777": {
      "maxRSS": 17240,
      "systemtime": 0,
      "usertime": 94670
     },
     "29334778808": {
      "maxRSS": 17240,
      "systemtime": 0,
      "usertime": 94708
     },
     "29334778852": {
      "maxRSS": 17240,
      "systemtime": 0,
      "usertime": 94763
     },
     "29334778915": {
      "maxRSS": 17240,
      "systemtime": 0,
      "usertime": 94859
     },
     "29334778935": {
      "maxRSS": 17240,
      "systemtime": 0,
      "usertime": 94888
     },
     "29334780042": {
      "maxRSS": 17240,
      "systemtime": 0,
      "usertime": 95971
     },
     "29334781133": {
      "maxRSS": 17368,
      "systemtime": 0,
      "usertime": 95983
     },
     "29334782219": {
      "maxRSS": 17368,
      "systemtime": 0,
      "usertime": 95998
     },
     "29334783301": {
      "maxRSS": 17496,
      "systemtime": 0,
      "usertime": 96019
     },
     "29334784371": {
      "maxRSS": 17624,
      "systemtime": 0,
      "usertime": 100029
     },
     "29334785448": {
      "maxRSS": 17752,
      "systemtime": 0,
      "usertime": 100043
     },
     "29334786572": {
      "maxRSS": 17752,
      "systemtime": 0,
      "usertime": 100061
     },
     "29334787753": {
      "maxRSS": 17880,
      "systemtime": 0,
      "usertime": 100083
     },
     "29334788836": {
      "maxRSS": 18008,
      "systemtime": 0,
      "usertime": 104143
     },
     "29334789965": {
      "maxRSS": 18136,
      "systemtime": 0,
      "usertime": 104161
     },
     "29334791038": {
      "maxRSS": 18264,
      "systemtime": 0,
      "usertime": 104173
     },
     "29334792109": {
      "maxRSS": 18392,
      "systemtime": 0,
      "usertime": 108138
     },
     "29334793182": {
      "maxRSS": 18520,
      "systemtime": 0,
      "usertime": 108149
     },
     "29334794251": {
      "maxRSS": 18648,
      "systemtime": 0,
      "usertime": 108162
     },
     "29334795192": {
      "maxRSS": 18648,
      "systemtime": 0,
      "usertime": 111356
     }
    }
   }
  }
 }
}
