{
 "root": {
  "program": {
   "configuration": {
    "": "/root/compiler/tests/corpus/CULPRIT_CANDIDATES/cc_arity3_twobound.dl",
    "fact-dir": "/root/compiler/fixtures/culprit_candidates/cc_arity3_twobound",
    "include-dir": ".",
    "jobs": "1",
    "libraries": "functors",
    "library-dir": ".",
    "output-dir": "/root/compiler/measurements/m3-3-decide/cc_arity3_twobound/accept/original",
    "profile": "prof.log",
    "relationCount": "7",
    "ruleCount": "10",
    "version": "2.5",
    "warn": "all",
    "wno": "none"
   },
   "relation": {
    "base": {
     "loadtime": { "start": 28282655709, "end": 28282655805},
     "num-tuples": 75,
     "reads": 0,
     "source-locator": "/root/compiler/tests/corpus/CULPRIT_CANDIDATES/cc_arity3_twobound.dl [13:7-13:11]"
    },
    "blocked": {
     "loadtime": { "start": 28282655812, "end": 28282655842},
     "num-tuples": 32,
     "reads": 109,
     "source-locator": "/root/compiler/tests/corpus/CULPRIT_CANDIDATES/cc_arity3_twobound.dl [15:7-15:14]"
    },
    "e": {
     "loadtime": { "start": 28282655849, "end": 28282655888},
     "num-tuples": 75,
     "reads": 0,
     "source-locator": "/root/compiler/tests/corpus/CULPRIT_CANDIDATES/cc_arity3_twobound.dl [14:7-14:8]"
    },
    "out": {
     "maxRSS": {
      "post": 12320,
      "pre": 12320
     },
     "non-recursive-rule": {
      "out(y) :- \n   p(1,y,1).": {
       "atom-frequency": {
        "out(y) :- \n   p(1,y,1).": {
         "p": {
          "level": 0,
          "num-tuples": 0
         }
        }
       },
       "maxRSS": {
        "post": 12320,
        "pre": 12320
       },
       "num-tuples": 1,
       "runtime": { "start": 28282656232, "end": 28282656233},
       "source-locator": "/root/compiler/tests/corpus/CULPRIT_CANDIDATES/cc_arity3_twobound.dl [29:1-29:20]"
      }
     },
     "num-tuples": 1,
     "reads": 0,
     "runtime": { "start": 28282656231, "end": 28282656241},
     "savetime": { "start": 28282656244, "end": 28282656328},
     "source-locator": "/root/compiler/tests/corpus/CULPRIT_CANDIDATES/cc_arity3_twobound.dl [28:7-28:10]"
    },
    "p": {
     "iteration": {
      "0": {
       "copytime": { "start": 28282656175, "end": 28282656181},
       "maxRSS": {
        "post": 12320,
        "pre": 12320
       },
       "num-tuples": 46,
       "recursive-rule": {
        "p(x,y,l) :- \n   p(x,z,l),\n   !s(z,l),\n   q(z,y,l).": {
         "0": {
          "atom-frequency": {
           "@new_p(x,y,l) :- \n   @delta_p(x,z,l),\n   !s(z,l),\n   q(z,y,l).": {
            "@delta_p": {
             "level": 0,
             "num-tuples": 0
            },
            "q": {
             "level": 1,
             "num-tuples": 0
            }
           }
          },
          "maxRSS": {
           "post": 12320,
           "pre": 12320
          },
          "num-tuples": 46,
          "runtime": { "start": 28282656127, "end": 28282656147},
          "source-locator": "/root/compiler/tests/corpus/CULPRIT_CANDIDATES/cc_arity3_twobound.dl [26:1-26:41]"
         }
        }
       },
       "runtime": { "start": 28282656118, "end": 28282656156}
      },
      "1": {
       "maxRSS": {
        "post": 12320,
        "pre": 12320
       },
       "num-tuples": 0,
       "recursive-rule": {
        "p(x,y,l) :- \n   p(x,z,l),\n   !s(z,l),\n   q(z,y,l).": {
         "0": {
          "maxRSS": {
           "post": 12320,
           "pre": 12320
          },
          "num-tuples": 0,
          "runtime": { "start": 28282656193, "end": 28282656203},
          "source-locator": "/root/compiler/tests/corpus/CULPRIT_CANDIDATES/cc_arity3_twobound.dl [26:1-26:41]"
         }
        }
       },
       "runtime": { "start": 28282656184, "end": 28282656210}
      }
     },
     "maxRSS": {
      "post": 12320,
      "pre": 12320
     },
     "non-recursive-rule": {
      "p(x,y,l) :- \n   e(x,y,l).": {
       "atom-frequency": {
        "p(x,y,l) :- \n   e(x,y,l).": {
         "e": {
          "level": 0,
          "num-tuples": 0
         }
        }
       },
       "maxRSS": {
        "post": 12320,
        "pre": 12320
       },
       "num-tuples": 75,
       "runtime": { "start": 28282656101, "end": 28282656106},
       "source-locator": "/root/compiler/tests/corpus/CULPRIT_CANDIDATES/cc_arity3_twobound.dl [25:1-25:22]"
      }
     },
     "num-tuples": 75,
     "reads": 62,
     "runtime": { "start": 28282656100, "end": 28282656111},
     "source-locator": "/root/compiler/tests/corpus/CULPRIT_CANDIDATES/cc_arity3_twobound.dl [24:7-24:8]"
    },
    "q": {
     "iteration": {
      "0": {
       "copytime": { "start": 28282655989, "end": 28282655994},
       "maxRSS": {
        "post": 12320,
        "pre": 12192
       },
       "num-tuples": 27,
       "recursive-rule": {
        "q(x,y,l) :- \n   q(x,z,l),\n   base(z,y,l).": {
         "0": {
          "atom-frequency": {
           "@new_q(x,y,l) :- \n   @delta_q(x,z,l),\n   base(z,y,l).": {
            "@delta_q": {
             "level": 0,
             "num-tuples": 0
            },
            "base": {
             "level": 1,
             "num-tuples": 0
            }
           }
          },
          "maxRSS": {
           "post": 12320,
           "pre": 12192
          },
          "num-tuples": 27,
          "runtime": { "start": 28282655938, "end": 28282655960},
          "source-locator": "/root/compiler/tests/corpus/CULPRIT_CANDIDATES/cc_arity3_twobound.dl [19:1-19:35]"
         }
        }
       },
       "runtime": { "start": 28282655929, "end": 28282655970}
      },
      "1": {
       "copytime": { "start": 28282656038, "end": 28282656048},
       "maxRSS": {
        "post": 12320,
        "pre": 12320
       },
       "num-tuples": 7,
       "recursive-rule": {
        "q(x,y,l) :- \n   q(x,z,l),\n   base(z,y,l).": {
         "0": {
          "maxRSS": {
           "post": 12320,
           "pre": 12320
          },
          "num-tuples": 7,
          "runtime": { "start": 28282656017, "end": 28282656022},
          "source-locator": "/root/compiler/tests/corpus/CULPRIT_CANDIDATES/cc_arity3_twobound.dl [19:1-19:35]"
         }
        }
       },
       "runtime": { "start": 28282655998, "end": 28282656031}
      },
      "2": {
       "maxRSS": {
        "post": 12320,
        "pre": 12320
       },
       "num-tuples": 0,
       "recursive-rule": {
        "q(x,y,l) :- \n   q(x,z,l),\n   base(z,y,l).": {
         "0": {
          "maxRSS": {
           "post": 12320,
           "pre": 12320
          },
          "num-tuples": 0,
          "runtime": { "start": 28282656054, "end": 28282656055},
          "source-locator": "/root/compiler/tests/corpus/CULPRIT_CANDIDATES/cc_arity3_twobound.dl [19:1-19:35]"
         }
        }
       },
       "runtime": { "start": 28282656053, "end": 28282656062}
      }
     },
     "maxRSS": {
      "post": 12192,
      "pre": 12064
     },
     "non-recursive-rule": {
      "q(x,y,l) :- \n   base(x,y,l).": {
       "atom-frequency": {
        "q(x,y,l) :- \n   base(x,y,l).": {
         "base": {
          "level": 0,
          "num-tuples": 0
         }
        }
       },
       "maxRSS": {
        "post": 12192,
        "pre": 12064
       },
       "num-tuples": 75,
       "runtime": { "start": 28282655903, "end": 28282655912},
       "source-locator": "/root/compiler/tests/corpus/CULPRIT_CANDIDATES/cc_arity3_twobound.dl [18:1-18:25]"
      }
     },
     "num-tuples": 75,
     "reads": 35,
     "runtime": { "start": 28282655894, "end": 28282655920},
     "source-locator": "/root/compiler/tests/corpus/CULPRIT_CANDIDATES/cc_arity3_twobound.dl [17:7-17:8]"
    },
    "s": {
     "maxRSS": {
      "post": 12320,
      "pre": 12320
     },
     "non-recursive-rule": {
      "s(x,l) :- \n   q(x,_,l),\n   blocked(x,l).": {
       "atom-frequency": {
        "s(x,l) :- \n   q(x,_,l),\n   blocked(x,l).": {
         "q": {
          "level": 0,
          "num-tuples": 0
         }
        }
       },
       "maxRSS": {
        "post": 12320,
        "pre": 12320
       },
       "num-tuples": 11,
       "runtime": { "start": 28282656083, "end": 28282656091},
       "source-locator": "/root/compiler/tests/corpus/CULPRIT_CANDIDATES/cc_arity3_twobound.dl [22:1-22:34]"
      }
     },
     "num-tuples": 11,
     "reads": 121,
     "runtime": { "start": 28282656083, "end": 28282656096},
     "source-locator": "/root/compiler/tests/corpus/CULPRIT_CANDIDATES/cc_arity3_twobound.dl [21:7-21:8]"
    }
   },
   "runtime": { "start": 28282655701, "end": 28282656334},
   "starttime": { "time": 28282655673},
   "usage": {
    "timepoint": {
     "28282655714": {
      "maxRSS": 11648,
      "systemtime": 0,
      "usertime": 4372
     },
     "28282655829": {
      "maxRSS": 12064,
      "systemtime": 0,
      "usertime": 4501
     },
     "28282655863": {
      "maxRSS": 12064,
      "systemtime": 0,
      "usertime": 4542
     },
     "28282655908": {
      "maxRSS": 12192,
      "systemtime": 0,
      "usertime": 4602
     },
     "28282655943": {
      "maxRSS": 12320,
      "systemtime": 0,
      "usertime": 4642
     },
     "28282655989": {
      "maxRSS": 12320,
      "systemtime": 0,
      "usertime": 4694
     },
     "28282656031": {
      "maxRSS": 12320,
      "systemtime": 0,
      "usertime": 4759
     },
     "28282656097": {
      "maxRSS": 12320,
      "systemtime": 0,
      "usertime": 4836
     },
     "28282656135": {
      "maxRSS": 12320,
      "systemtime": 0,
      "usertime": 4880
     },
     "28282656174": {
      "maxRSS": 12320,
      "systemtime": 0,
      "usertime": 4930
     },
     "28282656199": {
      "maxRSS": 12320,
      "systemtime": 0,
      "usertime": 4961
     },
     "28282656229": {
      "maxRSS": 12320,
      "systemtime": 0,
      "usertime": 4999
     },
     "28282656259": {
      "maxRSS": 12320,
      "systemtime": 0,
      "usertime": 5026
     }
    }
   }
  }
 }
}
