{
 "root": {
  "program": {
   "configuration": {
    "": "/root/compiler/measurements/punch-list/p1-gate/original/same_generation_negation/emit/transformed.dl",
    "fact-dir": "/root/compiler/fixtures/benchmark-family/same_generation_negation/d4_b4",
    "include-dir": ".",
    "jobs": "1",
    "libraries": "functors",
    "library-dir": ".",
    "output-dir": "/root/compiler/measurements/punch-list/p1-gate/original/same_generation_negation/candidate",
    "profile": "prof.log",
    "relationCount": "22",
    "ruleCount": "35",
    "version": "2.5",
    "warn": "all",
    "wno": "none"
   },
   "relation": {
    "magic_notsg_bf": {
     "maxRSS": {
      "post": 12112,
      "pre": 11984
     },
     "non-recursive-rule": {
      "magic_notsg_bf(0).": {
       "maxRSS": {
        "post": 12112,
        "pre": 11984
       },
       "num-tuples": 1,
       "runtime": { "start": 22105330138, "end": 22105330142},
       "source-locator": "/root/compiler/measurements/punch-list/p1-gate/original/same_generation_negation/emit/transformed.dl [59:1-59:19]"
      }
     },
     "num-tuples": 1,
     "reads": 0,
     "runtime": { "start": 22105330136, "end": 22105330152},
     "source-locator": "/root/compiler/measurements/punch-list/p1-gate/original/same_generation_negation/emit/transformed.dl [32:7-32:21]"
    },
    "magic_sg_bb": {
     "iteration": {
      "0": {
       "maxRSS": {
        "post": 12752,
        "pre": 12752
       },
       "num-tuples": 0,
       "recursive-rule": {
        "magic_sg_bb(xp,yp) :- \n   sup_sg_bb_r1_2(_,_,xp,yp).": {
         "0": {
          "atom-frequency": {
           "@new_magic_sg_bb(xp,yp) :- \n   @delta_sup_sg_bb_r1_2(_,_,xp,yp).": {
            "@delta_sup_sg_bb_r1_2": {
             "level": 0,
             "num-tuples": 0
            }
           }
          },
          "maxRSS": {
           "post": 12752,
           "pre": 12752
          },
          "num-tuples": 0,
          "runtime": { "start": 22105330523, "end": 22105330524},
          "source-locator": "/root/compiler/measurements/punch-list/p1-gate/original/same_generation_negation/emit/transformed.dl [57:1-57:53]"
         }
        }
       },
       "runtime": { "start": 22105330514, "end": 22105330534}
      }
     },
     "maxRSS": {
      "post": 12752,
      "pre": 12752
     },
     "non-recursive-rule": {
      "magic_sg_bb(xp,yp) :- \n   sup_sg_bf_r1_2(_,xp,_,yp).": {
       "atom-frequency": {
        "magic_sg_bb(xp,yp) :- \n   sup_sg_bf_r1_2(_,xp,_,yp).": {
         "sup_sg_bf_r1_2": {
          "level": 0,
          "num-tuples": 0
         }
        }
       },
       "maxRSS": {
        "post": 12752,
        "pre": 12752
       },
       "num-tuples": 0,
       "runtime": { "start": 22105330498, "end": 22105330499},
       "source-locator": "/root/compiler/measurements/punch-list/p1-gate/original/same_generation_negation/emit/transformed.dl [47:1-47:53]"
      }
     },
     "num-tuples": 0,
     "reads": 0,
     "runtime": { "start": 22105330498, "end": 22105330504},
     "source-locator": "/root/compiler/measurements/punch-list/p1-gate/original/same_generation_negation/emit/transformed.dl [23:7-23:18]"
    },
    "magic_sg_bf": {
     "maxRSS": {
      "post": 12624,
      "pre": 12624
     },
     "non-recursive-rule": {
      "magic_sg_bf(x) :- \n   sup_notsg_bf_r0_2(x,_).": {
       "atom-frequency": {
        "magic_sg_bf(x) :- \n   sup_notsg_bf_r0_2(x,_).": {
         "sup_notsg_bf_r0_2": {
          "level": 0,
          "num-tuples": 0
         }
        }
       },
       "maxRSS": {
        "post": 12624,
        "pre": 12624
       },
       "num-tuples": 1,
       "runtime": { "start": 22105330412, "end": 22105330416},
       "source-locator": "/root/compiler/measurements/punch-list/p1-gate/original/same_generation_negation/emit/transformed.dl [37:1-37:43]"
      }
     },
     "num-tuples": 1,
     "reads": 0,
     "runtime": { "start": 22105330403, "end": 22105330424},
     "source-locator": "/root/compiler/measurements/punch-list/p1-gate/original/same_generation_negation/emit/transformed.dl [13:7-13:18]"
    },
    "parent": {
     "loadtime": { "start": 22105330160, "end": 22105330275},
     "num-tuples": 225,
     "reads": 0,
     "source-locator": "/root/compiler/measurements/punch-list/p1-gate/original/same_generation_negation/emit/transformed.dl [1:7-1:13]"
    },
    "person": {
     "loadtime": { "start": 22105330282, "end": 22105330345},
     "num-tuples": 226,
     "reads": 2,
     "source-locator": "/root/compiler/measurements/punch-list/p1-gate/original/same_generation_negation/emit/transformed.dl [3:7-3:13]"
    },
    "q_notsg": {
     "maxRSS": {
      "post": 12752,
      "pre": 12752
     },
     "non-recursive-rule": {
      "q_notsg(y) :- \n   sup_notsg_bf_r0_3(0,y).": {
       "atom-frequency": {
        "q_notsg(y) :- \n   sup_notsg_bf_r0_3(0,y).": {
         "sup_notsg_bf_r0_3": {
          "level": 0,
          "num-tuples": 0
         }
        }
       },
       "maxRSS": {
        "post": 12752,
        "pre": 12752
       },
       "num-tuples": 225,
       "runtime": { "start": 22105330762, "end": 22105330769},
       "source-locator": "/root/compiler/measurements/punch-list/p1-gate/original/same_generation_negation/emit/transformed.dl [60:1-60:30]"
      }
     },
     "num-tuples": 225,
     "reads": 0,
     "runtime": { "start": 22105330761, "end": 22105330774},
     "savetime": { "start": 22105330776, "end": 22105331188},
     "source-locator": "/root/compiler/measurements/punch-list/p1-gate/original/same_generation_negation/emit/transformed.dl [7:7-7:14]"
    },
    "sg_bb": {
     "iteration": {
      "0": {
       "maxRSS": {
        "post": 12752,
        "pre": 12752
       },
       "num-tuples": 0,
       "recursive-rule": {
        "sg_bb(x,y) :- \n   sup_sg_bb_r1_4(x,y).": {
         "0": {
          "atom-frequency": {
           "@new_sg_bb(x,y) :- \n   @delta_sup_sg_bb_r1_4(x,y).": {
            "@delta_sup_sg_bb_r1_4": {
             "level": 0,
             "num-tuples": 0
            }
           }
          },
          "maxRSS": {
           "post": 12752,
           "pre": 12752
          },
          "num-tuples": 0,
          "runtime": { "start": 22105330627, "end": 22105330628},
          "source-locator": "/root/compiler/measurements/punch-list/p1-gate/original/same_generation_negation/emit/transformed.dl [58:1-58:37]"
         }
        }
       },
       "runtime": { "start": 22105330627, "end": 22105330633}
      }
     },
     "maxRSS": {
      "post": 12752,
      "pre": 12752
     },
     "non-recursive-rule": {
      "sg_bb(x,x) :- \n   sup_sg_bb_r0_1(x).": {
       "atom-frequency": {
        "sg_bb(x,x) :- \n   sup_sg_bb_r0_1(x).": {
         "sup_sg_bb_r0_1": {
          "level": 0,
          "num-tuples": 0
         }
        }
       },
       "maxRSS": {
        "post": 12752,
        "pre": 12752
       },
       "num-tuples": 0,
       "runtime": { "start": 22105330613, "end": 22105330614},
       "source-locator": "/root/compiler/measurements/punch-list/p1-gate/original/same_generation_negation/emit/transformed.dl [51:1-51:34]"
      }
     },
     "num-tuples": 0,
     "reads": 0,
     "runtime": { "start": 22105330613, "end": 22105330619},
     "source-locator": "/root/compiler/measurements/punch-list/p1-gate/original/same_generation_negation/emit/transformed.dl [26:7-26:12]"
    },
    "sg_bf": {
     "maxRSS": {
      "post": 12752,
      "pre": 12752
     },
     "non-recursive-rule": {
      "sg_bf(x,x) :- \n   sup_sg_bf_r0_1(x).": {
       "atom-frequency": {
        "sg_bf(x,x) :- \n   sup_sg_bf_r0_1(x).": {
         "sup_sg_bf_r0_1": {
          "level": 0,
          "num-tuples": 0
         }
        }
       },
       "maxRSS": {
        "post": 12752,
        "pre": 12752
       },
       "num-tuples": 1,
       "runtime": { "start": 22105330712, "end": 22105330713},
       "source-locator": "/root/compiler/measurements/punch-list/p1-gate/original/same_generation_negation/emit/transformed.dl [41:1-41:34]"
      },
      "sg_bf(x,y) :- \n   sup_sg_bf_r1_4(x,y).": {
       "atom-frequency": {
        "sg_bf(x,y) :- \n   sup_sg_bf_r1_4(x,y).": {
         "sup_sg_bf_r1_4": {
          "level": 0,
          "num-tuples": 0
         }
        }
       },
       "maxRSS": {
        "post": 12752,
        "pre": 12752
       },
       "num-tuples": 0,
       "runtime": { "start": 22105330718, "end": 22105330718},
       "source-locator": "/root/compiler/measurements/punch-list/p1-gate/original/same_generation_negation/emit/transformed.dl [48:1-48:37]"
      }
     },
     "num-tuples": 1,
     "reads": 226,
     "runtime": { "start": 22105330712, "end": 22105330722},
     "source-locator": "/root/compiler/measurements/punch-list/p1-gate/original/same_generation_negation/emit/transformed.dl [17:7-17:12]"
    },
    "sup_notsg_bf_r0_1": {
     "maxRSS": {
      "post": 12624,
      "pre": 12624
     },
     "non-recursive-rule": {
      "sup_notsg_bf_r0_1(x) :- \n   magic_notsg_bf(x),\n   person(x).": {
       "atom-frequency": {
        "sup_notsg_bf_r0_1(x) :- \n   magic_notsg_bf(x),\n   person(x).": {
         "magic_notsg_bf": {
          "level": 0,
          "num-tuples": 0
         }
        }
       },
       "maxRSS": {
        "post": 12624,
        "pre": 12624
       },
       "num-tuples": 1,
       "runtime": { "start": 22105330352, "end": 22105330356},
       "source-locator": "/root/compiler/measurements/punch-list/p1-gate/original/same_generation_negation/emit/transformed.dl [34:1-34:57]"
      }
     },
     "num-tuples": 1,
     "reads": 0,
     "runtime": { "start": 22105330351, "end": 22105330365},
     "source-locator": "/root/compiler/measurements/punch-list/p1-gate/original/same_generation_negation/emit/transformed.dl [10:7-10:24]"
    },
    "sup_notsg_bf_r0_2": {
     "maxRSS": {
      "post": 12624,
      "pre": 12624
     },
     "non-recursive-rule": {
      "sup_notsg_bf_r0_2(x,y) :- \n   sup_notsg_bf_r0_1(x),\n   person(y).": {
       "atom-frequency": {
        "sup_notsg_bf_r0_2(x,y) :- \n   sup_notsg_bf_r0_1(x),\n   person(y).": {
         "person": {
          "level": 1,
          "num-tuples": 0
         },
         "sup_notsg_bf_r0_1": {
          "level": 0,
          "num-tuples": 0
         }
        }
       },
       "maxRSS": {
        "post": 12624,
        "pre": 12624
       },
       "num-tuples": 226,
       "runtime": { "start": 22105330380, "end": 22105330390},
       "source-locator": "/root/compiler/measurements/punch-list/p1-gate/original/same_generation_negation/emit/transformed.dl [35:1-35:60]"
      }
     },
     "num-tuples": 226,
     "reads": 0,
     "runtime": { "start": 22105330370, "end": 22105330399},
     "source-locator": "/root/compiler/measurements/punch-list/p1-gate/original/same_generation_negation/emit/transformed.dl [11:7-11:24]"
    },
    "sup_notsg_bf_r0_3": {
     "maxRSS": {
      "post": 12752,
      "pre": 12752
     },
     "non-recursive-rule": {
      "sup_notsg_bf_r0_3(x,y) :- \n   sup_notsg_bf_r0_2(x,y),\n   !sg_bf(x,y).": {
       "atom-frequency": {
        "sup_notsg_bf_r0_3(x,y) :- \n   sup_notsg_bf_r0_2(x,y),\n   !sg_bf(x,y).": {
         "sup_notsg_bf_r0_2": {
          "level": 0,
          "num-tuples": 0
         }
        }
       },
       "maxRSS": {
        "post": 12752,
        "pre": 12752
       },
       "num-tuples": 225,
       "runtime": { "start": 22105330727, "end": 22105330743},
       "source-locator": "/root/compiler/measurements/punch-list/p1-gate/original/same_generation_negation/emit/transformed.dl [36:1-36:66]"
      }
     },
     "num-tuples": 225,
     "reads": 0,
     "runtime": { "start": 22105330727, "end": 22105330757},
     "source-locator": "/root/compiler/measurements/punch-list/p1-gate/original/same_generation_negation/emit/transformed.dl [12:7-12:24]"
    },
    "sup_sg_bb_r0_0": {
     "maxRSS": {
      "post": 12752,
      "pre": 12752
     },
     "non-recursive-rule": {
      "sup_sg_bb_r0_0(x) :- \n   magic_sg_bb(x,x).": {
       "atom-frequency": {
        "sup_sg_bb_r0_0(x) :- \n   magic_sg_bb(x,x).": {
         "magic_sg_bb": {
          "level": 0,
          "num-tuples": 0
         }
        }
       },
       "maxRSS": {
        "post": 12752,
        "pre": 12752
       },
       "num-tuples": 0,
       "runtime": { "start": 22105330589, "end": 22105330589},
       "source-locator": "/root/compiler/measurements/punch-list/p1-gate/original/same_generation_negation/emit/transformed.dl [49:1-49:40]"
      }
     },
     "num-tuples": 0,
     "reads": 0,
     "runtime": { "start": 22105330588, "end": 22105330595},
     "source-locator": "/root/compiler/measurements/punch-list/p1-gate/original/same_generation_negation/emit/transformed.dl [24:7-24:21]"
    },
    "sup_sg_bb_r0_1": {
     "maxRSS": {
      "post": 12752,
      "pre": 12752
     },
     "non-recursive-rule": {
      "sup_sg_bb_r0_1(x) :- \n   sup_sg_bb_r0_0(x),\n   person(x).": {
       "atom-frequency": {
        "sup_sg_bb_r0_1(x) :- \n   sup_sg_bb_r0_0(x),\n   person(x).": {
         "sup_sg_bb_r0_0": {
          "level": 0,
          "num-tuples": 0
         }
        }
       },
       "maxRSS": {
        "post": 12752,
        "pre": 12752
       },
       "num-tuples": 0,
       "runtime": { "start": 22105330599, "end": 22105330599},
       "source-locator": "/root/compiler/measurements/punch-list/p1-gate/original/same_generation_negation/emit/transformed.dl [50:1-50:51]"
      }
     },
     "num-tuples": 0,
     "reads": 0,
     "runtime": { "start": 22105330598, "end": 22105330604},
     "source-locator": "/root/compiler/measurements/punch-list/p1-gate/original/same_generation_negation/emit/transformed.dl [25:7-25:21]"
    },
    "sup_sg_bb_r1_1": {
     "iteration": {
      "0": {
       "maxRSS": {
        "post": 12752,
        "pre": 12752
       },
       "num-tuples": 0,
       "recursive-rule": {
        "sup_sg_bb_r1_1(x,y,xp) :- \n   magic_sg_bb(x,y),\n   parent(x,xp).": {
         "0": {
          "atom-frequency": {
           "@new_sup_sg_bb_r1_1(x,y,xp) :- \n   @delta_magic_sg_bb(x,y),\n   parent(x,xp).": {
            "@delta_magic_sg_bb": {
             "level": 0,
             "num-tuples": 0
            },
            "parent": {
             "level": 1,
             "num-tuples": 0
            }
           }
          },
          "maxRSS": {
           "post": 12752,
           "pre": 12752
          },
          "num-tuples": 0,
          "runtime": { "start": 22105330540, "end": 22105330541},
          "source-locator": "/root/compiler/measurements/punch-list/p1-gate/original/same_generation_negation/emit/transformed.dl [53:1-53:65]"
         }
        }
       },
       "runtime": { "start": 22105330540, "end": 22105330547}
      }
     },
     "num-tuples": 0,
     "reads": 0,
     "source-locator": "/root/compiler/measurements/punch-list/p1-gate/original/same_generation_negation/emit/transformed.dl [28:7-28:21]"
    },
    "sup_sg_bb_r1_2": {
     "iteration": {
      "0": {
       "maxRSS": {
        "post": 12752,
        "pre": 12752
       },
       "num-tuples": 0,
       "recursive-rule": {
        "sup_sg_bb_r1_2(x,y,xp,yp) :- \n   sup_sg_bb_r1_1(x,y,xp),\n   parent(y,yp).": {
         "0": {
          "atom-frequency": {
           "@new_sup_sg_bb_r1_2(x,y,xp,yp) :- \n   @delta_sup_sg_bb_r1_1(x,y,xp),\n   parent(y,yp).": {
            "@delta_sup_sg_bb_r1_1": {
             "level": 0,
             "num-tuples": 0
            },
            "parent": {
             "level": 1,
             "num-tuples": 0
            }
           }
          },
          "maxRSS": {
           "post": 12752,
           "pre": 12752
          },
          "num-tuples": 0,
          "runtime": { "start": 22105330560, "end": 22105330561},
          "source-locator": "/root/compiler/measurements/punch-list/p1-gate/original/same_generation_negation/emit/transformed.dl [54:1-54:73]"
         }
        }
       },
       "runtime": { "start": 22105330551, "end": 22105330569}
      }
     },
     "num-tuples": 0,
     "reads": 0,
     "source-locator": "/root/compiler/measurements/punch-list/p1-gate/original/same_generation_negation/emit/transformed.dl [29:7-29:21]"
    },
    "sup_sg_bb_r1_3": {
     "iteration": {
      "0": {
       "maxRSS": {
        "post": 12752,
        "pre": 12752
       },
       "num-tuples": 0,
       "recursive-rule": {
        "sup_sg_bb_r1_3(x,y) :- \n   sup_sg_bb_r1_2(x,y,xp,yp),\n   sg_bb(xp,yp).": {
         "0": {
          "atom-frequency": {
           "@new_sup_sg_bb_r1_3(x,y) :- \n   sup_sg_bb_r1_2(x,y,xp,yp),\n   @delta_sg_bb(xp,yp).": {
            "sup_sg_bb_r1_2": {
             "level": 0,
             "num-tuples": 0
            }
           }
          },
          "maxRSS": {
           "post": 12752,
           "pre": 12752
          },
          "num-tuples": 0,
          "runtime": { "start": 22105330637, "end": 22105330637},
          "source-locator": "/root/compiler/measurements/punch-list/p1-gate/original/same_generation_negation/emit/transformed.dl [55:1-55:69]"
         }
        }
       },
       "runtime": { "start": 22105330637, "end": 22105330642}
      }
     },
     "num-tuples": 0,
     "reads": 0,
     "source-locator": "/root/compiler/measurements/punch-list/p1-gate/original/same_generation_negation/emit/transformed.dl [30:7-30:21]"
    },
    "sup_sg_bb_r1_4": {
     "iteration": {
      "0": {
       "maxRSS": {
        "post": 12752,
        "pre": 12752
       },
       "num-tuples": 0,
       "recursive-rule": {
        "sup_sg_bb_r1_4(x,y) :- \n   sup_sg_bb_r1_3(x,y),\n   x != y.": {
         "0": {
          "atom-frequency": {
           "@new_sup_sg_bb_r1_4(x,y) :- \n   @delta_sup_sg_bb_r1_3(x,y),\n   x != y.": {
            "@delta_sup_sg_bb_r1_3": {
             "level": 0,
             "num-tuples": 0
            }
           }
          },
          "maxRSS": {
           "post": 12752,
           "pre": 12752
          },
          "num-tuples": 0,
          "runtime": { "start": 22105330646, "end": 22105330646},
          "source-locator": "/root/compiler/measurements/punch-list/p1-gate/original/same_generation_negation/emit/transformed.dl [56:1-56:54]"
         }
        }
       },
       "runtime": { "start": 22105330645, "end": 22105330651}
      }
     },
     "num-tuples": 0,
     "reads": 0,
     "source-locator": "/root/compiler/measurements/punch-list/p1-gate/original/same_generation_negation/emit/transformed.dl [31:7-31:21]"
    },
    "sup_sg_bf_r0_1": {
     "maxRSS": {
      "post": 12624,
      "pre": 12624
     },
     "non-recursive-rule": {
      "sup_sg_bf_r0_1(x) :- \n   magic_sg_bf(x),\n   person(x).": {
       "atom-frequency": {
        "sup_sg_bf_r0_1(x) :- \n   magic_sg_bf(x),\n   person(x).": {
         "magic_sg_bf": {
          "level": 0,
          "num-tuples": 0
         }
        }
       },
       "maxRSS": {
        "post": 12624,
        "pre": 12624
       },
       "num-tuples": 1,
       "runtime": { "start": 22105330429, "end": 22105330430},
       "source-locator": "/root/compiler/measurements/punch-list/p1-gate/original/same_generation_negation/emit/transformed.dl [40:1-40:51]"
      }
     },
     "num-tuples": 1,
     "reads": 0,
     "runtime": { "start": 22105330428, "end": 22105330439},
     "source-locator": "/root/compiler/measurements/punch-list/p1-gate/original/same_generation_negation/emit/transformed.dl [16:7-16:21]"
    },
    "sup_sg_bf_r1_1": {
     "maxRSS": {
      "post": 12752,
      "pre": 12624
     },
     "non-recursive-rule": {
      "sup_sg_bf_r1_1(x,xp) :- \n   magic_sg_bf(x),\n   parent(x,xp).": {
       "atom-frequency": {
        "sup_sg_bf_r1_1(x,xp) :- \n   magic_sg_bf(x),\n   parent(x,xp).": {
         "magic_sg_bf": {
          "level": 0,
          "num-tuples": 0
         },
         "parent": {
          "level": 1,
          "num-tuples": 0
         }
        }
       },
       "maxRSS": {
        "post": 12752,
        "pre": 12624
       },
       "num-tuples": 0,
       "runtime": { "start": 22105330443, "end": 22105330446},
       "source-locator": "/root/compiler/measurements/punch-list/p1-gate/original/same_generation_negation/emit/transformed.dl [43:1-43:59]"
      }
     },
     "num-tuples": 0,
     "reads": 0,
     "runtime": { "start": 22105330442, "end": 22105330465},
     "source-locator": "/root/compiler/measurements/punch-list/p1-gate/original/same_generation_negation/emit/transformed.dl [19:7-19:21]"
    },
    "sup_sg_bf_r1_2": {
     "maxRSS": {
      "post": 12752,
      "pre": 12752
     },
     "non-recursive-rule": {
      "sup_sg_bf_r1_2(x,xp,y,yp) :- \n   sup_sg_bf_r1_1(x,xp),\n   parent(y,yp).": {
       "atom-frequency": {
        "sup_sg_bf_r1_2(x,xp,y,yp) :- \n   sup_sg_bf_r1_1(x,xp),\n   parent(y,yp).": {
         "parent": {
          "level": 1,
          "num-tuples": 0
         },
         "sup_sg_bf_r1_1": {
          "level": 0,
          "num-tuples": 0
         }
        }
       },
       "maxRSS": {
        "post": 12752,
        "pre": 12752
       },
       "num-tuples": 0,
       "runtime": { "start": 22105330483, "end": 22105330484},
       "source-locator": "/root/compiler/measurements/punch-list/p1-gate/original/same_generation_negation/emit/transformed.dl [44:1-44:70]"
      }
     },
     "num-tuples": 0,
     "reads": 0,
     "runtime": { "start": 22105330468, "end": 22105330491},
     "source-locator": "/root/compiler/measurements/punch-list/p1-gate/original/same_generation_negation/emit/transformed.dl [20:7-20:21]"
    },
    "sup_sg_bf_r1_3": {
     "maxRSS": {
      "post": 12752,
      "pre": 12752
     },
     "non-recursive-rule": {
      "sup_sg_bf_r1_3(x,y) :- \n   sup_sg_bf_r1_2(x,xp,y,yp),\n   sg_bb(xp,yp).": {
       "atom-frequency": {
        "sup_sg_bf_r1_3(x,y) :- \n   sup_sg_bf_r1_2(x,xp,y,yp),\n   sg_bb(xp,yp).": {
         "sup_sg_bf_r1_2": {
          "level": 0,
          "num-tuples": 0
         }
        }
       },
       "maxRSS": {
        "post": 12752,
        "pre": 12752
       },
       "num-tuples": 0,
       "runtime": { "start": 22105330679, "end": 22105330680},
       "source-locator": "/root/compiler/measurements/punch-list/p1-gate/original/same_generation_negation/emit/transformed.dl [45:1-45:69]"
      }
     },
     "num-tuples": 0,
     "reads": 0,
     "runtime": { "start": 22105330679, "end": 22105330686},
     "source-locator": "/root/compiler/measurements/punch-list/p1-gate/original/same_generation_negation/emit/transformed.dl [21:7-21:21]"
    },
    "sup_sg_bf_r1_4": {
     "maxRSS": {
      "post": 12752,
      "pre": 12752
     },
     "non-recursive-rule": {
      "sup_sg_bf_r1_4(x,y) :- \n   sup_sg_bf_r1_3(x,y),\n   x != y.": {
       "atom-frequency": {
        "sup_sg_bf_r1_4(x,y) :- \n   sup_sg_bf_r1_3(x,y),\n   x != y.": {
         "sup_sg_bf_r1_3": {
          "level": 0,
          "num-tuples": 0
         }
        }
       },
       "maxRSS": {
        "post": 12752,
        "pre": 12752
       },
       "num-tuples": 0,
       "runtime": { "start": 22105330699, "end": 22105330700},
       "source-locator": "/root/compiler/measurements/punch-list/p1-gate/original/same_generation_negation/emit/transformed.dl [46:1-46:54]"
      }
     },
     "num-tuples": 0,
     "reads": 0,
     "runtime": { "start": 22105330690, "end": 22105330707},
     "source-locator": "/root/compiler/measurements/punch-list/p1-gate/original/same_generation_negation/emit/transformed.dl [22:7-22:21]"
    }
   },
   "runtime": { "start": 22105330131, "end": 22105331196},
   "starttime": { "time": 22105330088},
   "usage": {
    "timepoint": {
     "22105330211": {
      "maxRSS": 12368,
      "systemtime": 0,
      "usertime": 8617
     },
     "22105330355": {
      "maxRSS": 12624,
      "systemtime": 0,
      "usertime": 8848
     },
     "22105330388": {
      "maxRSS": 12624,
      "systemtime": 0,
      "usertime": 8886
     },
     "22105330491": {
      "maxRSS": 12752,
      "systemtime": 0,
      "usertime": 9011
     },
     "22105330536": {
      "maxRSS": 12752,
      "systemtime": 0,
      "usertime": 9068
     },
     "22105330641": {
      "maxRSS": 12752,
      "systemtime": 0,
      "usertime": 9185
     },
     "22105330674": {
      "maxRSS": 12752,
      "systemtime": 0,
      "usertime": 9233
     },
     "22105330785": {
      "maxRSS": 12752,
      "systemtime": 0,
      "usertime": 9353
     }
    }
   }
  }
 }
}
