{
 "root": {
  "program": {
   "configuration": {
    "": "/root/compiler/tests/corpus/CULPRIT_CANDIDATES/cc_mixed_fallback.dl",
    "fact-dir": "/root/compiler/fixtures/culprit_candidates/cc_mixed_fallback",
    "include-dir": ".",
    "jobs": "1",
    "libraries": "functors",
    "library-dir": ".",
    "output-dir": "/root/compiler/measurements/m3-5-headline/candidates/cc_mixed_fallback/none",
    "profile": "prof.log",
    "relationCount": "12",
    "ruleCount": "16",
    "version": "2.5",
    "warn": "all",
    "wno": "none"
   },
   "relation": {
    "ancestor": {
     "iteration": {
      "0": {
       "copytime": { "start": 29424883151, "end": 29424883153},
       "maxRSS": {
        "post": 16772,
        "pre": 16772
       },
       "num-tuples": 2,
       "recursive-rule": {
        "ancestor(x,y) :- \n   parent(x,z),\n   ancestor(z,y).": {
         "0": {
          "atom-frequency": {
           "@new_ancestor(x,y) :- \n   parent(x,z),\n   @delta_ancestor(z,y).": {
            "@delta_ancestor": {
             "level": 1,
             "num-tuples": 0
            },
            "parent": {
             "level": 0,
             "num-tuples": 0
            }
           }
          },
          "maxRSS": {
           "post": 16772,
           "pre": 16772
          },
          "num-tuples": 2,
          "runtime": { "start": 29424883112, "end": 29424883123},
          "source-locator": "/root/compiler/tests/corpus/CULPRIT_CANDIDATES/cc_mixed_fallback.dl [35:1-35:45]"
         }
        }
       },
       "runtime": { "start": 29424883110, "end": 29424883131}
      },
      "1": {
       "copytime": { "start": 29424883197, "end": 29424883198},
       "maxRSS": {
        "post": 16772,
        "pre": 16772
       },
       "num-tuples": 1,
       "recursive-rule": {
        "ancestor(x,y) :- \n   parent(x,z),\n   ancestor(z,y).": {
         "0": {
          "maxRSS": {
           "post": 16772,
           "pre": 16772
          },
          "num-tuples": 1,
          "runtime": { "start": 29424883167, "end": 29424883168},
          "source-locator": "/root/compiler/tests/corpus/CULPRIT_CANDIDATES/cc_mixed_fallback.dl [35:1-35:45]"
         }
        }
       },
       "runtime": { "start": 29424883157, "end": 29424883177}
      },
      "2": {
       "maxRSS": {
        "post": 16772,
        "pre": 16772
       },
       "num-tuples": 0,
       "recursive-rule": {
        "ancestor(x,y) :- \n   parent(x,z),\n   ancestor(z,y).": {
         "0": {
          "maxRSS": {
           "post": 16772,
           "pre": 16772
          },
          "num-tuples": 0,
          "runtime": { "start": 29424883211, "end": 29424883212},
          "source-locator": "/root/compiler/tests/corpus/CULPRIT_CANDIDATES/cc_mixed_fallback.dl [35:1-35:45]"
         }
        }
       },
       "runtime": { "start": 29424883201, "end": 29424883220}
      }
     },
     "maxRSS": {
      "post": 16772,
      "pre": 16772
     },
     "non-recursive-rule": {
      "ancestor(x,y) :- \n   parent(x,y).": {
       "atom-frequency": {
        "ancestor(x,y) :- \n   parent(x,y).": {
         "parent": {
          "level": 0,
          "num-tuples": 0
         }
        }
       },
       "maxRSS": {
        "post": 16772,
        "pre": 16772
       },
       "num-tuples": 3,
       "runtime": { "start": 29424883085, "end": 29424883093},
       "source-locator": "/root/compiler/tests/corpus/CULPRIT_CANDIDATES/cc_mixed_fallback.dl [34:1-34:30]"
      }
     },
     "num-tuples": 3,
     "reads": 19,
     "runtime": { "start": 29424883073, "end": 29424883103},
     "source-locator": "/root/compiler/tests/corpus/CULPRIT_CANDIDATES/cc_mixed_fallback.dl [33:7-33:15]"
    },
    "ans": {
     "maxRSS": {
      "post": 16772,
      "pre": 16772
     },
     "non-recursive-rule": {
      "ans(y) :- \n   combo(1,y).": {
       "atom-frequency": {
        "ans(y) :- \n   combo(1,y).": {
         "combo": {
          "level": 0,
          "num-tuples": 0
         }
        }
       },
       "maxRSS": {
        "post": 16772,
        "pre": 16772
       },
       "num-tuples": 1,
       "runtime": { "start": 29424883431, "end": 29424883432},
       "source-locator": "/root/compiler/tests/corpus/CULPRIT_CANDIDATES/cc_mixed_fallback.dl [44:1-44:22]"
      }
     },
     "num-tuples": 1,
     "reads": 0,
     "runtime": { "start": 29424883421, "end": 29424883440},
     "savetime": { "start": 29424883444, "end": 29424883723},
     "source-locator": "/root/compiler/tests/corpus/CULPRIT_CANDIDATES/cc_mixed_fallback.dl [43:7-43:10]"
    },
    "base": {
     "loadtime": { "start": 29424882004, "end": 29424882316},
     "num-tuples": 3,
     "reads": 0,
     "source-locator": "/root/compiler/tests/corpus/CULPRIT_CANDIDATES/cc_mixed_fallback.dl [15:7-15:11]"
    },
    "blocked": {
     "loadtime": { "start": 29424882328, "end": 29424882569},
     "num-tuples": 1,
     "reads": 6,
     "source-locator": "/root/compiler/tests/corpus/CULPRIT_CANDIDATES/cc_mixed_fallback.dl [17:7-17:14]"
    },
    "combo": {
     "maxRSS": {
      "post": 16772,
      "pre": 16772
     },
     "non-recursive-rule": {
      "combo(x,y) :- \n   p(x,y),\n   nonancestor(x,y).": {
       "atom-frequency": {
        "combo(x,y) :- \n   p(x,y),\n   nonancestor(x,y).": {
         "p": {
          "level": 0,
          "num-tuples": 0
         }
        }
       },
       "maxRSS": {
        "post": 16772,
        "pre": 16772
       },
       "num-tuples": 2,
       "runtime": { "start": 29424883409, "end": 29424883410},
       "source-locator": "/root/compiler/tests/corpus/CULPRIT_CANDIDATES/cc_mixed_fallback.dl [41:1-41:40]"
      }
     },
     "num-tuples": 2,
     "reads": 0,
     "runtime": { "start": 29424883408, "end": 29424883417},
     "source-locator": "/root/compiler/tests/corpus/CULPRIT_CANDIDATES/cc_mixed_fallback.dl [40:7-40:12]"
    },
    "e": {
     "loadtime": { "start": 29424882581, "end": 29424882780},
     "num-tuples": 2,
     "reads": 0,
     "source-locator": "/root/compiler/tests/corpus/CULPRIT_CANDIDATES/cc_mixed_fallback.dl [16:7-16:8]"
    },
    "nonancestor": {
     "maxRSS": {
      "post": 16772,
      "pre": 16772
     },
     "non-recursive-rule": {
      "nonancestor(x,y) :- \n   person(x),\n   person(y),\n   !ancestor(x,y).": {
       "atom-frequency": {
        "nonancestor(x,y) :- \n   person(x),\n   person(y),\n   !ancestor(x,y).": {
         "person": {
          "level": 0,
          "num-tuples": 0
         }
        }
       },
       "maxRSS": {
        "post": 16772,
        "pre": 16772
       },
       "num-tuples": 10,
       "runtime": { "start": 29424883310, "end": 29424883312},
       "source-locator": "/root/compiler/tests/corpus/CULPRIT_CANDIDATES/cc_mixed_fallback.dl [38:1-38:58]"
      }
     },
     "num-tuples": 10,
     "reads": 2,
     "runtime": { "start": 29424883309, "end": 29424883318},
     "source-locator": "/root/compiler/tests/corpus/CULPRIT_CANDIDATES/cc_mixed_fallback.dl [37:7-37:18]"
    },
    "p": {
     "iteration": {
      "0": {
       "maxRSS": {
        "post": 16772,
        "pre": 16772
       },
       "num-tuples": 0,
       "recursive-rule": {
        "p(x,y) :- \n   p(x,z),\n   !s(z),\n   q(z,y).": {
         "0": {
          "atom-frequency": {
           "@new_p(x,y) :- \n   @delta_p(x,z),\n   !s(z),\n   q(z,y).": {
            "@delta_p": {
             "level": 0,
             "num-tuples": 0
            },
            "q": {
             "level": 1,
             "num-tuples": 0
            }
           }
          },
          "maxRSS": {
           "post": 16772,
           "pre": 16772
          },
          "num-tuples": 0,
          "runtime": { "start": 29424883380, "end": 29424883381},
          "source-locator": "/root/compiler/tests/corpus/CULPRIT_CANDIDATES/cc_mixed_fallback.dl [28:1-28:33]"
         }
        }
       },
       "runtime": { "start": 29424883370, "end": 29424883389}
      }
     },
     "maxRSS": {
      "post": 16772,
      "pre": 16772
     },
     "non-recursive-rule": {
      "p(x,y) :- \n   e(x,y).": {
       "atom-frequency": {
        "p(x,y) :- \n   e(x,y).": {
         "e": {
          "level": 0,
          "num-tuples": 0
         }
        }
       },
       "maxRSS": {
        "post": 16772,
        "pre": 16772
       },
       "num-tuples": 2,
       "runtime": { "start": 29424883356, "end": 29424883357},
       "source-locator": "/root/compiler/tests/corpus/CULPRIT_CANDIDATES/cc_mixed_fallback.dl [27:1-27:18]"
      }
     },
     "num-tuples": 2,
     "reads": 0,
     "runtime": { "start": 29424883347, "end": 29424883365},
     "source-locator": "/root/compiler/tests/corpus/CULPRIT_CANDIDATES/cc_mixed_fallback.dl [26:7-26:8]"
    },
    "parent": {
     "loadtime": { "start": 29424882790, "end": 29424882842},
     "num-tuples": 3,
     "reads": 0,
     "source-locator": "/root/compiler/tests/corpus/CULPRIT_CANDIDATES/cc_mixed_fallback.dl [30:7-30:13]"
    },
    "person": {
     "loadtime": { "start": 29424882849, "end": 29424883061},
     "num-tuples": 4,
     "reads": 0,
     "source-locator": "/root/compiler/tests/corpus/CULPRIT_CANDIDATES/cc_mixed_fallback.dl [31:7-31:13]"
    },
    "q": {
     "iteration": {
      "0": {
       "copytime": { "start": 29424883280, "end": 29424883280},
       "maxRSS": {
        "post": 16772,
        "pre": 16772
       },
       "num-tuples": 2,
       "recursive-rule": {
        "q(x,y) :- \n   q(x,z),\n   base(z,y).": {
         "0": {
          "atom-frequency": {
           "@new_q(x,y) :- \n   @delta_q(x,z),\n   base(z,y).": {
            "@delta_q": {
             "level": 0,
             "num-tuples": 0
            },
            "base": {
             "level": 1,
             "num-tuples": 0
            }
           }
          },
          "maxRSS": {
           "post": 16772,
           "pre": 16772
          },
          "num-tuples": 2,
          "runtime": { "start": 29424883262, "end": 29424883264},
          "source-locator": "/root/compiler/tests/corpus/CULPRIT_CANDIDATES/cc_mixed_fallback.dl [21:1-21:29]"
         }
        }
       },
       "runtime": { "start": 29424883253, "end": 29424883272}
      },
      "1": {
       "copytime": { "start": 29424883295, "end": 29424883296},
       "maxRSS": {
        "post": 16772,
        "pre": 16772
       },
       "num-tuples": 1,
       "recursive-rule": {
        "q(x,y) :- \n   q(x,z),\n   base(z,y).": {
         "0": {
          "maxRSS": {
           "post": 16772,
           "pre": 16772
          },
          "num-tuples": 1,
          "runtime": { "start": 29424883284, "end": 29424883285},
          "source-locator": "/root/compiler/tests/corpus/CULPRIT_CANDIDATES/cc_mixed_fallback.dl [21:1-21:29]"
         }
        }
       },
       "runtime": { "start": 29424883283, "end": 29424883289}
      },
      "2": {
       "maxRSS": {
        "post": 16772,
        "pre": 16772
       },
       "num-tuples": 0,
       "recursive-rule": {
        "q(x,y) :- \n   q(x,z),\n   base(z,y).": {
         "0": {
          "maxRSS": {
           "post": 16772,
           "pre": 16772
          },
          "num-tuples": 0,
          "runtime": { "start": 29424883298, "end": 29424883299},
          "source-locator": "/root/compiler/tests/corpus/CULPRIT_CANDIDATES/cc_mixed_fallback.dl [21:1-21:29]"
         }
        }
       },
       "runtime": { "start": 29424883298, "end": 29424883304}
      }
     },
     "maxRSS": {
      "post": 16772,
      "pre": 16772
     },
     "non-recursive-rule": {
      "q(x,y) :- \n   base(x,y).": {
       "atom-frequency": {
        "q(x,y) :- \n   base(x,y).": {
         "base": {
          "level": 0,
          "num-tuples": 0
         }
        }
       },
       "maxRSS": {
        "post": 16772,
        "pre": 16772
       },
       "num-tuples": 3,
       "runtime": { "start": 29424883239, "end": 29424883240},
       "source-locator": "/root/compiler/tests/corpus/CULPRIT_CANDIDATES/cc_mixed_fallback.dl [20:1-20:21]"
      }
     },
     "num-tuples": 3,
     "reads": 3,
     "runtime": { "start": 29424883230, "end": 29424883248},
     "source-locator": "/root/compiler/tests/corpus/CULPRIT_CANDIDATES/cc_mixed_fallback.dl [19:7-19:8]"
    },
    "s": {
     "maxRSS": {
      "post": 16772,
      "pre": 16772
     },
     "non-recursive-rule": {
      "s(x) :- \n   q(x,y),\n   blocked(y).": {
       "atom-frequency": {
        "s(x) :- \n   q(x,y),\n   blocked(y).": {
         "q": {
          "level": 0,
          "num-tuples": 0
         }
        }
       },
       "maxRSS": {
        "post": 16772,
        "pre": 16772
       },
       "num-tuples": 3,
       "runtime": { "start": 29424883333, "end": 29424883335},
       "source-locator": "/root/compiler/tests/corpus/CULPRIT_CANDIDATES/cc_mixed_fallback.dl [24:1-24:28]"
      }
     },
     "num-tuples": 3,
     "reads": 2,
     "runtime": { "start": 29424883323, "end": 29424883342},
     "source-locator": "/root/compiler/tests/corpus/CULPRIT_CANDIDATES/cc_mixed_fallback.dl [23:7-23:8]"
    }
   },
   "runtime": { "start": 29424881998, "end": 29424883730},
   "starttime": { "time": 29424881960},
   "usage": {
    "timepoint": {
     "29424881979": {
      "maxRSS": 16772,
      "systemtime": 0,
      "usertime": 3202
     },
     "29424882007": {
      "maxRSS": 16772,
      "systemtime": 0,
      "usertime": 5215
     },
     "29424882351": {
      "maxRSS": 16772,
      "systemtime": 0,
      "usertime": 5550
     },
     "29424882610": {
      "maxRSS": 16772,
      "systemtime": 0,
      "usertime": 5819
     },
     "29424882809": {
      "maxRSS": 16772,
      "systemtime": 0,
      "usertime": 6041
     },
     "29424882864": {
      "maxRSS": 16772,
      "systemtime": 0,
      "usertime": 6109
     },
     "29424883096": {
      "maxRSS": 16772,
      "systemtime": 0,
      "usertime": 6364
     },
     "29424883114": {
      "maxRSS": 16772,
      "systemtime": 0,
      "usertime": 6398
     },
     "29424883154": {
      "maxRSS": 16772,
      "systemtime": 0,
      "usertime": 6443
     },
     "29424883171": {
      "maxRSS": 16772,
      "systemtime": 0,
      "usertime": 6463
     },
     "29424883195": {
      "maxRSS": 16772,
      "systemtime": 0,
      "usertime": 6492
     },
     "29424883219": {
      "maxRSS": 16772,
      "systemtime": 0,
      "usertime": 6529
     },
     "29424883243": {
      "maxRSS": 16772,
      "systemtime": 0,
      "usertime": 6559
     },
     "29424883292": {
      "maxRSS": 16772,
      "systemtime": 0,
      "usertime": 6628
     },
     "29424883337": {
      "maxRSS": 16772,
      "systemtime": 0,
      "usertime": 6699
     },
     "29424883361": {
      "maxRSS": 16772,
      "systemtime": 0,
      "usertime": 6727
     },
     "29424883381": {
      "maxRSS": 16772,
      "systemtime": 0,
      "usertime": 6756
     },
     "29424883412": {
      "maxRSS": 16772,
      "systemtime": 0,
      "usertime": 6794
     },
     "29424883437": {
      "maxRSS": 16772,
      "systemtime": 0,
      "usertime": 6826
     },
     "29424883460": {
      "maxRSS": 16772,
      "systemtime": 0,
      "usertime": 6846
     }
    }
   }
  }
 }
}
