{
 "root": {
  "program": {
   "configuration": {
    "": "/root/compiler/measurements/punch-list-2/item2-growing-sibling/n50/emit_guarded/transformed.dl",
    "fact-dir": "/root/compiler/fixtures/cone_corpus/cc_growing_sibling/n50",
    "include-dir": ".",
    "jobs": "1",
    "libraries": "functors",
    "library-dir": ".",
    "output-dir": "/root/compiler/measurements/punch-list-2/item2-growing-sibling/n50/dlc",
    "profile": "prof.log",
    "relationCount": "14",
    "ruleCount": "23",
    "version": "2.5",
    "warn": "all",
    "wno": "none"
   },
   "relation": {
    "base": {
     "loadtime": { "start": 4297166139, "end": 4297166246},
     "num-tuples": 30,
     "reads": 0,
     "source-locator": "/root/compiler/measurements/punch-list-2/item2-growing-sibling/n50/emit_guarded/transformed.dl [1:7-1:11]"
    },
    "blocked": {
     "loadtime": { "start": 4297166255, "end": 4297166281},
     "num-tuples": 4,
     "reads": 161,
     "source-locator": "/root/compiler/measurements/punch-list-2/item2-growing-sibling/n50/emit_guarded/transformed.dl [5:7-5:14]"
    },
    "e": {
     "loadtime": { "start": 4297166288, "end": 4297166316},
     "num-tuples": 30,
     "reads": 0,
     "source-locator": "/root/compiler/measurements/punch-list-2/item2-growing-sibling/n50/emit_guarded/transformed.dl [3:7-3:8]"
    },
    "magic_tc_bf": {
     "maxRSS": {
      "post": 12412,
      "pre": 12412
     },
     "non-recursive-rule": {
      "magic_tc_bf(1).": {
       "maxRSS": {
        "post": 12412,
        "pre": 12412
       },
       "num-tuples": 1,
       "runtime": { "start": 4297166331, "end": 4297166335},
       "source-locator": "/root/compiler/measurements/punch-list-2/item2-growing-sibling/n50/emit_guarded/transformed.dl [38:1-38:16]"
      }
     },
     "num-tuples": 1,
     "reads": 0,
     "runtime": { "start": 4297166322, "end": 4297166344},
     "source-locator": "/root/compiler/measurements/punch-list-2/item2-growing-sibling/n50/emit_guarded/transformed.dl [23:7-23:18]"
    },
    "out": {
     "maxRSS": {
      "post": 12796,
      "pre": 12796
     },
     "non-recursive-rule": {
      "out(y) :- \n   p(1,y).": {
       "atom-frequency": {
        "out(y) :- \n   p(1,y).": {
         "p": {
          "level": 0,
          "num-tuples": 0
         }
        }
       },
       "maxRSS": {
        "post": 12796,
        "pre": 12796
       },
       "num-tuples": 2,
       "runtime": { "start": 4297168626, "end": 4297168627},
       "source-locator": "/root/compiler/measurements/punch-list-2/item2-growing-sibling/n50/emit_guarded/transformed.dl [37:1-37:19]"
      }
     },
     "num-tuples": 2,
     "reads": 0,
     "runtime": { "start": 4297168626, "end": 4297168635},
     "savetime": { "start": 4297168639, "end": 4297168676},
     "source-locator": "/root/compiler/measurements/punch-list-2/item2-growing-sibling/n50/emit_guarded/transformed.dl [12:7-12:10]"
    },
    "out2": {
     "maxRSS": {
      "post": 12796,
      "pre": 12796
     },
     "non-recursive-rule": {
      "out2(y) :- \n   tc_bf(1,y).": {
       "atom-frequency": {
        "out2(y) :- \n   tc_bf(1,y).": {
         "tc_bf": {
          "level": 0,
          "num-tuples": 0
         }
        }
       },
       "maxRSS": {
        "post": 12796,
        "pre": 12796
       },
       "num-tuples": 50,
       "runtime": { "start": 4297168357, "end": 4297168361},
       "source-locator": "/root/compiler/measurements/punch-list-2/item2-growing-sibling/n50/emit_guarded/transformed.dl [39:1-39:24]"
      }
     },
     "num-tuples": 50,
     "reads": 0,
     "runtime": { "start": 4297168356, "end": 4297168368},
     "savetime": { "start": 4297168372, "end": 4297168511},
     "source-locator": "/root/compiler/measurements/punch-list-2/item2-growing-sibling/n50/emit_guarded/transformed.dl [15:7-15:11]"
    },
    "p": {
     "iteration": {
      "0": {
       "copytime": { "start": 4297168590, "end": 4297168591},
       "maxRSS": {
        "post": 12796,
        "pre": 12796
       },
       "num-tuples": 1,
       "recursive-rule": {
        "p(x,y) :- \n   p(x,z),\n   !s(z),\n   q(z,y).": {
         "0": {
          "atom-frequency": {
           "@new_p(x,y) :- \n   @delta_p(x,z),\n   !s(z),\n   q(z,y).": {
            "@delta_p": {
             "level": 0,
             "num-tuples": 0
            },
            "q": {
             "level": 1,
             "num-tuples": 0
            }
           }
          },
          "maxRSS": {
           "post": 12796,
           "pre": 12796
          },
          "num-tuples": 1,
          "runtime": { "start": 4297168557, "end": 4297168562},
          "source-locator": "/root/compiler/measurements/punch-list-2/item2-growing-sibling/n50/emit_guarded/transformed.dl [25:1-25:36]"
         }
        }
       },
       "runtime": { "start": 4297168548, "end": 4297168571}
      },
      "1": {
       "maxRSS": {
        "post": 12796,
        "pre": 12796
       },
       "num-tuples": 0,
       "recursive-rule": {
        "p(x,y) :- \n   p(x,z),\n   !s(z),\n   q(z,y).": {
         "0": {
          "maxRSS": {
           "post": 12796,
           "pre": 12796
          },
          "num-tuples": 0,
          "runtime": { "start": 4297168597, "end": 4297168598},
          "source-locator": "/root/compiler/measurements/punch-list-2/item2-growing-sibling/n50/emit_guarded/transformed.dl [25:1-25:36]"
         }
        }
       },
       "runtime": { "start": 4297168595, "end": 4297168606}
      }
     },
     "maxRSS": {
      "post": 12796,
      "pre": 12796
     },
     "non-recursive-rule": {
      "p(x,y) :- \n   e(x,y).": {
       "atom-frequency": {
        "p(x,y) :- \n   e(x,y).": {
         "e": {
          "level": 0,
          "num-tuples": 0
         }
        }
       },
       "maxRSS": {
        "post": 12796,
        "pre": 12796
       },
       "num-tuples": 30,
       "runtime": { "start": 4297168528, "end": 4297168532},
       "source-locator": "/root/compiler/measurements/punch-list-2/item2-growing-sibling/n50/emit_guarded/transformed.dl [24:1-24:20]"
      }
     },
     "num-tuples": 30,
     "reads": 1,
     "runtime": { "start": 4297168517, "end": 4297168541},
     "source-locator": "/root/compiler/measurements/punch-list-2/item2-growing-sibling/n50/emit_guarded/transformed.dl [11:7-11:8]"
    },
    "q": {
     "iteration": {
      "0": {
       "copytime": { "start": 4297166493, "end": 4297166497},
       "maxRSS": {
        "post": 12668,
        "pre": 12412
       },
       "num-tuples": 39,
       "recursive-rule": {
        "q(x,y) :- \n   q(x,z),\n   base(z,y).": {
         "0": {
          "atom-frequency": {
           "@new_q(x,y) :- \n   @delta_q(x,z),\n   base(z,y).": {
            "@delta_q": {
             "level": 0,
             "num-tuples": 0
            },
            "base": {
             "level": 1,
             "num-tuples": 0
            }
           }
          },
          "maxRSS": {
           "post": 12668,
           "pre": 12412
          },
          "num-tuples": 39,
          "runtime": { "start": 4297166443, "end": 4297166462},
          "source-locator": "/root/compiler/measurements/punch-list-2/item2-growing-sibling/n50/emit_guarded/transformed.dl [27:1-27:32]"
         }
        }
       },
       "runtime": { "start": 4297166434, "end": 4297166472}
      },
      "1": {
       "copytime": { "start": 4297166527, "end": 4297166530},
       "maxRSS": {
        "post": 12668,
        "pre": 12668
       },
       "num-tuples": 35,
       "recursive-rule": {
        "q(x,y) :- \n   q(x,z),\n   base(z,y).": {
         "0": {
          "maxRSS": {
           "post": 12668,
           "pre": 12668
          },
          "num-tuples": 35,
          "runtime": { "start": 4297166502, "end": 4297166513},
          "source-locator": "/root/compiler/measurements/punch-list-2/item2-growing-sibling/n50/emit_guarded/transformed.dl [27:1-27:32]"
         }
        }
       },
       "runtime": { "start": 4297166502, "end": 4297166520}
      },
      "2": {
       "copytime": { "start": 4297166566, "end": 4297166570},
       "maxRSS": {
        "post": 12668,
        "pre": 12668
       },
       "num-tuples": 31,
       "recursive-rule": {
        "q(x,y) :- \n   q(x,z),\n   base(z,y).": {
         "0": {
          "maxRSS": {
           "post": 12668,
           "pre": 12668
          },
          "num-tuples": 31,
          "runtime": { "start": 4297166533, "end": 4297166543},
          "source-locator": "/root/compiler/measurements/punch-list-2/item2-growing-sibling/n50/emit_guarded/transformed.dl [27:1-27:32]"
         }
        }
       },
       "runtime": { "start": 4297166533, "end": 4297166547}
      },
      "3": {
       "copytime": { "start": 4297166609, "end": 4297166612},
       "maxRSS": {
        "post": 12668,
        "pre": 12668
       },
       "num-tuples": 20,
       "recursive-rule": {
        "q(x,y) :- \n   q(x,z),\n   base(z,y).": {
         "0": {
          "maxRSS": {
           "post": 12668,
           "pre": 12668
          },
          "num-tuples": 20,
          "runtime": { "start": 4297166574, "end": 4297166583},
          "source-locator": "/root/compiler/measurements/punch-list-2/item2-growing-sibling/n50/emit_guarded/transformed.dl [27:1-27:32]"
         }
        }
       },
       "runtime": { "start": 4297166574, "end": 4297166590}
      },
      "4": {
       "copytime": { "start": 4297166650, "end": 4297166652},
       "maxRSS": {
        "post": 12668,
        "pre": 12668
       },
       "num-tuples": 6,
       "recursive-rule": {
        "q(x,y) :- \n   q(x,z),\n   base(z,y).": {
         "0": {
          "maxRSS": {
           "post": 12668,
           "pre": 12668
          },
          "num-tuples": 6,
          "runtime": { "start": 4297166617, "end": 4297166622},
          "source-locator": "/root/compiler/measurements/punch-list-2/item2-growing-sibling/n50/emit_guarded/transformed.dl [27:1-27:32]"
         }
        }
       },
       "runtime": { "start": 4297166616, "end": 4297166630}
      },
      "5": {
       "maxRSS": {
        "post": 12668,
        "pre": 12668
       },
       "num-tuples": 0,
       "recursive-rule": {
        "q(x,y) :- \n   q(x,z),\n   base(z,y).": {
         "0": {
          "maxRSS": {
           "post": 12668,
           "pre": 12668
          },
          "num-tuples": 0,
          "runtime": { "start": 4297166656, "end": 4297166659},
          "source-locator": "/root/compiler/measurements/punch-list-2/item2-growing-sibling/n50/emit_guarded/transformed.dl [27:1-27:32]"
         }
        }
       },
       "runtime": { "start": 4297166655, "end": 4297166665}
      }
     },
     "maxRSS": {
      "post": 12412,
      "pre": 12412
     },
     "non-recursive-rule": {
      "q(x,y) :- \n   base(x,y).": {
       "atom-frequency": {
        "q(x,y) :- \n   base(x,y).": {
         "base": {
          "level": 0,
          "num-tuples": 0
         }
        }
       },
       "maxRSS": {
        "post": 12412,
        "pre": 12412
       },
       "num-tuples": 30,
       "runtime": { "start": 4297166414, "end": 4297166419},
       "source-locator": "/root/compiler/measurements/punch-list-2/item2-growing-sibling/n50/emit_guarded/transformed.dl [26:1-26:23]"
      }
     },
     "num-tuples": 30,
     "reads": 245,
     "runtime": { "start": 4297166405, "end": 4297166426},
     "source-locator": "/root/compiler/measurements/punch-list-2/item2-growing-sibling/n50/emit_guarded/transformed.dl [9:7-9:8]"
    },
    "s": {
     "maxRSS": {
      "post": 12668,
      "pre": 12668
     },
     "non-recursive-rule": {
      "s(x) :- \n   q(x,y),\n   blocked(y).": {
       "atom-frequency": {
        "s(x) :- \n   q(x,y),\n   blocked(y).": {
         "q": {
          "level": 0,
          "num-tuples": 0
         }
        }
       },
       "maxRSS": {
        "post": 12668,
        "pre": 12668
       },
       "num-tuples": 16,
       "runtime": { "start": 4297166709, "end": 4297166716},
       "source-locator": "/root/compiler/measurements/punch-list-2/item2-growing-sibling/n50/emit_guarded/transformed.dl [28:1-28:29]"
      }
     },
     "num-tuples": 16,
     "reads": 31,
     "runtime": { "start": 4297166699, "end": 4297166724},
     "source-locator": "/root/compiler/measurements/punch-list-2/item2-growing-sibling/n50/emit_guarded/transformed.dl [10:7-10:8]"
    },
    "sibling_edge": {
     "loadtime": { "start": 4297166349, "end": 4297166398},
     "num-tuples": 149,
     "reads": 0,
     "source-locator": "/root/compiler/measurements/punch-list-2/item2-growing-sibling/n50/emit_guarded/transformed.dl [7:7-7:19]"
    },
    "sup_tc_bf_r0_1": {
     "maxRSS": {
      "post": 12668,
      "pre": 12668
     },
     "non-recursive-rule": {
      "sup_tc_bf_r0_1(x,y) :- \n   magic_tc_bf(x),\n   sibling_edge(x,y).": {
       "atom-frequency": {
        "sup_tc_bf_r0_1(x,y) :- \n   magic_tc_bf(x),\n   sibling_edge(x,y).": {
         "magic_tc_bf": {
          "level": 0,
          "num-tuples": 0
         },
         "sibling_edge": {
          "level": 1,
          "num-tuples": 0
         }
        }
       },
       "maxRSS": {
        "post": 12668,
        "pre": 12668
       },
       "num-tuples": 6,
       "runtime": { "start": 4297166686, "end": 4297166687},
       "source-locator": "/root/compiler/measurements/punch-list-2/item2-growing-sibling/n50/emit_guarded/transformed.dl [30:1-30:63]"
      }
     },
     "num-tuples": 6,
     "reads": 0,
     "runtime": { "start": 4297166685, "end": 4297166695},
     "source-locator": "/root/compiler/measurements/punch-list-2/item2-growing-sibling/n50/emit_guarded/transformed.dl [18:7-18:21]"
    },
    "sup_tc_bf_r1_1": {
     "iteration": {
      "0": {
       "copytime": { "start": 4297166847, "end": 4297166857},
       "maxRSS": {
        "post": 12668,
        "pre": 12668
       },
       "num-tuples": 6,
       "recursive-rule": {
        "sup_tc_bf_r1_1(x,z) :- \n   magic_tc_bf(x),\n   tc_bf(x,z).": {
         "0": {
          "atom-frequency": {
           "@new_sup_tc_bf_r1_1(x,z) :- \n   magic_tc_bf(x),\n   @delta_tc_bf(x,z).": {
            "@delta_tc_bf": {
             "level": 1,
             "num-tuples": 0
            },
            "magic_tc_bf": {
             "level": 0,
             "num-tuples": 0
            }
           }
          },
          "maxRSS": {
           "post": 12668,
           "pre": 12668
          },
          "num-tuples": 6,
          "runtime": { "start": 4297166765, "end": 4297166767},
          "source-locator": "/root/compiler/measurements/punch-list-2/item2-growing-sibling/n50/emit_guarded/transformed.dl [33:1-33:56]"
         }
        }
       },
       "runtime": { "start": 4297166756, "end": 4297166776}
      },
      "1": {
       "copytime": { "start": 4297166974, "end": 4297166974},
       "maxRSS": {
        "post": 12668,
        "pre": 12668
       },
       "num-tuples": 0,
       "recursive-rule": {
        "sup_tc_bf_r1_1(x,z) :- \n   magic_tc_bf(x),\n   tc_bf(x,z).": {
         "0": {
          "maxRSS": {
           "post": 12668,
           "pre": 12668
          },
          "num-tuples": 0,
          "runtime": { "start": 4297166881, "end": 4297166882},
          "source-locator": "/root/compiler/measurements/punch-list-2/item2-growing-sibling/n50/emit_guarded/transformed.dl [33:1-33:56]"
         }
        }
       },
       "runtime": { "start": 4297166881, "end": 4297166888}
      },
      "10": {
       "copytime": { "start": 4297168020, "end": 4297168021},
       "maxRSS": {
        "post": 12668,
        "pre": 12668
       },
       "num-tuples": 0,
       "recursive-rule": {
        "sup_tc_bf_r1_1(x,z) :- \n   magic_tc_bf(x),\n   tc_bf(x,z).": {
         "0": {
          "maxRSS": {
           "post": 12668,
           "pre": 12668
          },
          "num-tuples": 0,
          "runtime": { "start": 4297167907, "end": 4297167908},
          "source-locator": "/root/compiler/measurements/punch-list-2/item2-growing-sibling/n50/emit_guarded/transformed.dl [33:1-33:56]"
         }
        }
       },
       "runtime": { "start": 4297167898, "end": 4297167918}
      },
      "11": {
       "copytime": { "start": 4297168119, "end": 4297168120},
       "maxRSS": {
        "post": 12668,
        "pre": 12668
       },
       "num-tuples": 0,
       "recursive-rule": {
        "sup_tc_bf_r1_1(x,z) :- \n   magic_tc_bf(x),\n   tc_bf(x,z).": {
         "0": {
          "maxRSS": {
           "post": 12668,
           "pre": 12668
          },
          "num-tuples": 0,
          "runtime": { "start": 4297168045, "end": 4297168046},
          "source-locator": "/root/compiler/measurements/punch-list-2/item2-growing-sibling/n50/emit_guarded/transformed.dl [33:1-33:56]"
         }
        }
       },
       "runtime": { "start": 4297168045, "end": 4297168054}
      },
      "12": {
       "copytime": { "start": 4297168236, "end": 4297168236},
       "maxRSS": {
        "post": 12796,
        "pre": 12796
       },
       "num-tuples": 2,
       "recursive-rule": {
        "sup_tc_bf_r1_1(x,z) :- \n   magic_tc_bf(x),\n   tc_bf(x,z).": {
         "0": {
          "maxRSS": {
           "post": 12796,
           "pre": 12796
          },
          "num-tuples": 2,
          "runtime": { "start": 4297168141, "end": 4297168142},
          "source-locator": "/root/compiler/measurements/punch-list-2/item2-growing-sibling/n50/emit_guarded/transformed.dl [33:1-33:56]"
         }
        }
       },
       "runtime": { "start": 4297168132, "end": 4297168150}
      },
      "13": {
       "maxRSS": {
        "post": 12796,
        "pre": 12796
       },
       "num-tuples": 0,
       "recursive-rule": {
        "sup_tc_bf_r1_1(x,z) :- \n   magic_tc_bf(x),\n   tc_bf(x,z).": {
         "0": {
          "maxRSS": {
           "post": 12796,
           "pre": 12796
          },
          "num-tuples": 0,
          "runtime": { "start": 4297168260, "end": 4297168261},
          "source-locator": "/root/compiler/measurements/punch-list-2/item2-growing-sibling/n50/emit_guarded/transformed.dl [33:1-33:56]"
         }
        }
       },
       "runtime": { "start": 4297168259, "end": 4297168267}
      },
      "2": {
       "copytime": { "start": 4297167100, "end": 4297167100},
       "maxRSS": {
        "post": 12668,
        "pre": 12668
       },
       "num-tuples": 0,
       "recursive-rule": {
        "sup_tc_bf_r1_1(x,z) :- \n   magic_tc_bf(x),\n   tc_bf(x,z).": {
         "0": {
          "maxRSS": {
           "post": 12668,
           "pre": 12668
          },
          "num-tuples": 0,
          "runtime": { "start": 4297167007, "end": 4297167008},
          "source-locator": "/root/compiler/measurements/punch-list-2/item2-growing-sibling/n50/emit_guarded/transformed.dl [33:1-33:56]"
         }
        }
       },
       "runtime": { "start": 4297166998, "end": 4297167016}
      },
      "3": {
       "copytime": { "start": 4297167191, "end": 4297167193},
       "maxRSS": {
        "post": 12668,
        "pre": 12668
       },
       "num-tuples": 19,
       "recursive-rule": {
        "sup_tc_bf_r1_1(x,z) :- \n   magic_tc_bf(x),\n   tc_bf(x,z).": {
         "0": {
          "maxRSS": {
           "post": 12668,
           "pre": 12668
          },
          "num-tuples": 19,
          "runtime": { "start": 4297167134, "end": 4297167137},
          "source-locator": "/root/compiler/measurements/punch-list-2/item2-growing-sibling/n50/emit_guarded/transformed.dl [33:1-33:56]"
         }
        }
       },
       "runtime": { "start": 4297167125, "end": 4297167144}
      },
      "4": {
       "copytime": { "start": 4297167274, "end": 4297167277},
       "maxRSS": {
        "post": 12668,
        "pre": 12668
       },
       "num-tuples": 0,
       "recursive-rule": {
        "sup_tc_bf_r1_1(x,z) :- \n   magic_tc_bf(x),\n   tc_bf(x,z).": {
         "0": {
          "maxRSS": {
           "post": 12668,
           "pre": 12668
          },
          "num-tuples": 0,
          "runtime": { "start": 4297167211, "end": 4297167212},
          "source-locator": "/root/compiler/measurements/punch-list-2/item2-growing-sibling/n50/emit_guarded/transformed.dl [33:1-33:56]"
         }
        }
       },
       "runtime": { "start": 4297167202, "end": 4297167219}
      },
      "5": {
       "copytime": { "start": 4297167392, "end": 4297167393},
       "maxRSS": {
        "post": 12668,
        "pre": 12668
       },
       "num-tuples": 0,
       "recursive-rule": {
        "sup_tc_bf_r1_1(x,z) :- \n   magic_tc_bf(x),\n   tc_bf(x,z).": {
         "0": {
          "maxRSS": {
           "post": 12668,
           "pre": 12668
          },
          "num-tuples": 0,
          "runtime": { "start": 4297167298, "end": 4297167298},
          "source-locator": "/root/compiler/measurements/punch-list-2/item2-growing-sibling/n50/emit_guarded/transformed.dl [33:1-33:56]"
         }
        }
       },
       "runtime": { "start": 4297167288, "end": 4297167306}
      },
      "6": {
       "copytime": { "start": 4297167512, "end": 4297167514},
       "maxRSS": {
        "post": 12668,
        "pre": 12668
       },
       "num-tuples": 17,
       "recursive-rule": {
        "sup_tc_bf_r1_1(x,z) :- \n   magic_tc_bf(x),\n   tc_bf(x,z).": {
         "0": {
          "maxRSS": {
           "post": 12668,
           "pre": 12668
          },
          "num-tuples": 17,
          "runtime": { "start": 4297167427, "end": 4297167430},
          "source-locator": "/root/compiler/measurements/punch-list-2/item2-growing-sibling/n50/emit_guarded/transformed.dl [33:1-33:56]"
         }
        }
       },
       "runtime": { "start": 4297167418, "end": 4297167440}
      },
      "7": {
       "copytime": { "start": 4297167616, "end": 4297167625},
       "maxRSS": {
        "post": 12668,
        "pre": 12668
       },
       "num-tuples": 0,
       "recursive-rule": {
        "sup_tc_bf_r1_1(x,z) :- \n   magic_tc_bf(x),\n   tc_bf(x,z).": {
         "0": {
          "maxRSS": {
           "post": 12668,
           "pre": 12668
          },
          "num-tuples": 0,
          "runtime": { "start": 4297167525, "end": 4297167525},
          "source-locator": "/root/compiler/measurements/punch-list-2/item2-growing-sibling/n50/emit_guarded/transformed.dl [33:1-33:56]"
         }
        }
       },
       "runtime": { "start": 4297167524, "end": 4297167533}
      },
      "8": {
       "copytime": { "start": 4297167757, "end": 4297167758},
       "maxRSS": {
        "post": 12668,
        "pre": 12668
       },
       "num-tuples": 0,
       "recursive-rule": {
        "sup_tc_bf_r1_1(x,z) :- \n   magic_tc_bf(x),\n   tc_bf(x,z).": {
         "0": {
          "maxRSS": {
           "post": 12668,
           "pre": 12668
          },
          "num-tuples": 0,
          "runtime": { "start": 4297167651, "end": 4297167652},
          "source-locator": "/root/compiler/measurements/punch-list-2/item2-growing-sibling/n50/emit_guarded/transformed.dl [33:1-33:56]"
         }
        }
       },
       "runtime": { "start": 4297167651, "end": 4297167658}
      },
      "9": {
       "copytime": { "start": 4297167875, "end": 4297167876},
       "maxRSS": {
        "post": 12668,
        "pre": 12668
       },
       "num-tuples": 6,
       "recursive-rule": {
        "sup_tc_bf_r1_1(x,z) :- \n   magic_tc_bf(x),\n   tc_bf(x,z).": {
         "0": {
          "maxRSS": {
           "post": 12668,
           "pre": 12668
          },
          "num-tuples": 6,
          "runtime": { "start": 4297167781, "end": 4297167782},
          "source-locator": "/root/compiler/measurements/punch-list-2/item2-growing-sibling/n50/emit_guarded/transformed.dl [33:1-33:56]"
         }
        }
       },
       "runtime": { "start": 4297167780, "end": 4297167789}
      }
     },
     "num-tuples": 0,
     "reads": 50,
     "source-locator": "/root/compiler/measurements/punch-list-2/item2-growing-sibling/n50/emit_guarded/transformed.dl [21:7-21:21]"
    },
    "sup_tc_bf_r1_2": {
     "iteration": {
      "0": {
       "copytime": { "start": 4297166862, "end": 4297166862},
       "maxRSS": {
        "post": 12668,
        "pre": 12668
       },
       "num-tuples": 0,
       "recursive-rule": {
        "sup_tc_bf_r1_2(x,y) :- \n   sup_tc_bf_r1_1(x,z),\n   sibling_edge(z,y).": {
         "0": {
          "atom-frequency": {
           "@new_sup_tc_bf_r1_2(x,y) :- \n   @delta_sup_tc_bf_r1_1(x,z),\n   sibling_edge(z,y).": {
            "@delta_sup_tc_bf_r1_1": {
             "level": 0,
             "num-tuples": 0
            },
            "sibling_edge": {
             "level": 1,
             "num-tuples": 0
            }
           }
          },
          "maxRSS": {
           "post": 12668,
           "pre": 12668
          },
          "num-tuples": 0,
          "runtime": { "start": 4297166790, "end": 4297166790},
          "source-locator": "/root/compiler/measurements/punch-list-2/item2-growing-sibling/n50/emit_guarded/transformed.dl [34:1-34:66]"
         }
        }
       },
       "runtime": { "start": 4297166781, "end": 4297166799}
      },
      "1": {
       "copytime": { "start": 4297166978, "end": 4297166988},
       "maxRSS": {
        "post": 12668,
        "pre": 12668
       },
       "num-tuples": 19,
       "recursive-rule": {
        "sup_tc_bf_r1_2(x,y) :- \n   sup_tc_bf_r1_1(x,z),\n   sibling_edge(z,y).": {
         "0": {
          "maxRSS": {
           "post": 12668,
           "pre": 12668
          },
          "num-tuples": 19,
          "runtime": { "start": 4297166901, "end": 4297166905},
          "source-locator": "/root/compiler/measurements/punch-list-2/item2-growing-sibling/n50/emit_guarded/transformed.dl [34:1-34:66]"
         }
        }
       },
       "runtime": { "start": 4297166892, "end": 4297166914}
      },
      "10": {
       "copytime": { "start": 4297168025, "end": 4297168026},
       "maxRSS": {
        "post": 12668,
        "pre": 12668
       },
       "num-tuples": 2,
       "recursive-rule": {
        "sup_tc_bf_r1_2(x,y) :- \n   sup_tc_bf_r1_1(x,z),\n   sibling_edge(z,y).": {
         "0": {
          "maxRSS": {
           "post": 12668,
           "pre": 12668
          },
          "num-tuples": 2,
          "runtime": { "start": 4297167931, "end": 4297167935},
          "source-locator": "/root/compiler/measurements/punch-list-2/item2-growing-sibling/n50/emit_guarded/transformed.dl [34:1-34:66]"
         }
        }
       },
       "runtime": { "start": 4297167922, "end": 4297167943}
      },
      "11": {
       "copytime": { "start": 4297168124, "end": 4297168125},
       "maxRSS": {
        "post": 12796,
        "pre": 12668
       },
       "num-tuples": 0,
       "recursive-rule": {
        "sup_tc_bf_r1_2(x,y) :- \n   sup_tc_bf_r1_1(x,z),\n   sibling_edge(z,y).": {
         "0": {
          "maxRSS": {
           "post": 12668,
           "pre": 12668
          },
          "num-tuples": 0,
          "runtime": { "start": 4297168059, "end": 4297168059},
          "source-locator": "/root/compiler/measurements/punch-list-2/item2-growing-sibling/n50/emit_guarded/transformed.dl [34:1-34:66]"
         }
        }
       },
       "runtime": { "start": 4297168058, "end": 4297168066}
      },
      "12": {
       "copytime": { "start": 4297168240, "end": 4297168250},
       "maxRSS": {
        "post": 12796,
        "pre": 12796
       },
       "num-tuples": 0,
       "recursive-rule": {
        "sup_tc_bf_r1_2(x,y) :- \n   sup_tc_bf_r1_1(x,z),\n   sibling_edge(z,y).": {
         "0": {
          "maxRSS": {
           "post": 12796,
           "pre": 12796
          },
          "num-tuples": 0,
          "runtime": { "start": 4297168164, "end": 4297168164},
          "source-locator": "/root/compiler/measurements/punch-list-2/item2-growing-sibling/n50/emit_guarded/transformed.dl [34:1-34:66]"
         }
        }
       },
       "runtime": { "start": 4297168155, "end": 4297168174}
      },
      "13": {
       "maxRSS": {
        "post": 12796,
        "pre": 12796
       },
       "num-tuples": 0,
       "recursive-rule": {
        "sup_tc_bf_r1_2(x,y) :- \n   sup_tc_bf_r1_1(x,z),\n   sibling_edge(z,y).": {
         "0": {
          "maxRSS": {
           "post": 12796,
           "pre": 12796
          },
          "num-tuples": 0,
          "runtime": { "start": 4297168281, "end": 4297168283},
          "source-locator": "/root/compiler/measurements/punch-list-2/item2-growing-sibling/n50/emit_guarded/transformed.dl [34:1-34:66]"
         }
        }
       },
       "runtime": { "start": 4297168272, "end": 4297168291}
      },
      "2": {
       "copytime": { "start": 4297167104, "end": 4297167114},
       "maxRSS": {
        "post": 12668,
        "pre": 12668
       },
       "num-tuples": 0,
       "recursive-rule": {
        "sup_tc_bf_r1_2(x,y) :- \n   sup_tc_bf_r1_1(x,z),\n   sibling_edge(z,y).": {
         "0": {
          "maxRSS": {
           "post": 12668,
           "pre": 12668
          },
          "num-tuples": 0,
          "runtime": { "start": 4297167029, "end": 4297167030},
          "source-locator": "/root/compiler/measurements/punch-list-2/item2-growing-sibling/n50/emit_guarded/transformed.dl [34:1-34:66]"
         }
        }
       },
       "runtime": { "start": 4297167020, "end": 4297167039}
      },
      "3": {
       "copytime": { "start": 4297167196, "end": 4297167196},
       "maxRSS": {
        "post": 12668,
        "pre": 12668
       },
       "num-tuples": 0,
       "recursive-rule": {
        "sup_tc_bf_r1_2(x,y) :- \n   sup_tc_bf_r1_1(x,z),\n   sibling_edge(z,y).": {
         "0": {
          "maxRSS": {
           "post": 12668,
           "pre": 12668
          },
          "num-tuples": 0,
          "runtime": { "start": 4297167159, "end": 4297167159},
          "source-locator": "/root/compiler/measurements/punch-list-2/item2-growing-sibling/n50/emit_guarded/transformed.dl [34:1-34:66]"
         }
        }
       },
       "runtime": { "start": 4297167149, "end": 4297167168}
      },
      "4": {
       "copytime": { "start": 4297167280, "end": 4297167282},
       "maxRSS": {
        "post": 12668,
        "pre": 12668
       },
       "num-tuples": 23,
       "recursive-rule": {
        "sup_tc_bf_r1_2(x,y) :- \n   sup_tc_bf_r1_1(x,z),\n   sibling_edge(z,y).": {
         "0": {
          "maxRSS": {
           "post": 12668,
           "pre": 12668
          },
          "num-tuples": 23,
          "runtime": { "start": 4297167224, "end": 4297167233},
          "source-locator": "/root/compiler/measurements/punch-list-2/item2-growing-sibling/n50/emit_guarded/transformed.dl [34:1-34:66]"
         }
        }
       },
       "runtime": { "start": 4297167223, "end": 4297167239}
      },
      "5": {
       "copytime": { "start": 4297167397, "end": 4297167407},
       "maxRSS": {
        "post": 12668,
        "pre": 12668
       },
       "num-tuples": 0,
       "recursive-rule": {
        "sup_tc_bf_r1_2(x,y) :- \n   sup_tc_bf_r1_1(x,z),\n   sibling_edge(z,y).": {
         "0": {
          "maxRSS": {
           "post": 12668,
           "pre": 12668
          },
          "num-tuples": 0,
          "runtime": { "start": 4297167320, "end": 4297167321},
          "source-locator": "/root/compiler/measurements/punch-list-2/item2-growing-sibling/n50/emit_guarded/transformed.dl [34:1-34:66]"
         }
        }
       },
       "runtime": { "start": 4297167311, "end": 4297167329}
      },
      "6": {
       "copytime": { "start": 4297167518, "end": 4297167518},
       "maxRSS": {
        "post": 12668,
        "pre": 12668
       },
       "num-tuples": 0,
       "recursive-rule": {
        "sup_tc_bf_r1_2(x,y) :- \n   sup_tc_bf_r1_1(x,z),\n   sibling_edge(z,y).": {
         "0": {
          "maxRSS": {
           "post": 12668,
           "pre": 12668
          },
          "num-tuples": 0,
          "runtime": { "start": 4297167453, "end": 4297167454},
          "source-locator": "/root/compiler/measurements/punch-list-2/item2-growing-sibling/n50/emit_guarded/transformed.dl [34:1-34:66]"
         }
        }
       },
       "runtime": { "start": 4297167444, "end": 4297167462}
      },
      "7": {
       "copytime": { "start": 4297167630, "end": 4297167632},
       "maxRSS": {
        "post": 12668,
        "pre": 12668
       },
       "num-tuples": 6,
       "recursive-rule": {
        "sup_tc_bf_r1_2(x,y) :- \n   sup_tc_bf_r1_1(x,z),\n   sibling_edge(z,y).": {
         "0": {
          "maxRSS": {
           "post": 12668,
           "pre": 12668
          },
          "num-tuples": 6,
          "runtime": { "start": 4297167546, "end": 4297167554},
          "source-locator": "/root/compiler/measurements/punch-list-2/item2-growing-sibling/n50/emit_guarded/transformed.dl [34:1-34:66]"
         }
        }
       },
       "runtime": { "start": 4297167536, "end": 4297167563}
      },
      "8": {
       "copytime": { "start": 4297167761, "end": 4297167762},
       "maxRSS": {
        "post": 12668,
        "pre": 12668
       },
       "num-tuples": 0,
       "recursive-rule": {
        "sup_tc_bf_r1_2(x,y) :- \n   sup_tc_bf_r1_1(x,z),\n   sibling_edge(z,y).": {
         "0": {
          "maxRSS": {
           "post": 12668,
           "pre": 12668
          },
          "num-tuples": 0,
          "runtime": { "start": 4297167672, "end": 4297167672},
          "source-locator": "/root/compiler/measurements/punch-list-2/item2-growing-sibling/n50/emit_guarded/transformed.dl [34:1-34:66]"
         }
        }
       },
       "runtime": { "start": 4297167662, "end": 4297167685}
      },
      "9": {
       "copytime": { "start": 4297167880, "end": 4297167889},
       "maxRSS": {
        "post": 12668,
        "pre": 12668
       },
       "num-tuples": 0,
       "recursive-rule": {
        "sup_tc_bf_r1_2(x,y) :- \n   sup_tc_bf_r1_1(x,z),\n   sibling_edge(z,y).": {
         "0": {
          "maxRSS": {
           "post": 12668,
           "pre": 12668
          },
          "num-tuples": 0,
          "runtime": { "start": 4297167804, "end": 4297167805},
          "source-locator": "/root/compiler/measurements/punch-list-2/item2-growing-sibling/n50/emit_guarded/transformed.dl [34:1-34:66]"
         }
        }
       },
       "runtime": { "start": 4297167795, "end": 4297167814}
      }
     },
     "num-tuples": 0,
     "reads": 149,
     "source-locator": "/root/compiler/measurements/punch-list-2/item2-growing-sibling/n50/emit_guarded/transformed.dl [22:7-22:21]"
    },
    "tc_bf": {
     "iteration": {
      "0": {
       "copytime": { "start": 4297166866, "end": 4297166875},
       "maxRSS": {
        "post": 12668,
        "pre": 12668
       },
       "num-tuples": 0,
       "recursive-rule": {
        "tc_bf(x,y) :- \n   sup_tc_bf_r1_2(x,y).": {
         "0": {
          "atom-frequency": {
           "@new_tc_bf(x,y) :- \n   @delta_sup_tc_bf_r1_2(x,y).": {
            "@delta_sup_tc_bf_r1_2": {
             "level": 0,
             "num-tuples": 0
            }
           }
          },
          "maxRSS": {
           "post": 12668,
           "pre": 12668
          },
          "num-tuples": 0,
          "runtime": { "start": 4297166812, "end": 4297166813},
          "source-locator": "/root/compiler/measurements/punch-list-2/item2-growing-sibling/n50/emit_guarded/transformed.dl [36:1-36:37]"
         }
        }
       },
       "runtime": { "start": 4297166803, "end": 4297166820}
      },
      "1": {
       "copytime": { "start": 4297166994, "end": 4297166995},
       "maxRSS": {
        "post": 12668,
        "pre": 12668
       },
       "num-tuples": 0,
       "recursive-rule": {
        "tc_bf(x,y) :- \n   sup_tc_bf_r1_2(x,y).": {
         "0": {
          "maxRSS": {
           "post": 12668,
           "pre": 12668
          },
          "num-tuples": 0,
          "runtime": { "start": 4297166927, "end": 4297166928},
          "source-locator": "/root/compiler/measurements/punch-list-2/item2-growing-sibling/n50/emit_guarded/transformed.dl [36:1-36:37]"
         }
        }
       },
       "runtime": { "start": 4297166918, "end": 4297166936}
      },
      "10": {
       "copytime": { "start": 4297168029, "end": 4297168039},
       "maxRSS": {
        "post": 12668,
        "pre": 12668
       },
       "num-tuples": 0,
       "recursive-rule": {
        "tc_bf(x,y) :- \n   sup_tc_bf_r1_2(x,y).": {
         "0": {
          "maxRSS": {
           "post": 12668,
           "pre": 12668
          },
          "num-tuples": 0,
          "runtime": { "start": 4297167958, "end": 4297167959},
          "source-locator": "/root/compiler/measurements/punch-list-2/item2-growing-sibling/n50/emit_guarded/transformed.dl [36:1-36:37]"
         }
        }
       },
       "runtime": { "start": 4297167949, "end": 4297167967}
      },
      "11": {
       "copytime": { "start": 4297168128, "end": 4297168129},
       "maxRSS": {
        "post": 12796,
        "pre": 12796
       },
       "num-tuples": 2,
       "recursive-rule": {
        "tc_bf(x,y) :- \n   sup_tc_bf_r1_2(x,y).": {
         "0": {
          "maxRSS": {
           "post": 12796,
           "pre": 12796
          },
          "num-tuples": 2,
          "runtime": { "start": 4297168078, "end": 4297168080},
          "source-locator": "/root/compiler/measurements/punch-list-2/item2-growing-sibling/n50/emit_guarded/transformed.dl [36:1-36:37]"
         }
        }
       },
       "runtime": { "start": 4297168069, "end": 4297168087}
      },
      "12": {
       "copytime": { "start": 4297168255, "end": 4297168256},
       "maxRSS": {
        "post": 12796,
        "pre": 12796
       },
       "num-tuples": 0,
       "recursive-rule": {
        "tc_bf(x,y) :- \n   sup_tc_bf_r1_2(x,y).": {
         "0": {
          "maxRSS": {
           "post": 12796,
           "pre": 12796
          },
          "num-tuples": 0,
          "runtime": { "start": 4297168188, "end": 4297168188},
          "source-locator": "/root/compiler/measurements/punch-list-2/item2-growing-sibling/n50/emit_guarded/transformed.dl [36:1-36:37]"
         }
        }
       },
       "runtime": { "start": 4297168179, "end": 4297168198}
      },
      "13": {
       "maxRSS": {
        "post": 12796,
        "pre": 12796
       },
       "num-tuples": 0,
       "recursive-rule": {
        "tc_bf(x,y) :- \n   sup_tc_bf_r1_2(x,y).": {
         "0": {
          "maxRSS": {
           "post": 12796,
           "pre": 12796
          },
          "num-tuples": 0,
          "runtime": { "start": 4297168305, "end": 4297168306},
          "source-locator": "/root/compiler/measurements/punch-list-2/item2-growing-sibling/n50/emit_guarded/transformed.dl [36:1-36:37]"
         }
        }
       },
       "runtime": { "start": 4297168296, "end": 4297168317}
      },
      "2": {
       "copytime": { "start": 4297167119, "end": 4297167121},
       "maxRSS": {
        "post": 12668,
        "pre": 12668
       },
       "num-tuples": 19,
       "recursive-rule": {
        "tc_bf(x,y) :- \n   sup_tc_bf_r1_2(x,y).": {
         "0": {
          "maxRSS": {
           "post": 12668,
           "pre": 12668
          },
          "num-tuples": 19,
          "runtime": { "start": 4297167052, "end": 4297167055},
          "source-locator": "/root/compiler/measurements/punch-list-2/item2-growing-sibling/n50/emit_guarded/transformed.dl [36:1-36:37]"
         }
        }
       },
       "runtime": { "start": 4297167043, "end": 4297167063}
      },
      "3": {
       "copytime": { "start": 4297167198, "end": 4297167199},
       "maxRSS": {
        "post": 12668,
        "pre": 12668
       },
       "num-tuples": 0,
       "recursive-rule": {
        "tc_bf(x,y) :- \n   sup_tc_bf_r1_2(x,y).": {
         "0": {
          "maxRSS": {
           "post": 12668,
           "pre": 12668
          },
          "num-tuples": 0,
          "runtime": { "start": 4297167172, "end": 4297167173},
          "source-locator": "/root/compiler/measurements/punch-list-2/item2-growing-sibling/n50/emit_guarded/transformed.dl [36:1-36:37]"
         }
        }
       },
       "runtime": { "start": 4297167172, "end": 4297167178}
      },
      "4": {
       "copytime": { "start": 4297167285, "end": 4297167285},
       "maxRSS": {
        "post": 12668,
        "pre": 12668
       },
       "num-tuples": 0,
       "recursive-rule": {
        "tc_bf(x,y) :- \n   sup_tc_bf_r1_2(x,y).": {
         "0": {
          "maxRSS": {
           "post": 12668,
           "pre": 12668
          },
          "num-tuples": 0,
          "runtime": { "start": 4297167251, "end": 4297167252},
          "source-locator": "/root/compiler/measurements/punch-list-2/item2-growing-sibling/n50/emit_guarded/transformed.dl [36:1-36:37]"
         }
        }
       },
       "runtime": { "start": 4297167242, "end": 4297167260}
      },
      "5": {
       "copytime": { "start": 4297167412, "end": 4297167414},
       "maxRSS": {
        "post": 12668,
        "pre": 12668
       },
       "num-tuples": 17,
       "recursive-rule": {
        "tc_bf(x,y) :- \n   sup_tc_bf_r1_2(x,y).": {
         "0": {
          "maxRSS": {
           "post": 12668,
           "pre": 12668
          },
          "num-tuples": 17,
          "runtime": { "start": 4297167342, "end": 4297167346},
          "source-locator": "/root/compiler/measurements/punch-list-2/item2-growing-sibling/n50/emit_guarded/transformed.dl [36:1-36:37]"
         }
        }
       },
       "runtime": { "start": 4297167333, "end": 4297167354}
      },
      "6": {
       "copytime": { "start": 4297167521, "end": 4297167522},
       "maxRSS": {
        "post": 12668,
        "pre": 12668
       },
       "num-tuples": 0,
       "recursive-rule": {
        "tc_bf(x,y) :- \n   sup_tc_bf_r1_2(x,y).": {
         "0": {
          "maxRSS": {
           "post": 12668,
           "pre": 12668
          },
          "num-tuples": 0,
          "runtime": { "start": 4297167467, "end": 4297167468},
          "source-locator": "/root/compiler/measurements/punch-list-2/item2-growing-sibling/n50/emit_guarded/transformed.dl [36:1-36:37]"
         }
        }
       },
       "runtime": { "start": 4297167467, "end": 4297167474}
      },
      "7": {
       "copytime": { "start": 4297167636, "end": 4297167645},
       "maxRSS": {
        "post": 12668,
        "pre": 12668
       },
       "num-tuples": 0,
       "recursive-rule": {
        "tc_bf(x,y) :- \n   sup_tc_bf_r1_2(x,y).": {
         "0": {
          "maxRSS": {
           "post": 12668,
           "pre": 12668
          },
          "num-tuples": 0,
          "runtime": { "start": 4297167577, "end": 4297167578},
          "source-locator": "/root/compiler/measurements/punch-list-2/item2-growing-sibling/n50/emit_guarded/transformed.dl [36:1-36:37]"
         }
        }
       },
       "runtime": { "start": 4297167568, "end": 4297167586}
      },
      "8": {
       "copytime": { "start": 4297167765, "end": 4297167775},
       "maxRSS": {
        "post": 12668,
        "pre": 12668
       },
       "num-tuples": 6,
       "recursive-rule": {
        "tc_bf(x,y) :- \n   sup_tc_bf_r1_2(x,y).": {
         "0": {
          "maxRSS": {
           "post": 12668,
           "pre": 12668
          },
          "num-tuples": 6,
          "runtime": { "start": 4297167699, "end": 4297167701},
          "source-locator": "/root/compiler/measurements/punch-list-2/item2-growing-sibling/n50/emit_guarded/transformed.dl [36:1-36:37]"
         }
        }
       },
       "runtime": { "start": 4297167690, "end": 4297167709}
      },
      "9": {
       "copytime": { "start": 4297167894, "end": 4297167895},
       "maxRSS": {
        "post": 12668,
        "pre": 12668
       },
       "num-tuples": 0,
       "recursive-rule": {
        "tc_bf(x,y) :- \n   sup_tc_bf_r1_2(x,y).": {
         "0": {
          "maxRSS": {
           "post": 12668,
           "pre": 12668
          },
          "num-tuples": 0,
          "runtime": { "start": 4297167827, "end": 4297167828},
          "source-locator": "/root/compiler/measurements/punch-list-2/item2-growing-sibling/n50/emit_guarded/transformed.dl [36:1-36:37]"
         }
        }
       },
       "runtime": { "start": 4297167818, "end": 4297167837}
      }
     },
     "maxRSS": {
      "post": 12668,
      "pre": 12668
     },
     "non-recursive-rule": {
      "tc_bf(x,y) :- \n   sup_tc_bf_r0_1(x,y).": {
       "atom-frequency": {
        "tc_bf(x,y) :- \n   sup_tc_bf_r0_1(x,y).": {
         "sup_tc_bf_r0_1": {
          "level": 0,
          "num-tuples": 0
         }
        }
       },
       "maxRSS": {
        "post": 12668,
        "pre": 12668
       },
       "num-tuples": 6,
       "runtime": { "start": 4297166742, "end": 4297166743},
       "source-locator": "/root/compiler/measurements/punch-list-2/item2-growing-sibling/n50/emit_guarded/transformed.dl [31:1-31:37]"
      }
     },
     "num-tuples": 6,
     "reads": 50,
     "runtime": { "start": 4297166733, "end": 4297166751},
     "source-locator": "/root/compiler/measurements/punch-list-2/item2-growing-sibling/n50/emit_guarded/transformed.dl [19:7-19:12]"
    }
   },
   "runtime": { "start": 4297166122, "end": 4297168679},
   "starttime": { "time": 4297166068},
   "usage": {
    "timepoint": {
     "4297166081": {
      "maxRSS": 11484,
      "systemtime": 2258,
      "usertime": 2258
     },
     "4297166147": {
      "maxRSS": 11868,
      "systemtime": 3342,
      "usertime": 3342
     },
     "4297166271": {
      "maxRSS": 12412,
      "systemtime": 3405,
      "usertime": 3405
     },
     "4297166302": {
      "maxRSS": 12412,
      "systemtime": 3424,
      "usertime": 3424
     },
     "4297166336": {
      "maxRSS": 12412,
      "systemtime": 3451,
      "usertime": 3451
     },
     "4297166363": {
      "maxRSS": 12412,
      "systemtime": 3461,
      "usertime": 3461
     },
     "4297166419": {
      "maxRSS": 12412,
      "systemtime": 3499,
      "usertime": 3499
     },
     "4297166448": {
      "maxRSS": 12540,
      "systemtime": 3517,
      "usertime": 3517
     },
     "4297166531": {
      "maxRSS": 12668,
      "systemtime": 3568,
      "usertime": 3568
     },
     "4297166571": {
      "maxRSS": 12668,
      "systemtime": 3594,
      "usertime": 3594
     },
     "4297166612": {
      "maxRSS": 12668,
      "systemtime": 3623,
      "usertime": 3623
     },
     "4297166651": {
      "maxRSS": 12668,
      "systemtime": 3649,
      "usertime": 3649
     },
     "4297166657": {
      "maxRSS": 12668,
      "systemtime": 3654,
      "usertime": 3654
     },
     "4297166688": {
      "maxRSS": 12668,
      "systemtime": 3673,
      "usertime": 3673
     },
     "4297166716": {
      "maxRSS": 12668,
      "systemtime": 3694,
      "usertime": 3694
     },
     "4297166747": {
      "maxRSS": 12668,
      "systemtime": 3711,
      "usertime": 3711
     },
     "4297166770": {
      "maxRSS": 12668,
      "systemtime": 3726,
      "usertime": 3726
     },
     "4297166795": {
      "maxRSS": 12668,
      "systemtime": 3741,
      "usertime": 3741
     },
     "4297166817": {
      "maxRSS": 12668,
      "systemtime": 3756,
      "usertime": 3756
     },
     "4297166839": {
      "maxRSS": 12668,
      "systemtime": 3770,
      "usertime": 3770
     },
     "4297166861": {
      "maxRSS": 12668,
      "systemtime": 3786,
      "usertime": 3786
     },
     "4297166880": {
      "maxRSS": 12668,
      "systemtime": 3799,
      "usertime": 3799
     },
     "4297166906": {
      "maxRSS": 12668,
      "systemtime": 3817,
      "usertime": 3817
     },
     "4297166932": {
      "maxRSS": 12668,
      "systemtime": 3832,
      "usertime": 3832
     },
     "4297166954": {
      "maxRSS": 12668,
      "systemtime": 3846,
      "usertime": 3846
     },
     "4297166972": {
      "maxRSS": 12668,
      "systemtime": 3858,
      "usertime": 3858
     },
     "4297166991": {
      "maxRSS": 12668,
      "systemtime": 3871,
      "usertime": 3871
     },
     "4297167012": {
      "maxRSS": 12668,
      "systemtime": 3884,
      "usertime": 3884
     },
     "4297167034": {
      "maxRSS": 12668,
      "systemtime": 3898,
      "usertime": 3898
     },
     "4297167056": {
      "maxRSS": 12668,
      "systemtime": 3913,
      "usertime": 3913
     },
     "4297167080": {
      "maxRSS": 12668,
      "systemtime": 3926,
      "usertime": 3926
     },
     "4297167098": {
      "maxRSS": 12668,
      "systemtime": 3938,
      "usertime": 3938
     },
     "4297167118": {
      "maxRSS": 12668,
      "systemtime": 3951,
      "usertime": 3951
     },
     "4297167138": {
      "maxRSS": 12668,
      "systemtime": 3966,
      "usertime": 3966
     },
     "4297167195": {
      "maxRSS": 12668,
      "systemtime": 4000,
      "usertime": 4000
     },
     "4297167221": {
      "maxRSS": 12668,
      "systemtime": 4018,
      "usertime": 4018
     },
     "4297167265": {
      "maxRSS": 12668,
      "systemtime": 4049,
      "usertime": 4049
     },
     "4297167280": {
      "maxRSS": 12668,
      "systemtime": 4060,
      "usertime": 4060
     },
     "4297167301": {
      "maxRSS": 12668,
      "systemtime": 4075,
      "usertime": 4075
     },
     "4297167324": {
      "maxRSS": 12668,
      "systemtime": 4089,
      "usertime": 4089
     },
     "4297167346": {
      "maxRSS": 12668,
      "systemtime": 4104,
      "usertime": 4104
     },
     "4297167371": {
      "maxRSS": 12668,
      "systemtime": 4117,
      "usertime": 4117
     },
     "4297167390": {
      "maxRSS": 12668,
      "systemtime": 4130,
      "usertime": 4130
     },
     "4297167410": {
      "maxRSS": 12668,
      "systemtime": 4143,
      "usertime": 4143
     },
     "4297167431": {
      "maxRSS": 12668,
      "systemtime": 4157,
      "usertime": 4157
     },
     "4297167466": {
      "maxRSS": 12668,
      "systemtime": 4179,
      "usertime": 4179
     },
     "4297167492": {
      "maxRSS": 12668,
      "systemtime": 4197,
      "usertime": 4197
     },
     "4297167519": {
      "maxRSS": 12668,
      "systemtime": 4217,
      "usertime": 4217
     },
     "4297167552": {
      "maxRSS": 12668,
      "systemtime": 4236,
      "usertime": 4236
     },
     "4297167584": {
      "maxRSS": 12668,
      "systemtime": 4256,
      "usertime": 4256
     },
     "4297167605": {
      "maxRSS": 12668,
      "systemtime": 4271,
      "usertime": 4271
     },
     "4297167630": {
      "maxRSS": 12668,
      "systemtime": 4288,
      "usertime": 4288
     },
     "4297167648": {
      "maxRSS": 12668,
      "systemtime": 4302,
      "usertime": 4302
     },
     "4297167681": {
      "maxRSS": 12668,
      "systemtime": 4320,
      "usertime": 4320
     },
     "4297167703": {
      "maxRSS": 12668,
      "systemtime": 4338,
      "usertime": 4338
     },
     "4297167737": {
      "maxRSS": 12668,
      "systemtime": 4357,
      "usertime": 4357
     },
     "4297167755": {
      "maxRSS": 12668,
      "systemtime": 4369,
      "usertime": 4369
     },
     "4297167777": {
      "maxRSS": 12668,
      "systemtime": 4385,
      "usertime": 4385
     },
     "4297167807": {
      "maxRSS": 12668,
      "systemtime": 4402,
      "usertime": 4402
     },
     "4297167831": {
      "maxRSS": 12668,
      "systemtime": 4417,
      "usertime": 4417
     },
     "4297167854": {
      "maxRSS": 12668,
      "systemtime": 4431,
      "usertime": 4431
     },
     "4297167873": {
      "maxRSS": 12668,
      "systemtime": 4443,
      "usertime": 4443
     },
     "4297167892": {
      "maxRSS": 12668,
      "systemtime": 4455,
      "usertime": 4455
     },
     "4297167911": {
      "maxRSS": 12668,
      "systemtime": 4468,
      "usertime": 4468
     },
     "4297167935": {
      "maxRSS": 12668,
      "systemtime": 4484,
      "usertime": 4484
     },
     "4297167962": {
      "maxRSS": 12668,
      "systemtime": 4499,
      "usertime": 4499
     },
     "4297167984": {
      "maxRSS": 12668,
      "systemtime": 4512,
      "usertime": 4512
     },
     "4297168022": {
      "maxRSS": 12668,
      "systemtime": 4524,
      "usertime": 4549
     },
     "4297168053": {
      "maxRSS": 12668,
      "systemtime": 4524,
      "usertime": 4587
     },
     "4297168085": {
      "maxRSS": 12796,
      "systemtime": 4524,
      "usertime": 4635
     },
     "4297168114": {
      "maxRSS": 12796,
      "systemtime": 4524,
      "usertime": 4686
     },
     "4297168121": {
      "maxRSS": 12796,
      "systemtime": 4524,
      "usertime": 4699
     },
     "4297168125": {
      "maxRSS": 12796,
      "systemtime": 4524,
      "usertime": 4707
     },
     "4297168128": {
      "maxRSS": 12796,
      "systemtime": 4524,
      "usertime": 4714
     },
     "4297168145": {
      "maxRSS": 12796,
      "systemtime": 4524,
      "usertime": 4733
     },
     "4297168169": {
      "maxRSS": 12796,
      "systemtime": 4524,
      "usertime": 4762
     },
     "4297168192": {
      "maxRSS": 12796,
      "systemtime": 4524,
      "usertime": 4797
     },
     "4297168216": {
      "maxRSS": 12796,
      "systemtime": 4524,
      "usertime": 4827
     },
     "4297168235": {
      "maxRSS": 12796,
      "systemtime": 4524,
      "usertime": 4853
     },
     "4297168257": {
      "maxRSS": 12796,
      "systemtime": 4524,
      "usertime": 4887
     },
     "4297168288": {
      "maxRSS": 12796,
      "systemtime": 4524,
      "usertime": 4923
     },
     "4297168310": {
      "maxRSS": 12796,
      "systemtime": 4524,
      "usertime": 4953
     },
     "4297168335": {
      "maxRSS": 12796,
      "systemtime": 4524,
      "usertime": 4986
     },
     "4297168354": {
      "maxRSS": 12796,
      "systemtime": 4524,
      "usertime": 5013
     },
     "4297168386": {
      "maxRSS": 12796,
      "systemtime": 4524,
      "usertime": 5043
     },
     "4297168534": {
      "maxRSS": 12796,
      "systemtime": 4524,
      "usertime": 5210
     },
     "4297168561": {
      "maxRSS": 12796,
      "systemtime": 4524,
      "usertime": 5243
     },
     "4297168589": {
      "maxRSS": 12796,
      "systemtime": 4524,
      "usertime": 5276
     },
     "4297168600": {
      "maxRSS": 12796,
      "systemtime": 4524,
      "usertime": 5299
     },
     "4297168660": {
      "maxRSS": 12796,
      "systemtime": 4524,
      "usertime": 5349
     }
    }
   }
  }
 }
}
