{
 "root": {
  "program": {
   "configuration": {
    "": "/root/compiler/tests/corpus/BENCHMARK_FAMILY/ancestor_nonancestor.dl",
    "fact-dir": "/root/compiler/fixtures/benchmark-family/ancestor_nonancestor/n500",
    "include-dir": ".",
    "jobs": "1",
    "libraries": "functors",
    "library-dir": ".",
    "output-dir": "/root/compiler/measurements/m3-5-headline/family/ancestor_nonancestor/n500/none",
    "profile": "prof.log",
    "relationCount": "5",
    "ruleCount": "6",
    "version": "2.5",
    "warn": "all",
    "wno": "none"
   },
   "relation": {
    "ancestor": {
     "iteration": {
      "0": {
       "copytime": { "start": 29301384957, "end": 29301385129},
       "maxRSS": {
        "post": 14692,
        "pre": 14692
       },
       "num-tuples": 2208,
       "recursive-rule": {
        "ancestor(x,y) :- \n   parent(x,z),\n   ancestor(z,y).": {
         "0": {
          "atom-frequency": {
           "@new_ancestor(x,y) :- \n   parent(x,z),\n   @delta_ancestor(z,y).": {
            "@delta_ancestor": {
             "level": 1,
             "num-tuples": 0
            },
            "parent": {
             "level": 0,
             "num-tuples": 0
            }
           }
          },
          "maxRSS": {
           "post": 14692,
           "pre": 14692
          },
          "num-tuples": 2208,
          "runtime": { "start": 29301384544, "end": 29301384920},
          "source-locator": "/root/compiler/tests/corpus/BENCHMARK_FAMILY/ancestor_nonancestor.dl [22:1-22:45]"
         }
        }
       },
       "runtime": { "start": 29301384534, "end": 29301384933}
      },
      "1": {
       "copytime": { "start": 29301385918, "end": 29301386299},
       "maxRSS": {
        "post": 14692,
        "pre": 14692
       },
       "num-tuples": 4475,
       "recursive-rule": {
        "ancestor(x,y) :- \n   parent(x,z),\n   ancestor(z,y).": {
         "0": {
          "maxRSS": {
           "post": 14692,
           "pre": 14692
          },
          "num-tuples": 4475,
          "runtime": { "start": 29301385143, "end": 29301385884},
          "source-locator": "/root/compiler/tests/corpus/BENCHMARK_FAMILY/ancestor_nonancestor.dl [22:1-22:45]"
         }
        }
       },
       "runtime": { "start": 29301385133, "end": 29301385895}
      },
      "10": {
       "copytime": { "start": 29301409253, "end": 29301409925},
       "maxRSS": {
        "post": 14936,
        "pre": 14936
       },
       "num-tuples": 6207,
       "recursive-rule": {
        "ancestor(x,y) :- \n   parent(x,z),\n   ancestor(z,y).": {
         "0": {
          "maxRSS": {
           "post": 14936,
           "pre": 14936
          },
          "num-tuples": 6207,
          "runtime": { "start": 29301407685, "end": 29301409219},
          "source-locator": "/root/compiler/tests/corpus/BENCHMARK_FAMILY/ancestor_nonancestor.dl [22:1-22:45]"
         }
        }
       },
       "runtime": { "start": 29301407662, "end": 29301409230}
      },
      "11": {
       "copytime": { "start": 29301411253, "end": 29301411850},
       "maxRSS": {
        "post": 15064,
        "pre": 15064
       },
       "num-tuples": 4794,
       "recursive-rule": {
        "ancestor(x,y) :- \n   parent(x,z),\n   ancestor(z,y).": {
         "0": {
          "maxRSS": {
           "post": 15064,
           "pre": 15064
          },
          "num-tuples": 4794,
          "runtime": { "start": 29301409957, "end": 29301411218},
          "source-locator": "/root/compiler/tests/corpus/BENCHMARK_FAMILY/ancestor_nonancestor.dl [22:1-22:45]"
         }
        }
       },
       "runtime": { "start": 29301409931, "end": 29301411229}
      },
      "12": {
       "copytime": { "start": 29301412940, "end": 29301413378},
       "maxRSS": {
        "post": 15192,
        "pre": 15192
       },
       "num-tuples": 3491,
       "recursive-rule": {
        "ancestor(x,y) :- \n   parent(x,z),\n   ancestor(z,y).": {
         "0": {
          "maxRSS": {
           "post": 15192,
           "pre": 15192
          },
          "num-tuples": 3491,
          "runtime": { "start": 29301411873, "end": 29301412906},
          "source-locator": "/root/compiler/tests/corpus/BENCHMARK_FAMILY/ancestor_nonancestor.dl [22:1-22:45]"
         }
        }
       },
       "runtime": { "start": 29301411856, "end": 29301412917}
      },
      "13": {
       "copytime": { "start": 29301414199, "end": 29301414488},
       "maxRSS": {
        "post": 15192,
        "pre": 15192
       },
       "num-tuples": 2292,
       "recursive-rule": {
        "ancestor(x,y) :- \n   parent(x,z),\n   ancestor(z,y).": {
         "0": {
          "maxRSS": {
           "post": 15192,
           "pre": 15192
          },
          "num-tuples": 2292,
          "runtime": { "start": 29301413399, "end": 29301414165},
          "source-locator": "/root/compiler/tests/corpus/BENCHMARK_FAMILY/ancestor_nonancestor.dl [22:1-22:45]"
         }
        }
       },
       "runtime": { "start": 29301413386, "end": 29301414175}
      },
      "14": {
       "copytime": { "start": 29301415102, "end": 29301415294},
       "maxRSS": {
        "post": 15192,
        "pre": 15192
       },
       "num-tuples": 1451,
       "recursive-rule": {
        "ancestor(x,y) :- \n   parent(x,z),\n   ancestor(z,y).": {
         "0": {
          "maxRSS": {
           "post": 15192,
           "pre": 15192
          },
          "num-tuples": 1451,
          "runtime": { "start": 29301414506, "end": 29301415068},
          "source-locator": "/root/compiler/tests/corpus/BENCHMARK_FAMILY/ancestor_nonancestor.dl [22:1-22:45]"
         }
        }
       },
       "runtime": { "start": 29301414494, "end": 29301415079}
      },
      "15": {
       "copytime": { "start": 29301415770, "end": 29301415906},
       "maxRSS": {
        "post": 15192,
        "pre": 15192
       },
       "num-tuples": 938,
       "recursive-rule": {
        "ancestor(x,y) :- \n   parent(x,z),\n   ancestor(z,y).": {
         "0": {
          "maxRSS": {
           "post": 15192,
           "pre": 15192
          },
          "num-tuples": 938,
          "runtime": { "start": 29301415323, "end": 29301415734},
          "source-locator": "/root/compiler/tests/corpus/BENCHMARK_FAMILY/ancestor_nonancestor.dl [22:1-22:45]"
         }
        }
       },
       "runtime": { "start": 29301415300, "end": 29301415746}
      },
      "16": {
       "copytime": { "start": 29301416282, "end": 29301416377},
       "maxRSS": {
        "post": 15192,
        "pre": 15192
       },
       "num-tuples": 590,
       "recursive-rule": {
        "ancestor(x,y) :- \n   parent(x,z),\n   ancestor(z,y).": {
         "0": {
          "maxRSS": {
           "post": 15192,
           "pre": 15192
          },
          "num-tuples": 590,
          "runtime": { "start": 29301415923, "end": 29301416248},
          "source-locator": "/root/compiler/tests/corpus/BENCHMARK_FAMILY/ancestor_nonancestor.dl [22:1-22:45]"
         }
        }
       },
       "runtime": { "start": 29301415912, "end": 29301416259}
      },
      "17": {
       "copytime": { "start": 29301416651, "end": 29301416698},
       "maxRSS": {
        "post": 15192,
        "pre": 15192
       },
       "num-tuples": 310,
       "recursive-rule": {
        "ancestor(x,y) :- \n   parent(x,z),\n   ancestor(z,y).": {
         "0": {
          "maxRSS": {
           "post": 15192,
           "pre": 15192
          },
          "num-tuples": 310,
          "runtime": { "start": 29301416393, "end": 29301416617},
          "source-locator": "/root/compiler/tests/corpus/BENCHMARK_FAMILY/ancestor_nonancestor.dl [22:1-22:45]"
         }
        }
       },
       "runtime": { "start": 29301416382, "end": 29301416629}
      },
      "18": {
       "copytime": { "start": 29301416891, "end": 29301416915},
       "maxRSS": {
        "post": 15192,
        "pre": 15192
       },
       "num-tuples": 142,
       "recursive-rule": {
        "ancestor(x,y) :- \n   parent(x,z),\n   ancestor(z,y).": {
         "0": {
          "maxRSS": {
           "post": 15192,
           "pre": 15192
          },
          "num-tuples": 142,
          "runtime": { "start": 29301416712, "end": 29301416860},
          "source-locator": "/root/compiler/tests/corpus/BENCHMARK_FAMILY/ancestor_nonancestor.dl [22:1-22:45]"
         }
        }
       },
       "runtime": { "start": 29301416703, "end": 29301416871}
      },
      "19": {
       "copytime": { "start": 29301417049, "end": 29301417060},
       "maxRSS": {
        "post": 15192,
        "pre": 15192
       },
       "num-tuples": 62,
       "recursive-rule": {
        "ancestor(x,y) :- \n   parent(x,z),\n   ancestor(z,y).": {
         "0": {
          "maxRSS": {
           "post": 15192,
           "pre": 15192
          },
          "num-tuples": 62,
          "runtime": { "start": 29301416929, "end": 29301417019},
          "source-locator": "/root/compiler/tests/corpus/BENCHMARK_FAMILY/ancestor_nonancestor.dl [22:1-22:45]"
         }
        }
       },
       "runtime": { "start": 29301416919, "end": 29301417029}
      },
      "2": {
       "copytime": { "start": 29301387592, "end": 29301388338},
       "maxRSS": {
        "post": 14692,
        "pre": 14692
       },
       "num-tuples": 7388,
       "recursive-rule": {
        "ancestor(x,y) :- \n   parent(x,z),\n   ancestor(z,y).": {
         "0": {
          "maxRSS": {
           "post": 14692,
           "pre": 14692
          },
          "num-tuples": 7388,
          "runtime": { "start": 29301386315, "end": 29301387558},
          "source-locator": "/root/compiler/tests/corpus/BENCHMARK_FAMILY/ancestor_nonancestor.dl [22:1-22:45]"
         }
        }
       },
       "runtime": { "start": 29301386305, "end": 29301387569}
      },
      "20": {
       "copytime": { "start": 29301417164, "end": 29301417167},
       "maxRSS": {
        "post": 15192,
        "pre": 15192
       },
       "num-tuples": 12,
       "recursive-rule": {
        "ancestor(x,y) :- \n   parent(x,z),\n   ancestor(z,y).": {
         "0": {
          "maxRSS": {
           "post": 15192,
           "pre": 15192
          },
          "num-tuples": 12,
          "runtime": { "start": 29301417073, "end": 29301417135},
          "source-locator": "/root/compiler/tests/corpus/BENCHMARK_FAMILY/ancestor_nonancestor.dl [22:1-22:45]"
         }
        }
       },
       "runtime": { "start": 29301417064, "end": 29301417144}
      },
      "21": {
       "copytime": { "start": 29301417242, "end": 29301417243},
       "maxRSS": {
        "post": 15192,
        "pre": 15192
       },
       "num-tuples": 2,
       "recursive-rule": {
        "ancestor(x,y) :- \n   parent(x,z),\n   ancestor(z,y).": {
         "0": {
          "maxRSS": {
           "post": 15192,
           "pre": 15192
          },
          "num-tuples": 2,
          "runtime": { "start": 29301417180, "end": 29301417211},
          "source-locator": "/root/compiler/tests/corpus/BENCHMARK_FAMILY/ancestor_nonancestor.dl [22:1-22:45]"
         }
        }
       },
       "runtime": { "start": 29301417170, "end": 29301417222}
      },
      "22": {
       "maxRSS": {
        "post": 15192,
        "pre": 15192
       },
       "num-tuples": 0,
       "recursive-rule": {
        "ancestor(x,y) :- \n   parent(x,z),\n   ancestor(z,y).": {
         "0": {
          "maxRSS": {
           "post": 15192,
           "pre": 15192
          },
          "num-tuples": 0,
          "runtime": { "start": 29301417255, "end": 29301417275},
          "source-locator": "/root/compiler/tests/corpus/BENCHMARK_FAMILY/ancestor_nonancestor.dl [22:1-22:45]"
         }
        }
       },
       "runtime": { "start": 29301417246, "end": 29301417284}
      },
      "3": {
       "copytime": { "start": 29301390109, "end": 29301390937},
       "maxRSS": {
        "post": 14692,
        "pre": 14692
       },
       "num-tuples": 9498,
       "recursive-rule": {
        "ancestor(x,y) :- \n   parent(x,z),\n   ancestor(z,y).": {
         "0": {
          "maxRSS": {
           "post": 14692,
           "pre": 14692
          },
          "num-tuples": 9498,
          "runtime": { "start": 29301388366, "end": 29301390071},
          "source-locator": "/root/compiler/tests/corpus/BENCHMARK_FAMILY/ancestor_nonancestor.dl [22:1-22:45]"
         }
        }
       },
       "runtime": { "start": 29301388346, "end": 29301390083}
      },
      "4": {
       "copytime": { "start": 29301392905, "end": 29301393806},
       "maxRSS": {
        "post": 14692,
        "pre": 14692
       },
       "num-tuples": 9918,
       "recursive-rule": {
        "ancestor(x,y) :- \n   parent(x,z),\n   ancestor(z,y).": {
         "0": {
          "maxRSS": {
           "post": 14692,
           "pre": 14692
          },
          "num-tuples": 9918,
          "runtime": { "start": 29301390957, "end": 29301392865},
          "source-locator": "/root/compiler/tests/corpus/BENCHMARK_FAMILY/ancestor_nonancestor.dl [22:1-22:45]"
         }
        }
       },
       "runtime": { "start": 29301390942, "end": 29301392877}
      },
      "5": {
       "copytime": { "start": 29301395703, "end": 29301396663},
       "maxRSS": {
        "post": 14692,
        "pre": 14692
       },
       "num-tuples": 9643,
       "recursive-rule": {
        "ancestor(x,y) :- \n   parent(x,z),\n   ancestor(z,y).": {
         "0": {
          "maxRSS": {
           "post": 14692,
           "pre": 14692
          },
          "num-tuples": 9643,
          "runtime": { "start": 29301393828, "end": 29301395667},
          "source-locator": "/root/compiler/tests/corpus/BENCHMARK_FAMILY/ancestor_nonancestor.dl [22:1-22:45]"
         }
        }
       },
       "runtime": { "start": 29301393813, "end": 29301395678}
      },
      "6": {
       "copytime": { "start": 29301398564, "end": 29301399529},
       "maxRSS": {
        "post": 14692,
        "pre": 14692
       },
       "num-tuples": 9541,
       "recursive-rule": {
        "ancestor(x,y) :- \n   parent(x,z),\n   ancestor(z,y).": {
         "0": {
          "maxRSS": {
           "post": 14692,
           "pre": 14692
          },
          "num-tuples": 9541,
          "runtime": { "start": 29301396682, "end": 29301398528},
          "source-locator": "/root/compiler/tests/corpus/BENCHMARK_FAMILY/ancestor_nonancestor.dl [22:1-22:45]"
         }
        }
       },
       "runtime": { "start": 29301396670, "end": 29301398539}
      },
      "7": {
       "copytime": { "start": 29301401407, "end": 29301402349},
       "maxRSS": {
        "post": 14692,
        "pre": 14692
       },
       "num-tuples": 9570,
       "recursive-rule": {
        "ancestor(x,y) :- \n   parent(x,z),\n   ancestor(z,y).": {
         "0": {
          "maxRSS": {
           "post": 14692,
           "pre": 14692
          },
          "num-tuples": 9570,
          "runtime": { "start": 29301399548, "end": 29301401368},
          "source-locator": "/root/compiler/tests/corpus/BENCHMARK_FAMILY/ancestor_nonancestor.dl [22:1-22:45]"
         }
        }
       },
       "runtime": { "start": 29301399537, "end": 29301401380}
      },
      "8": {
       "copytime": { "start": 29301404218, "end": 29301405118},
       "maxRSS": {
        "post": 14692,
        "pre": 14692
       },
       "num-tuples": 8972,
       "recursive-rule": {
        "ancestor(x,y) :- \n   parent(x,z),\n   ancestor(z,y).": {
         "0": {
          "maxRSS": {
           "post": 14692,
           "pre": 14692
          },
          "num-tuples": 8972,
          "runtime": { "start": 29301402374, "end": 29301404181},
          "source-locator": "/root/compiler/tests/corpus/BENCHMARK_FAMILY/ancestor_nonancestor.dl [22:1-22:45]"
         }
        }
       },
       "runtime": { "start": 29301402356, "end": 29301404193}
      },
      "9": {
       "copytime": { "start": 29301406792, "end": 29301407653},
       "maxRSS": {
        "post": 14692,
        "pre": 14692
       },
       "num-tuples": 7845,
       "recursive-rule": {
        "ancestor(x,y) :- \n   parent(x,z),\n   ancestor(z,y).": {
         "0": {
          "maxRSS": {
           "post": 14692,
           "pre": 14692
          },
          "num-tuples": 7845,
          "runtime": { "start": 29301405137, "end": 29301406753},
          "source-locator": "/root/compiler/tests/corpus/BENCHMARK_FAMILY/ancestor_nonancestor.dl [22:1-22:45]"
         }
        }
       },
       "runtime": { "start": 29301405125, "end": 29301406763}
      }
     },
     "maxRSS": {
      "post": 14692,
      "pre": 14692
     },
     "non-recursive-rule": {
      "ancestor(x,y) :- \n   parent(x,y).": {
       "atom-frequency": {
        "ancestor(x,y) :- \n   parent(x,y).": {
         "parent": {
          "level": 0,
          "num-tuples": 0
         }
        }
       },
       "maxRSS": {
        "post": 14692,
        "pre": 14692
       },
       "num-tuples": 1000,
       "runtime": { "start": 29301384421, "end": 29301384476},
       "source-locator": "/root/compiler/tests/corpus/BENCHMARK_FAMILY/ancestor_nonancestor.dl [21:1-21:30]"
      }
     },
     "num-tuples": 1000,
     "reads": 417668,
     "runtime": { "start": 29301384404, "end": 29301384485},
     "source-locator": "/root/compiler/tests/corpus/BENCHMARK_FAMILY/ancestor_nonancestor.dl [20:7-20:15]"
    },
    "nonancestor": {
     "maxRSS": {
      "post": 18136,
      "pre": 15192
     },
     "non-recursive-rule": {
      "nonancestor(x,y) :- \n   person(x),\n   person(y),\n   !ancestor(x,y).": {
       "atom-frequency": {
        "nonancestor(x,y) :- \n   person(x),\n   person(y),\n   !ancestor(x,y).": {
         "person": {
          "level": 0,
          "num-tuples": 0
         }
        }
       },
       "maxRSS": {
        "post": 18136,
        "pre": 15192
       },
       "num-tuples": 149651,
       "runtime": { "start": 29301417318, "end": 29301435768},
       "source-locator": "/root/compiler/tests/corpus/BENCHMARK_FAMILY/ancestor_nonancestor.dl [25:1-25:58]"
      }
     },
     "num-tuples": 149651,
     "reads": 0,
     "runtime": { "start": 29301417308, "end": 29301435823},
     "source-locator": "/root/compiler/tests/corpus/BENCHMARK_FAMILY/ancestor_nonancestor.dl [24:7-24:18]"
    },
    "parent": {
     "loadtime": { "start": 29301383197, "end": 29301384101},
     "num-tuples": 1000,
     "reads": 0,
     "source-locator": "/root/compiler/tests/corpus/BENCHMARK_FAMILY/ancestor_nonancestor.dl [15:7-15:13]"
    },
    "person": {
     "loadtime": { "start": 29301384111, "end": 29301384394},
     "num-tuples": 500,
     "reads": 0,
     "source-locator": "/root/compiler/tests/corpus/BENCHMARK_FAMILY/ancestor_nonancestor.dl [17:7-17:13]"
    },
    "q_nonancestor": {
     "maxRSS": {
      "post": 18136,
      "pre": 18136
     },
     "non-recursive-rule": {
      "q_nonancestor(y) :- \n   nonancestor(1,y).": {
       "atom-frequency": {
        "q_nonancestor(y) :- \n   nonancestor(1,y).": {
         "nonancestor": {
          "level": 0,
          "num-tuples": 0
         }
        }
       },
       "maxRSS": {
        "post": 18136,
        "pre": 18136
       },
       "num-tuples": 450,
       "runtime": { "start": 29301436130, "end": 29301436149},
       "source-locator": "/root/compiler/tests/corpus/BENCHMARK_FAMILY/ancestor_nonancestor.dl [29:1-29:38]"
      }
     },
     "num-tuples": 450,
     "reads": 0,
     "runtime": { "start": 29301436114, "end": 29301436162},
     "savetime": { "start": 29301436169, "end": 29301436327},
     "source-locator": "/root/compiler/tests/corpus/BENCHMARK_FAMILY/ancestor_nonancestor.dl [27:7-27:20]"
    }
   },
   "runtime": { "start": 29301383191, "end": 29301436534},
   "starttime": { "time": 29301383160},
   "usage": {
    "timepoint": {
     "29301383178": {
      "maxRSS": 14692,
      "systemtime": 2746,
      "usertime": 0
     },
     "29301384147": {
      "maxRSS": 14692,
      "systemtime": 4272,
      "usertime": 959
     },
     "29301384433": {
      "maxRSS": 14692,
      "systemtime": 4272,
      "usertime": 1278
     },
     "29301384548": {
      "maxRSS": 14692,
      "systemtime": 4272,
      "usertime": 1408
     },
     "29301384983": {
      "maxRSS": 14692,
      "systemtime": 4272,
      "usertime": 1837
     },
     "29301385149": {
      "maxRSS": 14692,
      "systemtime": 4272,
      "usertime": 2033
     },
     "29301385947": {
      "maxRSS": 14692,
      "systemtime": 4272,
      "usertime": 2827
     },
     "29301386319": {
      "maxRSS": 14692,
      "systemtime": 4272,
      "usertime": 3232
     },
     "29301387415": {
      "maxRSS": 14692,
      "systemtime": 4272,
      "usertime": 3239
     },
     "29301387589": {
      "maxRSS": 14692,
      "systemtime": 4393,
      "usertime": 4393
     },
     "29301387596": {
      "maxRSS": 14692,
      "systemtime": 4399,
      "usertime": 4399
     },
     "29301388372": {
      "maxRSS": 14692,
      "systemtime": 5180,
      "usertime": 4399
     },
     "29301389438": {
      "maxRSS": 14692,
      "systemtime": 5188,
      "usertime": 4399
     },
     "29301390136": {
      "maxRSS": 14692,
      "systemtime": 6948,
      "usertime": 4399
     },
     "29301390988": {
      "maxRSS": 14692,
      "systemtime": 7815,
      "usertime": 4399
     },
     "29301392087": {
      "maxRSS": 14692,
      "systemtime": 7815,
      "usertime": 5465
     },
     "29301392932": {
      "maxRSS": 14692,
      "systemtime": 7815,
      "usertime": 6384
     },
     "29301393830": {
      "maxRSS": 14692,
      "systemtime": 7815,
      "usertime": 7314
     },
     "29301394931": {
      "maxRSS": 14692,
      "systemtime": 7815,
      "usertime": 7326
     },
     "29301395699": {
      "maxRSS": 14692,
      "systemtime": 8507,
      "usertime": 8507
     },
     "29301396688": {
      "maxRSS": 14692,
      "systemtime": 8511,
      "usertime": 9509
     },
     "29301397791": {
      "maxRSS": 14692,
      "systemtime": 8511,
      "usertime": 9519
     },
     "29301398631": {
      "maxRSS": 14692,
      "systemtime": 8511,
      "usertime": 11417
     },
     "29301399566": {
      "maxRSS": 14692,
      "systemtime": 8511,
      "usertime": 12418
     },
     "29301400707": {
      "maxRSS": 14692,
      "systemtime": 8511,
      "usertime": 12914
     },
     "29301401436": {
      "maxRSS": 14692,
      "systemtime": 8511,
      "usertime": 14354
     },
     "29301402393": {
      "maxRSS": 14692,
      "systemtime": 8511,
      "usertime": 15345
     },
     "29301403610": {
      "maxRSS": 14692,
      "systemtime": 8511,
      "usertime": 15378
     },
     "29301404218": {
      "maxRSS": 14692,
      "systemtime": 8511,
      "usertime": 17231
     },
     "29301405142": {
      "maxRSS": 14692,
      "systemtime": 8511,
      "usertime": 18166
     },
     "29301406211": {
      "maxRSS": 14692,
      "systemtime": 8511,
      "usertime": 18173
     },
     "29301406821": {
      "maxRSS": 14692,
      "systemtime": 8511,
      "usertime": 19845
     },
     "29301407760": {
      "maxRSS": 14936,
      "systemtime": 8511,
      "usertime": 20755
     },
     "29301408952": {
      "maxRSS": 14936,
      "systemtime": 8511,
      "usertime": 21089
     },
     "29301409257": {
      "maxRSS": 14936,
      "systemtime": 8511,
      "usertime": 22358
     },
     "29301409963": {
      "maxRSS": 15064,
      "systemtime": 8511,
      "usertime": 23072
     },
     "29301411031": {
      "maxRSS": 15064,
      "systemtime": 8511,
      "usertime": 23083
     },
     "29301411253": {
      "maxRSS": 15064,
      "systemtime": 8511,
      "usertime": 24379
     },
     "29301411877": {
      "maxRSS": 15192,
      "systemtime": 8511,
      "usertime": 25016
     },
     "29301412982": {
      "maxRSS": 15192,
      "systemtime": 8511,
      "usertime": 26098
     },
     "29301413414": {
      "maxRSS": 15192,
      "systemtime": 8511,
      "usertime": 26572
     },
     "29301414200": {
      "maxRSS": 15192,
      "systemtime": 8511,
      "usertime": 27386
     },
     "29301414510": {
      "maxRSS": 15192,
      "systemtime": 8511,
      "usertime": 27701
     },
     "29301415101": {
      "maxRSS": 15192,
      "systemtime": 8511,
      "usertime": 28298
     },
     "29301415340": {
      "maxRSS": 15192,
      "systemtime": 8511,
      "usertime": 28538
     },
     "29301415771": {
      "maxRSS": 15192,
      "systemtime": 8511,
      "usertime": 29002
     },
     "29301416014": {
      "maxRSS": 15192,
      "systemtime": 8511,
      "usertime": 29250
     },
     "29301416335": {
      "maxRSS": 15192,
      "systemtime": 8511,
      "usertime": 29547
     },
     "29301416407": {
      "maxRSS": 15192,
      "systemtime": 8511,
      "usertime": 29669
     },
     "29301416658": {
      "maxRSS": 15192,
      "systemtime": 8511,
      "usertime": 29941
     },
     "29301416717": {
      "maxRSS": 15192,
      "systemtime": 8511,
      "usertime": 30013
     },
     "29301416892": {
      "maxRSS": 15192,
      "systemtime": 8511,
      "usertime": 30205
     },
     "29301416933": {
      "maxRSS": 15192,
      "systemtime": 8511,
      "usertime": 30251
     },
     "29301417047": {
      "maxRSS": 15192,
      "systemtime": 8511,
      "usertime": 30372
     },
     "29301417077": {
      "maxRSS": 15192,
      "systemtime": 8511,
      "usertime": 30409
     },
     "29301417163": {
      "maxRSS": 15192,
      "systemtime": 8511,
      "usertime": 30501
     },
     "29301417184": {
      "maxRSS": 15192,
      "systemtime": 8511,
      "usertime": 30529
     },
     "29301417240": {
      "maxRSS": 15192,
      "systemtime": 8511,
      "usertime": 30594
     },
     "29301417260": {
      "maxRSS": 15192,
      "systemtime": 8511,
      "usertime": 30621
     },
     "29301417303": {
      "maxRSS": 15192,
      "systemtime": 8511,
      "usertime": 30671
     },
     "29301417322": {
      "maxRSS": 15192,
      "systemtime": 8511,
      "usertime": 30697
     },
     "29301418426": {
      "maxRSS": 15448,
      "systemtime": 8511,
      "usertime": 30706
     },
     "29301419526": {
      "maxRSS": 15704,
      "systemtime": 8511,
      "usertime": 30717
     },
     "29301420609": {
      "maxRSS": 15832,
      "systemtime": 8511,
      "usertime": 33416
     },
     "29301421712": {
      "maxRSS": 16088,
      "systemtime": 8511,
      "usertime": 33430
     },
     "29301422779": {
      "maxRSS": 16216,
      "systemtime": 8511,
      "usertime": 33440
     },
     "29301423856": {
      "maxRSS": 16344,
      "systemtime": 8511,
      "usertime": 33449
     },
     "29301424944": {
      "maxRSS": 16472,
      "systemtime": 8511,
      "usertime": 37464
     },
     "29301426036": {
      "maxRSS": 16600,
      "systemtime": 8511,
      "usertime": 37485
     },
     "29301427209": {
      "maxRSS": 16856,
      "systemtime": 8511,
      "usertime": 37502
     },
     "29301428285": {
      "maxRSS": 16984,
      "systemtime": 11550,
      "usertime": 38501
     },
     "29301429351": {
      "maxRSS": 17112,
      "systemtime": 11552,
      "usertime": 38508
     },
     "29301430417": {
      "maxRSS": 17240,
      "systemtime": 11554,
      "usertime": 38513
     },
     "29301431480": {
      "maxRSS": 17368,
      "systemtime": 11555,
      "usertime": 38518
     },
     "29301432551": {
      "maxRSS": 17624,
      "systemtime": 11585,
      "usertime": 42479
     },
     "29301433620": {
      "maxRSS": 17752,
      "systemtime": 11587,
      "usertime": 42487
     },
     "29301434690": {
      "maxRSS": 18008,
      "systemtime": 11590,
      "usertime": 42497
     },
     "29301435753": {
      "maxRSS": 18136,
      "systemtime": 12382,
      "usertime": 45403
     },
     "29301436136": {
      "maxRSS": 18136,
      "systemtime": 12402,
      "usertime": 45827
     },
     "29301436183": {
      "maxRSS": 18136,
      "systemtime": 12402,
      "usertime": 45875
     }
    }
   }
  }
 }
}
