{
 "root": {
  "program": {
   "configuration": {
    "": "/root/compiler/tests/corpus/BENCHMARK_FAMILY/same_generation_negation.dl",
    "fact-dir": "/root/compiler/fixtures/benchmark-family/same_generation_negation/d4_b4",
    "include-dir": ".",
    "jobs": "1",
    "libraries": "functors",
    "library-dir": ".",
    "magic-transform": "*",
    "output-dir": "/root/compiler/measurements/m3-5-headline/family/same_generation_negation/d4_b4/souffle",
    "profile": "prof.log",
    "relationCount": "4",
    "ruleCount": "7",
    "version": "2.5",
    "warn": "all",
    "wno": "none"
   },
   "relation": {
    "@magic.notsg.{bf}": {
     "maxRSS": {
      "post": 11684,
      "pre": 11556
     },
     "non-recursive-rule": {
      "@magic.notsg.{bf}(0).": {
       "maxRSS": {
        "post": 11684,
        "pre": 11556
       },
       "num-tuples": 1,
       "runtime": { "start": 29053170146, "end": 29053170158},
       "source-locator": " [1:1-1:1]"
      }
     },
     "num-tuples": 1,
     "runtime": { "start": 29053170145, "end": 29053170167},
     "source-locator": " [1:1-1:1]"
    },
    "@neglabel.sg": {
     "iteration": {
      "0": {
       "copytime": { "start": 29053172153, "end": 29053172203},
       "maxRSS": {
        "post": 12124,
        "pre": 12124
       },
       "num-tuples": 706,
       "recursive-rule": {
        "@neglabel.sg(x,y) :- \n   parent(x,xp),\n   parent(y,yp),\n   @neglabel.sg(xp,yp),\n   x != y.": {
         "0": {
          "atom-frequency": {
           "@new_@neglabel.sg(x,y) :- \n   parent(x,xp),\n   parent(y,yp),\n   @delta_@neglabel.sg(xp,yp),\n   x != y.": {
            "parent": {
             "level": 0,
             "num-tuples": 0
            }
           }
          },
          "maxRSS": {
           "post": 12124,
           "pre": 12124
          },
          "num-tuples": 706,
          "runtime": { "start": 29053170391, "end": 29053172120},
          "source-locator": " [1:1-1:1]"
         }
        }
       },
       "runtime": { "start": 29053170382, "end": 29053172131}
      },
      "1": {
       "copytime": { "start": 29053174315, "end": 29053174505},
       "maxRSS": {
        "post": 12124,
        "pre": 12124
       },
       "num-tuples": 2564,
       "recursive-rule": {
        "@neglabel.sg(x,y) :- \n   parent(x,xp),\n   parent(y,yp),\n   @neglabel.sg(xp,yp),\n   x != y.": {
         "0": {
          "maxRSS": {
           "post": 12124,
           "pre": 12124
          },
          "num-tuples": 2564,
          "runtime": { "start": 29053172218, "end": 29053174270},
          "source-locator": " [1:1-1:1]"
         }
        }
       },
       "runtime": { "start": 29053172207, "end": 29053174283}
      },
      "2": {
       "copytime": { "start": 29053177018, "end": 29053177630},
       "maxRSS": {
        "post": 12380,
        "pre": 12124
       },
       "num-tuples": 8820,
       "recursive-rule": {
        "@neglabel.sg(x,y) :- \n   parent(x,xp),\n   parent(y,yp),\n   @neglabel.sg(xp,yp),\n   x != y.": {
         "0": {
          "maxRSS": {
           "post": 12380,
           "pre": 12124
          },
          "num-tuples": 8820,
          "runtime": { "start": 29053174522, "end": 29053176984},
          "source-locator": " [1:1-1:1]"
         }
        }
       },
       "runtime": { "start": 29053174510, "end": 29053176995}
      },
      "3": {
       "copytime": { "start": 29053181006, "end": 29053182179},
       "maxRSS": {
        "post": 12892,
        "pre": 12508
       },
       "num-tuples": 18140,
       "recursive-rule": {
        "@neglabel.sg(x,y) :- \n   parent(x,xp),\n   parent(y,yp),\n   @neglabel.sg(xp,yp),\n   x != y.": {
         "0": {
          "maxRSS": {
           "post": 12892,
           "pre": 12508
          },
          "num-tuples": 18140,
          "runtime": { "start": 29053177647, "end": 29053180967},
          "source-locator": " [1:1-1:1]"
         }
        }
       },
       "runtime": { "start": 29053177635, "end": 29053180980}
      },
      "4": {
       "maxRSS": {
        "post": 13276,
        "pre": 13276
       },
       "num-tuples": 0,
       "recursive-rule": {
        "@neglabel.sg(x,y) :- \n   parent(x,xp),\n   parent(y,yp),\n   @neglabel.sg(xp,yp),\n   x != y.": {
         "0": {
          "maxRSS": {
           "post": 13276,
           "pre": 13276
          },
          "num-tuples": 0,
          "runtime": { "start": 29053182199, "end": 29053184588},
          "source-locator": " [1:1-1:1]"
         }
        }
       },
       "runtime": { "start": 29053182185, "end": 29053184598}
      }
     },
     "maxRSS": {
      "post": 12124,
      "pre": 12124
     },
     "non-recursive-rule": {
      "@neglabel.sg(x,x) :- \n   person(x).": {
       "atom-frequency": {
        "@neglabel.sg(x,x) :- \n   person(x).": {
         "person": {
          "level": 0,
          "num-tuples": 0
         }
        }
       },
       "maxRSS": {
        "post": 12124,
        "pre": 12124
       },
       "num-tuples": 226,
       "runtime": { "start": 29053170345, "end": 29053170355},
       "source-locator": " [1:1-1:1]"
      }
     },
     "num-tuples": 226,
     "runtime": { "start": 29053170335, "end": 29053170365},
     "source-locator": "/root/compiler/tests/corpus/BENCHMARK_FAMILY/same_generation_negation.dl [26:7-26:9]"
    },
    "notsg.{bf}": {
     "maxRSS": {
      "post": 13276,
      "pre": 13276
     },
     "non-recursive-rule": {
      "notsg.{bf}(x,y) :- \n   @magic.notsg.{bf}(x),\n   person(x),\n   person(y),\n   !@neglabel.sg(x,y).": {
       "atom-frequency": {
        "notsg.{bf}(x,y) :- \n   @magic.notsg.{bf}(x),\n   person(x),\n   person(y),\n   !@neglabel.sg(x,y).": {
         "@magic.notsg.{bf}": {
          "level": 0,
          "num-tuples": 0
         },
         "person": {
          "level": 2,
          "num-tuples": 0
         }
        }
       },
       "maxRSS": {
        "post": 13276,
        "pre": 13276
       },
       "num-tuples": 225,
       "runtime": { "start": 29053184650, "end": 29053184666},
       "source-locator": " [1:1-1:1]"
      }
     },
     "num-tuples": 225,
     "reads": 0,
     "runtime": { "start": 29053184641, "end": 29053184675},
     "source-locator": " [1:1-1:1]"
    },
    "parent": {
     "loadtime": { "start": 29053170171, "end": 29053170276},
     "num-tuples": 225,
     "reads": 0,
     "source-locator": "/root/compiler/tests/corpus/BENCHMARK_FAMILY/same_generation_negation.dl [20:7-20:13]"
    },
    "person": {
     "loadtime": { "start": 29053170283, "end": 29053170328},
     "num-tuples": 226,
     "reads": 1,
     "source-locator": "/root/compiler/tests/corpus/BENCHMARK_FAMILY/same_generation_negation.dl [23:7-23:13]"
    },
    "q_notsg": {
     "maxRSS": {
      "post": 13276,
      "pre": 13276
     },
     "non-recursive-rule": {
      "q_notsg(y) :- \n   notsg.{bf}(@abdul0,y),\n   @abdul0 = 0.": {
       "atom-frequency": {
        "q_notsg(y) :- \n   notsg.{bf}(@abdul0,y),\n   @abdul0 = 0.": {
         "notsg.{bf}": {
          "level": 0,
          "num-tuples": 0
         }
        }
       },
       "maxRSS": {
        "post": 13276,
        "pre": 13276
       },
       "num-tuples": 225,
       "runtime": { "start": 29053184784, "end": 29053184801},
       "source-locator": " [1:1-1:1]"
      }
     },
     "num-tuples": 225,
     "reads": 0,
     "runtime": { "start": 29053184774, "end": 29053184811},
     "savetime": { "start": 29053184816, "end": 29053184930},
     "source-locator": "/root/compiler/tests/corpus/BENCHMARK_FAMILY/same_generation_negation.dl [33:7-33:14]"
    }
   },
   "runtime": { "start": 29053170139, "end": 29053184936},
   "starttime": { "time": 29053170110},
   "usage": {
    "timepoint": {
     "29053170164": {
      "maxRSS": 11684,
      "systemtime": 4449,
      "usertime": 0
     },
     "29053170301": {
      "maxRSS": 12124,
      "systemtime": 4605,
      "usertime": 0
     },
     "29053170355": {
      "maxRSS": 12124,
      "systemtime": 4687,
      "usertime": 0
     },
     "29053170398": {
      "maxRSS": 12124,
      "systemtime": 4737,
      "usertime": 0
     },
     "29053171466": {
      "maxRSS": 12124,
      "systemtime": 4746,
      "usertime": 0
     },
     "29053172153": {
      "maxRSS": 12124,
      "systemtime": 4746,
      "usertime": 1768
     },
     "29053172222": {
      "maxRSS": 12124,
      "systemtime": 4746,
      "usertime": 1841
     },
     "29053173304": {
      "maxRSS": 12124,
      "systemtime": 4746,
      "usertime": 1855
     },
     "29053174318": {
      "maxRSS": 12124,
      "systemtime": 4746,
      "usertime": 3968
     },
     "29053174531": {
      "maxRSS": 12124,
      "systemtime": 4746,
      "usertime": 4190
     },
     "29053175606": {
      "maxRSS": 12252,
      "systemtime": 4746,
      "usertime": 4203
     },
     "29053176740": {
      "maxRSS": 12380,
      "systemtime": 4746,
      "usertime": 5705
     },
     "29053177018": {
      "maxRSS": 12380,
      "systemtime": 4746,
      "usertime": 6721
     },
     "29053177652": {
      "maxRSS": 12508,
      "systemtime": 4746,
      "usertime": 7363
     },
     "29053178760": {
      "maxRSS": 12636,
      "systemtime": 4746,
      "usertime": 7375
     },
     "29053179862": {
      "maxRSS": 12764,
      "systemtime": 4746,
      "usertime": 7386
     },
     "29053180934": {
      "maxRSS": 12892,
      "systemtime": 4746,
      "usertime": 9753
     },
     "29053181005": {
      "maxRSS": 12892,
      "systemtime": 4746,
      "usertime": 10763
     },
     "29053182102": {
      "maxRSS": 13276,
      "systemtime": 4746,
      "usertime": 10781
     },
     "29053182203": {
      "maxRSS": 13276,
      "systemtime": 4746,
      "usertime": 11980
     },
     "29053183306": {
      "maxRSS": 13276,
      "systemtime": 4746,
      "usertime": 11992
     },
     "29053184411": {
      "maxRSS": 13276,
      "systemtime": 4746,
      "usertime": 13807
     },
     "29053184616": {
      "maxRSS": 13276,
      "systemtime": 4746,
      "usertime": 14424
     },
     "29053184655": {
      "maxRSS": 13276,
      "systemtime": 4746,
      "usertime": 14470
     },
     "29053184790": {
      "maxRSS": 13276,
      "systemtime": 4746,
      "usertime": 14612
     },
     "29053184830": {
      "maxRSS": 13276,
      "systemtime": 4746,
      "usertime": 14651
     }
    }
   }
  }
 }
}
