{
 "root": {
  "program": {
   "configuration": {
    "": "/root/compiler/tests/corpus/BENCHMARK_FAMILY/transitive_closure_bound.dl",
    "fact-dir": "/root/compiler/fixtures/benchmark-family/transitive_closure_bound/n1000",
    "include-dir": ".",
    "jobs": "1",
    "libraries": "functors",
    "library-dir": ".",
    "output-dir": "/root/compiler/measurements/m3-5-headline-m4/family/transitive_closure_bound/n1000/none",
    "profile": "prof.log",
    "relationCount": "3",
    "ruleCount": "5",
    "version": "2.5",
    "warn": "all",
    "wno": "none"
   },
   "relation": {
    "edge": {
     "loadtime": { "start": 22171548224, "end": 22171550012},
     "num-tuples": 2000,
     "reads": 0,
     "source-locator": "/root/compiler/tests/corpus/BENCHMARK_FAMILY/transitive_closure_bound.dl [17:7-17:11]"
    },
    "q_tc": {
     "maxRSS": {
      "post": 22876,
      "pre": 22876
     },
     "non-recursive-rule": {
      "q_tc(y) :- \n   tc(1,y).": {
       "atom-frequency": {
        "q_tc(y) :- \n   tc(1,y).": {
         "tc": {
          "level": 0,
          "num-tuples": 0
         }
        }
       },
       "maxRSS": {
        "post": 22876,
        "pre": 22876
       },
       "num-tuples": 50,
       "runtime": { "start": 22171748930, "end": 22171748934},
       "source-locator": "/root/compiler/tests/corpus/BENCHMARK_FAMILY/transitive_closure_bound.dl [26:1-26:20]"
      }
     },
     "num-tuples": 50,
     "reads": 0,
     "runtime": { "start": 22171748929, "end": 22171748942},
     "savetime": { "start": 22171748947, "end": 22171749116},
     "source-locator": "/root/compiler/tests/corpus/BENCHMARK_FAMILY/transitive_closure_bound.dl [24:7-24:11]"
    },
    "tc": {
     "iteration": {
      "0": {
       "copytime": { "start": 22171551071, "end": 22171551415},
       "maxRSS": {
        "post": 14000,
        "pre": 14000
       },
       "num-tuples": 4290,
       "recursive-rule": {
        "tc(x,y) :- \n   tc(x,z),\n   edge(z,y).": {
         "0": {
          "atom-frequency": {
           "@new_tc(x,y) :- \n   @delta_tc(x,z),\n   edge(z,y).": {
            "@delta_tc": {
             "level": 0,
             "num-tuples": 0
            },
            "edge": {
             "level": 1,
             "num-tuples": 0
            }
           }
          },
          "maxRSS": {
           "post": 14000,
           "pre": 14000
          },
          "num-tuples": 4290,
          "runtime": { "start": 22171550245, "end": 22171551038},
          "source-locator": "/root/compiler/tests/corpus/BENCHMARK_FAMILY/transitive_closure_bound.dl [22:1-22:31]"
         }
        }
       },
       "runtime": { "start": 22171550235, "end": 22171551048}
      },
      "1": {
       "copytime": { "start": 22171553382, "end": 22171554160},
       "maxRSS": {
        "post": 14000,
        "pre": 14000
       },
       "num-tuples": 9007,
       "recursive-rule": {
        "tc(x,y) :- \n   tc(x,z),\n   edge(z,y).": {
         "0": {
          "maxRSS": {
           "post": 14000,
           "pre": 14000
          },
          "num-tuples": 9007,
          "runtime": { "start": 22171551430, "end": 22171553347},
          "source-locator": "/root/compiler/tests/corpus/BENCHMARK_FAMILY/transitive_closure_bound.dl [22:1-22:31]"
         }
        }
       },
       "runtime": { "start": 22171551420, "end": 22171553359}
      },
      "10": {
       "copytime": { "start": 22171657761, "end": 22171661472},
       "maxRSS": {
        "post": 19548,
        "pre": 19420
       },
       "num-tuples": 31949,
       "recursive-rule": {
        "tc(x,y) :- \n   tc(x,z),\n   edge(z,y).": {
         "0": {
          "maxRSS": {
           "post": 19548,
           "pre": 19420
          },
          "num-tuples": 31949,
          "runtime": { "start": 22171643805, "end": 22171657703},
          "source-locator": "/root/compiler/tests/corpus/BENCHMARK_FAMILY/transitive_closure_bound.dl [22:1-22:31]"
         }
        }
       },
       "runtime": { "start": 22171643791, "end": 22171657722}
      },
      "11": {
       "copytime": { "start": 22171675107, "end": 22171678552},
       "maxRSS": {
        "post": 20444,
        "pre": 20444
       },
       "num-tuples": 29946,
       "recursive-rule": {
        "tc(x,y) :- \n   tc(x,z),\n   edge(z,y).": {
         "0": {
          "maxRSS": {
           "post": 20444,
           "pre": 20444
          },
          "num-tuples": 29946,
          "runtime": { "start": 22171661505, "end": 22171675052},
          "source-locator": "/root/compiler/tests/corpus/BENCHMARK_FAMILY/transitive_closure_bound.dl [22:1-22:31]"
         }
        }
       },
       "runtime": { "start": 22171661483, "end": 22171675069}
      },
      "12": {
       "copytime": { "start": 22171691349, "end": 22171694480},
       "maxRSS": {
        "post": 21212,
        "pre": 21212
       },
       "num-tuples": 26262,
       "recursive-rule": {
        "tc(x,y) :- \n   tc(x,z),\n   edge(z,y).": {
         "0": {
          "maxRSS": {
           "post": 21212,
           "pre": 21212
          },
          "num-tuples": 26262,
          "runtime": { "start": 22171678580, "end": 22171691296},
          "source-locator": "/root/compiler/tests/corpus/BENCHMARK_FAMILY/transitive_closure_bound.dl [22:1-22:31]"
         }
        }
       },
       "runtime": { "start": 22171678562, "end": 22171691314}
      },
      "13": {
       "copytime": { "start": 22171705404, "end": 22171707822},
       "maxRSS": {
        "post": 21852,
        "pre": 21852
       },
       "num-tuples": 21757,
       "recursive-rule": {
        "tc(x,y) :- \n   tc(x,z),\n   edge(z,y).": {
         "0": {
          "maxRSS": {
           "post": 21852,
           "pre": 21852
          },
          "num-tuples": 21757,
          "runtime": { "start": 22171694508, "end": 22171705367},
          "source-locator": "/root/compiler/tests/corpus/BENCHMARK_FAMILY/transitive_closure_bound.dl [22:1-22:31]"
         }
        }
       },
       "runtime": { "start": 22171694492, "end": 22171705383}
      },
      "14": {
       "copytime": { "start": 22171716774, "end": 22171719277},
       "maxRSS": {
        "post": 22236,
        "pre": 22236
       },
       "num-tuples": 17199,
       "recursive-rule": {
        "tc(x,y) :- \n   tc(x,z),\n   edge(z,y).": {
         "0": {
          "maxRSS": {
           "post": 22236,
           "pre": 22236
          },
          "num-tuples": 17199,
          "runtime": { "start": 22171707847, "end": 22171716726},
          "source-locator": "/root/compiler/tests/corpus/BENCHMARK_FAMILY/transitive_closure_bound.dl [22:1-22:31]"
         }
        }
       },
       "runtime": { "start": 22171707831, "end": 22171716740}
      },
      "15": {
       "copytime": { "start": 22171726742, "end": 22171728669},
       "maxRSS": {
        "post": 22492,
        "pre": 22492
       },
       "num-tuples": 12813,
       "recursive-rule": {
        "tc(x,y) :- \n   tc(x,z),\n   edge(z,y).": {
         "0": {
          "maxRSS": {
           "post": 22492,
           "pre": 22492
          },
          "num-tuples": 12813,
          "runtime": { "start": 22171719316, "end": 22171726694},
          "source-locator": "/root/compiler/tests/corpus/BENCHMARK_FAMILY/transitive_closure_bound.dl [22:1-22:31]"
         }
        }
       },
       "runtime": { "start": 22171719290, "end": 22171726709}
      },
      "16": {
       "copytime": { "start": 22171734644, "end": 22171736159},
       "maxRSS": {
        "post": 22748,
        "pre": 22620
       },
       "num-tuples": 8915,
       "recursive-rule": {
        "tc(x,y) :- \n   tc(x,z),\n   edge(z,y).": {
         "0": {
          "maxRSS": {
           "post": 22748,
           "pre": 22620
          },
          "num-tuples": 8915,
          "runtime": { "start": 22171728710, "end": 22171734602},
          "source-locator": "/root/compiler/tests/corpus/BENCHMARK_FAMILY/transitive_closure_bound.dl [22:1-22:31]"
         }
        }
       },
       "runtime": { "start": 22171728684, "end": 22171734617}
      },
      "17": {
       "copytime": { "start": 22171740256, "end": 22171741174},
       "maxRSS": {
        "post": 22748,
        "pre": 22748
       },
       "num-tuples": 5942,
       "recursive-rule": {
        "tc(x,y) :- \n   tc(x,z),\n   edge(z,y).": {
         "0": {
          "maxRSS": {
           "post": 22748,
           "pre": 22748
          },
          "num-tuples": 5942,
          "runtime": { "start": 22171736184, "end": 22171740213},
          "source-locator": "/root/compiler/tests/corpus/BENCHMARK_FAMILY/transitive_closure_bound.dl [22:1-22:31]"
         }
        }
       },
       "runtime": { "start": 22171736168, "end": 22171740227}
      },
      "18": {
       "copytime": { "start": 22171743686, "end": 22171744288},
       "maxRSS": {
        "post": 22876,
        "pre": 22876
       },
       "num-tuples": 3799,
       "recursive-rule": {
        "tc(x,y) :- \n   tc(x,z),\n   edge(z,y).": {
         "0": {
          "maxRSS": {
           "post": 22876,
           "pre": 22876
          },
          "num-tuples": 3799,
          "runtime": { "start": 22171741196, "end": 22171743647},
          "source-locator": "/root/compiler/tests/corpus/BENCHMARK_FAMILY/transitive_closure_bound.dl [22:1-22:31]"
         }
        }
       },
       "runtime": { "start": 22171741182, "end": 22171743659}
      },
      "19": {
       "copytime": { "start": 22171745952, "end": 22171746281},
       "maxRSS": {
        "post": 22876,
        "pre": 22876
       },
       "num-tuples": 2219,
       "recursive-rule": {
        "tc(x,y) :- \n   tc(x,z),\n   edge(z,y).": {
         "0": {
          "maxRSS": {
           "post": 22876,
           "pre": 22876
          },
          "num-tuples": 2219,
          "runtime": { "start": 22171744309, "end": 22171745913},
          "source-locator": "/root/compiler/tests/corpus/BENCHMARK_FAMILY/transitive_closure_bound.dl [22:1-22:31]"
         }
        }
       },
       "runtime": { "start": 22171744295, "end": 22171745925}
      },
      "2": {
       "copytime": { "start": 22171557964, "end": 22171559250},
       "maxRSS": {
        "post": 14000,
        "pre": 14000
       },
       "num-tuples": 15229,
       "recursive-rule": {
        "tc(x,y) :- \n   tc(x,z),\n   edge(z,y).": {
         "0": {
          "maxRSS": {
           "post": 14000,
           "pre": 14000
          },
          "num-tuples": 15229,
          "runtime": { "start": 22171554177, "end": 22171557923},
          "source-locator": "/root/compiler/tests/corpus/BENCHMARK_FAMILY/transitive_closure_bound.dl [22:1-22:31]"
         }
        }
       },
       "runtime": { "start": 22171554166, "end": 22171557937}
      },
      "20": {
       "copytime": { "start": 22171747268, "end": 22171747455},
       "maxRSS": {
        "post": 22876,
        "pre": 22876
       },
       "num-tuples": 1232,
       "recursive-rule": {
        "tc(x,y) :- \n   tc(x,z),\n   edge(z,y).": {
         "0": {
          "maxRSS": {
           "post": 22876,
           "pre": 22876
          },
          "num-tuples": 1232,
          "runtime": { "start": 22171746301, "end": 22171747231},
          "source-locator": "/root/compiler/tests/corpus/BENCHMARK_FAMILY/transitive_closure_bound.dl [22:1-22:31]"
         }
        }
       },
       "runtime": { "start": 22171746288, "end": 22171747243}
      },
      "21": {
       "copytime": { "start": 22171748020, "end": 22171748132},
       "maxRSS": {
        "post": 22876,
        "pre": 22876
       },
       "num-tuples": 695,
       "recursive-rule": {
        "tc(x,y) :- \n   tc(x,z),\n   edge(z,y).": {
         "0": {
          "maxRSS": {
           "post": 22876,
           "pre": 22876
          },
          "num-tuples": 695,
          "runtime": { "start": 22171747472, "end": 22171747977},
          "source-locator": "/root/compiler/tests/corpus/BENCHMARK_FAMILY/transitive_closure_bound.dl [22:1-22:31]"
         }
        }
       },
       "runtime": { "start": 22171747461, "end": 22171747988}
      },
      "22": {
       "copytime": { "start": 22171748450, "end": 22171748506},
       "maxRSS": {
        "post": 22876,
        "pre": 22876
       },
       "num-tuples": 335,
       "recursive-rule": {
        "tc(x,y) :- \n   tc(x,z),\n   edge(z,y).": {
         "0": {
          "maxRSS": {
           "post": 22876,
           "pre": 22876
          },
          "num-tuples": 335,
          "runtime": { "start": 22171748138, "end": 22171748418},
          "source-locator": "/root/compiler/tests/corpus/BENCHMARK_FAMILY/transitive_closure_bound.dl [22:1-22:31]"
         }
        }
       },
       "runtime": { "start": 22171748138, "end": 22171748428}
      },
      "23": {
       "copytime": { "start": 22171748662, "end": 22171748686},
       "maxRSS": {
        "post": 22876,
        "pre": 22876
       },
       "num-tuples": 146,
       "recursive-rule": {
        "tc(x,y) :- \n   tc(x,z),\n   edge(z,y).": {
         "0": {
          "maxRSS": {
           "post": 22876,
           "pre": 22876
          },
          "num-tuples": 146,
          "runtime": { "start": 22171748510, "end": 22171748632},
          "source-locator": "/root/compiler/tests/corpus/BENCHMARK_FAMILY/transitive_closure_bound.dl [22:1-22:31]"
         }
        }
       },
       "runtime": { "start": 22171748510, "end": 22171748641}
      },
      "24": {
       "copytime": { "start": 22171748774, "end": 22171748787},
       "maxRSS": {
        "post": 22876,
        "pre": 22876
       },
       "num-tuples": 65,
       "recursive-rule": {
        "tc(x,y) :- \n   tc(x,z),\n   edge(z,y).": {
         "0": {
          "maxRSS": {
           "post": 22876,
           "pre": 22876
          },
          "num-tuples": 65,
          "runtime": { "start": 22171748691, "end": 22171748746},
          "source-locator": "/root/compiler/tests/corpus/BENCHMARK_FAMILY/transitive_closure_bound.dl [22:1-22:31]"
         }
        }
       },
       "runtime": { "start": 22171748690, "end": 22171748754}
      },
      "25": {
       "copytime": { "start": 22171748833, "end": 22171748839},
       "maxRSS": {
        "post": 22876,
        "pre": 22876
       },
       "num-tuples": 30,
       "recursive-rule": {
        "tc(x,y) :- \n   tc(x,z),\n   edge(z,y).": {
         "0": {
          "maxRSS": {
           "post": 22876,
           "pre": 22876
          },
          "num-tuples": 30,
          "runtime": { "start": 22171748791, "end": 22171748818},
          "source-locator": "/root/compiler/tests/corpus/BENCHMARK_FAMILY/transitive_closure_bound.dl [22:1-22:31]"
         }
        }
       },
       "runtime": { "start": 22171748791, "end": 22171748825}
      },
      "26": {
       "copytime": { "start": 22171748889, "end": 22171748891},
       "maxRSS": {
        "post": 22876,
        "pre": 22876
       },
       "num-tuples": 3,
       "recursive-rule": {
        "tc(x,y) :- \n   tc(x,z),\n   edge(z,y).": {
         "0": {
          "maxRSS": {
           "post": 22876,
           "pre": 22876
          },
          "num-tuples": 3,
          "runtime": { "start": 22171748851, "end": 22171748862},
          "source-locator": "/root/compiler/tests/corpus/BENCHMARK_FAMILY/transitive_closure_bound.dl [22:1-22:31]"
         }
        }
       },
       "runtime": { "start": 22171748842, "end": 22171748870}
      },
      "27": {
       "maxRSS": {
        "post": 22876,
        "pre": 22876
       },
       "num-tuples": 0,
       "recursive-rule": {
        "tc(x,y) :- \n   tc(x,z),\n   edge(z,y).": {
         "0": {
          "maxRSS": {
           "post": 22876,
           "pre": 22876
          },
          "num-tuples": 0,
          "runtime": { "start": 22171748894, "end": 22171748896},
          "source-locator": "/root/compiler/tests/corpus/BENCHMARK_FAMILY/transitive_closure_bound.dl [22:1-22:31]"
         }
        }
       },
       "runtime": { "start": 22171748894, "end": 22171748903}
      },
      "3": {
       "copytime": { "start": 22171565736, "end": 22171567535},
       "maxRSS": {
        "post": 14000,
        "pre": 14000
       },
       "num-tuples": 18989,
       "recursive-rule": {
        "tc(x,y) :- \n   tc(x,z),\n   edge(z,y).": {
         "0": {
          "maxRSS": {
           "post": 14000,
           "pre": 14000
          },
          "num-tuples": 18989,
          "runtime": { "start": 22171559271, "end": 22171565685},
          "source-locator": "/root/compiler/tests/corpus/BENCHMARK_FAMILY/transitive_closure_bound.dl [22:1-22:31]"
         }
        }
       },
       "runtime": { "start": 22171559257, "end": 22171565710}
      },
      "4": {
       "copytime": { "start": 22171575269, "end": 22171577396},
       "maxRSS": {
        "post": 14556,
        "pre": 14428
       },
       "num-tuples": 19590,
       "recursive-rule": {
        "tc(x,y) :- \n   tc(x,z),\n   edge(z,y).": {
         "0": {
          "maxRSS": {
           "post": 14556,
           "pre": 14428
          },
          "num-tuples": 19590,
          "runtime": { "start": 22171567554, "end": 22171575228},
          "source-locator": "/root/compiler/tests/corpus/BENCHMARK_FAMILY/transitive_closure_bound.dl [22:1-22:31]"
         }
        }
       },
       "runtime": { "start": 22171567543, "end": 22171575241}
      },
      "5": {
       "copytime": { "start": 22171585387, "end": 22171587393},
       "maxRSS": {
        "post": 15196,
        "pre": 15068
       },
       "num-tuples": 20373,
       "recursive-rule": {
        "tc(x,y) :- \n   tc(x,z),\n   edge(z,y).": {
         "0": {
          "maxRSS": {
           "post": 15196,
           "pre": 15068
          },
          "num-tuples": 20373,
          "runtime": { "start": 22171577424, "end": 22171585344},
          "source-locator": "/root/compiler/tests/corpus/BENCHMARK_FAMILY/transitive_closure_bound.dl [22:1-22:31]"
         }
        }
       },
       "runtime": { "start": 22171577406, "end": 22171585359}
      },
      "6": {
       "copytime": { "start": 22171596018, "end": 22171598257},
       "maxRSS": {
        "post": 15836,
        "pre": 15708
       },
       "num-tuples": 23223,
       "recursive-rule": {
        "tc(x,y) :- \n   tc(x,z),\n   edge(z,y).": {
         "0": {
          "maxRSS": {
           "post": 15836,
           "pre": 15708
          },
          "num-tuples": 23223,
          "runtime": { "start": 22171587418, "end": 22171595960},
          "source-locator": "/root/compiler/tests/corpus/BENCHMARK_FAMILY/transitive_closure_bound.dl [22:1-22:31]"
         }
        }
       },
       "runtime": { "start": 22171587401, "end": 22171595974}
      },
      "7": {
       "copytime": { "start": 22171608666, "end": 22171611610},
       "maxRSS": {
        "post": 16732,
        "pre": 16476
       },
       "num-tuples": 27281,
       "recursive-rule": {
        "tc(x,y) :- \n   tc(x,z),\n   edge(z,y).": {
         "0": {
          "maxRSS": {
           "post": 16732,
           "pre": 16476
          },
          "num-tuples": 27281,
          "runtime": { "start": 22171598279, "end": 22171608590},
          "source-locator": "/root/compiler/tests/corpus/BENCHMARK_FAMILY/transitive_closure_bound.dl [22:1-22:31]"
         }
        }
       },
       "runtime": { "start": 22171598265, "end": 22171608614}
      },
      "8": {
       "copytime": { "start": 22171623329, "end": 22171627173},
       "maxRSS": {
        "post": 17628,
        "pre": 17372
       },
       "num-tuples": 30712,
       "recursive-rule": {
        "tc(x,y) :- \n   tc(x,z),\n   edge(z,y).": {
         "0": {
          "maxRSS": {
           "post": 17628,
           "pre": 17372
          },
          "num-tuples": 30712,
          "runtime": { "start": 22171611643, "end": 22171623260},
          "source-locator": "/root/compiler/tests/corpus/BENCHMARK_FAMILY/transitive_closure_bound.dl [22:1-22:31]"
         }
        }
       },
       "runtime": { "start": 22171611621, "end": 22171623286}
      },
      "9": {
       "copytime": { "start": 22171640428, "end": 22171643782},
       "maxRSS": {
        "post": 18652,
        "pre": 18396
       },
       "num-tuples": 32280,
       "recursive-rule": {
        "tc(x,y) :- \n   tc(x,z),\n   edge(z,y).": {
         "0": {
          "maxRSS": {
           "post": 18652,
           "pre": 18396
          },
          "num-tuples": 32280,
          "runtime": { "start": 22171627207, "end": 22171640372},
          "source-locator": "/root/compiler/tests/corpus/BENCHMARK_FAMILY/transitive_closure_bound.dl [22:1-22:31]"
         }
        }
       },
       "runtime": { "start": 22171627184, "end": 22171640393}
      }
     },
     "maxRSS": {
      "post": 14000,
      "pre": 14000
     },
     "non-recursive-rule": {
      "tc(x,y) :- \n   edge(x,y).": {
       "atom-frequency": {
        "tc(x,y) :- \n   edge(x,y).": {
         "edge": {
          "level": 0,
          "num-tuples": 0
         }
        }
       },
       "maxRSS": {
        "post": 14000,
        "pre": 14000
       },
       "num-tuples": 2000,
       "runtime": { "start": 22171550033, "end": 22171550125},
       "source-locator": "/root/compiler/tests/corpus/BENCHMARK_FAMILY/transitive_closure_bound.dl [21:1-21:22]"
      }
     },
     "num-tuples": 2000,
     "reads": 756538,
     "runtime": { "start": 22171550022, "end": 22171550133},
     "source-locator": "/root/compiler/tests/corpus/BENCHMARK_FAMILY/transitive_closure_bound.dl [20:7-20:9]"
    }
   },
   "runtime": { "start": 22171548219, "end": 22171750449},
   "starttime": { "time": 22171548195},
   "usage": {
    "timepoint": {
     "22171548210": {
      "maxRSS": 14000,
      "systemtime": 1819,
      "usertime": 1819
     },
     "22171549295": {
      "maxRSS": 14000,
      "systemtime": 2402,
      "usertime": 2402
     },
     "22171550134": {
      "maxRSS": 14000,
      "systemtime": 2704,
      "usertime": 2704
     },
     "22171550321": {
      "maxRSS": 14000,
      "systemtime": 2769,
      "usertime": 2769
     },
     "22171551164": {
      "maxRSS": 14000,
      "systemtime": 3190,
      "usertime": 3190
     },
     "22171551507": {
      "maxRSS": 14000,
      "systemtime": 3380,
      "usertime": 3380
     },
     "22171552753": {
      "maxRSS": 14000,
      "systemtime": 3380,
      "usertime": 4021
     },
     "22171553476": {
      "maxRSS": 14000,
      "systemtime": 3380,
      "usertime": 5369
     },
     "22171554272": {
      "maxRSS": 14000,
      "systemtime": 3380,
      "usertime": 6180
     },
     "22171555441": {
      "maxRSS": 14000,
      "systemtime": 3380,
      "usertime": 6195
     },
     "22171556613": {
      "maxRSS": 14000,
      "systemtime": 3380,
      "usertime": 8036
     },
     "22171557784": {
      "maxRSS": 14000,
      "systemtime": 3380,
      "usertime": 8052
     },
     "22171558010": {
      "maxRSS": 14000,
      "systemtime": 3380,
      "usertime": 10031
     },
     "22171559176": {
      "maxRSS": 14000,
      "systemtime": 3380,
      "usertime": 10048
     },
     "22171559323": {
      "maxRSS": 14000,
      "systemtime": 3688,
      "usertime": 11064
     },
     "22171560509": {
      "maxRSS": 14000,
      "systemtime": 3688,
      "usertime": 11810
     },
     "22171561686": {
      "maxRSS": 14000,
      "systemtime": 3688,
      "usertime": 11827
     },
     "22171562856": {
      "maxRSS": 14000,
      "systemtime": 3688,
      "usertime": 11844
     },
     "22171564075": {
      "maxRSS": 14000,
      "systemtime": 3688,
      "usertime": 15858
     },
     "22171565269": {
      "maxRSS": 14000,
      "systemtime": 3688,
      "usertime": 15879
     },
     "22171565824": {
      "maxRSS": 14000,
      "systemtime": 3688,
      "usertime": 17641
     },
     "22171567085": {
      "maxRSS": 14300,
      "systemtime": 3688,
      "usertime": 17657
     },
     "22171567653": {
      "maxRSS": 14428,
      "systemtime": 3862,
      "usertime": 19314
     },
     "22171568736": {
      "maxRSS": 14428,
      "systemtime": 3862,
      "usertime": 19777
     },
     "22171569904": {
      "maxRSS": 14428,
      "systemtime": 3862,
      "usertime": 19793
     },
     "22171571072": {
      "maxRSS": 14428,
      "systemtime": 3862,
      "usertime": 19809
     },
     "22171572149": {
      "maxRSS": 14428,
      "systemtime": 3862,
      "usertime": 23829
     },
     "22171573403": {
      "maxRSS": 14428,
      "systemtime": 3862,
      "usertime": 23846
     },
     "22171574605": {
      "maxRSS": 14556,
      "systemtime": 3862,
      "usertime": 23862
     },
     "22171575359": {
      "maxRSS": 14556,
      "systemtime": 3876,
      "usertime": 27134
     },
     "22171576457": {
      "maxRSS": 14812,
      "systemtime": 3876,
      "usertime": 27881
     },
     "22171577523": {
      "maxRSS": 15068,
      "systemtime": 3876,
      "usertime": 29335
     },
     "22171578695": {
      "maxRSS": 15068,
      "systemtime": 3876,
      "usertime": 29357
     },
     "22171579871": {
      "maxRSS": 15068,
      "systemtime": 3876,
      "usertime": 29373
     },
     "22171581078": {
      "maxRSS": 15068,
      "systemtime": 3876,
      "usertime": 32000
     },
     "22171582178": {
      "maxRSS": 15068,
      "systemtime": 3876,
      "usertime": 32010
     },
     "22171583271": {
      "maxRSS": 15068,
      "systemtime": 3876,
      "usertime": 32016
     },
     "22171584333": {
      "maxRSS": 15068,
      "systemtime": 3876,
      "usertime": 36005
     },
     "22171585385": {
      "maxRSS": 15196,
      "systemtime": 3876,
      "usertime": 37392
     },
     "22171585391": {
      "maxRSS": 15196,
      "systemtime": 3876,
      "usertime": 37407
     },
     "22171586488": {
      "maxRSS": 15452,
      "systemtime": 3876,
      "usertime": 37418
     },
     "22171587461": {
      "maxRSS": 15708,
      "systemtime": 3940,
      "usertime": 39403
     },
     "22171588527": {
      "maxRSS": 15708,
      "systemtime": 3940,
      "usertime": 39994
     },
     "22171589622": {
      "maxRSS": 15708,
      "systemtime": 3940,
      "usertime": 40001
     },
     "22171590709": {
      "maxRSS": 15708,
      "systemtime": 3940,
      "usertime": 40008
     },
     "22171591804": {
      "maxRSS": 15708,
      "systemtime": 3940,
      "usertime": 40016
     },
     "22171592872": {
      "maxRSS": 15708,
      "systemtime": 3940,
      "usertime": 44025
     },
     "22171593969": {
      "maxRSS": 15708,
      "systemtime": 3940,
      "usertime": 44033
     },
     "22171595064": {
      "maxRSS": 15708,
      "systemtime": 3940,
      "usertime": 44039
     },
     "22171596059": {
      "maxRSS": 15836,
      "systemtime": 3998,
      "usertime": 48006
     },
     "22171597159": {
      "maxRSS": 16220,
      "systemtime": 3998,
      "usertime": 48013
     },
     "22171598257": {
      "maxRSS": 16476,
      "systemtime": 3998,
      "usertime": 50254
     },
     "22171598287": {
      "maxRSS": 16476,
      "systemtime": 3998,
      "usertime": 50289
     },
     "22171599350": {
      "maxRSS": 16476,
      "systemtime": 3998,
      "usertime": 50296
     },
     "22171600422": {
      "maxRSS": 16476,
      "systemtime": 3998,
      "usertime": 52030
     },
     "22171601522": {
      "maxRSS": 16476,
      "systemtime": 3998,
      "usertime": 52039
     },
     "22171602586": {
      "maxRSS": 16476,
      "systemtime": 3998,
      "usertime": 52046
     },
     "22171603684": {
      "maxRSS": 16476,
      "systemtime": 3998,
      "usertime": 52057
     },
     "22171604797": {
      "maxRSS": 16476,
      "systemtime": 3998,
      "usertime": 56137
     },
     "22171605892": {
      "maxRSS": 16476,
      "systemtime": 3998,
      "usertime": 56144
     },
     "22171606965": {
      "maxRSS": 16604,
      "systemtime": 3998,
      "usertime": 56155
     },
     "22171608040": {
      "maxRSS": 16604,
      "systemtime": 3998,
      "usertime": 60119
     },
     "22171608693": {
      "maxRSS": 16732,
      "systemtime": 3998,
      "usertime": 60801
     },
     "22171609778": {
      "maxRSS": 16860,
      "systemtime": 3998,
      "usertime": 60820
     },
     "22171610885": {
      "maxRSS": 17244,
      "systemtime": 3998,
      "usertime": 60835
     },
     "22171611678": {
      "maxRSS": 17372,
      "systemtime": 3998,
      "usertime": 63829
     },
     "22171612752": {
      "maxRSS": 17372,
      "systemtime": 3998,
      "usertime": 64198
     },
     "22171613849": {
      "maxRSS": 17372,
      "systemtime": 3998,
      "usertime": 64206
     },
     "22171614943": {
      "maxRSS": 17372,
      "systemtime": 3998,
      "usertime": 64213
     },
     "22171616060": {
      "maxRSS": 17372,
      "systemtime": 3998,
      "usertime": 68225
     },
     "22171617144": {
      "maxRSS": 17372,
      "systemtime": 3998,
      "usertime": 68245
     },
     "22171618247": {
      "maxRSS": 17372,
      "systemtime": 3998,
      "usertime": 68258
     },
     "22171619312": {
      "maxRSS": 17372,
      "systemtime": 3998,
      "usertime": 68265
     },
     "22171620377": {
      "maxRSS": 17372,
      "systemtime": 3998,
      "usertime": 72294
     },
     "22171621477": {
      "maxRSS": 17500,
      "systemtime": 3998,
      "usertime": 72308
     },
     "22171622574": {
      "maxRSS": 17628,
      "systemtime": 3998,
      "usertime": 72318
     },
     "22171623409": {
      "maxRSS": 17628,
      "systemtime": 3998,
      "usertime": 75644
     },
     "22171624496": {
      "maxRSS": 17756,
      "systemtime": 3998,
      "usertime": 76374
     },
     "22171625584": {
      "maxRSS": 18012,
      "systemtime": 3998,
      "usertime": 76392
     },
     "22171626685": {
      "maxRSS": 18396,
      "systemtime": 3998,
      "usertime": 76404
     },
     "22171627242": {
      "maxRSS": 18396,
      "systemtime": 3998,
      "usertime": 79587
     },
     "22171628308": {
      "maxRSS": 18396,
      "systemtime": 3998,
      "usertime": 80394
     },
     "22171629407": {
      "maxRSS": 18396,
      "systemtime": 3998,
      "usertime": 80404
     },
     "22171630503": {
      "maxRSS": 18396,
      "systemtime": 3998,
      "usertime": 80411
     },
     "22171631602": {
      "maxRSS": 18396,
      "systemtime": 3998,
      "usertime": 80417
     },
     "22171632697": {
      "maxRSS": 18396,
      "systemtime": 3998,
      "usertime": 84420
     },
     "22171633790": {
      "maxRSS": 18396,
      "systemtime": 3998,
      "usertime": 84426
     },
     "22171634885": {
      "maxRSS": 18396,
      "systemtime": 3998,
      "usertime": 84435
     },
     "22171635987": {
      "maxRSS": 18396,
      "systemtime": 3998,
      "usertime": 84447
     },
     "22171637157": {
      "maxRSS": 18396,
      "systemtime": 3998,
      "usertime": 88461
     },
     "22171638337": {
      "maxRSS": 18524,
      "systemtime": 3998,
      "usertime": 88479
     },
     "22171639545": {
      "maxRSS": 18524,
      "systemtime": 3998,
      "usertime": 88497
     },
     "22171640522": {
      "maxRSS": 18652,
      "systemtime": 3998,
      "usertime": 92950
     },
     "22171641695": {
      "maxRSS": 18908,
      "systemtime": 3998,
      "usertime": 92966
     },
     "22171642867": {
      "maxRSS": 19292,
      "systemtime": 3998,
      "usertime": 92983
     },
     "22171643906": {
      "maxRSS": 19420,
      "systemtime": 4015,
      "usertime": 96362
     },
     "22171645081": {
      "maxRSS": 19420,
      "systemtime": 4015,
      "usertime": 96576
     },
     "22171646252": {
      "maxRSS": 19420,
      "systemtime": 4015,
      "usertime": 96592
     },
     "22171647423": {
      "maxRSS": 19420,
      "systemtime": 4015,
      "usertime": 96609
     },
     "22171648616": {
      "maxRSS": 19420,
      "systemtime": 4015,
      "usertime": 100625
     },
     "22171649790": {
      "maxRSS": 19420,
      "systemtime": 4015,
      "usertime": 100641
     },
     "22171650967": {
      "maxRSS": 19420,
      "systemtime": 4015,
      "usertime": 100661
     },
     "22171652113": {
      "maxRSS": 19420,
      "systemtime": 4015,
      "usertime": 104675
     },
     "22171653289": {
      "maxRSS": 19420,
      "systemtime": 4015,
      "usertime": 104691
     },
     "22171654466": {
      "maxRSS": 19420,
      "systemtime": 4015,
      "usertime": 104708
     },
     "22171655559": {
      "maxRSS": 19420,
      "systemtime": 4015,
      "usertime": 104725
     },
     "22171656708": {
      "maxRSS": 19420,
      "systemtime": 4015,
      "usertime": 108750
     },
     "22171657766": {
      "maxRSS": 19548,
      "systemtime": 4015,
      "usertime": 110530
     },
     "22171658993": {
      "maxRSS": 19804,
      "systemtime": 4015,
      "usertime": 110548
     },
     "22171660018": {
      "maxRSS": 20060,
      "systemtime": 4015,
      "usertime": 112804
     },
     "22171661084": {
      "maxRSS": 20316,
      "systemtime": 4015,
      "usertime": 112812
     },
     "22171661541": {
      "maxRSS": 20444,
      "systemtime": 4015,
      "usertime": 114329
     },
     "22171662612": {
      "maxRSS": 20444,
      "systemtime": 4015,
      "usertime": 114339
     },
     "22171664111": {
      "maxRSS": 20444,
      "systemtime": 4015,
      "usertime": 116857
     },
     "22171665202": {
      "maxRSS": 20444,
      "systemtime": 4015,
      "usertime": 116868
     },
     "22171666303": {
      "maxRSS": 20444,
      "systemtime": 4015,
      "usertime": 116876
     },
     "22171667368": {
      "maxRSS": 20444,
      "systemtime": 4015,
      "usertime": 116885
     },
     "22171668468": {
      "maxRSS": 20444,
      "systemtime": 4015,
      "usertime": 120893
     },
     "22171669575": {
      "maxRSS": 20444,
      "systemtime": 4015,
      "usertime": 120903
     },
     "22171670642": {
      "maxRSS": 20444,
      "systemtime": 4015,
      "usertime": 120913
     },
     "22171671753": {
      "maxRSS": 20444,
      "systemtime": 4015,
      "usertime": 120927
     },
     "22171672943": {
      "maxRSS": 20444,
      "systemtime": 4015,
      "usertime": 124943
     },
     "22171674060": {
      "maxRSS": 20444,
      "systemtime": 4015,
      "usertime": 124962
     },
     "22171675102": {
      "maxRSS": 20444,
      "systemtime": 4015,
      "usertime": 128068
     },
     "22171675123": {
      "maxRSS": 20444,
      "systemtime": 4015,
      "usertime": 128086
     },
     "22171676187": {
      "maxRSS": 20572,
      "systemtime": 4015,
      "usertime": 128990
     },
     "22171677255": {
      "maxRSS": 20828,
      "systemtime": 4015,
      "usertime": 129001
     },
     "22171678317": {
      "maxRSS": 21212,
      "systemtime": 4015,
      "usertime": 129007
     },
     "22171678584": {
      "maxRSS": 21212,
      "systemtime": 4015,
      "usertime": 131588
     },
     "22171679681": {
      "maxRSS": 21212,
      "systemtime": 4015,
      "usertime": 131616
     },
     "22171680785": {
      "maxRSS": 21212,
      "systemtime": 4015,
      "usertime": 133054
     },
     "22171681849": {
      "maxRSS": 21212,
      "systemtime": 4015,
      "usertime": 133061
     },
     "22171682915": {
      "maxRSS": 21212,
      "systemtime": 4015,
      "usertime": 133071
     },
     "22171684024": {
      "maxRSS": 21212,
      "systemtime": 4015,
      "usertime": 137077
     },
     "22171685136": {
      "maxRSS": 21212,
      "systemtime": 4015,
      "usertime": 137089
     },
     "22171686347": {
      "maxRSS": 21212,
      "systemtime": 4015,
      "usertime": 137120
     },
     "22171687478": {
      "maxRSS": 21212,
      "systemtime": 4015,
      "usertime": 137135
     },
     "22171688561": {
      "maxRSS": 21212,
      "systemtime": 4015,
      "usertime": 141153
     },
     "22171689680": {
      "maxRSS": 21212,
      "systemtime": 4015,
      "usertime": 141182
     },
     "22171690774": {
      "maxRSS": 21212,
      "systemtime": 4015,
      "usertime": 141188
     },
     "22171691354": {
      "maxRSS": 21212,
      "systemtime": 4015,
      "usertime": 144542
     },
     "22171692419": {
      "maxRSS": 21340,
      "systemtime": 4015,
      "usertime": 145201
     },
     "22171693519": {
      "maxRSS": 21596,
      "systemtime": 4015,
      "usertime": 145209
     },
     "22171694547": {
      "maxRSS": 21852,
      "systemtime": 4015,
      "usertime": 147731
     },
     "22171695614": {
      "maxRSS": 21852,
      "systemtime": 4015,
      "usertime": 147741
     },
     "22171696717": {
      "maxRSS": 21852,
      "systemtime": 4015,
      "usertime": 149246
     },
     "22171697815": {
      "maxRSS": 21852,
      "systemtime": 4015,
      "usertime": 149257
     },
     "22171698914": {
      "maxRSS": 21852,
      "systemtime": 4015,
      "usertime": 149270
     },
     "22171699977": {
      "maxRSS": 21852,
      "systemtime": 4015,
      "usertime": 149276
     },
     "22171701071": {
      "maxRSS": 21852,
      "systemtime": 4015,
      "usertime": 153282
     },
     "22171702140": {
      "maxRSS": 21852,
      "systemtime": 4015,
      "usertime": 153291
     },
     "22171703241": {
      "maxRSS": 21852,
      "systemtime": 4015,
      "usertime": 153303
     },
     "22171704306": {
      "maxRSS": 21852,
      "systemtime": 4015,
      "usertime": 157314
     },
     "22171705403": {
      "maxRSS": 21852,
      "systemtime": 4015,
      "usertime": 158714
     },
     "22171706501": {
      "maxRSS": 21852,
      "systemtime": 4015,
      "usertime": 158729
     },
     "22171707603": {
      "maxRSS": 22236,
      "systemtime": 4015,
      "usertime": 158737
     },
     "22171707851": {
      "maxRSS": 22236,
      "systemtime": 4029,
      "usertime": 161169
     },
     "22171708948": {
      "maxRSS": 22236,
      "systemtime": 4029,
      "usertime": 161334
     },
     "22171710045": {
      "maxRSS": 22236,
      "systemtime": 4029,
      "usertime": 161341
     },
     "22171711140": {
      "maxRSS": 22236,
      "systemtime": 4029,
      "usertime": 161347
     },
     "22171712202": {
      "maxRSS": 22236,
      "systemtime": 4029,
      "usertime": 165353
     },
     "22171713301": {
      "maxRSS": 22236,
      "systemtime": 4029,
      "usertime": 165366
     },
     "22171714364": {
      "maxRSS": 22236,
      "systemtime": 4029,
      "usertime": 165372
     },
     "22171715431": {
      "maxRSS": 22236,
      "systemtime": 4029,
      "usertime": 165381
     },
     "22171716529": {
      "maxRSS": 22236,
      "systemtime": 4029,
      "usertime": 169396
     },
     "22171716769": {
      "maxRSS": 22236,
      "systemtime": 4029,
      "usertime": 170163
     },
     "22171716789": {
      "maxRSS": 22236,
      "systemtime": 4029,
      "usertime": 170179
     },
     "22171717874": {
      "maxRSS": 22236,
      "systemtime": 4029,
      "usertime": 170195
     },
     "22171718967": {
      "maxRSS": 22364,
      "systemtime": 4029,
      "usertime": 170216
     },
     "22171719325": {
      "maxRSS": 22492,
      "systemtime": 4029,
      "usertime": 172772
     },
     "22171720540": {
      "maxRSS": 22492,
      "systemtime": 4029,
      "usertime": 173494
     },
     "22171721611": {
      "maxRSS": 22492,
      "systemtime": 4029,
      "usertime": 173506
     },
     "22171722675": {
      "maxRSS": 22492,
      "systemtime": 4029,
      "usertime": 173514
     },
     "22171723771": {
      "maxRSS": 22492,
      "systemtime": 4029,
      "usertime": 173522
     },
     "22171724867": {
      "maxRSS": 22492,
      "systemtime": 4029,
      "usertime": 177525
     },
     "22171725965": {
      "maxRSS": 22492,
      "systemtime": 4029,
      "usertime": 177535
     },
     "22171726744": {
      "maxRSS": 22492,
      "systemtime": 4029,
      "usertime": 180291
     },
     "22171727845": {
      "maxRSS": 22492,
      "systemtime": 4029,
      "usertime": 180307
     },
     "22171728748": {
      "maxRSS": 22620,
      "systemtime": 4029,
      "usertime": 182290
     },
     "22171729851": {
      "maxRSS": 22620,
      "systemtime": 4029,
      "usertime": 182301
     },
     "22171730948": {
      "maxRSS": 22620,
      "systemtime": 4029,
      "usertime": 182310
     },
     "22171732044": {
      "maxRSS": 22620,
      "systemtime": 4029,
      "usertime": 185610
     },
     "22171733146": {
      "maxRSS": 22748,
      "systemtime": 4029,
      "usertime": 185625
     },
     "22171734268": {
      "maxRSS": 22748,
      "systemtime": 4029,
      "usertime": 185639
     },
     "22171734690": {
      "maxRSS": 22748,
      "systemtime": 4029,
      "usertime": 188298
     },
     "22171735863": {
      "maxRSS": 22748,
      "systemtime": 4029,
      "usertime": 188316
     },
     "22171736195": {
      "maxRSS": 22748,
      "systemtime": 4029,
      "usertime": 189871
     },
     "22171737331": {
      "maxRSS": 22748,
      "systemtime": 4029,
      "usertime": 189889
     },
     "22171738475": {
      "maxRSS": 22748,
      "systemtime": 4029,
      "usertime": 189910
     },
     "22171739642": {
      "maxRSS": 22748,
      "systemtime": 4029,
      "usertime": 189926
     },
     "22171740312": {
      "maxRSS": 22748,
      "systemtime": 4029,
      "usertime": 194015
     },
     "22171741294": {
      "maxRSS": 22876,
      "systemtime": 4029,
      "usertime": 194972
     },
     "22171742465": {
      "maxRSS": 22876,
      "systemtime": 4029,
      "usertime": 194989
     },
     "22171743640": {
      "maxRSS": 22876,
      "systemtime": 4029,
      "usertime": 195006
     },
     "22171743757": {
      "maxRSS": 22876,
      "systemtime": 4030,
      "usertime": 197509
     },
     "22171744372": {
      "maxRSS": 22876,
      "systemtime": 4030,
      "usertime": 198153
     },
     "22171745633": {
      "maxRSS": 22876,
      "systemtime": 4030,
      "usertime": 198169
     },
     "22171746035": {
      "maxRSS": 22876,
      "systemtime": 4030,
      "usertime": 199829
     },
     "22171746383": {
      "maxRSS": 22876,
      "systemtime": 4030,
      "usertime": 200218
     },
     "22171747357": {
      "maxRSS": 22876,
      "systemtime": 4030,
      "usertime": 201202
     },
     "22171747521": {
      "maxRSS": 22876,
      "systemtime": 4030,
      "usertime": 201421
     },
     "22171748133": {
      "maxRSS": 22876,
      "systemtime": 4185,
      "usertime": 201957
     },
     "22171748535": {
      "maxRSS": 22876,
      "systemtime": 4592,
      "usertime": 201957
     },
     "22171748708": {
      "maxRSS": 22876,
      "systemtime": 4790,
      "usertime": 201957
     },
     "22171748819": {
      "maxRSS": 22876,
      "systemtime": 4934,
      "usertime": 201957
     },
     "22171748832": {
      "maxRSS": 22876,
      "systemtime": 4956,
      "usertime": 201957
     },
     "22171748858": {
      "maxRSS": 22876,
      "systemtime": 4984,
      "usertime": 201957
     },
     "22171748896": {
      "maxRSS": 22876,
      "systemtime": 5048,
      "usertime": 201957
     },
     "22171748925": {
      "maxRSS": 22876,
      "systemtime": 5078,
      "usertime": 201957
     },
     "22171749016": {
      "maxRSS": 22876,
      "systemtime": 5125,
      "usertime": 201957
     },
     "22171750101": {
      "maxRSS": 22876,
      "systemtime": 5311,
      "usertime": 201957
     }
    }
   }
  }
 }
}
