{
 "root": {
  "program": {
   "configuration": {
    "": "/root/compiler/measurements/night03-t2/reachability_complement/n500/emit/transformed.dl",
    "fact-dir": "/root/compiler/fixtures/p2-scale-500",
    "include-dir": ".",
    "jobs": "1",
    "libraries": "functors",
    "library-dir": ".",
    "output-dir": "/root/compiler/measurements/night03-t2/reachability_complement/n500/emitted",
    "profile": "prof.log",
    "relationCount": "5",
    "ruleCount": "6",
    "version": "2.5",
    "warn": "all",
    "wno": "none"
   },
   "relation": {
    "edge": {
     "loadtime": { "start": 1023135652, "end": 1023135945},
     "num-tuples": 1000,
     "reads": 0,
     "source-locator": "/root/compiler/measurements/night03-t2/reachability_complement/n500/emit/transformed.dl [1:7-1:11]"
    },
    "node": {
     "loadtime": { "start": 1023135954, "end": 1023136059},
     "num-tuples": 500,
     "reads": 0,
     "source-locator": "/root/compiler/measurements/night03-t2/reachability_complement/n500/emit/transformed.dl [3:7-3:11]"
    },
    "q_unreach": {
     "maxRSS": {
      "post": 18632,
      "pre": 18632
     },
     "non-recursive-rule": {
      "q_unreach(y) :- \n   unreach(1,y).": {
       "atom-frequency": {
        "q_unreach(y) :- \n   unreach(1,y).": {
         "unreach": {
          "level": 0,
          "num-tuples": 0
         }
        }
       },
       "maxRSS": {
        "post": 18632,
        "pre": 18632
       },
       "num-tuples": 93,
       "runtime": { "start": 1023239424, "end": 1023239436},
       "source-locator": "/root/compiler/measurements/night03-t2/reachability_complement/n500/emit/transformed.dl [12:1-12:31]"
      }
     },
     "num-tuples": 93,
     "reads": 0,
     "runtime": { "start": 1023239400, "end": 1023239449},
     "savetime": { "start": 1023239454, "end": 1023239570},
     "source-locator": "/root/compiler/measurements/night03-t2/reachability_complement/n500/emit/transformed.dl [7:7-7:16]"
    },
    "reach": {
     "iteration": {
      "0": {
       "copytime": { "start": 1023136614, "end": 1023136775},
       "maxRSS": {
        "post": 18136,
        "pre": 18136
       },
       "num-tuples": 2005,
       "recursive-rule": {
        "reach(x,y) :- \n   reach(x,z),\n   edge(z,y).": {
         "0": {
          "atom-frequency": {
           "@new_reach(x,y) :- \n   @delta_reach(x,z),\n   edge(z,y).": {
            "@delta_reach": {
             "level": 0,
             "num-tuples": 0
            },
            "edge": {
             "level": 1,
             "num-tuples": 0
            }
           }
          },
          "maxRSS": {
           "post": 18136,
           "pre": 18136
          },
          "num-tuples": 2005,
          "runtime": { "start": 1023136193, "end": 1023136580},
          "source-locator": "/root/compiler/measurements/night03-t2/reachability_complement/n500/emit/transformed.dl [10:1-10:40]"
         }
        }
       },
       "runtime": { "start": 1023136183, "end": 1023136590}
      },
      "1": {
       "copytime": { "start": 1023137624, "end": 1023137981},
       "maxRSS": {
        "post": 18136,
        "pre": 18136
       },
       "num-tuples": 3871,
       "recursive-rule": {
        "reach(x,y) :- \n   reach(x,z),\n   edge(z,y).": {
         "0": {
          "maxRSS": {
           "post": 18136,
           "pre": 18136
          },
          "num-tuples": 3871,
          "runtime": { "start": 1023136790, "end": 1023137592},
          "source-locator": "/root/compiler/measurements/night03-t2/reachability_complement/n500/emit/transformed.dl [10:1-10:40]"
         }
        }
       },
       "runtime": { "start": 1023136780, "end": 1023137602}
      },
      "10": {
       "copytime": { "start": 1023212539, "end": 1023213446},
       "maxRSS": {
        "post": 18136,
        "pre": 18136
       },
       "num-tuples": 7914,
       "recursive-rule": {
        "reach(x,y) :- \n   reach(x,z),\n   edge(z,y).": {
         "0": {
          "maxRSS": {
           "post": 18136,
           "pre": 18136
          },
          "num-tuples": 7914,
          "runtime": { "start": 1023207758, "end": 1023212496},
          "source-locator": "/root/compiler/measurements/night03-t2/reachability_complement/n500/emit/transformed.dl [10:1-10:40]"
         }
        }
       },
       "runtime": { "start": 1023207741, "end": 1023212511}
      },
      "11": {
       "copytime": { "start": 1023216595, "end": 1023217197},
       "maxRSS": {
        "post": 18136,
        "pre": 18136
       },
       "num-tuples": 4715,
       "recursive-rule": {
        "reach(x,y) :- \n   reach(x,z),\n   edge(z,y).": {
         "0": {
          "maxRSS": {
           "post": 18136,
           "pre": 18136
          },
          "num-tuples": 4715,
          "runtime": { "start": 1023213470, "end": 1023216551},
          "source-locator": "/root/compiler/measurements/night03-t2/reachability_complement/n500/emit/transformed.dl [10:1-10:40]"
         }
        }
       },
       "runtime": { "start": 1023213453, "end": 1023216568}
      },
      "12": {
       "copytime": { "start": 1023219032, "end": 1023219364},
       "maxRSS": {
        "post": 18136,
        "pre": 18136
       },
       "num-tuples": 2606,
       "recursive-rule": {
        "reach(x,y) :- \n   reach(x,z),\n   edge(z,y).": {
         "0": {
          "maxRSS": {
           "post": 18136,
           "pre": 18136
          },
          "num-tuples": 2606,
          "runtime": { "start": 1023217219, "end": 1023218992},
          "source-locator": "/root/compiler/measurements/night03-t2/reachability_complement/n500/emit/transformed.dl [10:1-10:40]"
         }
        }
       },
       "runtime": { "start": 1023217204, "end": 1023219005}
      },
      "13": {
       "copytime": { "start": 1023220467, "end": 1023220666},
       "maxRSS": {
        "post": 18136,
        "pre": 18136
       },
       "num-tuples": 1559,
       "recursive-rule": {
        "reach(x,y) :- \n   reach(x,z),\n   edge(z,y).": {
         "0": {
          "maxRSS": {
           "post": 18136,
           "pre": 18136
          },
          "num-tuples": 1559,
          "runtime": { "start": 1023219387, "end": 1023220419},
          "source-locator": "/root/compiler/measurements/night03-t2/reachability_complement/n500/emit/transformed.dl [10:1-10:40]"
         }
        }
       },
       "runtime": { "start": 1023219371, "end": 1023220431}
      },
      "14": {
       "copytime": { "start": 1023221299, "end": 1023221416},
       "maxRSS": {
        "post": 18136,
        "pre": 18136
       },
       "num-tuples": 1007,
       "recursive-rule": {
        "reach(x,y) :- \n   reach(x,z),\n   edge(z,y).": {
         "0": {
          "maxRSS": {
           "post": 18136,
           "pre": 18136
          },
          "num-tuples": 1007,
          "runtime": { "start": 1023220685, "end": 1023221263},
          "source-locator": "/root/compiler/measurements/night03-t2/reachability_complement/n500/emit/transformed.dl [10:1-10:40]"
         }
        }
       },
       "runtime": { "start": 1023220671, "end": 1023221274}
      },
      "15": {
       "copytime": { "start": 1023221838, "end": 1023221919},
       "maxRSS": {
        "post": 18136,
        "pre": 18136
       },
       "num-tuples": 704,
       "recursive-rule": {
        "reach(x,y) :- \n   reach(x,z),\n   edge(z,y).": {
         "0": {
          "maxRSS": {
           "post": 18136,
           "pre": 18136
          },
          "num-tuples": 704,
          "runtime": { "start": 1023221433, "end": 1023221802},
          "source-locator": "/root/compiler/measurements/night03-t2/reachability_complement/n500/emit/transformed.dl [10:1-10:40]"
         }
        }
       },
       "runtime": { "start": 1023221421, "end": 1023221813}
      },
      "16": {
       "copytime": { "start": 1023222240, "end": 1023222295},
       "maxRSS": {
        "post": 18136,
        "pre": 18136
       },
       "num-tuples": 510,
       "recursive-rule": {
        "reach(x,y) :- \n   reach(x,z),\n   edge(z,y).": {
         "0": {
          "maxRSS": {
           "post": 18136,
           "pre": 18136
          },
          "num-tuples": 510,
          "runtime": { "start": 1023221933, "end": 1023222209},
          "source-locator": "/root/compiler/measurements/night03-t2/reachability_complement/n500/emit/transformed.dl [10:1-10:40]"
         }
        }
       },
       "runtime": { "start": 1023221923, "end": 1023222220}
      },
      "17": {
       "copytime": { "start": 1023222532, "end": 1023222570},
       "maxRSS": {
        "post": 18136,
        "pre": 18136
       },
       "num-tuples": 343,
       "recursive-rule": {
        "reach(x,y) :- \n   reach(x,z),\n   edge(z,y).": {
         "0": {
          "maxRSS": {
           "post": 18136,
           "pre": 18136
          },
          "num-tuples": 343,
          "runtime": { "start": 1023222309, "end": 1023222501},
          "source-locator": "/root/compiler/measurements/night03-t2/reachability_complement/n500/emit/transformed.dl [10:1-10:40]"
         }
        }
       },
       "runtime": { "start": 1023222300, "end": 1023222512}
      },
      "18": {
       "copytime": { "start": 1023222741, "end": 1023222766},
       "maxRSS": {
        "post": 18136,
        "pre": 18136
       },
       "num-tuples": 216,
       "recursive-rule": {
        "reach(x,y) :- \n   reach(x,z),\n   edge(z,y).": {
         "0": {
          "maxRSS": {
           "post": 18136,
           "pre": 18136
          },
          "num-tuples": 216,
          "runtime": { "start": 1023222583, "end": 1023222711},
          "source-locator": "/root/compiler/measurements/night03-t2/reachability_complement/n500/emit/transformed.dl [10:1-10:40]"
         }
        }
       },
       "runtime": { "start": 1023222574, "end": 1023222721}
      },
      "19": {
       "copytime": { "start": 1023222888, "end": 1023222904},
       "maxRSS": {
        "post": 18136,
        "pre": 18136
       },
       "num-tuples": 119,
       "recursive-rule": {
        "reach(x,y) :- \n   reach(x,z),\n   edge(z,y).": {
         "0": {
          "maxRSS": {
           "post": 18136,
           "pre": 18136
          },
          "num-tuples": 119,
          "runtime": { "start": 1023222779, "end": 1023222859},
          "source-locator": "/root/compiler/measurements/night03-t2/reachability_complement/n500/emit/transformed.dl [10:1-10:40]"
         }
        }
       },
       "runtime": { "start": 1023222770, "end": 1023222868}
      },
      "2": {
       "copytime": { "start": 1023139663, "end": 1023140312},
       "maxRSS": {
        "post": 18136,
        "pre": 18136
       },
       "num-tuples": 7291,
       "recursive-rule": {
        "reach(x,y) :- \n   reach(x,z),\n   edge(z,y).": {
         "0": {
          "maxRSS": {
           "post": 18136,
           "pre": 18136
          },
          "num-tuples": 7291,
          "runtime": { "start": 1023137998, "end": 1023139624},
          "source-locator": "/root/compiler/measurements/night03-t2/reachability_complement/n500/emit/transformed.dl [10:1-10:40]"
         }
        }
       },
       "runtime": { "start": 1023137986, "end": 1023139637}
      },
      "20": {
       "copytime": { "start": 1023222993, "end": 1023223003},
       "maxRSS": {
        "post": 18136,
        "pre": 18136
       },
       "num-tuples": 63,
       "recursive-rule": {
        "reach(x,y) :- \n   reach(x,z),\n   edge(z,y).": {
         "0": {
          "maxRSS": {
           "post": 18136,
           "pre": 18136
          },
          "num-tuples": 63,
          "runtime": { "start": 1023222917, "end": 1023222964},
          "source-locator": "/root/compiler/measurements/night03-t2/reachability_complement/n500/emit/transformed.dl [10:1-10:40]"
         }
        }
       },
       "runtime": { "start": 1023222908, "end": 1023222973}
      },
      "21": {
       "copytime": { "start": 1023223068, "end": 1023223072},
       "maxRSS": {
        "post": 18136,
        "pre": 18136
       },
       "num-tuples": 26,
       "recursive-rule": {
        "reach(x,y) :- \n   reach(x,z),\n   edge(z,y).": {
         "0": {
          "maxRSS": {
           "post": 18136,
           "pre": 18136
          },
          "num-tuples": 26,
          "runtime": { "start": 1023223016, "end": 1023223041},
          "source-locator": "/root/compiler/measurements/night03-t2/reachability_complement/n500/emit/transformed.dl [10:1-10:40]"
         }
        }
       },
       "runtime": { "start": 1023223006, "end": 1023223049}
      },
      "22": {
       "copytime": { "start": 1023223114, "end": 1023223116},
       "maxRSS": {
        "post": 18136,
        "pre": 18136
       },
       "num-tuples": 8,
       "recursive-rule": {
        "reach(x,y) :- \n   reach(x,z),\n   edge(z,y).": {
         "0": {
          "maxRSS": {
           "post": 18136,
           "pre": 18136
          },
          "num-tuples": 8,
          "runtime": { "start": 1023223076, "end": 1023223087},
          "source-locator": "/root/compiler/measurements/night03-t2/reachability_complement/n500/emit/transformed.dl [10:1-10:40]"
         }
        }
       },
       "runtime": { "start": 1023223076, "end": 1023223095}
      },
      "23": {
       "copytime": { "start": 1023223150, "end": 1023223151},
       "maxRSS": {
        "post": 18136,
        "pre": 18136
       },
       "num-tuples": 2,
       "recursive-rule": {
        "reach(x,y) :- \n   reach(x,z),\n   edge(z,y).": {
         "0": {
          "maxRSS": {
           "post": 18136,
           "pre": 18136
          },
          "num-tuples": 2,
          "runtime": { "start": 1023223120, "end": 1023223124},
          "source-locator": "/root/compiler/measurements/night03-t2/reachability_complement/n500/emit/transformed.dl [10:1-10:40]"
         }
        }
       },
       "runtime": { "start": 1023223120, "end": 1023223131}
      },
      "24": {
       "maxRSS": {
        "post": 18136,
        "pre": 18136
       },
       "num-tuples": 0,
       "recursive-rule": {
        "reach(x,y) :- \n   reach(x,z),\n   edge(z,y).": {
         "0": {
          "maxRSS": {
           "post": 18136,
           "pre": 18136
          },
          "num-tuples": 0,
          "runtime": { "start": 1023223158, "end": 1023223159},
          "source-locator": "/root/compiler/measurements/night03-t2/reachability_complement/n500/emit/transformed.dl [10:1-10:40]"
         }
        }
       },
       "runtime": { "start": 1023223155, "end": 1023223166}
      },
      "3": {
       "copytime": { "start": 1023143616, "end": 1023144773},
       "maxRSS": {
        "post": 18136,
        "pre": 18136
       },
       "num-tuples": 12656,
       "recursive-rule": {
        "reach(x,y) :- \n   reach(x,z),\n   edge(z,y).": {
         "0": {
          "maxRSS": {
           "post": 18136,
           "pre": 18136
          },
          "num-tuples": 12656,
          "runtime": { "start": 1023140331, "end": 1023143578},
          "source-locator": "/root/compiler/measurements/night03-t2/reachability_complement/n500/emit/transformed.dl [10:1-10:40]"
         }
        }
       },
       "runtime": { "start": 1023140318, "end": 1023143590}
      },
      "4": {
       "copytime": { "start": 1023150774, "end": 1023152597},
       "maxRSS": {
        "post": 18136,
        "pre": 18136
       },
       "num-tuples": 19086,
       "recursive-rule": {
        "reach(x,y) :- \n   reach(x,z),\n   edge(z,y).": {
         "0": {
          "maxRSS": {
           "post": 18136,
           "pre": 18136
          },
          "num-tuples": 19086,
          "runtime": { "start": 1023144798, "end": 1023150719},
          "source-locator": "/root/compiler/measurements/night03-t2/reachability_complement/n500/emit/transformed.dl [10:1-10:40]"
         }
        }
       },
       "runtime": { "start": 1023144782, "end": 1023150737}
      },
      "5": {
       "copytime": { "start": 1023160598, "end": 1023162917},
       "maxRSS": {
        "post": 18136,
        "pre": 18136
       },
       "num-tuples": 24243,
       "recursive-rule": {
        "reach(x,y) :- \n   reach(x,z),\n   edge(z,y).": {
         "0": {
          "maxRSS": {
           "post": 18136,
           "pre": 18136
          },
          "num-tuples": 24243,
          "runtime": { "start": 1023152624, "end": 1023160549},
          "source-locator": "/root/compiler/measurements/night03-t2/reachability_complement/n500/emit/transformed.dl [10:1-10:40]"
         }
        }
       },
       "runtime": { "start": 1023152607, "end": 1023160567}
      },
      "6": {
       "copytime": { "start": 1023173246, "end": 1023175881},
       "maxRSS": {
        "post": 18136,
        "pre": 18136
       },
       "num-tuples": 25745,
       "recursive-rule": {
        "reach(x,y) :- \n   reach(x,z),\n   edge(z,y).": {
         "0": {
          "maxRSS": {
           "post": 18136,
           "pre": 18136
          },
          "num-tuples": 25745,
          "runtime": { "start": 1023162943, "end": 1023173196},
          "source-locator": "/root/compiler/measurements/night03-t2/reachability_complement/n500/emit/transformed.dl [10:1-10:40]"
         }
        }
       },
       "runtime": { "start": 1023162927, "end": 1023173215}
      },
      "7": {
       "copytime": { "start": 1023186016, "end": 1023188461},
       "maxRSS": {
        "post": 18136,
        "pre": 18136
       },
       "num-tuples": 22945,
       "recursive-rule": {
        "reach(x,y) :- \n   reach(x,z),\n   edge(z,y).": {
         "0": {
          "maxRSS": {
           "post": 18136,
           "pre": 18136
          },
          "num-tuples": 22945,
          "runtime": { "start": 1023175909, "end": 1023185963},
          "source-locator": "/root/compiler/measurements/night03-t2/reachability_complement/n500/emit/transformed.dl [10:1-10:40]"
         }
        }
       },
       "runtime": { "start": 1023175891, "end": 1023185981}
      },
      "8": {
       "copytime": { "start": 1023197445, "end": 1023199423},
       "maxRSS": {
        "post": 18136,
        "pre": 18136
       },
       "num-tuples": 17637,
       "recursive-rule": {
        "reach(x,y) :- \n   reach(x,z),\n   edge(z,y).": {
         "0": {
          "maxRSS": {
           "post": 18136,
           "pre": 18136
          },
          "num-tuples": 17637,
          "runtime": { "start": 1023188490, "end": 1023197385},
          "source-locator": "/root/compiler/measurements/night03-t2/reachability_complement/n500/emit/transformed.dl [10:1-10:40]"
         }
        }
       },
       "runtime": { "start": 1023188472, "end": 1023197407}
      },
      "9": {
       "copytime": { "start": 1023206370, "end": 1023207734},
       "maxRSS": {
        "post": 18136,
        "pre": 18136
       },
       "num-tuples": 12301,
       "recursive-rule": {
        "reach(x,y) :- \n   reach(x,z),\n   edge(z,y).": {
         "0": {
          "maxRSS": {
           "post": 18136,
           "pre": 18136
          },
          "num-tuples": 12301,
          "runtime": { "start": 1023199454, "end": 1023206329},
          "source-locator": "/root/compiler/measurements/night03-t2/reachability_complement/n500/emit/transformed.dl [10:1-10:40]"
         }
        }
       },
       "runtime": { "start": 1023199434, "end": 1023206344}
      }
     },
     "maxRSS": {
      "post": 18136,
      "pre": 18136
     },
     "non-recursive-rule": {
      "reach(x,y) :- \n   edge(x,y).": {
       "atom-frequency": {
        "reach(x,y) :- \n   edge(x,y).": {
         "edge": {
          "level": 0,
          "num-tuples": 0
         }
        }
       },
       "maxRSS": {
        "post": 18136,
        "pre": 18136
       },
       "num-tuples": 1000,
       "runtime": { "start": 1023136077, "end": 1023136127},
       "source-locator": "/root/compiler/measurements/night03-t2/reachability_complement/n500/emit/transformed.dl [9:1-9:27]"
      }
     },
     "num-tuples": 1000,
     "reads": 587929,
     "runtime": { "start": 1023136066, "end": 1023136136},
     "source-locator": "/root/compiler/measurements/night03-t2/reachability_complement/n500/emit/transformed.dl [5:7-5:12]"
    },
    "unreach": {
     "maxRSS": {
      "post": 18632,
      "pre": 18136
     },
     "non-recursive-rule": {
      "unreach(x,y) :- \n   node(x),\n   node(y),\n   !reach(x,y).": {
       "atom-frequency": {
        "unreach(x,y) :- \n   node(x),\n   node(y),\n   !reach(x,y).": {
         "node": {
          "level": 0,
          "num-tuples": 0
         }
        }
       },
       "maxRSS": {
        "post": 18632,
        "pre": 18136
       },
       "num-tuples": 81428,
       "runtime": { "start": 1023223198, "end": 1023238835},
       "source-locator": "/root/compiler/measurements/night03-t2/reachability_complement/n500/emit/transformed.dl [11:1-11:49]"
      }
     },
     "num-tuples": 81428,
     "reads": 0,
     "runtime": { "start": 1023223188, "end": 1023238866},
     "source-locator": "/root/compiler/measurements/night03-t2/reachability_complement/n500/emit/transformed.dl [6:7-6:14]"
    }
   },
   "runtime": { "start": 1023135647, "end": 1023239726},
   "starttime": { "time": 1023135616},
   "usage": {
    "timepoint": {
     "1023135641": {
      "maxRSS": 18136,
      "systemtime": 2943,
      "usertime": 0
     },
     "1023135975": {
      "maxRSS": 18136,
      "systemtime": 4851,
      "usertime": 0
     },
     "1023136081": {
      "maxRSS": 18136,
      "systemtime": 4851,
      "usertime": 133
     },
     "1023136198": {
      "maxRSS": 18136,
      "systemtime": 4851,
      "usertime": 257
     },
     "1023136625": {
      "maxRSS": 18136,
      "systemtime": 4851,
      "usertime": 695
     },
     "1023136794": {
      "maxRSS": 18136,
      "systemtime": 4851,
      "usertime": 899
     },
     "1023137628": {
      "maxRSS": 18136,
      "systemtime": 4851,
      "usertime": 1744
     },
     "1023138006": {
      "maxRSS": 18136,
      "systemtime": 4851,
      "usertime": 2130
     },
     "1023139082": {
      "maxRSS": 18136,
      "systemtime": 4851,
      "usertime": 2142
     },
     "1023139697": {
      "maxRSS": 18136,
      "systemtime": 4851,
      "usertime": 3831
     },
     "1023140338": {
      "maxRSS": 18136,
      "systemtime": 4851,
      "usertime": 4509
     },
     "1023141406": {
      "maxRSS": 18136,
      "systemtime": 4851,
      "usertime": 4517
     },
     "1023142515": {
      "maxRSS": 18136,
      "systemtime": 4851,
      "usertime": 4535
     },
     "1023143619": {
      "maxRSS": 18136,
      "systemtime": 4851,
      "usertime": 7834
     },
     "1023144737": {
      "maxRSS": 18136,
      "systemtime": 5256,
      "usertime": 7834
     },
     "1023144803": {
      "maxRSS": 18136,
      "systemtime": 6064,
      "usertime": 7834
     },
     "1023145889": {
      "maxRSS": 18136,
      "systemtime": 6075,
      "usertime": 7834
     },
     "1023146970": {
      "maxRSS": 18136,
      "systemtime": 6093,
      "usertime": 7834
     },
     "1023148065": {
      "maxRSS": 18136,
      "systemtime": 6865,
      "usertime": 10298
     },
     "1023149187": {
      "maxRSS": 18136,
      "systemtime": 6876,
      "usertime": 10314
     },
     "1023150267": {
      "maxRSS": 18136,
      "systemtime": 6884,
      "usertime": 10326
     },
     "1023150773": {
      "maxRSS": 18136,
      "systemtime": 7992,
      "usertime": 11989
     },
     "1023151841": {
      "maxRSS": 18136,
      "systemtime": 8000,
      "usertime": 12000
     },
     "1023152681": {
      "maxRSS": 18136,
      "systemtime": 8000,
      "usertime": 13862
     },
     "1023153765": {
      "maxRSS": 18136,
      "systemtime": 8000,
      "usertime": 13878
     },
     "1023154843": {
      "maxRSS": 18136,
      "systemtime": 8000,
      "usertime": 13893
     },
     "1023155933": {
      "maxRSS": 18136,
      "systemtime": 8000,
      "usertime": 13916
     },
     "1023157008": {
      "maxRSS": 18136,
      "systemtime": 8000,
      "usertime": 17311
     },
     "1023158114": {
      "maxRSS": 18136,
      "systemtime": 8000,
      "usertime": 17326
     },
     "1023159199": {
      "maxRSS": 18136,
      "systemtime": 8000,
      "usertime": 17341
     },
     "1023160330": {
      "maxRSS": 18136,
      "systemtime": 8000,
      "usertime": 21352
     },
     "1023160595": {
      "maxRSS": 18136,
      "systemtime": 8000,
      "usertime": 21949
     },
     "1023161698": {
      "maxRSS": 18136,
      "systemtime": 8000,
      "usertime": 21970
     },
     "1023162771": {
      "maxRSS": 18136,
      "systemtime": 8000,
      "usertime": 21980
     },
     "1023162951": {
      "maxRSS": 18136,
      "systemtime": 8084,
      "usertime": 24252
     },
     "1023164113": {
      "maxRSS": 18136,
      "systemtime": 8084,
      "usertime": 25344
     },
     "1023165241": {
      "maxRSS": 18136,
      "systemtime": 8084,
      "usertime": 25364
     },
     "1023166322": {
      "maxRSS": 18136,
      "systemtime": 8084,
      "usertime": 25379
     },
     "1023167403": {
      "maxRSS": 18136,
      "systemtime": 8084,
      "usertime": 25399
     },
     "1023168538": {
      "maxRSS": 18136,
      "systemtime": 8084,
      "usertime": 29423
     },
     "1023169665": {
      "maxRSS": 18136,
      "systemtime": 8084,
      "usertime": 29439
     },
     "1023170796": {
      "maxRSS": 18136,
      "systemtime": 8084,
      "usertime": 29456
     },
     "1023171882": {
      "maxRSS": 18136,
      "systemtime": 8084,
      "usertime": 29474
     },
     "1023172998": {
      "maxRSS": 18136,
      "systemtime": 8084,
      "usertime": 33495
     },
     "1023173256": {
      "maxRSS": 18136,
      "systemtime": 8084,
      "usertime": 34759
     },
     "1023174344": {
      "maxRSS": 18136,
      "systemtime": 8084,
      "usertime": 34780
     },
     "1023175509": {
      "maxRSS": 18136,
      "systemtime": 8084,
      "usertime": 34816
     },
     "1023175913": {
      "maxRSS": 18136,
      "systemtime": 8285,
      "usertime": 37285
     },
     "1023177019": {
      "maxRSS": 18136,
      "systemtime": 8285,
      "usertime": 37392
     },
     "1023178117": {
      "maxRSS": 18136,
      "systemtime": 8285,
      "usertime": 37400
     },
     "1023179218": {
      "maxRSS": 18136,
      "systemtime": 8285,
      "usertime": 37409
     },
     "1023180295": {
      "maxRSS": 18136,
      "systemtime": 8285,
      "usertime": 41420
     },
     "1023181389": {
      "maxRSS": 18136,
      "systemtime": 8285,
      "usertime": 41430
     },
     "1023182496": {
      "maxRSS": 18136,
      "systemtime": 8285,
      "usertime": 41444
     },
     "1023183573": {
      "maxRSS": 18136,
      "systemtime": 8285,
      "usertime": 41461
     },
     "1023184645": {
      "maxRSS": 18136,
      "systemtime": 8285,
      "usertime": 45474
     },
     "1023185756": {
      "maxRSS": 18136,
      "systemtime": 8285,
      "usertime": 45484
     },
     "1023186013": {
      "maxRSS": 18136,
      "systemtime": 8285,
      "usertime": 47503
     },
     "1023186037": {
      "maxRSS": 18136,
      "systemtime": 8285,
      "usertime": 47525
     },
     "1023187143": {
      "maxRSS": 18136,
      "systemtime": 8285,
      "usertime": 47536
     },
     "1023188216": {
      "maxRSS": 18136,
      "systemtime": 8285,
      "usertime": 49530
     },
     "1023188496": {
      "maxRSS": 18136,
      "systemtime": 8285,
      "usertime": 50027
     },
     "1023189573": {
      "maxRSS": 18136,
      "systemtime": 8285,
      "usertime": 50049
     },
     "1023190665": {
      "maxRSS": 18136,
      "systemtime": 8285,
      "usertime": 50084
     },
     "1023191771": {
      "maxRSS": 18136,
      "systemtime": 8285,
      "usertime": 50098
     },
     "1023192850": {
      "maxRSS": 18136,
      "systemtime": 8285,
      "usertime": 53627
     },
     "1023193930": {
      "maxRSS": 18136,
      "systemtime": 8285,
      "usertime": 53640
     },
     "1023194996": {
      "maxRSS": 18136,
      "systemtime": 8285,
      "usertime": 53648
     },
     "1023196068": {
      "maxRSS": 18136,
      "systemtime": 8285,
      "usertime": 57657
     },
     "1023197155": {
      "maxRSS": 18136,
      "systemtime": 8285,
      "usertime": 57670
     },
     "1023197449": {
      "maxRSS": 18136,
      "systemtime": 8285,
      "usertime": 59136
     },
     "1023198523": {
      "maxRSS": 18136,
      "systemtime": 8285,
      "usertime": 59151
     },
     "1023199494": {
      "maxRSS": 18136,
      "systemtime": 8285,
      "usertime": 61180
     },
     "1023200570": {
      "maxRSS": 18136,
      "systemtime": 8285,
      "usertime": 61740
     },
     "1023201666": {
      "maxRSS": 18136,
      "systemtime": 8285,
      "usertime": 61754
     },
     "1023202743": {
      "maxRSS": 18136,
      "systemtime": 8285,
      "usertime": 61768
     },
     "1023203828": {
      "maxRSS": 18136,
      "systemtime": 8285,
      "usertime": 61790
     },
     "1023204904": {
      "maxRSS": 18136,
      "systemtime": 8285,
      "usertime": 65803
     },
     "1023205990": {
      "maxRSS": 18136,
      "systemtime": 8285,
      "usertime": 65817
     },
     "1023206375": {
      "maxRSS": 18136,
      "systemtime": 8285,
      "usertime": 68204
     },
     "1023207468": {
      "maxRSS": 18136,
      "systemtime": 8285,
      "usertime": 68219
     },
     "1023207765": {
      "maxRSS": 18136,
      "systemtime": 8285,
      "usertime": 69619
     },
     "1023208863": {
      "maxRSS": 18136,
      "systemtime": 8285,
      "usertime": 69881
     },
     "1023209932": {
      "maxRSS": 18136,
      "systemtime": 8285,
      "usertime": 69891
     },
     "1023211032": {
      "maxRSS": 18136,
      "systemtime": 8285,
      "usertime": 69900
     },
     "1023212109": {
      "maxRSS": 18136,
      "systemtime": 8285,
      "usertime": 73913
     },
     "1023212570": {
      "maxRSS": 18136,
      "systemtime": 8285,
      "usertime": 74473
     },
     "1023213504": {
      "maxRSS": 18136,
      "systemtime": 8285,
      "usertime": 75423
     },
     "1023214579": {
      "maxRSS": 18136,
      "systemtime": 8285,
      "usertime": 75437
     },
     "1023215691": {
      "maxRSS": 18136,
      "systemtime": 8285,
      "usertime": 75451
     },
     "1023216635": {
      "maxRSS": 18136,
      "systemtime": 8285,
      "usertime": 78602
     },
     "1023217228": {
      "maxRSS": 18136,
      "systemtime": 8285,
      "usertime": 79243
     },
     "1023218299": {
      "maxRSS": 18136,
      "systemtime": 8285,
      "usertime": 79254
     },
     "1023219063": {
      "maxRSS": 18136,
      "systemtime": 8285,
      "usertime": 81087
     },
     "1023219418": {
      "maxRSS": 18136,
      "systemtime": 8285,
      "usertime": 81454
     },
     "1023220504": {
      "maxRSS": 18136,
      "systemtime": 8285,
      "usertime": 82573
     },
     "1023220690": {
      "maxRSS": 18136,
      "systemtime": 8285,
      "usertime": 82798
     },
     "1023221303": {
      "maxRSS": 18136,
      "systemtime": 8285,
      "usertime": 83420
     },
     "1023221442": {
      "maxRSS": 18136,
      "systemtime": 8285,
      "usertime": 83565
     },
     "1023221849": {
      "maxRSS": 18136,
      "systemtime": 8285,
      "usertime": 83985
     },
     "1023221938": {
      "maxRSS": 18136,
      "systemtime": 8285,
      "usertime": 84090
     },
     "1023222240": {
      "maxRSS": 18136,
      "systemtime": 8285,
      "usertime": 84401
     },
     "1023222317": {
      "maxRSS": 18136,
      "systemtime": 8285,
      "usertime": 84486
     },
     "1023222537": {
      "maxRSS": 18136,
      "systemtime": 8285,
      "usertime": 84723
     },
     "1023222592": {
      "maxRSS": 18136,
      "systemtime": 8285,
      "usertime": 84788
     },
     "1023222740": {
      "maxRSS": 18136,
      "systemtime": 8285,
      "usertime": 84948
     },
     "1023222784": {
      "maxRSS": 18136,
      "systemtime": 8285,
      "usertime": 85001
     },
     "1023222888": {
      "maxRSS": 18136,
      "systemtime": 8285,
      "usertime": 85116
     },
     "1023222923": {
      "maxRSS": 18136,
      "systemtime": 8285,
      "usertime": 85158
     },
     "1023222992": {
      "maxRSS": 18136,
      "systemtime": 8285,
      "usertime": 85234
     },
     "1023223020": {
      "maxRSS": 18136,
      "systemtime": 8285,
      "usertime": 85269
     },
     "1023223087": {
      "maxRSS": 18136,
      "systemtime": 8285,
      "usertime": 85350
     },
     "1023223115": {
      "maxRSS": 18136,
      "systemtime": 8285,
      "usertime": 85390
     },
     "1023223151": {
      "maxRSS": 18136,
      "systemtime": 8285,
      "usertime": 85441
     },
     "1023223160": {
      "maxRSS": 18136,
      "systemtime": 8285,
      "usertime": 85455
     },
     "1023223184": {
      "maxRSS": 18136,
      "systemtime": 8285,
      "usertime": 85479
     },
     "1023223203": {
      "maxRSS": 18136,
      "systemtime": 8285,
      "usertime": 85505
     },
     "1023224271": {
      "maxRSS": 18136,
      "systemtime": 8285,
      "usertime": 86318
     },
     "1023225336": {
      "maxRSS": 18136,
      "systemtime": 8285,
      "usertime": 86326
     },
     "1023226401": {
      "maxRSS": 18136,
      "systemtime": 8285,
      "usertime": 86333
     },
     "1023227502": {
      "maxRSS": 18136,
      "systemtime": 8285,
      "usertime": 86343
     },
     "1023228607": {
      "maxRSS": 18136,
      "systemtime": 8285,
      "usertime": 90352
     },
     "1023229674": {
      "maxRSS": 18136,
      "systemtime": 8285,
      "usertime": 90361
     },
     "1023230741": {
      "maxRSS": 18136,
      "systemtime": 8285,
      "usertime": 90371
     },
     "1023231836": {
      "maxRSS": 18136,
      "systemtime": 8285,
      "usertime": 90380
     },
     "1023232921": {
      "maxRSS": 18136,
      "systemtime": 8285,
      "usertime": 94397
     },
     "1023234006": {
      "maxRSS": 18136,
      "systemtime": 8285,
      "usertime": 94419
     },
     "1023235108": {
      "maxRSS": 18248,
      "systemtime": 8285,
      "usertime": 94430
     },
     "1023236181": {
      "maxRSS": 18376,
      "systemtime": 8285,
      "usertime": 98439
     },
     "1023237285": {
      "maxRSS": 18504,
      "systemtime": 8285,
      "usertime": 98452
     },
     "1023238374": {
      "maxRSS": 18632,
      "systemtime": 8285,
      "usertime": 98470
     },
     "1023239455": {
      "maxRSS": 18632,
      "systemtime": 8285,
      "usertime": 101958
     }
    }
   }
  }
 }
}
