{
 "root": {
  "program": {
   "configuration": {
    "": "/root/compiler/tests/corpus/BENCHMARK_FAMILY/culprit_cycle.dl",
    "fact-dir": "/root/compiler/fixtures/benchmark-family/culprit_cycle/n20",
    "include-dir": ".",
    "jobs": "1",
    "libraries": "functors",
    "library-dir": ".",
    "output-dir": "/root/compiler/measurements/night03-t2/culprit_cycle/n20/source",
    "profile": "prof.log",
    "relationCount": "7",
    "ruleCount": "10",
    "version": "2.5",
    "warn": "all",
    "wno": "none"
   },
   "relation": {
    "base": {
     "loadtime": { "start": 1022745944, "end": 1022746325},
     "num-tuples": 30,
     "reads": 0,
     "source-locator": "/root/compiler/tests/corpus/BENCHMARK_FAMILY/culprit_cycle.dl [16:7-16:11]"
    },
    "blocked": {
     "loadtime": { "start": 1022746336, "end": 1022746899},
     "num-tuples": 4,
     "reads": 236,
     "source-locator": "/root/compiler/tests/corpus/BENCHMARK_FAMILY/culprit_cycle.dl [18:7-18:14]"
    },
    "e": {
     "loadtime": { "start": 1022746909, "end": 1022747472},
     "num-tuples": 31,
     "reads": 0,
     "source-locator": "/root/compiler/tests/corpus/BENCHMARK_FAMILY/culprit_cycle.dl [17:7-17:8]"
    },
    "out": {
     "maxRSS": {
      "post": 18136,
      "pre": 18136
     },
     "non-recursive-rule": {
      "out(y) :- \n   p(1,y).": {
       "atom-frequency": {
        "out(y) :- \n   p(1,y).": {
         "p": {
          "level": 0,
          "num-tuples": 0
         }
        }
       },
       "maxRSS": {
        "post": 18136,
        "pre": 18136
       },
       "num-tuples": 1,
       "runtime": { "start": 1022747980, "end": 1022747981},
       "source-locator": "/root/compiler/tests/corpus/BENCHMARK_FAMILY/culprit_cycle.dl [32:1-32:18]"
      }
     },
     "num-tuples": 1,
     "reads": 0,
     "runtime": { "start": 1022747979, "end": 1022747987},
     "savetime": { "start": 1022747990, "end": 1022748086},
     "source-locator": "/root/compiler/tests/corpus/BENCHMARK_FAMILY/culprit_cycle.dl [31:7-31:10]"
    },
    "p": {
     "iteration": {
      "0": {
       "maxRSS": {
        "post": 18136,
        "pre": 18136
       },
       "num-tuples": 0,
       "recursive-rule": {
        "p(x,y) :- \n   p(x,z),\n   !s(z),\n   q(z,y).": {
         "0": {
          "atom-frequency": {
           "@new_p(x,y) :- \n   @delta_p(x,z),\n   !s(z),\n   q(z,y).": {
            "@delta_p": {
             "level": 0,
             "num-tuples": 0
            },
            "q": {
             "level": 1,
             "num-tuples": 0
            }
           }
          },
          "maxRSS": {
           "post": 18136,
           "pre": 18136
          },
          "num-tuples": 0,
          "runtime": { "start": 1022747963, "end": 1022747966},
          "source-locator": "/root/compiler/tests/corpus/BENCHMARK_FAMILY/culprit_cycle.dl [29:1-29:33]"
         }
        }
       },
       "runtime": { "start": 1022747962, "end": 1022747972}
      }
     },
     "maxRSS": {
      "post": 18136,
      "pre": 18136
     },
     "non-recursive-rule": {
      "p(x,y) :- \n   e(x,y).": {
       "atom-frequency": {
        "p(x,y) :- \n   e(x,y).": {
         "e": {
          "level": 0,
          "num-tuples": 0
         }
        }
       },
       "maxRSS": {
        "post": 18136,
        "pre": 18136
       },
       "num-tuples": 31,
       "runtime": { "start": 1022747950, "end": 1022747953},
       "source-locator": "/root/compiler/tests/corpus/BENCHMARK_FAMILY/culprit_cycle.dl [28:1-28:18]"
      }
     },
     "num-tuples": 31,
     "reads": 0,
     "runtime": { "start": 1022747948, "end": 1022747958},
     "source-locator": "/root/compiler/tests/corpus/BENCHMARK_FAMILY/culprit_cycle.dl [27:7-27:8]"
    },
    "q": {
     "iteration": {
      "0": {
       "copytime": { "start": 1022747569, "end": 1022747573},
       "maxRSS": {
        "post": 18136,
        "pre": 18136
       },
       "num-tuples": 40,
       "recursive-rule": {
        "q(x,y) :- \n   q(x,z),\n   base(z,y).": {
         "0": {
          "atom-frequency": {
           "@new_q(x,y) :- \n   @delta_q(x,z),\n   base(z,y).": {
            "@delta_q": {
             "level": 0,
             "num-tuples": 0
            },
            "base": {
             "level": 1,
             "num-tuples": 0
            }
           }
          },
          "maxRSS": {
           "post": 18136,
           "pre": 18136
          },
          "num-tuples": 40,
          "runtime": { "start": 1022747524, "end": 1022747540},
          "source-locator": "/root/compiler/tests/corpus/BENCHMARK_FAMILY/culprit_cycle.dl [22:1-22:29]"
         }
        }
       },
       "runtime": { "start": 1022747514, "end": 1022747549}
      },
      "1": {
       "copytime": { "start": 1022747627, "end": 1022747632},
       "maxRSS": {
        "post": 18136,
        "pre": 18136
       },
       "num-tuples": 48,
       "recursive-rule": {
        "q(x,y) :- \n   q(x,z),\n   base(z,y).": {
         "0": {
          "maxRSS": {
           "post": 18136,
           "pre": 18136
          },
          "num-tuples": 48,
          "runtime": { "start": 1022747587, "end": 1022747599},
          "source-locator": "/root/compiler/tests/corpus/BENCHMARK_FAMILY/culprit_cycle.dl [22:1-22:29]"
         }
        }
       },
       "runtime": { "start": 1022747578, "end": 1022747607}
      },
      "2": {
       "copytime": { "start": 1022747683, "end": 1022747688},
       "maxRSS": {
        "post": 18136,
        "pre": 18136
       },
       "num-tuples": 37,
       "recursive-rule": {
        "q(x,y) :- \n   q(x,z),\n   base(z,y).": {
         "0": {
          "maxRSS": {
           "post": 18136,
           "pre": 18136
          },
          "num-tuples": 37,
          "runtime": { "start": 1022747644, "end": 1022747657},
          "source-locator": "/root/compiler/tests/corpus/BENCHMARK_FAMILY/culprit_cycle.dl [22:1-22:29]"
         }
        }
       },
       "runtime": { "start": 1022747636, "end": 1022747665}
      },
      "3": {
       "copytime": { "start": 1022747726, "end": 1022747730},
       "maxRSS": {
        "post": 18136,
        "pre": 18136
       },
       "num-tuples": 26,
       "recursive-rule": {
        "q(x,y) :- \n   q(x,z),\n   base(z,y).": {
         "0": {
          "maxRSS": {
           "post": 18136,
           "pre": 18136
          },
          "num-tuples": 26,
          "runtime": { "start": 1022747691, "end": 1022747701},
          "source-locator": "/root/compiler/tests/corpus/BENCHMARK_FAMILY/culprit_cycle.dl [22:1-22:29]"
         }
        }
       },
       "runtime": { "start": 1022747691, "end": 1022747708}
      },
      "4": {
       "copytime": { "start": 1022747765, "end": 1022747769},
       "maxRSS": {
        "post": 18136,
        "pre": 18136
       },
       "num-tuples": 20,
       "recursive-rule": {
        "q(x,y) :- \n   q(x,z),\n   base(z,y).": {
         "0": {
          "maxRSS": {
           "post": 18136,
           "pre": 18136
          },
          "num-tuples": 20,
          "runtime": { "start": 1022747743, "end": 1022747750},
          "source-locator": "/root/compiler/tests/corpus/BENCHMARK_FAMILY/culprit_cycle.dl [22:1-22:29]"
         }
        }
       },
       "runtime": { "start": 1022747733, "end": 1022747758}
      },
      "5": {
       "copytime": { "start": 1022747788, "end": 1022747791},
       "maxRSS": {
        "post": 18136,
        "pre": 18136
       },
       "num-tuples": 15,
       "recursive-rule": {
        "q(x,y) :- \n   q(x,z),\n   base(z,y).": {
         "0": {
          "maxRSS": {
           "post": 18136,
           "pre": 18136
          },
          "num-tuples": 15,
          "runtime": { "start": 1022747772, "end": 1022747778},
          "source-locator": "/root/compiler/tests/corpus/BENCHMARK_FAMILY/culprit_cycle.dl [22:1-22:29]"
         }
        }
       },
       "runtime": { "start": 1022747772, "end": 1022747782}
      },
      "6": {
       "copytime": { "start": 1022747835, "end": 1022747838},
       "maxRSS": {
        "post": 18136,
        "pre": 18136
       },
       "num-tuples": 15,
       "recursive-rule": {
        "q(x,y) :- \n   q(x,z),\n   base(z,y).": {
         "0": {
          "maxRSS": {
           "post": 18136,
           "pre": 18136
          },
          "num-tuples": 15,
          "runtime": { "start": 1022747802, "end": 1022747807},
          "source-locator": "/root/compiler/tests/corpus/BENCHMARK_FAMILY/culprit_cycle.dl [22:1-22:29]"
         }
        }
       },
       "runtime": { "start": 1022747793, "end": 1022747816}
      },
      "7": {
       "copytime": { "start": 1022747883, "end": 1022747885},
       "maxRSS": {
        "post": 18136,
        "pre": 18136
       },
       "num-tuples": 5,
       "recursive-rule": {
        "q(x,y) :- \n   q(x,z),\n   base(z,y).": {
         "0": {
          "maxRSS": {
           "post": 18136,
           "pre": 18136
          },
          "num-tuples": 5,
          "runtime": { "start": 1022747851, "end": 1022747856},
          "source-locator": "/root/compiler/tests/corpus/BENCHMARK_FAMILY/culprit_cycle.dl [22:1-22:29]"
         }
        }
       },
       "runtime": { "start": 1022747842, "end": 1022747864}
      },
      "8": {
       "maxRSS": {
        "post": 18136,
        "pre": 18136
       },
       "num-tuples": 0,
       "recursive-rule": {
        "q(x,y) :- \n   q(x,z),\n   base(z,y).": {
         "0": {
          "maxRSS": {
           "post": 18136,
           "pre": 18136
          },
          "num-tuples": 0,
          "runtime": { "start": 1022747897, "end": 1022747899},
          "source-locator": "/root/compiler/tests/corpus/BENCHMARK_FAMILY/culprit_cycle.dl [22:1-22:29]"
         }
        }
       },
       "runtime": { "start": 1022747888, "end": 1022747907}
      }
     },
     "maxRSS": {
      "post": 18136,
      "pre": 18136
     },
     "non-recursive-rule": {
      "q(x,y) :- \n   base(x,y).": {
       "atom-frequency": {
        "q(x,y) :- \n   base(x,y).": {
         "base": {
          "level": 0,
          "num-tuples": 0
         }
        }
       },
       "maxRSS": {
        "post": 18136,
        "pre": 18136
       },
       "num-tuples": 30,
       "runtime": { "start": 1022747490, "end": 1022747497},
       "source-locator": "/root/compiler/tests/corpus/BENCHMARK_FAMILY/culprit_cycle.dl [21:1-21:21]"
      }
     },
     "num-tuples": 30,
     "reads": 345,
     "runtime": { "start": 1022747480, "end": 1022747507},
     "source-locator": "/root/compiler/tests/corpus/BENCHMARK_FAMILY/culprit_cycle.dl [20:7-20:8]"
    },
    "s": {
     "maxRSS": {
      "post": 18136,
      "pre": 18136
     },
     "non-recursive-rule": {
      "s(x) :- \n   q(x,y),\n   blocked(y).": {
       "atom-frequency": {
        "s(x) :- \n   q(x,y),\n   blocked(y).": {
         "q": {
          "level": 0,
          "num-tuples": 0
         }
        }
       },
       "maxRSS": {
        "post": 18136,
        "pre": 18136
       },
       "num-tuples": 18,
       "runtime": { "start": 1022747928, "end": 1022747936},
       "source-locator": "/root/compiler/tests/corpus/BENCHMARK_FAMILY/culprit_cycle.dl [25:1-25:28]"
      }
     },
     "num-tuples": 18,
     "reads": 31,
     "runtime": { "start": 1022747927, "end": 1022747943},
     "source-locator": "/root/compiler/tests/corpus/BENCHMARK_FAMILY/culprit_cycle.dl [24:7-24:8]"
    }
   },
   "runtime": { "start": 1022745939, "end": 1022748091},
   "starttime": { "time": 1022745908},
   "usage": {
    "timepoint": {
     "1022745952": {
      "maxRSS": 18136,
      "systemtime": 0,
      "usertime": 4219
     },
     "1022746390": {
      "maxRSS": 18136,
      "systemtime": 0,
      "usertime": 4408
     },
     "1022746962": {
      "maxRSS": 18136,
      "systemtime": 0,
      "usertime": 4789
     },
     "1022747500": {
      "maxRSS": 18136,
      "systemtime": 0,
      "usertime": 4851
     },
     "1022747528": {
      "maxRSS": 18136,
      "systemtime": 0,
      "usertime": 4887
     },
     "1022747567": {
      "maxRSS": 18136,
      "systemtime": 0,
      "usertime": 4932
     },
     "1022747591": {
      "maxRSS": 18136,
      "systemtime": 0,
      "usertime": 4962
     },
     "1022747626": {
      "maxRSS": 18136,
      "systemtime": 0,
      "usertime": 5005
     },
     "1022747649": {
      "maxRSS": 18136,
      "systemtime": 0,
      "usertime": 5033
     },
     "1022747696": {
      "maxRSS": 18136,
      "systemtime": 0,
      "usertime": 5095
     },
     "1022747726": {
      "maxRSS": 18136,
      "systemtime": 0,
      "usertime": 5134
     },
     "1022747785": {
      "maxRSS": 18136,
      "systemtime": 0,
      "usertime": 5203
     },
     "1022747807": {
      "maxRSS": 18136,
      "systemtime": 0,
      "usertime": 5237
     },
     "1022747834": {
      "maxRSS": 18136,
      "systemtime": 0,
      "usertime": 5265
     },
     "1022747856": {
      "maxRSS": 18136,
      "systemtime": 0,
      "usertime": 5300
     },
     "1022747882": {
      "maxRSS": 18136,
      "systemtime": 0,
      "usertime": 5327
     },
     "1022747901": {
      "maxRSS": 18136,
      "systemtime": 0,
      "usertime": 5354
     },
     "1022747925": {
      "maxRSS": 18136,
      "systemtime": 0,
      "usertime": 5381
     },
     "1022748022": {
      "maxRSS": 18136,
      "systemtime": 0,
      "usertime": 5487
     }
    }
   }
  }
 }
}
