{
 "root": {
  "program": {
   "configuration": {
    "": "/root/compiler/tests/corpus/BENCHMARK_FAMILY/guarded/ancestor_nonancestor_guarded_v2.dl",
    "fact-dir": "/root/compiler/fixtures/benchmark-family/ancestor_nonancestor/n1000",
    "include-dir": ".",
    "jobs": "1",
    "libraries": "functors",
    "library-dir": ".",
    "output-dir": "/root/compiler/measurements/night03-t5/n1000/orig_vs_v2/candidate",
    "profile": "prof.log",
    "relationCount": "6",
    "ruleCount": "7",
    "version": "2.5",
    "warn": "all",
    "wno": "none"
   },
   "relation": {
    "ancestor_bf2": {
     "iteration": {
      "0": {
       "maxRSS": {
        "post": 12144,
        "pre": 12144
       },
       "num-tuples": 0,
       "recursive-rule": {
        "ancestor_bf2(x,y) :- \n   m_nonancestor(x),\n   parent(x,z),\n   ancestor_bf2(z,y).": {
         "0": {
          "atom-frequency": {
           "@new_ancestor_bf2(x,y) :- \n   m_nonancestor(x),\n   parent(x,z),\n   @delta_ancestor_bf2(z,y).": {
            "@delta_ancestor_bf2": {
             "level": 2,
             "num-tuples": 0
            },
            "m_nonancestor": {
             "level": 0,
             "num-tuples": 0
            },
            "parent": {
             "level": 1,
             "num-tuples": 0
            }
           }
          },
          "maxRSS": {
           "post": 12144,
           "pre": 12144
          },
          "num-tuples": 0,
          "runtime": { "start": 1898172816, "end": 1898172818},
          "source-locator": "/root/compiler/tests/corpus/BENCHMARK_FAMILY/guarded/ancestor_nonancestor_guarded_v2.dl [36:1-36:71]"
         }
        }
       },
       "runtime": { "start": 1898172807, "end": 1898172828}
      }
     },
     "maxRSS": {
      "post": 12144,
      "pre": 12144
     },
     "non-recursive-rule": {
      "ancestor_bf2(x,y) :- \n   m_nonancestor(x),\n   parent(x,y).": {
       "atom-frequency": {
        "ancestor_bf2(x,y) :- \n   m_nonancestor(x),\n   parent(x,y).": {
         "m_nonancestor": {
          "level": 0,
          "num-tuples": 0
         },
         "parent": {
          "level": 1,
          "num-tuples": 0
         }
        }
       },
       "maxRSS": {
        "post": 12144,
        "pre": 12144
       },
       "num-tuples": 5,
       "runtime": { "start": 1898172778, "end": 1898172788},
       "source-locator": "/root/compiler/tests/corpus/BENCHMARK_FAMILY/guarded/ancestor_nonancestor_guarded_v2.dl [35:1-35:52]"
      }
     },
     "num-tuples": 5,
     "reads": 1000,
     "runtime": { "start": 1898172768, "end": 1898172800},
     "source-locator": "/root/compiler/tests/corpus/BENCHMARK_FAMILY/guarded/ancestor_nonancestor_guarded_v2.dl [34:7-34:19]"
    },
    "m_nonancestor": {
     "maxRSS": {
      "post": 11688,
      "pre": 11560
     },
     "non-recursive-rule": {
      "m_nonancestor(1).": {
       "maxRSS": {
        "post": 11688,
        "pre": 11560
       },
       "num-tuples": 1,
       "runtime": { "start": 1898172064, "end": 1898172068},
       "source-locator": "/root/compiler/tests/corpus/BENCHMARK_FAMILY/guarded/ancestor_nonancestor_guarded_v2.dl [32:1-32:18]"
      }
     },
     "num-tuples": 1,
     "reads": 0,
     "runtime": { "start": 1898172061, "end": 1898172077},
     "source-locator": "/root/compiler/tests/corpus/BENCHMARK_FAMILY/guarded/ancestor_nonancestor_guarded_v2.dl [31:7-31:20]"
    },
    "nonancestor_bf2": {
     "maxRSS": {
      "post": 12272,
      "pre": 12144
     },
     "non-recursive-rule": {
      "nonancestor_bf2(x,y) :- \n   m_nonancestor(x),\n   person(x),\n   person(y),\n   !ancestor_bf2(x,y).": {
       "atom-frequency": {
        "nonancestor_bf2(x,y) :- \n   m_nonancestor(x),\n   person(x),\n   person(y),\n   !ancestor_bf2(x,y).": {
         "m_nonancestor": {
          "level": 0,
          "num-tuples": 0
         },
         "person": {
          "level": 2,
          "num-tuples": 0
         }
        }
       },
       "maxRSS": {
        "post": 12272,
        "pre": 12144
       },
       "num-tuples": 995,
       "runtime": { "start": 1898172853, "end": 1898172925},
       "source-locator": "/root/compiler/tests/corpus/BENCHMARK_FAMILY/guarded/ancestor_nonancestor_guarded_v2.dl [39:1-39:84]"
      }
     },
     "num-tuples": 995,
     "reads": 0,
     "runtime": { "start": 1898172844, "end": 1898172934},
     "source-locator": "/root/compiler/tests/corpus/BENCHMARK_FAMILY/guarded/ancestor_nonancestor_guarded_v2.dl [38:7-38:22]"
    },
    "parent": {
     "loadtime": { "start": 1898172081, "end": 1898172625},
     "num-tuples": 2000,
     "reads": 0,
     "source-locator": "/root/compiler/tests/corpus/BENCHMARK_FAMILY/guarded/ancestor_nonancestor_guarded_v2.dl [26:7-26:13]"
    },
    "person": {
     "loadtime": { "start": 1898172634, "end": 1898172756},
     "num-tuples": 1000,
     "reads": 1,
     "source-locator": "/root/compiler/tests/corpus/BENCHMARK_FAMILY/guarded/ancestor_nonancestor_guarded_v2.dl [28:7-28:13]"
    },
    "q_nonancestor": {
     "maxRSS": {
      "post": 12272,
      "pre": 12272
     },
     "non-recursive-rule": {
      "q_nonancestor(y) :- \n   nonancestor_bf2(1,y).": {
       "atom-frequency": {
        "q_nonancestor(y) :- \n   nonancestor_bf2(1,y).": {
         "nonancestor_bf2": {
          "level": 0,
          "num-tuples": 0
         }
        }
       },
       "maxRSS": {
        "post": 12272,
        "pre": 12272
       },
       "num-tuples": 995,
       "runtime": { "start": 1898172949, "end": 1898172978},
       "source-locator": "/root/compiler/tests/corpus/BENCHMARK_FAMILY/guarded/ancestor_nonancestor_guarded_v2.dl [43:1-43:42]"
      }
     },
     "num-tuples": 995,
     "reads": 0,
     "runtime": { "start": 1898172939, "end": 1898172987},
     "savetime": { "start": 1898172991, "end": 1898173618},
     "source-locator": "/root/compiler/tests/corpus/BENCHMARK_FAMILY/guarded/ancestor_nonancestor_guarded_v2.dl [41:7-41:20]"
    }
   },
   "runtime": { "start": 1898172056, "end": 1898173627},
   "starttime": { "time": 1898172028},
   "usage": {
    "timepoint": {
     "1898172085": {
      "maxRSS": 11688,
      "systemtime": 2029,
      "usertime": 2029
     },
     "1898172667": {
      "maxRSS": 12144,
      "systemtime": 2325,
      "usertime": 2325
     },
     "1898172788": {
      "maxRSS": 12144,
      "systemtime": 2409,
      "usertime": 2409
     },
     "1898172826": {
      "maxRSS": 12144,
      "systemtime": 2429,
      "usertime": 2429
     },
     "1898172834": {
      "maxRSS": 12144,
      "systemtime": 2441,
      "usertime": 2441
     },
     "1898172860": {
      "maxRSS": 12272,
      "systemtime": 2454,
      "usertime": 2454
     },
     "1898172954": {
      "maxRSS": 12272,
      "systemtime": 2506,
      "usertime": 2506
     },
     "1898173005": {
      "maxRSS": 12272,
      "systemtime": 2532,
      "usertime": 2532
     }
    }
   }
  }
 }
}
