{
 "root": {
  "program": {
   "configuration": {
    "": "/root/compiler/tests/corpus/BENCHMARK_FAMILY/guarded/ancestor_nonancestor_guarded_v2.dl",
    "fact-dir": "/root/compiler/fixtures/benchmark-family/ancestor_nonancestor/n4000",
    "include-dir": ".",
    "jobs": "1",
    "libraries": "functors",
    "library-dir": ".",
    "output-dir": "/root/compiler/measurements/night03-t5/n4000/orig_vs_v2/candidate",
    "profile": "prof.log",
    "relationCount": "6",
    "ruleCount": "7",
    "version": "2.5",
    "warn": "all",
    "wno": "none"
   },
   "relation": {
    "ancestor_bf2": {
     "iteration": {
      "0": {
       "maxRSS": {
        "post": 12592,
        "pre": 12592
       },
       "num-tuples": 0,
       "recursive-rule": {
        "ancestor_bf2(x,y) :- \n   m_nonancestor(x),\n   parent(x,z),\n   ancestor_bf2(z,y).": {
         "0": {
          "atom-frequency": {
           "@new_ancestor_bf2(x,y) :- \n   m_nonancestor(x),\n   parent(x,z),\n   @delta_ancestor_bf2(z,y).": {
            "@delta_ancestor_bf2": {
             "level": 2,
             "num-tuples": 0
            },
            "m_nonancestor": {
             "level": 0,
             "num-tuples": 0
            },
            "parent": {
             "level": 1,
             "num-tuples": 0
            }
           }
          },
          "maxRSS": {
           "post": 12592,
           "pre": 12592
          },
          "num-tuples": 0,
          "runtime": { "start": 1902840527, "end": 1902840528},
          "source-locator": "/root/compiler/tests/corpus/BENCHMARK_FAMILY/guarded/ancestor_nonancestor_guarded_v2.dl [36:1-36:71]"
         }
        }
       },
       "runtime": { "start": 1902840526, "end": 1902840536}
      }
     },
     "maxRSS": {
      "post": 12592,
      "pre": 12592
     },
     "non-recursive-rule": {
      "ancestor_bf2(x,y) :- \n   m_nonancestor(x),\n   parent(x,y).": {
       "atom-frequency": {
        "ancestor_bf2(x,y) :- \n   m_nonancestor(x),\n   parent(x,y).": {
         "m_nonancestor": {
          "level": 0,
          "num-tuples": 0
         },
         "parent": {
          "level": 1,
          "num-tuples": 0
         }
        }
       },
       "maxRSS": {
        "post": 12592,
        "pre": 12592
       },
       "num-tuples": 9,
       "runtime": { "start": 1902840505, "end": 1902840511},
       "source-locator": "/root/compiler/tests/corpus/BENCHMARK_FAMILY/guarded/ancestor_nonancestor_guarded_v2.dl [35:1-35:52]"
      }
     },
     "num-tuples": 9,
     "reads": 4000,
     "runtime": { "start": 1902840495, "end": 1902840521},
     "source-locator": "/root/compiler/tests/corpus/BENCHMARK_FAMILY/guarded/ancestor_nonancestor_guarded_v2.dl [34:7-34:19]"
    },
    "m_nonancestor": {
     "maxRSS": {
      "post": 11884,
      "pre": 11756
     },
     "non-recursive-rule": {
      "m_nonancestor(1).": {
       "maxRSS": {
        "post": 11884,
        "pre": 11756
       },
       "num-tuples": 1,
       "runtime": { "start": 1902838143, "end": 1902838148},
       "source-locator": "/root/compiler/tests/corpus/BENCHMARK_FAMILY/guarded/ancestor_nonancestor_guarded_v2.dl [32:1-32:18]"
      }
     },
     "num-tuples": 1,
     "reads": 0,
     "runtime": { "start": 1902838137, "end": 1902838157},
     "source-locator": "/root/compiler/tests/corpus/BENCHMARK_FAMILY/guarded/ancestor_nonancestor_guarded_v2.dl [31:7-31:20]"
    },
    "nonancestor_bf2": {
     "maxRSS": {
      "post": 12720,
      "pre": 12592
     },
     "non-recursive-rule": {
      "nonancestor_bf2(x,y) :- \n   m_nonancestor(x),\n   person(x),\n   person(y),\n   !ancestor_bf2(x,y).": {
       "atom-frequency": {
        "nonancestor_bf2(x,y) :- \n   m_nonancestor(x),\n   person(x),\n   person(y),\n   !ancestor_bf2(x,y).": {
         "m_nonancestor": {
          "level": 0,
          "num-tuples": 0
         },
         "person": {
          "level": 2,
          "num-tuples": 0
         }
        }
       },
       "maxRSS": {
        "post": 12720,
        "pre": 12592
       },
       "num-tuples": 3991,
       "runtime": { "start": 1902840578, "end": 1902840925},
       "source-locator": "/root/compiler/tests/corpus/BENCHMARK_FAMILY/guarded/ancestor_nonancestor_guarded_v2.dl [39:1-39:84]"
      }
     },
     "num-tuples": 3991,
     "reads": 0,
     "runtime": { "start": 1902840568, "end": 1902840934},
     "source-locator": "/root/compiler/tests/corpus/BENCHMARK_FAMILY/guarded/ancestor_nonancestor_guarded_v2.dl [38:7-38:22]"
    },
    "parent": {
     "loadtime": { "start": 1902838162, "end": 1902840084},
     "num-tuples": 8000,
     "reads": 0,
     "source-locator": "/root/compiler/tests/corpus/BENCHMARK_FAMILY/guarded/ancestor_nonancestor_guarded_v2.dl [26:7-26:13]"
    },
    "person": {
     "loadtime": { "start": 1902840095, "end": 1902840488},
     "num-tuples": 4000,
     "reads": 1,
     "source-locator": "/root/compiler/tests/corpus/BENCHMARK_FAMILY/guarded/ancestor_nonancestor_guarded_v2.dl [28:7-28:13]"
    },
    "q_nonancestor": {
     "maxRSS": {
      "post": 12720,
      "pre": 12720
     },
     "non-recursive-rule": {
      "q_nonancestor(y) :- \n   nonancestor_bf2(1,y).": {
       "atom-frequency": {
        "q_nonancestor(y) :- \n   nonancestor_bf2(1,y).": {
         "nonancestor_bf2": {
          "level": 0,
          "num-tuples": 0
         }
        }
       },
       "maxRSS": {
        "post": 12720,
        "pre": 12720
       },
       "num-tuples": 3991,
       "runtime": { "start": 1902840953, "end": 1902841069},
       "source-locator": "/root/compiler/tests/corpus/BENCHMARK_FAMILY/guarded/ancestor_nonancestor_guarded_v2.dl [43:1-43:42]"
      }
     },
     "num-tuples": 3991,
     "reads": 0,
     "runtime": { "start": 1902840943, "end": 1902841077},
     "savetime": { "start": 1902841081, "end": 1902841659},
     "source-locator": "/root/compiler/tests/corpus/BENCHMARK_FAMILY/guarded/ancestor_nonancestor_guarded_v2.dl [41:7-41:20]"
    }
   },
   "runtime": { "start": 1902838132, "end": 1902841672},
   "starttime": { "time": 1902838102},
   "usage": {
    "timepoint": {
     "1902838162": {
      "maxRSS": 11884,
      "systemtime": 0,
      "usertime": 4080
     },
     "1902839293": {
      "maxRSS": 12464,
      "systemtime": 0,
      "usertime": 4114
     },
     "1902840121": {
      "maxRSS": 12592,
      "systemtime": 0,
      "usertime": 6059
     },
     "1902840545": {
      "maxRSS": 12592,
      "systemtime": 0,
      "usertime": 6527
     },
     "1902840585": {
      "maxRSS": 12720,
      "systemtime": 0,
      "usertime": 6569
     },
     "1902840959": {
      "maxRSS": 12720,
      "systemtime": 0,
      "usertime": 6951
     },
     "1902841096": {
      "maxRSS": 12720,
      "systemtime": 0,
      "usertime": 7087
     }
    }
   }
  }
 }
}
