{
 "root": {
  "program": {
   "configuration": {
    "": "/root/compiler/tests/corpus/CULPRIT_CANDIDATES/cc_longer_cycle.dl",
    "fact-dir": "/root/compiler/fixtures/culprit_candidates/cc_longer_cycle",
    "include-dir": ".",
    "jobs": "1",
    "libraries": "functors",
    "library-dir": ".",
    "output-dir": "/root/compiler/measurements/m3-5-headline-m4/candidates/cc_longer_cycle/none",
    "profile": "prof.log",
    "relationCount": "7",
    "ruleCount": "10",
    "version": "2.5",
    "warn": "all",
    "wno": "none"
   },
   "relation": {
    "base": {
     "loadtime": { "start": 22306351696, "end": 22306352327},
     "num-tuples": 75,
     "reads": 0,
     "source-locator": "/root/compiler/tests/corpus/CULPRIT_CANDIDATES/cc_longer_cycle.dl [14:7-14:11]"
    },
    "blocked": {
     "loadtime": { "start": 22306352337, "end": 22306352689},
     "num-tuples": 11,
     "reads": 385,
     "source-locator": "/root/compiler/tests/corpus/CULPRIT_CANDIDATES/cc_longer_cycle.dl [16:7-16:14]"
    },
    "e": {
     "loadtime": { "start": 22306352702, "end": 22306352894},
     "num-tuples": 76,
     "reads": 0,
     "source-locator": "/root/compiler/tests/corpus/CULPRIT_CANDIDATES/cc_longer_cycle.dl [15:7-15:8]"
    },
    "out": {
     "maxRSS": {
      "post": 16780,
      "pre": 16780
     },
     "non-recursive-rule": {
      "out(y) :- \n   p(1,y).": {
       "atom-frequency": {
        "out(y) :- \n   p(1,y).": {
         "p": {
          "level": 0,
          "num-tuples": 0
         }
        }
       },
       "maxRSS": {
        "post": 16780,
        "pre": 16780
       },
       "num-tuples": 1,
       "runtime": { "start": 22306353668, "end": 22306353669},
       "source-locator": "/root/compiler/tests/corpus/CULPRIT_CANDIDATES/cc_longer_cycle.dl [32:1-32:18]"
      }
     },
     "num-tuples": 1,
     "reads": 0,
     "runtime": { "start": 22306353668, "end": 22306353676},
     "savetime": { "start": 22306353680, "end": 22306353752},
     "source-locator": "/root/compiler/tests/corpus/CULPRIT_CANDIDATES/cc_longer_cycle.dl [31:7-31:10]"
    },
    "p": {
     "iteration": {
      "0": {
       "copytime": { "start": 22306353622, "end": 22306353624},
       "maxRSS": {
        "post": 16780,
        "pre": 16780
       },
       "num-tuples": 14,
       "recursive-rule": {
        "p(x,y) :- \n   p(x,z),\n   !s(z),\n   r1(z,y).": {
         "0": {
          "atom-frequency": {
           "@new_p(x,y) :- \n   @delta_p(x,z),\n   !s(z),\n   r1(z,y).": {
            "@delta_p": {
             "level": 0,
             "num-tuples": 0
            },
            "r1": {
             "level": 1,
             "num-tuples": 0
            }
           }
          },
          "maxRSS": {
           "post": 16780,
           "pre": 16780
          },
          "num-tuples": 14,
          "runtime": { "start": 22306353586, "end": 22306353596},
          "source-locator": "/root/compiler/tests/corpus/CULPRIT_CANDIDATES/cc_longer_cycle.dl [29:1-29:34]"
         }
        }
       },
       "runtime": { "start": 22306353577, "end": 22306353604}
      },
      "1": {
       "maxRSS": {
        "post": 16780,
        "pre": 16780
       },
       "num-tuples": 0,
       "recursive-rule": {
        "p(x,y) :- \n   p(x,z),\n   !s(z),\n   r1(z,y).": {
         "0": {
          "maxRSS": {
           "post": 16780,
           "pre": 16780
          },
          "num-tuples": 0,
          "runtime": { "start": 22306353637, "end": 22306353640},
          "source-locator": "/root/compiler/tests/corpus/CULPRIT_CANDIDATES/cc_longer_cycle.dl [29:1-29:34]"
         }
        }
       },
       "runtime": { "start": 22306353627, "end": 22306353648}
      }
     },
     "maxRSS": {
      "post": 16780,
      "pre": 16780
     },
     "non-recursive-rule": {
      "p(x,y) :- \n   e(x,y).": {
       "atom-frequency": {
        "p(x,y) :- \n   e(x,y).": {
         "e": {
          "level": 0,
          "num-tuples": 0
         }
        }
       },
       "maxRSS": {
        "post": 16780,
        "pre": 16780
       },
       "num-tuples": 76,
       "runtime": { "start": 22306353558, "end": 22306353562},
       "source-locator": "/root/compiler/tests/corpus/CULPRIT_CANDIDATES/cc_longer_cycle.dl [28:1-28:18]"
      }
     },
     "num-tuples": 76,
     "reads": 18,
     "runtime": { "start": 22306353549, "end": 22306353570},
     "source-locator": "/root/compiler/tests/corpus/CULPRIT_CANDIDATES/cc_longer_cycle.dl [27:7-27:8]"
    },
    "r1": {
     "iteration": {
      "0": {
       "copytime": { "start": 22306353007, "end": 22306353014},
       "maxRSS": {
        "post": 16780,
        "pre": 16780
       },
       "num-tuples": 79,
       "recursive-rule": {
        "r1(x,y) :- \n   r1(x,z),\n   base(z,y).": {
         "0": {
          "atom-frequency": {
           "@new_r1(x,y) :- \n   @delta_r1(x,z),\n   base(z,y).": {
            "@delta_r1": {
             "level": 0,
             "num-tuples": 0
            },
            "base": {
             "level": 1,
             "num-tuples": 0
            }
           }
          },
          "maxRSS": {
           "post": 16780,
           "pre": 16780
          },
          "num-tuples": 79,
          "runtime": { "start": 22306352949, "end": 22306352977},
          "source-locator": "/root/compiler/tests/corpus/CULPRIT_CANDIDATES/cc_longer_cycle.dl [21:1-21:31]"
         }
        }
       },
       "runtime": { "start": 22306352940, "end": 22306352987}
      },
      "1": {
       "copytime": { "start": 22306353074, "end": 22306353083},
       "maxRSS": {
        "post": 16780,
        "pre": 16780
       },
       "num-tuples": 77,
       "recursive-rule": {
        "r1(x,y) :- \n   r1(x,z),\n   base(z,y).": {
         "0": {
          "maxRSS": {
           "post": 16780,
           "pre": 16780
          },
          "num-tuples": 77,
          "runtime": { "start": 22306353027, "end": 22306353048},
          "source-locator": "/root/compiler/tests/corpus/CULPRIT_CANDIDATES/cc_longer_cycle.dl [21:1-21:31]"
         }
        }
       },
       "runtime": { "start": 22306353019, "end": 22306353056}
      },
      "10": {
       "maxRSS": {
        "post": 16780,
        "pre": 16780
       },
       "num-tuples": 0,
       "recursive-rule": {
        "r1(x,y) :- \n   r1(x,z),\n   base(z,y).": {
         "0": {
          "maxRSS": {
           "post": 16780,
           "pre": 16780
          },
          "num-tuples": 0,
          "runtime": { "start": 22306353493, "end": 22306353494},
          "source-locator": "/root/compiler/tests/corpus/CULPRIT_CANDIDATES/cc_longer_cycle.dl [21:1-21:31]"
         }
        }
       },
       "runtime": { "start": 22306353484, "end": 22306353502}
      },
      "2": {
       "copytime": { "start": 22306353139, "end": 22306353146},
       "maxRSS": {
        "post": 16780,
        "pre": 16780
       },
       "num-tuples": 52,
       "recursive-rule": {
        "r1(x,y) :- \n   r1(x,z),\n   base(z,y).": {
         "0": {
          "maxRSS": {
           "post": 16780,
           "pre": 16780
          },
          "num-tuples": 52,
          "runtime": { "start": 22306353095, "end": 22306353112},
          "source-locator": "/root/compiler/tests/corpus/CULPRIT_CANDIDATES/cc_longer_cycle.dl [21:1-21:31]"
         }
        }
       },
       "runtime": { "start": 22306353086, "end": 22306353120}
      },
      "3": {
       "copytime": { "start": 22306353199, "end": 22306353204},
       "maxRSS": {
        "post": 16780,
        "pre": 16780
       },
       "num-tuples": 39,
       "recursive-rule": {
        "r1(x,y) :- \n   r1(x,z),\n   base(z,y).": {
         "0": {
          "maxRSS": {
           "post": 16780,
           "pre": 16780
          },
          "num-tuples": 39,
          "runtime": { "start": 22306353158, "end": 22306353172},
          "source-locator": "/root/compiler/tests/corpus/CULPRIT_CANDIDATES/cc_longer_cycle.dl [21:1-21:31]"
         }
        }
       },
       "runtime": { "start": 22306353149, "end": 22306353180}
      },
      "4": {
       "copytime": { "start": 22306353254, "end": 22306353258},
       "maxRSS": {
        "post": 16780,
        "pre": 16780
       },
       "num-tuples": 26,
       "recursive-rule": {
        "r1(x,y) :- \n   r1(x,z),\n   base(z,y).": {
         "0": {
          "maxRSS": {
           "post": 16780,
           "pre": 16780
          },
          "num-tuples": 26,
          "runtime": { "start": 22306353216, "end": 22306353228},
          "source-locator": "/root/compiler/tests/corpus/CULPRIT_CANDIDATES/cc_longer_cycle.dl [21:1-21:31]"
         }
        }
       },
       "runtime": { "start": 22306353208, "end": 22306353236}
      },
      "5": {
       "copytime": { "start": 22306353304, "end": 22306353307},
       "maxRSS": {
        "post": 16780,
        "pre": 16780
       },
       "num-tuples": 17,
       "recursive-rule": {
        "r1(x,y) :- \n   r1(x,z),\n   base(z,y).": {
         "0": {
          "maxRSS": {
           "post": 16780,
           "pre": 16780
          },
          "num-tuples": 17,
          "runtime": { "start": 22306353270, "end": 22306353278},
          "source-locator": "/root/compiler/tests/corpus/CULPRIT_CANDIDATES/cc_longer_cycle.dl [21:1-21:31]"
         }
        }
       },
       "runtime": { "start": 22306353262, "end": 22306353286}
      },
      "6": {
       "copytime": { "start": 22306353351, "end": 22306353353},
       "maxRSS": {
        "post": 16780,
        "pre": 16780
       },
       "num-tuples": 10,
       "recursive-rule": {
        "r1(x,y) :- \n   r1(x,z),\n   base(z,y).": {
         "0": {
          "maxRSS": {
           "post": 16780,
           "pre": 16780
          },
          "num-tuples": 10,
          "runtime": { "start": 22306353319, "end": 22306353324},
          "source-locator": "/root/compiler/tests/corpus/CULPRIT_CANDIDATES/cc_longer_cycle.dl [21:1-21:31]"
         }
        }
       },
       "runtime": { "start": 22306353310, "end": 22306353332}
      },
      "7": {
       "copytime": { "start": 22306353395, "end": 22306353397},
       "maxRSS": {
        "post": 16780,
        "pre": 16780
       },
       "num-tuples": 6,
       "recursive-rule": {
        "r1(x,y) :- \n   r1(x,z),\n   base(z,y).": {
         "0": {
          "maxRSS": {
           "post": 16780,
           "pre": 16780
          },
          "num-tuples": 6,
          "runtime": { "start": 22306353365, "end": 22306353369},
          "source-locator": "/root/compiler/tests/corpus/CULPRIT_CANDIDATES/cc_longer_cycle.dl [21:1-21:31]"
         }
        }
       },
       "runtime": { "start": 22306353356, "end": 22306353377}
      },
      "8": {
       "copytime": { "start": 22306353438, "end": 22306353439},
       "maxRSS": {
        "post": 16780,
        "pre": 16780
       },
       "num-tuples": 3,
       "recursive-rule": {
        "r1(x,y) :- \n   r1(x,z),\n   base(z,y).": {
         "0": {
          "maxRSS": {
           "post": 16780,
           "pre": 16780
          },
          "num-tuples": 3,
          "runtime": { "start": 22306353409, "end": 22306353412},
          "source-locator": "/root/compiler/tests/corpus/CULPRIT_CANDIDATES/cc_longer_cycle.dl [21:1-21:31]"
         }
        }
       },
       "runtime": { "start": 22306353401, "end": 22306353420}
      },
      "9": {
       "copytime": { "start": 22306353479, "end": 22306353480},
       "maxRSS": {
        "post": 16780,
        "pre": 16780
       },
       "num-tuples": 1,
       "recursive-rule": {
        "r1(x,y) :- \n   r1(x,z),\n   base(z,y).": {
         "0": {
          "maxRSS": {
           "post": 16780,
           "pre": 16780
          },
          "num-tuples": 1,
          "runtime": { "start": 22306353451, "end": 22306353453},
          "source-locator": "/root/compiler/tests/corpus/CULPRIT_CANDIDATES/cc_longer_cycle.dl [21:1-21:31]"
         }
        }
       },
       "runtime": { "start": 22306353443, "end": 22306353461}
      }
     },
     "maxRSS": {
      "post": 16780,
      "pre": 16780
     },
     "non-recursive-rule": {
      "r1(x,y) :- \n   base(x,y).": {
       "atom-frequency": {
        "r1(x,y) :- \n   base(x,y).": {
         "base": {
          "level": 0,
          "num-tuples": 0
         }
        }
       },
       "maxRSS": {
        "post": 16780,
        "pre": 16780
       },
       "num-tuples": 75,
       "runtime": { "start": 22306352913, "end": 22306352922},
       "source-locator": "/root/compiler/tests/corpus/CULPRIT_CANDIDATES/cc_longer_cycle.dl [20:1-20:22]"
      }
     },
     "num-tuples": 75,
     "reads": 461,
     "runtime": { "start": 22306352903, "end": 22306352931},
     "source-locator": "/root/compiler/tests/corpus/CULPRIT_CANDIDATES/cc_longer_cycle.dl [18:7-18:9]"
    },
    "s": {
     "maxRSS": {
      "post": 16780,
      "pre": 16780
     },
     "non-recursive-rule": {
      "s(x) :- \n   r1(x,y),\n   blocked(y).": {
       "atom-frequency": {
        "s(x) :- \n   r1(x,y),\n   blocked(y).": {
         "r1": {
          "level": 0,
          "num-tuples": 0
         }
        }
       },
       "maxRSS": {
        "post": 16780,
        "pre": 16780
       },
       "num-tuples": 34,
       "runtime": { "start": 22306353521, "end": 22306353538},
       "source-locator": "/root/compiler/tests/corpus/CULPRIT_CANDIDATES/cc_longer_cycle.dl [25:1-25:29]"
      }
     },
     "num-tuples": 34,
     "reads": 90,
     "runtime": { "start": 22306353520, "end": 22306353545},
     "source-locator": "/root/compiler/tests/corpus/CULPRIT_CANDIDATES/cc_longer_cycle.dl [24:7-24:8]"
    }
   },
   "runtime": { "start": 22306351691, "end": 22306353757},
   "starttime": { "time": 22306351663},
   "usage": {
    "timepoint": {
     "22306351699": {
      "maxRSS": 16780,
      "systemtime": 4148,
      "usertime": 0
     },
     "22306352363": {
      "maxRSS": 16780,
      "systemtime": 4538,
      "usertime": 0
     },
     "22306352723": {
      "maxRSS": 16780,
      "systemtime": 4792,
      "usertime": 0
     },
     "22306352921": {
      "maxRSS": 16780,
      "systemtime": 4914,
      "usertime": 0
     },
     "22306352954": {
      "maxRSS": 16780,
      "systemtime": 4958,
      "usertime": 0
     },
     "22306353006": {
      "maxRSS": 16780,
      "systemtime": 5017,
      "usertime": 0
     },
     "22306353032": {
      "maxRSS": 16780,
      "systemtime": 5050,
      "usertime": 0
     },
     "22306353074": {
      "maxRSS": 16780,
      "systemtime": 5102,
      "usertime": 0
     },
     "22306353100": {
      "maxRSS": 16780,
      "systemtime": 5134,
      "usertime": 0
     },
     "22306353138": {
      "maxRSS": 16780,
      "systemtime": 5178,
      "usertime": 0
     },
     "22306353163": {
      "maxRSS": 16780,
      "systemtime": 5210,
      "usertime": 0
     },
     "22306353198": {
      "maxRSS": 16780,
      "systemtime": 5251,
      "usertime": 0
     },
     "22306353221": {
      "maxRSS": 16780,
      "systemtime": 5281,
      "usertime": 0
     },
     "22306353253": {
      "maxRSS": 16780,
      "systemtime": 5321,
      "usertime": 0
     },
     "22306353275": {
      "maxRSS": 16780,
      "systemtime": 5351,
      "usertime": 0
     },
     "22306353304": {
      "maxRSS": 16780,
      "systemtime": 5385,
      "usertime": 0
     },
     "22306353324": {
      "maxRSS": 16780,
      "systemtime": 5412,
      "usertime": 0
     },
     "22306353350": {
      "maxRSS": 16780,
      "systemtime": 5445,
      "usertime": 0
     },
     "22306353370": {
      "maxRSS": 16780,
      "systemtime": 5475,
      "usertime": 0
     },
     "22306353394": {
      "maxRSS": 16780,
      "systemtime": 5501,
      "usertime": 0
     },
     "22306353414": {
      "maxRSS": 16780,
      "systemtime": 5532,
      "usertime": 0
     },
     "22306353437": {
      "maxRSS": 16780,
      "systemtime": 5558,
      "usertime": 0
     },
     "22306353456": {
      "maxRSS": 16780,
      "systemtime": 5585,
      "usertime": 0
     },
     "22306353479": {
      "maxRSS": 16780,
      "systemtime": 5612,
      "usertime": 0
     },
     "22306353497": {
      "maxRSS": 16780,
      "systemtime": 5639,
      "usertime": 0
     },
     "22306353519": {
      "maxRSS": 16780,
      "systemtime": 5665,
      "usertime": 0
     },
     "22306353563": {
      "maxRSS": 16780,
      "systemtime": 5721,
      "usertime": 0
     },
     "22306353591": {
      "maxRSS": 16780,
      "systemtime": 5751,
      "usertime": 0
     },
     "22306353621": {
      "maxRSS": 16780,
      "systemtime": 5788,
      "usertime": 0
     },
     "22306353642": {
      "maxRSS": 16780,
      "systemtime": 5818,
      "usertime": 0
     },
     "22306353665": {
      "maxRSS": 16780,
      "systemtime": 5845,
      "usertime": 0
     },
     "22306353694": {
      "maxRSS": 16780,
      "systemtime": 5871,
      "usertime": 0
     }
    }
   }
  }
 }
}
