{
 "root": {
  "program": {
   "configuration": {
    "": "/root/compiler/tests/corpus/BENCHMARK_FAMILY/ancestor_nonancestor.dl",
    "fact-dir": "/root/compiler/fixtures/benchmark-family/ancestor_nonancestor/n1000",
    "include-dir": ".",
    "jobs": "1",
    "libraries": "functors",
    "library-dir": ".",
    "output-dir": "/root/compiler/measurements/night03-t5/n1000/orig_vs_v2/original",
    "profile": "prof.log",
    "relationCount": "5",
    "ruleCount": "6",
    "version": "2.5",
    "warn": "all",
    "wno": "none"
   },
   "relation": {
    "ancestor": {
     "iteration": {
      "0": {
       "copytime": { "start": 1897970599, "end": 1897971013},
       "maxRSS": {
        "post": 12560,
        "pre": 12304
       },
       "num-tuples": 4347,
       "recursive-rule": {
        "ancestor(x,y) :- \n   parent(x,z),\n   ancestor(z,y).": {
         "0": {
          "atom-frequency": {
           "@new_ancestor(x,y) :- \n   parent(x,z),\n   @delta_ancestor(z,y).": {
            "@delta_ancestor": {
             "level": 1,
             "num-tuples": 0
            },
            "parent": {
             "level": 0,
             "num-tuples": 0
            }
           }
          },
          "maxRSS": {
           "post": 12560,
           "pre": 12304
          },
          "num-tuples": 4347,
          "runtime": { "start": 1897969566, "end": 1897970471},
          "source-locator": "/root/compiler/tests/corpus/BENCHMARK_FAMILY/ancestor_nonancestor.dl [22:1-22:45]"
         }
        }
       },
       "runtime": { "start": 1897969555, "end": 1897970520}
      },
      "1": {
       "copytime": { "start": 1897972840, "end": 1897973594},
       "maxRSS": {
        "post": 12816,
        "pre": 12688
       },
       "num-tuples": 8970,
       "recursive-rule": {
        "ancestor(x,y) :- \n   parent(x,z),\n   ancestor(z,y).": {
         "0": {
          "maxRSS": {
           "post": 12816,
           "pre": 12688
          },
          "num-tuples": 8970,
          "runtime": { "start": 1897971092, "end": 1897972794},
          "source-locator": "/root/compiler/tests/corpus/BENCHMARK_FAMILY/ancestor_nonancestor.dl [22:1-22:45]"
         }
        }
       },
       "runtime": { "start": 1897971076, "end": 1897972808}
      },
      "10": {
       "copytime": { "start": 1898023710, "end": 1898026794},
       "maxRSS": {
        "post": 18064,
        "pre": 17936
       },
       "num-tuples": 27619,
       "recursive-rule": {
        "ancestor(x,y) :- \n   parent(x,z),\n   ancestor(z,y).": {
         "0": {
          "maxRSS": {
           "post": 18064,
           "pre": 17936
          },
          "num-tuples": 27619,
          "runtime": { "start": 1898018503, "end": 1898023654},
          "source-locator": "/root/compiler/tests/corpus/BENCHMARK_FAMILY/ancestor_nonancestor.dl [22:1-22:45]"
         }
        }
       },
       "runtime": { "start": 1898018487, "end": 1898023673}
      },
      "11": {
       "copytime": { "start": 1898032182, "end": 1898035468},
       "maxRSS": {
        "post": 18704,
        "pre": 18704
       },
       "num-tuples": 26754,
       "recursive-rule": {
        "ancestor(x,y) :- \n   parent(x,z),\n   ancestor(z,y).": {
         "0": {
          "maxRSS": {
           "post": 18704,
           "pre": 18704
          },
          "num-tuples": 26754,
          "runtime": { "start": 1898026823, "end": 1898032121},
          "source-locator": "/root/compiler/tests/corpus/BENCHMARK_FAMILY/ancestor_nonancestor.dl [22:1-22:45]"
         }
        }
       },
       "runtime": { "start": 1898026805, "end": 1898032139}
      },
      "12": {
       "copytime": { "start": 1898040711, "end": 1898043809},
       "maxRSS": {
        "post": 19472,
        "pre": 19472
       },
       "num-tuples": 24222,
       "recursive-rule": {
        "ancestor(x,y) :- \n   parent(x,z),\n   ancestor(z,y).": {
         "0": {
          "maxRSS": {
           "post": 19472,
           "pre": 19472
          },
          "num-tuples": 24222,
          "runtime": { "start": 1898035496, "end": 1898040658},
          "source-locator": "/root/compiler/tests/corpus/BENCHMARK_FAMILY/ancestor_nonancestor.dl [22:1-22:45]"
         }
        }
       },
       "runtime": { "start": 1898035479, "end": 1898040677}
      },
      "13": {
       "copytime": { "start": 1898048558, "end": 1898051229},
       "maxRSS": {
        "post": 20112,
        "pre": 20112
       },
       "num-tuples": 20872,
       "recursive-rule": {
        "ancestor(x,y) :- \n   parent(x,z),\n   ancestor(z,y).": {
         "0": {
          "maxRSS": {
           "post": 20112,
           "pre": 20112
          },
          "num-tuples": 20872,
          "runtime": { "start": 1898043835, "end": 1898048500},
          "source-locator": "/root/compiler/tests/corpus/BENCHMARK_FAMILY/ancestor_nonancestor.dl [22:1-22:45]"
         }
        }
       },
       "runtime": { "start": 1898043819, "end": 1898048522}
      },
      "14": {
       "copytime": { "start": 1898055460, "end": 1898057818},
       "maxRSS": {
        "post": 20624,
        "pre": 20624
       },
       "num-tuples": 17186,
       "recursive-rule": {
        "ancestor(x,y) :- \n   parent(x,z),\n   ancestor(z,y).": {
         "0": {
          "maxRSS": {
           "post": 20624,
           "pre": 20624
          },
          "num-tuples": 17186,
          "runtime": { "start": 1898051256, "end": 1898055410},
          "source-locator": "/root/compiler/tests/corpus/BENCHMARK_FAMILY/ancestor_nonancestor.dl [22:1-22:45]"
         }
        }
       },
       "runtime": { "start": 1898051240, "end": 1898055428}
      },
      "15": {
       "copytime": { "start": 1898061240, "end": 1898063348},
       "maxRSS": {
        "post": 20880,
        "pre": 20880
       },
       "num-tuples": 13243,
       "recursive-rule": {
        "ancestor(x,y) :- \n   parent(x,z),\n   ancestor(z,y).": {
         "0": {
          "maxRSS": {
           "post": 20880,
           "pre": 20880
          },
          "num-tuples": 13243,
          "runtime": { "start": 1898057844, "end": 1898061194},
          "source-locator": "/root/compiler/tests/corpus/BENCHMARK_FAMILY/ancestor_nonancestor.dl [22:1-22:45]"
         }
        }
       },
       "runtime": { "start": 1898057828, "end": 1898061209}
      },
      "16": {
       "copytime": { "start": 1898066376, "end": 1898067936},
       "maxRSS": {
        "post": 21136,
        "pre": 21136
       },
       "num-tuples": 9440,
       "recursive-rule": {
        "ancestor(x,y) :- \n   parent(x,z),\n   ancestor(z,y).": {
         "0": {
          "maxRSS": {
           "post": 21136,
           "pre": 21136
          },
          "num-tuples": 9440,
          "runtime": { "start": 1898063385, "end": 1898066327},
          "source-locator": "/root/compiler/tests/corpus/BENCHMARK_FAMILY/ancestor_nonancestor.dl [22:1-22:45]"
         }
        }
       },
       "runtime": { "start": 1898063362, "end": 1898066344}
      },
      "17": {
       "copytime": { "start": 1898070172, "end": 1898071175},
       "maxRSS": {
        "post": 21264,
        "pre": 21264
       },
       "num-tuples": 6240,
       "recursive-rule": {
        "ancestor(x,y) :- \n   parent(x,z),\n   ancestor(z,y).": {
         "0": {
          "maxRSS": {
           "post": 21264,
           "pre": 21264
          },
          "num-tuples": 6240,
          "runtime": { "start": 1898067962, "end": 1898070129},
          "source-locator": "/root/compiler/tests/corpus/BENCHMARK_FAMILY/ancestor_nonancestor.dl [22:1-22:45]"
         }
        }
       },
       "runtime": { "start": 1898067947, "end": 1898070143}
      },
      "18": {
       "copytime": { "start": 1898072826, "end": 1898073459},
       "maxRSS": {
        "post": 21392,
        "pre": 21392
       },
       "num-tuples": 3781,
       "recursive-rule": {
        "ancestor(x,y) :- \n   parent(x,z),\n   ancestor(z,y).": {
         "0": {
          "maxRSS": {
           "post": 21392,
           "pre": 21392
          },
          "num-tuples": 3781,
          "runtime": { "start": 1898071202, "end": 1898072783},
          "source-locator": "/root/compiler/tests/corpus/BENCHMARK_FAMILY/ancestor_nonancestor.dl [22:1-22:45]"
         }
        }
       },
       "runtime": { "start": 1898071187, "end": 1898072797}
      },
      "19": {
       "copytime": { "start": 1898074532, "end": 1898074834},
       "maxRSS": {
        "post": 21392,
        "pre": 21392
       },
       "num-tuples": 2087,
       "recursive-rule": {
        "ancestor(x,y) :- \n   parent(x,z),\n   ancestor(z,y).": {
         "0": {
          "maxRSS": {
           "post": 21392,
           "pre": 21392
          },
          "num-tuples": 2087,
          "runtime": { "start": 1898073482, "end": 1898074493},
          "source-locator": "/root/compiler/tests/corpus/BENCHMARK_FAMILY/ancestor_nonancestor.dl [22:1-22:45]"
         }
        }
       },
       "runtime": { "start": 1898073466, "end": 1898074505}
      },
      "2": {
       "copytime": { "start": 1897976416, "end": 1897977702},
       "maxRSS": {
        "post": 13200,
        "pre": 13072
       },
       "num-tuples": 14554,
       "recursive-rule": {
        "ancestor(x,y) :- \n   parent(x,z),\n   ancestor(z,y).": {
         "0": {
          "maxRSS": {
           "post": 13200,
           "pre": 13072
          },
          "num-tuples": 14554,
          "runtime": { "start": 1897973615, "end": 1897976370},
          "source-locator": "/root/compiler/tests/corpus/BENCHMARK_FAMILY/ancestor_nonancestor.dl [22:1-22:45]"
         }
        }
       },
       "runtime": { "start": 1897973600, "end": 1897976386}
      },
      "20": {
       "copytime": { "start": 1898075491, "end": 1898075661},
       "maxRSS": {
        "post": 21392,
        "pre": 21392
       },
       "num-tuples": 1106,
       "recursive-rule": {
        "ancestor(x,y) :- \n   parent(x,z),\n   ancestor(z,y).": {
         "0": {
          "maxRSS": {
           "post": 21392,
           "pre": 21392
          },
          "num-tuples": 1106,
          "runtime": { "start": 1898074854, "end": 1898075454},
          "source-locator": "/root/compiler/tests/corpus/BENCHMARK_FAMILY/ancestor_nonancestor.dl [22:1-22:45]"
         }
        }
       },
       "runtime": { "start": 1898074840, "end": 1898075465}
      },
      "21": {
       "copytime": { "start": 1898076108, "end": 1898076190},
       "maxRSS": {
        "post": 21392,
        "pre": 21392
       },
       "num-tuples": 521,
       "recursive-rule": {
        "ancestor(x,y) :- \n   parent(x,z),\n   ancestor(z,y).": {
         "0": {
          "maxRSS": {
           "post": 21392,
           "pre": 21392
          },
          "num-tuples": 521,
          "runtime": { "start": 1898075678, "end": 1898076076},
          "source-locator": "/root/compiler/tests/corpus/BENCHMARK_FAMILY/ancestor_nonancestor.dl [22:1-22:45]"
         }
        }
       },
       "runtime": { "start": 1898075666, "end": 1898076086}
      },
      "22": {
       "copytime": { "start": 1898076498, "end": 1898076535},
       "maxRSS": {
        "post": 21392,
        "pre": 21392
       },
       "num-tuples": 232,
       "recursive-rule": {
        "ancestor(x,y) :- \n   parent(x,z),\n   ancestor(z,y).": {
         "0": {
          "maxRSS": {
           "post": 21392,
           "pre": 21392
          },
          "num-tuples": 232,
          "runtime": { "start": 1898076204, "end": 1898076468},
          "source-locator": "/root/compiler/tests/corpus/BENCHMARK_FAMILY/ancestor_nonancestor.dl [22:1-22:45]"
         }
        }
       },
       "runtime": { "start": 1898076194, "end": 1898076478}
      },
      "23": {
       "copytime": { "start": 1898076724, "end": 1898076739},
       "maxRSS": {
        "post": 21392,
        "pre": 21392
       },
       "num-tuples": 89,
       "recursive-rule": {
        "ancestor(x,y) :- \n   parent(x,z),\n   ancestor(z,y).": {
         "0": {
          "maxRSS": {
           "post": 21392,
           "pre": 21392
          },
          "num-tuples": 89,
          "runtime": { "start": 1898076548, "end": 1898076693},
          "source-locator": "/root/compiler/tests/corpus/BENCHMARK_FAMILY/ancestor_nonancestor.dl [22:1-22:45]"
         }
        }
       },
       "runtime": { "start": 1898076539, "end": 1898076702}
      },
      "24": {
       "copytime": { "start": 1898076879, "end": 1898076886},
       "maxRSS": {
        "post": 21392,
        "pre": 21392
       },
       "num-tuples": 30,
       "recursive-rule": {
        "ancestor(x,y) :- \n   parent(x,z),\n   ancestor(z,y).": {
         "0": {
          "maxRSS": {
           "post": 21392,
           "pre": 21392
          },
          "num-tuples": 30,
          "runtime": { "start": 1898076752, "end": 1898076850},
          "source-locator": "/root/compiler/tests/corpus/BENCHMARK_FAMILY/ancestor_nonancestor.dl [22:1-22:45]"
         }
        }
       },
       "runtime": { "start": 1898076743, "end": 1898076859}
      },
      "25": {
       "copytime": { "start": 1898077002, "end": 1898077004},
       "maxRSS": {
        "post": 21392,
        "pre": 21392
       },
       "num-tuples": 4,
       "recursive-rule": {
        "ancestor(x,y) :- \n   parent(x,z),\n   ancestor(z,y).": {
         "0": {
          "maxRSS": {
           "post": 21392,
           "pre": 21392
          },
          "num-tuples": 4,
          "runtime": { "start": 1898076899, "end": 1898076973},
          "source-locator": "/root/compiler/tests/corpus/BENCHMARK_FAMILY/ancestor_nonancestor.dl [22:1-22:45]"
         }
        }
       },
       "runtime": { "start": 1898076890, "end": 1898076982}
      },
      "26": {
       "maxRSS": {
        "post": 21392,
        "pre": 21392
       },
       "num-tuples": 0,
       "recursive-rule": {
        "ancestor(x,y) :- \n   parent(x,z),\n   ancestor(z,y).": {
         "0": {
          "maxRSS": {
           "post": 21392,
           "pre": 21392
          },
          "num-tuples": 0,
          "runtime": { "start": 1898077017, "end": 1898077065},
          "source-locator": "/root/compiler/tests/corpus/BENCHMARK_FAMILY/ancestor_nonancestor.dl [22:1-22:45]"
         }
        }
       },
       "runtime": { "start": 1898077008, "end": 1898077073}
      },
      "3": {
       "copytime": { "start": 1897981478, "end": 1897983147},
       "maxRSS": {
        "post": 13712,
        "pre": 13584
       },
       "num-tuples": 16572,
       "recursive-rule": {
        "ancestor(x,y) :- \n   parent(x,z),\n   ancestor(z,y).": {
         "0": {
          "maxRSS": {
           "post": 13712,
           "pre": 13584
          },
          "num-tuples": 16572,
          "runtime": { "start": 1897977728, "end": 1897981426},
          "source-locator": "/root/compiler/tests/corpus/BENCHMARK_FAMILY/ancestor_nonancestor.dl [22:1-22:45]"
         }
        }
       },
       "runtime": { "start": 1897977711, "end": 1897981447}
      },
      "4": {
       "copytime": { "start": 1897986600, "end": 1897988342},
       "maxRSS": {
        "post": 14224,
        "pre": 14224
       },
       "num-tuples": 15526,
       "recursive-rule": {
        "ancestor(x,y) :- \n   parent(x,z),\n   ancestor(z,y).": {
         "0": {
          "maxRSS": {
           "post": 14224,
           "pre": 14224
          },
          "num-tuples": 15526,
          "runtime": { "start": 1897983173, "end": 1897986538},
          "source-locator": "/root/compiler/tests/corpus/BENCHMARK_FAMILY/ancestor_nonancestor.dl [22:1-22:45]"
         }
        }
       },
       "runtime": { "start": 1897983158, "end": 1897986557}
      },
      "5": {
       "copytime": { "start": 1897991518, "end": 1897993094},
       "maxRSS": {
        "post": 14608,
        "pre": 14608
       },
       "num-tuples": 15481,
       "recursive-rule": {
        "ancestor(x,y) :- \n   parent(x,z),\n   ancestor(z,y).": {
         "0": {
          "maxRSS": {
           "post": 14608,
           "pre": 14608
          },
          "num-tuples": 15481,
          "runtime": { "start": 1897988369, "end": 1897991472},
          "source-locator": "/root/compiler/tests/corpus/BENCHMARK_FAMILY/ancestor_nonancestor.dl [22:1-22:45]"
         }
        }
       },
       "runtime": { "start": 1897988353, "end": 1897991489}
      },
      "6": {
       "copytime": { "start": 1897996478, "end": 1897998327},
       "maxRSS": {
        "post": 15120,
        "pre": 15120
       },
       "num-tuples": 17608,
       "recursive-rule": {
        "ancestor(x,y) :- \n   parent(x,z),\n   ancestor(z,y).": {
         "0": {
          "maxRSS": {
           "post": 15120,
           "pre": 15120
          },
          "num-tuples": 17608,
          "runtime": { "start": 1897993123, "end": 1897996446},
          "source-locator": "/root/compiler/tests/corpus/BENCHMARK_FAMILY/ancestor_nonancestor.dl [22:1-22:45]"
         }
        }
       },
       "runtime": { "start": 1897993104, "end": 1897996465}
      },
      "7": {
       "copytime": { "start": 1898002034, "end": 1898004181},
       "maxRSS": {
        "post": 15760,
        "pre": 15632
       },
       "num-tuples": 20875,
       "recursive-rule": {
        "ancestor(x,y) :- \n   parent(x,z),\n   ancestor(z,y).": {
         "0": {
          "maxRSS": {
           "post": 15760,
           "pre": 15632
          },
          "num-tuples": 20875,
          "runtime": { "start": 1897998357, "end": 1898001982},
          "source-locator": "/root/compiler/tests/corpus/BENCHMARK_FAMILY/ancestor_nonancestor.dl [22:1-22:45]"
         }
        }
       },
       "runtime": { "start": 1897998339, "end": 1898002002}
      },
      "8": {
       "copytime": { "start": 1898008335, "end": 1898010773},
       "maxRSS": {
        "post": 16400,
        "pre": 16272
       },
       "num-tuples": 24293,
       "recursive-rule": {
        "ancestor(x,y) :- \n   parent(x,z),\n   ancestor(z,y).": {
         "0": {
          "maxRSS": {
           "post": 16400,
           "pre": 16272
          },
          "num-tuples": 24293,
          "runtime": { "start": 1898004194, "end": 1898008286},
          "source-locator": "/root/compiler/tests/corpus/BENCHMARK_FAMILY/ancestor_nonancestor.dl [22:1-22:45]"
         }
        }
       },
       "runtime": { "start": 1898004192, "end": 1898008303}
      },
      "9": {
       "copytime": { "start": 1898015658, "end": 1898018477},
       "maxRSS": {
        "post": 17168,
        "pre": 17040
       },
       "num-tuples": 26753,
       "recursive-rule": {
        "ancestor(x,y) :- \n   parent(x,z),\n   ancestor(z,y).": {
         "0": {
          "maxRSS": {
           "post": 17168,
           "pre": 17040
          },
          "num-tuples": 26753,
          "runtime": { "start": 1898010808, "end": 1898015606},
          "source-locator": "/root/compiler/tests/corpus/BENCHMARK_FAMILY/ancestor_nonancestor.dl [22:1-22:45]"
         }
        }
       },
       "runtime": { "start": 1898010786, "end": 1898015623}
      }
     },
     "maxRSS": {
      "post": 12304,
      "pre": 12176
     },
     "non-recursive-rule": {
      "ancestor(x,y) :- \n   parent(x,y).": {
       "atom-frequency": {
        "ancestor(x,y) :- \n   parent(x,y).": {
         "parent": {
          "level": 0,
          "num-tuples": 0
         }
        }
       },
       "maxRSS": {
        "post": 12304,
        "pre": 12176
       },
       "num-tuples": 2000,
       "runtime": { "start": 1897969332, "end": 1897969450},
       "source-locator": "/root/compiler/tests/corpus/BENCHMARK_FAMILY/ancestor_nonancestor.dl [21:1-21:30]"
      }
     },
     "num-tuples": 2000,
     "reads": 1491487,
     "runtime": { "start": 1897969315, "end": 1897969460},
     "source-locator": "/root/compiler/tests/corpus/BENCHMARK_FAMILY/ancestor_nonancestor.dl [20:7-20:15]"
    },
    "nonancestor": {
     "maxRSS": {
      "post": 34704,
      "pre": 21392
     },
     "non-recursive-rule": {
      "nonancestor(x,y) :- \n   person(x),\n   person(y),\n   !ancestor(x,y).": {
       "atom-frequency": {
        "nonancestor(x,y) :- \n   person(x),\n   person(y),\n   !ancestor(x,y).": {
         "person": {
          "level": 0,
          "num-tuples": 0
         }
        }
       },
       "maxRSS": {
        "post": 34704,
        "pre": 21392
       },
       "num-tuples": 679595,
       "runtime": { "start": 1898077101, "end": 1898161719},
       "source-locator": "/root/compiler/tests/corpus/BENCHMARK_FAMILY/ancestor_nonancestor.dl [25:1-25:58]"
      }
     },
     "num-tuples": 679595,
     "reads": 0,
     "runtime": { "start": 1898077100, "end": 1898162101},
     "source-locator": "/root/compiler/tests/corpus/BENCHMARK_FAMILY/ancestor_nonancestor.dl [24:7-24:18]"
    },
    "parent": {
     "loadtime": { "start": 1897967958, "end": 1897968879},
     "num-tuples": 2000,
     "reads": 0,
     "source-locator": "/root/compiler/tests/corpus/BENCHMARK_FAMILY/ancestor_nonancestor.dl [15:7-15:13]"
    },
    "person": {
     "loadtime": { "start": 1897968896, "end": 1897969304},
     "num-tuples": 1000,
     "reads": 0,
     "source-locator": "/root/compiler/tests/corpus/BENCHMARK_FAMILY/ancestor_nonancestor.dl [17:7-17:13]"
    },
    "q_nonancestor": {
     "maxRSS": {
      "post": 34704,
      "pre": 34704
     },
     "non-recursive-rule": {
      "q_nonancestor(y) :- \n   nonancestor(1,y).": {
       "atom-frequency": {
        "q_nonancestor(y) :- \n   nonancestor(1,y).": {
         "nonancestor": {
          "level": 0,
          "num-tuples": 0
         }
        }
       },
       "maxRSS": {
        "post": 34704,
        "pre": 34704
       },
       "num-tuples": 950,
       "runtime": { "start": 1898163026, "end": 1898163063},
       "source-locator": "/root/compiler/tests/corpus/BENCHMARK_FAMILY/ancestor_nonancestor.dl [29:1-29:38]"
      }
     },
     "num-tuples": 950,
     "reads": 0,
     "runtime": { "start": 1898162990, "end": 1898163075},
     "savetime": { "start": 1898163080, "end": 1898163255},
     "source-locator": "/root/compiler/tests/corpus/BENCHMARK_FAMILY/ancestor_nonancestor.dl [27:7-27:20]"
    }
   },
   "runtime": { "start": 1897967953, "end": 1898164235},
   "starttime": { "time": 1897967924},
   "usage": {
    "timepoint": {
     "1897967941": {
      "maxRSS": 11604,
      "systemtime": 2256,
      "usertime": 0
     },
     "1897968928": {
      "maxRSS": 12176,
      "systemtime": 3795,
      "usertime": 734
     },
     "1897969349": {
      "maxRSS": 12304,
      "systemtime": 3795,
      "usertime": 984
     },
     "1897969578": {
      "maxRSS": 12432,
      "systemtime": 3795,
      "usertime": 1235
     },
     "1897970646": {
      "maxRSS": 12560,
      "systemtime": 3795,
      "usertime": 2294
     },
     "1897971116": {
      "maxRSS": 12688,
      "systemtime": 3795,
      "usertime": 2814
     },
     "1897972220": {
      "maxRSS": 12688,
      "systemtime": 3795,
      "usertime": 3766
     },
     "1897972841": {
      "maxRSS": 12816,
      "systemtime": 3795,
      "usertime": 4615
     },
     "1897973624": {
      "maxRSS": 13072,
      "systemtime": 3795,
      "usertime": 5406
     },
     "1897974709": {
      "maxRSS": 13072,
      "systemtime": 3795,
      "usertime": 5424
     },
     "1897975787": {
      "maxRSS": 13200,
      "systemtime": 3795,
      "usertime": 5442
     },
     "1897976418": {
      "maxRSS": 13200,
      "systemtime": 3795,
      "usertime": 8259
     },
     "1897977503": {
      "maxRSS": 13584,
      "systemtime": 3795,
      "usertime": 8275
     },
     "1897977741": {
      "maxRSS": 13584,
      "systemtime": 3795,
      "usertime": 9605
     },
     "1897978830": {
      "maxRSS": 13584,
      "systemtime": 3795,
      "usertime": 9629
     },
     "1897979921": {
      "maxRSS": 13584,
      "systemtime": 3795,
      "usertime": 9654
     },
     "1897981052": {
      "maxRSS": 13712,
      "systemtime": 3795,
      "usertime": 11978
     },
     "1897981476": {
      "maxRSS": 13712,
      "systemtime": 3795,
      "usertime": 13442
     },
     "1897982559": {
      "maxRSS": 14096,
      "systemtime": 3795,
      "usertime": 13465
     },
     "1897983179": {
      "maxRSS": 14224,
      "systemtime": 3795,
      "usertime": 15173
     },
     "1897984254": {
      "maxRSS": 14224,
      "systemtime": 3795,
      "usertime": 16020
     },
     "1897985330": {
      "maxRSS": 14224,
      "systemtime": 3795,
      "usertime": 16032
     },
     "1897986422": {
      "maxRSS": 14224,
      "systemtime": 3795,
      "usertime": 16053
     },
     "1897986608": {
      "maxRSS": 14224,
      "systemtime": 3795,
      "usertime": 18673
     },
     "1897987689": {
      "maxRSS": 14480,
      "systemtime": 3795,
      "usertime": 18691
     },
     "1897988380": {
      "maxRSS": 14608,
      "systemtime": 3795,
      "usertime": 20476
     },
     "1897989469": {
      "maxRSS": 14608,
      "systemtime": 3795,
      "usertime": 20499
     },
     "1897990540": {
      "maxRSS": 14608,
      "systemtime": 3795,
      "usertime": 20511
     },
     "1897991517": {
      "maxRSS": 14608,
      "systemtime": 3922,
      "usertime": 23534
     },
     "1897992620": {
      "maxRSS": 14992,
      "systemtime": 3923,
      "usertime": 24038
     },
     "1897993143": {
      "maxRSS": 15120,
      "systemtime": 3923,
      "usertime": 25174
     },
     "1897994220": {
      "maxRSS": 15120,
      "systemtime": 3923,
      "usertime": 25189
     },
     "1897995308": {
      "maxRSS": 15120,
      "systemtime": 3923,
      "usertime": 25209
     },
     "1897996452": {
      "maxRSS": 15120,
      "systemtime": 3923,
      "usertime": 28562
     },
     "1897996542": {
      "maxRSS": 15120,
      "systemtime": 3923,
      "usertime": 28649
     },
     "1897997618": {
      "maxRSS": 15376,
      "systemtime": 3923,
      "usertime": 28664
     },
     "1897998368": {
      "maxRSS": 15632,
      "systemtime": 3923,
      "usertime": 30556
     },
     "1897999451": {
      "maxRSS": 15632,
      "systemtime": 3923,
      "usertime": 30572
     },
     "1898000558": {
      "maxRSS": 15632,
      "systemtime": 3923,
      "usertime": 32248
     },
     "1898001635": {
      "maxRSS": 15632,
      "systemtime": 3923,
      "usertime": 32263
     },
     "1898002033": {
      "maxRSS": 15760,
      "systemtime": 3923,
      "usertime": 34291
     },
     "1898003111": {
      "maxRSS": 16016,
      "systemtime": 3923,
      "usertime": 34315
     },
     "1898004189": {
      "maxRSS": 16272,
      "systemtime": 3923,
      "usertime": 36464
     },
     "1898005258": {
      "maxRSS": 16272,
      "systemtime": 3923,
      "usertime": 36495
     },
     "1898006323": {
      "maxRSS": 16272,
      "systemtime": 3923,
      "usertime": 36503
     },
     "1898007393": {
      "maxRSS": 16272,
      "systemtime": 3923,
      "usertime": 36516
     },
     "1898008334": {
      "maxRSS": 16400,
      "systemtime": 3923,
      "usertime": 40658
     },
     "1898009400": {
      "maxRSS": 16784,
      "systemtime": 3923,
      "usertime": 40676
     },
     "1898010466": {
      "maxRSS": 17040,
      "systemtime": 3923,
      "usertime": 40684
     },
     "1898010819": {
      "maxRSS": 17040,
      "systemtime": 3924,
      "usertime": 43167
     },
     "1898011905": {
      "maxRSS": 17040,
      "systemtime": 3925,
      "usertime": 43183
     },
     "1898012982": {
      "maxRSS": 17040,
      "systemtime": 3925,
      "usertime": 44405
     },
     "1898014049": {
      "maxRSS": 17040,
      "systemtime": 3925,
      "usertime": 44415
     },
     "1898015115": {
      "maxRSS": 17168,
      "systemtime": 3925,
      "usertime": 44423
     },
     "1898015653": {
      "maxRSS": 17168,
      "systemtime": 3999,
      "usertime": 47993
     },
     "1898015674": {
      "maxRSS": 17168,
      "systemtime": 4000,
      "usertime": 48008
     },
     "1898016746": {
      "maxRSS": 17552,
      "systemtime": 4000,
      "usertime": 48368
     },
     "1898017815": {
      "maxRSS": 17808,
      "systemtime": 4000,
      "usertime": 48379
     },
     "1898018507": {
      "maxRSS": 17936,
      "systemtime": 4000,
      "usertime": 50878
     },
     "1898019572": {
      "maxRSS": 17936,
      "systemtime": 4000,
      "usertime": 50885
     },
     "1898020646": {
      "maxRSS": 17936,
      "systemtime": 4000,
      "usertime": 52396
     },
     "1898021715": {
      "maxRSS": 17936,
      "systemtime": 4000,
      "usertime": 52407
     },
     "1898022786": {
      "maxRSS": 17936,
      "systemtime": 4000,
      "usertime": 52420
     },
     "1898023705": {
      "maxRSS": 18064,
      "systemtime": 4008,
      "usertime": 56125
     },
     "1898023726": {
      "maxRSS": 18064,
      "systemtime": 4010,
      "usertime": 56140
     },
     "1898024833": {
      "maxRSS": 18320,
      "systemtime": 4010,
      "usertime": 56462
     },
     "1898025940": {
      "maxRSS": 18576,
      "systemtime": 4010,
      "usertime": 56475
     },
     "1898026858": {
      "maxRSS": 18704,
      "systemtime": 4010,
      "usertime": 59301
     },
     "1898027970": {
      "maxRSS": 18704,
      "systemtime": 4010,
      "usertime": 59321
     },
     "1898029066": {
      "maxRSS": 18704,
      "systemtime": 4010,
      "usertime": 60521
     },
     "1898030195": {
      "maxRSS": 18704,
      "systemtime": 4010,
      "usertime": 60558
     },
     "1898031265": {
      "maxRSS": 18704,
      "systemtime": 4010,
      "usertime": 60570
     },
     "1898032180": {
      "maxRSS": 18704,
      "systemtime": 4010,
      "usertime": 64751
     },
     "1898033284": {
      "maxRSS": 18960,
      "systemtime": 4010,
      "usertime": 64773
     },
     "1898034382": {
      "maxRSS": 19216,
      "systemtime": 4010,
      "usertime": 64780
     },
     "1898035459": {
      "maxRSS": 19472,
      "systemtime": 4010,
      "usertime": 68062
     },
     "1898035500": {
      "maxRSS": 19472,
      "systemtime": 4010,
      "usertime": 68112
     },
     "1898036624": {
      "maxRSS": 19472,
      "systemtime": 4010,
      "usertime": 68641
     },
     "1898037748": {
      "maxRSS": 19472,
      "systemtime": 4010,
      "usertime": 68667
     },
     "1898038850": {
      "maxRSS": 19472,
      "systemtime": 4010,
      "usertime": 68677
     },
     "1898039953": {
      "maxRSS": 19472,
      "systemtime": 4010,
      "usertime": 68687
     },
     "1898040729": {
      "maxRSS": 19472,
      "systemtime": 4010,
      "usertime": 73420
     },
     "1898041817": {
      "maxRSS": 19728,
      "systemtime": 4010,
      "usertime": 73449
     },
     "1898042912": {
      "maxRSS": 19984,
      "systemtime": 4010,
      "usertime": 73470
     },
     "1898043843": {
      "maxRSS": 20112,
      "systemtime": 4030,
      "usertime": 76587
     },
     "1898044956": {
      "maxRSS": 20112,
      "systemtime": 4030,
      "usertime": 76781
     },
     "1898046060": {
      "maxRSS": 20112,
      "systemtime": 4030,
      "usertime": 76792
     },
     "1898047161": {
      "maxRSS": 20112,
      "systemtime": 4030,
      "usertime": 76802
     },
     "1898048235": {
      "maxRSS": 20112,
      "systemtime": 4030,
      "usertime": 80817
     },
     "1898048560": {
      "maxRSS": 20112,
      "systemtime": 4030,
      "usertime": 81390
     },
     "1898049674": {
      "maxRSS": 20240,
      "systemtime": 4030,
      "usertime": 81420
     },
     "1898050739": {
      "maxRSS": 20496,
      "systemtime": 4030,
      "usertime": 81428
     },
     "1898051260": {
      "maxRSS": 20624,
      "systemtime": 4030,
      "usertime": 84133
     },
     "1898052331": {
      "maxRSS": 20624,
      "systemtime": 4030,
      "usertime": 84888
     },
     "1898053397": {
      "maxRSS": 20624,
      "systemtime": 4030,
      "usertime": 84897
     },
     "1898054472": {
      "maxRSS": 20624,
      "systemtime": 4030,
      "usertime": 84913
     },
     "1898055471": {
      "maxRSS": 20624,
      "systemtime": 4030,
      "usertime": 88386
     },
     "1898056548": {
      "maxRSS": 20752,
      "systemtime": 4030,
      "usertime": 88942
     },
     "1898057625": {
      "maxRSS": 20880,
      "systemtime": 4030,
      "usertime": 88958
     },
     "1898057849": {
      "maxRSS": 20880,
      "systemtime": 4030,
      "usertime": 90805
     },
     "1898058914": {
      "maxRSS": 20880,
      "systemtime": 4030,
      "usertime": 90812
     },
     "1898059983": {
      "maxRSS": 20880,
      "systemtime": 4030,
      "usertime": 90824
     },
     "1898061054": {
      "maxRSS": 20880,
      "systemtime": 4030,
      "usertime": 92993
     },
     "1898061237": {
      "maxRSS": 20880,
      "systemtime": 4030,
      "usertime": 94230
     },
     "1898061243": {
      "maxRSS": 20880,
      "systemtime": 4030,
      "usertime": 94244
     },
     "1898062352": {
      "maxRSS": 21008,
      "systemtime": 4030,
      "usertime": 94265
     },
     "1898063444": {
      "maxRSS": 21136,
      "systemtime": 4030,
      "usertime": 96436
     },
     "1898064573": {
      "maxRSS": 21136,
      "systemtime": 4030,
      "usertime": 97081
     },
     "1898065653": {
      "maxRSS": 21136,
      "systemtime": 4030,
      "usertime": 97099
     },
     "1898066386": {
      "maxRSS": 21136,
      "systemtime": 4030,
      "usertime": 99489
     },
     "1898067460": {
      "maxRSS": 21264,
      "systemtime": 4030,
      "usertime": 99503
     },
     "1898067966": {
      "maxRSS": 21264,
      "systemtime": 4043,
      "usertime": 101085
     },
     "1898069042": {
      "maxRSS": 21264,
      "systemtime": 4043,
      "usertime": 101138
     },
     "1898070139": {
      "maxRSS": 21264,
      "systemtime": 4043,
      "usertime": 103297
     },
     "1898070171": {
      "maxRSS": 21264,
      "systemtime": 4043,
      "usertime": 103346
     },
     "1898071218": {
      "maxRSS": 21392,
      "systemtime": 4043,
      "usertime": 104397
     },
     "1898072299": {
      "maxRSS": 21392,
      "systemtime": 4043,
      "usertime": 105217
     },
     "1898072831": {
      "maxRSS": 21392,
      "systemtime": 4043,
      "usertime": 106057
     },
     "1898073485": {
      "maxRSS": 21392,
      "systemtime": 4043,
      "usertime": 106726
     },
     "1898074531": {
      "maxRSS": 21392,
      "systemtime": 4043,
      "usertime": 107778
     },
     "1898074860": {
      "maxRSS": 21392,
      "systemtime": 4043,
      "usertime": 108122
     },
     "1898075489": {
      "maxRSS": 21392,
      "systemtime": 4043,
      "usertime": 108760
     },
     "1898075683": {
      "maxRSS": 21392,
      "systemtime": 4043,
      "usertime": 108960
     },
     "1898076109": {
      "maxRSS": 21392,
      "systemtime": 4043,
      "usertime": 109397
     },
     "1898076213": {
      "maxRSS": 21392,
      "systemtime": 4043,
      "usertime": 109505
     },
     "1898076498": {
      "maxRSS": 21392,
      "systemtime": 4043,
      "usertime": 109803
     },
     "1898076553": {
      "maxRSS": 21392,
      "systemtime": 4043,
      "usertime": 109873
     },
     "1898076723": {
      "maxRSS": 21392,
      "systemtime": 4043,
      "usertime": 110049
     },
     "1898076757": {
      "maxRSS": 21392,
      "systemtime": 4043,
      "usertime": 110091
     },
     "1898076879": {
      "maxRSS": 21392,
      "systemtime": 4043,
      "usertime": 110219
     },
     "1898076904": {
      "maxRSS": 21392,
      "systemtime": 4043,
      "usertime": 110252
     },
     "1898077001": {
      "maxRSS": 21392,
      "systemtime": 4043,
      "usertime": 110356
     },
     "1898077022": {
      "maxRSS": 21392,
      "systemtime": 4043,
      "usertime": 110385
     },
     "1898077132": {
      "maxRSS": 21392,
      "systemtime": 4043,
      "usertime": 110493
     },
     "1898078218": {
      "maxRSS": 21520,
      "systemtime": 4043,
      "usertime": 110512
     },
     "1898079313": {
      "maxRSS": 21648,
      "systemtime": 4043,
      "usertime": 110537
     },
     "1898080415": {
      "maxRSS": 21776,
      "systemtime": 4043,
      "usertime": 113478
     },
     "1898081531": {
      "maxRSS": 22032,
      "systemtime": 4043,
      "usertime": 113499
     },
     "1898082656": {
      "maxRSS": 22288,
      "systemtime": 4043,
      "usertime": 113523
     },
     "1898083804": {
      "maxRSS": 22416,
      "systemtime": 4043,
      "usertime": 113542
     },
     "1898084889": {
      "maxRSS": 22544,
      "systemtime": 7845,
      "usertime": 113753
     },
     "1898085963": {
      "maxRSS": 22800,
      "systemtime": 7846,
      "usertime": 113767
     },
     "1898087048": {
      "maxRSS": 22928,
      "systemtime": 7847,
      "usertime": 113784
     },
     "1898088176": {
      "maxRSS": 23056,
      "systemtime": 11780,
      "usertime": 113882
     },
     "1898089263": {
      "maxRSS": 23312,
      "systemtime": 11782,
      "usertime": 113898
     },
     "1898090371": {
      "maxRSS": 23440,
      "systemtime": 11784,
      "usertime": 113914
     },
     "1898091445": {
      "maxRSS": 23696,
      "systemtime": 11785,
      "usertime": 113926
     },
     "1898092560": {
      "maxRSS": 23824,
      "systemtime": 11791,
      "usertime": 117918
     },
     "1898093639": {
      "maxRSS": 23952,
      "systemtime": 11793,
      "usertime": 117933
     },
     "1898094713": {
      "maxRSS": 24080,
      "systemtime": 11794,
      "usertime": 117944
     },
     "1898095795": {
      "maxRSS": 24336,
      "systemtime": 11796,
      "usertime": 117962
     },
     "1898096890": {
      "maxRSS": 24464,
      "systemtime": 11808,
      "usertime": 122021
     },
     "1898098000": {
      "maxRSS": 24592,
      "systemtime": 11809,
      "usertime": 122031
     },
     "1898099067": {
      "maxRSS": 24720,
      "systemtime": 11810,
      "usertime": 122039
     },
     "1898100141": {
      "maxRSS": 24976,
      "systemtime": 11812,
      "usertime": 126003
     },
     "1898101242": {
      "maxRSS": 25104,
      "systemtime": 11813,
      "usertime": 126013
     },
     "1898102310": {
      "maxRSS": 25360,
      "systemtime": 11814,
      "usertime": 126022
     },
     "1898103420": {
      "maxRSS": 25488,
      "systemtime": 11816,
      "usertime": 126041
     },
     "1898104546": {
      "maxRSS": 25616,
      "systemtime": 11823,
      "usertime": 130056
     },
     "1898105619": {
      "maxRSS": 25744,
      "systemtime": 11824,
      "usertime": 130069
     },
     "1898106687": {
      "maxRSS": 25872,
      "systemtime": 11825,
      "usertime": 130077
     },
     "1898107756": {
      "maxRSS": 26128,
      "systemtime": 11826,
      "usertime": 130087
     },
     "1898108837": {
      "maxRSS": 26256,
      "systemtime": 11831,
      "usertime": 134092
     },
     "1898109911": {
      "maxRSS": 26384,
      "systemtime": 11833,
      "usertime": 134108
     },
     "1898110979": {
      "maxRSS": 26512,
      "systemtime": 11833,
      "usertime": 134117
     },
     "1898112063": {
      "maxRSS": 26640,
      "systemtime": 11839,
      "usertime": 138128
     },
     "1898113175": {
      "maxRSS": 26896,
      "systemtime": 11841,
      "usertime": 138146
     },
     "1898114247": {
      "maxRSS": 27024,
      "systemtime": 11842,
      "usertime": 138157
     },
     "1898115318": {
      "maxRSS": 27152,
      "systemtime": 11842,
      "usertime": 138167
     },
     "1898116387": {
      "maxRSS": 27408,
      "systemtime": 11847,
      "usertime": 142175
     },
     "1898117462": {
      "maxRSS": 27536,
      "systemtime": 11849,
      "usertime": 142189
     },
     "1898118546": {
      "maxRSS": 27664,
      "systemtime": 11851,
      "usertime": 142213
     },
     "1898119623": {
      "maxRSS": 27792,
      "systemtime": 11852,
      "usertime": 142226
     },
     "1898120744": {
      "maxRSS": 28048,
      "systemtime": 11857,
      "usertime": 146240
     },
     "1898121814": {
      "maxRSS": 28176,
      "systemtime": 11858,
      "usertime": 146250
     },
     "1898122880": {
      "maxRSS": 28432,
      "systemtime": 11858,
      "usertime": 146258
     },
     "1898123955": {
      "maxRSS": 28560,
      "systemtime": 11859,
      "usertime": 146272
     },
     "1898125026": {
      "maxRSS": 28688,
      "systemtime": 11864,
      "usertime": 150279
     },
     "1898126096": {
      "maxRSS": 28944,
      "systemtime": 11865,
      "usertime": 150290
     },
     "1898127168": {
      "maxRSS": 29072,
      "systemtime": 11865,
      "usertime": 150300
     },
     "1898128244": {
      "maxRSS": 29200,
      "systemtime": 11870,
      "usertime": 154310
     },
     "1898129315": {
      "maxRSS": 29328,
      "systemtime": 11870,
      "usertime": 154322
     },
     "1898130401": {
      "maxRSS": 29712,
      "systemtime": 11872,
      "usertime": 154340
     },
     "1898131481": {
      "maxRSS": 29840,
      "systemtime": 11873,
      "usertime": 154358
     },
     "1898132602": {
      "maxRSS": 29968,
      "systemtime": 11878,
      "usertime": 158380
     },
     "1898133703": {
      "maxRSS": 30224,
      "systemtime": 11879,
      "usertime": 158389
     },
     "1898134806": {
      "maxRSS": 30352,
      "systemtime": 11879,
      "usertime": 158398
     },
     "1898135916": {
      "maxRSS": 30480,
      "systemtime": 11881,
      "usertime": 158414
     },
     "1898137018": {
      "maxRSS": 30736,
      "systemtime": 11886,
      "usertime": 162443
     },
     "1898138209": {
      "maxRSS": 30864,
      "systemtime": 11887,
      "usertime": 162462
     },
     "1898139393": {
      "maxRSS": 31120,
      "systemtime": 11890,
      "usertime": 162498
     },
     "1898140530": {
      "maxRSS": 31248,
      "systemtime": 11894,
      "usertime": 166519
     },
     "1898141606": {
      "maxRSS": 31504,
      "systemtime": 11895,
      "usertime": 166531
     },
     "1898142721": {
      "maxRSS": 31632,
      "systemtime": 11896,
      "usertime": 166554
     },
     "1898143795": {
      "maxRSS": 31888,
      "systemtime": 11897,
      "usertime": 166567
     },
     "1898144899": {
      "maxRSS": 32016,
      "systemtime": 15871,
      "usertime": 166646
     },
     "1898145980": {
      "maxRSS": 32144,
      "systemtime": 15872,
      "usertime": 166662
     },
     "1898147095": {
      "maxRSS": 32272,
      "systemtime": 15874,
      "usertime": 166678
     },
     "1898148166": {
      "maxRSS": 32528,
      "systemtime": 15882,
      "usertime": 170733
     },
     "1898149233": {
      "maxRSS": 32656,
      "systemtime": 15882,
      "usertime": 170741
     },
     "1898150334": {
      "maxRSS": 32912,
      "systemtime": 15883,
      "usertime": 170751
     },
     "1898151419": {
      "maxRSS": 33040,
      "systemtime": 15886,
      "usertime": 170775
     },
     "1898152489": {
      "maxRSS": 33168,
      "systemtime": 15886,
      "usertime": 174727
     },
     "1898153562": {
      "maxRSS": 33424,
      "systemtime": 15886,
      "usertime": 174741
     },
     "1898154673": {
      "maxRSS": 33552,
      "systemtime": 15887,
      "usertime": 174762
     },
     "1898155772": {
      "maxRSS": 33680,
      "systemtime": 15889,
      "usertime": 174787
     },
     "1898156852": {
      "maxRSS": 33936,
      "systemtime": 15893,
      "usertime": 178805
     },
     "1898157948": {
      "maxRSS": 34064,
      "systemtime": 15896,
      "usertime": 178835
     },
     "1898159019": {
      "maxRSS": 34320,
      "systemtime": 15897,
      "usertime": 178846
     },
     "1898160088": {
      "maxRSS": 34448,
      "systemtime": 15900,
      "usertime": 182854
     },
     "1898161194": {
      "maxRSS": 34576,
      "systemtime": 15901,
      "usertime": 182866
     },
     "1898162275": {
      "maxRSS": 34704,
      "systemtime": 16041,
      "usertime": 184478
     },
     "1898163028": {
      "maxRSS": 34704,
      "systemtime": 16145,
      "usertime": 185674
     },
     "1898163094": {
      "maxRSS": 34704,
      "systemtime": 16152,
      "usertime": 185748
     },
     "1898164163": {
      "maxRSS": 34704,
      "systemtime": 16166,
      "usertime": 186670
     }
    }
   }
  }
 }
}
