{
 "root": {
  "program": {
   "configuration": {
    "": "/root/compiler/tests/corpus/BENCHMARK_FAMILY/same_generation_negation.dl",
    "fact-dir": "/root/compiler/fixtures/benchmark-family/same_generation_negation/d4_b4",
    "include-dir": ".",
    "jobs": "1",
    "libraries": "functors",
    "library-dir": ".",
    "magic-transform": "*",
    "output-dir": "/root/compiler/measurements/m3-5-headline-m4/family/same_generation_negation/d4_b4/souffle",
    "profile": "prof.log",
    "relationCount": "4",
    "ruleCount": "7",
    "version": "2.5",
    "warn": "all",
    "wno": "none"
   },
   "relation": {
    "@magic.notsg.{bf}": {
     "maxRSS": {
      "post": 11848,
      "pre": 11720
     },
     "non-recursive-rule": {
      "@magic.notsg.{bf}(0).": {
       "maxRSS": {
        "post": 11848,
        "pre": 11720
       },
       "num-tuples": 1,
       "runtime": { "start": 16935173223, "end": 16935173227},
       "source-locator": " [1:1-1:1]"
      }
     },
     "num-tuples": 1,
     "runtime": { "start": 16935173222, "end": 16935173235},
     "source-locator": " [1:1-1:1]"
    },
    "@neglabel.sg": {
     "iteration": {
      "0": {
       "copytime": { "start": 16935175078, "end": 16935175126},
       "maxRSS": {
        "post": 12232,
        "pre": 12232
       },
       "num-tuples": 706,
       "recursive-rule": {
        "@neglabel.sg(x,y) :- \n   parent(x,xp),\n   parent(y,yp),\n   @neglabel.sg(xp,yp),\n   x != y.": {
         "0": {
          "atom-frequency": {
           "@new_@neglabel.sg(x,y) :- \n   parent(x,xp),\n   parent(y,yp),\n   @delta_@neglabel.sg(xp,yp),\n   x != y.": {
            "parent": {
             "level": 0,
             "num-tuples": 0
            }
           }
          },
          "maxRSS": {
           "post": 12232,
           "pre": 12232
          },
          "num-tuples": 706,
          "runtime": { "start": 16935173436, "end": 16935175046},
          "source-locator": " [1:1-1:1]"
         }
        }
       },
       "runtime": { "start": 16935173426, "end": 16935175055}
      },
      "1": {
       "copytime": { "start": 16935176957, "end": 16935177144},
       "maxRSS": {
        "post": 12232,
        "pre": 12232
       },
       "num-tuples": 2564,
       "recursive-rule": {
        "@neglabel.sg(x,y) :- \n   parent(x,xp),\n   parent(y,yp),\n   @neglabel.sg(xp,yp),\n   x != y.": {
         "0": {
          "maxRSS": {
           "post": 12232,
           "pre": 12232
          },
          "num-tuples": 2564,
          "runtime": { "start": 16935175134, "end": 16935176925},
          "source-locator": " [1:1-1:1]"
         }
        }
       },
       "runtime": { "start": 16935175131, "end": 16935176933}
      },
      "2": {
       "copytime": { "start": 16935179570, "end": 16935180183},
       "maxRSS": {
        "post": 12488,
        "pre": 12232
       },
       "num-tuples": 8820,
       "recursive-rule": {
        "@neglabel.sg(x,y) :- \n   parent(x,xp),\n   parent(y,yp),\n   @neglabel.sg(xp,yp),\n   x != y.": {
         "0": {
          "maxRSS": {
           "post": 12488,
           "pre": 12232
          },
          "num-tuples": 8820,
          "runtime": { "start": 16935177159, "end": 16935179538},
          "source-locator": " [1:1-1:1]"
         }
        }
       },
       "runtime": { "start": 16935177149, "end": 16935179547}
      },
      "3": {
       "copytime": { "start": 16935183736, "end": 16935184953},
       "maxRSS": {
        "post": 13000,
        "pre": 12616
       },
       "num-tuples": 18140,
       "recursive-rule": {
        "@neglabel.sg(x,y) :- \n   parent(x,xp),\n   parent(y,yp),\n   @neglabel.sg(xp,yp),\n   x != y.": {
         "0": {
          "maxRSS": {
           "post": 13000,
           "pre": 12616
          },
          "num-tuples": 18140,
          "runtime": { "start": 16935180201, "end": 16935183693},
          "source-locator": " [1:1-1:1]"
         }
        }
       },
       "runtime": { "start": 16935180189, "end": 16935183709}
      },
      "4": {
       "maxRSS": {
        "post": 13384,
        "pre": 13384
       },
       "num-tuples": 0,
       "recursive-rule": {
        "@neglabel.sg(x,y) :- \n   parent(x,xp),\n   parent(y,yp),\n   @neglabel.sg(xp,yp),\n   x != y.": {
         "0": {
          "maxRSS": {
           "post": 13384,
           "pre": 13384
          },
          "num-tuples": 0,
          "runtime": { "start": 16935184963, "end": 16935187184},
          "source-locator": " [1:1-1:1]"
         }
        }
       },
       "runtime": { "start": 16935184962, "end": 16935187198}
      }
     },
     "maxRSS": {
      "post": 12232,
      "pre": 12232
     },
     "non-recursive-rule": {
      "@neglabel.sg(x,x) :- \n   person(x).": {
       "atom-frequency": {
        "@neglabel.sg(x,x) :- \n   person(x).": {
         "person": {
          "level": 0,
          "num-tuples": 0
         }
        }
       },
       "maxRSS": {
        "post": 12232,
        "pre": 12232
       },
       "num-tuples": 226,
       "runtime": { "start": 16935173396, "end": 16935173406},
       "source-locator": " [1:1-1:1]"
      }
     },
     "num-tuples": 226,
     "runtime": { "start": 16935173396, "end": 16935173413},
     "source-locator": "/root/compiler/tests/corpus/BENCHMARK_FAMILY/same_generation_negation.dl [26:7-26:9]"
    },
    "notsg.{bf}": {
     "maxRSS": {
      "post": 13384,
      "pre": 13384
     },
     "non-recursive-rule": {
      "notsg.{bf}(x,y) :- \n   @magic.notsg.{bf}(x),\n   person(x),\n   person(y),\n   !@neglabel.sg(x,y).": {
       "atom-frequency": {
        "notsg.{bf}(x,y) :- \n   @magic.notsg.{bf}(x),\n   person(x),\n   person(y),\n   !@neglabel.sg(x,y).": {
         "@magic.notsg.{bf}": {
          "level": 0,
          "num-tuples": 0
         },
         "person": {
          "level": 2,
          "num-tuples": 0
         }
        }
       },
       "maxRSS": {
        "post": 13384,
        "pre": 13384
       },
       "num-tuples": 225,
       "runtime": { "start": 16935187264, "end": 16935187282},
       "source-locator": " [1:1-1:1]"
      }
     },
     "num-tuples": 225,
     "reads": 0,
     "runtime": { "start": 16935187246, "end": 16935187290},
     "source-locator": " [1:1-1:1]"
    },
    "parent": {
     "loadtime": { "start": 16935173239, "end": 16935173338},
     "num-tuples": 225,
     "reads": 0,
     "source-locator": "/root/compiler/tests/corpus/BENCHMARK_FAMILY/same_generation_negation.dl [20:7-20:13]"
    },
    "person": {
     "loadtime": { "start": 16935173344, "end": 16935173388},
     "num-tuples": 226,
     "reads": 1,
     "source-locator": "/root/compiler/tests/corpus/BENCHMARK_FAMILY/same_generation_negation.dl [23:7-23:13]"
    },
    "q_notsg": {
     "maxRSS": {
      "post": 13384,
      "pre": 13384
     },
     "non-recursive-rule": {
      "q_notsg(y) :- \n   notsg.{bf}(@abdul0,y),\n   @abdul0 = 0.": {
       "atom-frequency": {
        "q_notsg(y) :- \n   notsg.{bf}(@abdul0,y),\n   @abdul0 = 0.": {
         "notsg.{bf}": {
          "level": 0,
          "num-tuples": 0
         }
        }
       },
       "maxRSS": {
        "post": 13384,
        "pre": 13384
       },
       "num-tuples": 225,
       "runtime": { "start": 16935187425, "end": 16935187444},
       "source-locator": " [1:1-1:1]"
      }
     },
     "num-tuples": 225,
     "reads": 0,
     "runtime": { "start": 16935187412, "end": 16935187453},
     "savetime": { "start": 16935187457, "end": 16935187575},
     "source-locator": "/root/compiler/tests/corpus/BENCHMARK_FAMILY/same_generation_negation.dl [33:7-33:14]"
    }
   },
   "runtime": { "start": 16935173218, "end": 16935187581},
   "starttime": { "time": 16935173191},
   "usage": {
    "timepoint": {
     "16935173227": {
      "maxRSS": 11848,
      "systemtime": 0,
      "usertime": 4052
     },
     "16935173398": {
      "maxRSS": 12232,
      "systemtime": 0,
      "usertime": 4258
     },
     "16935173443": {
      "maxRSS": 12232,
      "systemtime": 0,
      "usertime": 4309
     },
     "16935174542": {
      "maxRSS": 12232,
      "systemtime": 0,
      "usertime": 4316
     },
     "16935175109": {
      "maxRSS": 12232,
      "systemtime": 0,
      "usertime": 5976
     },
     "16935175146": {
      "maxRSS": 12232,
      "systemtime": 0,
      "usertime": 6058
     },
     "16935176222": {
      "maxRSS": 12232,
      "systemtime": 0,
      "usertime": 6940
     },
     "16935176952": {
      "maxRSS": 12232,
      "systemtime": 0,
      "usertime": 7901
     },
     "16935176971": {
      "maxRSS": 12232,
      "systemtime": 0,
      "usertime": 7915
     },
     "16935177164": {
      "maxRSS": 12232,
      "systemtime": 0,
      "usertime": 8125
     },
     "16935178324": {
      "maxRSS": 12360,
      "systemtime": 0,
      "usertime": 8138
     },
     "16935179491": {
      "maxRSS": 12488,
      "systemtime": 0,
      "usertime": 8155
     },
     "16935179615": {
      "maxRSS": 12488,
      "systemtime": 0,
      "usertime": 10581
     },
     "16935180253": {
      "maxRSS": 12616,
      "systemtime": 0,
      "usertime": 11228
     },
     "16935181471": {
      "maxRSS": 12744,
      "systemtime": 0,
      "usertime": 11247
     },
     "16935182641": {
      "maxRSS": 12872,
      "systemtime": 0,
      "usertime": 11265
     },
     "16935183788": {
      "maxRSS": 13000,
      "systemtime": 0,
      "usertime": 14820
     },
     "16935184962": {
      "maxRSS": 13384,
      "systemtime": 0,
      "usertime": 16056
     },
     "16935186107": {
      "maxRSS": 13384,
      "systemtime": 0,
      "usertime": 16087
     },
     "16935187216": {
      "maxRSS": 13384,
      "systemtime": 0,
      "usertime": 18346
     },
     "16935187266": {
      "maxRSS": 13384,
      "systemtime": 0,
      "usertime": 18416
     },
     "16935187430": {
      "maxRSS": 13384,
      "systemtime": 0,
      "usertime": 18583
     },
     "16935187470": {
      "maxRSS": 13384,
      "systemtime": 0,
      "usertime": 18621
     }
    }
   }
  }
 }
}
